make[1]: Entering directory '/home/runner/work/moq-interop-runner/moq-interop-runner/main'
Running tests against https://fb.mvfst.net:9448/moq-relay...
  Client: ghcr.io/englishm/moq-interop-runner-moq-test-client-draft-18:latest
docker run --rm \
	 \
	--network host \
	-e RELAY_URL=https://fb.mvfst.net:9448/moq-relay \
	-e TLS_DISABLE_VERIFY=1 \
	ghcr.io/englishm/moq-interop-runner-moq-test-client-draft-18:latest
TAP version 14
# moq-test-client v0.1.10
# Relay: https://fb.mvfst.net:9448/moq-relay
1..6
[2m2026-08-17T00:41:42.626558Z[0m [32m INFO[0m [2mmoq_native_ietf::quic[0m[2m:[0m UDP socket bound [3mbind[0m[2m=[0m[::]:0 [3mlocal[0m[2m=[0m[::]:47059 [3mdual_stack[0m[2m=[0mtrue
[2m2026-08-17T00:41:42.780432Z[0m [32m INFO[0m [2mmoq_test_client::scenarios[0m[2m:[0m SETUP exchange completed successfully
ok 1 - setup-only
  ---
  duration_ms: 154
  connection_id: 3bf25741f73dc13d70fd2b54f5d6ffb4
  ...
[2m2026-08-17T00:41:42.781196Z[0m [32m INFO[0m [2mmoq_native_ietf::quic[0m[2m:[0m UDP socket bound [3mbind[0m[2m=[0m[::]:0 [3mlocal[0m[2m=[0m[::]:52323 [3mdual_stack[0m[2m=[0mtrue
[2m2026-08-17T00:41:42.793880Z[0m [33m WARN[0m [2mweb_transport_quinn::session[0m[2m:[0m failed to read capsule [3me[0m[2m=[0mUnexpectedEnd
[2m2026-08-17T00:41:42.836896Z[0m [32m INFO[0m [2mmoq_test_client::scenarios[0m[2m:[0m Sending PUBLISH_NAMESPACE for: moq-test/interop
[2m2026-08-17T00:41:44.838185Z[0m [32m INFO[0m [2mmoq_test_client::scenarios[0m[2m:[0m PUBLISH_NAMESPACE succeeded (REQUEST_OK received, waiting for subscribers)
ok 2 - publish-namespace-only
  ---
  duration_ms: 2057
  connection_id: 855c0f60e18b1b13f542edc1c284d52c
  ...
[2m2026-08-17T00:41:44.839328Z[0m [32m INFO[0m [2mmoq_native_ietf::quic[0m[2m:[0m UDP socket bound [3mbind[0m[2m=[0m[::]:0 [3mlocal[0m[2m=[0m[::]:58495 [3mdual_stack[0m[2m=[0mtrue
[2m2026-08-17T00:41:44.851373Z[0m [33m WARN[0m [2mweb_transport_quinn::session[0m[2m:[0m failed to read capsule [3me[0m[2m=[0mUnexpectedEnd
[2m2026-08-17T00:41:44.947535Z[0m [32m INFO[0m [2mmoq_test_client::scenarios[0m[2m:[0m Subscribing to non-existent track: nonexistent/namespace/test-track
[2m2026-08-17T00:41:44.963339Z[0m [33m WARN[0m [2mmoq_transport::serve::error[0m[2m:[0m [54f98b3e-dddc-4dc4-995e-a3d2900c307e] Not found: no such namespace or track at moq-transport/src/session/subscriber.rs:483
[2m2026-08-17T00:41:44.963359Z[0m [33m WARN[0m [2mmoq_transport::session::reader[0m[2m:[0m [READER] decode: stream ended while waiting for data (have=0 bytes, need=1)
[2m2026-08-17T00:41:44.963395Z[0m [32m INFO[0m [2mmoq_test_client::scenarios[0m[2m:[0m Got expected 'not found' error: not found: Track not found [error:54f98b3e-dddc-4dc4-995e-a3d2900c307e]
ok 3 - subscribe-error
  ---
  duration_ms: 125
  connection_id: 8043117f328c7f75f524c5bb98e0ec65
  ...
[2m2026-08-17T00:41:44.964381Z[0m [32m INFO[0m [2mmoq_native_ietf::quic[0m[2m:[0m UDP socket bound [3mbind[0m[2m=[0m[::]:0 [3mlocal[0m[2m=[0m[::]:59691 [3mdual_stack[0m[2m=[0mtrue
[2m2026-08-17T00:41:44.977409Z[0m [33m WARN[0m [2mweb_transport_quinn::session[0m[2m:[0m failed to read capsule [3me[0m[2m=[0mUnexpectedEnd
[2m2026-08-17T00:41:45.122315Z[0m [32m INFO[0m [2mmoq_native_ietf::quic[0m[2m:[0m UDP socket bound [3mbind[0m[2m=[0m[::]:0 [3mlocal[0m[2m=[0m[::]:52041 [3mdual_stack[0m[2m=[0mtrue
[2m2026-08-17T00:41:45.232049Z[0m [32m INFO[0m [2mmoq_test_client::scenarios[0m[2m:[0m Publisher sending PUBLISH_NAMESPACE: moq-test/interop
[2m2026-08-17T00:41:45.232077Z[0m [32m INFO[0m [2mmoq_test_client::scenarios[0m[2m:[0m Subscriber subscribing to track: moq-test/interop/test-track
[2m2026-08-17T00:41:48.232671Z[0m [32m INFO[0m [2mmoq_test_client::scenarios[0m[2m:[0m Test timeout reached - subscription routing may still be in progress
ok 4 - publish-namespace-subscribe
  ---
  duration_ms: 3269
  publisher_connection_id: 783fa77aa86788260d542daf1397b401
  subscriber_connection_id: 55a4e512f2cae6256cb836dd436db21d
  ...
[2m2026-08-17T00:41:48.233868Z[0m [32m INFO[0m [2mmoq_native_ietf::quic[0m[2m:[0m UDP socket bound [3mbind[0m[2m=[0m[::]:0 [3mlocal[0m[2m=[0m[::]:42415 [3mdual_stack[0m[2m=[0mtrue
[2m2026-08-17T00:41:48.246972Z[0m [33m WARN[0m [2mweb_transport_quinn::session[0m[2m:[0m failed to read capsule [3me[0m[2m=[0mUnexpectedEnd
[2m2026-08-17T00:41:48.252450Z[0m [33m WARN[0m [2mweb_transport_quinn::session[0m[2m:[0m failed to read capsule [3me[0m[2m=[0mUnexpectedEnd
[2m2026-08-17T00:41:48.387820Z[0m [32m INFO[0m [2mmoq_test_client::scenarios[0m[2m:[0m Subscriber subscribing BEFORE PUBLISH_NAMESPACE: moq-test/interop/test-track
[2m2026-08-17T00:41:48.403457Z[0m [33m WARN[0m [2mmoq_transport::serve::error[0m[2m:[0m [cf1a17d1-0ca1-4bb7-b4fd-a71570e20d3b] Not found: no such namespace or track at moq-transport/src/session/subscriber.rs:483
[2m2026-08-17T00:41:48.403475Z[0m [33m WARN[0m [2mmoq_transport::session::reader[0m[2m:[0m [READER] decode: stream ended while waiting for data (have=0 bytes, need=1)
[2m2026-08-17T00:41:48.419130Z[0m [33m WARN[0m [2mweb_transport_quinn::session[0m[2m:[0m failed to read capsule [3me[0m[2m=[0mUnexpectedEnd
[2m2026-08-17T00:41:48.890212Z[0m [32m INFO[0m [2mmoq_native_ietf::quic[0m[2m:[0m UDP socket bound [3mbind[0m[2m=[0m[::]:0 [3mlocal[0m[2m=[0m[::]:34716 [3mdual_stack[0m[2m=[0mtrue
[2m2026-08-17T00:41:48.952264Z[0m [32m INFO[0m [2mmoq_test_client::scenarios[0m[2m:[0m Publisher sending PUBLISH_NAMESPACE (after subscriber): moq-test/interop
[2m2026-08-17T00:41:51.953343Z[0m [32m INFO[0m [2mmoq_test_client::scenarios[0m[2m:[0m Publisher PUBLISH_NAMESPACE timeout (expected)
[2m2026-08-17T00:41:51.953361Z[0m [32m INFO[0m [2mmoq_test_client::scenarios[0m[2m:[0m Subscriber got error: not found: Track not found [error:cf1a17d1-0ca1-4bb7-b4fd-a71570e20d3b] (may be expected)
ok 5 - subscribe-before-publish-namespace
  ---
  duration_ms: 3720
  subscriber_connection_id: 2e5e5e92a933167609fccf75ca99e016
  publisher_connection_id: 77c2fe7ae51c11dfa64cec47e06226cb
  ...
[2m2026-08-17T00:41:51.954210Z[0m [32m INFO[0m [2mmoq_native_ietf::quic[0m[2m:[0m UDP socket bound [3mbind[0m[2m=[0m[::]:0 [3mlocal[0m[2m=[0m[::]:43408 [3mdual_stack[0m[2m=[0mtrue
[2m2026-08-17T00:41:51.968179Z[0m [33m WARN[0m [2mweb_transport_quinn::session[0m[2m:[0m failed to read capsule [3me[0m[2m=[0mUnexpectedEnd
[2m2026-08-17T00:41:52.011959Z[0m [32m INFO[0m [2mmoq_test_client::scenarios[0m[2m:[0m Sending PUBLISH_NAMESPACE: moq-test/interop
[2m2026-08-17T00:41:54.013481Z[0m [32m INFO[0m [2mmoq_test_client::scenarios[0m[2m:[0m PUBLISH_NAMESPACE active; sending PUBLISH_NAMESPACE_DONE
[2m2026-08-17T00:41:54.114955Z[0m [32m INFO[0m [2mmoq_test_client::scenarios[0m[2m:[0m PUBLISH_NAMESPACE_DONE sent successfully
ok 6 - publish-namespace-done
  ---
  duration_ms: 2161
  connection_id: 1fb96b504d3e119c1b56c4af92825fcc
  ...
make[1]: Leaving directory '/home/runner/work/moq-interop-runner/moq-interop-runner/main'
