make[1]: Entering directory '/home/runner/work/moq-interop-runner/moq-interop-runner/main'
Running tests against https://us-west-2.relay.quicr.org:33437/relay...
  Client: ghcr.io/openmoq/moqx-interop-client:latest
docker run --rm \
	 \
	--network host \
	-e RELAY_URL=https://us-west-2.relay.quicr.org:33437/relay \
	-e TLS_DISABLE_VERIFY=1 \
	ghcr.io/openmoq/moqx-interop-client:latest
TAP version 14
# moxygen interop test client
# Relay: https://us-west-2.relay.quicr.org:33437/relay
# Transport: WebTransport
1..6
W0817 01:19:45.299110     1 MoQWebTransportClient.cpp:175] WebTransport: No WT-Protocol header in response, will use legacy version negotiation
E0817 01:19:45.380958     1 MoQFramer.cpp:1140] Server selected version draft-1 but we only offer draft-14 in legacy mode
E0817 01:19:45.380987     1 MoQCodec.cpp:126] Conn error=21
E0817 01:19:45.380991     1 MoQSession.cpp:5430] MoQCodec control stream parse error err=21
not ok 1 - setup-only
  ---
  duration_ms: 252
  error: coroutine operation cancelled
  ...
W0817 01:19:45.761082     1 MoQWebTransportClient.cpp:175] WebTransport: No WT-Protocol header in response, will use legacy version negotiation
E0817 01:19:45.851506     1 MoQFramer.cpp:1140] Server selected version draft-1 but we only offer draft-14 in legacy mode
E0817 01:19:45.851530     1 MoQCodec.cpp:126] Conn error=21
E0817 01:19:45.851534     1 MoQSession.cpp:5430] MoQCodec control stream parse error err=21
not ok 2 - announce-only
  ---
  duration_ms: 470
  error: coroutine operation cancelled
  ...
W0817 01:19:46.228537     1 MoQWebTransportClient.cpp:175] WebTransport: No WT-Protocol header in response, will use legacy version negotiation
E0817 01:19:46.319388     1 MoQFramer.cpp:1140] Server selected version draft-1 but we only offer draft-14 in legacy mode
E0817 01:19:46.319417     1 MoQCodec.cpp:126] Conn error=21
E0817 01:19:46.319422     1 MoQSession.cpp:5430] MoQCodec control stream parse error err=21
not ok 3 - subscribe-error
  ---
  duration_ms: 467
  error: coroutine operation cancelled
  ...
W0817 01:19:46.503160     1 MoQWebTransportClient.cpp:175] WebTransport: No WT-Protocol header in response, will use legacy version negotiation
E0817 01:19:46.593360     1 MoQFramer.cpp:1140] Server selected version draft-1 but we only offer draft-14 in legacy mode
E0817 01:19:46.593390     1 MoQCodec.cpp:126] Conn error=21
E0817 01:19:46.593393     1 MoQSession.cpp:5430] MoQCodec control stream parse error err=21
not ok 4 - announce-subscribe
  ---
  duration_ms: 273
  error: coroutine operation cancelled
  ...
W0817 01:19:46.778146     1 MoQWebTransportClient.cpp:175] WebTransport: No WT-Protocol header in response, will use legacy version negotiation
E0817 01:19:46.868925     1 MoQFramer.cpp:1140] Server selected version draft-1 but we only offer draft-14 in legacy mode
E0817 01:19:46.868980     1 MoQCodec.cpp:126] Conn error=21
E0817 01:19:46.868984     1 MoQSession.cpp:5430] MoQCodec control stream parse error err=21
not ok 5 - publish-namespace-done
  ---
  duration_ms: 275
  error: coroutine operation cancelled
  ...
W0817 01:19:47.110732     1 MoQWebTransportClient.cpp:175] WebTransport: No WT-Protocol header in response, will use legacy version negotiation
E0817 01:19:47.192727     1 MoQFramer.cpp:1140] Server selected version draft-1 but we only offer draft-14 in legacy mode
E0817 01:19:47.192763     1 MoQCodec.cpp:126] Conn error=21
E0817 01:19:47.192767     1 MoQSession.cpp:5430] MoQCodec control stream parse error err=21
not ok 6 - subscribe-before-announce
  ---
  duration_ms: 323
  error: coroutine operation cancelled
  ...
make[1]: *** [Makefile:122: test-external] Error 1
make[1]: Leaving directory '/home/runner/work/moq-interop-runner/moq-interop-runner/main'
