make[1]: Entering directory '/home/runner/work/moq-interop-runner/moq-interop-runner/main'
Running tests against moqt://draft-18-interop.cloudflare.mediaoverquic.com:443...
  Client: ghcr.io/englishm/moq-interop-runner-moq-test-client-draft-18:latest
docker run --rm \
	 \
	--network host \
	-e RELAY_URL=moqt://draft-18-interop.cloudflare.mediaoverquic.com:443 \
	-e TLS_DISABLE_VERIFY=false \
	ghcr.io/englishm/moq-interop-runner-moq-test-client-draft-18:latest
TAP version 14
# moq-test-client v0.1.12
# Relay: moqt://draft-18-interop.cloudflare.mediaoverquic.com:443
1..9
[2m2026-09-07T00:49:41.639299Z[0m [32m INFO[0m [2mmoq_native_ietf::quic[0m[2m:[0m UDP socket bound [3mbind[0m[2m=[0m[::]:0 [3mlocal[0m[2m=[0m[::]:60096 [3mdual_stack[0m[2m=[0mtrue
[2m2026-09-07T00:49:41.844390Z[0m [32m INFO[0m [2mmoq_test_client::scenarios[0m[2m:[0m SETUP exchange completed successfully
ok 1 - setup-only
  ---
  duration_ms: 205
  connection_id: 9ab70d1a677ec9a40c688e401135c8c6
  ...
[2m2026-09-07T00:49:41.845372Z[0m [32m INFO[0m [2mmoq_native_ietf::quic[0m[2m:[0m UDP socket bound [3mbind[0m[2m=[0m[::]:0 [3mlocal[0m[2m=[0m[::]:43431 [3mdual_stack[0m[2m=[0mtrue
[2m2026-09-07T00:49:42.008941Z[0m [32m INFO[0m [2mmoq_test_client::scenarios[0m[2m:[0m Sending PUBLISH_NAMESPACE for: moq-test/interop
[2m2026-09-07T00:49:44.009680Z[0m [32m INFO[0m [2mmoq_test_client::scenarios[0m[2m:[0m PUBLISH_NAMESPACE succeeded (REQUEST_OK received, waiting for subscribers)
ok 2 - publish-namespace-only
  ---
  duration_ms: 2165
  connection_id: 155cfc0573d9ab8f6269822da2ce11a5
  ...
[2m2026-09-07T00:49:44.010443Z[0m [32m INFO[0m [2mmoq_native_ietf::quic[0m[2m:[0m UDP socket bound [3mbind[0m[2m=[0m[::]:0 [3mlocal[0m[2m=[0m[::]:59800 [3mdual_stack[0m[2m=[0mtrue
[2m2026-09-07T00:49:44.126109Z[0m [32m INFO[0m [2mmoq_test_client::scenarios[0m[2m:[0m Subscribing to non-existent track: nonexistent/namespace/test-track
[2m2026-09-07T00:49:44.151933Z[0m [33m WARN[0m [2mmoq_transport::serve::error[0m[2m:[0m [9bc05861-2986-43c4-be22-75b1b95e43c8] Not found: not found: Track not found [error:376d65c0-34b8-4d3a-b93e-03948c75c39b] at moq-transport/src/session/subscriber.rs:1653
ok 3 - subscribe-error
  ---
  duration_ms: 142
  connection_id: d14aab0668af014d198c59ed6a42ace0
  ...
[2m2026-09-07T00:49:44.152149Z[0m [32m INFO[0m [2mmoq_test_client::scenarios[0m[2m:[0m Got expected 'not found' error: not found: Track not found [error:9bc05861-2986-43c4-be22-75b1b95e43c8]
[2m2026-09-07T00:49:44.152962Z[0m [32m INFO[0m [2mmoq_native_ietf::quic[0m[2m:[0m UDP socket bound [3mbind[0m[2m=[0m[::]:0 [3mlocal[0m[2m=[0m[::]:40708 [3mdual_stack[0m[2m=[0mtrue
[2m2026-09-07T00:49:44.315717Z[0m [32m INFO[0m [2mmoq_native_ietf::quic[0m[2m:[0m UDP socket bound [3mbind[0m[2m=[0m[::]:0 [3mlocal[0m[2m=[0m[::]:58606 [3mdual_stack[0m[2m=[0mtrue
[2m2026-09-07T00:49:44.507264Z[0m [32m INFO[0m [2mmoq_test_client::scenarios[0m[2m:[0m Publisher sending PUBLISH_NAMESPACE: moq-test/interop
[2m2026-09-07T00:49:44.507298Z[0m [32m INFO[0m [2mmoq_test_client::scenarios[0m[2m:[0m Subscriber subscribing to track: moq-test/interop/test-track
ok 4 - publish-namespace-subscribe
  ---
  duration_ms: 379
  publisher_connection_id: c94b1055f70234eb71315020d556849b
  subscriber_connection_id: 9e464fa63629c2deadc358e78579b08d
  ...
[2m2026-09-07T00:49:44.531979Z[0m [33m WARN[0m [2mmoq_transport::serve::error[0m[2m:[0m [cf329877-b91f-4a6d-9f3d-c3a351b98342] Not found: not found: Track not found [error:f9881a71-65a1-44a5-bd71-fc6273e68e47] at moq-transport/src/session/subscriber.rs:1653
[2m2026-09-07T00:49:44.532152Z[0m [32m INFO[0m [2mmoq_test_client::scenarios[0m[2m:[0m Subscriber got error: not found: Track not found [error:cf329877-b91f-4a6d-9f3d-c3a351b98342] - subscription was processed
[2m2026-09-07T00:49:44.532874Z[0m [32m INFO[0m [2mmoq_native_ietf::quic[0m[2m:[0m UDP socket bound [3mbind[0m[2m=[0m[::]:0 [3mlocal[0m[2m=[0m[::]:59601 [3mdual_stack[0m[2m=[0mtrue
[2m2026-09-07T00:49:44.632620Z[0m [32m INFO[0m [2mmoq_test_client::scenarios[0m[2m:[0m Subscriber subscribing BEFORE PUBLISH_NAMESPACE: moq-test/interop/test-track
[2m2026-09-07T00:49:44.659551Z[0m [33m WARN[0m [2mmoq_transport::serve::error[0m[2m:[0m [150d67b4-e64a-409f-85b9-1e401d33b211] Not found: not found: Track not found [error:51fca1fc-9545-4176-9c85-e8e1d9170e8c] at moq-transport/src/session/subscriber.rs:1653
[2m2026-09-07T00:49:45.134809Z[0m [32m INFO[0m [2mmoq_native_ietf::quic[0m[2m:[0m UDP socket bound [3mbind[0m[2m=[0m[::]:0 [3mlocal[0m[2m=[0m[::]:35990 [3mdual_stack[0m[2m=[0mtrue
[2m2026-09-07T00:49:45.262174Z[0m [32m INFO[0m [2mmoq_test_client::scenarios[0m[2m:[0m Publisher sending PUBLISH_NAMESPACE (after subscriber): moq-test/interop
[2m2026-09-07T00:49:48.263699Z[0m [32m INFO[0m [2mmoq_test_client::scenarios[0m[2m:[0m Publisher PUBLISH_NAMESPACE timeout (expected)
[2m2026-09-07T00:49:48.263728Z[0m [32m INFO[0m [2mmoq_test_client::scenarios[0m[2m:[0m Subscriber got error: not found: Track not found [error:150d67b4-e64a-409f-85b9-1e401d33b211] (may be expected)
ok 5 - subscribe-before-publish-namespace
  ---
  duration_ms: 3731
  subscriber_connection_id: 449c307d81e6f7d8dc69bffe79bb4bd8
  publisher_connection_id: e8dd8553b17e4a84813fd869283f3bc9
  ...
[2m2026-09-07T00:49:48.264637Z[0m [32m INFO[0m [2mmoq_native_ietf::quic[0m[2m:[0m UDP socket bound [3mbind[0m[2m=[0m[::]:0 [3mlocal[0m[2m=[0m[::]:52643 [3mdual_stack[0m[2m=[0mtrue
[2m2026-09-07T00:49:48.360739Z[0m [32m INFO[0m [2mmoq_test_client::scenarios[0m[2m:[0m Sending PUBLISH_NAMESPACE: moq-test/interop
[2m2026-09-07T00:49:50.361581Z[0m [32m INFO[0m [2mmoq_test_client::scenarios[0m[2m:[0m PUBLISH_NAMESPACE active; sending PUBLISH_NAMESPACE_DONE
ok 6 - publish-namespace-done
  ---
  duration_ms: 2198
  connection_id: 60d0a22fa971afe74f7d1b5cd4f53d28
  ...
[2m2026-09-07T00:49:50.462459Z[0m [32m INFO[0m [2mmoq_test_client::scenarios[0m[2m:[0m PUBLISH_NAMESPACE_DONE sent successfully
[2m2026-09-07T00:49:50.463412Z[0m [32m INFO[0m [2mmoq_native_ietf::quic[0m[2m:[0m UDP socket bound [3mbind[0m[2m=[0m[::]:0 [3mlocal[0m[2m=[0m[::]:45894 [3mdual_stack[0m[2m=[0mtrue
[2m2026-09-07T00:49:50.641462Z[0m [32m INFO[0m [2mmoq_test_client::scenarios[0m[2m:[0m Publisher sending direct PUBLISH [3mnamespace[0m[2m=[0m/moq-test/publish [3mtrack[0m[2m=[0m"published-track"
[2m2026-09-07T00:49:50.666611Z[0m [32m INFO[0m [2mmoq_test_client::scenarios[0m[2m:[0m PUBLISH accepted [3mnamespace[0m[2m=[0m/moq-test/publish [3mtrack[0m[2m=[0m"published-track"
[2m2026-09-07T00:49:50.666848Z[0m [32m INFO[0m [2mmoq_test_client::scenarios[0m[2m:[0m PUBLISH completed [3mnamespace[0m[2m=[0m/moq-test/publish [3mtrack[0m[2m=[0m"published-track"
ok 7 - publish-track-only
  ---
  duration_ms: 204
  connection_id: 0d506352d14e1efc29662ed2af9f7af6
  ...
[2m2026-09-07T00:49:50.667635Z[0m [32m INFO[0m [2mmoq_native_ietf::quic[0m[2m:[0m UDP socket bound [3mbind[0m[2m=[0m[::]:0 [3mlocal[0m[2m=[0m[::]:42401 [3mdual_stack[0m[2m=[0mtrue
[2m2026-09-07T00:49:50.761953Z[0m [32m INFO[0m [2mmoq_native_ietf::quic[0m[2m:[0m UDP socket bound [3mbind[0m[2m=[0m[::]:0 [3mlocal[0m[2m=[0m[::]:39297 [3mdual_stack[0m[2m=[0mtrue
[2m2026-09-07T00:49:50.918346Z[0m [32m INFO[0m [2mmoq_test_client::scenarios[0m[2m:[0m Publisher sending direct PUBLISH before subscriber subscribes [3mnamespace[0m[2m=[0m/moq-test/publish [3mtrack[0m[2m=[0m"published-track"
[2m2026-09-07T00:49:50.943965Z[0m [32m INFO[0m [2mmoq_test_client::scenarios[0m[2m:[0m PUBLISH accepted; starting subscriber [3mnamespace[0m[2m=[0m/moq-test/publish [3mtrack[0m[2m=[0m"published-track"
[2m2026-09-07T00:49:51.070776Z[0m [32m INFO[0m [2mmoq_test_client::scenarios[0m[2m:[0m Subscriber received direct PUBLISH track [3mnamespace[0m[2m=[0m/moq-test/publish [3mtrack[0m[2m=[0m"published-track"
ok 8 - publish-track-subscribe
  ---
  duration_ms: 404
  publisher_connection_id: 5bb9cfb8349a0f0b6e14c3c3612237d6
  subscriber_connection_id: 433dc0faeb5be1ea80c9573ecd82ad55
  ...
[2m2026-09-07T00:49:51.071658Z[0m [32m INFO[0m [2mmoq_native_ietf::quic[0m[2m:[0m UDP socket bound [3mbind[0m[2m=[0m[::]:0 [3mlocal[0m[2m=[0m[::]:50312 [3mdual_stack[0m[2m=[0mtrue
[2m2026-09-07T00:49:51.277708Z[0m [32m INFO[0m [2mmoq_test_client::scenarios[0m[2m:[0m Subscribing with RENDEZVOUS_TIMEOUT to a track with no publisher [3mtimeout_ms[0m[2m=[0m500
ok 9 - rendezvous-timeout
  ---
  duration_ms: 734
  connection_id: f446efd63124672a409c95e72875ef2b
  ...
[2m2026-09-07T00:49:51.805341Z[0m [32m INFO[0m [2mmoq_test_client::scenarios[0m[2m:[0m Received expected REQUEST_ERROR TIMEOUT
make[1]: Leaving directory '/home/runner/work/moq-interop-runner/moq-interop-runner/main'
