make[1]: Entering directory '/home/runner/work/moq-interop-runner/moq-interop-runner/main'
Running tests against moqt://lminiero.it:9000...
  Client: ghcr.io/englishm/moq-interop-runner-moq-test-client-draft-18:latest
docker run --rm \
	 \
	--network host \
	-e RELAY_URL=moqt://lminiero.it:9000 \
	-e TLS_DISABLE_VERIFY=false \
	ghcr.io/englishm/moq-interop-runner-moq-test-client-draft-18:latest
TAP version 14
# moq-test-client v0.1.12
# Relay: moqt://lminiero.it:9000
1..9
[2m2026-09-07T00:48:08.866272Z[0m [32m INFO[0m [2mmoq_native_ietf::quic[0m[2m:[0m UDP socket bound [3mbind[0m[2m=[0m[::]:0 [3mlocal[0m[2m=[0m[::]:40403 [3mdual_stack[0m[2m=[0mtrue
ok 1 - setup-only
  ---
  duration_ms: 1171
  connection_id: f766a892415a764293f590088883d171
  ...
[2m2026-09-07T00:48:10.037482Z[0m [32m INFO[0m [2mmoq_test_client::scenarios[0m[2m:[0m SETUP exchange completed successfully
[2m2026-09-07T00:48:10.038264Z[0m [32m INFO[0m [2mmoq_native_ietf::quic[0m[2m:[0m UDP socket bound [3mbind[0m[2m=[0m[::]:0 [3mlocal[0m[2m=[0m[::]:37446 [3mdual_stack[0m[2m=[0mtrue
[2m2026-09-07T00:48:11.566461Z[0m [32m INFO[0m [2mmoq_test_client::scenarios[0m[2m:[0m Sending PUBLISH_NAMESPACE for: moq-test/interop
[2m2026-09-07T00:48:13.567940Z[0m [32m INFO[0m [2mmoq_test_client::scenarios[0m[2m:[0m PUBLISH_NAMESPACE succeeded (REQUEST_OK received, waiting for subscribers)
ok 2 - publish-namespace-only
  ---
  duration_ms: 3530
  connection_id: 19c8ccd741278c57fcbd64d4352b241f
  ...
[2m2026-09-07T00:48:13.568851Z[0m [32m INFO[0m [2mmoq_native_ietf::quic[0m[2m:[0m UDP socket bound [3mbind[0m[2m=[0m[::]:0 [3mlocal[0m[2m=[0m[::]:33487 [3mdual_stack[0m[2m=[0mtrue
[2m2026-09-07T00:48:13.866385Z[0m [32m INFO[0m [2mmoq_test_client::scenarios[0m[2m:[0m Subscribing to non-existent track: nonexistent/namespace/test-track
[2m2026-09-07T00:48:14.005863Z[0m [33m WARN[0m [2mmoq_transport::serve::error[0m[2m:[0m [3f1875e2-2e80-40fc-9f44-51d5789496d2] Not found: Namespace not found at moq-transport/src/session/subscriber.rs:1653
[2m2026-09-07T00:48:14.006076Z[0m [32m INFO[0m [2mmoq_test_client::scenarios[0m[2m:[0m Got expected 'not found' error: not found: Track not found [error:3f1875e2-2e80-40fc-9f44-51d5789496d2]
ok 3 - subscribe-error
  ---
  duration_ms: 438
  connection_id: e6cc755d80d292bf7bfcbb2aae905a2d
  ...
[2m2026-09-07T00:48:14.006895Z[0m [32m INFO[0m [2mmoq_native_ietf::quic[0m[2m:[0m UDP socket bound [3mbind[0m[2m=[0m[::]:0 [3mlocal[0m[2m=[0m[::]:42290 [3mdual_stack[0m[2m=[0mtrue
[2m2026-09-07T00:48:15.367722Z[0m [32m INFO[0m [2mmoq_native_ietf::quic[0m[2m:[0m UDP socket bound [3mbind[0m[2m=[0m[::]:0 [3mlocal[0m[2m=[0m[::]:54062 [3mdual_stack[0m[2m=[0mtrue
[2m2026-09-07T00:48:15.665191Z[0m [32m INFO[0m [2mmoq_test_client::scenarios[0m[2m:[0m Publisher sending PUBLISH_NAMESPACE: moq-test/interop
[2m2026-09-07T00:48:15.665211Z[0m [32m INFO[0m [2mmoq_test_client::scenarios[0m[2m:[0m Subscriber subscribing to track: moq-test/interop/test-track
[2m2026-09-07T00:48:15.804481Z[0m [33m WARN[0m [2mmoq_transport::serve::error[0m[2m:[0m [2f634997-e5bd-4791-8768-de9a28a8a7f0] Not found: Namespace not found at moq-transport/src/session/subscriber.rs:1653
ok 4 - publish-namespace-subscribe
  ---
  duration_ms: 1798
  publisher_connection_id: 872173ecfc455344a91fbda2839f8a19
  subscriber_connection_id: 8918db828b97a0788711433c09520783
  ...
[2m2026-09-07T00:48:15.804764Z[0m [32m INFO[0m [2mmoq_test_client::scenarios[0m[2m:[0m Subscriber got error: not found: Track not found [error:2f634997-e5bd-4791-8768-de9a28a8a7f0] - subscription was processed
[2m2026-09-07T00:48:15.805575Z[0m [32m INFO[0m [2mmoq_native_ietf::quic[0m[2m:[0m UDP socket bound [3mbind[0m[2m=[0m[::]:0 [3mlocal[0m[2m=[0m[::]:44711 [3mdual_stack[0m[2m=[0mtrue
[2m2026-09-07T00:48:16.106410Z[0m [32m INFO[0m [2mmoq_test_client::scenarios[0m[2m:[0m Subscriber subscribing BEFORE PUBLISH_NAMESPACE: moq-test/interop/test-track
[2m2026-09-07T00:48:16.608005Z[0m [32m INFO[0m [2mmoq_native_ietf::quic[0m[2m:[0m UDP socket bound [3mbind[0m[2m=[0m[::]:0 [3mlocal[0m[2m=[0m[::]:60941 [3mdual_stack[0m[2m=[0mtrue
[2m2026-09-07T00:48:17.899839Z[0m [32m INFO[0m [2mmoq_test_client::scenarios[0m[2m:[0m Publisher sending PUBLISH_NAMESPACE (after subscriber): moq-test/interop
[2m2026-09-07T00:48:20.900746Z[0m [32m INFO[0m [2mmoq_test_client::scenarios[0m[2m:[0m Publisher PUBLISH_NAMESPACE timeout (expected)
[2m2026-09-07T00:48:21.901828Z[0m [32m INFO[0m [2mmoq_test_client::scenarios[0m[2m:[0m Subscriber still waiting (test complete)
ok 5 - subscribe-before-publish-namespace
  ---
  duration_ms: 6097
  subscriber_connection_id: e8a250ddcf4514f92de55dd56d4c94ec
  publisher_connection_id: 8225d37cdce8138d0ea91aa970edec03
  ...
[2m2026-09-07T00:48:21.902616Z[0m [32m INFO[0m [2mmoq_native_ietf::quic[0m[2m:[0m UDP socket bound [3mbind[0m[2m=[0m[::]:0 [3mlocal[0m[2m=[0m[::]:33764 [3mdual_stack[0m[2m=[0mtrue
[2m2026-09-07T00:48:23.274882Z[0m [32m INFO[0m [2mmoq_test_client::scenarios[0m[2m:[0m Sending PUBLISH_NAMESPACE: moq-test/interop
[2m2026-09-07T00:48:25.276241Z[0m [32m INFO[0m [2mmoq_test_client::scenarios[0m[2m:[0m PUBLISH_NAMESPACE active; sending PUBLISH_NAMESPACE_DONE
ok 6 - publish-namespace-done
  ---
  duration_ms: 3475
  connection_id: f418868bd159aea9851d1ac91840883e
  ...
[2m2026-09-07T00:48:25.377666Z[0m [32m INFO[0m [2mmoq_test_client::scenarios[0m[2m:[0m PUBLISH_NAMESPACE_DONE sent successfully
[2m2026-09-07T00:48:25.378435Z[0m [32m INFO[0m [2mmoq_native_ietf::quic[0m[2m:[0m UDP socket bound [3mbind[0m[2m=[0m[::]:0 [3mlocal[0m[2m=[0m[::]:55506 [3mdual_stack[0m[2m=[0mtrue
[2m2026-09-07T00:48:25.678322Z[0m [32m INFO[0m [2mmoq_test_client::scenarios[0m[2m:[0m Publisher sending direct PUBLISH [3mnamespace[0m[2m=[0m/moq-test/publish [3mtrack[0m[2m=[0m"published-track"
[2m2026-09-07T00:48:25.818097Z[0m [32m INFO[0m [2mmoq_test_client::scenarios[0m[2m:[0m PUBLISH accepted [3mnamespace[0m[2m=[0m/moq-test/publish [3mtrack[0m[2m=[0m"published-track"
[2m2026-09-07T00:48:25.818326Z[0m [32m INFO[0m [2mmoq_test_client::scenarios[0m[2m:[0m PUBLISH completed [3mnamespace[0m[2m=[0m/moq-test/publish [3mtrack[0m[2m=[0m"published-track"
ok 7 - publish-track-only
  ---
  duration_ms: 440
  connection_id: 414f95a9c57f977e8edc7c22098f523d
  ...
[2m2026-09-07T00:48:25.819238Z[0m [32m INFO[0m [2mmoq_native_ietf::quic[0m[2m:[0m UDP socket bound [3mbind[0m[2m=[0m[::]:0 [3mlocal[0m[2m=[0m[::]:39276 [3mdual_stack[0m[2m=[0mtrue
[2m2026-09-07T00:48:26.698600Z[0m [32m INFO[0m [2mmoq_native_ietf::quic[0m[2m:[0m UDP socket bound [3mbind[0m[2m=[0m[::]:0 [3mlocal[0m[2m=[0m[::]:45737 [3mdual_stack[0m[2m=[0mtrue
[2m2026-09-07T00:48:27.003792Z[0m [32m INFO[0m [2mmoq_test_client::scenarios[0m[2m:[0m Publisher sending direct PUBLISH before subscriber subscribes [3mnamespace[0m[2m=[0m/moq-test/publish [3mtrack[0m[2m=[0m"published-track"
[2m2026-09-07T00:48:27.142495Z[0m [32m INFO[0m [2mmoq_test_client::scenarios[0m[2m:[0m PUBLISH accepted; starting subscriber [3mnamespace[0m[2m=[0m/moq-test/publish [3mtrack[0m[2m=[0m"published-track"
[2m2026-09-07T00:48:27.384764Z[0m [32m INFO[0m [2mmoq_test_client::scenarios[0m[2m:[0m Subscriber received direct PUBLISH track [3mnamespace[0m[2m=[0m/moq-test/publish [3mtrack[0m[2m=[0m"published-track"
ok 8 - publish-track-subscribe
  ---
  duration_ms: 1566
  publisher_connection_id: c049f21b0cc09b276613bfe455895eb1
  subscriber_connection_id: 374e53b2fa837a3513b86c30800f1797
  ...
[2m2026-09-07T00:48:27.385575Z[0m [32m INFO[0m [2mmoq_native_ietf::quic[0m[2m:[0m UDP socket bound [3mbind[0m[2m=[0m[::]:0 [3mlocal[0m[2m=[0m[::]:54140 [3mdual_stack[0m[2m=[0mtrue
[2m2026-09-07T00:48:27.707536Z[0m [32m INFO[0m [2mmoq_test_client::scenarios[0m[2m:[0m Subscribing with RENDEZVOUS_TIMEOUT to a track with no publisher [3mtimeout_ms[0m[2m=[0m500
[2m2026-09-07T00:48:27.850476Z[0m [33m WARN[0m [2mmoq_transport::serve::error[0m[2m:[0m [f97ffbb7-5d84-4706-8ea4-57f14995687d] Not found: Namespace not found at moq-transport/src/session/subscriber.rs:1653
not ok 9 - rendezvous-timeout
  ---
  duration_ms: 465
  message: "expected REQUEST_ERROR TIMEOUT, got: not found: Track not found [error:f97ffbb7-5d84-4706-8ea4-57f14995687d]"
  ...
make[1]: *** [Makefile:122: test-external] Error 1
make[1]: Leaving directory '/home/runner/work/moq-interop-runner/moq-interop-runner/main'
