make[1]: Entering directory '/home/runner/work/moq-interop-runner/moq-interop-runner/main'
Running tests against moqt://34-72-6-160.sslip.io:443...
  Client: ghcr.io/englishm/moq-interop-runner-moq-test-client-draft-14:latest
docker run --rm \
	 \
	--network host \
	-e RELAY_URL=moqt://34-72-6-160.sslip.io:443 \
	-e TLS_DISABLE_VERIFY=false \
	ghcr.io/englishm/moq-interop-runner-moq-test-client-draft-14:latest
TAP version 14
# moq-test-client v0.1.7
# Relay: moqt://34-72-6-160.sslip.io:443
1..6
[2m2026-09-07T01:45:04.501625Z[0m [32m INFO[0m [2mmoq_native_ietf::quic[0m[2m:[0m UDP socket bound [3mbind[0m[2m=[0m[::]:0 [3mlocal[0m[2m=[0m[::]:56517 [3mdual_stack[0m[2m=[0mtrue
[2m2026-09-07T01:45:04.735249Z[0m [32m INFO[0m [2mmoq_test_client::scenarios[0m[2m:[0m SETUP exchange completed successfully
ok 1 - setup-only
  ---
  duration_ms: 234
  connection_id: 26daf962a413b725594673f0c35420cd
  ...
[2m2026-09-07T01:45:04.736095Z[0m [32m INFO[0m [2mmoq_native_ietf::quic[0m[2m:[0m UDP socket bound [3mbind[0m[2m=[0m[::]:0 [3mlocal[0m[2m=[0m[::]:58822 [3mdual_stack[0m[2m=[0mtrue
[2m2026-09-07T01:45:04.835868Z[0m [32m INFO[0m [2mmoq_test_client::scenarios[0m[2m:[0m Announcing namespace: moq-test/interop
[2m2026-09-07T01:45:04.835926Z[0m [33m WARN[0m [2mmoq_transport::serve::error[0m[2m:[0m [fc8d0fb2-9ef1-4ecd-b731-c78a5b2eb73c] Not implemented: SUBSCRIBE_NAMESPACE at moq-transport/src/session/error.rs:77
[2m2026-09-07T01:45:04.835931Z[0m [33m WARN[0m [2mmoq_transport::session::publisher[0m[2m:[0m failed to process message: serve error: not implemented: Feature not implemented [error:fc8d0fb2-9ef1-4ecd-b731-c78a5b2eb73c]
[2m2026-09-07T01:45:04.835936Z[0m [33m WARN[0m [2mmoq_transport::serve::error[0m[2m:[0m [2496ddb2-53ef-4e80-9b36-6382344f4c0a] Not implemented: SUBSCRIBE_NAMESPACE at moq-transport/src/session/error.rs:77
[2m2026-09-07T01:45:04.835938Z[0m [33m WARN[0m [2mmoq_transport::session::publisher[0m[2m:[0m failed to process message: serve error: not implemented: Feature not implemented [error:2496ddb2-53ef-4e80-9b36-6382344f4c0a]
[2m2026-09-07T01:45:06.837425Z[0m [32m INFO[0m [2mmoq_test_client::scenarios[0m[2m:[0m Announce succeeded (no error received, waiting for subscriptions timed out)
ok 2 - announce-only
  ---
  duration_ms: 2102
  connection_id: 5814f1d4408d649ae2e7839da3e684af
  ...
[2m2026-09-07T01:45:06.838332Z[0m [32m INFO[0m [2mmoq_native_ietf::quic[0m[2m:[0m UDP socket bound [3mbind[0m[2m=[0m[::]:0 [3mlocal[0m[2m=[0m[::]:54148 [3mdual_stack[0m[2m=[0mtrue
[2m2026-09-07T01:45:07.075391Z[0m [32m INFO[0m [2mmoq_test_client::scenarios[0m[2m:[0m Subscribing to non-existent track: nonexistent/namespace/test-track
[2m2026-09-07T01:45:07.075450Z[0m [33m WARN[0m [2mmoq_transport::serve::error[0m[2m:[0m [deda4368-2aab-460d-b460-4cf71177836d] Not implemented: SUBSCRIBE_NAMESPACE at moq-transport/src/session/error.rs:77
[2m2026-09-07T01:45:07.075455Z[0m [33m WARN[0m [2mmoq_transport::session::publisher[0m[2m:[0m failed to process message: serve error: not implemented: Feature not implemented [error:deda4368-2aab-460d-b460-4cf71177836d]
[2m2026-09-07T01:45:07.075460Z[0m [33m WARN[0m [2mmoq_transport::serve::error[0m[2m:[0m [180f8321-eb05-464e-b2ae-f2b9840eb5d7] Not implemented: SUBSCRIBE_NAMESPACE at moq-transport/src/session/error.rs:77
[2m2026-09-07T01:45:07.075461Z[0m [33m WARN[0m [2mmoq_transport::session::publisher[0m[2m:[0m failed to process message: serve error: not implemented: Feature not implemented [error:180f8321-eb05-464e-b2ae-f2b9840eb5d7]
[2m2026-09-07T01:45:07.110285Z[0m [33m WARN[0m [2mmoq_test_client::scenarios[0m[2m:[0m Got error but not clearly 'not found': closed, code=404. This may indicate a different error type than expected.
ok 3 - subscribe-error
  ---
  duration_ms: 272
  connection_id: 9ddbd13f43a0514a7986bd56a2bb58e1
  ...
[2m2026-09-07T01:45:07.111207Z[0m [32m INFO[0m [2mmoq_native_ietf::quic[0m[2m:[0m UDP socket bound [3mbind[0m[2m=[0m[::]:0 [3mlocal[0m[2m=[0m[::]:41338 [3mdual_stack[0m[2m=[0mtrue
[2m2026-09-07T01:45:07.194733Z[0m [32m INFO[0m [2mmoq_native_ietf::quic[0m[2m:[0m UDP socket bound [3mbind[0m[2m=[0m[::]:0 [3mlocal[0m[2m=[0m[::]:59852 [3mdual_stack[0m[2m=[0mtrue
[2m2026-09-07T01:45:07.286901Z[0m [32m INFO[0m [2mmoq_test_client::scenarios[0m[2m:[0m Publisher announcing namespace: moq-test/interop
[2m2026-09-07T01:45:07.286922Z[0m [32m INFO[0m [2mmoq_test_client::scenarios[0m[2m:[0m Subscriber subscribing to track: moq-test/interop/test-track
[2m2026-09-07T01:45:07.286967Z[0m [33m WARN[0m [2mmoq_transport::serve::error[0m[2m:[0m [e09d4ab7-586f-4a48-8546-90228abde7c4] Not implemented: SUBSCRIBE_NAMESPACE at moq-transport/src/session/error.rs:77
[2m2026-09-07T01:45:07.286972Z[0m [33m WARN[0m [2mmoq_transport::session::publisher[0m[2m:[0m failed to process message: serve error: not implemented: Feature not implemented [error:e09d4ab7-586f-4a48-8546-90228abde7c4]
[2m2026-09-07T01:45:07.286980Z[0m [33m WARN[0m [2mmoq_transport::serve::error[0m[2m:[0m [d98d739e-f538-455f-8a55-437938e8c0f6] Not implemented: SUBSCRIBE_NAMESPACE at moq-transport/src/session/error.rs:77
[2m2026-09-07T01:45:07.286982Z[0m [33m WARN[0m [2mmoq_transport::session::publisher[0m[2m:[0m failed to process message: serve error: not implemented: Feature not implemented [error:d98d739e-f538-455f-8a55-437938e8c0f6]
[2m2026-09-07T01:45:07.287316Z[0m [33m WARN[0m [2mmoq_transport::serve::error[0m[2m:[0m [c8667e50-0b50-4b2b-aab4-fa872b64448d] Not implemented: SUBSCRIBE_NAMESPACE at moq-transport/src/session/error.rs:77
[2m2026-09-07T01:45:07.287325Z[0m [33m WARN[0m [2mmoq_transport::session::publisher[0m[2m:[0m failed to process message: serve error: not implemented: Feature not implemented [error:c8667e50-0b50-4b2b-aab4-fa872b64448d]
[2m2026-09-07T01:45:07.287329Z[0m [33m WARN[0m [2mmoq_transport::serve::error[0m[2m:[0m [c6421b3a-ee3f-4012-b66d-b2d7c0c311b5] Not implemented: SUBSCRIBE_NAMESPACE at moq-transport/src/session/error.rs:77
[2m2026-09-07T01:45:07.287331Z[0m [33m WARN[0m [2mmoq_transport::session::publisher[0m[2m:[0m failed to process message: serve error: not implemented: Feature not implemented [error:c6421b3a-ee3f-4012-b66d-b2d7c0c311b5]
[2m2026-09-07T01:45:10.288915Z[0m [32m INFO[0m [2mmoq_test_client::scenarios[0m[2m:[0m Test timeout reached - subscription routing may still be in progress
ok 4 - announce-subscribe
  ---
  duration_ms: 3178
  publisher_connection_id: 70bff189ab6cb23bcbfe9acbe8d9731b
  subscriber_connection_id: 44a4797451c5b231e7dbc0a880a916c4
  ...
[2m2026-09-07T01:45:10.289746Z[0m [32m INFO[0m [2mmoq_native_ietf::quic[0m[2m:[0m UDP socket bound [3mbind[0m[2m=[0m[::]:0 [3mlocal[0m[2m=[0m[::]:56177 [3mdual_stack[0m[2m=[0mtrue
[2m2026-09-07T01:45:10.367731Z[0m [32m INFO[0m [2mmoq_test_client::scenarios[0m[2m:[0m Subscriber subscribing BEFORE announce: moq-test/interop/test-track
[2m2026-09-07T01:45:10.367854Z[0m [33m WARN[0m [2mmoq_transport::serve::error[0m[2m:[0m [552d7e77-34d8-4d3d-bd9d-174f67267c0c] Not implemented: SUBSCRIBE_NAMESPACE at moq-transport/src/session/error.rs:77
[2m2026-09-07T01:45:10.367869Z[0m [33m WARN[0m [2mmoq_transport::session::publisher[0m[2m:[0m failed to process message: serve error: not implemented: Feature not implemented [error:552d7e77-34d8-4d3d-bd9d-174f67267c0c]
[2m2026-09-07T01:45:10.367875Z[0m [33m WARN[0m [2mmoq_transport::serve::error[0m[2m:[0m [1491ec1f-4a3d-4b7e-bd23-51ca295ae310] Not implemented: SUBSCRIBE_NAMESPACE at moq-transport/src/session/error.rs:77
[2m2026-09-07T01:45:10.367877Z[0m [33m WARN[0m [2mmoq_transport::session::publisher[0m[2m:[0m failed to process message: serve error: not implemented: Feature not implemented [error:1491ec1f-4a3d-4b7e-bd23-51ca295ae310]
[2m2026-09-07T01:45:10.869617Z[0m [32m INFO[0m [2mmoq_native_ietf::quic[0m[2m:[0m UDP socket bound [3mbind[0m[2m=[0m[::]:0 [3mlocal[0m[2m=[0m[::]:48530 [3mdual_stack[0m[2m=[0mtrue
[2m2026-09-07T01:45:10.954814Z[0m [32m INFO[0m [2mmoq_test_client::scenarios[0m[2m:[0m Publisher announcing namespace (after subscriber): moq-test/interop
[2m2026-09-07T01:45:10.954888Z[0m [33m WARN[0m [2mmoq_transport::serve::error[0m[2m:[0m [35c9ccdf-a0e3-47fc-9ecc-95826f70c390] Not implemented: SUBSCRIBE_NAMESPACE at moq-transport/src/session/error.rs:77
[2m2026-09-07T01:45:10.954900Z[0m [33m WARN[0m [2mmoq_transport::session::publisher[0m[2m:[0m failed to process message: serve error: not implemented: Feature not implemented [error:35c9ccdf-a0e3-47fc-9ecc-95826f70c390]
[2m2026-09-07T01:45:10.954908Z[0m [33m WARN[0m [2mmoq_transport::serve::error[0m[2m:[0m [aead05e3-0827-492d-a0ed-744e05662bd8] Not implemented: SUBSCRIBE_NAMESPACE at moq-transport/src/session/error.rs:77
[2m2026-09-07T01:45:10.954909Z[0m [33m WARN[0m [2mmoq_transport::session::publisher[0m[2m:[0m failed to process message: serve error: not implemented: Feature not implemented [error:aead05e3-0827-492d-a0ed-744e05662bd8]
[2m2026-09-07T01:45:13.957026Z[0m [32m INFO[0m [2mmoq_test_client::scenarios[0m[2m:[0m Publisher announce timeout (expected)
[2m2026-09-07T01:45:13.957079Z[0m [32m INFO[0m [2mmoq_test_client::scenarios[0m[2m:[0m Subscriber got error: closed, code=500 (may be expected)
ok 5 - subscribe-before-announce
  ---
  duration_ms: 3668
  subscriber_connection_id: b5887f640608ab39cde2619d983c0412
  publisher_connection_id: dcac9b576762cc3fba27408c654a7d40
  ...
[2m2026-09-07T01:45:13.957895Z[0m [32m INFO[0m [2mmoq_native_ietf::quic[0m[2m:[0m UDP socket bound [3mbind[0m[2m=[0m[::]:0 [3mlocal[0m[2m=[0m[::]:49028 [3mdual_stack[0m[2m=[0mtrue
[2m2026-09-07T01:45:14.050424Z[0m [32m INFO[0m [2mmoq_test_client::scenarios[0m[2m:[0m Announcing namespace: moq-test/interop
[2m2026-09-07T01:45:14.050469Z[0m [33m WARN[0m [2mmoq_transport::serve::error[0m[2m:[0m [55a62a30-e87f-4383-b2c4-a2c7b744d03a] Not implemented: SUBSCRIBE_NAMESPACE at moq-transport/src/session/error.rs:77
[2m2026-09-07T01:45:14.050475Z[0m [33m WARN[0m [2mmoq_transport::session::publisher[0m[2m:[0m failed to process message: serve error: not implemented: Feature not implemented [error:55a62a30-e87f-4383-b2c4-a2c7b744d03a]
[2m2026-09-07T01:45:14.050480Z[0m [33m WARN[0m [2mmoq_transport::serve::error[0m[2m:[0m [12cedbd1-ae16-4c07-8d45-ad69ec12da59] Not implemented: SUBSCRIBE_NAMESPACE at moq-transport/src/session/error.rs:77
[2m2026-09-07T01:45:14.050481Z[0m [33m WARN[0m [2mmoq_transport::session::publisher[0m[2m:[0m failed to process message: serve error: not implemented: Feature not implemented [error:12cedbd1-ae16-4c07-8d45-ad69ec12da59]
[2m2026-09-07T01:45:16.051201Z[0m [32m INFO[0m [2mmoq_test_client::scenarios[0m[2m:[0m Announce active, now sending PUBLISH_NAMESPACE_DONE
[2m2026-09-07T01:45:16.152259Z[0m [32m INFO[0m [2mmoq_test_client::scenarios[0m[2m:[0m PUBLISH_NAMESPACE_DONE sent successfully
ok 6 - publish-namespace-done
  ---
  duration_ms: 2195
  connection_id: 83401f808801e843d7ff2a443b0812cc
  ...
make[1]: Leaving directory '/home/runner/work/moq-interop-runner/moq-interop-runner/main'
