make[1]: Entering directory '/home/runner/work/moq-interop-runner/moq-interop-runner/main'
Running tests against moqt://us-west-2.relay.quicr.org:33437...
  Client: ghcr.io/openmoq/moqx-interop-client:latest
docker run --rm \
	 \
	--network host \
	-e RELAY_URL=moqt://us-west-2.relay.quicr.org:33437 \
	-e TLS_DISABLE_VERIFY=1 \
	ghcr.io/openmoq/moqx-interop-client:latest
TAP version 14
# moxygen interop test client
# Relay: moqt://us-west-2.relay.quicr.org:33437
# Transport: QUIC
# Offered ALPNs: moqt-18, moqt-16, moqt-15, moq-00
1..6
ok 1 - setup-only
  ---
  duration_ms: 144
  negotiated_version: draft-16
  info: SETUP exchange completed successfully
  ...
W0907 01:46:25.200905     1 MoQSession.cpp:6060] Issuing request that will fail; nextRequestID_=0 peerMaxRequestID_=0 sess=0x557751c90820
E0907 01:46:25.244155     1 MoQRelaySession.cpp:1116] PublishNamespaceDone for unknown publishNamespace, sess=0x557751c90820
ok 2 - announce-only
  ---
  duration_ms: 147
  negotiated_version: draft-16
  info: PUBLISH_NAMESPACE completed successfully
  ...
W0907 01:46:25.335257     1 MoQSession.cpp:6060] Issuing request that will fail; nextRequestID_=0 peerMaxRequestID_=0 sess=0x557751ca3ef0
E0907 01:46:25.378415     1 MoQCodec.cpp:126] Conn error=3
E0907 01:46:25.378436     1 MoQSession.cpp:5845] MoQCodec control stream parse error err=3
ok 3 - subscribe-error
  ---
  duration_ms: 134
  negotiated_version: draft-16
  info: Subscribe correctly returned error: Session closed
  ...
W0907 01:46:25.488271     1 MoQSession.cpp:6060] Issuing request that will fail; nextRequestID_=0 peerMaxRequestID_=0 sess=0x557751c25a60
W0907 01:46:25.873007     1 MoQSession.cpp:6060] Issuing request that will fail; nextRequestID_=0 peerMaxRequestID_=0 sess=0x557751c9fc50
E0907 01:46:25.915850     1 MoQCodec.cpp:126] Conn error=3
E0907 01:46:25.915876     1 MoQSession.cpp:5845] MoQCodec control stream parse error err=3
E0907 01:46:25.915947     1 MoQSession.cpp:6302] publishDone for invalid id=1 sess=0x557751c25a60
not ok 4 - announce-subscribe
  ---
  duration_ms: 537
  negotiated_version: draft-16
  error: Subscribe failed: Session closed
  ...
W0907 01:46:26.009403     1 MoQSession.cpp:6060] Issuing request that will fail; nextRequestID_=0 peerMaxRequestID_=0 sess=0x557751cafd00
ok 5 - publish-namespace-done
  ---
  duration_ms: 132
  negotiated_version: draft-16
  info: PUBLISH_NAMESPACE_OK received, PUBLISH_NAMESPACE_DONE sent
  ...
W0907 01:46:26.328315     1 MoQSession.cpp:6060] Issuing request that will fail; nextRequestID_=0 peerMaxRequestID_=0 sess=0x557751c6c530
E0907 01:46:26.371848     1 MoQCodec.cpp:126] Conn error=3
E0907 01:46:26.371869     1 MoQSession.cpp:5845] MoQCodec control stream parse error err=3
W0907 01:46:26.912536     1 MoQSession.cpp:6060] Issuing request that will fail; nextRequestID_=0 peerMaxRequestID_=0 sess=0x557751c25a60
ok 6 - subscribe-before-announce
  ---
  duration_ms: 902
  negotiated_version: draft-16
  info: Subscribe returned error (relay doesn't buffer pending subscriptions): Session closed
  ...
make[1]: *** [Makefile:122: test-external] Error 1
make[1]: Leaving directory '/home/runner/work/moq-interop-runner/moq-interop-runner/main'
