make[1]: Entering directory '/home/runner/work/moq-interop-runner/moq-interop-runner/main'
Running tests against https://relay.moqtail.dev...
  Client: ghcr.io/englishm/moq-interop-runner-moq-test-client-draft-18:latest
docker run --rm \
	 \
	--network host \
	-e RELAY_URL=https://relay.moqtail.dev \
	-e TLS_DISABLE_VERIFY=false \
	ghcr.io/englishm/moq-interop-runner-moq-test-client-draft-18:latest
TAP version 14
# moq-test-client v0.1.12
# Relay: https://relay.moqtail.dev/
1..18
[2m2026-10-02T00:47:03.734630Z[0m [32m INFO[0m [2mmoq_native_ietf::quic[0m[2m:[0m UDP socket bound [3mbind[0m[2m=[0m[::]:0 [3mlocal[0m[2m=[0m[::]:39706 [3mdual_stack[0m[2m=[0mtrue
ok 1 - setup-only
  ---
  duration_ms: 331
  connection_id: 07f04abeebe74187cdee2ad34f923ae3
  ...
[2m2026-10-02T00:47:04.065044Z[0m [32m INFO[0m [2mmoq_test_client::scenarios[0m[2m:[0m SETUP exchange completed successfully
[2m2026-10-02T00:47:04.066157Z[0m [32m INFO[0m [2mmoq_native_ietf::quic[0m[2m:[0m UDP socket bound [3mbind[0m[2m=[0m[::]:0 [3mlocal[0m[2m=[0m[::]:38980 [3mdual_stack[0m[2m=[0mtrue
[2m2026-10-02T00:47:04.115617Z[0m [33m WARN[0m [2mweb_transport_quinn::session[0m[2m:[0m failed to read capsule [3me[0m[2m=[0mUnexpectedEnd
[2m2026-10-02T00:47:04.344829Z[0m [32m INFO[0m [2mmoq_test_client::scenarios[0m[2m:[0m Sending PUBLISH_NAMESPACE for: moq-test/interop
[2m2026-10-02T00:47:06.346393Z[0m [32m INFO[0m [2mmoq_test_client::scenarios[0m[2m:[0m PUBLISH_NAMESPACE succeeded (REQUEST_OK received, waiting for subscribers)
ok 2 - publish-namespace-only
  ---
  duration_ms: 2281
  connection_id: 9410ca0f114411072766809ef79925b1
  ...
[2m2026-10-02T00:47:06.347415Z[0m [32m INFO[0m [2mmoq_native_ietf::quic[0m[2m:[0m UDP socket bound [3mbind[0m[2m=[0m[::]:0 [3mlocal[0m[2m=[0m[::]:51759 [3mdual_stack[0m[2m=[0mtrue
[2m2026-10-02T00:47:06.396576Z[0m [33m WARN[0m [2mweb_transport_quinn::session[0m[2m:[0m failed to read capsule [3me[0m[2m=[0mUnexpectedEnd
[2m2026-10-02T00:47:06.565451Z[0m [32m INFO[0m [2mmoq_test_client::scenarios[0m[2m:[0m Subscribing to non-existent track: nonexistent/namespace/test-track
[2m2026-10-02T00:47:06.616299Z[0m [33m WARN[0m [2mmoq_transport::serve::error[0m[2m:[0m [29eb1354-2935-43ad-9cd3-518c2424761c] Not found: Unknown track namespace at moq-transport/src/session/subscriber.rs:1653
[2m2026-10-02T00:47:06.616347Z[0m [32m INFO[0m [2mmoq_test_client::scenarios[0m[2m:[0m Got expected 'not found' error: not found: Track not found [error:29eb1354-2935-43ad-9cd3-518c2424761c]
ok 3 - subscribe-error
  ---
  duration_ms: 269
  connection_id: aad65f1534de85da924e5b44c9fd86b8
  ...
[2m2026-10-02T00:47:06.617453Z[0m [32m INFO[0m [2mmoq_native_ietf::quic[0m[2m:[0m UDP socket bound [3mbind[0m[2m=[0m[::]:0 [3mlocal[0m[2m=[0m[::]:50125 [3mdual_stack[0m[2m=[0mtrue
[2m2026-10-02T00:47:06.667905Z[0m [33m WARN[0m [2mweb_transport_quinn::session[0m[2m:[0m failed to read capsule [3me[0m[2m=[0mUnexpectedEnd
[2m2026-10-02T00:47:06.829046Z[0m [32m INFO[0m [2mmoq_native_ietf::quic[0m[2m:[0m UDP socket bound [3mbind[0m[2m=[0m[::]:0 [3mlocal[0m[2m=[0m[::]:59025 [3mdual_stack[0m[2m=[0mtrue
[2m2026-10-02T00:47:07.100553Z[0m [32m INFO[0m [2mmoq_test_client::scenarios[0m[2m:[0m Publisher sending PUBLISH_NAMESPACE: moq-test/interop
[2m2026-10-02T00:47:07.100584Z[0m [32m INFO[0m [2mmoq_test_client::scenarios[0m[2m:[0m Subscriber subscribing to track: moq-test/interop/test-track
[2m2026-10-02T00:47:10.101950Z[0m [32m INFO[0m [2mmoq_test_client::scenarios[0m[2m:[0m Test timeout reached - subscription routing may still be in progress
ok 4 - publish-namespace-subscribe
  ---
  duration_ms: 3485
  publisher_connection_id: 44722ca2f959bddb1135e9561685c386
  subscriber_connection_id: ecbd25d6cd34549f4b373afeee71efc4
  ...
[2m2026-10-02T00:47:10.103221Z[0m [32m INFO[0m [2mmoq_native_ietf::quic[0m[2m:[0m UDP socket bound [3mbind[0m[2m=[0m[::]:0 [3mlocal[0m[2m=[0m[::]:58090 [3mdual_stack[0m[2m=[0mtrue
[2m2026-10-02T00:47:10.150030Z[0m [33m WARN[0m [2mweb_transport_quinn::session[0m[2m:[0m failed to read capsule [3me[0m[2m=[0mUnexpectedEnd
[2m2026-10-02T00:47:10.153129Z[0m [33m WARN[0m [2mweb_transport_quinn::session[0m[2m:[0m failed to read capsule [3me[0m[2m=[0mUnexpectedEnd
[2m2026-10-02T00:47:10.375295Z[0m [32m INFO[0m [2mmoq_test_client::scenarios[0m[2m:[0m Subscriber subscribing BEFORE PUBLISH_NAMESPACE: moq-test/interop/test-track
[2m2026-10-02T00:47:10.424727Z[0m [33m WARN[0m [2mmoq_transport::serve::error[0m[2m:[0m [8f1062b0-b8b1-4ebf-a162-4d31d8937487] Not found: Unknown track namespace at moq-transport/src/session/subscriber.rs:1653
[2m2026-10-02T00:47:10.472481Z[0m [33m WARN[0m [2mweb_transport_quinn::session[0m[2m:[0m failed to read capsule [3me[0m[2m=[0mUnexpectedEnd
[2m2026-10-02T00:47:10.876804Z[0m [32m INFO[0m [2mmoq_native_ietf::quic[0m[2m:[0m UDP socket bound [3mbind[0m[2m=[0m[::]:0 [3mlocal[0m[2m=[0m[::]:35202 [3mdual_stack[0m[2m=[0mtrue
[2m2026-10-02T00:47:11.106589Z[0m [32m INFO[0m [2mmoq_test_client::scenarios[0m[2m:[0m Publisher sending PUBLISH_NAMESPACE (after subscriber): moq-test/interop
[2m2026-10-02T00:47:14.108151Z[0m [32m INFO[0m [2mmoq_test_client::scenarios[0m[2m:[0m Publisher PUBLISH_NAMESPACE timeout (expected)
[2m2026-10-02T00:47:14.108181Z[0m [32m INFO[0m [2mmoq_test_client::scenarios[0m[2m:[0m Subscriber got error: not found: Track not found [error:8f1062b0-b8b1-4ebf-a162-4d31d8937487] (may be expected)
ok 5 - subscribe-before-publish-namespace
  ---
  duration_ms: 4006
  subscriber_connection_id: 67b8d7b04af51104443999db660a719d
  publisher_connection_id: bde31e807c1ab2d2161a34725c15f085
  ...
[2m2026-10-02T00:47:14.109259Z[0m [32m INFO[0m [2mmoq_native_ietf::quic[0m[2m:[0m UDP socket bound [3mbind[0m[2m=[0m[::]:0 [3mlocal[0m[2m=[0m[::]:58995 [3mdual_stack[0m[2m=[0mtrue
[2m2026-10-02T00:47:14.158267Z[0m [33m WARN[0m [2mweb_transport_quinn::session[0m[2m:[0m failed to read capsule [3me[0m[2m=[0mUnexpectedEnd
[2m2026-10-02T00:47:14.326877Z[0m [32m INFO[0m [2mmoq_test_client::scenarios[0m[2m:[0m Sending PUBLISH_NAMESPACE: moq-test/interop
[2m2026-10-02T00:47:16.328017Z[0m [32m INFO[0m [2mmoq_test_client::scenarios[0m[2m:[0m PUBLISH_NAMESPACE active; sending PUBLISH_NAMESPACE_DONE
[2m2026-10-02T00:47:16.378171Z[0m [33m WARN[0m [2mweb_transport_quinn::session[0m[2m:[0m failed to read capsule [3me[0m[2m=[0mUnexpectedEnd
ok 6 - publish-namespace-done
  ---
  duration_ms: 2321
  connection_id: 80d7eaa10296f11b9aa5ebe2014c670a
  ...
[2m2026-10-02T00:47:16.429577Z[0m [32m INFO[0m [2mmoq_test_client::scenarios[0m[2m:[0m PUBLISH_NAMESPACE_DONE sent successfully
[2m2026-10-02T00:47:16.430812Z[0m [32m INFO[0m [2mmoq_native_ietf::quic[0m[2m:[0m UDP socket bound [3mbind[0m[2m=[0m[::]:0 [3mlocal[0m[2m=[0m[::]:59376 [3mdual_stack[0m[2m=[0mtrue
[2m2026-10-02T00:47:16.712601Z[0m [32m INFO[0m [2mmoq_test_client::scenarios[0m[2m:[0m Publisher sending direct PUBLISH [3mnamespace[0m[2m=[0m/moq-test/publish [3mtrack[0m[2m=[0m"published-track"
[2m2026-10-02T00:47:16.761117Z[0m [32m INFO[0m [2mmoq_test_client::scenarios[0m[2m:[0m PUBLISH accepted [3mnamespace[0m[2m=[0m/moq-test/publish [3mtrack[0m[2m=[0m"published-track"
[2m2026-10-02T00:47:16.761431Z[0m [32m INFO[0m [2mmoq_test_client::scenarios[0m[2m:[0m PUBLISH completed [3mnamespace[0m[2m=[0m/moq-test/publish [3mtrack[0m[2m=[0m"published-track"
ok 7 - publish-track-only
  ---
  duration_ms: 331
  connection_id: 4a471daca5b61b120d9d3079f86c4181
  ...
[2m2026-10-02T00:47:16.762515Z[0m [32m INFO[0m [2mmoq_native_ietf::quic[0m[2m:[0m UDP socket bound [3mbind[0m[2m=[0m[::]:0 [3mlocal[0m[2m=[0m[::]:46698 [3mdual_stack[0m[2m=[0mtrue
[2m2026-10-02T00:47:16.809573Z[0m [33m WARN[0m [2mweb_transport_quinn::session[0m[2m:[0m failed to read capsule [3me[0m[2m=[0mUnexpectedEnd
[2m2026-10-02T00:47:16.990115Z[0m [32m INFO[0m [2mmoq_native_ietf::quic[0m[2m:[0m UDP socket bound [3mbind[0m[2m=[0m[::]:0 [3mlocal[0m[2m=[0m[::]:48958 [3mdual_stack[0m[2m=[0mtrue
[2m2026-10-02T00:47:17.230463Z[0m [32m INFO[0m [2mmoq_test_client::scenarios[0m[2m:[0m Publisher sending direct PUBLISH before subscriber subscribes [3mnamespace[0m[2m=[0m/moq-test/publish [3mtrack[0m[2m=[0m"published-track"
[2m2026-10-02T00:47:17.279389Z[0m [32m INFO[0m [2mmoq_test_client::scenarios[0m[2m:[0m PUBLISH accepted; starting subscriber [3mnamespace[0m[2m=[0m/moq-test/publish [3mtrack[0m[2m=[0m"published-track"
[2m2026-10-02T00:47:17.433819Z[0m [32m INFO[0m [2mmoq_test_client::scenarios[0m[2m:[0m Subscriber received direct PUBLISH track [3mnamespace[0m[2m=[0m/moq-test/publish [3mtrack[0m[2m=[0m"published-track"
ok 8 - publish-track-subscribe
  ---
  duration_ms: 672
  publisher_connection_id: 7e61992fe24edd31ef21235680d24630
  subscriber_connection_id: 997d377655b6c8858f62c95a40787a48
  ...
[2m2026-10-02T00:47:17.435103Z[0m [32m INFO[0m [2mmoq_native_ietf::quic[0m[2m:[0m UDP socket bound [3mbind[0m[2m=[0m[::]:0 [3mlocal[0m[2m=[0m[::]:43005 [3mdual_stack[0m[2m=[0mtrue
[2m2026-10-02T00:47:17.481642Z[0m [33m WARN[0m [2mweb_transport_quinn::session[0m[2m:[0m failed to read capsule [3me[0m[2m=[0mUnexpectedEnd
[2m2026-10-02T00:47:17.485321Z[0m [33m WARN[0m [2mweb_transport_quinn::session[0m[2m:[0m failed to read capsule [3me[0m[2m=[0mUnexpectedEnd
[2m2026-10-02T00:47:17.641721Z[0m [32m INFO[0m [2mmoq_test_client::scenarios[0m[2m:[0m Subscribing with RENDEZVOUS_TIMEOUT to a track with no publisher [3mtimeout_ms[0m[2m=[0m500
[2m2026-10-02T00:47:17.693297Z[0m [33m WARN[0m [2mmoq_transport::serve::error[0m[2m:[0m [47f2d200-1efd-4a2d-a697-03cd043be498] Not found: Unknown track namespace at moq-transport/src/session/subscriber.rs:1653
not ok 9 - rendezvous-timeout
  ---
  duration_ms: 259
  message: "expected REQUEST_ERROR TIMEOUT, got: not found: Track not found [error:47f2d200-1efd-4a2d-a697-03cd043be498]"
  ...
[2m2026-10-02T00:47:17.694556Z[0m [32m INFO[0m [2mmoq_native_ietf::quic[0m[2m:[0m UDP socket bound [3mbind[0m[2m=[0m[::]:0 [3mlocal[0m[2m=[0m[::]:55748 [3mdual_stack[0m[2m=[0mtrue
[2m2026-10-02T00:47:17.743563Z[0m [33m WARN[0m [2mweb_transport_quinn::session[0m[2m:[0m failed to read capsule [3me[0m[2m=[0mUnexpectedEnd
[2m2026-10-02T00:47:17.983710Z[0m [33m WARN[0m [2mmoq_transport::serve::error[0m[2m:[0m [39e2c3ce-2954-4045-8970-6c6c2f275b0d] Not found: Unknown track namespace at moq-transport/src/session/subscriber.rs:1653
[2m2026-10-02T00:47:18.034168Z[0m [33m WARN[0m [2mweb_transport_quinn::session[0m[2m:[0m failed to read capsule [3me[0m[2m=[0mUnexpectedEnd
[2m2026-10-02T00:47:18.134696Z[0m [32m INFO[0m [2mmoq_native_ietf::quic[0m[2m:[0m UDP socket bound [3mbind[0m[2m=[0m[::]:0 [3mlocal[0m[2m=[0m[::]:42090 [3mdual_stack[0m[2m=[0mtrue
not ok 10 - moq-test-subgroup-per-group
  ---
  duration_ms: 705
  message: "subscriber setup failed before generation started"
  ...
[2m2026-10-02T00:47:18.400076Z[0m [32m INFO[0m [2mmoq_native_ietf::quic[0m[2m:[0m UDP socket bound [3mbind[0m[2m=[0m[::]:0 [3mlocal[0m[2m=[0m[::]:43604 [3mdual_stack[0m[2m=[0mtrue
[2m2026-10-02T00:47:18.449233Z[0m [33m WARN[0m [2mweb_transport_quinn::session[0m[2m:[0m failed to read capsule [3me[0m[2m=[0mUnexpectedEnd
[2m2026-10-02T00:47:18.658639Z[0m [33m WARN[0m [2mmoq_transport::serve::error[0m[2m:[0m [eb9e52b4-9c3a-4356-a519-c5e00094f811] Not found: Unknown track namespace at moq-transport/src/session/subscriber.rs:1653
[2m2026-10-02T00:47:18.709520Z[0m [33m WARN[0m [2mweb_transport_quinn::session[0m[2m:[0m failed to read capsule [3me[0m[2m=[0mUnexpectedEnd
[2m2026-10-02T00:47:18.809690Z[0m [32m INFO[0m [2mmoq_native_ietf::quic[0m[2m:[0m UDP socket bound [3mbind[0m[2m=[0m[::]:0 [3mlocal[0m[2m=[0m[::]:56238 [3mdual_stack[0m[2m=[0mtrue
not ok 11 - moq-test-subgroup-per-group-eog
  ---
  duration_ms: 668
  message: "subscriber setup failed before generation started"
  ...
[2m2026-10-02T00:47:19.069179Z[0m [32m INFO[0m [2mmoq_native_ietf::quic[0m[2m:[0m UDP socket bound [3mbind[0m[2m=[0m[::]:0 [3mlocal[0m[2m=[0m[::]:35699 [3mdual_stack[0m[2m=[0mtrue
[2m2026-10-02T00:47:19.118204Z[0m [33m WARN[0m [2mweb_transport_quinn::session[0m[2m:[0m failed to read capsule [3me[0m[2m=[0mUnexpectedEnd
[2m2026-10-02T00:47:19.328254Z[0m [33m WARN[0m [2mmoq_transport::serve::error[0m[2m:[0m [47580673-d223-4e63-87df-b998ce4a7300] Not found: Unknown track namespace at moq-transport/src/session/subscriber.rs:1653
[2m2026-10-02T00:47:19.378895Z[0m [33m WARN[0m [2mweb_transport_quinn::session[0m[2m:[0m failed to read capsule [3me[0m[2m=[0mUnexpectedEnd
[2m2026-10-02T00:47:19.480384Z[0m [32m INFO[0m [2mmoq_native_ietf::quic[0m[2m:[0m UDP socket bound [3mbind[0m[2m=[0m[::]:0 [3mlocal[0m[2m=[0m[::]:54675 [3mdual_stack[0m[2m=[0mtrue
not ok 12 - moq-test-subgroup-per-object
  ---
  duration_ms: 686
  message: "subscriber setup failed before generation started"
  ...
[2m2026-10-02T00:47:19.756129Z[0m [32m INFO[0m [2mmoq_native_ietf::quic[0m[2m:[0m UDP socket bound [3mbind[0m[2m=[0m[::]:0 [3mlocal[0m[2m=[0m[::]:43772 [3mdual_stack[0m[2m=[0mtrue
[2m2026-10-02T00:47:19.802876Z[0m [33m WARN[0m [2mweb_transport_quinn::session[0m[2m:[0m failed to read capsule [3me[0m[2m=[0mUnexpectedEnd
[2m2026-10-02T00:47:20.072563Z[0m [33m WARN[0m [2mmoq_transport::serve::error[0m[2m:[0m [072b41bd-d413-49ec-9023-6cc303539a2a] Not found: Unknown track namespace at moq-transport/src/session/subscriber.rs:1653
[2m2026-10-02T00:47:20.119903Z[0m [33m WARN[0m [2mweb_transport_quinn::session[0m[2m:[0m failed to read capsule [3me[0m[2m=[0mUnexpectedEnd
[2m2026-10-02T00:47:20.227441Z[0m [32m INFO[0m [2mmoq_native_ietf::quic[0m[2m:[0m UDP socket bound [3mbind[0m[2m=[0m[::]:0 [3mlocal[0m[2m=[0m[::]:35867 [3mdual_stack[0m[2m=[0mtrue
not ok 13 - moq-test-two-subgroups-eog
  ---
  duration_ms: 866
  message: "subscriber setup failed before generation started"
  ...
[2m2026-10-02T00:47:20.622918Z[0m [32m INFO[0m [2mmoq_native_ietf::quic[0m[2m:[0m UDP socket bound [3mbind[0m[2m=[0m[::]:0 [3mlocal[0m[2m=[0m[::]:40268 [3mdual_stack[0m[2m=[0mtrue
[2m2026-10-02T00:47:20.672536Z[0m [33m WARN[0m [2mweb_transport_quinn::session[0m[2m:[0m failed to read capsule [3me[0m[2m=[0mUnexpectedEnd
[2m2026-10-02T00:47:20.875994Z[0m [33m WARN[0m [2mmoq_transport::serve::error[0m[2m:[0m [b21b1401-5586-4593-abe9-a7d5963fb51e] Not found: Unknown track namespace at moq-transport/src/session/subscriber.rs:1653
[2m2026-10-02T00:47:20.923559Z[0m [33m WARN[0m [2mweb_transport_quinn::session[0m[2m:[0m failed to read capsule [3me[0m[2m=[0mUnexpectedEnd
[2m2026-10-02T00:47:21.030490Z[0m [32m INFO[0m [2mmoq_native_ietf::quic[0m[2m:[0m UDP socket bound [3mbind[0m[2m=[0m[::]:0 [3mlocal[0m[2m=[0m[::]:51757 [3mdual_stack[0m[2m=[0mtrue
not ok 14 - moq-test-datagram
  ---
  duration_ms: 654
  message: "subscriber setup failed before generation started"
  ...
[2m2026-10-02T00:47:21.277137Z[0m [32m INFO[0m [2mmoq_native_ietf::quic[0m[2m:[0m UDP socket bound [3mbind[0m[2m=[0m[::]:0 [3mlocal[0m[2m=[0m[::]:53350 [3mdual_stack[0m[2m=[0mtrue
[2m2026-10-02T00:47:21.325522Z[0m [33m WARN[0m [2mweb_transport_quinn::session[0m[2m:[0m failed to read capsule [3me[0m[2m=[0mUnexpectedEnd
[2m2026-10-02T00:47:21.525096Z[0m [33m WARN[0m [2mmoq_transport::serve::error[0m[2m:[0m [5e8fa2e3-f52d-42de-ad72-16697dfe2829] Not found: Unknown track namespace at moq-transport/src/session/subscriber.rs:1653
[2m2026-10-02T00:47:21.574343Z[0m [33m WARN[0m [2mweb_transport_quinn::session[0m[2m:[0m failed to read capsule [3me[0m[2m=[0mUnexpectedEnd
[2m2026-10-02T00:47:21.676862Z[0m [32m INFO[0m [2mmoq_native_ietf::quic[0m[2m:[0m UDP socket bound [3mbind[0m[2m=[0m[::]:0 [3mlocal[0m[2m=[0m[::]:39750 [3mdual_stack[0m[2m=[0mtrue
not ok 15 - moq-test-datagram-eog
  ---
  duration_ms: 727
  message: "subscriber setup failed before generation started"
  ...
[2m2026-10-02T00:47:22.004388Z[0m [32m INFO[0m [2mmoq_native_ietf::quic[0m[2m:[0m UDP socket bound [3mbind[0m[2m=[0m[::]:0 [3mlocal[0m[2m=[0m[::]:41729 [3mdual_stack[0m[2m=[0mtrue
[2m2026-10-02T00:47:22.051497Z[0m [33m WARN[0m [2mweb_transport_quinn::session[0m[2m:[0m failed to read capsule [3me[0m[2m=[0mUnexpectedEnd
[2m2026-10-02T00:47:22.270763Z[0m [33m WARN[0m [2mmoq_transport::serve::error[0m[2m:[0m [ea729e0d-6373-455d-b2cf-457d3f6560f5] Not found: Unknown track namespace at moq-transport/src/session/subscriber.rs:1653
[2m2026-10-02T00:47:22.321107Z[0m [33m WARN[0m [2mweb_transport_quinn::session[0m[2m:[0m failed to read capsule [3me[0m[2m=[0mUnexpectedEnd
[2m2026-10-02T00:47:22.421616Z[0m [32m INFO[0m [2mmoq_native_ietf::quic[0m[2m:[0m UDP socket bound [3mbind[0m[2m=[0m[::]:0 [3mlocal[0m[2m=[0m[::]:42257 [3mdual_stack[0m[2m=[0mtrue
not ok 16 - moq-test-extensions
  ---
  duration_ms: 666
  message: "subscriber setup failed before generation started"
  ...
[2m2026-10-02T00:47:22.670915Z[0m [32m INFO[0m [2mmoq_native_ietf::quic[0m[2m:[0m UDP socket bound [3mbind[0m[2m=[0m[::]:0 [3mlocal[0m[2m=[0m[::]:34721 [3mdual_stack[0m[2m=[0mtrue
[2m2026-10-02T00:47:22.717561Z[0m [33m WARN[0m [2mweb_transport_quinn::session[0m[2m:[0m failed to read capsule [3me[0m[2m=[0mUnexpectedEnd
[2m2026-10-02T00:47:22.921774Z[0m [33m WARN[0m [2mmoq_transport::serve::error[0m[2m:[0m [3f88d6f5-c0b3-4fee-8b68-808ea0efa0b6] Not found: Unknown track namespace at moq-transport/src/session/subscriber.rs:1653
[2m2026-10-02T00:47:22.969762Z[0m [33m WARN[0m [2mweb_transport_quinn::session[0m[2m:[0m failed to read capsule [3me[0m[2m=[0mUnexpectedEnd
[2m2026-10-02T00:47:23.076569Z[0m [32m INFO[0m [2mmoq_native_ietf::quic[0m[2m:[0m UDP socket bound [3mbind[0m[2m=[0m[::]:0 [3mlocal[0m[2m=[0m[::]:49887 [3mdual_stack[0m[2m=[0mtrue
not ok 17 - moq-test-increments
  ---
  duration_ms: 679
  message: "subscriber setup failed before generation started"
  ...
[2m2026-10-02T00:47:23.350084Z[0m [32m INFO[0m [2mmoq_native_ietf::quic[0m[2m:[0m UDP socket bound [3mbind[0m[2m=[0m[::]:0 [3mlocal[0m[2m=[0m[::]:34118 [3mdual_stack[0m[2m=[0mtrue
[2m2026-10-02T00:47:23.397456Z[0m [33m WARN[0m [2mweb_transport_quinn::session[0m[2m:[0m failed to read capsule [3me[0m[2m=[0mUnexpectedEnd
[2m2026-10-02T00:47:23.595817Z[0m [33m WARN[0m [2mmoq_transport::serve::error[0m[2m:[0m [98e2f4a1-91ad-4010-9763-a787fd013afc] Not found: Unknown track namespace at moq-transport/src/session/subscriber.rs:1653
[2m2026-10-02T00:47:23.643730Z[0m [33m WARN[0m [2mweb_transport_quinn::session[0m[2m:[0m failed to read capsule [3me[0m[2m=[0mUnexpectedEnd
[2m2026-10-02T00:47:23.749629Z[0m [32m INFO[0m [2mmoq_native_ietf::quic[0m[2m:[0m UDP socket bound [3mbind[0m[2m=[0m[::]:0 [3mlocal[0m[2m=[0m[::]:60306 [3mdual_stack[0m[2m=[0mtrue
not ok 18 - moq-test-forward-zero
  ---
  duration_ms: 673
  message: "subscriber setup failed before generation started"
  ...
make[1]: *** [Makefile:122: test-external] Error 1
make[1]: Leaving directory '/home/runner/work/moq-interop-runner/moq-interop-runner/main'
