make[1]: Entering directory '/home/runner/work/moq-interop-runner/moq-interop-runner/main'
Running tests against moqt://moqt.nokiaresearch.com:4443/moq...
  Client: ghcr.io/englishm/moq-interop-runner-moq-test-client-draft-18:latest
docker run --rm \
	 \
	--network host \
	-e RELAY_URL=moqt://moqt.nokiaresearch.com:4443/moq \
	-e TLS_DISABLE_VERIFY=false \
	ghcr.io/englishm/moq-interop-runner-moq-test-client-draft-18:latest
TAP version 14
# moq-test-client v0.1.12
# Relay: moqt://moqt.nokiaresearch.com:4443/moq
1..18
[2m2026-10-02T00:48:15.327235Z[0m [32m INFO[0m [2mmoq_native_ietf::quic[0m[2m:[0m UDP socket bound [3mbind[0m[2m=[0m[::]:0 [3mlocal[0m[2m=[0m[::]:44628 [3mdual_stack[0m[2m=[0mtrue
[2m2026-10-02T00:48:15.821455Z[0m [32m INFO[0m [2mmoq_test_client::scenarios[0m[2m:[0m SETUP exchange completed successfully
ok 1 - setup-only
  ---
  duration_ms: 495
  connection_id: 60c33f38c652dcd267fff7bc808dac1d
  ...
[2m2026-10-02T00:48:15.822464Z[0m [32m INFO[0m [2mmoq_native_ietf::quic[0m[2m:[0m UDP socket bound [3mbind[0m[2m=[0m[::]:0 [3mlocal[0m[2m=[0m[::]:49902 [3mdual_stack[0m[2m=[0mtrue
[2m2026-10-02T00:48:16.318490Z[0m [32m INFO[0m [2mmoq_test_client::scenarios[0m[2m:[0m Sending PUBLISH_NAMESPACE for: moq-test/interop
[2m2026-10-02T00:48:18.319738Z[0m [32m INFO[0m [2mmoq_test_client::scenarios[0m[2m:[0m PUBLISH_NAMESPACE succeeded (REQUEST_OK received, waiting for subscribers)
ok 2 - publish-namespace-only
  ---
  duration_ms: 2498
  connection_id: 7f65f093e74a3e01e77e897b26d449f2
  ...
[2m2026-10-02T00:48:18.320790Z[0m [32m INFO[0m [2mmoq_native_ietf::quic[0m[2m:[0m UDP socket bound [3mbind[0m[2m=[0m[::]:0 [3mlocal[0m[2m=[0m[::]:39108 [3mdual_stack[0m[2m=[0mtrue
[2m2026-10-02T00:48:18.833706Z[0m [32m INFO[0m [2mmoq_test_client::scenarios[0m[2m:[0m Subscribing to non-existent track: nonexistent/namespace/test-track
[2m2026-10-02T00:48:18.996417Z[0m [33m WARN[0m [2mmoq_transport::serve::error[0m[2m:[0m [971c3408-668c-4780-bdb0-cc283bf88f83] Not found: Track /nonexistent/namespace/test-track does not exist at moq-transport/src/session/subscriber.rs:1653
[2m2026-10-02T00:48:18.996569Z[0m [32m INFO[0m [2mmoq_test_client::scenarios[0m[2m:[0m Got expected 'not found' error: not found: Track not found [error:971c3408-668c-4780-bdb0-cc283bf88f83]
ok 3 - subscribe-error
  ---
  duration_ms: 676
  connection_id: 42baef0bf240eef62db3e9dae6db3528
  ...
[2m2026-10-02T00:48:18.997770Z[0m [32m INFO[0m [2mmoq_native_ietf::quic[0m[2m:[0m UDP socket bound [3mbind[0m[2m=[0m[::]:0 [3mlocal[0m[2m=[0m[::]:38253 [3mdual_stack[0m[2m=[0mtrue
[2m2026-10-02T00:48:19.497413Z[0m [32m INFO[0m [2mmoq_native_ietf::quic[0m[2m:[0m UDP socket bound [3mbind[0m[2m=[0m[::]:0 [3mlocal[0m[2m=[0m[::]:58731 [3mdual_stack[0m[2m=[0mtrue
[2m2026-10-02T00:48:20.013270Z[0m [32m INFO[0m [2mmoq_test_client::scenarios[0m[2m:[0m Publisher sending PUBLISH_NAMESPACE: moq-test/interop
[2m2026-10-02T00:48:20.013295Z[0m [32m INFO[0m [2mmoq_test_client::scenarios[0m[2m:[0m Subscriber subscribing to track: moq-test/interop/test-track
[2m2026-10-02T00:48:23.015068Z[0m [32m INFO[0m [2mmoq_test_client::scenarios[0m[2m:[0m Test timeout reached - subscription routing may still be in progress
ok 4 - publish-namespace-subscribe
  ---
  duration_ms: 4018
  publisher_connection_id: 7909b7c299e60160a04f18800327560d
  subscriber_connection_id: 0b4b1608b9d22e6760b224849a4fe3cd
  ...
[2m2026-10-02T00:48:23.016146Z[0m [32m INFO[0m [2mmoq_native_ietf::quic[0m[2m:[0m UDP socket bound [3mbind[0m[2m=[0m[::]:0 [3mlocal[0m[2m=[0m[::]:47724 [3mdual_stack[0m[2m=[0mtrue
[2m2026-10-02T00:48:23.550557Z[0m [32m INFO[0m [2mmoq_test_client::scenarios[0m[2m:[0m Subscriber subscribing BEFORE PUBLISH_NAMESPACE: moq-test/interop/test-track
[2m2026-10-02T00:48:23.716789Z[0m [33m WARN[0m [2mmoq_transport::serve::error[0m[2m:[0m [75555ba2-b007-46a0-a3a0-4e1b16482e63] Not found: Track /moq-test/interop/test-track does not exist at moq-transport/src/session/subscriber.rs:1653
[2m2026-10-02T00:48:24.052765Z[0m [32m INFO[0m [2mmoq_native_ietf::quic[0m[2m:[0m UDP socket bound [3mbind[0m[2m=[0m[::]:0 [3mlocal[0m[2m=[0m[::]:54041 [3mdual_stack[0m[2m=[0mtrue
[2m2026-10-02T00:48:24.554764Z[0m [32m INFO[0m [2mmoq_test_client::scenarios[0m[2m:[0m Publisher sending PUBLISH_NAMESPACE (after subscriber): moq-test/interop
[2m2026-10-02T00:48:27.555337Z[0m [32m INFO[0m [2mmoq_test_client::scenarios[0m[2m:[0m Publisher PUBLISH_NAMESPACE timeout (expected)
[2m2026-10-02T00:48:27.555361Z[0m [32m INFO[0m [2mmoq_test_client::scenarios[0m[2m:[0m Subscriber got error: not found: Track not found [error:75555ba2-b007-46a0-a3a0-4e1b16482e63] (may be expected)
[2m2026-10-02T00:48:27.556494Z[0m [32m INFO[0m [2mmoq_native_ietf::quic[0m[2m:[0m UDP socket bound [3mbind[0m[2m=[0m[::]:0 [3mlocal[0m[2m=[0m[::]:38141 [3mdual_stack[0m[2m=[0mtrue
ok 5 - subscribe-before-publish-namespace
  ---
  duration_ms: 4540
  subscriber_connection_id: f20ffe345ca7a6d953d4cd01c23c1d2e
  publisher_connection_id: 36102708c4b9f74ecfa4a39b7575a37b
  ...
[2m2026-10-02T00:48:28.064767Z[0m [32m INFO[0m [2mmoq_test_client::scenarios[0m[2m:[0m Sending PUBLISH_NAMESPACE: moq-test/interop
[2m2026-10-02T00:48:30.066164Z[0m [32m INFO[0m [2mmoq_test_client::scenarios[0m[2m:[0m PUBLISH_NAMESPACE active; sending PUBLISH_NAMESPACE_DONE
[2m2026-10-02T00:48:30.167618Z[0m [32m INFO[0m [2mmoq_test_client::scenarios[0m[2m:[0m PUBLISH_NAMESPACE_DONE sent successfully
ok 6 - publish-namespace-done
  ---
  duration_ms: 2612
  connection_id: 72073b974c04b3610ccb33335eebf74c
  ...
[2m2026-10-02T00:48:30.168713Z[0m [32m INFO[0m [2mmoq_native_ietf::quic[0m[2m:[0m UDP socket bound [3mbind[0m[2m=[0m[::]:0 [3mlocal[0m[2m=[0m[::]:33721 [3mdual_stack[0m[2m=[0mtrue
[2m2026-10-02T00:48:30.686344Z[0m [32m INFO[0m [2mmoq_test_client::scenarios[0m[2m:[0m Publisher sending direct PUBLISH [3mnamespace[0m[2m=[0m/moq-test/publish [3mtrack[0m[2m=[0m"published-track"
[2m2026-10-02T00:48:30.850270Z[0m [32m INFO[0m [2mmoq_test_client::scenarios[0m[2m:[0m PUBLISH accepted [3mnamespace[0m[2m=[0m/moq-test/publish [3mtrack[0m[2m=[0m"published-track"
[2m2026-10-02T00:48:30.850466Z[0m [32m INFO[0m [2mmoq_test_client::scenarios[0m[2m:[0m PUBLISH completed [3mnamespace[0m[2m=[0m/moq-test/publish [3mtrack[0m[2m=[0m"published-track"
ok 7 - publish-track-only
  ---
  duration_ms: 682
  connection_id: 396d7e4ef694acfee3bf896f848a90c8
  ...
[2m2026-10-02T00:48:30.851454Z[0m [32m INFO[0m [2mmoq_native_ietf::quic[0m[2m:[0m UDP socket bound [3mbind[0m[2m=[0m[::]:0 [3mlocal[0m[2m=[0m[::]:40192 [3mdual_stack[0m[2m=[0mtrue
[2m2026-10-02T00:48:31.375349Z[0m [32m INFO[0m [2mmoq_native_ietf::quic[0m[2m:[0m UDP socket bound [3mbind[0m[2m=[0m[::]:0 [3mlocal[0m[2m=[0m[::]:42028 [3mdual_stack[0m[2m=[0mtrue
[2m2026-10-02T00:48:31.887106Z[0m [32m INFO[0m [2mmoq_test_client::scenarios[0m[2m:[0m Publisher sending direct PUBLISH before subscriber subscribes [3mnamespace[0m[2m=[0m/moq-test/publish [3mtrack[0m[2m=[0m"published-track"
[2m2026-10-02T00:48:32.051248Z[0m [32m INFO[0m [2mmoq_test_client::scenarios[0m[2m:[0m PUBLISH accepted; starting subscriber [3mnamespace[0m[2m=[0m/moq-test/publish [3mtrack[0m[2m=[0m"published-track"
[2m2026-10-02T00:48:37.317027Z[0m [33m WARN[0m [2mmoq_transport::session::subscriber[0m[2m:[0m PUBLISH_DONE Stream Count was never reached; ending subscription on timer [3mrequest_id[0m[2m=[0m0 [3mtimeout_ms[0m[2m=[0m5000
not ok 8 - publish-track-subscribe
  ---
  duration_ms: 6466
  message: "subscriber track mode failed: closed, code=2"
  ...
[2m2026-10-02T00:48:37.318162Z[0m [32m INFO[0m [2mmoq_native_ietf::quic[0m[2m:[0m UDP socket bound [3mbind[0m[2m=[0m[::]:0 [3mlocal[0m[2m=[0m[::]:42915 [3mdual_stack[0m[2m=[0mtrue
[2m2026-10-02T00:48:37.961267Z[0m [32m INFO[0m [2mmoq_test_client::scenarios[0m[2m:[0m Subscribing with RENDEZVOUS_TIMEOUT to a track with no publisher [3mtimeout_ms[0m[2m=[0m500
ok 9 - rendezvous-timeout
  ---
  duration_ms: 1304
  connection_id: 627dfe9f5d0b0381f8a044075ae14b68
  ...
[2m2026-10-02T00:48:38.622119Z[0m [32m INFO[0m [2mmoq_test_client::scenarios[0m[2m:[0m Received expected REQUEST_ERROR TIMEOUT
[2m2026-10-02T00:48:38.623104Z[0m [32m INFO[0m [2mmoq_native_ietf::quic[0m[2m:[0m UDP socket bound [3mbind[0m[2m=[0m[::]:0 [3mlocal[0m[2m=[0m[::]:54102 [3mdual_stack[0m[2m=[0mtrue
[2m2026-10-02T00:48:39.317699Z[0m [32m INFO[0m [2mmoq_native_ietf::quic[0m[2m:[0m UDP socket bound [3mbind[0m[2m=[0m[::]:0 [3mlocal[0m[2m=[0m[::]:33091 [3mdual_stack[0m[2m=[0mtrue
[2m2026-10-02T00:48:39.985529Z[0m [32m INFO[0m [2mmoq_test_client::moqtest[0m[2m:[0m PUBLISH accepted and subscription bound; generating objects [3mobjects[0m[2m=[0m15 [3mstreams[0m[2m=[0m3
[2m2026-10-02T00:48:40.032382Z[0m [32m INFO[0m [2mmoq_test_client::moqtest[0m[2m:[0m PUBLISH completed
ok 10 - moq-test-subgroup-per-group
  ---
  duration_ms: 1575
  subscriber_connection_id: 0549d2dfac5283cf5e758ac17434d546
  publisher_connection_id: 5cd018982c25b317bb6bb1e6bf5182b7
  ...
[2m2026-10-02T00:48:40.197637Z[0m [32m INFO[0m [2mmoq_test_client[0m[2m:[0m moq-test passed: objects 15/15, eog 0/0, streams 3, publish_done status=2 stream_count=3 reason=ReasonPhrase("publish ended")
[2m2026-10-02T00:48:40.198586Z[0m [32m INFO[0m [2mmoq_native_ietf::quic[0m[2m:[0m UDP socket bound [3mbind[0m[2m=[0m[::]:0 [3mlocal[0m[2m=[0m[::]:41068 [3mdual_stack[0m[2m=[0mtrue
[2m2026-10-02T00:48:40.926428Z[0m [32m INFO[0m [2mmoq_native_ietf::quic[0m[2m:[0m UDP socket bound [3mbind[0m[2m=[0m[::]:0 [3mlocal[0m[2m=[0m[::]:54743 [3mdual_stack[0m[2m=[0mtrue
[2m2026-10-02T00:48:41.751252Z[0m [32m INFO[0m [2mmoq_test_client::moqtest[0m[2m:[0m PUBLISH accepted and subscription bound; generating objects [3mobjects[0m[2m=[0m15 [3mstreams[0m[2m=[0m3
[2m2026-10-02T00:48:41.807537Z[0m [32m INFO[0m [2mmoq_test_client::moqtest[0m[2m:[0m PUBLISH completed
ok 11 - moq-test-subgroup-per-group-eog
  ---
  duration_ms: 1773
  subscriber_connection_id: 49a219a1ad282ca63c7c5e17551bea43
  publisher_connection_id: 836a1382d97e2c4ee41bf91fb1d657e1
  ...
[2m2026-10-02T00:48:41.971015Z[0m [32m INFO[0m [2mmoq_test_client[0m[2m:[0m moq-test passed: objects 15/15, eog 3/3, streams 3, publish_done status=2 stream_count=3 reason=ReasonPhrase("publish ended")
[2m2026-10-02T00:48:41.972023Z[0m [32m INFO[0m [2mmoq_native_ietf::quic[0m[2m:[0m UDP socket bound [3mbind[0m[2m=[0m[::]:0 [3mlocal[0m[2m=[0m[::]:36991 [3mdual_stack[0m[2m=[0mtrue
[2m2026-10-02T00:48:42.659026Z[0m [32m INFO[0m [2mmoq_native_ietf::quic[0m[2m:[0m UDP socket bound [3mbind[0m[2m=[0m[::]:0 [3mlocal[0m[2m=[0m[::]:38278 [3mdual_stack[0m[2m=[0mtrue
[2m2026-10-02T00:48:43.315896Z[0m [32m INFO[0m [2mmoq_test_client::moqtest[0m[2m:[0m PUBLISH accepted and subscription bound; generating objects [3mobjects[0m[2m=[0m8 [3mstreams[0m[2m=[0m8
[2m2026-10-02T00:48:43.340730Z[0m [32m INFO[0m [2mmoq_test_client::moqtest[0m[2m:[0m PUBLISH completed
ok 12 - moq-test-subgroup-per-object
  ---
  duration_ms: 1529
  subscriber_connection_id: e979968d4fda3c4aa87f23fdc02194de
  publisher_connection_id: 4c12ddeb17266953fc21ceb42a2956da
  ...
[2m2026-10-02T00:48:43.500078Z[0m [32m INFO[0m [2mmoq_test_client[0m[2m:[0m moq-test passed: objects 8/8, eog 0/0, streams 8, publish_done status=2 stream_count=8 reason=ReasonPhrase("publish ended")
[2m2026-10-02T00:48:43.501013Z[0m [32m INFO[0m [2mmoq_native_ietf::quic[0m[2m:[0m UDP socket bound [3mbind[0m[2m=[0m[::]:0 [3mlocal[0m[2m=[0m[::]:57550 [3mdual_stack[0m[2m=[0mtrue
[2m2026-10-02T00:48:44.268280Z[0m [32m INFO[0m [2mmoq_native_ietf::quic[0m[2m:[0m UDP socket bound [3mbind[0m[2m=[0m[::]:0 [3mlocal[0m[2m=[0m[::]:51845 [3mdual_stack[0m[2m=[0mtrue
[2m2026-10-02T00:48:44.907560Z[0m [32m INFO[0m [2mmoq_test_client::moqtest[0m[2m:[0m PUBLISH accepted and subscription bound; generating objects [3mobjects[0m[2m=[0m18 [3mstreams[0m[2m=[0m6
[2m2026-10-02T00:48:44.971577Z[0m [32m INFO[0m [2mmoq_test_client::moqtest[0m[2m:[0m PUBLISH completed
[2m2026-10-02T00:48:45.128948Z[0m [32m INFO[0m [2mmoq_test_client[0m[2m:[0m moq-test passed: objects 18/18, eog 3/3, streams 6, publish_done status=2 stream_count=6 reason=ReasonPhrase("publish ended")
ok 13 - moq-test-two-subgroups-eog
  ---
  duration_ms: 1628
  subscriber_connection_id: b57b0f0371cdfbae14967ac1d349b6fd
  publisher_connection_id: f4cf2113fedf13f60b7ff786c68ddd08
  ...
[2m2026-10-02T00:48:45.130032Z[0m [32m INFO[0m [2mmoq_native_ietf::quic[0m[2m:[0m UDP socket bound [3mbind[0m[2m=[0m[::]:0 [3mlocal[0m[2m=[0m[::]:57597 [3mdual_stack[0m[2m=[0mtrue
[2m2026-10-02T00:48:45.859335Z[0m [32m INFO[0m [2mmoq_native_ietf::quic[0m[2m:[0m UDP socket bound [3mbind[0m[2m=[0m[::]:0 [3mlocal[0m[2m=[0m[::]:35917 [3mdual_stack[0m[2m=[0mtrue
[2m2026-10-02T00:48:46.538921Z[0m [32m INFO[0m [2mmoq_test_client::moqtest[0m[2m:[0m PUBLISH accepted and subscription bound; generating objects [3mobjects[0m[2m=[0m15 [3mstreams[0m[2m=[0m0
[2m2026-10-02T00:48:46.854939Z[0m [32m INFO[0m [2mmoq_test_client::moqtest[0m[2m:[0m PUBLISH completed
ok 14 - moq-test-datagram
  ---
  duration_ms: 1884
  subscriber_connection_id: 28eec9381c29392239c83cf9f501acca
  publisher_connection_id: 89af13aba444840bef4da89d89c2615c
  ...
[2m2026-10-02T00:48:47.013006Z[0m [32m INFO[0m [2mmoq_test_client[0m[2m:[0m moq-test passed: objects 15/15, eog 0/0, streams 0, publish_done status=2 stream_count=0 reason=ReasonPhrase("publish ended")
[2m2026-10-02T00:48:47.014124Z[0m [32m INFO[0m [2mmoq_native_ietf::quic[0m[2m:[0m UDP socket bound [3mbind[0m[2m=[0m[::]:0 [3mlocal[0m[2m=[0m[::]:34804 [3mdual_stack[0m[2m=[0mtrue
[2m2026-10-02T00:48:47.711487Z[0m [32m INFO[0m [2mmoq_native_ietf::quic[0m[2m:[0m UDP socket bound [3mbind[0m[2m=[0m[::]:0 [3mlocal[0m[2m=[0m[::]:42312 [3mdual_stack[0m[2m=[0mtrue
[2m2026-10-02T00:48:48.379131Z[0m [32m INFO[0m [2mmoq_test_client::moqtest[0m[2m:[0m PUBLISH accepted and subscription bound; generating objects [3mobjects[0m[2m=[0m15 [3mstreams[0m[2m=[0m0
[2m2026-10-02T00:48:48.759644Z[0m [32m INFO[0m [2mmoq_test_client::moqtest[0m[2m:[0m PUBLISH completed
[2m2026-10-02T00:48:48.923339Z[0m [32m INFO[0m [2mmoq_test_client[0m[2m:[0m moq-test passed: objects 15/15, eog 3/3, streams 0, publish_done status=2 stream_count=0 reason=ReasonPhrase("publish ended")
ok 15 - moq-test-datagram-eog
  ---
  duration_ms: 1910
  subscriber_connection_id: c669f89c05792000c48f60df0e0f9de3
  publisher_connection_id: 9e9976f89a42a7c7d607811bea7f1bf7
  ...
[2m2026-10-02T00:48:48.924504Z[0m [32m INFO[0m [2mmoq_native_ietf::quic[0m[2m:[0m UDP socket bound [3mbind[0m[2m=[0m[::]:0 [3mlocal[0m[2m=[0m[::]:32876 [3mdual_stack[0m[2m=[0mtrue
[2m2026-10-02T00:48:49.619369Z[0m [32m INFO[0m [2mmoq_native_ietf::quic[0m[2m:[0m UDP socket bound [3mbind[0m[2m=[0m[::]:0 [3mlocal[0m[2m=[0m[::]:39837 [3mdual_stack[0m[2m=[0mtrue
[2m2026-10-02T00:48:50.280523Z[0m [32m INFO[0m [2mmoq_test_client::moqtest[0m[2m:[0m PUBLISH accepted and subscription bound; generating objects [3mobjects[0m[2m=[0m15 [3mstreams[0m[2m=[0m3
[2m2026-10-02T00:48:50.337009Z[0m [32m INFO[0m [2mmoq_test_client::moqtest[0m[2m:[0m PUBLISH completed
ok 16 - moq-test-extensions
  ---
  duration_ms: 1583
  subscriber_connection_id: 431fd232f4d7cd9c69c30bbad51706c0
  publisher_connection_id: 14103645fbb87df4eeead18d20ab69c7
  ...
[2m2026-10-02T00:48:50.507321Z[0m [32m INFO[0m [2mmoq_test_client[0m[2m:[0m moq-test passed: objects 15/15, eog 3/3, streams 3, publish_done status=2 stream_count=3 reason=ReasonPhrase("publish ended")
[2m2026-10-02T00:48:50.508254Z[0m [32m INFO[0m [2mmoq_native_ietf::quic[0m[2m:[0m UDP socket bound [3mbind[0m[2m=[0m[::]:0 [3mlocal[0m[2m=[0m[::]:40580 [3mdual_stack[0m[2m=[0mtrue
[2m2026-10-02T00:48:51.310823Z[0m [32m INFO[0m [2mmoq_native_ietf::quic[0m[2m:[0m UDP socket bound [3mbind[0m[2m=[0m[::]:0 [3mlocal[0m[2m=[0m[::]:59744 [3mdual_stack[0m[2m=[0mtrue
[2m2026-10-02T00:48:52.008872Z[0m [32m INFO[0m [2mmoq_test_client::moqtest[0m[2m:[0m PUBLISH accepted and subscription bound; generating objects [3mobjects[0m[2m=[0m9 [3mstreams[0m[2m=[0m3
[2m2026-10-02T00:48:52.036761Z[0m [32m INFO[0m [2mmoq_test_client::moqtest[0m[2m:[0m PUBLISH completed
[2m2026-10-02T00:48:52.202146Z[0m [32m INFO[0m [2mmoq_test_client[0m[2m:[0m moq-test passed: objects 9/9, eog 0/0, streams 3, publish_done status=2 stream_count=3 reason=ReasonPhrase("publish ended")
ok 17 - moq-test-increments
  ---
  duration_ms: 1694
  subscriber_connection_id: cd4f7ba95509a37a56033fae1ae9b7c1
  publisher_connection_id: 4ef62cf5d2e2610ee48b3807aeff4e72
  ...
[2m2026-10-02T00:48:52.203073Z[0m [32m INFO[0m [2mmoq_native_ietf::quic[0m[2m:[0m UDP socket bound [3mbind[0m[2m=[0m[::]:0 [3mlocal[0m[2m=[0m[::]:37716 [3mdual_stack[0m[2m=[0mtrue
[2m2026-10-02T00:48:52.906093Z[0m [32m INFO[0m [2mmoq_native_ietf::quic[0m[2m:[0m UDP socket bound [3mbind[0m[2m=[0m[::]:0 [3mlocal[0m[2m=[0m[::]:47641 [3mdual_stack[0m[2m=[0mtrue
[2m2026-10-02T00:48:53.570732Z[0m [32m INFO[0m [2mmoq_test_client::moqtest[0m[2m:[0m PUBLISH accepted and subscription bound; generating objects [3mobjects[0m[2m=[0m6 [3mstreams[0m[2m=[0m2
[2m2026-10-02T00:48:53.590230Z[0m [32m INFO[0m [2mmoq_test_client::moqtest[0m[2m:[0m PUBLISH completed
[2m2026-10-02T00:48:58.753235Z[0m [33m WARN[0m [2mmoq_transport::session::subscriber[0m[2m:[0m PUBLISH_DONE Stream Count was never reached; ending subscription on timer [3mrequest_id[0m[2m=[0m0 [3mtimeout_ms[0m[2m=[0m5000
not ok 18 - moq-test-forward-zero
  ---
  duration_ms: 6551
  message: "moq-test verification failed: PUBLISH_DONE stream count 2 != expected 0"
  ...
make[1]: *** [Makefile:122: test-external] Error 1
make[1]: Leaving directory '/home/runner/work/moq-interop-runner/moq-interop-runner/main'
