make[1]: Entering directory '/home/runner/work/moq-interop-runner/moq-interop-runner/main'
Running tests against https://moqx-main.ci.openmoq.org:4433/moq-relay...
  Client: ghcr.io/englishm/moq-interop-runner-moq-test-client-draft-18:latest
docker run --rm \
	 \
	--network host \
	-e RELAY_URL=https://moqx-main.ci.openmoq.org:4433/moq-relay \
	-e TLS_DISABLE_VERIFY=false \
	ghcr.io/englishm/moq-interop-runner-moq-test-client-draft-18:latest
TAP version 14
# moq-test-client v0.1.12
# Relay: https://moqx-main.ci.openmoq.org:4433/moq-relay
1..18
[2m2026-10-02T00:49:18.307087Z[0m [32m INFO[0m [2mmoq_native_ietf::quic[0m[2m:[0m UDP socket bound [3mbind[0m[2m=[0m[::]:0 [3mlocal[0m[2m=[0m[::]:50636 [3mdual_stack[0m[2m=[0mtrue
ok 1 - setup-only
  ---
  duration_ms: 438
  connection_id: 5e5976abd7a553c587e510ed486de816
  ...
[2m2026-10-02T00:49:18.744890Z[0m [32m INFO[0m [2mmoq_test_client::scenarios[0m[2m:[0m SETUP exchange completed successfully
[2m2026-10-02T00:49:18.745894Z[0m [32m INFO[0m [2mmoq_native_ietf::quic[0m[2m:[0m UDP socket bound [3mbind[0m[2m=[0m[::]:0 [3mlocal[0m[2m=[0m[::]:52589 [3mdual_stack[0m[2m=[0mtrue
[2m2026-10-02T00:49:18.793599Z[0m [33m WARN[0m [2mweb_transport_quinn::session[0m[2m:[0m failed to read capsule [3me[0m[2m=[0mUnexpectedEnd
[2m2026-10-02T00:49:19.143629Z[0m [32m INFO[0m [2mmoq_test_client::scenarios[0m[2m:[0m Sending PUBLISH_NAMESPACE for: moq-test/interop
[2m2026-10-02T00:49:21.144118Z[0m [32m INFO[0m [2mmoq_test_client::scenarios[0m[2m:[0m PUBLISH_NAMESPACE succeeded (REQUEST_OK received, waiting for subscribers)
ok 2 - publish-namespace-only
  ---
  duration_ms: 2399
  connection_id: 3e43bca7bb5b948d420b4716c5452cf5
  ...
[2m2026-10-02T00:49:21.145371Z[0m [32m INFO[0m [2mmoq_native_ietf::quic[0m[2m:[0m UDP socket bound [3mbind[0m[2m=[0m[::]:0 [3mlocal[0m[2m=[0m[::]:32965 [3mdual_stack[0m[2m=[0mtrue
[2m2026-10-02T00:49:21.192985Z[0m [33m WARN[0m [2mweb_transport_quinn::session[0m[2m:[0m failed to read capsule [3me[0m[2m=[0mUnexpectedEnd
[2m2026-10-02T00:49:21.389998Z[0m [32m INFO[0m [2mmoq_test_client::scenarios[0m[2m:[0m Subscribing to non-existent track: nonexistent/namespace/test-track
[2m2026-10-02T00:49:21.439226Z[0m [33m WARN[0m [2mmoq_transport::serve::error[0m[2m:[0m [af630db7-f924-41c9-bffc-f1a196690873] Not found: no such namespace or track at moq-transport/src/session/subscriber.rs:1653
[2m2026-10-02T00:49:21.439284Z[0m [32m INFO[0m [2mmoq_test_client::scenarios[0m[2m:[0m Got expected 'not found' error: not found: Track not found [error:af630db7-f924-41c9-bffc-f1a196690873]
ok 3 - subscribe-error
  ---
  duration_ms: 295
  connection_id: 4d30837dd79b12bda5dac09b71b40300
  ...
[2m2026-10-02T00:49:21.440300Z[0m [32m INFO[0m [2mmoq_native_ietf::quic[0m[2m:[0m UDP socket bound [3mbind[0m[2m=[0m[::]:0 [3mlocal[0m[2m=[0m[::]:34904 [3mdual_stack[0m[2m=[0mtrue
[2m2026-10-02T00:49:21.487442Z[0m [33m WARN[0m [2mweb_transport_quinn::session[0m[2m:[0m failed to read capsule [3me[0m[2m=[0mUnexpectedEnd
[2m2026-10-02T00:49:21.836468Z[0m [32m INFO[0m [2mmoq_native_ietf::quic[0m[2m:[0m UDP socket bound [3mbind[0m[2m=[0m[::]:0 [3mlocal[0m[2m=[0m[::]:33798 [3mdual_stack[0m[2m=[0mtrue
[2m2026-10-02T00:49:22.032115Z[0m [32m INFO[0m [2mmoq_test_client::scenarios[0m[2m:[0m Publisher sending PUBLISH_NAMESPACE: moq-test/interop
[2m2026-10-02T00:49:22.032134Z[0m [32m INFO[0m [2mmoq_test_client::scenarios[0m[2m:[0m Subscriber subscribing to track: moq-test/interop/test-track
[2m2026-10-02T00:49:22.080140Z[0m [33m WARN[0m [2mmoq_transport::serve::error[0m[2m:[0m [b507320e-4a9a-4499-8b1c-220275d33496] Not found: no such namespace or track at moq-transport/src/session/subscriber.rs:1653
[2m2026-10-02T00:49:22.080327Z[0m [32m INFO[0m [2mmoq_test_client::scenarios[0m[2m:[0m Subscriber got error: not found: Track not found [error:b507320e-4a9a-4499-8b1c-220275d33496] - subscription was processed
ok 4 - publish-namespace-subscribe
  ---
  duration_ms: 641
  publisher_connection_id: b58d327717b0fe57e1a4b212c59eac14
  subscriber_connection_id: 3f033e19f0244944c8c491f85510ee2c
  ...
[2m2026-10-02T00:49:22.081443Z[0m [32m INFO[0m [2mmoq_native_ietf::quic[0m[2m:[0m UDP socket bound [3mbind[0m[2m=[0m[::]:0 [3mlocal[0m[2m=[0m[::]:33471 [3mdual_stack[0m[2m=[0mtrue
[2m2026-10-02T00:49:22.128283Z[0m [33m WARN[0m [2mweb_transport_quinn::session[0m[2m:[0m failed to read capsule [3me[0m[2m=[0mUnexpectedEnd
[2m2026-10-02T00:49:22.128278Z[0m [33m WARN[0m [2mweb_transport_quinn::session[0m[2m:[0m failed to read capsule [3me[0m[2m=[0mUnexpectedEnd
[2m2026-10-02T00:49:22.181292Z[0m [32m INFO[0m [2mmoq_test_client::scenarios[0m[2m:[0m Subscriber subscribing BEFORE PUBLISH_NAMESPACE: moq-test/interop/test-track
[2m2026-10-02T00:49:22.228980Z[0m [33m WARN[0m [2mmoq_transport::serve::error[0m[2m:[0m [37056002-7736-45af-b088-9854e197a984] Not found: no such namespace or track at moq-transport/src/session/subscriber.rs:1653
[2m2026-10-02T00:49:22.276657Z[0m [33m WARN[0m [2mweb_transport_quinn::session[0m[2m:[0m failed to read capsule [3me[0m[2m=[0mUnexpectedEnd
[2m2026-10-02T00:49:22.683366Z[0m [32m INFO[0m [2mmoq_native_ietf::quic[0m[2m:[0m UDP socket bound [3mbind[0m[2m=[0m[::]:0 [3mlocal[0m[2m=[0m[::]:43819 [3mdual_stack[0m[2m=[0mtrue
[2m2026-10-02T00:49:22.921659Z[0m [32m INFO[0m [2mmoq_test_client::scenarios[0m[2m:[0m Publisher sending PUBLISH_NAMESPACE (after subscriber): moq-test/interop
[2m2026-10-02T00:49:25.924738Z[0m [32m INFO[0m [2mmoq_test_client::scenarios[0m[2m:[0m Publisher PUBLISH_NAMESPACE timeout (expected)
[2m2026-10-02T00:49:25.924766Z[0m [32m INFO[0m [2mmoq_test_client::scenarios[0m[2m:[0m Subscriber got error: not found: Track not found [error:37056002-7736-45af-b088-9854e197a984] (may be expected)
ok 5 - subscribe-before-publish-namespace
  ---
  duration_ms: 3844
  subscriber_connection_id: 25399d1dab424b433aa38a2f5d347523
  publisher_connection_id: 8a1ac46c8e4902c8ebfe1ae129b82766
  ...
[2m2026-10-02T00:49:25.925939Z[0m [32m INFO[0m [2mmoq_native_ietf::quic[0m[2m:[0m UDP socket bound [3mbind[0m[2m=[0m[::]:0 [3mlocal[0m[2m=[0m[::]:44742 [3mdual_stack[0m[2m=[0mtrue
[2m2026-10-02T00:49:25.972806Z[0m [33m WARN[0m [2mweb_transport_quinn::session[0m[2m:[0m failed to read capsule [3me[0m[2m=[0mUnexpectedEnd
[2m2026-10-02T00:49:26.229944Z[0m [32m INFO[0m [2mmoq_test_client::scenarios[0m[2m:[0m Sending PUBLISH_NAMESPACE: moq-test/interop
[2m2026-10-02T00:49:28.231218Z[0m [32m INFO[0m [2mmoq_test_client::scenarios[0m[2m:[0m PUBLISH_NAMESPACE active; sending PUBLISH_NAMESPACE_DONE
[2m2026-10-02T00:49:28.332315Z[0m [32m INFO[0m [2mmoq_test_client::scenarios[0m[2m:[0m PUBLISH_NAMESPACE_DONE sent successfully
ok 6 - publish-namespace-done
  ---
  duration_ms: 2407
  connection_id: eb27bf8f56685b18b2f825c39c01afe4
  ...
[2m2026-10-02T00:49:28.333586Z[0m [32m INFO[0m [2mmoq_native_ietf::quic[0m[2m:[0m UDP socket bound [3mbind[0m[2m=[0m[::]:0 [3mlocal[0m[2m=[0m[::]:43089 [3mdual_stack[0m[2m=[0mtrue
[2m2026-10-02T00:49:28.381003Z[0m [33m WARN[0m [2mweb_transport_quinn::session[0m[2m:[0m failed to read capsule [3me[0m[2m=[0mUnexpectedEnd
[2m2026-10-02T00:49:28.434499Z[0m [32m INFO[0m [2mmoq_test_client::scenarios[0m[2m:[0m Publisher sending direct PUBLISH [3mnamespace[0m[2m=[0m/moq-test/publish [3mtrack[0m[2m=[0m"published-track"
[2m2026-10-02T00:49:28.482550Z[0m [32m INFO[0m [2mmoq_test_client::scenarios[0m[2m:[0m PUBLISH accepted [3mnamespace[0m[2m=[0m/moq-test/publish [3mtrack[0m[2m=[0m"published-track"
[2m2026-10-02T00:49:28.482634Z[0m [32m INFO[0m [2mmoq_test_client::scenarios[0m[2m:[0m PUBLISH completed [3mnamespace[0m[2m=[0m/moq-test/publish [3mtrack[0m[2m=[0m"published-track"
ok 7 - publish-track-only
  ---
  duration_ms: 150
  connection_id: b1117e4756478f38c6e6092daf9cc806
  ...
[2m2026-10-02T00:49:28.483926Z[0m [32m INFO[0m [2mmoq_native_ietf::quic[0m[2m:[0m UDP socket bound [3mbind[0m[2m=[0m[::]:0 [3mlocal[0m[2m=[0m[::]:40802 [3mdual_stack[0m[2m=[0mtrue
[2m2026-10-02T00:49:28.533534Z[0m [33m WARN[0m [2mweb_transport_quinn::session[0m[2m:[0m failed to read capsule [3me[0m[2m=[0mUnexpectedEnd
[2m2026-10-02T00:49:28.615713Z[0m [32m INFO[0m [2mmoq_native_ietf::quic[0m[2m:[0m UDP socket bound [3mbind[0m[2m=[0m[::]:0 [3mlocal[0m[2m=[0m[::]:59597 [3mdual_stack[0m[2m=[0mtrue
[2m2026-10-02T00:49:28.721715Z[0m [32m INFO[0m [2mmoq_test_client::scenarios[0m[2m:[0m Publisher sending direct PUBLISH before subscriber subscribes [3mnamespace[0m[2m=[0m/moq-test/publish [3mtrack[0m[2m=[0m"published-track"
[2m2026-10-02T00:49:28.770194Z[0m [32m INFO[0m [2mmoq_test_client::scenarios[0m[2m:[0m PUBLISH accepted; starting subscriber [3mnamespace[0m[2m=[0m/moq-test/publish [3mtrack[0m[2m=[0m"published-track"
[2m2026-10-02T00:49:28.819328Z[0m [33m WARN[0m [2mmoq_transport::session[0m[2m:[0m unexpected bidi response message type [3mmsg_type[0m[2m=[0m2
[2m2026-10-02T00:49:28.819350Z[0m [33m WARN[0m [2mmoq_transport::serve::error[0m[2m:[0m [f50a5ccf-f39d-42b0-8992-6939bb109271] Not implemented: bidi response type 0x2 at moq-transport/src/session/error.rs:89
not ok 8 - publish-track-subscribe
  ---
  duration_ms: 388
  message: "failed serving PUBLISH track: serve error: cancelled: cancelled"
  ...
[2m2026-10-02T00:49:28.872622Z[0m [32m INFO[0m [2mmoq_native_ietf::quic[0m[2m:[0m UDP socket bound [3mbind[0m[2m=[0m[::]:0 [3mlocal[0m[2m=[0m[::]:43359 [3mdual_stack[0m[2m=[0mtrue
[2m2026-10-02T00:49:28.920881Z[0m [33m WARN[0m [2mweb_transport_quinn::session[0m[2m:[0m failed to read capsule [3me[0m[2m=[0mUnexpectedEnd
[2m2026-10-02T00:49:28.923025Z[0m [33m WARN[0m [2mweb_transport_quinn::session[0m[2m:[0m failed to read capsule [3me[0m[2m=[0mUnexpectedEnd
[2m2026-10-02T00:49:28.976030Z[0m [32m INFO[0m [2mmoq_test_client::scenarios[0m[2m:[0m Subscribing with RENDEZVOUS_TIMEOUT to a track with no publisher [3mtimeout_ms[0m[2m=[0m500
[2m2026-10-02T00:49:29.546695Z[0m [32m INFO[0m [2mmoq_test_client::scenarios[0m[2m:[0m Received expected REQUEST_ERROR TIMEOUT
ok 9 - rendezvous-timeout
  ---
  duration_ms: 675
  connection_id: fb6158a4a1f57ba1e9b59b04647c1fb9
  ...
[2m2026-10-02T00:49:29.547663Z[0m [32m INFO[0m [2mmoq_native_ietf::quic[0m[2m:[0m UDP socket bound [3mbind[0m[2m=[0m[::]:0 [3mlocal[0m[2m=[0m[::]:34278 [3mdual_stack[0m[2m=[0mtrue
[2m2026-10-02T00:49:29.594227Z[0m [33m WARN[0m [2mweb_transport_quinn::session[0m[2m:[0m failed to read capsule [3me[0m[2m=[0mUnexpectedEnd
[2m2026-10-02T00:49:29.852681Z[0m [32m INFO[0m [2mmoq_native_ietf::quic[0m[2m:[0m UDP socket bound [3mbind[0m[2m=[0m[::]:0 [3mlocal[0m[2m=[0m[::]:53899 [3mdual_stack[0m[2m=[0mtrue
[2m2026-10-02T00:49:30.006301Z[0m [33m WARN[0m [2mmoq_transport::session[0m[2m:[0m unexpected bidi response message type [3mmsg_type[0m[2m=[0m2
[2m2026-10-02T00:49:30.006328Z[0m [33m WARN[0m [2mmoq_transport::serve::error[0m[2m:[0m [a7d7fe6f-b109-4831-af61-daeaaede76f9] Not implemented: bidi response type 0x2 at moq-transport/src/session/error.rs:89
[2m2026-10-02T00:49:30.006834Z[0m [32m INFO[0m [2mmoq_test_client::moqtest[0m[2m:[0m PUBLISH accepted and subscription bound; generating objects [3mobjects[0m[2m=[0m15 [3mstreams[0m[2m=[0m3
not ok 10 - moq-test-subgroup-per-group
  ---
  duration_ms: 475
  message: "failed to create subgroup: cancelled"
  ...
[2m2026-10-02T00:49:30.023628Z[0m [32m INFO[0m [2mmoq_native_ietf::quic[0m[2m:[0m UDP socket bound [3mbind[0m[2m=[0m[::]:0 [3mlocal[0m[2m=[0m[::]:47193 [3mdual_stack[0m[2m=[0mtrue
[2m2026-10-02T00:49:30.070641Z[0m [33m WARN[0m [2mweb_transport_quinn::session[0m[2m:[0m failed to read capsule [3me[0m[2m=[0mUnexpectedEnd
[2m2026-10-02T00:49:30.071231Z[0m [33m WARN[0m [2mweb_transport_quinn::session[0m[2m:[0m failed to read capsule [3me[0m[2m=[0mUnexpectedEnd
[2m2026-10-02T00:49:30.332783Z[0m [32m INFO[0m [2mmoq_native_ietf::quic[0m[2m:[0m UDP socket bound [3mbind[0m[2m=[0m[::]:0 [3mlocal[0m[2m=[0m[::]:47981 [3mdual_stack[0m[2m=[0mtrue
[2m2026-10-02T00:49:30.602107Z[0m [33m WARN[0m [2mmoq_transport::session[0m[2m:[0m unexpected bidi response message type [3mmsg_type[0m[2m=[0m2
[2m2026-10-02T00:49:30.602131Z[0m [33m WARN[0m [2mmoq_transport::serve::error[0m[2m:[0m [3f6c2c04-966c-478a-acc7-60e9fd83bb69] Not implemented: bidi response type 0x2 at moq-transport/src/session/error.rs:89
not ok 11 - moq-test-subgroup-per-group-eog
  ---
  duration_ms: 579
  message: "PUBLISH was rejected: cancelled"
  ...
[2m2026-10-02T00:49:30.603321Z[0m [32m INFO[0m [2mmoq_native_ietf::quic[0m[2m:[0m UDP socket bound [3mbind[0m[2m=[0m[::]:0 [3mlocal[0m[2m=[0m[::]:39919 [3mdual_stack[0m[2m=[0mtrue
[2m2026-10-02T00:49:30.653007Z[0m [33m WARN[0m [2mweb_transport_quinn::session[0m[2m:[0m failed to read capsule [3me[0m[2m=[0mUnexpectedEnd
[2m2026-10-02T00:49:30.653092Z[0m [33m WARN[0m [2mweb_transport_quinn::session[0m[2m:[0m failed to read capsule [3me[0m[2m=[0mUnexpectedEnd
[2m2026-10-02T00:49:31.106080Z[0m [32m INFO[0m [2mmoq_native_ietf::quic[0m[2m:[0m UDP socket bound [3mbind[0m[2m=[0m[::]:0 [3mlocal[0m[2m=[0m[::]:41630 [3mdual_stack[0m[2m=[0mtrue
[2m2026-10-02T00:49:31.567745Z[0m [32m INFO[0m [2mmoq_test_client::moqtest[0m[2m:[0m PUBLISH accepted and subscription bound; generating objects [3mobjects[0m[2m=[0m8 [3mstreams[0m[2m=[0m8
not ok 12 - moq-test-subgroup-per-object
  ---
  duration_ms: 967
  message: "failed to create subgroup: cancelled"
  ...
[2m2026-10-02T00:49:31.571119Z[0m [32m INFO[0m [2mmoq_native_ietf::quic[0m[2m:[0m UDP socket bound [3mbind[0m[2m=[0m[::]:0 [3mlocal[0m[2m=[0m[::]:36682 [3mdual_stack[0m[2m=[0mtrue
[2m2026-10-02T00:49:31.618168Z[0m [33m WARN[0m [2mweb_transport_quinn::session[0m[2m:[0m failed to read capsule [3me[0m[2m=[0mUnexpectedEnd
[2m2026-10-02T00:49:31.620266Z[0m [33m WARN[0m [2mweb_transport_quinn::session[0m[2m:[0m failed to read capsule [3me[0m[2m=[0mUnexpectedEnd
[2m2026-10-02T00:49:31.873411Z[0m [32m INFO[0m [2mmoq_native_ietf::quic[0m[2m:[0m UDP socket bound [3mbind[0m[2m=[0m[::]:0 [3mlocal[0m[2m=[0m[::]:34024 [3mdual_stack[0m[2m=[0mtrue
[2m2026-10-02T00:49:32.029556Z[0m [32m INFO[0m [2mmoq_test_client::moqtest[0m[2m:[0m PUBLISH accepted and subscription bound; generating objects [3mobjects[0m[2m=[0m18 [3mstreams[0m[2m=[0m6
not ok 13 - moq-test-two-subgroups-eog
  ---
  duration_ms: 481
  message: "failed to create subgroup 0: cancelled"
  ...
[2m2026-10-02T00:49:32.052750Z[0m [32m INFO[0m [2mmoq_native_ietf::quic[0m[2m:[0m UDP socket bound [3mbind[0m[2m=[0m[::]:0 [3mlocal[0m[2m=[0m[::]:51580 [3mdual_stack[0m[2m=[0mtrue
[2m2026-10-02T00:49:32.099796Z[0m [33m WARN[0m [2mweb_transport_quinn::session[0m[2m:[0m failed to read capsule [3me[0m[2m=[0mUnexpectedEnd
[2m2026-10-02T00:49:32.102107Z[0m [33m WARN[0m [2mweb_transport_quinn::session[0m[2m:[0m failed to read capsule [3me[0m[2m=[0mUnexpectedEnd
[2m2026-10-02T00:49:32.632905Z[0m [32m INFO[0m [2mmoq_native_ietf::quic[0m[2m:[0m UDP socket bound [3mbind[0m[2m=[0m[::]:0 [3mlocal[0m[2m=[0m[::]:38811 [3mdual_stack[0m[2m=[0mtrue
[2m2026-10-02T00:49:32.879028Z[0m [32m INFO[0m [2mmoq_test_client::moqtest[0m[2m:[0m PUBLISH accepted and subscription bound; generating objects [3mobjects[0m[2m=[0m15 [3mstreams[0m[2m=[0m0
not ok 14 - moq-test-datagram
  ---
  duration_ms: 848
  message: "failed to write datagram: cancelled"
  ...
[2m2026-10-02T00:49:32.901623Z[0m [32m INFO[0m [2mmoq_native_ietf::quic[0m[2m:[0m UDP socket bound [3mbind[0m[2m=[0m[::]:0 [3mlocal[0m[2m=[0m[::]:40806 [3mdual_stack[0m[2m=[0mtrue
[2m2026-10-02T00:49:32.948717Z[0m [33m WARN[0m [2mweb_transport_quinn::session[0m[2m:[0m failed to read capsule [3me[0m[2m=[0mUnexpectedEnd
[2m2026-10-02T00:49:32.948803Z[0m [33m WARN[0m [2mweb_transport_quinn::session[0m[2m:[0m failed to read capsule [3me[0m[2m=[0mUnexpectedEnd
[2m2026-10-02T00:49:33.210405Z[0m [32m INFO[0m [2mmoq_native_ietf::quic[0m[2m:[0m UDP socket bound [3mbind[0m[2m=[0m[::]:0 [3mlocal[0m[2m=[0m[::]:36788 [3mdual_stack[0m[2m=[0mtrue
[2m2026-10-02T00:49:33.361564Z[0m [33m WARN[0m [2mmoq_transport::session[0m[2m:[0m unexpected bidi response message type [3mmsg_type[0m[2m=[0m2
[2m2026-10-02T00:49:33.361591Z[0m [33m WARN[0m [2mmoq_transport::serve::error[0m[2m:[0m [4305c4d0-2b3f-4637-8888-07a4160b7c18] Not implemented: bidi response type 0x2 at moq-transport/src/session/error.rs:89
[2m2026-10-02T00:49:33.363770Z[0m [32m INFO[0m [2mmoq_test_client::moqtest[0m[2m:[0m PUBLISH accepted and subscription bound; generating objects [3mobjects[0m[2m=[0m15 [3mstreams[0m[2m=[0m0
not ok 15 - moq-test-datagram-eog
  ---
  duration_ms: 484
  message: "failed to write datagram: cancelled"
  ...
[2m2026-10-02T00:49:33.386104Z[0m [32m INFO[0m [2mmoq_native_ietf::quic[0m[2m:[0m UDP socket bound [3mbind[0m[2m=[0m[::]:0 [3mlocal[0m[2m=[0m[::]:35682 [3mdual_stack[0m[2m=[0mtrue
[2m2026-10-02T00:49:33.433664Z[0m [33m WARN[0m [2mweb_transport_quinn::session[0m[2m:[0m failed to read capsule [3me[0m[2m=[0mUnexpectedEnd
[2m2026-10-02T00:49:33.436175Z[0m [33m WARN[0m [2mweb_transport_quinn::session[0m[2m:[0m failed to read capsule [3me[0m[2m=[0mUnexpectedEnd
[2m2026-10-02T00:49:33.783826Z[0m [32m INFO[0m [2mmoq_native_ietf::quic[0m[2m:[0m UDP socket bound [3mbind[0m[2m=[0m[::]:0 [3mlocal[0m[2m=[0m[::]:46483 [3mdual_stack[0m[2m=[0mtrue
[2m2026-10-02T00:49:34.028696Z[0m [32m INFO[0m [2mmoq_test_client::moqtest[0m[2m:[0m PUBLISH accepted and subscription bound; generating objects [3mobjects[0m[2m=[0m15 [3mstreams[0m[2m=[0m3
not ok 16 - moq-test-extensions
  ---
  duration_ms: 661
  message: "failed to create subgroup: cancelled"
  ...
[2m2026-10-02T00:49:34.047818Z[0m [32m INFO[0m [2mmoq_native_ietf::quic[0m[2m:[0m UDP socket bound [3mbind[0m[2m=[0m[::]:0 [3mlocal[0m[2m=[0m[::]:39125 [3mdual_stack[0m[2m=[0mtrue
[2m2026-10-02T00:49:34.094754Z[0m [33m WARN[0m [2mweb_transport_quinn::session[0m[2m:[0m failed to read capsule [3me[0m[2m=[0mUnexpectedEnd
[2m2026-10-02T00:49:34.094814Z[0m [33m WARN[0m [2mweb_transport_quinn::session[0m[2m:[0m failed to read capsule [3me[0m[2m=[0mUnexpectedEnd
[2m2026-10-02T00:49:34.351148Z[0m [32m INFO[0m [2mmoq_native_ietf::quic[0m[2m:[0m UDP socket bound [3mbind[0m[2m=[0m[::]:0 [3mlocal[0m[2m=[0m[::]:49325 [3mdual_stack[0m[2m=[0mtrue
[2m2026-10-02T00:49:34.628455Z[0m [33m WARN[0m [2mmoq_transport::session[0m[2m:[0m unexpected bidi response message type [3mmsg_type[0m[2m=[0m2
[2m2026-10-02T00:49:34.628481Z[0m [33m WARN[0m [2mmoq_transport::serve::error[0m[2m:[0m [c7608c7c-9d09-4ff9-8669-53ba7394fc82] Not implemented: bidi response type 0x2 at moq-transport/src/session/error.rs:89
not ok 17 - moq-test-increments
  ---
  duration_ms: 581
  message: "PUBLISH was rejected: cancelled"
  ...
[2m2026-10-02T00:49:34.629946Z[0m [32m INFO[0m [2mmoq_native_ietf::quic[0m[2m:[0m UDP socket bound [3mbind[0m[2m=[0m[::]:0 [3mlocal[0m[2m=[0m[::]:36834 [3mdual_stack[0m[2m=[0mtrue
[2m2026-10-02T00:49:34.676481Z[0m [33m WARN[0m [2mweb_transport_quinn::session[0m[2m:[0m failed to read capsule [3me[0m[2m=[0mUnexpectedEnd
[2m2026-10-02T00:49:34.676991Z[0m [33m WARN[0m [2mweb_transport_quinn::session[0m[2m:[0m failed to read capsule [3me[0m[2m=[0mUnexpectedEnd
[2m2026-10-02T00:49:34.933293Z[0m [32m INFO[0m [2mmoq_native_ietf::quic[0m[2m:[0m UDP socket bound [3mbind[0m[2m=[0m[::]:0 [3mlocal[0m[2m=[0m[::]:39691 [3mdual_stack[0m[2m=[0mtrue
[2m2026-10-02T00:49:35.388670Z[0m [32m INFO[0m [2mmoq_test_client::moqtest[0m[2m:[0m PUBLISH accepted and subscription bound; generating objects [3mobjects[0m[2m=[0m6 [3mstreams[0m[2m=[0m2
not ok 18 - moq-test-forward-zero
  ---
  duration_ms: 768
  message: "failed to create subgroup: cancelled"
  ...
make[1]: *** [Makefile:122: test-external] Error 1
make[1]: Leaving directory '/home/runner/work/moq-interop-runner/moq-interop-runner/main'
