make[1]: Entering directory '/home/runner/work/moq-interop-runner/moq-interop-runner/main'
Running tests against moqt://34-72-6-160.sslip.io:443...
  Client: ghcr.io/openmoq/moqx-interop-client:latest
docker run --rm \
	 \
	--network host \
	-e RELAY_URL=moqt://34-72-6-160.sslip.io:443 \
	-e TLS_DISABLE_VERIFY=false \
	ghcr.io/openmoq/moqx-interop-client:latest
TAP version 14
# moxygen interop test client
# Relay: moqt://34-72-6-160.sslip.io:443
# Transport: QUIC
# Offered ALPNs: moqt-18, moqt-16
1..6
ok 1 - setup-only
  ---
  duration_ms: 345
  negotiated_version: draft-18
  info: SETUP exchange completed successfully
  ...
E1002 01:01:07.105697     1 MoQRelaySession.cpp:1123] PublishNamespaceDone for unknown publishNamespace, sess=0x5614a3fb9920
ok 2 - announce-only
  ---
  duration_ms: 341
  negotiated_version: draft-18
  info: PUBLISH_NAMESPACE completed successfully
  ...
E1002 01:01:07.272578     1 MoQSession.cpp:5176] No matching subscribe ID=0 sess=0x5614a3fd3c60
ok 3 - subscribe-error
  ---
  duration_ms: 166
  negotiated_version: draft-18
  info: Subscribe correctly returned error: Session closed
  ...
not ok 4 - announce-subscribe
  ---
  duration_ms: 338
  negotiated_version: draft-18
  error: PUBLISH_NAMESPACE failed: unauthorized
  ...
ok 5 - publish-namespace-done
  ---
  duration_ms: 169
  negotiated_version: draft-18
  info: PUBLISH_NAMESPACE_OK received, PUBLISH_NAMESPACE_DONE sent
  ...
E1002 01:01:07.952008     1 MoQSession.cpp:5176] No matching subscribe ID=0 sess=0x5614a3f54f50
ok 6 - subscribe-before-announce
  ---
  duration_ms: 821
  negotiated_version: draft-18
  info: Subscribe returned error (relay doesn't buffer pending subscriptions): Session closed
  ...
make[1]: *** [Makefile:122: test-external] Error 1
make[1]: Leaving directory '/home/runner/work/moq-interop-runner/moq-interop-runner/main'
