make[1]: Entering directory '/home/runner/work/moq-interop-runner/moq-interop-runner/main'
Running tests against https://quichemoq.dev:443...
  Client: ghcr.io/openmoq/moqx-interop-client:latest
docker run --rm \
	 \
	--network host \
	-e RELAY_URL=https://quichemoq.dev:443 \
	-e TLS_DISABLE_VERIFY=false \
	ghcr.io/openmoq/moqx-interop-client:latest
TAP version 14
# moxygen interop test client
# Relay: https://quichemoq.dev:443
# Transport: WebTransport
# Offered ALPNs: moqt-18, moqt-16
1..6
E20261002 01:48:18.344393     1 HQSession.cpp:583] Connection closed with error err=Connect failed msg=connect timeout proto=, client CID=, server CID=, local=<uninitialized address>, 34.53.4.47:443=upstream, drain=none
E1002 01:48:18.345478     1 MoQWebTransportClient.cpp:98] std::runtime_error: Connect failed
not ok 1 - setup-only
  ---
  duration_ms: 2176
  error: Connect failed
  ...
E20261002 01:48:20.494767     1 HQSession.cpp:583] Connection closed with error err=Connect failed msg=connect timeout proto=, client CID=, server CID=, local=<uninitialized address>, 34.53.4.47:443=upstream, drain=none
E1002 01:48:20.494915     1 MoQWebTransportClient.cpp:98] std::runtime_error: Connect failed
not ok 2 - announce-only
  ---
  duration_ms: 2149
  error: Connect failed
  ...
E20261002 01:48:22.636538     1 HQSession.cpp:583] Connection closed with error err=Connect failed msg=connect timeout proto=, client CID=, server CID=, local=<uninitialized address>, 34.53.4.47:443=upstream, drain=none
E1002 01:48:22.636641     1 MoQWebTransportClient.cpp:98] std::runtime_error: Connect failed
not ok 3 - subscribe-error
  ---
  duration_ms: 2141
  error: Connect failed
  ...
E20261002 01:48:24.728515     1 HQSession.cpp:583] Connection closed with error err=Connect failed msg=connect timeout proto=, client CID=, server CID=, local=<uninitialized address>, 34.53.4.47:443=upstream, drain=none
E1002 01:48:24.728651     1 MoQWebTransportClient.cpp:98] std::runtime_error: Connect failed
not ok 4 - announce-subscribe
  ---
  duration_ms: 2091
  error: Connect failed
  ...
E20261002 01:48:26.859066     1 HQSession.cpp:583] Connection closed with error err=Connect failed msg=connect timeout proto=, client CID=, server CID=, local=<uninitialized address>, 34.53.4.47:443=upstream, drain=none
E1002 01:48:26.859184     1 MoQWebTransportClient.cpp:98] std::runtime_error: Connect failed
not ok 5 - publish-namespace-done
  ---
  duration_ms: 2130
  error: Connect failed
  ...
E20261002 01:48:28.874913     1 HQSession.cpp:583] Connection closed with error err=Connect failed msg=connect timeout proto=, client CID=, server CID=, local=<uninitialized address>, 34.53.4.47:443=upstream, drain=none
E1002 01:48:28.875042     1 MoQWebTransportClient.cpp:98] std::runtime_error: Connect failed
not ok 6 - subscribe-before-announce
  ---
  duration_ms: 2015
  error: Connect failed
  ...
make[1]: *** [Makefile:122: test-external] Error 1
make[1]: Leaving directory '/home/runner/work/moq-interop-runner/moq-interop-runner/main'
