make[1]: Entering directory '/home/runner/work/moq-interop-runner/moq-interop-runner/main'
Running tests against https://quichemoq.dev:443...
  Client: ghcr.io/facebookexperimental/moxygen-interop-client:latest-amd64
docker run --rm \
	 \
	--network host \
	-e RELAY_URL=https://quichemoq.dev:443 \
	-e TLS_DISABLE_VERIFY=false \
	ghcr.io/facebookexperimental/moxygen-interop-client:latest-amd64
TAP version 14
# moxygen interop test client
# Relay: https://quichemoq.dev:443
# Transport: WebTransport
# Offered ALPNs: moqt-18, moqt-16, moqt-15, moq-00
1..6
E20261002 01:49:42.251924     1 HQSession.cpp:583] Connection closed with error err=Connect failed msg=connect timeout proto=, client CID=, server CID=, local=<uninitialized address>, 34.53.4.47:443=upstream, drain=none
E1002 01:49:42.252992     1 MoQWebTransportClient.cpp:98] std::runtime_error: Connect failed
not ok 1 - setup-only
  ---
  duration_ms: 2133
  error: Connect failed
  ...
E20261002 01:49:44.382500     1 HQSession.cpp:583] Connection closed with error err=Connect failed msg=connect timeout proto=, client CID=, server CID=, local=<uninitialized address>, 34.53.4.47:443=upstream, drain=none
E1002 01:49:44.382608     1 MoQWebTransportClient.cpp:98] std::runtime_error: Connect failed
not ok 2 - announce-only
  ---
  duration_ms: 2129
  error: Connect failed
  ...
E20261002 01:49:46.481493     1 HQSession.cpp:583] Connection closed with error err=Connect failed msg=connect timeout proto=, client CID=, server CID=, local=<uninitialized address>, 34.53.4.47:443=upstream, drain=none
E1002 01:49:46.481633     1 MoQWebTransportClient.cpp:98] std::runtime_error: Connect failed
not ok 3 - subscribe-error
  ---
  duration_ms: 2098
  error: Connect failed
  ...
E20261002 01:49:48.602622     1 HQSession.cpp:583] Connection closed with error err=Connect failed msg=connect timeout proto=, client CID=, server CID=, local=<uninitialized address>, 34.53.4.47:443=upstream, drain=none
E1002 01:49:48.602745     1 MoQWebTransportClient.cpp:98] std::runtime_error: Connect failed
not ok 4 - announce-subscribe
  ---
  duration_ms: 2121
  error: Connect failed
  ...
E20261002 01:49:50.694849     1 HQSession.cpp:583] Connection closed with error err=Connect failed msg=connect timeout proto=, client CID=, server CID=, local=<uninitialized address>, 34.53.4.47:443=upstream, drain=none
E1002 01:49:50.694992     1 MoQWebTransportClient.cpp:98] std::runtime_error: Connect failed
not ok 5 - publish-namespace-done
  ---
  duration_ms: 2092
  error: Connect failed
  ...
E20261002 01:49:52.816216     1 HQSession.cpp:583] Connection closed with error err=Connect failed msg=connect timeout proto=, client CID=, server CID=, local=<uninitialized address>, 34.53.4.47:443=upstream, drain=none
E1002 01:49:52.816308     1 MoQWebTransportClient.cpp:98] std::runtime_error: Connect failed
not ok 6 - subscribe-before-announce
  ---
  duration_ms: 2121
  error: Connect failed
  ...
make[1]: *** [Makefile:122: test-external] Error 1
make[1]: Leaving directory '/home/runner/work/moq-interop-runner/moq-interop-runner/main'
