make[1]: Entering directory '/home/runner/work/moq-interop-runner/moq-interop-runner/main'
Running tests against https://us-west-2.relay.quicr.org:33437/relay...
  Client: ghcr.io/facebookexperimental/moxygen-interop-client:latest-amd64
docker run --rm \
	 \
	--network host \
	-e RELAY_URL=https://us-west-2.relay.quicr.org:33437/relay \
	-e TLS_DISABLE_VERIFY=1 \
	ghcr.io/facebookexperimental/moxygen-interop-client:latest-amd64
TAP version 14
# moxygen interop test client
# Relay: https://us-west-2.relay.quicr.org:33437/relay
# Transport: WebTransport
# Offered ALPNs: moqt-18, moqt-16, moqt-15, moq-00
1..6
W1002 01:48:30.254433     1 MoQWebTransportClient.cpp:178] WebTransport: No WT-Protocol header in response, will use legacy version negotiation
E1002 01:48:30.274009     1 MoQFramer.cpp:1042] Server selected version draft-1 but we only offer draft-14 in legacy mode
E1002 01:48:30.274023     1 MoQCodec.cpp:126] Conn error=21
E1002 01:48:30.274027     1 MoQSession.cpp:5938] MoQCodec control stream parse error err=21
not ok 1 - setup-only
  ---
  duration_ms: 238
  error: coroutine operation cancelled
  ...
E20261002 01:48:30.305639     1 HQSession.cpp:583] Connection closed with error err=3 msg=Client closed by peer reason= proto=h3, client CID=, server CID=fbbdc59b3d8e2547, local=10.1.0.171:37246, 35.95.73.240:33437=upstream, drain=done
W1002 01:48:30.348058     1 MoQWebTransportClient.cpp:178] WebTransport: No WT-Protocol header in response, will use legacy version negotiation
E1002 01:48:30.368557     1 MoQFramer.cpp:1042] Server selected version draft-1 but we only offer draft-14 in legacy mode
E1002 01:48:30.368571     1 MoQCodec.cpp:126] Conn error=21
E1002 01:48:30.368574     1 MoQSession.cpp:5938] MoQCodec control stream parse error err=21
not ok 2 - announce-only
  ---
  duration_ms: 94
  error: coroutine operation cancelled
  ...
E20261002 01:48:30.559012     1 HQSession.cpp:583] Connection closed with error err=3 msg=Client closed by peer reason= proto=h3, client CID=, server CID=f737fa89c9d770dc, local=10.1.0.171:45877, 35.95.73.240:33437=upstream, drain=done
W1002 01:48:30.598989     1 MoQWebTransportClient.cpp:178] WebTransport: No WT-Protocol header in response, will use legacy version negotiation
E1002 01:48:30.618511     1 MoQFramer.cpp:1042] Server selected version draft-1 but we only offer draft-14 in legacy mode
E1002 01:48:30.618526     1 MoQCodec.cpp:126] Conn error=21
E1002 01:48:30.618530     1 MoQSession.cpp:5938] MoQCodec control stream parse error err=21
not ok 3 - subscribe-error
  ---
  duration_ms: 249
  error: coroutine operation cancelled
  ...
E20261002 01:48:30.799650     1 HQSession.cpp:583] Connection closed with error err=3 msg=Client closed by peer reason= proto=h3, client CID=, server CID=348a4cbe39c4c4cb, local=10.1.0.171:33180, 35.95.73.240:33437=upstream, drain=done
W1002 01:48:30.840393     1 MoQWebTransportClient.cpp:178] WebTransport: No WT-Protocol header in response, will use legacy version negotiation
E1002 01:48:30.860364     1 MoQFramer.cpp:1042] Server selected version draft-1 but we only offer draft-14 in legacy mode
E1002 01:48:30.860380     1 MoQCodec.cpp:126] Conn error=21
E1002 01:48:30.860383     1 MoQSession.cpp:5938] MoQCodec control stream parse error err=21
not ok 4 - announce-subscribe
  ---
  duration_ms: 241
  error: coroutine operation cancelled
  ...
E20261002 01:48:30.884545     1 HQSession.cpp:583] Connection closed with error err=3 msg=Client closed by peer reason= proto=h3, client CID=, server CID=eb21ffc0feb7366c, local=10.1.0.171:33852, 35.95.73.240:33437=upstream, drain=done
W1002 01:48:30.925829     1 MoQWebTransportClient.cpp:178] WebTransport: No WT-Protocol header in response, will use legacy version negotiation
E1002 01:48:30.945775     1 MoQFramer.cpp:1042] Server selected version draft-1 but we only offer draft-14 in legacy mode
E1002 01:48:30.945790     1 MoQCodec.cpp:126] Conn error=21
E1002 01:48:30.945793     1 MoQSession.cpp:5938] MoQCodec control stream parse error err=21
not ok 5 - publish-namespace-done
  ---
  duration_ms: 85
  error: coroutine operation cancelled
  ...
E20261002 01:48:30.965880     1 HQSession.cpp:583] Connection closed with error err=3 msg=Client closed by peer reason= proto=h3, client CID=, server CID=825d24b30902e2ad, local=10.1.0.171:41444, 35.95.73.240:33437=upstream, drain=done
W1002 01:48:30.990789     1 MoQWebTransportClient.cpp:178] WebTransport: No WT-Protocol header in response, will use legacy version negotiation
E1002 01:48:31.011693     1 MoQFramer.cpp:1042] Server selected version draft-1 but we only offer draft-14 in legacy mode
E1002 01:48:31.011708     1 MoQCodec.cpp:126] Conn error=21
E1002 01:48:31.011711     1 MoQSession.cpp:5938] MoQCodec control stream parse error err=21
not ok 6 - subscribe-before-announce
  ---
  duration_ms: 65
  error: coroutine operation cancelled
  ...
E20261002 01:48:31.032398     1 HQSession.cpp:583] Connection closed with error err=3 msg=Client closed by peer reason= proto=h3, client CID=, server CID=8dc29e544869e3c5, local=10.1.0.171:33296, 35.95.73.240:33437=upstream, drain=done
make[1]: *** [Makefile:122: test-external] Error 1
make[1]: Leaving directory '/home/runner/work/moq-interop-runner/moq-interop-runner/main'
