make[1]: Entering directory '/home/runner/work/moq-interop-runner/moq-interop-runner/main'
Running tests against https://relay.moqtail.dev...
  Client: ghcr.io/facebookexperimental/moxygen-interop-client:latest-amd64
docker run --rm \
	 \
	--network host \
	-e RELAY_URL=https://relay.moqtail.dev \
	-e TLS_DISABLE_VERIFY=false \
	ghcr.io/facebookexperimental/moxygen-interop-client:latest-amd64
TAP version 14
# moxygen interop test client
# Relay: https://relay.moqtail.dev
# Transport: WebTransport
# Offered ALPNs: moqt-18, moqt-16, moqt-15, moq-00
1..6
ok 1 - setup-only
  ---
  duration_ms: 278
  negotiated_version: draft-18
  info: SETUP exchange completed successfully
  ...
E1002 01:03:43.691580     1 MoQRelaySession.cpp:1123] PublishNamespaceDone for unknown publishNamespace, sess=0x55a498a22f50
ok 2 - announce-only
  ---
  duration_ms: 285
  negotiated_version: draft-18
  info: PUBLISH_NAMESPACE completed successfully
  ...
E1002 01:03:43.935274     1 MoQSession.cpp:5162] No matching subscribe ID=0 sess=0x55a4989bfa10
ok 3 - subscribe-error
  ---
  duration_ms: 243
  negotiated_version: draft-18
  info: Subscribe correctly returned error: peer FINed without terminal reply
  ...
E20261002 01:03:44.000358     1 HQSession.cpp:583] Connection closed with error err=1 msg=Client closed by peer reason=Error in control stream handler proto=h3, client CID=, server CID=001bbf0dfd38ab10, local=10.1.0.171:40035, 172.232.23.42:443=upstream, drain=done
E1002 01:03:44.541344     1 MoQSession.cpp:5162] No matching subscribe ID=0 sess=0x55a498a1a160
not ok 4 - announce-subscribe
  ---
  duration_ms: 605
  negotiated_version: draft-18
  error: Subscribe failed: peer FINed without terminal reply
  ...
E20261002 01:03:44.597012     1 HQSession.cpp:583] Connection closed with error err=1 msg=Client closed by peer reason=Error in control stream handler proto=h3, client CID=, server CID=b57e507cd85ef24b, local=10.1.0.171:39630, 172.232.23.42:443=upstream, drain=done
ok 5 - publish-namespace-done
  ---
  duration_ms: 225
  negotiated_version: draft-18
  info: PUBLISH_NAMESPACE_OK received, PUBLISH_NAMESPACE_DONE sent
  ...
E1002 01:03:44.995997     1 MoQSession.cpp:5162] No matching subscribe ID=0 sess=0x55a498a5bbe0
ok 6 - subscribe-before-announce
  ---
  duration_ms: 981
  negotiated_version: draft-18
  info: Subscribe returned error (relay doesn't buffer pending subscriptions): peer FINed without terminal reply
  ...
E20261002 01:03:45.804198     1 HQSession.cpp:583] Connection closed with error err=1 msg=Client closed by peer reason=Error in control stream handler proto=h3, client CID=, server CID=13294136d6ecc92f, local=10.1.0.171:55316, 172.232.23.42:443=upstream, drain=done
make[1]: *** [Makefile:122: test-external] Error 1
make[1]: Leaving directory '/home/runner/work/moq-interop-runner/moq-interop-runner/main'
