make[1]: Entering directory '/home/runner/work/moq-interop-runner/moq-interop-runner/main'
Running tests against https://draft-14.cloudflare.mediaoverquic.com:443/moq...
  Client: ghcr.io/facebookexperimental/moxygen-interop-client:latest-amd64
docker run --rm \
	 \
	--network host \
	-e RELAY_URL=https://draft-14.cloudflare.mediaoverquic.com:443/moq \
	-e TLS_DISABLE_VERIFY=false \
	ghcr.io/facebookexperimental/moxygen-interop-client:latest-amd64
TAP version 14
# moxygen interop test client
# Relay: https://draft-14.cloudflare.mediaoverquic.com:443/moq
# Transport: WebTransport
# Offered ALPNs: moqt-18, moqt-16, moqt-15, moq-00
1..6
W1002 01:49:17.455287     1 MoQWebTransportClient.cpp:178] WebTransport: No WT-Protocol header in response, will use legacy version negotiation
ok 1 - setup-only
  ---
  duration_ms: 30
  negotiated_version: draft-14
  info: SETUP exchange completed successfully
  ...
W1002 01:49:17.467553     1 MoQWebTransportClient.cpp:178] WebTransport: No WT-Protocol header in response, will use legacy version negotiation
not ok 2 - announce-only
  ---
  duration_ms: 129
  negotiated_version: draft-14
  error: done
  ...
W1002 01:49:17.596742     1 MoQWebTransportClient.cpp:178] WebTransport: No WT-Protocol header in response, will use legacy version negotiation
E1002 01:49:19.598444     1 MoQSession.cpp:6263] subscribeFuture exception=folly::OperationCancelled: coroutine operation cancelled
not ok 3 - subscribe-error
  ---
  duration_ms: 2011
  negotiated_version: draft-14
  error: Timed out waiting for SUBSCRIBE response
  ...
E20261002 01:49:19.600023     1 HQSession.cpp:583] Connection closed with error err=91141958510811 msg=Client closed by peer reason=stream closed proto=h3, client CID=, server CID=a903e75124548deb, local=10.1.0.171:41207, 162.159.207.5:443=upstream, drain=done
W1002 01:49:19.610260     1 MoQWebTransportClient.cpp:178] WebTransport: No WT-Protocol header in response, will use legacy version negotiation
not ok 4 - announce-subscribe
  ---
  duration_ms: 159
  negotiated_version: draft-14
  error: PUBLISH_NAMESPACE failed: done
  ...
W1002 01:49:19.770011     1 MoQWebTransportClient.cpp:178] WebTransport: No WT-Protocol header in response, will use legacy version negotiation
ok 5 - publish-namespace-done
  ---
  duration_ms: 79
  negotiated_version: draft-14
  info: PUBLISH_NAMESPACE_OK received, PUBLISH_NAMESPACE_DONE sent
  ...
W1002 01:49:19.849690     1 MoQWebTransportClient.cpp:178] WebTransport: No WT-Protocol header in response, will use legacy version negotiation
W1002 01:49:20.361603     1 MoQWebTransportClient.cpp:178] WebTransport: No WT-Protocol header in response, will use legacy version negotiation
E1002 01:49:21.859450     1 MoQWebTransportClient.cpp:203] proxygen::HTTPException: ingress timeout, streamID=0, timeout=2000ms
ok 6 - subscribe-before-announce
  ---
  duration_ms: 2021
  negotiated_version: draft-14
  info: Subscribe returned error (relay doesn't buffer pending subscriptions): Session closed
  ...
E20261002 01:49:21.861225     1 HQSession.cpp:583] Connection closed with error err=91141958510811 msg=Client closed by peer reason=stream closed proto=h3, client CID=, server CID=bfba07045bf95c87, local=10.1.0.171:50511, 162.159.207.5:443=upstream, drain=done
E20261002 01:49:21.861383     1 HQSession.cpp:583] Connection closed with error err=91141958510811 msg=Client closed by peer reason=stream closed proto=h3, client CID=, server CID=04994c9b04d50bac, local=10.1.0.171:42662, 162.159.207.5:443=upstream, drain=done
make[1]: *** [Makefile:122: test-external] Error 1
make[1]: Leaving directory '/home/runner/work/moq-interop-runner/moq-interop-runner/main'
