make[1]: Entering directory '/home/runner/work/moq-interop-runner/moq-interop-runner/main'
Running tests against moqt://fb.mvfst.net:9448...
  Client: ghcr.io/englishm/moq-interop-runner-moq-test-client-draft-18:latest
docker run --rm \
	 \
	--network host \
	-e RELAY_URL=moqt://fb.mvfst.net:9448 \
	-e TLS_DISABLE_VERIFY=1 \
	ghcr.io/englishm/moq-interop-runner-moq-test-client-draft-18:latest
TAP version 14
# moq-test-client v0.1.12
# Relay: moqt://fb.mvfst.net:9448
1..18
[2m2026-09-26T00:50:46.349133Z[0m [32m INFO[0m [2mmoq_native_ietf::quic[0m[2m:[0m UDP socket bound [3mbind[0m[2m=[0m[::]:0 [3mlocal[0m[2m=[0m[::]:55335 [3mdual_stack[0m[2m=[0mtrue
[2m2026-09-26T00:50:46.418511Z[0m [32m INFO[0m [2mmoq_test_client::scenarios[0m[2m:[0m SETUP exchange completed successfully
ok 1 - setup-only
  ---
  duration_ms: 70
  connection_id: 04ea27dc52888f9741f5f98eaf930448
  ...
[2m2026-09-26T00:50:46.419405Z[0m [32m INFO[0m [2mmoq_native_ietf::quic[0m[2m:[0m UDP socket bound [3mbind[0m[2m=[0m[::]:0 [3mlocal[0m[2m=[0m[::]:48367 [3mdual_stack[0m[2m=[0mtrue
[2m2026-09-26T00:50:46.490092Z[0m [32m INFO[0m [2mmoq_test_client::scenarios[0m[2m:[0m Sending PUBLISH_NAMESPACE for: moq-test/interop
[2m2026-09-26T00:50:48.491684Z[0m [32m INFO[0m [2mmoq_test_client::scenarios[0m[2m:[0m PUBLISH_NAMESPACE succeeded (REQUEST_OK received, waiting for subscribers)
ok 2 - publish-namespace-only
  ---
  duration_ms: 2073
  connection_id: ad27950a8624579792c7b49606ad1ba9
  ...
[2m2026-09-26T00:50:48.492769Z[0m [32m INFO[0m [2mmoq_native_ietf::quic[0m[2m:[0m UDP socket bound [3mbind[0m[2m=[0m[::]:0 [3mlocal[0m[2m=[0m[::]:45209 [3mdual_stack[0m[2m=[0mtrue
[2m2026-09-26T00:50:48.561423Z[0m [32m INFO[0m [2mmoq_test_client::scenarios[0m[2m:[0m Subscribing to non-existent track: nonexistent/namespace/test-track
[2m2026-09-26T00:50:48.625191Z[0m [33m WARN[0m [2mmoq_transport::serve::error[0m[2m:[0m [aa0e0b53-f74f-4e6c-8a60-1e55e5304db1] Not found: no such namespace or track at moq-transport/src/session/subscriber.rs:1653
[2m2026-09-26T00:50:48.625424Z[0m [32m INFO[0m [2mmoq_test_client::scenarios[0m[2m:[0m Got expected 'not found' error: not found: Track not found [error:aa0e0b53-f74f-4e6c-8a60-1e55e5304db1]
ok 3 - subscribe-error
  ---
  duration_ms: 133
  connection_id: 56b0eb04c1a6257e3b46c309614c0635
  ...
[2m2026-09-26T00:50:48.626396Z[0m [32m INFO[0m [2mmoq_native_ietf::quic[0m[2m:[0m UDP socket bound [3mbind[0m[2m=[0m[::]:0 [3mlocal[0m[2m=[0m[::]:36633 [3mdual_stack[0m[2m=[0mtrue
[2m2026-09-26T00:50:48.697582Z[0m [32m INFO[0m [2mmoq_native_ietf::quic[0m[2m:[0m UDP socket bound [3mbind[0m[2m=[0m[::]:0 [3mlocal[0m[2m=[0m[::]:38257 [3mdual_stack[0m[2m=[0mtrue
[2m2026-09-26T00:50:48.770142Z[0m [32m INFO[0m [2mmoq_test_client::scenarios[0m[2m:[0m Publisher sending PUBLISH_NAMESPACE: moq-test/interop
[2m2026-09-26T00:50:48.770163Z[0m [32m INFO[0m [2mmoq_test_client::scenarios[0m[2m:[0m Subscriber subscribing to track: moq-test/interop/test-track
[2m2026-09-26T00:50:48.836235Z[0m [33m WARN[0m [2mmoq_transport::serve::error[0m[2m:[0m [b4537d44-c0d7-4bd9-b66d-8816016ed0a4] Not found: no such namespace or track at moq-transport/src/session/subscriber.rs:1653
[2m2026-09-26T00:50:48.836359Z[0m [32m INFO[0m [2mmoq_test_client::scenarios[0m[2m:[0m Subscriber got error: not found: Track not found [error:b4537d44-c0d7-4bd9-b66d-8816016ed0a4] - subscription was processed
ok 4 - publish-namespace-subscribe
  ---
  duration_ms: 210
  publisher_connection_id: 9ffa11b7b60783d61f5d6f50eff2d4eb
  subscriber_connection_id: deb77ab87e92bb37c81cee7ba728811b
  ...
[2m2026-09-26T00:50:48.837440Z[0m [32m INFO[0m [2mmoq_native_ietf::quic[0m[2m:[0m UDP socket bound [3mbind[0m[2m=[0m[::]:0 [3mlocal[0m[2m=[0m[::]:38089 [3mdual_stack[0m[2m=[0mtrue
[2m2026-09-26T00:50:48.907740Z[0m [32m INFO[0m [2mmoq_test_client::scenarios[0m[2m:[0m Subscriber subscribing BEFORE PUBLISH_NAMESPACE: moq-test/interop/test-track
[2m2026-09-26T00:50:48.968510Z[0m [33m WARN[0m [2mmoq_transport::serve::error[0m[2m:[0m [b39fe926-a68e-4838-9f3a-9dd499d568fe] Not found: no such namespace or track at moq-transport/src/session/subscriber.rs:1653
[2m2026-09-26T00:50:49.409076Z[0m [32m INFO[0m [2mmoq_native_ietf::quic[0m[2m:[0m UDP socket bound [3mbind[0m[2m=[0m[::]:0 [3mlocal[0m[2m=[0m[::]:33383 [3mdual_stack[0m[2m=[0mtrue
[2m2026-09-26T00:50:49.477489Z[0m [32m INFO[0m [2mmoq_test_client::scenarios[0m[2m:[0m Publisher sending PUBLISH_NAMESPACE (after subscriber): moq-test/interop
[2m2026-09-26T00:50:52.478827Z[0m [32m INFO[0m [2mmoq_test_client::scenarios[0m[2m:[0m Publisher PUBLISH_NAMESPACE timeout (expected)
[2m2026-09-26T00:50:52.478854Z[0m [32m INFO[0m [2mmoq_test_client::scenarios[0m[2m:[0m Subscriber got error: not found: Track not found [error:b39fe926-a68e-4838-9f3a-9dd499d568fe] (may be expected)
ok 5 - subscribe-before-publish-namespace
  ---
  duration_ms: 3642
  subscriber_connection_id: 327e35f2a13e52b0c554f3df1002b52d
  publisher_connection_id: f00be3f3428934c39b3b36d4525ba5cc
  ...
[2m2026-09-26T00:50:52.480000Z[0m [32m INFO[0m [2mmoq_native_ietf::quic[0m[2m:[0m UDP socket bound [3mbind[0m[2m=[0m[::]:0 [3mlocal[0m[2m=[0m[::]:39430 [3mdual_stack[0m[2m=[0mtrue
[2m2026-09-26T00:50:52.550402Z[0m [32m INFO[0m [2mmoq_test_client::scenarios[0m[2m:[0m Sending PUBLISH_NAMESPACE: moq-test/interop
[2m2026-09-26T00:50:54.551870Z[0m [32m INFO[0m [2mmoq_test_client::scenarios[0m[2m:[0m PUBLISH_NAMESPACE active; sending PUBLISH_NAMESPACE_DONE
ok 6 - publish-namespace-done
  ---
  duration_ms: 2173
  connection_id: 6b255dbb24fd54ee084c6f68cb7577bc
  ...
[2m2026-09-26T00:50:54.652270Z[0m [32m INFO[0m [2mmoq_test_client::scenarios[0m[2m:[0m PUBLISH_NAMESPACE_DONE sent successfully
[2m2026-09-26T00:50:54.653263Z[0m [32m INFO[0m [2mmoq_native_ietf::quic[0m[2m:[0m UDP socket bound [3mbind[0m[2m=[0m[::]:0 [3mlocal[0m[2m=[0m[::]:52816 [3mdual_stack[0m[2m=[0mtrue
[2m2026-09-26T00:50:54.719981Z[0m [32m INFO[0m [2mmoq_test_client::scenarios[0m[2m:[0m Publisher sending direct PUBLISH [3mnamespace[0m[2m=[0m/moq-test/publish [3mtrack[0m[2m=[0m"published-track"
[2m2026-09-26T00:50:54.782498Z[0m [32m INFO[0m [2mmoq_test_client::scenarios[0m[2m:[0m PUBLISH accepted [3mnamespace[0m[2m=[0m/moq-test/publish [3mtrack[0m[2m=[0m"published-track"
[2m2026-09-26T00:50:54.782570Z[0m [32m INFO[0m [2mmoq_test_client::scenarios[0m[2m:[0m PUBLISH completed [3mnamespace[0m[2m=[0m/moq-test/publish [3mtrack[0m[2m=[0m"published-track"
ok 7 - publish-track-only
  ---
  duration_ms: 130
  connection_id: 9462efe9f23ca50d8b6084be6342c6ef
  ...
[2m2026-09-26T00:50:54.783560Z[0m [32m INFO[0m [2mmoq_native_ietf::quic[0m[2m:[0m UDP socket bound [3mbind[0m[2m=[0m[::]:0 [3mlocal[0m[2m=[0m[::]:41152 [3mdual_stack[0m[2m=[0mtrue
[2m2026-09-26T00:50:54.854254Z[0m [32m INFO[0m [2mmoq_native_ietf::quic[0m[2m:[0m UDP socket bound [3mbind[0m[2m=[0m[::]:0 [3mlocal[0m[2m=[0m[::]:43107 [3mdual_stack[0m[2m=[0mtrue
[2m2026-09-26T00:50:54.923501Z[0m [32m INFO[0m [2mmoq_test_client::scenarios[0m[2m:[0m Publisher sending direct PUBLISH before subscriber subscribes [3mnamespace[0m[2m=[0m/moq-test/publish [3mtrack[0m[2m=[0m"published-track"
[2m2026-09-26T00:50:54.987492Z[0m [32m INFO[0m [2mmoq_test_client::scenarios[0m[2m:[0m PUBLISH accepted; starting subscriber [3mnamespace[0m[2m=[0m/moq-test/publish [3mtrack[0m[2m=[0m"published-track"
[2m2026-09-26T00:50:55.047867Z[0m [33m WARN[0m [2mmoq_transport::session[0m[2m:[0m unexpected bidi response message type [3mmsg_type[0m[2m=[0m2
[2m2026-09-26T00:50:55.047890Z[0m [33m WARN[0m [2mmoq_transport::serve::error[0m[2m:[0m [51791903-3ea7-4651-9adb-9ef46537383d] Not implemented: bidi response type 0x2 at moq-transport/src/session/error.rs:89
not ok 8 - publish-track-subscribe
  ---
  duration_ms: 306
  message: "failed serving PUBLISH track: serve error: cancelled: cancelled"
  ...
[2m2026-09-26T00:50:55.089884Z[0m [32m INFO[0m [2mmoq_native_ietf::quic[0m[2m:[0m UDP socket bound [3mbind[0m[2m=[0m[::]:0 [3mlocal[0m[2m=[0m[::]:54536 [3mdual_stack[0m[2m=[0mtrue
[2m2026-09-26T00:50:55.161129Z[0m [32m INFO[0m [2mmoq_test_client::scenarios[0m[2m:[0m Subscribing with RENDEZVOUS_TIMEOUT to a track with no publisher [3mtimeout_ms[0m[2m=[0m500
[2m2026-09-26T00:50:55.725678Z[0m [32m INFO[0m [2mmoq_test_client::scenarios[0m[2m:[0m Received expected REQUEST_ERROR TIMEOUT
ok 9 - rendezvous-timeout
  ---
  duration_ms: 636
  connection_id: db871a6be148f5e0596f143eab796121
  ...
[2m2026-09-26T00:50:55.726642Z[0m [32m INFO[0m [2mmoq_native_ietf::quic[0m[2m:[0m UDP socket bound [3mbind[0m[2m=[0m[::]:0 [3mlocal[0m[2m=[0m[::]:49607 [3mdual_stack[0m[2m=[0mtrue
[2m2026-09-26T00:50:56.002177Z[0m [32m INFO[0m [2mmoq_native_ietf::quic[0m[2m:[0m UDP socket bound [3mbind[0m[2m=[0m[::]:0 [3mlocal[0m[2m=[0m[::]:50746 [3mdual_stack[0m[2m=[0mtrue
[2m2026-09-26T00:50:56.137094Z[0m [32m INFO[0m [2mmoq_test_client::moqtest[0m[2m:[0m PUBLISH accepted and subscription bound; generating objects [3mobjects[0m[2m=[0m15 [3mstreams[0m[2m=[0m3
not ok 10 - moq-test-subgroup-per-group
  ---
  duration_ms: 427
  message: "failed to create subgroup: cancelled"
  ...
[2m2026-09-26T00:50:56.154166Z[0m [32m INFO[0m [2mmoq_native_ietf::quic[0m[2m:[0m UDP socket bound [3mbind[0m[2m=[0m[::]:0 [3mlocal[0m[2m=[0m[::]:39096 [3mdual_stack[0m[2m=[0mtrue
[2m2026-09-26T00:50:56.427781Z[0m [32m INFO[0m [2mmoq_native_ietf::quic[0m[2m:[0m UDP socket bound [3mbind[0m[2m=[0m[::]:0 [3mlocal[0m[2m=[0m[::]:59992 [3mdual_stack[0m[2m=[0mtrue
[2m2026-09-26T00:50:56.563743Z[0m [32m INFO[0m [2mmoq_test_client::moqtest[0m[2m:[0m PUBLISH accepted and subscription bound; generating objects [3mobjects[0m[2m=[0m15 [3mstreams[0m[2m=[0m3
not ok 11 - moq-test-subgroup-per-group-eog
  ---
  duration_ms: 429
  message: "failed to create subgroup: cancelled"
  ...
[2m2026-09-26T00:50:56.583432Z[0m [32m INFO[0m [2mmoq_native_ietf::quic[0m[2m:[0m UDP socket bound [3mbind[0m[2m=[0m[::]:0 [3mlocal[0m[2m=[0m[::]:50521 [3mdual_stack[0m[2m=[0mtrue
[2m2026-09-26T00:50:56.855616Z[0m [32m INFO[0m [2mmoq_native_ietf::quic[0m[2m:[0m UDP socket bound [3mbind[0m[2m=[0m[::]:0 [3mlocal[0m[2m=[0m[::]:39426 [3mdual_stack[0m[2m=[0mtrue
[2m2026-09-26T00:50:56.990690Z[0m [32m INFO[0m [2mmoq_test_client::moqtest[0m[2m:[0m PUBLISH accepted and subscription bound; generating objects [3mobjects[0m[2m=[0m8 [3mstreams[0m[2m=[0m8
not ok 12 - moq-test-subgroup-per-object
  ---
  duration_ms: 411
  message: "failed to create subgroup: cancelled"
  ...
[2m2026-09-26T00:50:56.994423Z[0m [32m INFO[0m [2mmoq_native_ietf::quic[0m[2m:[0m UDP socket bound [3mbind[0m[2m=[0m[::]:0 [3mlocal[0m[2m=[0m[::]:59807 [3mdual_stack[0m[2m=[0mtrue
[2m2026-09-26T00:50:57.267683Z[0m [32m INFO[0m [2mmoq_native_ietf::quic[0m[2m:[0m UDP socket bound [3mbind[0m[2m=[0m[::]:0 [3mlocal[0m[2m=[0m[::]:42130 [3mdual_stack[0m[2m=[0mtrue
[2m2026-09-26T00:50:57.402212Z[0m [32m INFO[0m [2mmoq_test_client::moqtest[0m[2m:[0m PUBLISH accepted and subscription bound; generating objects [3mobjects[0m[2m=[0m18 [3mstreams[0m[2m=[0m6
not ok 13 - moq-test-two-subgroups-eog
  ---
  duration_ms: 430
  message: "failed to create subgroup 0: cancelled"
  ...
[2m2026-09-26T00:50:57.424961Z[0m [32m INFO[0m [2mmoq_native_ietf::quic[0m[2m:[0m UDP socket bound [3mbind[0m[2m=[0m[::]:0 [3mlocal[0m[2m=[0m[::]:33353 [3mdual_stack[0m[2m=[0mtrue
[2m2026-09-26T00:50:57.697537Z[0m [32m INFO[0m [2mmoq_native_ietf::quic[0m[2m:[0m UDP socket bound [3mbind[0m[2m=[0m[::]:0 [3mlocal[0m[2m=[0m[::]:50067 [3mdual_stack[0m[2m=[0mtrue
[2m2026-09-26T00:50:57.853471Z[0m [32m INFO[0m [2mmoq_test_client::moqtest[0m[2m:[0m PUBLISH accepted and subscription bound; generating objects [3mobjects[0m[2m=[0m15 [3mstreams[0m[2m=[0m0
not ok 14 - moq-test-datagram
  ---
  duration_ms: 450
  message: "failed to write datagram: cancelled"
  ...
[2m2026-09-26T00:50:57.875475Z[0m [32m INFO[0m [2mmoq_native_ietf::quic[0m[2m:[0m UDP socket bound [3mbind[0m[2m=[0m[::]:0 [3mlocal[0m[2m=[0m[::]:39510 [3mdual_stack[0m[2m=[0mtrue
[2m2026-09-26T00:50:58.148194Z[0m [32m INFO[0m [2mmoq_native_ietf::quic[0m[2m:[0m UDP socket bound [3mbind[0m[2m=[0m[::]:0 [3mlocal[0m[2m=[0m[::]:46512 [3mdual_stack[0m[2m=[0mtrue
[2m2026-09-26T00:50:58.284172Z[0m [32m INFO[0m [2mmoq_test_client::moqtest[0m[2m:[0m PUBLISH accepted and subscription bound; generating objects [3mobjects[0m[2m=[0m15 [3mstreams[0m[2m=[0m0
not ok 15 - moq-test-datagram-eog
  ---
  duration_ms: 431
  message: "failed to write datagram: cancelled"
  ...
[2m2026-09-26T00:50:58.307139Z[0m [32m INFO[0m [2mmoq_native_ietf::quic[0m[2m:[0m UDP socket bound [3mbind[0m[2m=[0m[::]:0 [3mlocal[0m[2m=[0m[::]:57488 [3mdual_stack[0m[2m=[0mtrue
[2m2026-09-26T00:50:58.579119Z[0m [32m INFO[0m [2mmoq_native_ietf::quic[0m[2m:[0m UDP socket bound [3mbind[0m[2m=[0m[::]:0 [3mlocal[0m[2m=[0m[::]:48043 [3mdual_stack[0m[2m=[0mtrue
[2m2026-09-26T00:50:58.714288Z[0m [32m INFO[0m [2mmoq_test_client::moqtest[0m[2m:[0m PUBLISH accepted and subscription bound; generating objects [3mobjects[0m[2m=[0m15 [3mstreams[0m[2m=[0m3
not ok 16 - moq-test-extensions
  ---
  duration_ms: 426
  message: "failed to create subgroup: cancelled"
  ...
[2m2026-09-26T00:50:58.733665Z[0m [32m INFO[0m [2mmoq_native_ietf::quic[0m[2m:[0m UDP socket bound [3mbind[0m[2m=[0m[::]:0 [3mlocal[0m[2m=[0m[::]:57557 [3mdual_stack[0m[2m=[0mtrue
[2m2026-09-26T00:50:59.006565Z[0m [32m INFO[0m [2mmoq_native_ietf::quic[0m[2m:[0m UDP socket bound [3mbind[0m[2m=[0m[::]:0 [3mlocal[0m[2m=[0m[::]:35073 [3mdual_stack[0m[2m=[0mtrue
[2m2026-09-26T00:50:59.154726Z[0m [32m INFO[0m [2mmoq_test_client::moqtest[0m[2m:[0m PUBLISH accepted and subscription bound; generating objects [3mobjects[0m[2m=[0m9 [3mstreams[0m[2m=[0m3
not ok 17 - moq-test-increments
  ---
  duration_ms: 430
  message: "failed to create subgroup: cancelled"
  ...
[2m2026-09-26T00:50:59.164660Z[0m [32m INFO[0m [2mmoq_native_ietf::quic[0m[2m:[0m UDP socket bound [3mbind[0m[2m=[0m[::]:0 [3mlocal[0m[2m=[0m[::]:58179 [3mdual_stack[0m[2m=[0mtrue
[2m2026-09-26T00:50:59.438780Z[0m [32m INFO[0m [2mmoq_native_ietf::quic[0m[2m:[0m UDP socket bound [3mbind[0m[2m=[0m[::]:0 [3mlocal[0m[2m=[0m[::]:57569 [3mdual_stack[0m[2m=[0mtrue
[2m2026-09-26T00:50:59.575075Z[0m [32m INFO[0m [2mmoq_test_client::moqtest[0m[2m:[0m PUBLISH accepted and subscription bound; generating objects [3mobjects[0m[2m=[0m6 [3mstreams[0m[2m=[0m2
not ok 18 - moq-test-forward-zero
  ---
  duration_ms: 420
  message: "failed to create subgroup: cancelled"
  ...
make[1]: *** [Makefile:122: test-external] Error 1
make[1]: Leaving directory '/home/runner/work/moq-interop-runner/moq-interop-runner/main'
