make[1]: Entering directory '/home/runner/work/moq-interop-runner/moq-interop-runner/main'
Running tests against moqt://moqx-main.ci.openmoq.org:4433...
  Client: ghcr.io/englishm/moq-interop-runner-moq-test-client-draft-18:latest
docker run --rm \
	 \
	--network host \
	-e RELAY_URL=moqt://moqx-main.ci.openmoq.org:4433 \
	-e TLS_DISABLE_VERIFY=false \
	ghcr.io/englishm/moq-interop-runner-moq-test-client-draft-18:latest
TAP version 14
# moq-test-client v0.1.12
# Relay: moqt://moqx-main.ci.openmoq.org:4433
1..18
[2m2026-09-26T00:49:43.925193Z[0m [32m INFO[0m [2mmoq_native_ietf::quic[0m[2m:[0m UDP socket bound [3mbind[0m[2m=[0m[::]:0 [3mlocal[0m[2m=[0m[::]:38328 [3mdual_stack[0m[2m=[0mtrue
ok 1 - setup-only
  ---
  duration_ms: 157
  connection_id: 4e57155027fb08e387c22fa2c1cc0deb
  ...
[2m2026-09-26T00:49:44.081796Z[0m [32m INFO[0m [2mmoq_test_client::scenarios[0m[2m:[0m SETUP exchange completed successfully
[2m2026-09-26T00:49:44.082917Z[0m [32m INFO[0m [2mmoq_native_ietf::quic[0m[2m:[0m UDP socket bound [3mbind[0m[2m=[0m[::]:0 [3mlocal[0m[2m=[0m[::]:45981 [3mdual_stack[0m[2m=[0mtrue
[2m2026-09-26T00:49:44.136039Z[0m [32m INFO[0m [2mmoq_test_client::scenarios[0m[2m:[0m Sending PUBLISH_NAMESPACE for: moq-test/interop
[2m2026-09-26T00:49:46.137608Z[0m [32m INFO[0m [2mmoq_test_client::scenarios[0m[2m:[0m PUBLISH_NAMESPACE succeeded (REQUEST_OK received, waiting for subscribers)
[2m2026-09-26T00:49:46.138754Z[0m [32m INFO[0m [2mmoq_native_ietf::quic[0m[2m:[0m UDP socket bound [3mbind[0m[2m=[0m[::]:0 [3mlocal[0m[2m=[0m[::]:35167 [3mdual_stack[0m[2m=[0mtrue
ok 2 - publish-namespace-only
  ---
  duration_ms: 2055
  connection_id: 0d30d8696c5a5387289af391dba50565
  ...
[2m2026-09-26T00:49:46.194601Z[0m [32m INFO[0m [2mmoq_test_client::scenarios[0m[2m:[0m Subscribing to non-existent track: nonexistent/namespace/test-track
[2m2026-09-26T00:49:46.246442Z[0m [33m WARN[0m [2mmoq_transport::serve::error[0m[2m:[0m [c51d83af-897e-49b6-ac32-82d883b56fb1] Not found: no such namespace or track at moq-transport/src/session/subscriber.rs:1653
[2m2026-09-26T00:49:46.246497Z[0m [32m INFO[0m [2mmoq_test_client::scenarios[0m[2m:[0m Got expected 'not found' error: not found: Track not found [error:c51d83af-897e-49b6-ac32-82d883b56fb1]
ok 3 - subscribe-error
  ---
  duration_ms: 108
  connection_id: a9805c3bc0195bb953881f9e89d30b12
  ...
[2m2026-09-26T00:49:46.247526Z[0m [32m INFO[0m [2mmoq_native_ietf::quic[0m[2m:[0m UDP socket bound [3mbind[0m[2m=[0m[::]:0 [3mlocal[0m[2m=[0m[::]:47564 [3mdual_stack[0m[2m=[0mtrue
[2m2026-09-26T00:49:46.436184Z[0m [32m INFO[0m [2mmoq_native_ietf::quic[0m[2m:[0m UDP socket bound [3mbind[0m[2m=[0m[::]:0 [3mlocal[0m[2m=[0m[::]:39452 [3mdual_stack[0m[2m=[0mtrue
[2m2026-09-26T00:49:46.616788Z[0m [32m INFO[0m [2mmoq_test_client::scenarios[0m[2m:[0m Publisher sending PUBLISH_NAMESPACE: moq-test/interop
[2m2026-09-26T00:49:46.616805Z[0m [32m INFO[0m [2mmoq_test_client::scenarios[0m[2m:[0m Subscriber subscribing to track: moq-test/interop/test-track
[2m2026-09-26T00:49:46.666312Z[0m [33m WARN[0m [2mmoq_transport::serve::error[0m[2m:[0m [bec7a485-a9fc-4cbb-bc47-7c0b817feea1] Not found: no such namespace or track at moq-transport/src/session/subscriber.rs:1653
ok 4 - publish-namespace-subscribe
  ---
  duration_ms: 419
  publisher_connection_id: a4bf3ad94920b9dfb1afc1584ceab6ad
  subscriber_connection_id: 76e19abe55e29e6d2fdfbf663f486d30
  ...
[2m2026-09-26T00:49:46.666454Z[0m [32m INFO[0m [2mmoq_test_client::scenarios[0m[2m:[0m Subscriber got error: not found: Track not found [error:bec7a485-a9fc-4cbb-bc47-7c0b817feea1] - subscription was processed
[2m2026-09-26T00:49:46.667388Z[0m [32m INFO[0m [2mmoq_native_ietf::quic[0m[2m:[0m UDP socket bound [3mbind[0m[2m=[0m[::]:0 [3mlocal[0m[2m=[0m[::]:41873 [3mdual_stack[0m[2m=[0mtrue
[2m2026-09-26T00:49:47.033615Z[0m [32m INFO[0m [2mmoq_test_client::scenarios[0m[2m:[0m Subscriber subscribing BEFORE PUBLISH_NAMESPACE: moq-test/interop/test-track
[2m2026-09-26T00:49:47.084387Z[0m [33m WARN[0m [2mmoq_transport::serve::error[0m[2m:[0m [fb791079-bb47-405e-bf09-7fa8a7e00521] Not found: no such namespace or track at moq-transport/src/session/subscriber.rs:1653
[2m2026-09-26T00:49:47.535747Z[0m [32m INFO[0m [2mmoq_native_ietf::quic[0m[2m:[0m UDP socket bound [3mbind[0m[2m=[0m[::]:0 [3mlocal[0m[2m=[0m[::]:55344 [3mdual_stack[0m[2m=[0mtrue
[2m2026-09-26T00:49:47.589277Z[0m [32m INFO[0m [2mmoq_test_client::scenarios[0m[2m:[0m Publisher sending PUBLISH_NAMESPACE (after subscriber): moq-test/interop
[2m2026-09-26T00:49:50.590615Z[0m [32m INFO[0m [2mmoq_test_client::scenarios[0m[2m:[0m Publisher PUBLISH_NAMESPACE timeout (expected)
[2m2026-09-26T00:49:50.590638Z[0m [32m INFO[0m [2mmoq_test_client::scenarios[0m[2m:[0m Subscriber got error: not found: Track not found [error:fb791079-bb47-405e-bf09-7fa8a7e00521] (may be expected)
ok 5 - subscribe-before-publish-namespace
  ---
  duration_ms: 3924
  subscriber_connection_id: ecb8157530b5a7f41fc32478fa1b6d57
  publisher_connection_id: 25520f45edd19436b76cf21ea54564fb
  ...
[2m2026-09-26T00:49:50.591688Z[0m [32m INFO[0m [2mmoq_native_ietf::quic[0m[2m:[0m UDP socket bound [3mbind[0m[2m=[0m[::]:0 [3mlocal[0m[2m=[0m[::]:34223 [3mdual_stack[0m[2m=[0mtrue
[2m2026-09-26T00:49:50.645032Z[0m [32m INFO[0m [2mmoq_test_client::scenarios[0m[2m:[0m Sending PUBLISH_NAMESPACE: moq-test/interop
[2m2026-09-26T00:49:52.646169Z[0m [32m INFO[0m [2mmoq_test_client::scenarios[0m[2m:[0m PUBLISH_NAMESPACE active; sending PUBLISH_NAMESPACE_DONE
ok 6 - publish-namespace-done
  ---
  duration_ms: 2156
  connection_id: 9958849fda2bd936e423b8e4e01fa3ea
  ...
[2m2026-09-26T00:49:52.747688Z[0m [32m INFO[0m [2mmoq_test_client::scenarios[0m[2m:[0m PUBLISH_NAMESPACE_DONE sent successfully
[2m2026-09-26T00:49:52.748660Z[0m [32m INFO[0m [2mmoq_native_ietf::quic[0m[2m:[0m UDP socket bound [3mbind[0m[2m=[0m[::]:0 [3mlocal[0m[2m=[0m[::]:41453 [3mdual_stack[0m[2m=[0mtrue
[2m2026-09-26T00:49:52.803534Z[0m [32m INFO[0m [2mmoq_test_client::scenarios[0m[2m:[0m Publisher sending direct PUBLISH [3mnamespace[0m[2m=[0m/moq-test/publish [3mtrack[0m[2m=[0m"published-track"
[2m2026-09-26T00:49:52.854280Z[0m [32m INFO[0m [2mmoq_test_client::scenarios[0m[2m:[0m PUBLISH accepted [3mnamespace[0m[2m=[0m/moq-test/publish [3mtrack[0m[2m=[0m"published-track"
[2m2026-09-26T00:49:52.854380Z[0m [32m INFO[0m [2mmoq_test_client::scenarios[0m[2m:[0m PUBLISH completed [3mnamespace[0m[2m=[0m/moq-test/publish [3mtrack[0m[2m=[0m"published-track"
ok 7 - publish-track-only
  ---
  duration_ms: 106
  connection_id: b6dbc59c3378e56d17f2550743e0ae5e
  ...
[2m2026-09-26T00:49:52.855344Z[0m [32m INFO[0m [2mmoq_native_ietf::quic[0m[2m:[0m UDP socket bound [3mbind[0m[2m=[0m[::]:0 [3mlocal[0m[2m=[0m[::]:55608 [3mdual_stack[0m[2m=[0mtrue
[2m2026-09-26T00:49:52.913279Z[0m [32m INFO[0m [2mmoq_native_ietf::quic[0m[2m:[0m UDP socket bound [3mbind[0m[2m=[0m[::]:0 [3mlocal[0m[2m=[0m[::]:58293 [3mdual_stack[0m[2m=[0mtrue
[2m2026-09-26T00:49:52.966078Z[0m [32m INFO[0m [2mmoq_test_client::scenarios[0m[2m:[0m Publisher sending direct PUBLISH before subscriber subscribes [3mnamespace[0m[2m=[0m/moq-test/publish [3mtrack[0m[2m=[0m"published-track"
[2m2026-09-26T00:49:53.015043Z[0m [32m INFO[0m [2mmoq_test_client::scenarios[0m[2m:[0m PUBLISH accepted; starting subscriber [3mnamespace[0m[2m=[0m/moq-test/publish [3mtrack[0m[2m=[0m"published-track"
[2m2026-09-26T00:49:53.064099Z[0m [33m WARN[0m [2mmoq_transport::session[0m[2m:[0m unexpected bidi response message type [3mmsg_type[0m[2m=[0m2
[2m2026-09-26T00:49:53.064123Z[0m [33m WARN[0m [2mmoq_transport::serve::error[0m[2m:[0m [ac2c254b-a6e3-4092-9915-2acd3cba13f6] Not implemented: bidi response type 0x2 at moq-transport/src/session/error.rs:89
not ok 8 - publish-track-subscribe
  ---
  duration_ms: 262
  message: "failed serving PUBLISH track: serve error: cancelled: cancelled"
  ...
[2m2026-09-26T00:49:53.118158Z[0m [32m INFO[0m [2mmoq_native_ietf::quic[0m[2m:[0m UDP socket bound [3mbind[0m[2m=[0m[::]:0 [3mlocal[0m[2m=[0m[::]:49280 [3mdual_stack[0m[2m=[0mtrue
[2m2026-09-26T00:49:53.173780Z[0m [32m INFO[0m [2mmoq_test_client::scenarios[0m[2m:[0m Subscribing with RENDEZVOUS_TIMEOUT to a track with no publisher [3mtimeout_ms[0m[2m=[0m500
ok 9 - rendezvous-timeout
  ---
  duration_ms: 618
  connection_id: 35100a985b802a5bc0dbda21dd43a4cb
  ...
[2m2026-09-26T00:49:53.736069Z[0m [32m INFO[0m [2mmoq_test_client::scenarios[0m[2m:[0m Received expected REQUEST_ERROR TIMEOUT
[2m2026-09-26T00:49:53.736978Z[0m [32m INFO[0m [2mmoq_native_ietf::quic[0m[2m:[0m UDP socket bound [3mbind[0m[2m=[0m[::]:0 [3mlocal[0m[2m=[0m[::]:49773 [3mdual_stack[0m[2m=[0mtrue
[2m2026-09-26T00:49:54.041830Z[0m [32m INFO[0m [2mmoq_native_ietf::quic[0m[2m:[0m UDP socket bound [3mbind[0m[2m=[0m[::]:0 [3mlocal[0m[2m=[0m[::]:45993 [3mdual_stack[0m[2m=[0mtrue
[2m2026-09-26T00:49:54.241969Z[0m [33m WARN[0m [2mmoq_transport::session[0m[2m:[0m unexpected bidi response message type [3mmsg_type[0m[2m=[0m2
[2m2026-09-26T00:49:54.241991Z[0m [33m WARN[0m [2mmoq_transport::serve::error[0m[2m:[0m [fac89bed-30ab-40af-93ae-cc3316b5a098] Not implemented: bidi response type 0x2 at moq-transport/src/session/error.rs:89
not ok 10 - moq-test-subgroup-per-group
  ---
  duration_ms: 505
  message: "PUBLISH was rejected: cancelled"
  ...
[2m2026-09-26T00:49:54.242961Z[0m [32m INFO[0m [2mmoq_native_ietf::quic[0m[2m:[0m UDP socket bound [3mbind[0m[2m=[0m[::]:0 [3mlocal[0m[2m=[0m[::]:57316 [3mdual_stack[0m[2m=[0mtrue
[2m2026-09-26T00:49:54.634552Z[0m [32m INFO[0m [2mmoq_native_ietf::quic[0m[2m:[0m UDP socket bound [3mbind[0m[2m=[0m[::]:0 [3mlocal[0m[2m=[0m[::]:58501 [3mdual_stack[0m[2m=[0mtrue
[2m2026-09-26T00:49:54.843924Z[0m [33m WARN[0m [2mmoq_transport::session[0m[2m:[0m unexpected bidi response message type [3mmsg_type[0m[2m=[0m2
[2m2026-09-26T00:49:54.843951Z[0m [33m WARN[0m [2mmoq_transport::serve::error[0m[2m:[0m [d52d2c01-df69-4dc1-9861-bb554955a199] Not implemented: bidi response type 0x2 at moq-transport/src/session/error.rs:89
not ok 11 - moq-test-subgroup-per-group-eog
  ---
  duration_ms: 602
  message: "PUBLISH was rejected: cancelled"
  ...
[2m2026-09-26T00:49:54.845134Z[0m [32m INFO[0m [2mmoq_native_ietf::quic[0m[2m:[0m UDP socket bound [3mbind[0m[2m=[0m[::]:0 [3mlocal[0m[2m=[0m[::]:46381 [3mdual_stack[0m[2m=[0mtrue
[2m2026-09-26T00:49:55.203869Z[0m [32m INFO[0m [2mmoq_native_ietf::quic[0m[2m:[0m UDP socket bound [3mbind[0m[2m=[0m[::]:0 [3mlocal[0m[2m=[0m[::]:51526 [3mdual_stack[0m[2m=[0mtrue
[2m2026-09-26T00:49:55.307127Z[0m [32m INFO[0m [2mmoq_test_client::moqtest[0m[2m:[0m PUBLISH accepted and subscription bound; generating objects [3mobjects[0m[2m=[0m8 [3mstreams[0m[2m=[0m8
not ok 12 - moq-test-subgroup-per-object
  ---
  duration_ms: 466
  message: "failed to create subgroup: cancelled"
  ...
[2m2026-09-26T00:49:55.311446Z[0m [32m INFO[0m [2mmoq_native_ietf::quic[0m[2m:[0m UDP socket bound [3mbind[0m[2m=[0m[::]:0 [3mlocal[0m[2m=[0m[::]:41806 [3mdual_stack[0m[2m=[0mtrue
[2m2026-09-26T00:49:55.662961Z[0m [32m INFO[0m [2mmoq_native_ietf::quic[0m[2m:[0m UDP socket bound [3mbind[0m[2m=[0m[::]:0 [3mlocal[0m[2m=[0m[::]:51420 [3mdual_stack[0m[2m=[0mtrue
[2m2026-09-26T00:49:55.770862Z[0m [33m WARN[0m [2mmoq_transport::session[0m[2m:[0m unexpected bidi response message type [3mmsg_type[0m[2m=[0m2
[2m2026-09-26T00:49:55.770882Z[0m [33m WARN[0m [2mmoq_transport::serve::error[0m[2m:[0m [4614ebd9-7c38-4575-91e0-bea02b269edc] Not implemented: bidi response type 0x2 at moq-transport/src/session/error.rs:89
[2m2026-09-26T00:49:55.770910Z[0m [32m INFO[0m [2mmoq_test_client::moqtest[0m[2m:[0m PUBLISH accepted and subscription bound; generating objects [3mobjects[0m[2m=[0m18 [3mstreams[0m[2m=[0m6
not ok 13 - moq-test-two-subgroups-eog
  ---
  duration_ms: 481
  message: "failed to create subgroup 0: cancelled"
  ...
[2m2026-09-26T00:49:55.792901Z[0m [32m INFO[0m [2mmoq_native_ietf::quic[0m[2m:[0m UDP socket bound [3mbind[0m[2m=[0m[::]:0 [3mlocal[0m[2m=[0m[::]:45414 [3mdual_stack[0m[2m=[0mtrue
[2m2026-09-26T00:49:56.048159Z[0m [32m INFO[0m [2mmoq_native_ietf::quic[0m[2m:[0m UDP socket bound [3mbind[0m[2m=[0m[::]:0 [3mlocal[0m[2m=[0m[::]:50428 [3mdual_stack[0m[2m=[0mtrue
[2m2026-09-26T00:49:56.258057Z[0m [33m WARN[0m [2mmoq_transport::session[0m[2m:[0m unexpected bidi response message type [3mmsg_type[0m[2m=[0m2
[2m2026-09-26T00:49:56.258084Z[0m [33m WARN[0m [2mmoq_transport::serve::error[0m[2m:[0m [4ab75d24-a542-4c28-a8f5-94568f3da7b9] Not implemented: bidi response type 0x2 at moq-transport/src/session/error.rs:89
[2m2026-09-26T00:49:56.258588Z[0m [32m INFO[0m [2mmoq_test_client::moqtest[0m[2m:[0m PUBLISH accepted and subscription bound; generating objects [3mobjects[0m[2m=[0m15 [3mstreams[0m[2m=[0m0
not ok 14 - moq-test-datagram
  ---
  duration_ms: 487
  message: "failed to write datagram: cancelled"
  ...
[2m2026-09-26T00:49:56.280982Z[0m [32m INFO[0m [2mmoq_native_ietf::quic[0m[2m:[0m UDP socket bound [3mbind[0m[2m=[0m[::]:0 [3mlocal[0m[2m=[0m[::]:58829 [3mdual_stack[0m[2m=[0mtrue
[2m2026-09-26T00:49:56.538056Z[0m [32m INFO[0m [2mmoq_native_ietf::quic[0m[2m:[0m UDP socket bound [3mbind[0m[2m=[0m[::]:0 [3mlocal[0m[2m=[0m[::]:47277 [3mdual_stack[0m[2m=[0mtrue
[2m2026-09-26T00:49:56.644881Z[0m [33m WARN[0m [2mmoq_transport::session[0m[2m:[0m unexpected bidi response message type [3mmsg_type[0m[2m=[0m2
[2m2026-09-26T00:49:56.644903Z[0m [33m WARN[0m [2mmoq_transport::serve::error[0m[2m:[0m [a4da0471-3795-449f-95ae-9a7d634f3a94] Not implemented: bidi response type 0x2 at moq-transport/src/session/error.rs:89
[2m2026-09-26T00:49:56.645152Z[0m [32m INFO[0m [2mmoq_test_client::moqtest[0m[2m:[0m PUBLISH accepted and subscription bound; generating objects [3mobjects[0m[2m=[0m15 [3mstreams[0m[2m=[0m0
not ok 15 - moq-test-datagram-eog
  ---
  duration_ms: 386
  message: "failed to write datagram: cancelled"
  ...
[2m2026-09-26T00:49:56.667558Z[0m [32m INFO[0m [2mmoq_native_ietf::quic[0m[2m:[0m UDP socket bound [3mbind[0m[2m=[0m[::]:0 [3mlocal[0m[2m=[0m[::]:59652 [3mdual_stack[0m[2m=[0mtrue
[2m2026-09-26T00:49:56.925227Z[0m [32m INFO[0m [2mmoq_native_ietf::quic[0m[2m:[0m UDP socket bound [3mbind[0m[2m=[0m[::]:0 [3mlocal[0m[2m=[0m[::]:57711 [3mdual_stack[0m[2m=[0mtrue
[2m2026-09-26T00:49:57.028166Z[0m [33m WARN[0m [2mmoq_transport::session[0m[2m:[0m unexpected bidi response message type [3mmsg_type[0m[2m=[0m2
[2m2026-09-26T00:49:57.028187Z[0m [33m WARN[0m [2mmoq_transport::serve::error[0m[2m:[0m [cc405aa8-34c8-4fa0-b5af-6b3261b9518f] Not implemented: bidi response type 0x2 at moq-transport/src/session/error.rs:89
not ok 16 - moq-test-extensions
  ---
  duration_ms: 361
  message: "PUBLISH was rejected: cancelled"
  ...
[2m2026-09-26T00:49:57.029159Z[0m [32m INFO[0m [2mmoq_native_ietf::quic[0m[2m:[0m UDP socket bound [3mbind[0m[2m=[0m[::]:0 [3mlocal[0m[2m=[0m[::]:54344 [3mdual_stack[0m[2m=[0mtrue
[2m2026-09-26T00:49:57.413786Z[0m [32m INFO[0m [2mmoq_native_ietf::quic[0m[2m:[0m UDP socket bound [3mbind[0m[2m=[0m[::]:0 [3mlocal[0m[2m=[0m[::]:40849 [3mdual_stack[0m[2m=[0mtrue
[2m2026-09-26T00:49:57.521119Z[0m [32m INFO[0m [2mmoq_test_client::moqtest[0m[2m:[0m PUBLISH accepted and subscription bound; generating objects [3mobjects[0m[2m=[0m9 [3mstreams[0m[2m=[0m3
not ok 17 - moq-test-increments
  ---
  duration_ms: 502
  message: "failed to create subgroup: cancelled"
  ...
[2m2026-09-26T00:49:57.531496Z[0m [32m INFO[0m [2mmoq_native_ietf::quic[0m[2m:[0m UDP socket bound [3mbind[0m[2m=[0m[::]:0 [3mlocal[0m[2m=[0m[::]:49705 [3mdual_stack[0m[2m=[0mtrue
[2m2026-09-26T00:49:57.788819Z[0m [32m INFO[0m [2mmoq_native_ietf::quic[0m[2m:[0m UDP socket bound [3mbind[0m[2m=[0m[::]:0 [3mlocal[0m[2m=[0m[::]:37152 [3mdual_stack[0m[2m=[0mtrue
[2m2026-09-26T00:49:58.157578Z[0m [32m INFO[0m [2mmoq_test_client::moqtest[0m[2m:[0m PUBLISH accepted and subscription bound; generating objects [3mobjects[0m[2m=[0m6 [3mstreams[0m[2m=[0m2
not ok 18 - moq-test-forward-zero
  ---
  duration_ms: 636
  message: "failed to create subgroup: cancelled"
  ...
make[1]: *** [Makefile:122: test-external] Error 1
make[1]: Leaving directory '/home/runner/work/moq-interop-runner/moq-interop-runner/main'
