make[1]: Entering directory '/home/runner/work/moq-interop-runner/moq-interop-runner/main'
Running tests against https://34-72-6-160.sslip.io:443...
  Client: ghcr.io/englishm/moq-interop-runner-moq-test-client-draft-14:latest
docker run --rm \
	 \
	--network host \
	-e RELAY_URL=https://34-72-6-160.sslip.io:443 \
	-e TLS_DISABLE_VERIFY=false \
	ghcr.io/englishm/moq-interop-runner-moq-test-client-draft-14:latest
TAP version 14
# moq-test-client v0.1.7
# Relay: https://34-72-6-160.sslip.io/
1..6
[2m2026-09-26T01:48:44.523026Z[0m [32m INFO[0m [2mmoq_native_ietf::quic[0m[2m:[0m UDP socket bound [3mbind[0m[2m=[0m[::]:0 [3mlocal[0m[2m=[0m[::]:35178 [3mdual_stack[0m[2m=[0mtrue
[2m2026-09-26T01:48:45.034045Z[0m [32m INFO[0m [2mmoq_test_client::scenarios[0m[2m:[0m SETUP exchange completed successfully
ok 1 - setup-only
  ---
  duration_ms: 511
  connection_id: d80d65dfac3e882d628d7098e4a4b5e4
  ...
[2m2026-09-26T01:48:45.034913Z[0m [32m INFO[0m [2mmoq_native_ietf::quic[0m[2m:[0m UDP socket bound [3mbind[0m[2m=[0m[::]:0 [3mlocal[0m[2m=[0m[::]:34065 [3mdual_stack[0m[2m=[0mtrue
[2m2026-09-26T01:48:45.084211Z[0m [33m WARN[0m [2mweb_transport_quinn::session[0m[2m:[0m unknown capsule [3mtyp[0m[2m=[0m0 [3msize[0m[2m=[0m7
[2m2026-09-26T01:48:45.400507Z[0m [32m INFO[0m [2mmoq_test_client::scenarios[0m[2m:[0m Announcing namespace: moq-test/interop
[2m2026-09-26T01:48:45.400560Z[0m [33m WARN[0m [2mmoq_transport::serve::error[0m[2m:[0m [3b983d8c-fcf3-45a9-b32f-9bec5c2a0bfc] Not implemented: SUBSCRIBE_NAMESPACE at moq-transport/src/session/error.rs:77
[2m2026-09-26T01:48:45.400566Z[0m [33m WARN[0m [2mmoq_transport::session::publisher[0m[2m:[0m failed to process message: serve error: not implemented: Feature not implemented [error:3b983d8c-fcf3-45a9-b32f-9bec5c2a0bfc]
[2m2026-09-26T01:48:45.400573Z[0m [33m WARN[0m [2mmoq_transport::serve::error[0m[2m:[0m [c13147fe-0b62-4ad5-ba35-9a40771ca2d1] Not implemented: SUBSCRIBE_NAMESPACE at moq-transport/src/session/error.rs:77
[2m2026-09-26T01:48:45.400575Z[0m [33m WARN[0m [2mmoq_transport::session::publisher[0m[2m:[0m failed to process message: serve error: not implemented: Feature not implemented [error:c13147fe-0b62-4ad5-ba35-9a40771ca2d1]
[2m2026-09-26T01:48:45.400577Z[0m [33m WARN[0m [2mmoq_transport::serve::error[0m[2m:[0m [76666249-02dc-42f5-a7b9-534fc05892bf] Not implemented: SUBSCRIBE_NAMESPACE at moq-transport/src/session/error.rs:77
[2m2026-09-26T01:48:45.400580Z[0m [33m WARN[0m [2mmoq_transport::session::publisher[0m[2m:[0m failed to process message: serve error: not implemented: Feature not implemented [error:76666249-02dc-42f5-a7b9-534fc05892bf]
[2m2026-09-26T01:48:47.403644Z[0m [32m INFO[0m [2mmoq_test_client::scenarios[0m[2m:[0m Announce succeeded (no error received, waiting for subscriptions timed out)
ok 2 - announce-only
  ---
  duration_ms: 2369
  connection_id: 7ab91a35042c962563d901d52b43791b
  ...
[2m2026-09-26T01:48:47.404565Z[0m [32m INFO[0m [2mmoq_native_ietf::quic[0m[2m:[0m UDP socket bound [3mbind[0m[2m=[0m[::]:0 [3mlocal[0m[2m=[0m[::]:59075 [3mdual_stack[0m[2m=[0mtrue
[2m2026-09-26T01:48:47.450562Z[0m [33m WARN[0m [2mweb_transport_quinn::session[0m[2m:[0m unknown capsule [3mtyp[0m[2m=[0m0 [3msize[0m[2m=[0m7
[2m2026-09-26T01:48:47.619546Z[0m [32m INFO[0m [2mmoq_test_client::scenarios[0m[2m:[0m Subscribing to non-existent track: nonexistent/namespace/test-track
[2m2026-09-26T01:48:47.619582Z[0m [33m WARN[0m [2mmoq_transport::serve::error[0m[2m:[0m [bba5bcc4-3f2e-4f64-818e-532286c583d7] Not implemented: SUBSCRIBE_NAMESPACE at moq-transport/src/session/error.rs:77
[2m2026-09-26T01:48:47.619588Z[0m [33m WARN[0m [2mmoq_transport::session::publisher[0m[2m:[0m failed to process message: serve error: not implemented: Feature not implemented [error:bba5bcc4-3f2e-4f64-818e-532286c583d7]
[2m2026-09-26T01:48:47.619597Z[0m [33m WARN[0m [2mmoq_transport::serve::error[0m[2m:[0m [92dabfce-7b57-4104-9157-cf1adbb2e26e] Not implemented: SUBSCRIBE_NAMESPACE at moq-transport/src/session/error.rs:77
[2m2026-09-26T01:48:47.619599Z[0m [33m WARN[0m [2mmoq_transport::session::publisher[0m[2m:[0m failed to process message: serve error: not implemented: Feature not implemented [error:92dabfce-7b57-4104-9157-cf1adbb2e26e]
[2m2026-09-26T01:48:47.619603Z[0m [33m WARN[0m [2mmoq_transport::serve::error[0m[2m:[0m [a49da812-291a-4de2-ad5d-9962c8909035] Not implemented: SUBSCRIBE_NAMESPACE at moq-transport/src/session/error.rs:77
[2m2026-09-26T01:48:47.619606Z[0m [33m WARN[0m [2mmoq_transport::session::publisher[0m[2m:[0m failed to process message: serve error: not implemented: Feature not implemented [error:a49da812-291a-4de2-ad5d-9962c8909035]
[2m2026-09-26T01:48:47.667233Z[0m [33m WARN[0m [2mmoq_test_client::scenarios[0m[2m:[0m Got error but not clearly 'not found': closed, code=4. This may indicate a different error type than expected.
ok 3 - subscribe-error
  ---
  duration_ms: 263
  connection_id: 4a6fc2ed7d1318b0be618cfd0c68f6e9
  ...
[2m2026-09-26T01:48:47.668225Z[0m [32m INFO[0m [2mmoq_native_ietf::quic[0m[2m:[0m UDP socket bound [3mbind[0m[2m=[0m[::]:0 [3mlocal[0m[2m=[0m[::]:41322 [3mdual_stack[0m[2m=[0mtrue
[2m2026-09-26T01:48:47.714654Z[0m [33m WARN[0m [2mweb_transport_quinn::session[0m[2m:[0m unknown capsule [3mtyp[0m[2m=[0m0 [3msize[0m[2m=[0m7
[2m2026-09-26T01:48:48.086514Z[0m [32m INFO[0m [2mmoq_native_ietf::quic[0m[2m:[0m UDP socket bound [3mbind[0m[2m=[0m[::]:0 [3mlocal[0m[2m=[0m[::]:47806 [3mdual_stack[0m[2m=[0mtrue
[2m2026-09-26T01:48:48.280679Z[0m [32m INFO[0m [2mmoq_test_client::scenarios[0m[2m:[0m Publisher announcing namespace: moq-test/interop
[2m2026-09-26T01:48:48.280700Z[0m [32m INFO[0m [2mmoq_test_client::scenarios[0m[2m:[0m Subscriber subscribing to track: moq-test/interop/test-track
[2m2026-09-26T01:48:48.280725Z[0m [33m WARN[0m [2mmoq_transport::serve::error[0m[2m:[0m [8a841bf7-200a-4938-982c-7576b2b7f906] Not implemented: SUBSCRIBE_NAMESPACE at moq-transport/src/session/error.rs:77
[2m2026-09-26T01:48:48.280729Z[0m [33m WARN[0m [2mmoq_transport::session::publisher[0m[2m:[0m failed to process message: serve error: not implemented: Feature not implemented [error:8a841bf7-200a-4938-982c-7576b2b7f906]
[2m2026-09-26T01:48:48.280736Z[0m [33m WARN[0m [2mmoq_transport::serve::error[0m[2m:[0m [5d3bd3b1-4af3-47a9-81e7-8ee4823ce38a] Not implemented: SUBSCRIBE_NAMESPACE at moq-transport/src/session/error.rs:77
[2m2026-09-26T01:48:48.280775Z[0m [33m WARN[0m [2mmoq_transport::session::publisher[0m[2m:[0m failed to process message: serve error: not implemented: Feature not implemented [error:5d3bd3b1-4af3-47a9-81e7-8ee4823ce38a]
[2m2026-09-26T01:48:48.280780Z[0m [33m WARN[0m [2mmoq_transport::serve::error[0m[2m:[0m [dd5c08b6-ae41-45d5-9f2f-c665c595778c] Not implemented: SUBSCRIBE_NAMESPACE at moq-transport/src/session/error.rs:77
[2m2026-09-26T01:48:48.280783Z[0m [33m WARN[0m [2mmoq_transport::session::publisher[0m[2m:[0m failed to process message: serve error: not implemented: Feature not implemented [error:dd5c08b6-ae41-45d5-9f2f-c665c595778c]
[2m2026-09-26T01:48:48.280834Z[0m [33m WARN[0m [2mmoq_transport::serve::error[0m[2m:[0m [8ee040f3-e423-46ec-8bec-8a690f91b8cf] Not implemented: SUBSCRIBE_NAMESPACE at moq-transport/src/session/error.rs:77
[2m2026-09-26T01:48:48.280842Z[0m [33m WARN[0m [2mmoq_transport::session::publisher[0m[2m:[0m failed to process message: serve error: not implemented: Feature not implemented [error:8ee040f3-e423-46ec-8bec-8a690f91b8cf]
[2m2026-09-26T01:48:48.280971Z[0m [33m WARN[0m [2mmoq_transport::serve::error[0m[2m:[0m [ef82f24b-b132-4e33-bea8-c5027d4b49dd] Not implemented: SUBSCRIBE_NAMESPACE at moq-transport/src/session/error.rs:77
[2m2026-09-26T01:48:48.280979Z[0m [33m WARN[0m [2mmoq_transport::session::publisher[0m[2m:[0m failed to process message: serve error: not implemented: Feature not implemented [error:ef82f24b-b132-4e33-bea8-c5027d4b49dd]
[2m2026-09-26T01:48:48.280982Z[0m [33m WARN[0m [2mmoq_transport::serve::error[0m[2m:[0m [5a18e23d-ced3-40e4-89ec-06f862dd66fe] Not implemented: SUBSCRIBE_NAMESPACE at moq-transport/src/session/error.rs:77
[2m2026-09-26T01:48:48.280984Z[0m [33m WARN[0m [2mmoq_transport::session::publisher[0m[2m:[0m failed to process message: serve error: not implemented: Feature not implemented [error:5a18e23d-ced3-40e4-89ec-06f862dd66fe]
[2m2026-09-26T01:48:51.281435Z[0m [32m INFO[0m [2mmoq_test_client::scenarios[0m[2m:[0m Test timeout reached - subscription routing may still be in progress
ok 4 - announce-subscribe
  ---
  duration_ms: 3614
  publisher_connection_id: 4c6c47fda0ecdbb7158e2073920b20cc
  subscriber_connection_id: 53968fe11bfb1ddeb8a1509808df932f
  ...
[2m2026-09-26T01:48:51.282555Z[0m [32m INFO[0m [2mmoq_native_ietf::quic[0m[2m:[0m UDP socket bound [3mbind[0m[2m=[0m[::]:0 [3mlocal[0m[2m=[0m[::]:38353 [3mdual_stack[0m[2m=[0mtrue
[2m2026-09-26T01:48:51.328428Z[0m [33m WARN[0m [2mweb_transport_quinn::session[0m[2m:[0m unknown capsule [3mtyp[0m[2m=[0m0 [3msize[0m[2m=[0m7
[2m2026-09-26T01:48:51.328584Z[0m [33m WARN[0m [2mweb_transport_quinn::session[0m[2m:[0m unknown capsule [3mtyp[0m[2m=[0m0 [3msize[0m[2m=[0m7
[2m2026-09-26T01:48:51.650867Z[0m [32m INFO[0m [2mmoq_test_client::scenarios[0m[2m:[0m Subscriber subscribing BEFORE announce: moq-test/interop/test-track
[2m2026-09-26T01:48:51.650979Z[0m [33m WARN[0m [2mmoq_transport::serve::error[0m[2m:[0m [b29b9412-7fb9-40c1-82cf-8474caf1ed6f] Not implemented: SUBSCRIBE_NAMESPACE at moq-transport/src/session/error.rs:77
[2m2026-09-26T01:48:51.650994Z[0m [33m WARN[0m [2mmoq_transport::session::publisher[0m[2m:[0m failed to process message: serve error: not implemented: Feature not implemented [error:b29b9412-7fb9-40c1-82cf-8474caf1ed6f]
[2m2026-09-26T01:48:51.651005Z[0m [33m WARN[0m [2mmoq_transport::serve::error[0m[2m:[0m [64c6f2d0-e697-4587-adda-8afb9620221d] Not implemented: SUBSCRIBE_NAMESPACE at moq-transport/src/session/error.rs:77
[2m2026-09-26T01:48:51.651008Z[0m [33m WARN[0m [2mmoq_transport::session::publisher[0m[2m:[0m failed to process message: serve error: not implemented: Feature not implemented [error:64c6f2d0-e697-4587-adda-8afb9620221d]
[2m2026-09-26T01:48:51.651012Z[0m [33m WARN[0m [2mmoq_transport::serve::error[0m[2m:[0m [50a86443-925a-4d41-9350-10f1f2eddb78] Not implemented: SUBSCRIBE_NAMESPACE at moq-transport/src/session/error.rs:77
[2m2026-09-26T01:48:51.651014Z[0m [33m WARN[0m [2mmoq_transport::session::publisher[0m[2m:[0m failed to process message: serve error: not implemented: Feature not implemented [error:50a86443-925a-4d41-9350-10f1f2eddb78]
[2m2026-09-26T01:48:51.746912Z[0m [33m WARN[0m [2mweb_transport_quinn::session[0m[2m:[0m unknown capsule [3mtyp[0m[2m=[0m0 [3msize[0m[2m=[0m7
[2m2026-09-26T01:48:52.153382Z[0m [32m INFO[0m [2mmoq_native_ietf::quic[0m[2m:[0m UDP socket bound [3mbind[0m[2m=[0m[::]:0 [3mlocal[0m[2m=[0m[::]:43004 [3mdual_stack[0m[2m=[0mtrue
[2m2026-09-26T01:48:52.522178Z[0m [32m INFO[0m [2mmoq_test_client::scenarios[0m[2m:[0m Publisher announcing namespace (after subscriber): moq-test/interop
[2m2026-09-26T01:48:52.522216Z[0m [33m WARN[0m [2mmoq_transport::serve::error[0m[2m:[0m [d6501736-0d37-456d-a180-733ebec198b6] Not implemented: SUBSCRIBE_NAMESPACE at moq-transport/src/session/error.rs:77
[2m2026-09-26T01:48:52.522222Z[0m [33m WARN[0m [2mmoq_transport::session::publisher[0m[2m:[0m failed to process message: serve error: not implemented: Feature not implemented [error:d6501736-0d37-456d-a180-733ebec198b6]
[2m2026-09-26T01:48:52.522229Z[0m [33m WARN[0m [2mmoq_transport::serve::error[0m[2m:[0m [d4b9c72a-5dc1-428b-8a21-a58702d58e69] Not implemented: SUBSCRIBE_NAMESPACE at moq-transport/src/session/error.rs:77
[2m2026-09-26T01:48:52.522231Z[0m [33m WARN[0m [2mmoq_transport::session::publisher[0m[2m:[0m failed to process message: serve error: not implemented: Feature not implemented [error:d4b9c72a-5dc1-428b-8a21-a58702d58e69]
[2m2026-09-26T01:48:52.522234Z[0m [33m WARN[0m [2mmoq_transport::serve::error[0m[2m:[0m [44441b12-3474-47eb-ae02-80a5f13f9396] Not implemented: SUBSCRIBE_NAMESPACE at moq-transport/src/session/error.rs:77
[2m2026-09-26T01:48:52.522236Z[0m [33m WARN[0m [2mmoq_transport::session::publisher[0m[2m:[0m failed to process message: serve error: not implemented: Feature not implemented [error:44441b12-3474-47eb-ae02-80a5f13f9396]
[2m2026-09-26T01:48:55.523309Z[0m [32m INFO[0m [2mmoq_test_client::scenarios[0m[2m:[0m Publisher announce timeout (expected)
[2m2026-09-26T01:48:55.523348Z[0m [32m INFO[0m [2mmoq_test_client::scenarios[0m[2m:[0m Subscriber got error: closed, code=4 (may be expected)
ok 5 - subscribe-before-announce
  ---
  duration_ms: 4241
  subscriber_connection_id: 53d9a8b8935d38152acfeb3c25b3a01c
  publisher_connection_id: 6ed6510f704ed49e468d82e3e7c81c69
  ...
[2m2026-09-26T01:48:55.524388Z[0m [32m INFO[0m [2mmoq_native_ietf::quic[0m[2m:[0m UDP socket bound [3mbind[0m[2m=[0m[::]:0 [3mlocal[0m[2m=[0m[::]:36976 [3mdual_stack[0m[2m=[0mtrue
[2m2026-09-26T01:48:55.570849Z[0m [33m WARN[0m [2mweb_transport_quinn::session[0m[2m:[0m unknown capsule [3mtyp[0m[2m=[0m0 [3msize[0m[2m=[0m7
[2m2026-09-26T01:48:55.731056Z[0m [32m INFO[0m [2mmoq_test_client::scenarios[0m[2m:[0m Announcing namespace: moq-test/interop
[2m2026-09-26T01:48:55.731097Z[0m [33m WARN[0m [2mmoq_transport::serve::error[0m[2m:[0m [be93e488-9f68-41b9-a6f5-5d5e53edb413] Not implemented: SUBSCRIBE_NAMESPACE at moq-transport/src/session/error.rs:77
[2m2026-09-26T01:48:55.731102Z[0m [33m WARN[0m [2mmoq_transport::session::publisher[0m[2m:[0m failed to process message: serve error: not implemented: Feature not implemented [error:be93e488-9f68-41b9-a6f5-5d5e53edb413]
[2m2026-09-26T01:48:55.731110Z[0m [33m WARN[0m [2mmoq_transport::serve::error[0m[2m:[0m [e749a129-71b7-465e-bfea-6556c9b06a0b] Not implemented: SUBSCRIBE_NAMESPACE at moq-transport/src/session/error.rs:77
[2m2026-09-26T01:48:55.731112Z[0m [33m WARN[0m [2mmoq_transport::session::publisher[0m[2m:[0m failed to process message: serve error: not implemented: Feature not implemented [error:e749a129-71b7-465e-bfea-6556c9b06a0b]
[2m2026-09-26T01:48:55.731115Z[0m [33m WARN[0m [2mmoq_transport::serve::error[0m[2m:[0m [c957df42-6a0a-4a94-a7f1-fd1ec740c45f] Not implemented: SUBSCRIBE_NAMESPACE at moq-transport/src/session/error.rs:77
[2m2026-09-26T01:48:55.731117Z[0m [33m WARN[0m [2mmoq_transport::session::publisher[0m[2m:[0m failed to process message: serve error: not implemented: Feature not implemented [error:c957df42-6a0a-4a94-a7f1-fd1ec740c45f]
[2m2026-09-26T01:48:57.732638Z[0m [32m INFO[0m [2mmoq_test_client::scenarios[0m[2m:[0m Announce active, now sending PUBLISH_NAMESPACE_DONE
[2m2026-09-26T01:48:57.782485Z[0m [33m WARN[0m [2mweb_transport_quinn::session[0m[2m:[0m unknown capsule [3mtyp[0m[2m=[0m0 [3msize[0m[2m=[0m7
[2m2026-09-26T01:48:57.833514Z[0m [32m INFO[0m [2mmoq_test_client::scenarios[0m[2m:[0m PUBLISH_NAMESPACE_DONE sent successfully
ok 6 - publish-namespace-done
  ---
  duration_ms: 2310
  connection_id: 7eb18c7ceb08dd5dcd7d8fa34d355577
  ...
make[1]: Leaving directory '/home/runner/work/moq-interop-runner/moq-interop-runner/main'
