make[1]: Entering directory '/home/runner/work/moq-interop-runner/moq-interop-runner/main'
Running tests against https://relay.moqtail.dev...
  Client: ghcr.io/facebookexperimental/moxygen-interop-client:latest-amd64
docker run --rm \
	 \
	--network host \
	-e RELAY_URL=https://relay.moqtail.dev \
	-e TLS_DISABLE_VERIFY=false \
	ghcr.io/facebookexperimental/moxygen-interop-client:latest-amd64
TAP version 14
# moxygen interop test client
# Relay: https://relay.moqtail.dev
# Transport: WebTransport
# Offered ALPNs: moqt-18, moqt-16, moqt-15, moq-00
1..6
ok 1 - setup-only
  ---
  duration_ms: 247
  negotiated_version: draft-18
  info: SETUP exchange completed successfully
  ...
E0926 01:03:48.820118     1 MoQRelaySession.cpp:1123] PublishNamespaceDone for unknown publishNamespace, sess=0x55d18d699b90
ok 2 - announce-only
  ---
  duration_ms: 236
  negotiated_version: draft-18
  info: PUBLISH_NAMESPACE completed successfully
  ...
E0926 01:03:49.061828     1 MoQSession.cpp:5138] No matching subscribe ID=0 sess=0x55d18d660070
ok 3 - subscribe-error
  ---
  duration_ms: 241
  negotiated_version: draft-18
  info: Subscribe correctly returned error: peer FINed without terminal reply
  ...
E0926 01:03:49.573859     1 MoQSession.cpp:5138] No matching subscribe ID=0 sess=0x55d18d6a1410
not ok 4 - announce-subscribe
  ---
  duration_ms: 511
  negotiated_version: draft-18
  error: Subscribe failed: peer FINed without terminal reply
  ...
ok 5 - publish-namespace-done
  ---
  duration_ms: 278
  negotiated_version: draft-18
  info: PUBLISH_NAMESPACE_OK received, PUBLISH_NAMESPACE_DONE sent
  ...
E0926 01:03:50.082661     1 MoQSession.cpp:5138] No matching subscribe ID=0 sess=0x55d18d6b46a0
ok 6 - subscribe-before-announce
  ---
  duration_ms: 950
  negotiated_version: draft-18
  info: Subscribe returned error (relay doesn't buffer pending subscriptions): peer FINed without terminal reply
  ...
make[1]: *** [Makefile:122: test-external] Error 1
make[1]: Leaving directory '/home/runner/work/moq-interop-runner/moq-interop-runner/main'
