make[1]: Entering directory '/home/runner/work/moq-interop-runner/moq-interop-runner/main'
rm -rf mlog/
mkdir -p mlog/relay mlog/client
Running interop tests...
  Relay:  aiomoqt-interop-relay-quic:latest
  Client: ghcr.io/facebookexperimental/moxygen-interop-client:latest-amd64
  URL:    moqt://relay:4443
time="2026-06-29T02:30:14Z" level=warning msg="The \"PORT\" variable is not set. Defaulting to a blank string."
time="2026-06-29T02:30:14Z" level=warning msg="The \"PORT\" variable is not set. Defaulting to a blank string."
time="2026-06-29T02:30:14Z" level=warning msg="The \"PORT\" variable is not set. Defaulting to a blank string."
time="2026-06-29T02:30:14Z" level=warning msg="The \"HEX\" variable is not set. Defaulting to a blank string."
time="2026-06-29T02:30:14Z" level=warning msg="The \"HEX\" variable is not set. Defaulting to a blank string."
 Container main-relay-1  Recreate
 Container main-relay-1  Recreated
 Container main-test-client-1  Recreate
 Container main-test-client-1  Recreated
Attaching to relay-1, test-client-1
relay-1        | 2026-06-29 02:30:15.109 INFO : Starting MOQT server on 0.0.0.0:4443
relay-1        | ================================================================
relay-1        |  EXPERIMENTAL aiomoqt interop relay — control-plane only.
relay-1        |  NOT a production relay: no data forwarding, no auth,
relay-1        |  no scale handling. Use moxygen / moq-rs for real workloads.
relay-1        | ================================================================
relay-1        | Listening on 0.0.0.0:4443 (raw QUIC, draft-[16, 18])
test-client-1  | TAP version 14
test-client-1  | # moxygen interop test client
test-client-1  | # Relay: moqt://relay:4443
test-client-1  | # Transport: QUIC
test-client-1  | 1..6
relay-1        | 2026-06-29 02:30:20.490 INFO : MOQT: version set from ALPN: moqt-16 -> draft-16
relay-1        | 2026-06-29 02:30:20.491 INFO : deserializing param 1 length 0
relay-1        | 2026-06-29 02:30:20.491 INFO : MOQT event: control message parsed: ClientSetup(versions=[], parameters={PATH="", MAX_REQUEST_ID=100, MAX_AUTH_TOKEN_CACHE_SIZE=1024}))
relay-1        | 2026-06-29 02:30:20.491 INFO : MOQT event: handle ClientSetup(versions=[], parameters={PATH="", MAX_REQUEST_ID=100, MAX_AUTH_TOKEN_CACHE_SIZE=1024})
relay-1        | 2026-06-29 02:30:20.491 INFO : MOQT send: ServerSetup(selected_version=0xff00000e, parameters={})
relay-1        | 2026-06-29 02:30:20.491 INFO : Serialized 0 parameters: b'\x00BL\xfbP\x7f\x00\x00 BL\xfb'
test-client-1  | ok 1 - setup-only
test-client-1  |   ---
test-client-1  |   duration_ms: 5
test-client-1  |   info: SETUP exchange completed successfully
test-client-1  |   ...
relay-1        | 2026-06-29 02:30:20.492 INFO : QUIC: connection closed: code: 0
relay-1        | 2026-06-29 02:30:20.492 INFO : MOQT: closing: ConnectionTerminated (0)
relay-1        | 2026-06-29 02:30:20.493 INFO : MOQT: version set from ALPN: moqt-16 -> draft-16
relay-1        | 2026-06-29 02:30:20.493 INFO : deserializing param 1 length 0
relay-1        | 2026-06-29 02:30:20.494 INFO : MOQT event: control message parsed: ClientSetup(versions=[], parameters={PATH="", MAX_REQUEST_ID=100, MAX_AUTH_TOKEN_CACHE_SIZE=1024}))
relay-1        | 2026-06-29 02:30:20.494 INFO : MOQT event: handle ClientSetup(versions=[], parameters={PATH="", MAX_REQUEST_ID=100, MAX_AUTH_TOKEN_CACHE_SIZE=1024})
relay-1        | 2026-06-29 02:30:20.494 INFO : MOQT send: ServerSetup(selected_version=0xff00000e, parameters={})
relay-1        | 2026-06-29 02:30:20.494 INFO : Serialized 0 parameters: b'\x00BL\xfbP\x7f\x00\x00 BL\xfb'
test-client-1  | W0629 02:30:20.494589     1 MoQSession.cpp:5440] Issuing request that will fail; nextRequestID_=0 peerMaxRequestID_=0 sess=0x5636d5b2e900
relay-1        | 2026-06-29 02:30:20.494 INFO : MOQT event: control message parsed: PublishNamespace(request_id=0, namespace=["moq-test"], parameters={}))
relay-1        | 2026-06-29 02:30:20.494 INFO : relay: announce ns=(b'moq-test',) -> count=1
relay-1        | 2026-06-29 02:30:20.495 INFO : MOQT send: RequestOk(request_id=0, parameters=None) request_id: 0 namespace: (b'moq-test',)
relay-1        | 2026-06-29 02:30:20.495 INFO : Serialized 0 parameters: b'\x00\x00L\xfbP\x7f\x00\x00 BL\xfb'
test-client-1  | E0629 02:30:20.495332     1 MoQRelaySession.cpp:880] PublishNamespaceDone for unknown publishNamespace, sess=0x5636d5b2e900
test-client-1  | ok 2 - announce-only
test-client-1  |   ---
test-client-1  |   duration_ms: 3
test-client-1  |   info: PUBLISH_NAMESPACE completed successfully
test-client-1  |   ...
relay-1        | 2026-06-29 02:30:20.495 INFO : QUIC: connection closed: code: 0
relay-1        | 2026-06-29 02:30:20.495 INFO : MOQT: closing: ConnectionTerminated (0)
relay-1        | 2026-06-29 02:30:20.497 INFO : MOQT: version set from ALPN: moqt-16 -> draft-16
relay-1        | 2026-06-29 02:30:20.497 INFO : deserializing param 1 length 0
relay-1        | 2026-06-29 02:30:20.497 INFO : MOQT event: control message parsed: ClientSetup(versions=[], parameters={PATH="", MAX_REQUEST_ID=100, MAX_AUTH_TOKEN_CACHE_SIZE=1024}))
relay-1        | 2026-06-29 02:30:20.497 INFO : MOQT event: handle ClientSetup(versions=[], parameters={PATH="", MAX_REQUEST_ID=100, MAX_AUTH_TOKEN_CACHE_SIZE=1024})
relay-1        | 2026-06-29 02:30:20.497 INFO : MOQT send: ServerSetup(selected_version=0xff00000e, parameters={})
relay-1        | 2026-06-29 02:30:20.497 INFO : Serialized 0 parameters: b'\x00BL\xfbP\x7f\x00\x00 BL\xfb'
test-client-1  | W0629 02:30:20.497750     1 MoQSession.cpp:5440] Issuing request that will fail; nextRequestID_=0 peerMaxRequestID_=0 sess=0x5636d5b2e900
relay-1        | 2026-06-29 02:30:20.497 INFO : deserializing param 33 length 2
relay-1        | 2026-06-29 02:30:20.498 INFO : MOQT event: control message parsed: Subscribe(request_id=0, track_namespace=["nonexistent"], track_name="no-such-track", priority=None, group_order=None, forward=None, filter_type=250, start_group=None, start_object=None, end_group=None, parameters={}, track_alias=None, libquicr_compat=False))
relay-1        | 2026-06-29 02:30:20.498 INFO : relay: subscribe ns=(b'nonexistent',) track=b'no-such-track' -> ERROR (not announced)
relay-1        | 2026-06-29 02:30:20.498 INFO : MOQT send: RequestError(request_id=0, error_code=16, retry_interval=0, reason=track does not exist)
test-client-1  | ok 3 - subscribe-error
test-client-1  |   ---
test-client-1  |   duration_ms: 3
test-client-1  |   info: Subscribe correctly returned error: track does not exist
test-client-1  |   ...
relay-1        | 2026-06-29 02:30:20.498 INFO : QUIC: connection closed: code: 0
relay-1        | 2026-06-29 02:30:20.498 INFO : MOQT: closing: ConnectionTerminated (0)
relay-1        | 2026-06-29 02:30:20.500 INFO : MOQT: version set from ALPN: moqt-16 -> draft-16
relay-1        | 2026-06-29 02:30:20.500 INFO : deserializing param 1 length 0
relay-1        | 2026-06-29 02:30:20.500 INFO : MOQT event: control message parsed: ClientSetup(versions=[], parameters={PATH="", MAX_REQUEST_ID=100, MAX_AUTH_TOKEN_CACHE_SIZE=1024}))
relay-1        | 2026-06-29 02:30:20.500 INFO : MOQT event: handle ClientSetup(versions=[], parameters={PATH="", MAX_REQUEST_ID=100, MAX_AUTH_TOKEN_CACHE_SIZE=1024})
relay-1        | 2026-06-29 02:30:20.500 INFO : MOQT send: ServerSetup(selected_version=0xff00000e, parameters={})
relay-1        | 2026-06-29 02:30:20.500 INFO : Serialized 0 parameters: b'\x00BL\xfbP\x7f\x00\x00 BL\xfb'
test-client-1  | W0629 02:30:20.501046     1 MoQSession.cpp:5440] Issuing request that will fail; nextRequestID_=0 peerMaxRequestID_=0 sess=0x5636d5b49b70
relay-1        | 2026-06-29 02:30:20.501 INFO : MOQT event: control message parsed: PublishNamespace(request_id=0, namespace=["moq-interop-test"], parameters={}))
relay-1        | 2026-06-29 02:30:20.501 INFO : relay: announce ns=(b'moq-interop-test',) -> count=1
relay-1        | 2026-06-29 02:30:20.501 INFO : MOQT send: RequestOk(request_id=0, parameters=None) request_id: 0 namespace: (b'moq-interop-test',)
relay-1        | 2026-06-29 02:30:20.501 INFO : Serialized 0 parameters: b'\x00\x00L\xfbP\x7f\x00\x00 BL\xfb'
relay-1        | 2026-06-29 02:30:20.503 INFO : MOQT: version set from ALPN: moqt-16 -> draft-16
relay-1        | 2026-06-29 02:30:20.503 INFO : deserializing param 1 length 0
relay-1        | 2026-06-29 02:30:20.503 INFO : MOQT event: control message parsed: ClientSetup(versions=[], parameters={PATH="", MAX_REQUEST_ID=100, MAX_AUTH_TOKEN_CACHE_SIZE=1024}))
relay-1        | 2026-06-29 02:30:20.503 INFO : MOQT event: handle ClientSetup(versions=[], parameters={PATH="", MAX_REQUEST_ID=100, MAX_AUTH_TOKEN_CACHE_SIZE=1024})
relay-1        | 2026-06-29 02:30:20.504 INFO : MOQT send: ServerSetup(selected_version=0xff00000e, parameters={})
relay-1        | 2026-06-29 02:30:20.504 INFO : Serialized 0 parameters: b'\x00AL\xfbP\x7f\x00\x00\x80AL\xfb'
test-client-1  | W0629 02:30:20.504435     1 MoQSession.cpp:5440] Issuing request that will fail; nextRequestID_=0 peerMaxRequestID_=0 sess=0x5636d5b42700
relay-1        | 2026-06-29 02:30:20.504 INFO : deserializing param 33 length 2
relay-1        | 2026-06-29 02:30:20.504 INFO : MOQT event: control message parsed: Subscribe(request_id=0, track_namespace=["moq-interop-test"], track_name="interop-track", priority=None, group_order=None, forward=None, filter_type=250, start_group=None, start_object=None, end_group=None, parameters={}, track_alias=None, libquicr_compat=False))
relay-1        | 2026-06-29 02:30:20.504 INFO : relay: subscribe ns=(b'moq-interop-test',) track=b'interop-track' -> SUBSCRIBE_OK
relay-1        | 2026-06-29 02:30:20.504 INFO : MOQT send: SubscribeOk(request_id=0, track_alias=0, expires=0, group_order=1, content_exists=0, largest_group_id=None, largest_object_id=None, parameters={}, track_extensions=None)
relay-1        | 2026-06-29 02:30:20.504 INFO : Serializing param 8 value 0
relay-1        | 2026-06-29 02:30:20.504 INFO : Serialized 1 parameters: b'\x00\x00\x01\x08\x00\x7f\x00\x00\x80AL\xfb'
test-client-1  | ok 4 - announce-subscribe
test-client-1  |   ---
relay-1        | 2026-06-29 02:30:20.505 INFO : QUIC: connection closed: code: 0
relay-1        | 2026-06-29 02:30:20.505 INFO : MOQT: closing: ConnectionTerminated (0)
relay-1        | 2026-06-29 02:30:20.505 INFO : QUIC: connection closed: code: 0
relay-1        | 2026-06-29 02:30:20.505 INFO : MOQT: closing: ConnectionTerminated (0)
test-client-1  |   duration_ms: 7
test-client-1  |   info: Publisher announced, subscriber subscribed successfully
test-client-1  |   ...
relay-1        | 2026-06-29 02:30:20.507 INFO : MOQT: version set from ALPN: moqt-16 -> draft-16
relay-1        | 2026-06-29 02:30:20.507 INFO : deserializing param 1 length 0
relay-1        | 2026-06-29 02:30:20.507 INFO : MOQT event: control message parsed: ClientSetup(versions=[], parameters={PATH="", MAX_REQUEST_ID=100, MAX_AUTH_TOKEN_CACHE_SIZE=1024}))
relay-1        | 2026-06-29 02:30:20.507 INFO : MOQT event: handle ClientSetup(versions=[], parameters={PATH="", MAX_REQUEST_ID=100, MAX_AUTH_TOKEN_CACHE_SIZE=1024})
relay-1        | 2026-06-29 02:30:20.507 INFO : MOQT send: ServerSetup(selected_version=0xff00000e, parameters={})
relay-1        | 2026-06-29 02:30:20.507 INFO : Serialized 0 parameters: b'\x00BL\xfbP\x7f\x00\x00\x10BL\xfb'
test-client-1  | W0629 02:30:20.508167     1 MoQSession.cpp:5440] Issuing request that will fail; nextRequestID_=0 peerMaxRequestID_=0 sess=0x5636d5b57110
relay-1        | 2026-06-29 02:30:20.508 INFO : MOQT event: control message parsed: PublishNamespace(request_id=0, namespace=["moq-test", "interop"], parameters={}))
relay-1        | 2026-06-29 02:30:20.508 INFO : relay: announce ns=(b'moq-test', b'interop') -> count=1
relay-1        | 2026-06-29 02:30:20.508 INFO : MOQT send: RequestOk(request_id=0, parameters=None) request_id: 0 namespace: (b'moq-test', b'interop')
relay-1        | 2026-06-29 02:30:20.508 INFO : Serialized 0 parameters: b'\x00\x00L\xfbP\x7f\x00\x00\x10BL\xfb'
test-client-1  | ok 5 - publish-namespace-done
test-client-1  |   ---
test-client-1  |   duration_ms: 3
test-client-1  |   info: PUBLISH_NAMESPACE_OK received, PUBLISH_NAMESPACE_DONE sent
test-client-1  |   ...
relay-1        | 2026-06-29 02:30:20.508 INFO : QUIC: connection closed: code: 0
relay-1        | 2026-06-29 02:30:20.509 INFO : MOQT: closing: ConnectionTerminated (0)
relay-1        | 2026-06-29 02:30:20.510 INFO : MOQT: version set from ALPN: moqt-16 -> draft-16
relay-1        | 2026-06-29 02:30:20.510 INFO : deserializing param 1 length 0
relay-1        | 2026-06-29 02:30:20.510 INFO : MOQT event: control message parsed: ClientSetup(versions=[], parameters={PATH="", MAX_REQUEST_ID=100, MAX_AUTH_TOKEN_CACHE_SIZE=1024}))
relay-1        | 2026-06-29 02:30:20.511 INFO : MOQT event: handle ClientSetup(versions=[], parameters={PATH="", MAX_REQUEST_ID=100, MAX_AUTH_TOKEN_CACHE_SIZE=1024})
relay-1        | 2026-06-29 02:30:20.511 INFO : MOQT send: ServerSetup(selected_version=0xff00000e, parameters={})
relay-1        | 2026-06-29 02:30:20.511 INFO : Serialized 0 parameters: b'\x00BL\xfbP\x7f\x00\x00\x10BL\xfb'
test-client-1  | W0629 02:30:20.511521     1 MoQSession.cpp:5440] Issuing request that will fail; nextRequestID_=0 peerMaxRequestID_=0 sess=0x5636d5b57110
relay-1        | 2026-06-29 02:30:20.511 INFO : deserializing param 33 length 2
relay-1        | 2026-06-29 02:30:20.511 INFO : MOQT event: control message parsed: Subscribe(request_id=0, track_namespace=["moq-test", "interop"], track_name="test-track", priority=None, group_order=None, forward=None, filter_type=250, start_group=None, start_object=None, end_group=None, parameters={}, track_alias=None, libquicr_compat=False))
relay-1        | 2026-06-29 02:30:20.511 INFO : relay: subscribe ns=(b'moq-test', b'interop') track=b'test-track' -> SUBSCRIBE_OK
relay-1        | 2026-06-29 02:30:20.511 INFO : MOQT send: SubscribeOk(request_id=0, track_alias=0, expires=0, group_order=1, content_exists=0, largest_group_id=None, largest_object_id=None, parameters={}, track_extensions=None)
relay-1        | 2026-06-29 02:30:20.512 INFO : Serializing param 8 value 0
relay-1        | 2026-06-29 02:30:20.512 INFO : Serialized 1 parameters: b'\x00\x00\x01\x08\x00\x7f\x00\x00\x10BL\xfb'
relay-1        | 2026-06-29 02:30:20.575 INFO : QUIC: connection closed: code: 0
relay-1        | 2026-06-29 02:30:20.575 INFO : MOQT: closing: ConnectionTerminated (0)
relay-1        | 2026-06-29 02:30:20.575 INFO : QUIC: connection closed: code: 0
relay-1        | 2026-06-29 02:30:20.576 INFO : MOQT: closing: ConnectionTerminated (0)
relay-1        | 2026-06-29 02:30:20.578 INFO : QUIC: connection closed: code: 0
relay-1        | 2026-06-29 02:30:20.578 INFO : MOQT: closing: ConnectionTerminated (0)
relay-1        | 2026-06-29 02:30:20.582 INFO : QUIC: connection closed: code: 0
relay-1        | 2026-06-29 02:30:20.582 INFO : MOQT: closing: ConnectionTerminated (0)
relay-1        | 2026-06-29 02:30:20.586 INFO : QUIC: connection closed: code: 0
relay-1        | 2026-06-29 02:30:20.586 INFO : MOQT: closing: ConnectionTerminated (0)
relay-1        | 2026-06-29 02:30:20.589 INFO : QUIC: connection closed: code: 0
relay-1        | 2026-06-29 02:30:20.589 INFO : MOQT: closing: ConnectionTerminated (0)
relay-1        | 2026-06-29 02:30:21.013 INFO : MOQT: version set from ALPN: moqt-16 -> draft-16
relay-1        | 2026-06-29 02:30:21.014 INFO : deserializing param 1 length 0
relay-1        | 2026-06-29 02:30:21.014 INFO : MOQT event: control message parsed: ClientSetup(versions=[], parameters={PATH="", MAX_REQUEST_ID=100, MAX_AUTH_TOKEN_CACHE_SIZE=1024}))
relay-1        | 2026-06-29 02:30:21.014 INFO : MOQT event: handle ClientSetup(versions=[], parameters={PATH="", MAX_REQUEST_ID=100, MAX_AUTH_TOKEN_CACHE_SIZE=1024})
relay-1        | 2026-06-29 02:30:21.014 INFO : MOQT send: ServerSetup(selected_version=0xff00000e, parameters={})
relay-1        | 2026-06-29 02:30:21.014 INFO : Serialized 0 parameters: b'\x00AL\xfbP\x7f\x00\x00\x80AL\xfb'
test-client-1  | W0629 02:30:21.014682     1 MoQSession.cpp:5440] Issuing request that will fail; nextRequestID_=0 peerMaxRequestID_=0 sess=0x5636d5b2c070
relay-1        | 2026-06-29 02:30:21.014 INFO : MOQT event: control message parsed: PublishNamespace(request_id=0, namespace=["moq-test", "interop"], parameters={}))
relay-1        | 2026-06-29 02:30:21.014 INFO : relay: announce ns=(b'moq-test', b'interop') -> count=2
relay-1        | 2026-06-29 02:30:21.015 INFO : MOQT send: RequestOk(request_id=0, parameters=None) request_id: 0 namespace: (b'moq-test', b'interop')
relay-1        | 2026-06-29 02:30:21.015 INFO : Serialized 0 parameters: b'\x00\x00L\xfbP\x7f\x00\x00\x80AL\xfb'
test-client-1  | ok 6 - subscribe-before-announce
test-client-1  |   ---
test-client-1  |   duration_ms: 506
test-client-1  |   info: Subscribe succeeded after publisher announced (relay buffers pending subscriptions)
test-client-1  |   ...
relay-1        | 2026-06-29 02:30:21.015 INFO : QUIC: connection closed: code: 0
relay-1        | 2026-06-29 02:30:21.015 INFO : MOQT: closing: ConnectionTerminated (0)
relay-1        | 2026-06-29 02:30:21.015 INFO : QUIC: connection closed: code: 0
relay-1        | 2026-06-29 02:30:21.015 INFO : MOQT: closing: ConnectionTerminated (0)
relay-1        | 2026-06-29 02:30:21.015 INFO : QUIC: connection closed: code: 0
relay-1        | 2026-06-29 02:30:21.015 INFO : MOQT: closing: ConnectionTerminated (0)
relay-1        | 2026-06-29 02:30:21.096 INFO : QUIC: connection closed: code: 0
relay-1        | 2026-06-29 02:30:21.096 INFO : MOQT: closing: ConnectionTerminated (0)
[Ktest-client-1 exited with code 0
Aborting on container exit...
 Container main-test-client-1  Stopping
 Container main-test-client-1  Stopped
 Container main-relay-1  Stopping
 Container main-relay-1  Stopped

Test results in mlog/
make[1]: Leaving directory '/home/runner/work/moq-interop-runner/moq-interop-runner/main'
