make[1]: Entering directory '/home/runner/work/moq-interop-runner/moq-interop-runner/main'
Running tests against moqt://moqx-main.ci.openmoq.org:4433...
  Client: ghcr.io/englishm/moq-interop-runner-moq-test-client-draft-18:latest
docker run --rm \
	 \
	--network host \
	-e RELAY_URL=moqt://moqx-main.ci.openmoq.org:4433 \
	-e TLS_DISABLE_VERIFY=false \
	ghcr.io/englishm/moq-interop-runner-moq-test-client-draft-18:latest
TAP version 14
# moq-test-client v0.1.12
# Relay: moqt://moqx-main.ci.openmoq.org:4433
1..18
[2m2026-10-10T00:55:57.765233Z[0m [32m INFO[0m [2mmoq_native_ietf::quic[0m[2m:[0m UDP socket bound [3mbind[0m[2m=[0m[::]:0 [3mlocal[0m[2m=[0m[::]:37339 [3mdual_stack[0m[2m=[0mtrue
ok 1 - setup-only
  ---
  duration_ms: 63
  connection_id: 2072b1fb8bce98a3b60ec730f6655475
  ...
[2m2026-10-10T00:55:57.828491Z[0m [32m INFO[0m [2mmoq_test_client::scenarios[0m[2m:[0m SETUP exchange completed successfully
[2m2026-10-10T00:55:57.829085Z[0m [32m INFO[0m [2mmoq_native_ietf::quic[0m[2m:[0m UDP socket bound [3mbind[0m[2m=[0m[::]:0 [3mlocal[0m[2m=[0m[::]:37900 [3mdual_stack[0m[2m=[0mtrue
[2m2026-10-10T00:55:57.890796Z[0m [32m INFO[0m [2mmoq_test_client::scenarios[0m[2m:[0m Sending PUBLISH_NAMESPACE for: moq-test/interop
[2m2026-10-10T00:55:59.892455Z[0m [32m INFO[0m [2mmoq_test_client::scenarios[0m[2m:[0m PUBLISH_NAMESPACE succeeded (REQUEST_OK received, waiting for subscribers)
ok 2 - publish-namespace-only
  ---
  duration_ms: 2063
  connection_id: 8c22acbfec341f1864741241ca8dec26
  ...
[2m2026-10-10T00:55:59.893060Z[0m [32m INFO[0m [2mmoq_native_ietf::quic[0m[2m:[0m UDP socket bound [3mbind[0m[2m=[0m[::]:0 [3mlocal[0m[2m=[0m[::]:55838 [3mdual_stack[0m[2m=[0mtrue
[2m2026-10-10T00:55:59.948100Z[0m [32m INFO[0m [2mmoq_test_client::scenarios[0m[2m:[0m Subscribing to non-existent track: nonexistent/namespace/test-track
[2m2026-10-10T00:55:59.998730Z[0m [33m WARN[0m [2mmoq_transport::serve::error[0m[2m:[0m [1f47710d-75cc-44cf-be8e-20e1b4150730] Not found: no such namespace or track at moq-transport/src/session/subscriber.rs:1653
[2m2026-10-10T00:55:59.998786Z[0m [32m INFO[0m [2mmoq_test_client::scenarios[0m[2m:[0m Got expected 'not found' error: not found: Track not found [error:1f47710d-75cc-44cf-be8e-20e1b4150730]
[2m2026-10-10T00:55:59.999271Z[0m [32m INFO[0m [2mmoq_native_ietf::quic[0m[2m:[0m UDP socket bound [3mbind[0m[2m=[0m[::]:0 [3mlocal[0m[2m=[0m[::]:51931 [3mdual_stack[0m[2m=[0mtrue
ok 3 - subscribe-error
  ---
  duration_ms: 106
  connection_id: 484140f09a1de08139f2cdf00ca49814
  ...
[2m2026-10-10T00:56:00.062619Z[0m [32m INFO[0m [2mmoq_native_ietf::quic[0m[2m:[0m UDP socket bound [3mbind[0m[2m=[0m[::]:0 [3mlocal[0m[2m=[0m[::]:59849 [3mdual_stack[0m[2m=[0mtrue
[2m2026-10-10T00:56:00.396292Z[0m [32m INFO[0m [2mmoq_test_client::scenarios[0m[2m:[0m Publisher sending PUBLISH_NAMESPACE: moq-test/interop
[2m2026-10-10T00:56:00.396307Z[0m [32m INFO[0m [2mmoq_test_client::scenarios[0m[2m:[0m Subscriber subscribing to track: moq-test/interop/test-track
[2m2026-10-10T00:56:03.398294Z[0m [32m INFO[0m [2mmoq_test_client::scenarios[0m[2m:[0m Test timeout reached - subscription routing may still be in progress
ok 4 - publish-namespace-subscribe
  ---
  duration_ms: 3399
  publisher_connection_id: cc49080d1b0410ac7ee23df0268400e8
  subscriber_connection_id: 0a6aa1dc4e8af15d30572a77431c397b
  ...
[2m2026-10-10T00:56:03.398953Z[0m [32m INFO[0m [2mmoq_native_ietf::quic[0m[2m:[0m UDP socket bound [3mbind[0m[2m=[0m[::]:0 [3mlocal[0m[2m=[0m[::]:59123 [3mdual_stack[0m[2m=[0mtrue
[2m2026-10-10T00:56:03.457535Z[0m [32m INFO[0m [2mmoq_test_client::scenarios[0m[2m:[0m Subscriber subscribing BEFORE PUBLISH_NAMESPACE: moq-test/interop/test-track
[2m2026-10-10T00:56:03.508363Z[0m [33m WARN[0m [2mmoq_transport::serve::error[0m[2m:[0m [6b52e5e2-7723-497e-bd48-e1c6edce62dc] Not found: no such namespace or track at moq-transport/src/session/subscriber.rs:1653
[2m2026-10-10T00:56:03.958765Z[0m [32m INFO[0m [2mmoq_native_ietf::quic[0m[2m:[0m UDP socket bound [3mbind[0m[2m=[0m[::]:0 [3mlocal[0m[2m=[0m[::]:58578 [3mdual_stack[0m[2m=[0mtrue
[2m2026-10-10T00:56:04.021975Z[0m [32m INFO[0m [2mmoq_test_client::scenarios[0m[2m:[0m Publisher sending PUBLISH_NAMESPACE (after subscriber): moq-test/interop
[2m2026-10-10T00:56:07.023592Z[0m [32m INFO[0m [2mmoq_test_client::scenarios[0m[2m:[0m Publisher PUBLISH_NAMESPACE timeout (expected)
[2m2026-10-10T00:56:07.023627Z[0m [32m INFO[0m [2mmoq_test_client::scenarios[0m[2m:[0m Subscriber got error: not found: Track not found [error:6b52e5e2-7723-497e-bd48-e1c6edce62dc] (may be expected)
ok 5 - subscribe-before-publish-namespace
  ---
  duration_ms: 3625
  subscriber_connection_id: 40445f4cf330d0d296b751eb2b2c2a79
  publisher_connection_id: 1ae9244d4798111c3b43f1ac60a48135
  ...
[2m2026-10-10T00:56:07.024194Z[0m [32m INFO[0m [2mmoq_native_ietf::quic[0m[2m:[0m UDP socket bound [3mbind[0m[2m=[0m[::]:0 [3mlocal[0m[2m=[0m[::]:57384 [3mdual_stack[0m[2m=[0mtrue
[2m2026-10-10T00:56:07.086577Z[0m [32m INFO[0m [2mmoq_test_client::scenarios[0m[2m:[0m Sending PUBLISH_NAMESPACE: moq-test/interop
[2m2026-10-10T00:56:09.087104Z[0m [32m INFO[0m [2mmoq_test_client::scenarios[0m[2m:[0m PUBLISH_NAMESPACE active; sending PUBLISH_NAMESPACE_DONE
ok 6 - publish-namespace-done
  ---
  duration_ms: 2164
  connection_id: 97ada44dd0c0a40a09e965d74fe605d6
  ...
[2m2026-10-10T00:56:09.188285Z[0m [32m INFO[0m [2mmoq_test_client::scenarios[0m[2m:[0m PUBLISH_NAMESPACE_DONE sent successfully
[2m2026-10-10T00:56:09.188945Z[0m [32m INFO[0m [2mmoq_native_ietf::quic[0m[2m:[0m UDP socket bound [3mbind[0m[2m=[0m[::]:0 [3mlocal[0m[2m=[0m[::]:50447 [3mdual_stack[0m[2m=[0mtrue
[2m2026-10-10T00:56:09.253969Z[0m [32m INFO[0m [2mmoq_test_client::scenarios[0m[2m:[0m Publisher sending direct PUBLISH [3mnamespace[0m[2m=[0m/moq-test/publish [3mtrack[0m[2m=[0m"published-track"
[2m2026-10-10T00:56:09.305151Z[0m [32m INFO[0m [2mmoq_test_client::scenarios[0m[2m:[0m PUBLISH accepted [3mnamespace[0m[2m=[0m/moq-test/publish [3mtrack[0m[2m=[0m"published-track"
[2m2026-10-10T00:56:09.305236Z[0m [32m INFO[0m [2mmoq_test_client::scenarios[0m[2m:[0m PUBLISH completed [3mnamespace[0m[2m=[0m/moq-test/publish [3mtrack[0m[2m=[0m"published-track"
ok 7 - publish-track-only
  ---
  duration_ms: 116
  connection_id: 6a12acb48e959f7d577fc30dcc37eceb
  ...
[2m2026-10-10T00:56:09.305839Z[0m [32m INFO[0m [2mmoq_native_ietf::quic[0m[2m:[0m UDP socket bound [3mbind[0m[2m=[0m[::]:0 [3mlocal[0m[2m=[0m[::]:49132 [3mdual_stack[0m[2m=[0mtrue
[2m2026-10-10T00:56:09.365489Z[0m [32m INFO[0m [2mmoq_native_ietf::quic[0m[2m:[0m UDP socket bound [3mbind[0m[2m=[0m[::]:0 [3mlocal[0m[2m=[0m[::]:35808 [3mdual_stack[0m[2m=[0mtrue
[2m2026-10-10T00:56:09.434171Z[0m [32m INFO[0m [2mmoq_test_client::scenarios[0m[2m:[0m Publisher sending direct PUBLISH before subscriber subscribes [3mnamespace[0m[2m=[0m/moq-test/publish [3mtrack[0m[2m=[0m"published-track"
[2m2026-10-10T00:56:09.484386Z[0m [32m INFO[0m [2mmoq_test_client::scenarios[0m[2m:[0m PUBLISH accepted; starting subscriber [3mnamespace[0m[2m=[0m/moq-test/publish [3mtrack[0m[2m=[0m"published-track"
[2m2026-10-10T00:56:09.534734Z[0m [33m WARN[0m [2mmoq_transport::session[0m[2m:[0m unexpected bidi response message type [3mmsg_type[0m[2m=[0m2
[2m2026-10-10T00:56:09.534760Z[0m [33m WARN[0m [2mmoq_transport::serve::error[0m[2m:[0m [cf4ff524-b464-4196-ad3e-e6446c8567ec] Not implemented: bidi response type 0x2 at moq-transport/src/session/error.rs:89
not ok 8 - publish-track-subscribe
  ---
  duration_ms: 279
  message: "failed serving PUBLISH track: serve error: cancelled: cancelled"
  ...
[2m2026-10-10T00:56:09.585437Z[0m [32m INFO[0m [2mmoq_native_ietf::quic[0m[2m:[0m UDP socket bound [3mbind[0m[2m=[0m[::]:0 [3mlocal[0m[2m=[0m[::]:54865 [3mdual_stack[0m[2m=[0mtrue
[2m2026-10-10T00:56:09.642593Z[0m [32m INFO[0m [2mmoq_test_client::scenarios[0m[2m:[0m Subscribing with RENDEZVOUS_TIMEOUT to a track with no publisher [3mtimeout_ms[0m[2m=[0m500
ok 9 - rendezvous-timeout
  ---
  duration_ms: 618
  connection_id: 8607d35fc0f48377b82693fe21696db0
  ...
[2m2026-10-10T00:56:10.203754Z[0m [32m INFO[0m [2mmoq_test_client::scenarios[0m[2m:[0m Received expected REQUEST_ERROR TIMEOUT
[2m2026-10-10T00:56:10.204344Z[0m [32m INFO[0m [2mmoq_native_ietf::quic[0m[2m:[0m UDP socket bound [3mbind[0m[2m=[0m[::]:0 [3mlocal[0m[2m=[0m[::]:44587 [3mdual_stack[0m[2m=[0mtrue
[2m2026-10-10T00:56:10.767165Z[0m [32m INFO[0m [2mmoq_native_ietf::quic[0m[2m:[0m UDP socket bound [3mbind[0m[2m=[0m[::]:0 [3mlocal[0m[2m=[0m[::]:54127 [3mdual_stack[0m[2m=[0mtrue
[2m2026-10-10T00:56:10.877763Z[0m [33m WARN[0m [2mmoq_transport::session[0m[2m:[0m unexpected bidi response message type [3mmsg_type[0m[2m=[0m2
[2m2026-10-10T00:56:10.877792Z[0m [33m WARN[0m [2mmoq_transport::serve::error[0m[2m:[0m [5cb56759-6e2f-4e58-a033-f468ea87ea87] Not implemented: bidi response type 0x2 at moq-transport/src/session/error.rs:89
[2m2026-10-10T00:56:10.877865Z[0m [32m INFO[0m [2mmoq_test_client::moqtest[0m[2m:[0m PUBLISH accepted and subscription bound; generating objects [3mobjects[0m[2m=[0m15 [3mstreams[0m[2m=[0m3
not ok 10 - moq-test-subgroup-per-group
  ---
  duration_ms: 689
  message: "failed to create subgroup: cancelled"
  ...
[2m2026-10-10T00:56:10.894018Z[0m [32m INFO[0m [2mmoq_native_ietf::quic[0m[2m:[0m UDP socket bound [3mbind[0m[2m=[0m[::]:0 [3mlocal[0m[2m=[0m[::]:43341 [3mdual_stack[0m[2m=[0mtrue
[2m2026-10-10T00:56:11.174496Z[0m [32m INFO[0m [2mmoq_native_ietf::quic[0m[2m:[0m UDP socket bound [3mbind[0m[2m=[0m[::]:0 [3mlocal[0m[2m=[0m[::]:34106 [3mdual_stack[0m[2m=[0mtrue
[2m2026-10-10T00:56:11.284092Z[0m [33m WARN[0m [2mmoq_transport::session[0m[2m:[0m unexpected bidi response message type [3mmsg_type[0m[2m=[0m2
[2m2026-10-10T00:56:11.284131Z[0m [33m WARN[0m [2mmoq_transport::serve::error[0m[2m:[0m [192e7b62-5f75-433c-821a-9c82832eb377] Not implemented: bidi response type 0x2 at moq-transport/src/session/error.rs:89
[2m2026-10-10T00:56:11.284200Z[0m [32m INFO[0m [2mmoq_test_client::moqtest[0m[2m:[0m PUBLISH accepted and subscription bound; generating objects [3mobjects[0m[2m=[0m15 [3mstreams[0m[2m=[0m3
not ok 11 - moq-test-subgroup-per-group-eog
  ---
  duration_ms: 409
  message: "failed to create subgroup: cancelled"
  ...
[2m2026-10-10T00:56:11.303449Z[0m [32m INFO[0m [2mmoq_native_ietf::quic[0m[2m:[0m UDP socket bound [3mbind[0m[2m=[0m[::]:0 [3mlocal[0m[2m=[0m[::]:35985 [3mdual_stack[0m[2m=[0mtrue
[2m2026-10-10T00:56:11.909862Z[0m [32m INFO[0m [2mmoq_native_ietf::quic[0m[2m:[0m UDP socket bound [3mbind[0m[2m=[0m[::]:0 [3mlocal[0m[2m=[0m[::]:50182 [3mdual_stack[0m[2m=[0mtrue
[2m2026-10-10T00:56:12.027308Z[0m [33m WARN[0m [2mmoq_transport::session[0m[2m:[0m unexpected bidi response message type [3mmsg_type[0m[2m=[0m2
[2m2026-10-10T00:56:12.027331Z[0m [33m WARN[0m [2mmoq_transport::serve::error[0m[2m:[0m [e922a28b-702b-4e59-9326-24be873643f6] Not implemented: bidi response type 0x2 at moq-transport/src/session/error.rs:89
not ok 12 - moq-test-subgroup-per-object
  ---
  duration_ms: 724
  message: "PUBLISH was rejected: cancelled"
  ...
[2m2026-10-10T00:56:12.028082Z[0m [32m INFO[0m [2mmoq_native_ietf::quic[0m[2m:[0m UDP socket bound [3mbind[0m[2m=[0m[::]:0 [3mlocal[0m[2m=[0m[::]:53830 [3mdual_stack[0m[2m=[0mtrue
[2m2026-10-10T00:56:12.289831Z[0m [32m INFO[0m [2mmoq_native_ietf::quic[0m[2m:[0m UDP socket bound [3mbind[0m[2m=[0m[::]:0 [3mlocal[0m[2m=[0m[::]:46573 [3mdual_stack[0m[2m=[0mtrue
[2m2026-10-10T00:56:12.400217Z[0m [32m INFO[0m [2mmoq_test_client::moqtest[0m[2m:[0m PUBLISH accepted and subscription bound; generating objects [3mobjects[0m[2m=[0m18 [3mstreams[0m[2m=[0m6
not ok 13 - moq-test-two-subgroups-eog
  ---
  duration_ms: 393
  message: "failed to create subgroup 0: cancelled"
  ...
[2m2026-10-10T00:56:12.421722Z[0m [32m INFO[0m [2mmoq_native_ietf::quic[0m[2m:[0m UDP socket bound [3mbind[0m[2m=[0m[::]:0 [3mlocal[0m[2m=[0m[::]:39472 [3mdual_stack[0m[2m=[0mtrue
[2m2026-10-10T00:56:12.686449Z[0m [32m INFO[0m [2mmoq_native_ietf::quic[0m[2m:[0m UDP socket bound [3mbind[0m[2m=[0m[::]:0 [3mlocal[0m[2m=[0m[::]:33676 [3mdual_stack[0m[2m=[0mtrue
[2m2026-10-10T00:56:12.793588Z[0m [32m INFO[0m [2mmoq_test_client::moqtest[0m[2m:[0m PUBLISH accepted and subscription bound; generating objects [3mobjects[0m[2m=[0m15 [3mstreams[0m[2m=[0m0
not ok 14 - moq-test-datagram
  ---
  duration_ms: 392
  message: "failed to write datagram: cancelled"
  ...
[2m2026-10-10T00:56:12.814410Z[0m [32m INFO[0m [2mmoq_native_ietf::quic[0m[2m:[0m UDP socket bound [3mbind[0m[2m=[0m[::]:0 [3mlocal[0m[2m=[0m[::]:48110 [3mdual_stack[0m[2m=[0mtrue
[2m2026-10-10T00:56:13.072956Z[0m [32m INFO[0m [2mmoq_native_ietf::quic[0m[2m:[0m UDP socket bound [3mbind[0m[2m=[0m[::]:0 [3mlocal[0m[2m=[0m[::]:40642 [3mdual_stack[0m[2m=[0mtrue
[2m2026-10-10T00:56:13.189040Z[0m [33m WARN[0m [2mmoq_transport::session[0m[2m:[0m unexpected bidi response message type [3mmsg_type[0m[2m=[0m2
[2m2026-10-10T00:56:13.189062Z[0m [33m WARN[0m [2mmoq_transport::serve::error[0m[2m:[0m [6893d062-4d6d-420b-a704-4ba9be6e2290] Not implemented: bidi response type 0x2 at moq-transport/src/session/error.rs:89
[2m2026-10-10T00:56:13.189404Z[0m [32m INFO[0m [2mmoq_test_client::moqtest[0m[2m:[0m PUBLISH accepted and subscription bound; generating objects [3mobjects[0m[2m=[0m15 [3mstreams[0m[2m=[0m0
not ok 15 - moq-test-datagram-eog
  ---
  duration_ms: 396
  message: "failed to write datagram: cancelled"
  ...
[2m2026-10-10T00:56:13.211069Z[0m [32m INFO[0m [2mmoq_native_ietf::quic[0m[2m:[0m UDP socket bound [3mbind[0m[2m=[0m[::]:0 [3mlocal[0m[2m=[0m[::]:58371 [3mdual_stack[0m[2m=[0mtrue
[2m2026-10-10T00:56:13.475651Z[0m [32m INFO[0m [2mmoq_native_ietf::quic[0m[2m:[0m UDP socket bound [3mbind[0m[2m=[0m[::]:0 [3mlocal[0m[2m=[0m[::]:36493 [3mdual_stack[0m[2m=[0mtrue
[2m2026-10-10T00:56:13.605797Z[0m [33m WARN[0m [2mmoq_transport::session[0m[2m:[0m unexpected bidi response message type [3mmsg_type[0m[2m=[0m2
[2m2026-10-10T00:56:13.605814Z[0m [33m WARN[0m [2mmoq_transport::serve::error[0m[2m:[0m [6632a2d8-36bd-4e4e-85c7-8f665728b449] Not implemented: bidi response type 0x2 at moq-transport/src/session/error.rs:89
[2m2026-10-10T00:56:13.606021Z[0m [32m INFO[0m [2mmoq_test_client::moqtest[0m[2m:[0m PUBLISH accepted and subscription bound; generating objects [3mobjects[0m[2m=[0m15 [3mstreams[0m[2m=[0m3
not ok 16 - moq-test-extensions
  ---
  duration_ms: 414
  message: "failed to create subgroup: cancelled"
  ...
[2m2026-10-10T00:56:13.625225Z[0m [32m INFO[0m [2mmoq_native_ietf::quic[0m[2m:[0m UDP socket bound [3mbind[0m[2m=[0m[::]:0 [3mlocal[0m[2m=[0m[::]:33080 [3mdual_stack[0m[2m=[0mtrue
[2m2026-10-10T00:56:13.895461Z[0m [32m INFO[0m [2mmoq_native_ietf::quic[0m[2m:[0m UDP socket bound [3mbind[0m[2m=[0m[::]:0 [3mlocal[0m[2m=[0m[::]:48603 [3mdual_stack[0m[2m=[0mtrue
[2m2026-10-10T00:56:14.005003Z[0m [33m WARN[0m [2mmoq_transport::session[0m[2m:[0m unexpected bidi response message type [3mmsg_type[0m[2m=[0m2
[2m2026-10-10T00:56:14.005024Z[0m [33m WARN[0m [2mmoq_transport::serve::error[0m[2m:[0m [fd6cac5d-780d-44ab-ae33-95b0c089736c] Not implemented: bidi response type 0x2 at moq-transport/src/session/error.rs:89
[2m2026-10-10T00:56:14.005259Z[0m [32m INFO[0m [2mmoq_test_client::moqtest[0m[2m:[0m PUBLISH accepted and subscription bound; generating objects [3mobjects[0m[2m=[0m9 [3mstreams[0m[2m=[0m3
not ok 17 - moq-test-increments
  ---
  duration_ms: 389
  message: "failed to create subgroup: cancelled"
  ...
[2m2026-10-10T00:56:14.015126Z[0m [32m INFO[0m [2mmoq_native_ietf::quic[0m[2m:[0m UDP socket bound [3mbind[0m[2m=[0m[::]:0 [3mlocal[0m[2m=[0m[::]:39463 [3mdual_stack[0m[2m=[0mtrue
[2m2026-10-10T00:56:14.287748Z[0m [32m INFO[0m [2mmoq_native_ietf::quic[0m[2m:[0m UDP socket bound [3mbind[0m[2m=[0m[::]:0 [3mlocal[0m[2m=[0m[::]:44302 [3mdual_stack[0m[2m=[0mtrue
[2m2026-10-10T00:56:14.400216Z[0m [32m INFO[0m [2mmoq_test_client::moqtest[0m[2m:[0m PUBLISH accepted and subscription bound; generating objects [3mobjects[0m[2m=[0m6 [3mstreams[0m[2m=[0m2
not ok 18 - moq-test-forward-zero
  ---
  duration_ms: 395
  message: "failed to create subgroup: cancelled"
  ...
make[1]: *** [Makefile:122: test-external] Error 1
make[1]: Leaving directory '/home/runner/work/moq-interop-runner/moq-interop-runner/main'
