make[1]: Entering directory '/home/runner/work/moq-interop-runner/moq-interop-runner/main'
Running tests against moqt://34-72-6-160.sslip.io:443...
  Client: ghcr.io/englishm/moq-interop-runner-moq-test-client-draft-18:latest
docker run --rm \
	 \
	--network host \
	-e RELAY_URL=moqt://34-72-6-160.sslip.io:443 \
	-e TLS_DISABLE_VERIFY=false \
	ghcr.io/englishm/moq-interop-runner-moq-test-client-draft-18:latest
TAP version 14
# moq-test-client v0.1.12
# Relay: moqt://34-72-6-160.sslip.io:443
1..18
[2m2026-10-10T00:58:12.855479Z[0m [32m INFO[0m [2mmoq_native_ietf::quic[0m[2m:[0m UDP socket bound [3mbind[0m[2m=[0m[::]:0 [3mlocal[0m[2m=[0m[::]:41992 [3mdual_stack[0m[2m=[0mtrue
ok 1 - setup-only
  ---
  duration_ms: 296
  connection_id: 5bfa61a7f34e1c90c099fba32e7b2364
  ...
[2m2026-10-10T00:58:13.151060Z[0m [32m INFO[0m [2mmoq_test_client::scenarios[0m[2m:[0m SETUP exchange completed successfully
[2m2026-10-10T00:58:13.151709Z[0m [32m INFO[0m [2mmoq_native_ietf::quic[0m[2m:[0m UDP socket bound [3mbind[0m[2m=[0m[::]:0 [3mlocal[0m[2m=[0m[::]:50748 [3mdual_stack[0m[2m=[0mtrue
[2m2026-10-10T00:58:13.265910Z[0m [32m INFO[0m [2mmoq_test_client::scenarios[0m[2m:[0m Sending PUBLISH_NAMESPACE for: moq-test/interop
[2m2026-10-10T00:58:15.267380Z[0m [32m INFO[0m [2mmoq_test_client::scenarios[0m[2m:[0m PUBLISH_NAMESPACE succeeded (REQUEST_OK received, waiting for subscribers)
ok 2 - publish-namespace-only
  ---
  duration_ms: 2116
  connection_id: b376416d1fb17af3d4d829f77831d568
  ...
[2m2026-10-10T00:58:15.268016Z[0m [32m INFO[0m [2mmoq_native_ietf::quic[0m[2m:[0m UDP socket bound [3mbind[0m[2m=[0m[::]:0 [3mlocal[0m[2m=[0m[::]:56989 [3mdual_stack[0m[2m=[0mtrue
[2m2026-10-10T00:58:15.388690Z[0m [32m INFO[0m [2mmoq_test_client::scenarios[0m[2m:[0m Subscribing to non-existent track: nonexistent/namespace/test-track
[2m2026-10-10T00:58:15.440591Z[0m [33m WARN[0m [2mmoq_transport::serve::error[0m[2m:[0m [2499fbcb-c4fe-4a42-b414-019ca09f70bc] Not found: unroutable at moq-transport/src/session/subscriber.rs:1653
[2m2026-10-10T00:58:15.440748Z[0m [32m INFO[0m [2mmoq_test_client::scenarios[0m[2m:[0m Got expected 'not found' error: not found: Track not found [error:2499fbcb-c4fe-4a42-b414-019ca09f70bc]
ok 3 - subscribe-error
  ---
  duration_ms: 173
  connection_id: ed5a1d9555fe8526106ac3f17efe3717
  ...
[2m2026-10-10T00:58:15.441328Z[0m [32m INFO[0m [2mmoq_native_ietf::quic[0m[2m:[0m UDP socket bound [3mbind[0m[2m=[0m[::]:0 [3mlocal[0m[2m=[0m[::]:58232 [3mdual_stack[0m[2m=[0mtrue
[2m2026-10-10T00:58:15.559041Z[0m [32m INFO[0m [2mmoq_native_ietf::quic[0m[2m:[0m UDP socket bound [3mbind[0m[2m=[0m[::]:0 [3mlocal[0m[2m=[0m[::]:52496 [3mdual_stack[0m[2m=[0mtrue
[2m2026-10-10T00:58:15.692150Z[0m [32m INFO[0m [2mmoq_test_client::scenarios[0m[2m:[0m Publisher sending PUBLISH_NAMESPACE: moq-test/interop
[2m2026-10-10T00:58:15.692168Z[0m [32m INFO[0m [2mmoq_test_client::scenarios[0m[2m:[0m Subscriber subscribing to track: moq-test/interop/test-track
[2m2026-10-10T00:58:15.744388Z[0m [33m WARN[0m [2mmoq_transport::serve::error[0m[2m:[0m [871f3e86-0186-4d86-8106-ddccc9581ade] Not found: unroutable at moq-transport/src/session/subscriber.rs:1653
ok 4 - publish-namespace-subscribe
  ---
  duration_ms: 303
  publisher_connection_id: af6ddd01b2d6e87fd850e1e70eba4bfd
  subscriber_connection_id: 46bddc4c9f69acde1180e12e1b8b5759
  ...
[2m2026-10-10T00:58:15.744726Z[0m [32m INFO[0m [2mmoq_test_client::scenarios[0m[2m:[0m Subscriber got error: not found: Track not found [error:871f3e86-0186-4d86-8106-ddccc9581ade] - subscription was processed
[2m2026-10-10T00:58:15.745262Z[0m [32m INFO[0m [2mmoq_native_ietf::quic[0m[2m:[0m UDP socket bound [3mbind[0m[2m=[0m[::]:0 [3mlocal[0m[2m=[0m[::]:50890 [3mdual_stack[0m[2m=[0mtrue
[2m2026-10-10T00:58:15.858398Z[0m [32m INFO[0m [2mmoq_test_client::scenarios[0m[2m:[0m Subscriber subscribing BEFORE PUBLISH_NAMESPACE: moq-test/interop/test-track
[2m2026-10-10T00:58:15.912103Z[0m [33m WARN[0m [2mmoq_transport::serve::error[0m[2m:[0m [0439d7e5-002e-4a22-a5bc-7de3eb4f7e73] Not found: unroutable at moq-transport/src/session/subscriber.rs:1653
[2m2026-10-10T00:58:16.360472Z[0m [32m INFO[0m [2mmoq_native_ietf::quic[0m[2m:[0m UDP socket bound [3mbind[0m[2m=[0m[::]:0 [3mlocal[0m[2m=[0m[::]:55163 [3mdual_stack[0m[2m=[0mtrue
[2m2026-10-10T00:58:16.478333Z[0m [32m INFO[0m [2mmoq_test_client::scenarios[0m[2m:[0m Publisher sending PUBLISH_NAMESPACE (after subscriber): moq-test/interop
[2m2026-10-10T00:58:19.479834Z[0m [32m INFO[0m [2mmoq_test_client::scenarios[0m[2m:[0m Publisher PUBLISH_NAMESPACE timeout (expected)
[2m2026-10-10T00:58:19.479859Z[0m [32m INFO[0m [2mmoq_test_client::scenarios[0m[2m:[0m Subscriber got error: not found: Track not found [error:0439d7e5-002e-4a22-a5bc-7de3eb4f7e73] (may be expected)
ok 5 - subscribe-before-publish-namespace
  ---
  duration_ms: 3735
  subscriber_connection_id: 9aef7440ca59a407489748b807ca5470
  publisher_connection_id: 7c46bedb8079fbfc978311d070c5b902
  ...
[2m2026-10-10T00:58:19.480441Z[0m [32m INFO[0m [2mmoq_native_ietf::quic[0m[2m:[0m UDP socket bound [3mbind[0m[2m=[0m[::]:0 [3mlocal[0m[2m=[0m[::]:48592 [3mdual_stack[0m[2m=[0mtrue
[2m2026-10-10T00:58:19.600656Z[0m [32m INFO[0m [2mmoq_test_client::scenarios[0m[2m:[0m Sending PUBLISH_NAMESPACE: moq-test/interop
[2m2026-10-10T00:58:21.601253Z[0m [32m INFO[0m [2mmoq_test_client::scenarios[0m[2m:[0m PUBLISH_NAMESPACE active; sending PUBLISH_NAMESPACE_DONE
[2m2026-10-10T00:58:21.702253Z[0m [32m INFO[0m [2mmoq_test_client::scenarios[0m[2m:[0m PUBLISH_NAMESPACE_DONE sent successfully
ok 6 - publish-namespace-done
  ---
  duration_ms: 2222
  connection_id: 9c0b319a1e2cd7f8600453a82b7ea429
  ...
[2m2026-10-10T00:58:21.702851Z[0m [32m INFO[0m [2mmoq_native_ietf::quic[0m[2m:[0m UDP socket bound [3mbind[0m[2m=[0m[::]:0 [3mlocal[0m[2m=[0m[::]:52890 [3mdual_stack[0m[2m=[0mtrue
[2m2026-10-10T00:58:21.836473Z[0m [32m INFO[0m [2mmoq_test_client::scenarios[0m[2m:[0m Publisher sending direct PUBLISH [3mnamespace[0m[2m=[0m/moq-test/publish [3mtrack[0m[2m=[0m"published-track"
[2m2026-10-10T00:58:21.889440Z[0m [33m WARN[0m [2mmoq_transport::session::reader[0m[2m:[0m [READER] decode: stream ended while waiting for data (have=0 bytes, need=1)
[2m2026-10-10T00:58:21.890136Z[0m [32m INFO[0m [2mmoq_native_ietf::quic[0m[2m:[0m UDP socket bound [3mbind[0m[2m=[0m[::]:0 [3mlocal[0m[2m=[0m[::]:56574 [3mdual_stack[0m[2m=[0mtrue
not ok 7 - publish-track-only
  ---
  duration_ms: 187
  message: "PUBLISH was rejected: closed, code=3"
  ...
[2m2026-10-10T00:58:22.011217Z[0m [32m INFO[0m [2mmoq_native_ietf::quic[0m[2m:[0m UDP socket bound [3mbind[0m[2m=[0m[::]:0 [3mlocal[0m[2m=[0m[::]:60005 [3mdual_stack[0m[2m=[0mtrue
[2m2026-10-10T00:58:22.129427Z[0m [32m INFO[0m [2mmoq_test_client::scenarios[0m[2m:[0m Publisher sending direct PUBLISH before subscriber subscribes [3mnamespace[0m[2m=[0m/moq-test/publish [3mtrack[0m[2m=[0m"published-track"
[2m2026-10-10T00:58:22.182729Z[0m [33m WARN[0m [2mmoq_transport::session::reader[0m[2m:[0m [READER] decode: stream ended while waiting for data (have=0 bytes, need=1)
not ok 8 - publish-track-subscribe
  ---
  duration_ms: 293
  message: "PUBLISH was rejected: closed, code=3"
  ...
[2m2026-10-10T00:58:22.183505Z[0m [32m INFO[0m [2mmoq_native_ietf::quic[0m[2m:[0m UDP socket bound [3mbind[0m[2m=[0m[::]:0 [3mlocal[0m[2m=[0m[::]:54720 [3mdual_stack[0m[2m=[0mtrue
[2m2026-10-10T00:58:22.292327Z[0m [32m INFO[0m [2mmoq_test_client::scenarios[0m[2m:[0m Subscribing with RENDEZVOUS_TIMEOUT to a track with no publisher [3mtimeout_ms[0m[2m=[0m500
[2m2026-10-10T00:58:22.344011Z[0m [33m WARN[0m [2mmoq_transport::serve::error[0m[2m:[0m [bda5adca-5a3e-4624-b017-5270a56a13a9] Not found: unroutable at moq-transport/src/session/subscriber.rs:1653
not ok 9 - rendezvous-timeout
  ---
  duration_ms: 161
  message: "expected REQUEST_ERROR TIMEOUT, got: not found: Track not found [error:bda5adca-5a3e-4624-b017-5270a56a13a9]"
  ...
[2m2026-10-10T00:58:22.344744Z[0m [32m INFO[0m [2mmoq_native_ietf::quic[0m[2m:[0m UDP socket bound [3mbind[0m[2m=[0m[::]:0 [3mlocal[0m[2m=[0m[::]:37074 [3mdual_stack[0m[2m=[0mtrue
[2m2026-10-10T00:58:22.519182Z[0m [33m WARN[0m [2mmoq_transport::serve::error[0m[2m:[0m [12dd524f-9248-4878-a67d-8f2cc86f13fc] Not found: unroutable at moq-transport/src/session/subscriber.rs:1653
[2m2026-10-10T00:58:22.666824Z[0m [32m INFO[0m [2mmoq_native_ietf::quic[0m[2m:[0m UDP socket bound [3mbind[0m[2m=[0m[::]:0 [3mlocal[0m[2m=[0m[::]:39907 [3mdual_stack[0m[2m=[0mtrue
[2m2026-10-10T00:58:22.829100Z[0m [33m WARN[0m [2mmoq_transport::session::reader[0m[2m:[0m [READER] decode: stream ended while waiting for data (have=0 bytes, need=1)
not ok 10 - moq-test-subgroup-per-group
  ---
  duration_ms: 485
  message: "PUBLISH was rejected: closed, code=3"
  ...
[2m2026-10-10T00:58:22.829813Z[0m [32m INFO[0m [2mmoq_native_ietf::quic[0m[2m:[0m UDP socket bound [3mbind[0m[2m=[0m[::]:0 [3mlocal[0m[2m=[0m[::]:41006 [3mdual_stack[0m[2m=[0mtrue
[2m2026-10-10T00:58:22.993648Z[0m [33m WARN[0m [2mmoq_transport::serve::error[0m[2m:[0m [ce1fe2fa-ded0-40ed-8db4-373a3c5bd299] Not found: unroutable at moq-transport/src/session/subscriber.rs:1653
[2m2026-10-10T00:58:23.143070Z[0m [32m INFO[0m [2mmoq_native_ietf::quic[0m[2m:[0m UDP socket bound [3mbind[0m[2m=[0m[::]:0 [3mlocal[0m[2m=[0m[::]:49774 [3mdual_stack[0m[2m=[0mtrue
[2m2026-10-10T00:58:23.310694Z[0m [33m WARN[0m [2mmoq_transport::session::reader[0m[2m:[0m [READER] decode: stream ended while waiting for data (have=0 bytes, need=1)
[2m2026-10-10T00:58:23.311391Z[0m [32m INFO[0m [2mmoq_native_ietf::quic[0m[2m:[0m UDP socket bound [3mbind[0m[2m=[0m[::]:0 [3mlocal[0m[2m=[0m[::]:49743 [3mdual_stack[0m[2m=[0mtrue
not ok 11 - moq-test-subgroup-per-group-eog
  ---
  duration_ms: 481
  message: "PUBLISH was rejected: closed, code=3"
  ...
[2m2026-10-10T00:58:23.478809Z[0m [33m WARN[0m [2mmoq_transport::serve::error[0m[2m:[0m [43733357-45b7-4832-836f-ebde596eddb9] Not found: unroutable at moq-transport/src/session/subscriber.rs:1653
[2m2026-10-10T00:58:23.629308Z[0m [32m INFO[0m [2mmoq_native_ietf::quic[0m[2m:[0m UDP socket bound [3mbind[0m[2m=[0m[::]:0 [3mlocal[0m[2m=[0m[::]:37858 [3mdual_stack[0m[2m=[0mtrue
[2m2026-10-10T00:58:23.802097Z[0m [33m WARN[0m [2mmoq_transport::session::reader[0m[2m:[0m [READER] decode: stream ended while waiting for data (have=0 bytes, need=1)
not ok 12 - moq-test-subgroup-per-object
  ---
  duration_ms: 491
  message: "PUBLISH was rejected: closed, code=3"
  ...
[2m2026-10-10T00:58:23.802842Z[0m [32m INFO[0m [2mmoq_native_ietf::quic[0m[2m:[0m UDP socket bound [3mbind[0m[2m=[0m[::]:0 [3mlocal[0m[2m=[0m[::]:37971 [3mdual_stack[0m[2m=[0mtrue
[2m2026-10-10T00:58:23.978773Z[0m [33m WARN[0m [2mmoq_transport::serve::error[0m[2m:[0m [97fdd378-8b6a-4a7e-85c9-902ba7b73f58] Not found: unroutable at moq-transport/src/session/subscriber.rs:1653
[2m2026-10-10T00:58:24.126685Z[0m [32m INFO[0m [2mmoq_native_ietf::quic[0m[2m:[0m UDP socket bound [3mbind[0m[2m=[0m[::]:0 [3mlocal[0m[2m=[0m[::]:56310 [3mdual_stack[0m[2m=[0mtrue
[2m2026-10-10T00:58:24.307923Z[0m [33m WARN[0m [2mmoq_transport::session::reader[0m[2m:[0m [READER] decode: stream ended while waiting for data (have=0 bytes, need=1)
not ok 13 - moq-test-two-subgroups-eog
  ---
  duration_ms: 505
  message: "PUBLISH was rejected: closed, code=3"
  ...
[2m2026-10-10T00:58:24.308695Z[0m [32m INFO[0m [2mmoq_native_ietf::quic[0m[2m:[0m UDP socket bound [3mbind[0m[2m=[0m[::]:0 [3mlocal[0m[2m=[0m[::]:36788 [3mdual_stack[0m[2m=[0mtrue
[2m2026-10-10T00:58:24.477956Z[0m [33m WARN[0m [2mmoq_transport::serve::error[0m[2m:[0m [d2d64f49-c12d-4fc4-9596-6cd2d9020ab5] Not found: unroutable at moq-transport/src/session/subscriber.rs:1653
[2m2026-10-10T00:58:24.625554Z[0m [32m INFO[0m [2mmoq_native_ietf::quic[0m[2m:[0m UDP socket bound [3mbind[0m[2m=[0m[::]:0 [3mlocal[0m[2m=[0m[::]:59649 [3mdual_stack[0m[2m=[0mtrue
[2m2026-10-10T00:58:24.815441Z[0m [33m WARN[0m [2mmoq_transport::session::reader[0m[2m:[0m [READER] decode: stream ended while waiting for data (have=0 bytes, need=1)
not ok 14 - moq-test-datagram
  ---
  duration_ms: 507
  message: "PUBLISH was rejected: closed, code=3"
  ...
[2m2026-10-10T00:58:24.816099Z[0m [32m INFO[0m [2mmoq_native_ietf::quic[0m[2m:[0m UDP socket bound [3mbind[0m[2m=[0m[::]:0 [3mlocal[0m[2m=[0m[::]:57683 [3mdual_stack[0m[2m=[0mtrue
[2m2026-10-10T00:58:24.987830Z[0m [33m WARN[0m [2mmoq_transport::serve::error[0m[2m:[0m [c9bcab0f-db43-44f1-915d-7d852eab2275] Not found: unroutable at moq-transport/src/session/subscriber.rs:1653
[2m2026-10-10T00:58:25.135645Z[0m [32m INFO[0m [2mmoq_native_ietf::quic[0m[2m:[0m UDP socket bound [3mbind[0m[2m=[0m[::]:0 [3mlocal[0m[2m=[0m[::]:40360 [3mdual_stack[0m[2m=[0mtrue
[2m2026-10-10T00:58:25.305623Z[0m [33m WARN[0m [2mmoq_transport::session::reader[0m[2m:[0m [READER] decode: stream ended while waiting for data (have=0 bytes, need=1)
not ok 15 - moq-test-datagram-eog
  ---
  duration_ms: 490
  message: "PUBLISH was rejected: closed, code=3"
  ...
[2m2026-10-10T00:58:25.306287Z[0m [32m INFO[0m [2mmoq_native_ietf::quic[0m[2m:[0m UDP socket bound [3mbind[0m[2m=[0m[::]:0 [3mlocal[0m[2m=[0m[::]:39845 [3mdual_stack[0m[2m=[0mtrue
[2m2026-10-10T00:58:25.487581Z[0m [33m WARN[0m [2mmoq_transport::serve::error[0m[2m:[0m [7b5a3fa4-ccdf-4f15-8a68-adb04e149941] Not found: unroutable at moq-transport/src/session/subscriber.rs:1653
[2m2026-10-10T00:58:25.635627Z[0m [32m INFO[0m [2mmoq_native_ietf::quic[0m[2m:[0m UDP socket bound [3mbind[0m[2m=[0m[::]:0 [3mlocal[0m[2m=[0m[::]:54160 [3mdual_stack[0m[2m=[0mtrue
[2m2026-10-10T00:58:25.809536Z[0m [33m WARN[0m [2mmoq_transport::session::reader[0m[2m:[0m [READER] decode: stream ended while waiting for data (have=0 bytes, need=1)
not ok 16 - moq-test-extensions
  ---
  duration_ms: 504
  message: "PUBLISH was rejected: closed, code=3"
  ...
[2m2026-10-10T00:58:25.810329Z[0m [32m INFO[0m [2mmoq_native_ietf::quic[0m[2m:[0m UDP socket bound [3mbind[0m[2m=[0m[::]:0 [3mlocal[0m[2m=[0m[::]:55794 [3mdual_stack[0m[2m=[0mtrue
[2m2026-10-10T00:58:25.981993Z[0m [33m WARN[0m [2mmoq_transport::serve::error[0m[2m:[0m [a7fa205a-2707-4315-98ac-a30f67513bac] Not found: unroutable at moq-transport/src/session/subscriber.rs:1653
[2m2026-10-10T00:58:26.130585Z[0m [32m INFO[0m [2mmoq_native_ietf::quic[0m[2m:[0m UDP socket bound [3mbind[0m[2m=[0m[::]:0 [3mlocal[0m[2m=[0m[::]:60199 [3mdual_stack[0m[2m=[0mtrue
[2m2026-10-10T00:58:26.297118Z[0m [33m WARN[0m [2mmoq_transport::session::reader[0m[2m:[0m [READER] decode: stream ended while waiting for data (have=0 bytes, need=1)
not ok 17 - moq-test-increments
  ---
  duration_ms: 487
  message: "PUBLISH was rejected: closed, code=3"
  ...
[2m2026-10-10T00:58:26.297840Z[0m [32m INFO[0m [2mmoq_native_ietf::quic[0m[2m:[0m UDP socket bound [3mbind[0m[2m=[0m[::]:0 [3mlocal[0m[2m=[0m[::]:50933 [3mdual_stack[0m[2m=[0mtrue
[2m2026-10-10T00:58:26.622339Z[0m [32m INFO[0m [2mmoq_native_ietf::quic[0m[2m:[0m UDP socket bound [3mbind[0m[2m=[0m[::]:0 [3mlocal[0m[2m=[0m[::]:46951 [3mdual_stack[0m[2m=[0mtrue
[2m2026-10-10T00:58:26.800231Z[0m [33m WARN[0m [2mmoq_transport::session::reader[0m[2m:[0m [READER] decode: stream ended while waiting for data (have=0 bytes, need=1)
not ok 18 - moq-test-forward-zero
  ---
  duration_ms: 503
  message: "PUBLISH was rejected: closed, code=3"
  ...
make[1]: *** [Makefile:122: test-external] Error 1
make[1]: Leaving directory '/home/runner/work/moq-interop-runner/moq-interop-runner/main'
