make[1]: Entering directory '/home/runner/work/moq-interop-runner/moq-interop-runner/main'
Running tests against https://lminiero.it:9000...
  Client: ghcr.io/englishm/moq-interop-runner-moq-test-client-draft-18:latest
docker run --rm \
	 \
	--network host \
	-e RELAY_URL=https://lminiero.it:9000 \
	-e TLS_DISABLE_VERIFY=false \
	ghcr.io/englishm/moq-interop-runner-moq-test-client-draft-18:latest
TAP version 14
# moq-test-client v0.1.12
# Relay: https://lminiero.it:9000/
1..18
[2m2026-10-10T00:47:21.815763Z[0m [32m INFO[0m [2mmoq_native_ietf::quic[0m[2m:[0m UDP socket bound [3mbind[0m[2m=[0m[::]:0 [3mlocal[0m[2m=[0m[::]:48425 [3mdual_stack[0m[2m=[0mtrue
ok 1 - setup-only
  ---
  duration_ms: 608
  connection_id: 004b0b5526de2f9cf953b09fad5c07c3
  ...
[2m2026-10-10T00:47:22.423164Z[0m [32m INFO[0m [2mmoq_test_client::scenarios[0m[2m:[0m SETUP exchange completed successfully
[2m2026-10-10T00:47:22.423841Z[0m [32m INFO[0m [2mmoq_native_ietf::quic[0m[2m:[0m UDP socket bound [3mbind[0m[2m=[0m[::]:0 [3mlocal[0m[2m=[0m[::]:32805 [3mdual_stack[0m[2m=[0mtrue
[2m2026-10-10T00:47:23.027332Z[0m [32m INFO[0m [2mmoq_test_client::scenarios[0m[2m:[0m Sending PUBLISH_NAMESPACE for: moq-test/interop
[2m2026-10-10T00:47:25.028703Z[0m [32m INFO[0m [2mmoq_test_client::scenarios[0m[2m:[0m PUBLISH_NAMESPACE succeeded (REQUEST_OK received, waiting for subscribers)
ok 2 - publish-namespace-only
  ---
  duration_ms: 2605
  connection_id: fcb2d6174859b6ddeb3585275c468def
  ...
[2m2026-10-10T00:47:25.029461Z[0m [32m INFO[0m [2mmoq_native_ietf::quic[0m[2m:[0m UDP socket bound [3mbind[0m[2m=[0m[::]:0 [3mlocal[0m[2m=[0m[::]:57245 [3mdual_stack[0m[2m=[0mtrue
[2m2026-10-10T00:47:25.969883Z[0m [32m INFO[0m [2mmoq_test_client::scenarios[0m[2m:[0m Subscribing to non-existent track: nonexistent/namespace/test-track
[2m2026-10-10T00:47:26.123444Z[0m [33m WARN[0m [2mmoq_transport::serve::error[0m[2m:[0m [648cf5a3-ccc6-40dd-a7c5-d1df1e154212] Not found: Namespace not found at moq-transport/src/session/subscriber.rs:1653
ok 3 - subscribe-error
  ---
  duration_ms: 1094
  connection_id: dd3e33ef216df5088deaaa08e05571a7
  ...
[2m2026-10-10T00:47:26.123635Z[0m [32m INFO[0m [2mmoq_test_client::scenarios[0m[2m:[0m Got expected 'not found' error: not found: Track not found [error:648cf5a3-ccc6-40dd-a7c5-d1df1e154212]
[2m2026-10-10T00:47:26.124268Z[0m [32m INFO[0m [2mmoq_native_ietf::quic[0m[2m:[0m UDP socket bound [3mbind[0m[2m=[0m[::]:0 [3mlocal[0m[2m=[0m[::]:53569 [3mdual_stack[0m[2m=[0mtrue
[2m2026-10-10T00:47:27.201516Z[0m [32m INFO[0m [2mmoq_native_ietf::quic[0m[2m:[0m UDP socket bound [3mbind[0m[2m=[0m[::]:0 [3mlocal[0m[2m=[0m[::]:42054 [3mdual_stack[0m[2m=[0mtrue
[2m2026-10-10T00:47:28.277597Z[0m [32m INFO[0m [2mmoq_test_client::scenarios[0m[2m:[0m Publisher sending PUBLISH_NAMESPACE: moq-test/interop
[2m2026-10-10T00:47:28.277614Z[0m [32m INFO[0m [2mmoq_test_client::scenarios[0m[2m:[0m Subscriber subscribing to track: moq-test/interop/test-track
[2m2026-10-10T00:47:28.428121Z[0m [33m WARN[0m [2mmoq_transport::serve::error[0m[2m:[0m [e3c45ac8-12ed-41bb-b074-3472989476d6] Not found: Namespace not found at moq-transport/src/session/subscriber.rs:1653
[2m2026-10-10T00:47:28.428388Z[0m [32m INFO[0m [2mmoq_test_client::scenarios[0m[2m:[0m Subscriber got error: not found: Track not found [error:e3c45ac8-12ed-41bb-b074-3472989476d6] - subscription was processed
ok 4 - publish-namespace-subscribe
  ---
  duration_ms: 2304
  publisher_connection_id: d1282f3b8757234c4f988b6dd98b9cc6
  subscriber_connection_id: 2a6349664304ac50127d3cf83e56e8f7
  ...
[2m2026-10-10T00:47:28.429005Z[0m [32m INFO[0m [2mmoq_native_ietf::quic[0m[2m:[0m UDP socket bound [3mbind[0m[2m=[0m[::]:0 [3mlocal[0m[2m=[0m[::]:49138 [3mdual_stack[0m[2m=[0mtrue
[2m2026-10-10T00:47:29.499859Z[0m [32m INFO[0m [2mmoq_test_client::scenarios[0m[2m:[0m Subscriber subscribing BEFORE PUBLISH_NAMESPACE: moq-test/interop/test-track
[2m2026-10-10T00:47:29.649421Z[0m [33m WARN[0m [2mmoq_transport::serve::error[0m[2m:[0m [5ee75d42-ac5a-4f47-82f1-ae9ae440232c] Not found: Namespace not found at moq-transport/src/session/subscriber.rs:1653
[2m2026-10-10T00:47:30.001176Z[0m [32m INFO[0m [2mmoq_native_ietf::quic[0m[2m:[0m UDP socket bound [3mbind[0m[2m=[0m[::]:0 [3mlocal[0m[2m=[0m[::]:33444 [3mdual_stack[0m[2m=[0mtrue
[2m2026-10-10T00:47:30.600412Z[0m [32m INFO[0m [2mmoq_test_client::scenarios[0m[2m:[0m Publisher sending PUBLISH_NAMESPACE (after subscriber): moq-test/interop
[2m2026-10-10T00:47:33.601788Z[0m [32m INFO[0m [2mmoq_test_client::scenarios[0m[2m:[0m Publisher PUBLISH_NAMESPACE timeout (expected)
[2m2026-10-10T00:47:33.601815Z[0m [32m INFO[0m [2mmoq_test_client::scenarios[0m[2m:[0m Subscriber got error: not found: Track not found [error:5ee75d42-ac5a-4f47-82f1-ae9ae440232c] (may be expected)
ok 5 - subscribe-before-publish-namespace
  ---
  duration_ms: 5173
  subscriber_connection_id: 4d9818cf636d13f5fe58eb67aa1354fb
  publisher_connection_id: 97d74b7aab45e3af70b85d7a648e969d
  ...
[2m2026-10-10T00:47:33.602535Z[0m [32m INFO[0m [2mmoq_native_ietf::quic[0m[2m:[0m UDP socket bound [3mbind[0m[2m=[0m[::]:0 [3mlocal[0m[2m=[0m[::]:53033 [3mdual_stack[0m[2m=[0mtrue
[2m2026-10-10T00:47:35.136399Z[0m [32m INFO[0m [2mmoq_test_client::scenarios[0m[2m:[0m Sending PUBLISH_NAMESPACE: moq-test/interop
[2m2026-10-10T00:47:37.137961Z[0m [32m INFO[0m [2mmoq_test_client::scenarios[0m[2m:[0m PUBLISH_NAMESPACE active; sending PUBLISH_NAMESPACE_DONE
[2m2026-10-10T00:47:37.239395Z[0m [32m INFO[0m [2mmoq_test_client::scenarios[0m[2m:[0m PUBLISH_NAMESPACE_DONE sent successfully
ok 6 - publish-namespace-done
  ---
  duration_ms: 3637
  connection_id: e012180e6d87605fdb40d4ca69da004b
  ...
[2m2026-10-10T00:47:37.240121Z[0m [32m INFO[0m [2mmoq_native_ietf::quic[0m[2m:[0m UDP socket bound [3mbind[0m[2m=[0m[::]:0 [3mlocal[0m[2m=[0m[::]:34253 [3mdual_stack[0m[2m=[0mtrue
[2m2026-10-10T00:47:38.144554Z[0m [32m INFO[0m [2mmoq_test_client::scenarios[0m[2m:[0m Publisher sending direct PUBLISH [3mnamespace[0m[2m=[0m/moq-test/publish [3mtrack[0m[2m=[0m"published-track"
[2m2026-10-10T00:47:38.294077Z[0m [32m INFO[0m [2mmoq_test_client::scenarios[0m[2m:[0m PUBLISH accepted [3mnamespace[0m[2m=[0m/moq-test/publish [3mtrack[0m[2m=[0m"published-track"
[2m2026-10-10T00:47:38.294312Z[0m [32m INFO[0m [2mmoq_test_client::scenarios[0m[2m:[0m PUBLISH completed [3mnamespace[0m[2m=[0m/moq-test/publish [3mtrack[0m[2m=[0m"published-track"
ok 7 - publish-track-only
  ---
  duration_ms: 1054
  connection_id: 39e550527889f6e5ce527841e9c2e29c
  ...
[2m2026-10-10T00:47:38.294922Z[0m [32m INFO[0m [2mmoq_native_ietf::quic[0m[2m:[0m UDP socket bound [3mbind[0m[2m=[0m[::]:0 [3mlocal[0m[2m=[0m[::]:37152 [3mdual_stack[0m[2m=[0mtrue
[2m2026-10-10T00:47:38.934760Z[0m [32m INFO[0m [2mmoq_native_ietf::quic[0m[2m:[0m UDP socket bound [3mbind[0m[2m=[0m[::]:0 [3mlocal[0m[2m=[0m[::]:33210 [3mdual_stack[0m[2m=[0mtrue
[2m2026-10-10T00:47:40.004745Z[0m [32m INFO[0m [2mmoq_test_client::scenarios[0m[2m:[0m Publisher sending direct PUBLISH before subscriber subscribes [3mnamespace[0m[2m=[0m/moq-test/publish [3mtrack[0m[2m=[0m"published-track"
[2m2026-10-10T00:47:40.160896Z[0m [32m INFO[0m [2mmoq_test_client::scenarios[0m[2m:[0m PUBLISH accepted; starting subscriber [3mnamespace[0m[2m=[0m/moq-test/publish [3mtrack[0m[2m=[0m"published-track"
[2m2026-10-10T00:47:40.415721Z[0m [32m INFO[0m [2mmoq_test_client::scenarios[0m[2m:[0m Subscriber received direct PUBLISH track [3mnamespace[0m[2m=[0m/moq-test/publish [3mtrack[0m[2m=[0m"published-track"
ok 8 - publish-track-subscribe
  ---
  duration_ms: 2121
  publisher_connection_id: 4c13fe683cc4115ce9577514cbbbfa56
  subscriber_connection_id: 5d456f7907c35af163591a63fb5a7a5b
  ...
[2m2026-10-10T00:47:40.416510Z[0m [32m INFO[0m [2mmoq_native_ietf::quic[0m[2m:[0m UDP socket bound [3mbind[0m[2m=[0m[::]:0 [3mlocal[0m[2m=[0m[::]:55223 [3mdual_stack[0m[2m=[0mtrue
[2m2026-10-10T00:47:41.331227Z[0m [32m INFO[0m [2mmoq_test_client::scenarios[0m[2m:[0m Subscribing with RENDEZVOUS_TIMEOUT to a track with no publisher [3mtimeout_ms[0m[2m=[0m500
ok 9 - rendezvous-timeout
  ---
  duration_ms: 1064
  connection_id: ea3c84595a978a0482a1d10a939c6c47
  ...
[2m2026-10-10T00:47:41.480514Z[0m [32m INFO[0m [2mmoq_test_client::scenarios[0m[2m:[0m Received expected REQUEST_ERROR TIMEOUT
[2m2026-10-10T00:47:41.481181Z[0m [32m INFO[0m [2mmoq_native_ietf::quic[0m[2m:[0m UDP socket bound [3mbind[0m[2m=[0m[::]:0 [3mlocal[0m[2m=[0m[::]:34816 [3mdual_stack[0m[2m=[0mtrue
[2m2026-10-10T00:47:42.304238Z[0m [32m INFO[0m [2mmoq_native_ietf::quic[0m[2m:[0m UDP socket bound [3mbind[0m[2m=[0m[::]:0 [3mlocal[0m[2m=[0m[::]:42176 [3mdual_stack[0m[2m=[0mtrue
not ok 10 - moq-test-subgroup-per-group
  ---
  duration_ms: 1878
  message: "subscriber setup failed before generation started"
  ...
[2m2026-10-10T00:47:43.359570Z[0m [32m INFO[0m [2mmoq_native_ietf::quic[0m[2m:[0m UDP socket bound [3mbind[0m[2m=[0m[::]:0 [3mlocal[0m[2m=[0m[::]:45586 [3mdual_stack[0m[2m=[0mtrue
[2m2026-10-10T00:47:44.163050Z[0m [32m INFO[0m [2mmoq_native_ietf::quic[0m[2m:[0m UDP socket bound [3mbind[0m[2m=[0m[::]:0 [3mlocal[0m[2m=[0m[::]:46675 [3mdual_stack[0m[2m=[0mtrue
not ok 11 - moq-test-subgroup-per-group-eog
  ---
  duration_ms: 1579
  message: "subscriber setup failed before generation started"
  ...
[2m2026-10-10T00:47:44.938770Z[0m [32m INFO[0m [2mmoq_native_ietf::quic[0m[2m:[0m UDP socket bound [3mbind[0m[2m=[0m[::]:0 [3mlocal[0m[2m=[0m[::]:49594 [3mdual_stack[0m[2m=[0mtrue
[2m2026-10-10T00:47:46.041777Z[0m [32m INFO[0m [2mmoq_native_ietf::quic[0m[2m:[0m UDP socket bound [3mbind[0m[2m=[0m[::]:0 [3mlocal[0m[2m=[0m[::]:53784 [3mdual_stack[0m[2m=[0mtrue
not ok 12 - moq-test-subgroup-per-object
  ---
  duration_ms: 1905
  message: "subscriber setup failed before generation started"
  ...
[2m2026-10-10T00:47:46.844308Z[0m [32m INFO[0m [2mmoq_native_ietf::quic[0m[2m:[0m UDP socket bound [3mbind[0m[2m=[0m[::]:0 [3mlocal[0m[2m=[0m[::]:37907 [3mdual_stack[0m[2m=[0mtrue
[2m2026-10-10T00:47:47.670906Z[0m [32m INFO[0m [2mmoq_native_ietf::quic[0m[2m:[0m UDP socket bound [3mbind[0m[2m=[0m[::]:0 [3mlocal[0m[2m=[0m[::]:59208 [3mdual_stack[0m[2m=[0mtrue
not ok 13 - moq-test-two-subgroups-eog
  ---
  duration_ms: 1604
  message: "subscriber setup failed before generation started"
  ...
[2m2026-10-10T00:47:48.448594Z[0m [32m INFO[0m [2mmoq_native_ietf::quic[0m[2m:[0m UDP socket bound [3mbind[0m[2m=[0m[::]:0 [3mlocal[0m[2m=[0m[::]:46217 [3mdual_stack[0m[2m=[0mtrue
[2m2026-10-10T00:47:49.268163Z[0m [32m INFO[0m [2mmoq_native_ietf::quic[0m[2m:[0m UDP socket bound [3mbind[0m[2m=[0m[::]:0 [3mlocal[0m[2m=[0m[::]:52126 [3mdual_stack[0m[2m=[0mtrue
not ok 14 - moq-test-datagram
  ---
  duration_ms: 1577
  message: "subscriber setup failed before generation started"
  ...
[2m2026-10-10T00:47:50.026114Z[0m [32m INFO[0m [2mmoq_native_ietf::quic[0m[2m:[0m UDP socket bound [3mbind[0m[2m=[0m[::]:0 [3mlocal[0m[2m=[0m[::]:41712 [3mdual_stack[0m[2m=[0mtrue
[2m2026-10-10T00:47:51.295015Z[0m [32m INFO[0m [2mmoq_native_ietf::quic[0m[2m:[0m UDP socket bound [3mbind[0m[2m=[0m[::]:0 [3mlocal[0m[2m=[0m[::]:47337 [3mdual_stack[0m[2m=[0mtrue
not ok 15 - moq-test-datagram-eog
  ---
  duration_ms: 2374
  message: "subscriber setup failed before generation started"
  ...
[2m2026-10-10T00:47:52.400881Z[0m [32m INFO[0m [2mmoq_native_ietf::quic[0m[2m:[0m UDP socket bound [3mbind[0m[2m=[0m[::]:0 [3mlocal[0m[2m=[0m[::]:53568 [3mdual_stack[0m[2m=[0mtrue
[2m2026-10-10T00:47:53.212284Z[0m [32m INFO[0m [2mmoq_native_ietf::quic[0m[2m:[0m UDP socket bound [3mbind[0m[2m=[0m[::]:0 [3mlocal[0m[2m=[0m[::]:58915 [3mdual_stack[0m[2m=[0mtrue
not ok 16 - moq-test-extensions
  ---
  duration_ms: 1570
  message: "subscriber setup failed before generation started"
  ...
[2m2026-10-10T00:47:53.971681Z[0m [32m INFO[0m [2mmoq_native_ietf::quic[0m[2m:[0m UDP socket bound [3mbind[0m[2m=[0m[::]:0 [3mlocal[0m[2m=[0m[::]:37065 [3mdual_stack[0m[2m=[0mtrue
[2m2026-10-10T00:47:54.778373Z[0m [32m INFO[0m [2mmoq_native_ietf::quic[0m[2m:[0m UDP socket bound [3mbind[0m[2m=[0m[::]:0 [3mlocal[0m[2m=[0m[::]:48561 [3mdual_stack[0m[2m=[0mtrue
not ok 17 - moq-test-increments
  ---
  duration_ms: 1565
  message: "subscriber setup failed before generation started"
  ...
[2m2026-10-10T00:47:55.537583Z[0m [32m INFO[0m [2mmoq_native_ietf::quic[0m[2m:[0m UDP socket bound [3mbind[0m[2m=[0m[::]:0 [3mlocal[0m[2m=[0m[::]:39908 [3mdual_stack[0m[2m=[0mtrue
[2m2026-10-10T00:47:56.343550Z[0m [32m INFO[0m [2mmoq_native_ietf::quic[0m[2m:[0m UDP socket bound [3mbind[0m[2m=[0m[::]:0 [3mlocal[0m[2m=[0m[::]:37935 [3mdual_stack[0m[2m=[0mtrue
not ok 18 - moq-test-forward-zero
  ---
  duration_ms: 1561
  message: "subscriber setup failed before generation started"
  ...
make[1]: *** [Makefile:122: test-external] Error 1
make[1]: Leaving directory '/home/runner/work/moq-interop-runner/moq-interop-runner/main'
