make[1]: Entering directory '/home/runner/work/moq-interop-runner/moq-interop-runner/main'
Running tests against https://moqx-main.ci.openmoq.org:4433/moq-relay...
  Client: ghcr.io/facebookexperimental/moxygen-interop-client:latest-amd64
docker run --rm \
	 \
	--network host \
	-e RELAY_URL=https://moqx-main.ci.openmoq.org:4433/moq-relay \
	-e TLS_DISABLE_VERIFY=false \
	ghcr.io/facebookexperimental/moxygen-interop-client:latest-amd64
TAP version 14
# moxygen interop test client
# Relay: https://moqx-main.ci.openmoq.org:4433/moq-relay
# Transport: WebTransport
# Offered ALPNs: moqt-18, moqt-16, moqt-15, moq-00
1..6
ok 1 - setup-only
  ---
  duration_ms: 512
  negotiated_version: draft-16
  info: SETUP exchange completed successfully
  ...
E1010 01:11:44.195316     1 MoQRelaySession.cpp:1157] PublishNamespaceDone for unknown publishNamespace, sess=0x55bccd5df900
ok 2 - announce-only
  ---
  duration_ms: 867
  negotiated_version: draft-16
  info: PUBLISH_NAMESPACE completed successfully
  ...
ok 3 - subscribe-error
  ---
  duration_ms: 323
  negotiated_version: draft-16
  info: Subscribe correctly returned error: no such namespace or track
  ...
E1010 01:11:47.651986     1 MoQWebTransportClient.cpp:183] proxygen::HTTPException: ingress timeout, streamID=0, timeout=2000ms
E1010 01:11:47.859920     1 MoQRelaySession.cpp:1157] PublishNamespaceDone for unknown publishNamespace, sess=0x55bccd611fc0
not ok 4 - announce-subscribe
  ---
  duration_ms: 3340
  negotiated_version: draft-16
  error: Subscribe failed: no such namespace or track
  ...
ok 5 - publish-namespace-done
  ---
  duration_ms: 213
  negotiated_version: draft-16
  info: PUBLISH_NAMESPACE_OK received, PUBLISH_NAMESPACE_DONE sent
  ...
ok 6 - subscribe-before-announce
  ---
  duration_ms: 880
  negotiated_version: draft-16
  info: Subscribe returned error (relay doesn't buffer pending subscriptions): no such namespace or track
  ...
make[1]: *** [Makefile:122: test-external] Error 1
make[1]: Leaving directory '/home/runner/work/moq-interop-runner/moq-interop-runner/main'
