make[1]: Entering directory '/home/runner/work/moq-interop-runner/moq-interop-runner/main'
Running tests against moqt://us-west-2.relay.quicr.org:33437...
  Client: ghcr.io/facebookexperimental/moxygen-interop-client:latest-amd64
docker run --rm \
	 \
	--network host \
	-e RELAY_URL=moqt://us-west-2.relay.quicr.org:33437 \
	-e TLS_DISABLE_VERIFY=1 \
	ghcr.io/facebookexperimental/moxygen-interop-client:latest-amd64
TAP version 14
# moxygen interop test client
# Relay: moqt://us-west-2.relay.quicr.org:33437
# Transport: QUIC
# Offered ALPNs: moqt-18, moqt-16, moqt-15, moq-00
1..6
ok 1 - setup-only
  ---
  duration_ms: 325
  negotiated_version: draft-16
  info: SETUP exchange completed successfully
  ...
W1010 01:10:41.951455     1 MoQSession.cpp:6366] Issuing request that will fail; nextRequestID_=0 peerMaxRequestID_=0 sess=0x55d65d71a9f0
E1010 01:10:41.987647     1 MoQRelaySession.cpp:1157] PublishNamespaceDone for unknown publishNamespace, sess=0x55d65d71a9f0
ok 2 - announce-only
  ---
  duration_ms: 270
  negotiated_version: draft-16
  info: PUBLISH_NAMESPACE completed successfully
  ...
W1010 01:10:42.074166     1 MoQSession.cpp:6366] Issuing request that will fail; nextRequestID_=0 peerMaxRequestID_=0 sess=0x55d65d6a5130
E1010 01:10:42.110120     1 MoQCodec.cpp:126] Conn error=3
E1010 01:10:42.110147     1 MoQSession.cpp:6146] MoQCodec control stream parse error err=3
ok 3 - subscribe-error
  ---
  duration_ms: 122
  negotiated_version: draft-16
  info: Subscribe correctly returned error: Session closed
  ...
W1010 01:10:42.194350     1 MoQSession.cpp:6366] Issuing request that will fail; nextRequestID_=0 peerMaxRequestID_=0 sess=0x55d65d72a8c0
W1010 01:10:42.493627     1 MoQSession.cpp:6366] Issuing request that will fail; nextRequestID_=0 peerMaxRequestID_=0 sess=0x55d65d7171e0
E1010 01:10:42.528764     1 MoQCodec.cpp:126] Conn error=3
E1010 01:10:42.528788     1 MoQSession.cpp:6146] MoQCodec control stream parse error err=3
not ok 4 - announce-subscribe
  ---
  duration_ms: 418
  negotiated_version: draft-16
  error: Subscribe failed: Session closed
  ...
W1010 01:10:42.621906     1 MoQSession.cpp:6366] Issuing request that will fail; nextRequestID_=0 peerMaxRequestID_=0 sess=0x55d65d72d4e0
ok 5 - publish-namespace-done
  ---
  duration_ms: 128
  negotiated_version: draft-16
  info: PUBLISH_NAMESPACE_OK received, PUBLISH_NAMESPACE_DONE sent
  ...
W1010 01:10:42.742057     1 MoQSession.cpp:6366] Issuing request that will fail; nextRequestID_=0 peerMaxRequestID_=0 sess=0x55d65d72c270
E1010 01:10:42.778357     1 MoQCodec.cpp:126] Conn error=3
E1010 01:10:42.778379     1 MoQSession.cpp:6146] MoQCodec control stream parse error err=3
W1010 01:10:43.328438     1 MoQSession.cpp:6366] Issuing request that will fail; nextRequestID_=0 peerMaxRequestID_=0 sess=0x55d65d709940
ok 6 - subscribe-before-announce
  ---
  duration_ms: 706
  negotiated_version: draft-16
  info: Subscribe returned error (relay doesn't buffer pending subscriptions): Session closed
  ...
make[1]: *** [Makefile:122: test-external] Error 1
make[1]: Leaving directory '/home/runner/work/moq-interop-runner/moq-interop-runner/main'
