make[1]: Entering directory '/home/runner/work/moq-interop-runner/moq-interop-runner/main'
Running tests against moqt://fb.mvfst.net:9448...
  Client: ghcr.io/englishm/moq-interop-runner-moq-test-client-draft-18:latest
docker run --rm \
	 \
	--network host \
	-e RELAY_URL=moqt://fb.mvfst.net:9448 \
	-e TLS_DISABLE_VERIFY=1 \
	ghcr.io/englishm/moq-interop-runner-moq-test-client-draft-18:latest
TAP version 14
# moq-test-client v0.1.12
# Relay: moqt://fb.mvfst.net:9448
1..18
[2m2026-09-20T00:53:58.083937Z[0m [32m INFO[0m [2mmoq_native_ietf::quic[0m[2m:[0m UDP socket bound [3mbind[0m[2m=[0m[::]:0 [3mlocal[0m[2m=[0m[::]:46481 [3mdual_stack[0m[2m=[0mtrue
ok 1 - setup-only
  ---
  duration_ms: 24
  connection_id: 5a459e8c19c1bc3dc504bb68a4b08706
  ...
[2m2026-09-20T00:53:58.107043Z[0m [32m INFO[0m [2mmoq_test_client::scenarios[0m[2m:[0m SETUP exchange completed successfully
[2m2026-09-20T00:53:58.107883Z[0m [32m INFO[0m [2mmoq_native_ietf::quic[0m[2m:[0m UDP socket bound [3mbind[0m[2m=[0m[::]:0 [3mlocal[0m[2m=[0m[::]:51267 [3mdual_stack[0m[2m=[0mtrue
[2m2026-09-20T00:53:58.232639Z[0m [32m INFO[0m [2mmoq_test_client::scenarios[0m[2m:[0m Sending PUBLISH_NAMESPACE for: moq-test/interop
[2m2026-09-20T00:54:00.233886Z[0m [32m INFO[0m [2mmoq_test_client::scenarios[0m[2m:[0m PUBLISH_NAMESPACE succeeded (REQUEST_OK received, waiting for subscribers)
ok 2 - publish-namespace-only
  ---
  duration_ms: 2126
  connection_id: 42779d55b896ab35db1e1a8724625f73
  ...
[2m2026-09-20T00:54:00.234982Z[0m [32m INFO[0m [2mmoq_native_ietf::quic[0m[2m:[0m UDP socket bound [3mbind[0m[2m=[0m[::]:0 [3mlocal[0m[2m=[0m[::]:58917 [3mdual_stack[0m[2m=[0mtrue
[2m2026-09-20T00:54:00.267338Z[0m [32m INFO[0m [2mmoq_test_client::scenarios[0m[2m:[0m Subscribing to non-existent track: nonexistent/namespace/test-track
[2m2026-09-20T00:54:00.286573Z[0m [33m WARN[0m [2mmoq_transport::serve::error[0m[2m:[0m [2c934f43-e8dd-474c-9f7a-03ff9e80127e] Not found: no such namespace or track at moq-transport/src/session/subscriber.rs:1653
[2m2026-09-20T00:54:00.286632Z[0m [32m INFO[0m [2mmoq_test_client::scenarios[0m[2m:[0m Got expected 'not found' error: not found: Track not found [error:2c934f43-e8dd-474c-9f7a-03ff9e80127e]
ok 3 - subscribe-error
  ---
  duration_ms: 52
  connection_id: af699e92f835e48b68a5b52b7c30549e
  ...
[2m2026-09-20T00:54:00.287636Z[0m [32m INFO[0m [2mmoq_native_ietf::quic[0m[2m:[0m UDP socket bound [3mbind[0m[2m=[0m[::]:0 [3mlocal[0m[2m=[0m[::]:45243 [3mdual_stack[0m[2m=[0mtrue
[2m2026-09-20T00:54:00.312466Z[0m [32m INFO[0m [2mmoq_native_ietf::quic[0m[2m:[0m UDP socket bound [3mbind[0m[2m=[0m[::]:0 [3mlocal[0m[2m=[0m[::]:52825 [3mdual_stack[0m[2m=[0mtrue
[2m2026-09-20T00:54:00.337225Z[0m [32m INFO[0m [2mmoq_test_client::scenarios[0m[2m:[0m Publisher sending PUBLISH_NAMESPACE: moq-test/interop
[2m2026-09-20T00:54:00.337239Z[0m [32m INFO[0m [2mmoq_test_client::scenarios[0m[2m:[0m Subscriber subscribing to track: moq-test/interop/test-track
ok 4 - publish-namespace-subscribe
  ---
  duration_ms: 3051
  publisher_connection_id: 2568b02ffc42bbb2a86e986ab725d312
  subscriber_connection_id: af18bcdd8ad18a3a9cc3d343518eead3
  ...
[2m2026-09-20T00:54:03.338565Z[0m [32m INFO[0m [2mmoq_test_client::scenarios[0m[2m:[0m Test timeout reached - subscription routing may still be in progress
[2m2026-09-20T00:54:03.339568Z[0m [32m INFO[0m [2mmoq_native_ietf::quic[0m[2m:[0m UDP socket bound [3mbind[0m[2m=[0m[::]:0 [3mlocal[0m[2m=[0m[::]:45970 [3mdual_stack[0m[2m=[0mtrue
[2m2026-09-20T00:54:03.369441Z[0m [32m INFO[0m [2mmoq_test_client::scenarios[0m[2m:[0m Subscriber subscribing BEFORE PUBLISH_NAMESPACE: moq-test/interop/test-track
[2m2026-09-20T00:54:03.387894Z[0m [33m WARN[0m [2mmoq_transport::serve::error[0m[2m:[0m [ec0c122d-f862-498e-90c0-942eecfffd9f] Not found: no such namespace or track at moq-transport/src/session/subscriber.rs:1653
[2m2026-09-20T00:54:03.870958Z[0m [32m INFO[0m [2mmoq_native_ietf::quic[0m[2m:[0m UDP socket bound [3mbind[0m[2m=[0m[::]:0 [3mlocal[0m[2m=[0m[::]:41226 [3mdual_stack[0m[2m=[0mtrue
[2m2026-09-20T00:54:03.933412Z[0m [32m INFO[0m [2mmoq_test_client::scenarios[0m[2m:[0m Publisher sending PUBLISH_NAMESPACE (after subscriber): moq-test/interop
[2m2026-09-20T00:54:06.934450Z[0m [32m INFO[0m [2mmoq_test_client::scenarios[0m[2m:[0m Publisher PUBLISH_NAMESPACE timeout (expected)
[2m2026-09-20T00:54:06.934485Z[0m [32m INFO[0m [2mmoq_test_client::scenarios[0m[2m:[0m Subscriber got error: not found: Track not found [error:ec0c122d-f862-498e-90c0-942eecfffd9f] (may be expected)
ok 5 - subscribe-before-publish-namespace
  ---
  duration_ms: 3595
  subscriber_connection_id: 7c4e18356af51d046e0565187901fa0a
  publisher_connection_id: 16784ebbc8d671b3b37c3e79ad98f367
  ...
[2m2026-09-20T00:54:06.935416Z[0m [32m INFO[0m [2mmoq_native_ietf::quic[0m[2m:[0m UDP socket bound [3mbind[0m[2m=[0m[::]:0 [3mlocal[0m[2m=[0m[::]:46552 [3mdual_stack[0m[2m=[0mtrue
[2m2026-09-20T00:54:06.960308Z[0m [32m INFO[0m [2mmoq_test_client::scenarios[0m[2m:[0m Sending PUBLISH_NAMESPACE: moq-test/interop
[2m2026-09-20T00:54:08.961061Z[0m [32m INFO[0m [2mmoq_test_client::scenarios[0m[2m:[0m PUBLISH_NAMESPACE active; sending PUBLISH_NAMESPACE_DONE
[2m2026-09-20T00:54:09.061935Z[0m [32m INFO[0m [2mmoq_test_client::scenarios[0m[2m:[0m PUBLISH_NAMESPACE_DONE sent successfully
ok 6 - publish-namespace-done
  ---
  duration_ms: 2127
  connection_id: 8eb36b468f4c840341fe122ad69b1853
  ...
[2m2026-09-20T00:54:09.062952Z[0m [32m INFO[0m [2mmoq_native_ietf::quic[0m[2m:[0m UDP socket bound [3mbind[0m[2m=[0m[::]:0 [3mlocal[0m[2m=[0m[::]:39762 [3mdual_stack[0m[2m=[0mtrue
[2m2026-09-20T00:54:09.088115Z[0m [32m INFO[0m [2mmoq_test_client::scenarios[0m[2m:[0m Publisher sending direct PUBLISH [3mnamespace[0m[2m=[0m/moq-test/publish [3mtrack[0m[2m=[0m"published-track"
[2m2026-09-20T00:54:09.107887Z[0m [32m INFO[0m [2mmoq_test_client::scenarios[0m[2m:[0m PUBLISH accepted [3mnamespace[0m[2m=[0m/moq-test/publish [3mtrack[0m[2m=[0m"published-track"
[2m2026-09-20T00:54:09.107953Z[0m [32m INFO[0m [2mmoq_test_client::scenarios[0m[2m:[0m PUBLISH completed [3mnamespace[0m[2m=[0m/moq-test/publish [3mtrack[0m[2m=[0m"published-track"
ok 7 - publish-track-only
  ---
  duration_ms: 46
  connection_id: 318ac8770d3022e44a5053adb6813e35
  ...
[2m2026-09-20T00:54:09.109017Z[0m [32m INFO[0m [2mmoq_native_ietf::quic[0m[2m:[0m UDP socket bound [3mbind[0m[2m=[0m[::]:0 [3mlocal[0m[2m=[0m[::]:50436 [3mdual_stack[0m[2m=[0mtrue
[2m2026-09-20T00:54:09.133874Z[0m [32m INFO[0m [2mmoq_native_ietf::quic[0m[2m:[0m UDP socket bound [3mbind[0m[2m=[0m[::]:0 [3mlocal[0m[2m=[0m[::]:53697 [3mdual_stack[0m[2m=[0mtrue
[2m2026-09-20T00:54:09.161085Z[0m [32m INFO[0m [2mmoq_test_client::scenarios[0m[2m:[0m Publisher sending direct PUBLISH before subscriber subscribes [3mnamespace[0m[2m=[0m/moq-test/publish [3mtrack[0m[2m=[0m"published-track"
[2m2026-09-20T00:54:09.180134Z[0m [32m INFO[0m [2mmoq_test_client::scenarios[0m[2m:[0m PUBLISH accepted; starting subscriber [3mnamespace[0m[2m=[0m/moq-test/publish [3mtrack[0m[2m=[0m"published-track"
[2m2026-09-20T00:54:09.195526Z[0m [33m WARN[0m [2mmoq_transport::session[0m[2m:[0m unexpected bidi response message type [3mmsg_type[0m[2m=[0m2
[2m2026-09-20T00:54:09.195543Z[0m [33m WARN[0m [2mmoq_transport::serve::error[0m[2m:[0m [9f0c2237-ff0f-4d47-891d-8b5e4ef9fd17] Not implemented: bidi response type 0x2 at moq-transport/src/session/error.rs:89
not ok 8 - publish-track-subscribe
  ---
  duration_ms: 173
  message: "failed serving PUBLISH track: serve error: cancelled: cancelled"
  ...
[2m2026-09-20T00:54:09.282236Z[0m [32m INFO[0m [2mmoq_native_ietf::quic[0m[2m:[0m UDP socket bound [3mbind[0m[2m=[0m[::]:0 [3mlocal[0m[2m=[0m[::]:44485 [3mdual_stack[0m[2m=[0mtrue
[2m2026-09-20T00:54:09.308973Z[0m [32m INFO[0m [2mmoq_test_client::scenarios[0m[2m:[0m Subscribing with RENDEZVOUS_TIMEOUT to a track with no publisher [3mtimeout_ms[0m[2m=[0m500
[2m2026-09-20T00:54:09.827737Z[0m [32m INFO[0m [2mmoq_test_client::scenarios[0m[2m:[0m Received expected REQUEST_ERROR TIMEOUT
ok 9 - rendezvous-timeout
  ---
  duration_ms: 546
  connection_id: 301c8787144b844161ddbe5b5ffeb3f5
  ...
[2m2026-09-20T00:54:09.828668Z[0m [32m INFO[0m [2mmoq_native_ietf::quic[0m[2m:[0m UDP socket bound [3mbind[0m[2m=[0m[::]:0 [3mlocal[0m[2m=[0m[::]:44033 [3mdual_stack[0m[2m=[0mtrue
[2m2026-09-20T00:54:10.056781Z[0m [32m INFO[0m [2mmoq_native_ietf::quic[0m[2m:[0m UDP socket bound [3mbind[0m[2m=[0m[::]:0 [3mlocal[0m[2m=[0m[::]:39425 [3mdual_stack[0m[2m=[0mtrue
[2m2026-09-20T00:54:10.104693Z[0m [32m INFO[0m [2mmoq_test_client::moqtest[0m[2m:[0m PUBLISH accepted and subscription bound; generating objects [3mobjects[0m[2m=[0m15 [3mstreams[0m[2m=[0m3
not ok 10 - moq-test-subgroup-per-group
  ---
  duration_ms: 292
  message: "failed to create subgroup: cancelled"
  ...
[2m2026-09-20T00:54:10.120940Z[0m [32m INFO[0m [2mmoq_native_ietf::quic[0m[2m:[0m UDP socket bound [3mbind[0m[2m=[0m[::]:0 [3mlocal[0m[2m=[0m[::]:44317 [3mdual_stack[0m[2m=[0mtrue
[2m2026-09-20T00:54:10.346873Z[0m [32m INFO[0m [2mmoq_native_ietf::quic[0m[2m:[0m UDP socket bound [3mbind[0m[2m=[0m[::]:0 [3mlocal[0m[2m=[0m[::]:36638 [3mdual_stack[0m[2m=[0mtrue
[2m2026-09-20T00:54:10.391936Z[0m [32m INFO[0m [2mmoq_test_client::moqtest[0m[2m:[0m PUBLISH accepted and subscription bound; generating objects [3mobjects[0m[2m=[0m15 [3mstreams[0m[2m=[0m3
not ok 11 - moq-test-subgroup-per-group-eog
  ---
  duration_ms: 291
  message: "failed to create subgroup: cancelled"
  ...
[2m2026-09-20T00:54:10.412093Z[0m [32m INFO[0m [2mmoq_native_ietf::quic[0m[2m:[0m UDP socket bound [3mbind[0m[2m=[0m[::]:0 [3mlocal[0m[2m=[0m[::]:45772 [3mdual_stack[0m[2m=[0mtrue
[2m2026-09-20T00:54:10.638767Z[0m [32m INFO[0m [2mmoq_native_ietf::quic[0m[2m:[0m UDP socket bound [3mbind[0m[2m=[0m[::]:0 [3mlocal[0m[2m=[0m[::]:39544 [3mdual_stack[0m[2m=[0mtrue
[2m2026-09-20T00:54:10.687208Z[0m [32m INFO[0m [2mmoq_test_client::moqtest[0m[2m:[0m PUBLISH accepted and subscription bound; generating objects [3mobjects[0m[2m=[0m8 [3mstreams[0m[2m=[0m8
not ok 12 - moq-test-subgroup-per-object
  ---
  duration_ms: 278
  message: "failed to create subgroup: cancelled"
  ...
[2m2026-09-20T00:54:10.690942Z[0m [32m INFO[0m [2mmoq_native_ietf::quic[0m[2m:[0m UDP socket bound [3mbind[0m[2m=[0m[::]:0 [3mlocal[0m[2m=[0m[::]:32863 [3mdual_stack[0m[2m=[0mtrue
[2m2026-09-20T00:54:11.061777Z[0m [32m INFO[0m [2mmoq_native_ietf::quic[0m[2m:[0m UDP socket bound [3mbind[0m[2m=[0m[::]:0 [3mlocal[0m[2m=[0m[::]:35387 [3mdual_stack[0m[2m=[0mtrue
[2m2026-09-20T00:54:11.112852Z[0m [32m INFO[0m [2mmoq_test_client::moqtest[0m[2m:[0m PUBLISH accepted and subscription bound; generating objects [3mobjects[0m[2m=[0m18 [3mstreams[0m[2m=[0m6
not ok 13 - moq-test-two-subgroups-eog
  ---
  duration_ms: 444
  message: "failed to create subgroup 0: cancelled"
  ...
[2m2026-09-20T00:54:11.135831Z[0m [32m INFO[0m [2mmoq_native_ietf::quic[0m[2m:[0m UDP socket bound [3mbind[0m[2m=[0m[::]:0 [3mlocal[0m[2m=[0m[::]:37208 [3mdual_stack[0m[2m=[0mtrue
[2m2026-09-20T00:54:11.364423Z[0m [32m INFO[0m [2mmoq_native_ietf::quic[0m[2m:[0m UDP socket bound [3mbind[0m[2m=[0m[::]:0 [3mlocal[0m[2m=[0m[::]:33428 [3mdual_stack[0m[2m=[0mtrue
[2m2026-09-20T00:54:11.410968Z[0m [33m WARN[0m [2mmoq_transport::session[0m[2m:[0m unexpected bidi response message type [3mmsg_type[0m[2m=[0m2
[2m2026-09-20T00:54:11.410987Z[0m [33m WARN[0m [2mmoq_transport::serve::error[0m[2m:[0m [b5169d2a-7d1c-46cc-b48d-42dde5cda016] Not implemented: bidi response type 0x2 at moq-transport/src/session/error.rs:89
[2m2026-09-20T00:54:11.412157Z[0m [32m INFO[0m [2mmoq_test_client::moqtest[0m[2m:[0m PUBLISH accepted and subscription bound; generating objects [3mobjects[0m[2m=[0m15 [3mstreams[0m[2m=[0m0
not ok 14 - moq-test-datagram
  ---
  duration_ms: 298
  message: "failed to write datagram: cancelled"
  ...
[2m2026-09-20T00:54:11.434083Z[0m [32m INFO[0m [2mmoq_native_ietf::quic[0m[2m:[0m UDP socket bound [3mbind[0m[2m=[0m[::]:0 [3mlocal[0m[2m=[0m[::]:51898 [3mdual_stack[0m[2m=[0mtrue
[2m2026-09-20T00:54:11.664623Z[0m [32m INFO[0m [2mmoq_native_ietf::quic[0m[2m:[0m UDP socket bound [3mbind[0m[2m=[0m[::]:0 [3mlocal[0m[2m=[0m[::]:40358 [3mdual_stack[0m[2m=[0mtrue
[2m2026-09-20T00:54:11.745410Z[0m [33m WARN[0m [2mmoq_transport::session[0m[2m:[0m unexpected bidi response message type [3mmsg_type[0m[2m=[0m2
[2m2026-09-20T00:54:11.745428Z[0m [33m WARN[0m [2mmoq_transport::serve::error[0m[2m:[0m [bfc7909a-a02a-441b-968c-49c2a3b442fc] Not implemented: bidi response type 0x2 at moq-transport/src/session/error.rs:89
[2m2026-09-20T00:54:11.746770Z[0m [32m INFO[0m [2mmoq_test_client::moqtest[0m[2m:[0m PUBLISH accepted and subscription bound; generating objects [3mobjects[0m[2m=[0m15 [3mstreams[0m[2m=[0m0
not ok 15 - moq-test-datagram-eog
  ---
  duration_ms: 335
  message: "failed to write datagram: cancelled"
  ...
[2m2026-09-20T00:54:11.769312Z[0m [32m INFO[0m [2mmoq_native_ietf::quic[0m[2m:[0m UDP socket bound [3mbind[0m[2m=[0m[::]:0 [3mlocal[0m[2m=[0m[::]:51528 [3mdual_stack[0m[2m=[0mtrue
[2m2026-09-20T00:54:11.999070Z[0m [32m INFO[0m [2mmoq_native_ietf::quic[0m[2m:[0m UDP socket bound [3mbind[0m[2m=[0m[::]:0 [3mlocal[0m[2m=[0m[::]:48117 [3mdual_stack[0m[2m=[0mtrue
[2m2026-09-20T00:54:12.045161Z[0m [33m WARN[0m [2mmoq_transport::session[0m[2m:[0m unexpected bidi response message type [3mmsg_type[0m[2m=[0m2
[2m2026-09-20T00:54:12.045178Z[0m [33m WARN[0m [2mmoq_transport::serve::error[0m[2m:[0m [a5884b28-ccaa-4411-bc14-91a0e85b79e0] Not implemented: bidi response type 0x2 at moq-transport/src/session/error.rs:89
[2m2026-09-20T00:54:12.046234Z[0m [32m INFO[0m [2mmoq_test_client::moqtest[0m[2m:[0m PUBLISH accepted and subscription bound; generating objects [3mobjects[0m[2m=[0m15 [3mstreams[0m[2m=[0m3
not ok 16 - moq-test-extensions
  ---
  duration_ms: 295
  message: "failed to create subgroup: cancelled"
  ...
[2m2026-09-20T00:54:12.065244Z[0m [32m INFO[0m [2mmoq_native_ietf::quic[0m[2m:[0m UDP socket bound [3mbind[0m[2m=[0m[::]:0 [3mlocal[0m[2m=[0m[::]:43934 [3mdual_stack[0m[2m=[0mtrue
[2m2026-09-20T00:54:12.302949Z[0m [32m INFO[0m [2mmoq_native_ietf::quic[0m[2m:[0m UDP socket bound [3mbind[0m[2m=[0m[::]:0 [3mlocal[0m[2m=[0m[::]:54482 [3mdual_stack[0m[2m=[0mtrue
[2m2026-09-20T00:54:12.364930Z[0m [32m INFO[0m [2mmoq_test_client::moqtest[0m[2m:[0m PUBLISH accepted and subscription bound; generating objects [3mobjects[0m[2m=[0m9 [3mstreams[0m[2m=[0m3
not ok 17 - moq-test-increments
  ---
  duration_ms: 310
  message: "failed to create subgroup: cancelled"
  ...
[2m2026-09-20T00:54:12.375351Z[0m [32m INFO[0m [2mmoq_native_ietf::quic[0m[2m:[0m UDP socket bound [3mbind[0m[2m=[0m[::]:0 [3mlocal[0m[2m=[0m[::]:52748 [3mdual_stack[0m[2m=[0mtrue
[2m2026-09-20T00:54:12.602332Z[0m [32m INFO[0m [2mmoq_native_ietf::quic[0m[2m:[0m UDP socket bound [3mbind[0m[2m=[0m[::]:0 [3mlocal[0m[2m=[0m[::]:33885 [3mdual_stack[0m[2m=[0mtrue
[2m2026-09-20T00:54:12.649925Z[0m [32m INFO[0m [2mmoq_test_client::moqtest[0m[2m:[0m PUBLISH accepted and subscription bound; generating objects [3mobjects[0m[2m=[0m6 [3mstreams[0m[2m=[0m2
not ok 18 - moq-test-forward-zero
  ---
  duration_ms: 284
  message: "failed to create subgroup: cancelled"
  ...
make[1]: *** [Makefile:122: test-external] Error 1
make[1]: Leaving directory '/home/runner/work/moq-interop-runner/moq-interop-runner/main'
