make[1]: Entering directory '/home/runner/work/moq-interop-runner/moq-interop-runner/main'
Running tests against https://draft-18-interop.cloudflare.mediaoverquic.com:443/moq...
  Client: ghcr.io/englishm/moq-interop-runner-moq-test-client-draft-18:latest
docker run --rm \
	 \
	--network host \
	-e RELAY_URL=https://draft-18-interop.cloudflare.mediaoverquic.com:443/moq \
	-e TLS_DISABLE_VERIFY=false \
	ghcr.io/englishm/moq-interop-runner-moq-test-client-draft-18:latest
TAP version 14
# moq-test-client v0.1.12
# Relay: https://draft-18-interop.cloudflare.mediaoverquic.com/moq
1..18
[2m2026-09-20T00:49:54.190891Z[0m [32m INFO[0m [2mmoq_native_ietf::quic[0m[2m:[0m UDP socket bound [3mbind[0m[2m=[0m[::]:0 [3mlocal[0m[2m=[0m[::]:45829 [3mdual_stack[0m[2m=[0mtrue
[2m2026-09-20T00:49:54.588512Z[0m [32m INFO[0m [2mmoq_test_client::scenarios[0m[2m:[0m SETUP exchange completed successfully
[2m2026-09-20T00:49:54.589498Z[0m [32m INFO[0m [2mmoq_native_ietf::quic[0m[2m:[0m UDP socket bound [3mbind[0m[2m=[0m[::]:0 [3mlocal[0m[2m=[0m[::]:52688 [3mdual_stack[0m[2m=[0mtrue
ok 1 - setup-only
  ---
  duration_ms: 398
  connection_id: 12bce81c4f154e833e603f6dc1d1b57d
  ...
[2m2026-09-20T00:49:54.663111Z[0m [33m WARN[0m [2mweb_transport_quinn::session[0m[2m:[0m failed to read capsule [3me[0m[2m=[0mUnexpectedEnd
[2m2026-09-20T00:49:55.000486Z[0m [32m INFO[0m [2mmoq_test_client::scenarios[0m[2m:[0m Sending PUBLISH_NAMESPACE for: moq-test/interop
[2m2026-09-20T00:49:57.001060Z[0m [32m INFO[0m [2mmoq_test_client::scenarios[0m[2m:[0m PUBLISH_NAMESPACE succeeded (REQUEST_OK received, waiting for subscribers)
ok 2 - publish-namespace-only
  ---
  duration_ms: 2412
  connection_id: 4da5f3376de5dc6f9c1d515d4413172d
  ...
[2m2026-09-20T00:49:57.002318Z[0m [32m INFO[0m [2mmoq_native_ietf::quic[0m[2m:[0m UDP socket bound [3mbind[0m[2m=[0m[::]:0 [3mlocal[0m[2m=[0m[::]:52357 [3mdual_stack[0m[2m=[0mtrue
[2m2026-09-20T00:49:57.073043Z[0m [33m WARN[0m [2mweb_transport_quinn::session[0m[2m:[0m failed to read capsule [3me[0m[2m=[0mUnexpectedEnd
[2m2026-09-20T00:49:57.502659Z[0m [32m INFO[0m [2mmoq_test_client::scenarios[0m[2m:[0m Subscribing to non-existent track: nonexistent/namespace/test-track
[2m2026-09-20T00:49:57.575387Z[0m [33m WARN[0m [2mmoq_transport::serve::error[0m[2m:[0m [2f28ca8a-0fa1-4403-8da2-16a63080959f] Not found: not found: Track not found [error:42ac3cb2-8be2-4f6d-8273-bfab1a27b474] at moq-transport/src/session/subscriber.rs:1653
[2m2026-09-20T00:49:57.575457Z[0m [32m INFO[0m [2mmoq_test_client::scenarios[0m[2m:[0m Got expected 'not found' error: not found: Track not found [error:2f28ca8a-0fa1-4403-8da2-16a63080959f]
[2m2026-09-20T00:49:57.576659Z[0m [32m INFO[0m [2mmoq_native_ietf::quic[0m[2m:[0m UDP socket bound [3mbind[0m[2m=[0m[::]:0 [3mlocal[0m[2m=[0m[::]:60481 [3mdual_stack[0m[2m=[0mtrue
ok 3 - subscribe-error
  ---
  duration_ms: 574
  connection_id: 8f39aea57448559419947bf1e9a3e5c9
  ...
[2m2026-09-20T00:49:57.647361Z[0m [33m WARN[0m [2mweb_transport_quinn::session[0m[2m:[0m failed to read capsule [3me[0m[2m=[0mUnexpectedEnd
[2m2026-09-20T00:49:57.960304Z[0m [32m INFO[0m [2mmoq_native_ietf::quic[0m[2m:[0m UDP socket bound [3mbind[0m[2m=[0m[::]:0 [3mlocal[0m[2m=[0m[::]:42170 [3mdual_stack[0m[2m=[0mtrue
[2m2026-09-20T00:49:58.336792Z[0m [32m INFO[0m [2mmoq_test_client::scenarios[0m[2m:[0m Publisher sending PUBLISH_NAMESPACE: moq-test/interop
[2m2026-09-20T00:49:58.336815Z[0m [32m INFO[0m [2mmoq_test_client::scenarios[0m[2m:[0m Subscriber subscribing to track: moq-test/interop/test-track
[2m2026-09-20T00:50:01.338273Z[0m [32m INFO[0m [2mmoq_test_client::scenarios[0m[2m:[0m Test timeout reached - subscription routing may still be in progress
ok 4 - publish-namespace-subscribe
  ---
  duration_ms: 3762
  publisher_connection_id: 617b821e47874cab5a32757c87672fc3
  subscriber_connection_id: 7b6a98699d3f416a9c74faf25af6101f
  ...
[2m2026-09-20T00:50:01.339429Z[0m [32m INFO[0m [2mmoq_native_ietf::quic[0m[2m:[0m UDP socket bound [3mbind[0m[2m=[0m[::]:0 [3mlocal[0m[2m=[0m[::]:48838 [3mdual_stack[0m[2m=[0mtrue
[2m2026-09-20T00:50:01.411019Z[0m [33m WARN[0m [2mweb_transport_quinn::session[0m[2m:[0m failed to read capsule [3me[0m[2m=[0mUnexpectedEnd
[2m2026-09-20T00:50:01.411493Z[0m [33m WARN[0m [2mweb_transport_quinn::session[0m[2m:[0m failed to read capsule [3me[0m[2m=[0mUnexpectedEnd
[2m2026-09-20T00:50:01.709921Z[0m [32m INFO[0m [2mmoq_test_client::scenarios[0m[2m:[0m Subscriber subscribing BEFORE PUBLISH_NAMESPACE: moq-test/interop/test-track
[2m2026-09-20T00:50:01.783230Z[0m [33m WARN[0m [2mmoq_transport::serve::error[0m[2m:[0m [5c9f4aba-2ed1-4140-ae0e-e2c55becc757] Not found: not found: Track not found [error:c531548f-dad5-4449-86f6-8d1407e83dbe] at moq-transport/src/session/subscriber.rs:1653
[2m2026-09-20T00:50:01.855416Z[0m [33m WARN[0m [2mweb_transport_quinn::session[0m[2m:[0m failed to read capsule [3me[0m[2m=[0mUnexpectedEnd
[2m2026-09-20T00:50:02.212027Z[0m [32m INFO[0m [2mmoq_native_ietf::quic[0m[2m:[0m UDP socket bound [3mbind[0m[2m=[0m[::]:0 [3mlocal[0m[2m=[0m[::]:32837 [3mdual_stack[0m[2m=[0mtrue
[2m2026-09-20T00:50:02.579875Z[0m [32m INFO[0m [2mmoq_test_client::scenarios[0m[2m:[0m Publisher sending PUBLISH_NAMESPACE (after subscriber): moq-test/interop
[2m2026-09-20T00:50:05.584447Z[0m [32m INFO[0m [2mmoq_test_client::scenarios[0m[2m:[0m Publisher PUBLISH_NAMESPACE timeout (expected)
[2m2026-09-20T00:50:05.584474Z[0m [32m INFO[0m [2mmoq_test_client::scenarios[0m[2m:[0m Subscriber got error: not found: Track not found [error:5c9f4aba-2ed1-4140-ae0e-e2c55becc757] (may be expected)
ok 5 - subscribe-before-publish-namespace
  ---
  duration_ms: 4246
  subscriber_connection_id: 19aa52786d67e8582cb407852cdf84fc
  publisher_connection_id: be3768673b958f36d71515349cf1d19c
  ...
[2m2026-09-20T00:50:05.585470Z[0m [32m INFO[0m [2mmoq_native_ietf::quic[0m[2m:[0m UDP socket bound [3mbind[0m[2m=[0m[::]:0 [3mlocal[0m[2m=[0m[::]:51274 [3mdual_stack[0m[2m=[0mtrue
[2m2026-09-20T00:50:05.972990Z[0m [32m INFO[0m [2mmoq_test_client::scenarios[0m[2m:[0m Sending PUBLISH_NAMESPACE: moq-test/interop
[2m2026-09-20T00:50:07.974143Z[0m [32m INFO[0m [2mmoq_test_client::scenarios[0m[2m:[0m PUBLISH_NAMESPACE active; sending PUBLISH_NAMESPACE_DONE
[2m2026-09-20T00:50:08.075427Z[0m [32m INFO[0m [2mmoq_test_client::scenarios[0m[2m:[0m PUBLISH_NAMESPACE_DONE sent successfully
ok 6 - publish-namespace-done
  ---
  duration_ms: 2490
  connection_id: 118a0ac2e9ab33c479b2b1af72e1c3d6
  ...
[2m2026-09-20T00:50:08.076392Z[0m [32m INFO[0m [2mmoq_native_ietf::quic[0m[2m:[0m UDP socket bound [3mbind[0m[2m=[0m[::]:0 [3mlocal[0m[2m=[0m[::]:38377 [3mdual_stack[0m[2m=[0mtrue
[2m2026-09-20T00:50:08.496786Z[0m [32m INFO[0m [2mmoq_test_client::scenarios[0m[2m:[0m Publisher sending direct PUBLISH [3mnamespace[0m[2m=[0m/moq-test/publish [3mtrack[0m[2m=[0m"published-track"
[2m2026-09-20T00:50:08.571855Z[0m [32m INFO[0m [2mmoq_test_client::scenarios[0m[2m:[0m PUBLISH accepted [3mnamespace[0m[2m=[0m/moq-test/publish [3mtrack[0m[2m=[0m"published-track"
[2m2026-09-20T00:50:08.572055Z[0m [32m INFO[0m [2mmoq_test_client::scenarios[0m[2m:[0m PUBLISH completed [3mnamespace[0m[2m=[0m/moq-test/publish [3mtrack[0m[2m=[0m"published-track"
ok 7 - publish-track-only
  ---
  duration_ms: 496
  connection_id: 65a36b0f749731dde5e48b46d53a8d03
  ...
[2m2026-09-20T00:50:08.573008Z[0m [32m INFO[0m [2mmoq_native_ietf::quic[0m[2m:[0m UDP socket bound [3mbind[0m[2m=[0m[::]:0 [3mlocal[0m[2m=[0m[::]:45086 [3mdual_stack[0m[2m=[0mtrue
[2m2026-09-20T00:50:08.646111Z[0m [33m WARN[0m [2mweb_transport_quinn::session[0m[2m:[0m failed to read capsule [3me[0m[2m=[0mUnexpectedEnd
[2m2026-09-20T00:50:08.943918Z[0m [32m INFO[0m [2mmoq_native_ietf::quic[0m[2m:[0m UDP socket bound [3mbind[0m[2m=[0m[::]:0 [3mlocal[0m[2m=[0m[::]:40934 [3mdual_stack[0m[2m=[0mtrue
[2m2026-09-20T00:50:09.316759Z[0m [32m INFO[0m [2mmoq_test_client::scenarios[0m[2m:[0m Publisher sending direct PUBLISH before subscriber subscribes [3mnamespace[0m[2m=[0m/moq-test/publish [3mtrack[0m[2m=[0m"published-track"
[2m2026-09-20T00:50:09.390022Z[0m [32m INFO[0m [2mmoq_test_client::scenarios[0m[2m:[0m PUBLISH accepted; starting subscriber [3mnamespace[0m[2m=[0m/moq-test/publish [3mtrack[0m[2m=[0m"published-track"
[2m2026-09-20T00:50:09.565273Z[0m [32m INFO[0m [2mmoq_test_client::scenarios[0m[2m:[0m Subscriber received direct PUBLISH track [3mnamespace[0m[2m=[0m/moq-test/publish [3mtrack[0m[2m=[0m"published-track"
ok 8 - publish-track-subscribe
  ---
  duration_ms: 993
  publisher_connection_id: 25394abbdb4855cf1f6bd8466bb7e548
  subscriber_connection_id: e982d3994258d8b0ede6e20d428c0f61
  ...
[2m2026-09-20T00:50:09.566614Z[0m [32m INFO[0m [2mmoq_native_ietf::quic[0m[2m:[0m UDP socket bound [3mbind[0m[2m=[0m[::]:0 [3mlocal[0m[2m=[0m[::]:49769 [3mdual_stack[0m[2m=[0mtrue
[2m2026-09-20T00:50:09.637507Z[0m [33m WARN[0m [2mweb_transport_quinn::session[0m[2m:[0m failed to read capsule [3me[0m[2m=[0mUnexpectedEnd
[2m2026-09-20T00:50:09.637659Z[0m [33m WARN[0m [2mweb_transport_quinn::session[0m[2m:[0m failed to read capsule [3me[0m[2m=[0mUnexpectedEnd
[2m2026-09-20T00:50:09.943417Z[0m [32m INFO[0m [2mmoq_test_client::scenarios[0m[2m:[0m Subscribing with RENDEZVOUS_TIMEOUT to a track with no publisher [3mtimeout_ms[0m[2m=[0m500
[2m2026-09-20T00:50:10.519555Z[0m [32m INFO[0m [2mmoq_test_client::scenarios[0m[2m:[0m Received expected REQUEST_ERROR TIMEOUT
ok 9 - rendezvous-timeout
  ---
  duration_ms: 953
  connection_id: 44a71b8bfd5c88652feb7b1f8e3c936b
  ...
[2m2026-09-20T00:50:10.520525Z[0m [32m INFO[0m [2mmoq_native_ietf::quic[0m[2m:[0m UDP socket bound [3mbind[0m[2m=[0m[::]:0 [3mlocal[0m[2m=[0m[::]:43818 [3mdual_stack[0m[2m=[0mtrue
[2m2026-09-20T00:50:10.592811Z[0m [33m WARN[0m [2mweb_transport_quinn::session[0m[2m:[0m failed to read capsule [3me[0m[2m=[0mUnexpectedEnd
[2m2026-09-20T00:50:11.092846Z[0m [32m INFO[0m [2mmoq_native_ietf::quic[0m[2m:[0m UDP socket bound [3mbind[0m[2m=[0m[::]:0 [3mlocal[0m[2m=[0m[::]:43408 [3mdual_stack[0m[2m=[0mtrue
[2m2026-09-20T00:50:11.541329Z[0m [32m INFO[0m [2mmoq_test_client::moqtest[0m[2m:[0m PUBLISH accepted and subscription bound; generating objects [3mobjects[0m[2m=[0m15 [3mstreams[0m[2m=[0m3
[2m2026-09-20T00:50:11.589054Z[0m [32m INFO[0m [2mmoq_test_client::moqtest[0m[2m:[0m PUBLISH completed
[2m2026-09-20T00:50:11.715854Z[0m [32m INFO[0m [2mmoq_test_client[0m[2m:[0m moq-test passed: objects 15/15, eog 0/0, streams 3, publish_done status=2 stream_count=3 reason=ReasonPhrase("done")
ok 10 - moq-test-subgroup-per-group
  ---
  duration_ms: 1196
  subscriber_connection_id: 8d82d4e05929e19193c35b4260071fb2
  publisher_connection_id: ad4740f7c1cadeb3108e4c0f8ccd67d3
  ...
[2m2026-09-20T00:50:11.716784Z[0m [32m INFO[0m [2mmoq_native_ietf::quic[0m[2m:[0m UDP socket bound [3mbind[0m[2m=[0m[::]:0 [3mlocal[0m[2m=[0m[::]:43994 [3mdual_stack[0m[2m=[0mtrue
[2m2026-09-20T00:50:11.787902Z[0m [33m WARN[0m [2mweb_transport_quinn::session[0m[2m:[0m failed to read capsule [3me[0m[2m=[0mUnexpectedEnd
[2m2026-09-20T00:50:12.310597Z[0m [32m INFO[0m [2mmoq_native_ietf::quic[0m[2m:[0m UDP socket bound [3mbind[0m[2m=[0m[::]:0 [3mlocal[0m[2m=[0m[::]:45042 [3mdual_stack[0m[2m=[0mtrue
[2m2026-09-20T00:50:12.815147Z[0m [32m INFO[0m [2mmoq_test_client::moqtest[0m[2m:[0m PUBLISH accepted and subscription bound; generating objects [3mobjects[0m[2m=[0m15 [3mstreams[0m[2m=[0m3
[2m2026-09-20T00:50:12.870751Z[0m [32m INFO[0m [2mmoq_test_client::moqtest[0m[2m:[0m PUBLISH completed
[2m2026-09-20T00:50:12.944002Z[0m [32m INFO[0m [2mmoq_test_client[0m[2m:[0m moq-test passed: objects 15/15, eog 3/3, streams 3, publish_done status=2 stream_count=3 reason=ReasonPhrase("done")
ok 11 - moq-test-subgroup-per-group-eog
  ---
  duration_ms: 1228
  subscriber_connection_id: 8697e20656e943eba1a074e76a8dc1de
  publisher_connection_id: df3d5898aa94872c771210109f43173d
  ...
[2m2026-09-20T00:50:12.944967Z[0m [32m INFO[0m [2mmoq_native_ietf::quic[0m[2m:[0m UDP socket bound [3mbind[0m[2m=[0m[::]:0 [3mlocal[0m[2m=[0m[::]:37754 [3mdual_stack[0m[2m=[0mtrue
[2m2026-09-20T00:50:13.016366Z[0m [33m WARN[0m [2mweb_transport_quinn::session[0m[2m:[0m failed to read capsule [3me[0m[2m=[0mUnexpectedEnd
[2m2026-09-20T00:50:13.541071Z[0m [32m INFO[0m [2mmoq_native_ietf::quic[0m[2m:[0m UDP socket bound [3mbind[0m[2m=[0m[::]:0 [3mlocal[0m[2m=[0m[::]:54729 [3mdual_stack[0m[2m=[0mtrue
[2m2026-09-20T00:50:13.997064Z[0m [32m INFO[0m [2mmoq_test_client::moqtest[0m[2m:[0m PUBLISH accepted and subscription bound; generating objects [3mobjects[0m[2m=[0m8 [3mstreams[0m[2m=[0m8
[2m2026-09-20T00:50:14.021059Z[0m [32m INFO[0m [2mmoq_test_client::moqtest[0m[2m:[0m PUBLISH completed
ok 12 - moq-test-subgroup-per-object
  ---
  duration_ms: 1152
  subscriber_connection_id: 41ca755884d0cb1482cef3a23f059016
  publisher_connection_id: cc75fc666f9c8f6ad9c9396764c842c6
  ...
[2m2026-09-20T00:50:14.096645Z[0m [32m INFO[0m [2mmoq_test_client[0m[2m:[0m moq-test passed: objects 8/8, eog 0/0, streams 8, publish_done status=2 stream_count=8 reason=ReasonPhrase("done")
[2m2026-09-20T00:50:14.097489Z[0m [32m INFO[0m [2mmoq_native_ietf::quic[0m[2m:[0m UDP socket bound [3mbind[0m[2m=[0m[::]:0 [3mlocal[0m[2m=[0m[::]:57365 [3mdual_stack[0m[2m=[0mtrue
[2m2026-09-20T00:50:14.170851Z[0m [33m WARN[0m [2mweb_transport_quinn::session[0m[2m:[0m failed to read capsule [3me[0m[2m=[0mUnexpectedEnd
[2m2026-09-20T00:50:14.669112Z[0m [32m INFO[0m [2mmoq_native_ietf::quic[0m[2m:[0m UDP socket bound [3mbind[0m[2m=[0m[::]:0 [3mlocal[0m[2m=[0m[::]:33418 [3mdual_stack[0m[2m=[0mtrue
[2m2026-09-20T00:50:15.113657Z[0m [32m INFO[0m [2mmoq_test_client::moqtest[0m[2m:[0m PUBLISH accepted and subscription bound; generating objects [3mobjects[0m[2m=[0m18 [3mstreams[0m[2m=[0m6
[2m2026-09-20T00:50:15.178959Z[0m [32m INFO[0m [2mmoq_test_client::moqtest[0m[2m:[0m PUBLISH completed
[2m2026-09-20T00:50:15.251950Z[0m [31mERROR[0m [2mmoq_transport::serve::error[0m[2m:[0m [f01743f2-a17b-43e3-bba2-46a224936520] Internal error: subgroup receive failed at moq-transport/src/session/subscriber.rs:378
[2m2026-09-20T00:50:15.251970Z[0m [33m WARN[0m [2mmoq_transport::session[0m[2m:[0m failed to serve stream: webtransport error: read error: RESET_STREAM: 0
[2m2026-09-20T00:50:15.251979Z[0m [31mERROR[0m [2mmoq_transport::serve::error[0m[2m:[0m [0bb06e23-b48c-4637-91bc-0c51bdeeada1] Internal error: subgroup receive failed at moq-transport/src/session/subscriber.rs:378
[2m2026-09-20T00:50:15.251985Z[0m [33m WARN[0m [2mmoq_transport::session[0m[2m:[0m failed to serve stream: webtransport error: read error: RESET_STREAM: 0
not ok 13 - moq-test-two-subgroups-eog
  ---
  duration_ms: 1155
  message: "subscriber verification failed: subgroup read failed: internal error: Internal error [error:0bb06e23-b48c-4637-91bc-0c51bdeeada1]"
  ...
[2m2026-09-20T00:50:15.253074Z[0m [32m INFO[0m [2mmoq_native_ietf::quic[0m[2m:[0m UDP socket bound [3mbind[0m[2m=[0m[::]:0 [3mlocal[0m[2m=[0m[::]:38300 [3mdual_stack[0m[2m=[0mtrue
[2m2026-09-20T00:50:15.323962Z[0m [33m WARN[0m [2mweb_transport_quinn::session[0m[2m:[0m failed to read capsule [3me[0m[2m=[0mUnexpectedEnd
[2m2026-09-20T00:50:15.828171Z[0m [32m INFO[0m [2mmoq_native_ietf::quic[0m[2m:[0m UDP socket bound [3mbind[0m[2m=[0m[::]:0 [3mlocal[0m[2m=[0m[::]:53183 [3mdual_stack[0m[2m=[0mtrue
[2m2026-09-20T00:50:16.274232Z[0m [32m INFO[0m [2mmoq_test_client::moqtest[0m[2m:[0m PUBLISH accepted and subscription bound; generating objects [3mobjects[0m[2m=[0m15 [3mstreams[0m[2m=[0m0
[2m2026-09-20T00:50:16.592205Z[0m [32m INFO[0m [2mmoq_test_client::moqtest[0m[2m:[0m PUBLISH completed
[2m2026-09-20T00:50:16.666875Z[0m [32m INFO[0m [2mmoq_test_client[0m[2m:[0m moq-test passed: objects 15/15, eog 0/0, streams 0, publish_done status=2 stream_count=0 reason=ReasonPhrase("done")
ok 14 - moq-test-datagram
  ---
  duration_ms: 1414
  subscriber_connection_id: 008a967e6dff2d3ffa083402c60b397a
  publisher_connection_id: 1b58e326ea618c1b48d366e7f3abbd26
  ...
[2m2026-09-20T00:50:16.667749Z[0m [32m INFO[0m [2mmoq_native_ietf::quic[0m[2m:[0m UDP socket bound [3mbind[0m[2m=[0m[::]:0 [3mlocal[0m[2m=[0m[::]:59108 [3mdual_stack[0m[2m=[0mtrue
[2m2026-09-20T00:50:16.739502Z[0m [33m WARN[0m [2mweb_transport_quinn::session[0m[2m:[0m failed to read capsule [3me[0m[2m=[0mUnexpectedEnd
[2m2026-09-20T00:50:17.257681Z[0m [32m INFO[0m [2mmoq_native_ietf::quic[0m[2m:[0m UDP socket bound [3mbind[0m[2m=[0m[::]:0 [3mlocal[0m[2m=[0m[::]:36001 [3mdual_stack[0m[2m=[0mtrue
[2m2026-09-20T00:50:17.707251Z[0m [32m INFO[0m [2mmoq_test_client::moqtest[0m[2m:[0m PUBLISH accepted and subscription bound; generating objects [3mobjects[0m[2m=[0m15 [3mstreams[0m[2m=[0m0
[2m2026-09-20T00:50:18.088227Z[0m [32m INFO[0m [2mmoq_test_client::moqtest[0m[2m:[0m PUBLISH completed
[2m2026-09-20T00:50:18.160907Z[0m [32m INFO[0m [2mmoq_test_client[0m[2m:[0m moq-test passed: objects 15/15, eog 3/3, streams 0, publish_done status=2 stream_count=0 reason=ReasonPhrase("done")
[2m2026-09-20T00:50:18.161840Z[0m [32m INFO[0m [2mmoq_native_ietf::quic[0m[2m:[0m UDP socket bound [3mbind[0m[2m=[0m[::]:0 [3mlocal[0m[2m=[0m[::]:57965 [3mdual_stack[0m[2m=[0mtrue
ok 15 - moq-test-datagram-eog
  ---
  duration_ms: 1494
  subscriber_connection_id: f1965d9d38e1530b84672f4fb2585a9c
  publisher_connection_id: 30c5411dbdeb559ebf0debc8bc0e28da
  ...
[2m2026-09-20T00:50:18.233207Z[0m [33m WARN[0m [2mweb_transport_quinn::session[0m[2m:[0m failed to read capsule [3me[0m[2m=[0mUnexpectedEnd
[2m2026-09-20T00:50:18.738591Z[0m [32m INFO[0m [2mmoq_native_ietf::quic[0m[2m:[0m UDP socket bound [3mbind[0m[2m=[0m[::]:0 [3mlocal[0m[2m=[0m[::]:40600 [3mdual_stack[0m[2m=[0mtrue
[2m2026-09-20T00:50:19.189525Z[0m [32m INFO[0m [2mmoq_test_client::moqtest[0m[2m:[0m PUBLISH accepted and subscription bound; generating objects [3mobjects[0m[2m=[0m15 [3mstreams[0m[2m=[0m3
[2m2026-09-20T00:50:19.245592Z[0m [32m INFO[0m [2mmoq_test_client::moqtest[0m[2m:[0m PUBLISH completed
ok 16 - moq-test-extensions
  ---
  duration_ms: 1158
  subscriber_connection_id: c8afefe6d58c6e8803b3a6b9546f87c6
  publisher_connection_id: 11139556d9727dd636da68acc91c41e1
  ...
[2m2026-09-20T00:50:19.319342Z[0m [32m INFO[0m [2mmoq_test_client[0m[2m:[0m moq-test passed: objects 15/15, eog 3/3, streams 3, publish_done status=2 stream_count=3 reason=ReasonPhrase("done")
[2m2026-09-20T00:50:19.320436Z[0m [32m INFO[0m [2mmoq_native_ietf::quic[0m[2m:[0m UDP socket bound [3mbind[0m[2m=[0m[::]:0 [3mlocal[0m[2m=[0m[::]:38751 [3mdual_stack[0m[2m=[0mtrue
[2m2026-09-20T00:50:19.392316Z[0m [33m WARN[0m [2mweb_transport_quinn::session[0m[2m:[0m failed to read capsule [3me[0m[2m=[0mUnexpectedEnd
[2m2026-09-20T00:50:19.898126Z[0m [32m INFO[0m [2mmoq_native_ietf::quic[0m[2m:[0m UDP socket bound [3mbind[0m[2m=[0m[::]:0 [3mlocal[0m[2m=[0m[::]:56508 [3mdual_stack[0m[2m=[0mtrue
[2m2026-09-20T00:50:20.395603Z[0m [32m INFO[0m [2mmoq_test_client::moqtest[0m[2m:[0m PUBLISH accepted and subscription bound; generating objects [3mobjects[0m[2m=[0m9 [3mstreams[0m[2m=[0m3
[2m2026-09-20T00:50:20.424299Z[0m [32m INFO[0m [2mmoq_test_client::moqtest[0m[2m:[0m PUBLISH completed
ok 17 - moq-test-increments
  ---
  duration_ms: 1178
  subscriber_connection_id: 015c28bb71295ca33fe0b0f22a321006
  publisher_connection_id: b90667e94770b6ea58d52198b8beca27
  ...
[2m2026-09-20T00:50:20.497868Z[0m [32m INFO[0m [2mmoq_test_client[0m[2m:[0m moq-test passed: objects 9/9, eog 0/0, streams 3, publish_done status=2 stream_count=3 reason=ReasonPhrase("done")
[2m2026-09-20T00:50:20.498682Z[0m [32m INFO[0m [2mmoq_native_ietf::quic[0m[2m:[0m UDP socket bound [3mbind[0m[2m=[0m[::]:0 [3mlocal[0m[2m=[0m[::]:57137 [3mdual_stack[0m[2m=[0mtrue
[2m2026-09-20T00:50:20.570926Z[0m [33m WARN[0m [2mweb_transport_quinn::session[0m[2m:[0m failed to read capsule [3me[0m[2m=[0mUnexpectedEnd
[2m2026-09-20T00:50:21.084675Z[0m [32m INFO[0m [2mmoq_native_ietf::quic[0m[2m:[0m UDP socket bound [3mbind[0m[2m=[0m[::]:0 [3mlocal[0m[2m=[0m[::]:41817 [3mdual_stack[0m[2m=[0mtrue
[2m2026-09-20T00:50:21.530061Z[0m [32m INFO[0m [2mmoq_test_client::moqtest[0m[2m:[0m PUBLISH accepted and subscription bound; generating objects [3mobjects[0m[2m=[0m6 [3mstreams[0m[2m=[0m2
[2m2026-09-20T00:50:21.548404Z[0m [32m INFO[0m [2mmoq_test_client::moqtest[0m[2m:[0m PUBLISH completed
[2m2026-09-20T00:50:21.621194Z[0m [32m INFO[0m [2mmoq_test_client[0m[2m:[0m moq-test passed: objects 0/0, eog 0/0, streams 0, publish_done status=2 stream_count=0 reason=ReasonPhrase("done")
ok 18 - moq-test-forward-zero
  ---
  duration_ms: 1123
  subscriber_connection_id: 3d6a1c88318faea93b36e9fdef405ed2
  publisher_connection_id: 6305f77e903a067c5bc13f407d87b032
  ...
make[1]: *** [Makefile:122: test-external] Error 1
make[1]: Leaving directory '/home/runner/work/moq-interop-runner/moq-interop-runner/main'
