make[1]: Entering directory '/home/runner/work/moq-interop-runner/moq-interop-runner/main'
Running tests against moqt://draft-18-interop.cloudflare.mediaoverquic.com:443...
  Client: ghcr.io/openmoq/moqx-interop-client:latest
docker run --rm \
	 \
	--network host \
	-e RELAY_URL=moqt://draft-18-interop.cloudflare.mediaoverquic.com:443 \
	-e TLS_DISABLE_VERIFY=false \
	ghcr.io/openmoq/moqx-interop-client:latest
TAP version 14
# moxygen interop test client
# Relay: moqt://draft-18-interop.cloudflare.mediaoverquic.com:443
# Transport: QUIC
# Offered ALPNs: moqt-18, moqt-16, moqt-15, moq-00
1..6
ok 1 - setup-only
  ---
  duration_ms: 250
  negotiated_version: draft-18
  info: SETUP exchange completed successfully
  ...
E0920 01:03:02.666454     1 MoQRelaySession.cpp:1116] PublishNamespaceDone for unknown publishNamespace, sess=0x55c92cface40
ok 2 - announce-only
  ---
  duration_ms: 312
  negotiated_version: draft-18
  info: PUBLISH_NAMESPACE completed successfully
  ...
E0920 01:03:02.911758     1 MoQSession.cpp:5126] No matching subscribe ID=0 sess=0x55c92cfc5610
ok 3 - subscribe-error
  ---
  duration_ms: 245
  negotiated_version: draft-18
  info: Subscribe correctly returned error: Session closed
  ...
E0920 01:03:03.473180     1 MoQSession.cpp:5126] No matching subscribe ID=0 sess=0x55c92cfe78a0
not ok 4 - announce-subscribe
  ---
  duration_ms: 561
  negotiated_version: draft-18
  error: Subscribe failed: Session closed
  ...
ok 5 - publish-namespace-done
  ---
  duration_ms: 208
  negotiated_version: draft-18
  info: PUBLISH_NAMESPACE_OK received, PUBLISH_NAMESPACE_DONE sent
  ...
E0920 01:03:03.943032     1 MoQSession.cpp:5126] No matching subscribe ID=0 sess=0x55c92cf9bfb0
ok 6 - subscribe-before-announce
  ---
  duration_ms: 966
  negotiated_version: draft-18
  info: Subscribe returned error (relay doesn't buffer pending subscriptions): Session closed
  ...
make[1]: *** [Makefile:122: test-external] Error 1
make[1]: Leaving directory '/home/runner/work/moq-interop-runner/moq-interop-runner/main'
