make[1]: Entering directory '/home/runner/work/moq-interop-runner/moq-interop-runner/main'
Running tests against https://34-72-6-160.sslip.io:443...
  Client: ghcr.io/englishm/moq-interop-runner-moq-test-client-draft-18:latest
docker run --rm \
	 \
	--network host \
	-e RELAY_URL=https://34-72-6-160.sslip.io:443 \
	-e TLS_DISABLE_VERIFY=false \
	ghcr.io/englishm/moq-interop-runner-moq-test-client-draft-18:latest
TAP version 14
# moq-test-client v0.1.12
# Relay: https://34-72-6-160.sslip.io/
1..18
[2m2026-09-24T00:50:41.308678Z[0m [32m INFO[0m [2mmoq_native_ietf::quic[0m[2m:[0m UDP socket bound [3mbind[0m[2m=[0m[::]:0 [3mlocal[0m[2m=[0m[::]:38950 [3mdual_stack[0m[2m=[0mtrue
ok 1 - setup-only
  ---
  duration_ms: 196
  connection_id: c0b95bc4f0a21ed05f2c979c01b7c686
  ...
[2m2026-09-24T00:50:41.503972Z[0m [32m INFO[0m [2mmoq_test_client::scenarios[0m[2m:[0m SETUP exchange completed successfully
[2m2026-09-24T00:50:41.505059Z[0m [32m INFO[0m [2mmoq_native_ietf::quic[0m[2m:[0m UDP socket bound [3mbind[0m[2m=[0m[::]:0 [3mlocal[0m[2m=[0m[::]:42279 [3mdual_stack[0m[2m=[0mtrue
[2m2026-09-24T00:50:41.531025Z[0m [33m WARN[0m [2mweb_transport_quinn::session[0m[2m:[0m failed to read capsule [3me[0m[2m=[0mUnexpectedEnd
[2m2026-09-24T00:50:41.727470Z[0m [32m INFO[0m [2mmoq_test_client::scenarios[0m[2m:[0m Sending PUBLISH_NAMESPACE for: moq-test/interop
[2m2026-09-24T00:50:43.729157Z[0m [32m INFO[0m [2mmoq_test_client::scenarios[0m[2m:[0m PUBLISH_NAMESPACE succeeded (REQUEST_OK received, waiting for subscribers)
ok 2 - publish-namespace-only
  ---
  duration_ms: 2225
  connection_id: a5f806c409f2d174ba63e502fd8faca4
  ...
[2m2026-09-24T00:50:43.730166Z[0m [32m INFO[0m [2mmoq_native_ietf::quic[0m[2m:[0m UDP socket bound [3mbind[0m[2m=[0m[::]:0 [3mlocal[0m[2m=[0m[::]:60907 [3mdual_stack[0m[2m=[0mtrue
[2m2026-09-24T00:50:43.755770Z[0m [33m WARN[0m [2mweb_transport_quinn::session[0m[2m:[0m failed to read capsule [3me[0m[2m=[0mUnexpectedEnd
[2m2026-09-24T00:50:43.967188Z[0m [32m INFO[0m [2mmoq_test_client::scenarios[0m[2m:[0m Subscribing to non-existent track: nonexistent/namespace/test-track
ok 3 - subscribe-error
  ---
  duration_ms: 266
  connection_id: e05c2cd6faf3969bd83d2e5edbfe771e
  ...
[2m2026-09-24T00:50:43.995314Z[0m [33m WARN[0m [2mmoq_test_client::scenarios[0m[2m:[0m Got error but not clearly 'not found': closed, code=404. Relay may use different error text.
[2m2026-09-24T00:50:43.996394Z[0m [32m INFO[0m [2mmoq_native_ietf::quic[0m[2m:[0m UDP socket bound [3mbind[0m[2m=[0m[::]:0 [3mlocal[0m[2m=[0m[::]:42929 [3mdual_stack[0m[2m=[0mtrue
[2m2026-09-24T00:50:44.251040Z[0m [32m INFO[0m [2mmoq_native_ietf::quic[0m[2m:[0m UDP socket bound [3mbind[0m[2m=[0m[::]:0 [3mlocal[0m[2m=[0m[::]:57257 [3mdual_stack[0m[2m=[0mtrue
[2m2026-09-24T00:50:44.475907Z[0m [32m INFO[0m [2mmoq_test_client::scenarios[0m[2m:[0m Publisher sending PUBLISH_NAMESPACE: moq-test/interop
[2m2026-09-24T00:50:44.475927Z[0m [32m INFO[0m [2mmoq_test_client::scenarios[0m[2m:[0m Subscriber subscribing to track: moq-test/interop/test-track
[2m2026-09-24T00:50:47.477529Z[0m [32m INFO[0m [2mmoq_test_client::scenarios[0m[2m:[0m Test timeout reached - subscription routing may still be in progress
ok 4 - publish-namespace-subscribe
  ---
  duration_ms: 3482
  publisher_connection_id: 1254828a5238e49bf696e28a61bc8f72
  subscriber_connection_id: 8dc8e9e13602c7b18d3efae48d0dec34
  ...
[2m2026-09-24T00:50:47.478621Z[0m [32m INFO[0m [2mmoq_native_ietf::quic[0m[2m:[0m UDP socket bound [3mbind[0m[2m=[0m[::]:0 [3mlocal[0m[2m=[0m[::]:59935 [3mdual_stack[0m[2m=[0mtrue
[2m2026-09-24T00:50:47.504941Z[0m [33m WARN[0m [2mweb_transport_quinn::session[0m[2m:[0m failed to read capsule [3me[0m[2m=[0mUnexpectedEnd
[2m2026-09-24T00:50:48.185465Z[0m [32m INFO[0m [2mmoq_test_client::scenarios[0m[2m:[0m Subscriber subscribing BEFORE PUBLISH_NAMESPACE: moq-test/interop/test-track
[2m2026-09-24T00:50:48.688482Z[0m [32m INFO[0m [2mmoq_native_ietf::quic[0m[2m:[0m UDP socket bound [3mbind[0m[2m=[0m[::]:0 [3mlocal[0m[2m=[0m[::]:54074 [3mdual_stack[0m[2m=[0mtrue
[2m2026-09-24T00:50:48.800753Z[0m [33m WARN[0m [2mweb_transport_quinn::session[0m[2m:[0m failed to read capsule [3me[0m[2m=[0mUnexpectedEnd
[2m2026-09-24T00:50:48.882440Z[0m [32m INFO[0m [2mmoq_test_client::scenarios[0m[2m:[0m Publisher sending PUBLISH_NAMESPACE (after subscriber): moq-test/interop
ok 5 - subscribe-before-publish-namespace
  ---
  duration_ms: 4407
  subscriber_connection_id: aec6c9f52ded29a90964828e712fb727
  publisher_connection_id: 325e676950406ac30707963268b01d19
  ...
[2m2026-09-24T00:50:51.884825Z[0m [32m INFO[0m [2mmoq_test_client::scenarios[0m[2m:[0m Publisher PUBLISH_NAMESPACE timeout (expected)
[2m2026-09-24T00:50:51.884856Z[0m [32m INFO[0m [2mmoq_test_client::scenarios[0m[2m:[0m Subscriber got error: closed, code=404 (may be expected)
[2m2026-09-24T00:50:51.885833Z[0m [32m INFO[0m [2mmoq_native_ietf::quic[0m[2m:[0m UDP socket bound [3mbind[0m[2m=[0m[::]:0 [3mlocal[0m[2m=[0m[::]:38975 [3mdual_stack[0m[2m=[0mtrue
[2m2026-09-24T00:50:51.912132Z[0m [33m WARN[0m [2mweb_transport_quinn::session[0m[2m:[0m failed to read capsule [3me[0m[2m=[0mUnexpectedEnd
[2m2026-09-24T00:50:52.021014Z[0m [32m INFO[0m [2mmoq_test_client::scenarios[0m[2m:[0m Sending PUBLISH_NAMESPACE: moq-test/interop
[2m2026-09-24T00:50:54.022342Z[0m [32m INFO[0m [2mmoq_test_client::scenarios[0m[2m:[0m PUBLISH_NAMESPACE active; sending PUBLISH_NAMESPACE_DONE
[2m2026-09-24T00:50:54.123012Z[0m [32m INFO[0m [2mmoq_test_client::scenarios[0m[2m:[0m PUBLISH_NAMESPACE_DONE sent successfully
ok 6 - publish-namespace-done
  ---
  duration_ms: 2238
  connection_id: f7b9d1acb1884cdb400eed6398f0c365
  ...
[2m2026-09-24T00:50:54.123914Z[0m [32m INFO[0m [2mmoq_native_ietf::quic[0m[2m:[0m UDP socket bound [3mbind[0m[2m=[0m[::]:0 [3mlocal[0m[2m=[0m[::]:60455 [3mdual_stack[0m[2m=[0mtrue
[2m2026-09-24T00:50:54.245251Z[0m [32m INFO[0m [2mmoq_test_client::scenarios[0m[2m:[0m Publisher sending direct PUBLISH [3mnamespace[0m[2m=[0m/moq-test/publish [3mtrack[0m[2m=[0m"published-track"
[2m2026-09-24T00:50:54.271825Z[0m [33m WARN[0m [2mmoq_transport::session::reader[0m[2m:[0m [READER] decode: stream ended while waiting for data (have=0 bytes, need=1)
not ok 7 - publish-track-only
  ---
  duration_ms: 148
  message: "PUBLISH was rejected: closed, code=3"
  ...
[2m2026-09-24T00:50:54.272848Z[0m [32m INFO[0m [2mmoq_native_ietf::quic[0m[2m:[0m UDP socket bound [3mbind[0m[2m=[0m[::]:0 [3mlocal[0m[2m=[0m[::]:59942 [3mdual_stack[0m[2m=[0mtrue
[2m2026-09-24T00:50:54.297955Z[0m [33m WARN[0m [2mweb_transport_quinn::session[0m[2m:[0m failed to read capsule [3me[0m[2m=[0mUnexpectedEnd
[2m2026-09-24T00:50:54.393905Z[0m [32m INFO[0m [2mmoq_native_ietf::quic[0m[2m:[0m UDP socket bound [3mbind[0m[2m=[0m[::]:0 [3mlocal[0m[2m=[0m[::]:44997 [3mdual_stack[0m[2m=[0mtrue
[2m2026-09-24T00:50:54.625041Z[0m [32m INFO[0m [2mmoq_test_client::scenarios[0m[2m:[0m Publisher sending direct PUBLISH before subscriber subscribes [3mnamespace[0m[2m=[0m/moq-test/publish [3mtrack[0m[2m=[0m"published-track"
[2m2026-09-24T00:50:54.651447Z[0m [33m WARN[0m [2mmoq_transport::session::reader[0m[2m:[0m [READER] decode: stream ended while waiting for data (have=0 bytes, need=1)
not ok 8 - publish-track-subscribe
  ---
  duration_ms: 379
  message: "PUBLISH was rejected: closed, code=3"
  ...
[2m2026-09-24T00:50:54.652684Z[0m [32m INFO[0m [2mmoq_native_ietf::quic[0m[2m:[0m UDP socket bound [3mbind[0m[2m=[0m[::]:0 [3mlocal[0m[2m=[0m[::]:44565 [3mdual_stack[0m[2m=[0mtrue
[2m2026-09-24T00:50:54.678593Z[0m [33m WARN[0m [2mweb_transport_quinn::session[0m[2m:[0m failed to read capsule [3me[0m[2m=[0mUnexpectedEnd
[2m2026-09-24T00:50:54.774031Z[0m [32m INFO[0m [2mmoq_test_client::scenarios[0m[2m:[0m Subscribing with RENDEZVOUS_TIMEOUT to a track with no publisher [3mtimeout_ms[0m[2m=[0m500
not ok 9 - rendezvous-timeout
  ---
  duration_ms: 149
  message: "expected REQUEST_ERROR TIMEOUT, got: closed, code=404"
  ...
[2m2026-09-24T00:50:54.802548Z[0m [32m INFO[0m [2mmoq_native_ietf::quic[0m[2m:[0m UDP socket bound [3mbind[0m[2m=[0m[::]:0 [3mlocal[0m[2m=[0m[::]:51459 [3mdual_stack[0m[2m=[0mtrue
[2m2026-09-24T00:50:54.828578Z[0m [33m WARN[0m [2mweb_transport_quinn::session[0m[2m:[0m failed to read capsule [3me[0m[2m=[0mUnexpectedEnd
[2m2026-09-24T00:50:55.233017Z[0m [32m INFO[0m [2mmoq_native_ietf::quic[0m[2m:[0m UDP socket bound [3mbind[0m[2m=[0m[::]:0 [3mlocal[0m[2m=[0m[::]:37349 [3mdual_stack[0m[2m=[0mtrue
[2m2026-09-24T00:50:55.383599Z[0m [33m WARN[0m [2mmoq_transport::session::reader[0m[2m:[0m [READER] decode: stream ended while waiting for data (have=0 bytes, need=1)
not ok 10 - moq-test-subgroup-per-group
  ---
  duration_ms: 582
  message: "PUBLISH was rejected: closed, code=3"
  ...
[2m2026-09-24T00:50:55.384848Z[0m [32m INFO[0m [2mmoq_native_ietf::quic[0m[2m:[0m UDP socket bound [3mbind[0m[2m=[0m[::]:0 [3mlocal[0m[2m=[0m[::]:34921 [3mdual_stack[0m[2m=[0mtrue
[2m2026-09-24T00:50:55.410614Z[0m [33m WARN[0m [2mweb_transport_quinn::session[0m[2m:[0m failed to read capsule [3me[0m[2m=[0mUnexpectedEnd
[2m2026-09-24T00:50:55.811056Z[0m [32m INFO[0m [2mmoq_native_ietf::quic[0m[2m:[0m UDP socket bound [3mbind[0m[2m=[0m[::]:0 [3mlocal[0m[2m=[0m[::]:45654 [3mdual_stack[0m[2m=[0mtrue
[2m2026-09-24T00:50:56.063679Z[0m [33m WARN[0m [2mmoq_transport::session::reader[0m[2m:[0m [READER] decode: stream ended while waiting for data (have=0 bytes, need=1)
not ok 11 - moq-test-subgroup-per-group-eog
  ---
  duration_ms: 680
  message: "PUBLISH was rejected: closed, code=3"
  ...
[2m2026-09-24T00:50:56.064808Z[0m [32m INFO[0m [2mmoq_native_ietf::quic[0m[2m:[0m UDP socket bound [3mbind[0m[2m=[0m[::]:0 [3mlocal[0m[2m=[0m[::]:43213 [3mdual_stack[0m[2m=[0mtrue
[2m2026-09-24T00:50:56.090768Z[0m [33m WARN[0m [2mweb_transport_quinn::session[0m[2m:[0m failed to read capsule [3me[0m[2m=[0mUnexpectedEnd
[2m2026-09-24T00:50:56.382967Z[0m [32m INFO[0m [2mmoq_native_ietf::quic[0m[2m:[0m UDP socket bound [3mbind[0m[2m=[0m[::]:0 [3mlocal[0m[2m=[0m[::]:33536 [3mdual_stack[0m[2m=[0mtrue
[2m2026-09-24T00:50:56.525393Z[0m [33m WARN[0m [2mmoq_transport::session::reader[0m[2m:[0m [READER] decode: stream ended while waiting for data (have=0 bytes, need=1)
not ok 12 - moq-test-subgroup-per-object
  ---
  duration_ms: 461
  message: "PUBLISH was rejected: closed, code=3"
  ...
[2m2026-09-24T00:50:56.526545Z[0m [32m INFO[0m [2mmoq_native_ietf::quic[0m[2m:[0m UDP socket bound [3mbind[0m[2m=[0m[::]:0 [3mlocal[0m[2m=[0m[::]:41442 [3mdual_stack[0m[2m=[0mtrue
[2m2026-09-24T00:50:56.551832Z[0m [33m WARN[0m [2mweb_transport_quinn::session[0m[2m:[0m failed to read capsule [3me[0m[2m=[0mUnexpectedEnd
[2m2026-09-24T00:50:56.956598Z[0m [32m INFO[0m [2mmoq_native_ietf::quic[0m[2m:[0m UDP socket bound [3mbind[0m[2m=[0m[::]:0 [3mlocal[0m[2m=[0m[::]:32816 [3mdual_stack[0m[2m=[0mtrue
[2m2026-09-24T00:50:57.098028Z[0m [33m WARN[0m [2mmoq_transport::session::reader[0m[2m:[0m [READER] decode: stream ended while waiting for data (have=0 bytes, need=1)
not ok 13 - moq-test-two-subgroups-eog
  ---
  duration_ms: 572
  message: "PUBLISH was rejected: closed, code=3"
  ...
[2m2026-09-24T00:50:57.099182Z[0m [32m INFO[0m [2mmoq_native_ietf::quic[0m[2m:[0m UDP socket bound [3mbind[0m[2m=[0m[::]:0 [3mlocal[0m[2m=[0m[::]:32978 [3mdual_stack[0m[2m=[0mtrue
[2m2026-09-24T00:50:57.124042Z[0m [33m WARN[0m [2mweb_transport_quinn::session[0m[2m:[0m failed to read capsule [3me[0m[2m=[0mUnexpectedEnd
[2m2026-09-24T00:50:57.416134Z[0m [32m INFO[0m [2mmoq_native_ietf::quic[0m[2m:[0m UDP socket bound [3mbind[0m[2m=[0m[::]:0 [3mlocal[0m[2m=[0m[::]:43306 [3mdual_stack[0m[2m=[0mtrue
[2m2026-09-24T00:50:57.563627Z[0m [33m WARN[0m [2mmoq_transport::session::reader[0m[2m:[0m [READER] decode: stream ended while waiting for data (have=0 bytes, need=1)
not ok 14 - moq-test-datagram
  ---
  duration_ms: 465
  message: "PUBLISH was rejected: closed, code=3"
  ...
[2m2026-09-24T00:50:57.564748Z[0m [32m INFO[0m [2mmoq_native_ietf::quic[0m[2m:[0m UDP socket bound [3mbind[0m[2m=[0m[::]:0 [3mlocal[0m[2m=[0m[::]:39646 [3mdual_stack[0m[2m=[0mtrue
[2m2026-09-24T00:50:57.887337Z[0m [32m INFO[0m [2mmoq_native_ietf::quic[0m[2m:[0m UDP socket bound [3mbind[0m[2m=[0m[::]:0 [3mlocal[0m[2m=[0m[::]:34801 [3mdual_stack[0m[2m=[0mtrue
[2m2026-09-24T00:50:58.030759Z[0m [33m WARN[0m [2mmoq_transport::session::reader[0m[2m:[0m [READER] decode: stream ended while waiting for data (have=0 bytes, need=1)
not ok 15 - moq-test-datagram-eog
  ---
  duration_ms: 467
  message: "PUBLISH was rejected: closed, code=3"
  ...
[2m2026-09-24T00:50:58.032022Z[0m [32m INFO[0m [2mmoq_native_ietf::quic[0m[2m:[0m UDP socket bound [3mbind[0m[2m=[0m[::]:0 [3mlocal[0m[2m=[0m[::]:54149 [3mdual_stack[0m[2m=[0mtrue
[2m2026-09-24T00:50:58.458774Z[0m [32m INFO[0m [2mmoq_native_ietf::quic[0m[2m:[0m UDP socket bound [3mbind[0m[2m=[0m[::]:0 [3mlocal[0m[2m=[0m[::]:35508 [3mdual_stack[0m[2m=[0mtrue
[2m2026-09-24T00:50:58.599137Z[0m [33m WARN[0m [2mmoq_transport::session::reader[0m[2m:[0m [READER] decode: stream ended while waiting for data (have=0 bytes, need=1)
not ok 16 - moq-test-extensions
  ---
  duration_ms: 568
  message: "PUBLISH was rejected: closed, code=3"
  ...
[2m2026-09-24T00:50:58.600372Z[0m [32m INFO[0m [2mmoq_native_ietf::quic[0m[2m:[0m UDP socket bound [3mbind[0m[2m=[0m[::]:0 [3mlocal[0m[2m=[0m[::]:34498 [3mdual_stack[0m[2m=[0mtrue
[2m2026-09-24T00:50:59.024682Z[0m [32m INFO[0m [2mmoq_native_ietf::quic[0m[2m:[0m UDP socket bound [3mbind[0m[2m=[0m[::]:0 [3mlocal[0m[2m=[0m[::]:58322 [3mdual_stack[0m[2m=[0mtrue
[2m2026-09-24T00:50:59.169320Z[0m [33m WARN[0m [2mmoq_transport::session::reader[0m[2m:[0m [READER] decode: stream ended while waiting for data (have=0 bytes, need=1)
not ok 17 - moq-test-increments
  ---
  duration_ms: 570
  message: "PUBLISH was rejected: closed, code=3"
  ...
[2m2026-09-24T00:50:59.170436Z[0m [32m INFO[0m [2mmoq_native_ietf::quic[0m[2m:[0m UDP socket bound [3mbind[0m[2m=[0m[::]:0 [3mlocal[0m[2m=[0m[::]:41193 [3mdual_stack[0m[2m=[0mtrue
[2m2026-09-24T00:50:59.195372Z[0m [33m WARN[0m [2mweb_transport_quinn::session[0m[2m:[0m failed to read capsule [3me[0m[2m=[0mUnexpectedEnd
[2m2026-09-24T00:50:59.600865Z[0m [32m INFO[0m [2mmoq_native_ietf::quic[0m[2m:[0m UDP socket bound [3mbind[0m[2m=[0m[::]:0 [3mlocal[0m[2m=[0m[::]:51083 [3mdual_stack[0m[2m=[0mtrue
[2m2026-09-24T00:50:59.865263Z[0m [33m WARN[0m [2mmoq_transport::session::reader[0m[2m:[0m [READER] decode: stream ended while waiting for data (have=0 bytes, need=1)
not ok 18 - moq-test-forward-zero
  ---
  duration_ms: 696
  message: "PUBLISH was rejected: closed, code=3"
  ...
make[1]: *** [Makefile:122: test-external] Error 1
make[1]: Leaving directory '/home/runner/work/moq-interop-runner/moq-interop-runner/main'
