make[1]: Entering directory '/home/runner/work/moq-interop-runner/moq-interop-runner/main'
Running tests against https://34-72-6-160.sslip.io:443...
  Client: ghcr.io/englishm/moq-interop-runner-moq-test-client-draft-14:latest
docker run --rm \
	 \
	--network host \
	-e RELAY_URL=https://34-72-6-160.sslip.io:443 \
	-e TLS_DISABLE_VERIFY=false \
	ghcr.io/englishm/moq-interop-runner-moq-test-client-draft-14:latest
TAP version 14
# moq-test-client v0.1.7
# Relay: https://34-72-6-160.sslip.io/
1..6
[2m2026-09-24T01:49:51.726842Z[0m [32m INFO[0m [2mmoq_native_ietf::quic[0m[2m:[0m UDP socket bound [3mbind[0m[2m=[0m[::]:0 [3mlocal[0m[2m=[0m[::]:42091 [3mdual_stack[0m[2m=[0mtrue
[2m2026-09-24T01:49:51.979499Z[0m [32m INFO[0m [2mmoq_test_client::scenarios[0m[2m:[0m SETUP exchange completed successfully
ok 1 - setup-only
  ---
  duration_ms: 253
  connection_id: 98da02da622fb37272ef3afdab4c4319
  ...
[2m2026-09-24T01:49:51.980372Z[0m [32m INFO[0m [2mmoq_native_ietf::quic[0m[2m:[0m UDP socket bound [3mbind[0m[2m=[0m[::]:0 [3mlocal[0m[2m=[0m[::]:39379 [3mdual_stack[0m[2m=[0mtrue
[2m2026-09-24T01:49:52.011697Z[0m [33m WARN[0m [2mweb_transport_quinn::session[0m[2m:[0m unknown capsule [3mtyp[0m[2m=[0m0 [3msize[0m[2m=[0m7
[2m2026-09-24T01:49:52.204380Z[0m [32m INFO[0m [2mmoq_test_client::scenarios[0m[2m:[0m Announcing namespace: moq-test/interop
[2m2026-09-24T01:49:52.204445Z[0m [33m WARN[0m [2mmoq_transport::serve::error[0m[2m:[0m [37ceecff-9aa1-4fc7-a957-972ccdba579c] Not implemented: SUBSCRIBE_NAMESPACE at moq-transport/src/session/error.rs:77
[2m2026-09-24T01:49:52.204454Z[0m [33m WARN[0m [2mmoq_transport::session::publisher[0m[2m:[0m failed to process message: serve error: not implemented: Feature not implemented [error:37ceecff-9aa1-4fc7-a957-972ccdba579c]
[2m2026-09-24T01:49:52.204465Z[0m [33m WARN[0m [2mmoq_transport::serve::error[0m[2m:[0m [e28cdd96-5d31-44d1-b601-1c0977e185cb] Not implemented: SUBSCRIBE_NAMESPACE at moq-transport/src/session/error.rs:77
[2m2026-09-24T01:49:52.204469Z[0m [33m WARN[0m [2mmoq_transport::session::publisher[0m[2m:[0m failed to process message: serve error: not implemented: Feature not implemented [error:e28cdd96-5d31-44d1-b601-1c0977e185cb]
[2m2026-09-24T01:49:54.205095Z[0m [32m INFO[0m [2mmoq_test_client::scenarios[0m[2m:[0m Announce succeeded (no error received, waiting for subscriptions timed out)
ok 2 - announce-only
  ---
  duration_ms: 2225
  connection_id: 54dcf0e1d2b60520fc79fafdbf52bad4
  ...
[2m2026-09-24T01:49:54.206098Z[0m [32m INFO[0m [2mmoq_native_ietf::quic[0m[2m:[0m UDP socket bound [3mbind[0m[2m=[0m[::]:0 [3mlocal[0m[2m=[0m[::]:55278 [3mdual_stack[0m[2m=[0mtrue
[2m2026-09-24T01:49:54.232445Z[0m [33m WARN[0m [2mweb_transport_quinn::session[0m[2m:[0m unknown capsule [3mtyp[0m[2m=[0m0 [3msize[0m[2m=[0m7
[2m2026-09-24T01:49:54.326340Z[0m [32m INFO[0m [2mmoq_test_client::scenarios[0m[2m:[0m Subscribing to non-existent track: nonexistent/namespace/test-track
[2m2026-09-24T01:49:54.326367Z[0m [33m WARN[0m [2mmoq_transport::serve::error[0m[2m:[0m [78a1bbcc-52ea-4354-993d-0a94fb0174f1] Not implemented: SUBSCRIBE_NAMESPACE at moq-transport/src/session/error.rs:77
[2m2026-09-24T01:49:54.326372Z[0m [33m WARN[0m [2mmoq_transport::session::publisher[0m[2m:[0m failed to process message: serve error: not implemented: Feature not implemented [error:78a1bbcc-52ea-4354-993d-0a94fb0174f1]
[2m2026-09-24T01:49:54.326379Z[0m [33m WARN[0m [2mmoq_transport::serve::error[0m[2m:[0m [1cda83d8-a8ad-4df7-99d8-ffc4b611a771] Not implemented: SUBSCRIBE_NAMESPACE at moq-transport/src/session/error.rs:77
[2m2026-09-24T01:49:54.326383Z[0m [33m WARN[0m [2mmoq_transport::session::publisher[0m[2m:[0m failed to process message: serve error: not implemented: Feature not implemented [error:1cda83d8-a8ad-4df7-99d8-ffc4b611a771]
[2m2026-09-24T01:49:54.354565Z[0m [33m WARN[0m [2mmoq_test_client::scenarios[0m[2m:[0m Got error but not clearly 'not found': closed, code=404. This may indicate a different error type than expected.
ok 3 - subscribe-error
  ---
  duration_ms: 149
  connection_id: 19347044352a1e1c90d033c1a3a6d760
  ...
[2m2026-09-24T01:49:54.355699Z[0m [32m INFO[0m [2mmoq_native_ietf::quic[0m[2m:[0m UDP socket bound [3mbind[0m[2m=[0m[::]:0 [3mlocal[0m[2m=[0m[::]:46757 [3mdual_stack[0m[2m=[0mtrue
[2m2026-09-24T01:49:54.381472Z[0m [33m WARN[0m [2mweb_transport_quinn::session[0m[2m:[0m unknown capsule [3mtyp[0m[2m=[0m0 [3msize[0m[2m=[0m7
[2m2026-09-24T01:49:54.578730Z[0m [32m INFO[0m [2mmoq_native_ietf::quic[0m[2m:[0m UDP socket bound [3mbind[0m[2m=[0m[::]:0 [3mlocal[0m[2m=[0m[::]:52445 [3mdual_stack[0m[2m=[0mtrue
[2m2026-09-24T01:49:54.802326Z[0m [32m INFO[0m [2mmoq_test_client::scenarios[0m[2m:[0m Publisher announcing namespace: moq-test/interop
[2m2026-09-24T01:49:54.802350Z[0m [32m INFO[0m [2mmoq_test_client::scenarios[0m[2m:[0m Subscriber subscribing to track: moq-test/interop/test-track
[2m2026-09-24T01:49:54.802383Z[0m [33m WARN[0m [2mmoq_transport::serve::error[0m[2m:[0m [277312a2-bfde-4c59-9f52-5bf35e8ff05e] Not implemented: SUBSCRIBE_NAMESPACE at moq-transport/src/session/error.rs:77
[2m2026-09-24T01:49:54.802390Z[0m [33m WARN[0m [2mmoq_transport::session::publisher[0m[2m:[0m failed to process message: serve error: not implemented: Feature not implemented [error:277312a2-bfde-4c59-9f52-5bf35e8ff05e]
[2m2026-09-24T01:49:54.802400Z[0m [33m WARN[0m [2mmoq_transport::serve::error[0m[2m:[0m [a1301aff-5558-4f95-a0dc-826bb7ec51b3] Not implemented: SUBSCRIBE_NAMESPACE at moq-transport/src/session/error.rs:77
[2m2026-09-24T01:49:54.802403Z[0m [33m WARN[0m [2mmoq_transport::session::publisher[0m[2m:[0m failed to process message: serve error: not implemented: Feature not implemented [error:a1301aff-5558-4f95-a0dc-826bb7ec51b3]
[2m2026-09-24T01:49:54.802436Z[0m [33m WARN[0m [2mmoq_transport::serve::error[0m[2m:[0m [0968045a-2be7-4d8e-9808-5b536b99f2dc] Not implemented: SUBSCRIBE_NAMESPACE at moq-transport/src/session/error.rs:77
[2m2026-09-24T01:49:54.802449Z[0m [33m WARN[0m [2mmoq_transport::session::publisher[0m[2m:[0m failed to process message: serve error: not implemented: Feature not implemented [error:0968045a-2be7-4d8e-9808-5b536b99f2dc]
[2m2026-09-24T01:49:54.802456Z[0m [33m WARN[0m [2mmoq_transport::serve::error[0m[2m:[0m [d7d6f816-af46-4feb-89a4-3e2e97189949] Not implemented: SUBSCRIBE_NAMESPACE at moq-transport/src/session/error.rs:77
[2m2026-09-24T01:49:54.802460Z[0m [33m WARN[0m [2mmoq_transport::session::publisher[0m[2m:[0m failed to process message: serve error: not implemented: Feature not implemented [error:d7d6f816-af46-4feb-89a4-3e2e97189949]
[2m2026-09-24T01:49:57.803189Z[0m [32m INFO[0m [2mmoq_test_client::scenarios[0m[2m:[0m Test timeout reached - subscription routing may still be in progress
ok 4 - announce-subscribe
  ---
  duration_ms: 3448
  publisher_connection_id: aaa24b10dc3c51e7bb2e9cd4ebde2e36
  subscriber_connection_id: a536b70fbeb32cca50fa74e1ed141392
  ...
[2m2026-09-24T01:49:57.804227Z[0m [32m INFO[0m [2mmoq_native_ietf::quic[0m[2m:[0m UDP socket bound [3mbind[0m[2m=[0m[::]:0 [3mlocal[0m[2m=[0m[::]:45674 [3mdual_stack[0m[2m=[0mtrue
[2m2026-09-24T01:49:57.830233Z[0m [33m WARN[0m [2mweb_transport_quinn::session[0m[2m:[0m unknown capsule [3mtyp[0m[2m=[0m0 [3msize[0m[2m=[0m7
[2m2026-09-24T01:49:57.830655Z[0m [33m WARN[0m [2mweb_transport_quinn::session[0m[2m:[0m unknown capsule [3mtyp[0m[2m=[0m0 [3msize[0m[2m=[0m7
[2m2026-09-24T01:49:57.922485Z[0m [32m INFO[0m [2mmoq_test_client::scenarios[0m[2m:[0m Subscriber subscribing BEFORE announce: moq-test/interop/test-track
[2m2026-09-24T01:49:57.922615Z[0m [33m WARN[0m [2mmoq_transport::serve::error[0m[2m:[0m [614ec2b8-1830-4180-9f7f-48be0395ac21] Not implemented: SUBSCRIBE_NAMESPACE at moq-transport/src/session/error.rs:77
[2m2026-09-24T01:49:57.922633Z[0m [33m WARN[0m [2mmoq_transport::session::publisher[0m[2m:[0m failed to process message: serve error: not implemented: Feature not implemented [error:614ec2b8-1830-4180-9f7f-48be0395ac21]
[2m2026-09-24T01:49:57.922643Z[0m [33m WARN[0m [2mmoq_transport::serve::error[0m[2m:[0m [7415220f-389a-46a7-a552-c0b8a9f31d78] Not implemented: SUBSCRIBE_NAMESPACE at moq-transport/src/session/error.rs:77
[2m2026-09-24T01:49:57.922647Z[0m [33m WARN[0m [2mmoq_transport::session::publisher[0m[2m:[0m failed to process message: serve error: not implemented: Feature not implemented [error:7415220f-389a-46a7-a552-c0b8a9f31d78]
[2m2026-09-24T01:49:58.424151Z[0m [32m INFO[0m [2mmoq_native_ietf::quic[0m[2m:[0m UDP socket bound [3mbind[0m[2m=[0m[::]:0 [3mlocal[0m[2m=[0m[::]:59344 [3mdual_stack[0m[2m=[0mtrue
[2m2026-09-24T01:49:58.782653Z[0m [32m INFO[0m [2mmoq_test_client::scenarios[0m[2m:[0m Publisher announcing namespace (after subscriber): moq-test/interop
[2m2026-09-24T01:49:58.782690Z[0m [33m WARN[0m [2mmoq_transport::serve::error[0m[2m:[0m [dc761aff-ed8e-401a-baeb-4ebd26ebf924] Not implemented: SUBSCRIBE_NAMESPACE at moq-transport/src/session/error.rs:77
[2m2026-09-24T01:49:58.782696Z[0m [33m WARN[0m [2mmoq_transport::session::publisher[0m[2m:[0m failed to process message: serve error: not implemented: Feature not implemented [error:dc761aff-ed8e-401a-baeb-4ebd26ebf924]
[2m2026-09-24T01:49:58.782703Z[0m [33m WARN[0m [2mmoq_transport::serve::error[0m[2m:[0m [dfd3b9bc-7787-4319-9204-e3c44b3469f0] Not implemented: SUBSCRIBE_NAMESPACE at moq-transport/src/session/error.rs:77
[2m2026-09-24T01:49:58.782706Z[0m [33m WARN[0m [2mmoq_transport::session::publisher[0m[2m:[0m failed to process message: serve error: not implemented: Feature not implemented [error:dfd3b9bc-7787-4319-9204-e3c44b3469f0]
[2m2026-09-24T01:49:59.260890Z[0m [33m WARN[0m [2mweb_transport_quinn::session[0m[2m:[0m unknown capsule [3mtyp[0m[2m=[0m0 [3msize[0m[2m=[0m7
[2m2026-09-24T01:50:01.783012Z[0m [32m INFO[0m [2mmoq_test_client::scenarios[0m[2m:[0m Publisher announce timeout (expected)
[2m2026-09-24T01:50:01.783042Z[0m [32m INFO[0m [2mmoq_test_client::scenarios[0m[2m:[0m Subscriber got error: closed, code=404 (may be expected)
ok 5 - subscribe-before-announce
  ---
  duration_ms: 3979
  subscriber_connection_id: 32dcf0b9aaa6ee6ddc00f3c8e79c424e
  publisher_connection_id: f0e39bfa7bedac4bc41322ccb85914f1
  ...
[2m2026-09-24T01:50:01.784117Z[0m [32m INFO[0m [2mmoq_native_ietf::quic[0m[2m:[0m UDP socket bound [3mbind[0m[2m=[0m[::]:0 [3mlocal[0m[2m=[0m[::]:43529 [3mdual_stack[0m[2m=[0mtrue
[2m2026-09-24T01:50:01.811062Z[0m [33m WARN[0m [2mweb_transport_quinn::session[0m[2m:[0m unknown capsule [3mtyp[0m[2m=[0m0 [3msize[0m[2m=[0m7
[2m2026-09-24T01:50:02.144423Z[0m [32m INFO[0m [2mmoq_test_client::scenarios[0m[2m:[0m Announcing namespace: moq-test/interop
[2m2026-09-24T01:50:02.144463Z[0m [33m WARN[0m [2mmoq_transport::serve::error[0m[2m:[0m [3fc89c0c-2b99-41d9-9340-94f6a10bb246] Not implemented: SUBSCRIBE_NAMESPACE at moq-transport/src/session/error.rs:77
[2m2026-09-24T01:50:02.144468Z[0m [33m WARN[0m [2mmoq_transport::session::publisher[0m[2m:[0m failed to process message: serve error: not implemented: Feature not implemented [error:3fc89c0c-2b99-41d9-9340-94f6a10bb246]
[2m2026-09-24T01:50:02.144481Z[0m [33m WARN[0m [2mmoq_transport::serve::error[0m[2m:[0m [6a86a91c-c0a7-436a-b9c7-bb5d02c90dce] Not implemented: SUBSCRIBE_NAMESPACE at moq-transport/src/session/error.rs:77
[2m2026-09-24T01:50:02.144485Z[0m [33m WARN[0m [2mmoq_transport::session::publisher[0m[2m:[0m failed to process message: serve error: not implemented: Feature not implemented [error:6a86a91c-c0a7-436a-b9c7-bb5d02c90dce]
[2m2026-09-24T01:50:04.145083Z[0m [32m INFO[0m [2mmoq_test_client::scenarios[0m[2m:[0m Announce active, now sending PUBLISH_NAMESPACE_DONE
[2m2026-09-24T01:50:04.175668Z[0m [33m WARN[0m [2mweb_transport_quinn::session[0m[2m:[0m unknown capsule [3mtyp[0m[2m=[0m0 [3msize[0m[2m=[0m7
[2m2026-09-24T01:50:04.246687Z[0m [32m INFO[0m [2mmoq_test_client::scenarios[0m[2m:[0m PUBLISH_NAMESPACE_DONE sent successfully
ok 6 - publish-namespace-done
  ---
  duration_ms: 2463
  connection_id: 58bd9ba7564df1ec1e4d1ddfd9a35f0a
  ...
make[1]: Leaving directory '/home/runner/work/moq-interop-runner/moq-interop-runner/main'
