make[1]: Entering directory '/home/runner/work/moq-interop-runner/moq-interop-runner/main'
Running tests against moqt://draft-18-interop.cloudflare.mediaoverquic.com:443...
  Client: ghcr.io/englishm/moq-interop-runner-moq-test-client-draft-18:latest
docker run --rm \
	 \
	--network host \
	-e RELAY_URL=moqt://draft-18-interop.cloudflare.mediaoverquic.com:443 \
	-e TLS_DISABLE_VERIFY=false \
	ghcr.io/englishm/moq-interop-runner-moq-test-client-draft-18:latest
TAP version 14
# moq-test-client v0.1.12
# Relay: moqt://draft-18-interop.cloudflare.mediaoverquic.com:443
1..18
[2m2026-09-24T00:43:57.469856Z[0m [32m INFO[0m [2mmoq_native_ietf::quic[0m[2m:[0m UDP socket bound [3mbind[0m[2m=[0m[::]:0 [3mlocal[0m[2m=[0m[::]:43798 [3mdual_stack[0m[2m=[0mtrue
ok 1 - setup-only
  ---
  duration_ms: 275
  connection_id: 29d127f68a83a1b3b98a1f097bcdb11a
  ...
[2m2026-09-24T00:43:57.744439Z[0m [32m INFO[0m [2mmoq_test_client::scenarios[0m[2m:[0m SETUP exchange completed successfully
[2m2026-09-24T00:43:57.745388Z[0m [32m INFO[0m [2mmoq_native_ietf::quic[0m[2m:[0m UDP socket bound [3mbind[0m[2m=[0m[::]:0 [3mlocal[0m[2m=[0m[::]:49784 [3mdual_stack[0m[2m=[0mtrue
[2m2026-09-24T00:43:58.014613Z[0m [32m INFO[0m [2mmoq_test_client::scenarios[0m[2m:[0m Sending PUBLISH_NAMESPACE for: moq-test/interop
ok 2 - publish-namespace-only
  ---
  duration_ms: 2270
  connection_id: 7e1d21f31dc403a0aff6e7218ecbe545
  ...
[2m2026-09-24T00:44:00.015340Z[0m [32m INFO[0m [2mmoq_test_client::scenarios[0m[2m:[0m PUBLISH_NAMESPACE succeeded (REQUEST_OK received, waiting for subscribers)
[2m2026-09-24T00:44:00.016394Z[0m [32m INFO[0m [2mmoq_native_ietf::quic[0m[2m:[0m UDP socket bound [3mbind[0m[2m=[0m[::]:0 [3mlocal[0m[2m=[0m[::]:56415 [3mdual_stack[0m[2m=[0mtrue
[2m2026-09-24T00:44:00.350119Z[0m [32m INFO[0m [2mmoq_test_client::scenarios[0m[2m:[0m Subscribing to non-existent track: nonexistent/namespace/test-track
[2m2026-09-24T00:44:00.425908Z[0m [33m WARN[0m [2mmoq_transport::serve::error[0m[2m:[0m [d2d46743-cd1c-4ee4-98b0-f0c2cde559e1] Not found: not found: Track not found [error:4b0b6b98-059f-4872-8988-65175595cdcd] at moq-transport/src/session/subscriber.rs:1653
ok 3 - subscribe-error
  ---
  duration_ms: 410
  connection_id: 5a36822f9b3821fe27f64b68fff935cb
  ...
[2m2026-09-24T00:44:00.426186Z[0m [32m INFO[0m [2mmoq_test_client::scenarios[0m[2m:[0m Got expected 'not found' error: not found: Track not found [error:d2d46743-cd1c-4ee4-98b0-f0c2cde559e1]
[2m2026-09-24T00:44:00.427161Z[0m [32m INFO[0m [2mmoq_native_ietf::quic[0m[2m:[0m UDP socket bound [3mbind[0m[2m=[0m[::]:0 [3mlocal[0m[2m=[0m[::]:47477 [3mdual_stack[0m[2m=[0mtrue
[2m2026-09-24T00:44:00.680761Z[0m [32m INFO[0m [2mmoq_native_ietf::quic[0m[2m:[0m UDP socket bound [3mbind[0m[2m=[0m[::]:0 [3mlocal[0m[2m=[0m[::]:35645 [3mdual_stack[0m[2m=[0mtrue
[2m2026-09-24T00:44:00.957781Z[0m [32m INFO[0m [2mmoq_test_client::scenarios[0m[2m:[0m Publisher sending PUBLISH_NAMESPACE: moq-test/interop
[2m2026-09-24T00:44:00.957799Z[0m [32m INFO[0m [2mmoq_test_client::scenarios[0m[2m:[0m Subscriber subscribing to track: moq-test/interop/test-track
[2m2026-09-24T00:44:01.031569Z[0m [33m WARN[0m [2mmoq_transport::serve::error[0m[2m:[0m [68c8f7cd-8dc5-470f-ab3b-f03463e92546] Not found: not found: Track not found [error:ffd31ef7-2015-4ddf-a7c9-02fb48bfeba0] at moq-transport/src/session/subscriber.rs:1653
[2m2026-09-24T00:44:01.031726Z[0m [32m INFO[0m [2mmoq_test_client::scenarios[0m[2m:[0m Subscriber got error: not found: Track not found [error:68c8f7cd-8dc5-470f-ab3b-f03463e92546] - subscription was processed
ok 4 - publish-namespace-subscribe
  ---
  duration_ms: 605
  publisher_connection_id: 1c401009415453c0945cea7ab3f0f6fd
  subscriber_connection_id: 6e49647f69b041a829061f1ba47a9b7b
  ...
[2m2026-09-24T00:44:01.032653Z[0m [32m INFO[0m [2mmoq_native_ietf::quic[0m[2m:[0m UDP socket bound [3mbind[0m[2m=[0m[::]:0 [3mlocal[0m[2m=[0m[::]:51543 [3mdual_stack[0m[2m=[0mtrue
[2m2026-09-24T00:44:01.351918Z[0m [32m INFO[0m [2mmoq_test_client::scenarios[0m[2m:[0m Subscriber subscribing BEFORE PUBLISH_NAMESPACE: moq-test/interop/test-track
[2m2026-09-24T00:44:01.426064Z[0m [33m WARN[0m [2mmoq_transport::serve::error[0m[2m:[0m [d82aad96-5efd-4952-bd5b-116cd0b07fb3] Not found: not found: Track not found [error:60527cbb-9ef8-41ba-96cb-41ad9c15775b] at moq-transport/src/session/subscriber.rs:1653
[2m2026-09-24T00:44:01.854450Z[0m [32m INFO[0m [2mmoq_native_ietf::quic[0m[2m:[0m UDP socket bound [3mbind[0m[2m=[0m[::]:0 [3mlocal[0m[2m=[0m[::]:41222 [3mdual_stack[0m[2m=[0mtrue
[2m2026-09-24T00:44:02.189725Z[0m [32m INFO[0m [2mmoq_test_client::scenarios[0m[2m:[0m Publisher sending PUBLISH_NAMESPACE (after subscriber): moq-test/interop
[2m2026-09-24T00:44:05.191602Z[0m [32m INFO[0m [2mmoq_test_client::scenarios[0m[2m:[0m Publisher PUBLISH_NAMESPACE timeout (expected)
[2m2026-09-24T00:44:05.191632Z[0m [32m INFO[0m [2mmoq_test_client::scenarios[0m[2m:[0m Subscriber got error: not found: Track not found [error:d82aad96-5efd-4952-bd5b-116cd0b07fb3] (may be expected)
[2m2026-09-24T00:44:05.192724Z[0m [32m INFO[0m [2mmoq_native_ietf::quic[0m[2m:[0m UDP socket bound [3mbind[0m[2m=[0m[::]:0 [3mlocal[0m[2m=[0m[::]:35062 [3mdual_stack[0m[2m=[0mtrue
ok 5 - subscribe-before-publish-namespace
  ---
  duration_ms: 4160
  subscriber_connection_id: b0aa90ccd5f99b2d213b5cdd8e7bfadd
  publisher_connection_id: e90bee6f91de07eee1e62c2b2cf2642e
  ...
[2m2026-09-24T00:44:05.421456Z[0m [32m INFO[0m [2mmoq_test_client::scenarios[0m[2m:[0m Sending PUBLISH_NAMESPACE: moq-test/interop
[2m2026-09-24T00:44:07.422118Z[0m [32m INFO[0m [2mmoq_test_client::scenarios[0m[2m:[0m PUBLISH_NAMESPACE active; sending PUBLISH_NAMESPACE_DONE
ok 6 - publish-namespace-done
  ---
  duration_ms: 2331
  connection_id: dda5b216a30d626d2d88bb584ee5bad4
  ...
[2m2026-09-24T00:44:07.523399Z[0m [32m INFO[0m [2mmoq_test_client::scenarios[0m[2m:[0m PUBLISH_NAMESPACE_DONE sent successfully
[2m2026-09-24T00:44:07.524331Z[0m [32m INFO[0m [2mmoq_native_ietf::quic[0m[2m:[0m UDP socket bound [3mbind[0m[2m=[0m[::]:0 [3mlocal[0m[2m=[0m[::]:39369 [3mdual_stack[0m[2m=[0mtrue
[2m2026-09-24T00:44:07.809123Z[0m [32m INFO[0m [2mmoq_test_client::scenarios[0m[2m:[0m Publisher sending direct PUBLISH [3mnamespace[0m[2m=[0m/moq-test/publish [3mtrack[0m[2m=[0m"published-track"
[2m2026-09-24T00:44:07.884529Z[0m [32m INFO[0m [2mmoq_test_client::scenarios[0m[2m:[0m PUBLISH accepted [3mnamespace[0m[2m=[0m/moq-test/publish [3mtrack[0m[2m=[0m"published-track"
[2m2026-09-24T00:44:07.884652Z[0m [32m INFO[0m [2mmoq_test_client::scenarios[0m[2m:[0m PUBLISH completed [3mnamespace[0m[2m=[0m/moq-test/publish [3mtrack[0m[2m=[0m"published-track"
ok 7 - publish-track-only
  ---
  duration_ms: 361
  connection_id: 6cdffdcfd23fc2b93b56836d9191fd62
  ...
[2m2026-09-24T00:44:07.885533Z[0m [32m INFO[0m [2mmoq_native_ietf::quic[0m[2m:[0m UDP socket bound [3mbind[0m[2m=[0m[::]:0 [3mlocal[0m[2m=[0m[::]:45360 [3mdual_stack[0m[2m=[0mtrue
[2m2026-09-24T00:44:08.130426Z[0m [32m INFO[0m [2mmoq_native_ietf::quic[0m[2m:[0m UDP socket bound [3mbind[0m[2m=[0m[::]:0 [3mlocal[0m[2m=[0m[::]:41757 [3mdual_stack[0m[2m=[0mtrue
[2m2026-09-24T00:44:08.372798Z[0m [32m INFO[0m [2mmoq_test_client::scenarios[0m[2m:[0m Publisher sending direct PUBLISH before subscriber subscribes [3mnamespace[0m[2m=[0m/moq-test/publish [3mtrack[0m[2m=[0m"published-track"
[2m2026-09-24T00:44:08.447701Z[0m [32m INFO[0m [2mmoq_test_client::scenarios[0m[2m:[0m PUBLISH accepted; starting subscriber [3mnamespace[0m[2m=[0m/moq-test/publish [3mtrack[0m[2m=[0m"published-track"
[2m2026-09-24T00:44:08.624861Z[0m [32m INFO[0m [2mmoq_test_client::scenarios[0m[2m:[0m Subscriber received direct PUBLISH track [3mnamespace[0m[2m=[0m/moq-test/publish [3mtrack[0m[2m=[0m"published-track"
[2m2026-09-24T00:44:08.625710Z[0m [32m INFO[0m [2mmoq_native_ietf::quic[0m[2m:[0m UDP socket bound [3mbind[0m[2m=[0m[::]:0 [3mlocal[0m[2m=[0m[::]:59553 [3mdual_stack[0m[2m=[0mtrue
ok 8 - publish-track-subscribe
  ---
  duration_ms: 740
  publisher_connection_id: 6a678464aaab800ab41957216295b338
  subscriber_connection_id: 6458feba250bb2d73e01909814468e38
  ...
[2m2026-09-24T00:44:08.865012Z[0m [32m INFO[0m [2mmoq_test_client::scenarios[0m[2m:[0m Subscribing with RENDEZVOUS_TIMEOUT to a track with no publisher [3mtimeout_ms[0m[2m=[0m500
[2m2026-09-24T00:44:09.440812Z[0m [32m INFO[0m [2mmoq_test_client::scenarios[0m[2m:[0m Received expected REQUEST_ERROR TIMEOUT
ok 9 - rendezvous-timeout
  ---
  duration_ms: 815
  connection_id: 6f89daed66fcc7f99220082f6d9cb0e2
  ...
[2m2026-09-24T00:44:09.441745Z[0m [32m INFO[0m [2mmoq_native_ietf::quic[0m[2m:[0m UDP socket bound [3mbind[0m[2m=[0m[::]:0 [3mlocal[0m[2m=[0m[::]:52424 [3mdual_stack[0m[2m=[0mtrue
[2m2026-09-24T00:44:09.985759Z[0m [32m INFO[0m [2mmoq_native_ietf::quic[0m[2m:[0m UDP socket bound [3mbind[0m[2m=[0m[::]:0 [3mlocal[0m[2m=[0m[::]:53777 [3mdual_stack[0m[2m=[0mtrue
[2m2026-09-24T00:44:10.383129Z[0m [32m INFO[0m [2mmoq_test_client::moqtest[0m[2m:[0m PUBLISH accepted and subscription bound; generating objects [3mobjects[0m[2m=[0m15 [3mstreams[0m[2m=[0m3
[2m2026-09-24T00:44:10.429339Z[0m [32m INFO[0m [2mmoq_test_client::moqtest[0m[2m:[0m PUBLISH completed
[2m2026-09-24T00:44:10.503649Z[0m [31mERROR[0m [2mmoq_transport::serve::error[0m[2m:[0m [06efa06e-3c3f-41dc-8f88-93a0f1464567] Internal error: subgroup receive failed at moq-transport/src/session/subscriber.rs:378
[2m2026-09-24T00:44:10.503681Z[0m [33m WARN[0m [2mmoq_transport::session[0m[2m:[0m failed to serve stream: webtransport error: read error: RESET_STREAM: 0
[2m2026-09-24T00:44:10.504648Z[0m [32m INFO[0m [2mmoq_native_ietf::quic[0m[2m:[0m UDP socket bound [3mbind[0m[2m=[0m[::]:0 [3mlocal[0m[2m=[0m[::]:55115 [3mdual_stack[0m[2m=[0mtrue
not ok 10 - moq-test-subgroup-per-group
  ---
  duration_ms: 1063
  message: "subscriber verification failed: subgroup read failed: internal error: Internal error [error:06efa06e-3c3f-41dc-8f88-93a0f1464567]"
  ...
[2m2026-09-24T00:44:11.020726Z[0m [32m INFO[0m [2mmoq_native_ietf::quic[0m[2m:[0m UDP socket bound [3mbind[0m[2m=[0m[::]:0 [3mlocal[0m[2m=[0m[::]:44741 [3mdual_stack[0m[2m=[0mtrue
[2m2026-09-24T00:44:11.329514Z[0m [32m INFO[0m [2mmoq_test_client::moqtest[0m[2m:[0m PUBLISH accepted and subscription bound; generating objects [3mobjects[0m[2m=[0m15 [3mstreams[0m[2m=[0m3
[2m2026-09-24T00:44:11.384084Z[0m [32m INFO[0m [2mmoq_test_client::moqtest[0m[2m:[0m PUBLISH completed
ok 11 - moq-test-subgroup-per-group-eog
  ---
  duration_ms: 954
  subscriber_connection_id: a3ca7cf006a939005bedb5268ee44e6f
  publisher_connection_id: 50781266d4982651f108f7df8149d74e
  ...
[2m2026-09-24T00:44:11.458471Z[0m [32m INFO[0m [2mmoq_test_client[0m[2m:[0m moq-test passed: objects 15/15, eog 3/3, streams 3, publish_done status=2 stream_count=3 reason=ReasonPhrase("done")
[2m2026-09-24T00:44:11.459434Z[0m [32m INFO[0m [2mmoq_native_ietf::quic[0m[2m:[0m UDP socket bound [3mbind[0m[2m=[0m[::]:0 [3mlocal[0m[2m=[0m[::]:35163 [3mdual_stack[0m[2m=[0mtrue
[2m2026-09-24T00:44:11.951127Z[0m [32m INFO[0m [2mmoq_native_ietf::quic[0m[2m:[0m UDP socket bound [3mbind[0m[2m=[0m[::]:0 [3mlocal[0m[2m=[0m[::]:44234 [3mdual_stack[0m[2m=[0mtrue
[2m2026-09-24T00:44:12.260614Z[0m [32m INFO[0m [2mmoq_test_client::moqtest[0m[2m:[0m PUBLISH accepted and subscription bound; generating objects [3mobjects[0m[2m=[0m8 [3mstreams[0m[2m=[0m8
[2m2026-09-24T00:44:12.284588Z[0m [32m INFO[0m [2mmoq_test_client::moqtest[0m[2m:[0m PUBLISH completed
ok 12 - moq-test-subgroup-per-object
  ---
  duration_ms: 900
  subscriber_connection_id: c18261c3cd79d4803103f0947bcb4206
  publisher_connection_id: 9bae51e296e583b68b5d2fb2c1022fc9
  ...
[2m2026-09-24T00:44:12.359059Z[0m [32m INFO[0m [2mmoq_test_client[0m[2m:[0m moq-test passed: objects 8/8, eog 0/0, streams 8, publish_done status=2 stream_count=8 reason=ReasonPhrase("done")
[2m2026-09-24T00:44:12.359866Z[0m [32m INFO[0m [2mmoq_native_ietf::quic[0m[2m:[0m UDP socket bound [3mbind[0m[2m=[0m[::]:0 [3mlocal[0m[2m=[0m[::]:54117 [3mdual_stack[0m[2m=[0mtrue
[2m2026-09-24T00:44:12.908549Z[0m [32m INFO[0m [2mmoq_native_ietf::quic[0m[2m:[0m UDP socket bound [3mbind[0m[2m=[0m[::]:0 [3mlocal[0m[2m=[0m[::]:34724 [3mdual_stack[0m[2m=[0mtrue
[2m2026-09-24T00:44:13.213651Z[0m [32m INFO[0m [2mmoq_test_client::moqtest[0m[2m:[0m PUBLISH accepted and subscription bound; generating objects [3mobjects[0m[2m=[0m18 [3mstreams[0m[2m=[0m6
[2m2026-09-24T00:44:13.276923Z[0m [32m INFO[0m [2mmoq_test_client::moqtest[0m[2m:[0m PUBLISH completed
[2m2026-09-24T00:44:13.351468Z[0m [32m INFO[0m [2mmoq_test_client[0m[2m:[0m moq-test passed: objects 18/18, eog 3/3, streams 6, publish_done status=2 stream_count=6 reason=ReasonPhrase("done")
ok 13 - moq-test-two-subgroups-eog
  ---
  duration_ms: 992
  subscriber_connection_id: 4be8b2c272b1814ee03ac0cecc11577b
  publisher_connection_id: 0cc1053a3c81e32b9416e8247f27b398
  ...
[2m2026-09-24T00:44:13.352313Z[0m [32m INFO[0m [2mmoq_native_ietf::quic[0m[2m:[0m UDP socket bound [3mbind[0m[2m=[0m[::]:0 [3mlocal[0m[2m=[0m[::]:49885 [3mdual_stack[0m[2m=[0mtrue
[2m2026-09-24T00:44:13.823955Z[0m [32m INFO[0m [2mmoq_native_ietf::quic[0m[2m:[0m UDP socket bound [3mbind[0m[2m=[0m[::]:0 [3mlocal[0m[2m=[0m[::]:60984 [3mdual_stack[0m[2m=[0mtrue
[2m2026-09-24T00:44:14.130464Z[0m [32m INFO[0m [2mmoq_test_client::moqtest[0m[2m:[0m PUBLISH accepted and subscription bound; generating objects [3mobjects[0m[2m=[0m15 [3mstreams[0m[2m=[0m0
[2m2026-09-24T00:44:14.449356Z[0m [32m INFO[0m [2mmoq_test_client::moqtest[0m[2m:[0m PUBLISH completed
ok 14 - moq-test-datagram
  ---
  duration_ms: 1173
  subscriber_connection_id: eef4acb97364395745afc29f3d9aed42
  publisher_connection_id: 4a38541b7efa6e0369fbf93c2a404652
  ...
[2m2026-09-24T00:44:14.525214Z[0m [32m INFO[0m [2mmoq_test_client[0m[2m:[0m moq-test passed: objects 15/15, eog 0/0, streams 0, publish_done status=2 stream_count=0 reason=ReasonPhrase("done")
[2m2026-09-24T00:44:14.526235Z[0m [32m INFO[0m [2mmoq_native_ietf::quic[0m[2m:[0m UDP socket bound [3mbind[0m[2m=[0m[::]:0 [3mlocal[0m[2m=[0m[::]:54549 [3mdual_stack[0m[2m=[0mtrue
[2m2026-09-24T00:44:14.998265Z[0m [32m INFO[0m [2mmoq_native_ietf::quic[0m[2m:[0m UDP socket bound [3mbind[0m[2m=[0m[::]:0 [3mlocal[0m[2m=[0m[::]:51853 [3mdual_stack[0m[2m=[0mtrue
[2m2026-09-24T00:44:15.303863Z[0m [32m INFO[0m [2mmoq_test_client::moqtest[0m[2m:[0m PUBLISH accepted and subscription bound; generating objects [3mobjects[0m[2m=[0m15 [3mstreams[0m[2m=[0m0
[2m2026-09-24T00:44:15.686870Z[0m [32m INFO[0m [2mmoq_test_client::moqtest[0m[2m:[0m PUBLISH completed
[2m2026-09-24T00:44:15.761621Z[0m [32m INFO[0m [2mmoq_test_client[0m[2m:[0m moq-test passed: objects 15/15, eog 3/3, streams 0, publish_done status=2 stream_count=0 reason=ReasonPhrase("done")
ok 15 - moq-test-datagram-eog
  ---
  duration_ms: 1236
  subscriber_connection_id: e9f572fdfaba4812806829817a1b1eae
  publisher_connection_id: 726256381ef4ed052cfb324e73ed80c7
  ...
[2m2026-09-24T00:44:15.762478Z[0m [32m INFO[0m [2mmoq_native_ietf::quic[0m[2m:[0m UDP socket bound [3mbind[0m[2m=[0m[::]:0 [3mlocal[0m[2m=[0m[::]:44545 [3mdual_stack[0m[2m=[0mtrue
[2m2026-09-24T00:44:16.289579Z[0m [32m INFO[0m [2mmoq_native_ietf::quic[0m[2m:[0m UDP socket bound [3mbind[0m[2m=[0m[::]:0 [3mlocal[0m[2m=[0m[::]:36298 [3mdual_stack[0m[2m=[0mtrue
[2m2026-09-24T00:44:16.692558Z[0m [32m INFO[0m [2mmoq_test_client::moqtest[0m[2m:[0m PUBLISH accepted and subscription bound; generating objects [3mobjects[0m[2m=[0m15 [3mstreams[0m[2m=[0m3
[2m2026-09-24T00:44:16.749099Z[0m [32m INFO[0m [2mmoq_test_client::moqtest[0m[2m:[0m PUBLISH completed
[2m2026-09-24T00:44:16.822397Z[0m [32m INFO[0m [2mmoq_test_client[0m[2m:[0m moq-test passed: objects 15/15, eog 3/3, streams 3, publish_done status=2 stream_count=3 reason=ReasonPhrase("done")
ok 16 - moq-test-extensions
  ---
  duration_ms: 1060
  subscriber_connection_id: 9f7df250d722efe24ea78771c604bc33
  publisher_connection_id: 765ee4ea5d6613b42e996e1e0188155d
  ...
[2m2026-09-24T00:44:16.823263Z[0m [32m INFO[0m [2mmoq_native_ietf::quic[0m[2m:[0m UDP socket bound [3mbind[0m[2m=[0m[::]:0 [3mlocal[0m[2m=[0m[::]:32893 [3mdual_stack[0m[2m=[0mtrue
[2m2026-09-24T00:44:17.257039Z[0m [32m INFO[0m [2mmoq_native_ietf::quic[0m[2m:[0m UDP socket bound [3mbind[0m[2m=[0m[::]:0 [3mlocal[0m[2m=[0m[::]:35019 [3mdual_stack[0m[2m=[0mtrue
[2m2026-09-24T00:44:17.563394Z[0m [32m INFO[0m [2mmoq_test_client::moqtest[0m[2m:[0m PUBLISH accepted and subscription bound; generating objects [3mobjects[0m[2m=[0m9 [3mstreams[0m[2m=[0m3
[2m2026-09-24T00:44:17.592620Z[0m [32m INFO[0m [2mmoq_test_client::moqtest[0m[2m:[0m PUBLISH completed
[2m2026-09-24T00:44:17.667463Z[0m [32m INFO[0m [2mmoq_test_client[0m[2m:[0m moq-test passed: objects 9/9, eog 0/0, streams 3, publish_done status=2 stream_count=3 reason=ReasonPhrase("done")
ok 17 - moq-test-increments
  ---
  duration_ms: 845
  subscriber_connection_id: bcbe6d1d1b2070d3830132ddb7100f3a
  publisher_connection_id: 06eb8cae88cf7d978aa4cf83368ef831
  ...
[2m2026-09-24T00:44:17.668340Z[0m [32m INFO[0m [2mmoq_native_ietf::quic[0m[2m:[0m UDP socket bound [3mbind[0m[2m=[0m[::]:0 [3mlocal[0m[2m=[0m[::]:57205 [3mdual_stack[0m[2m=[0mtrue
[2m2026-09-24T00:44:18.100690Z[0m [32m INFO[0m [2mmoq_native_ietf::quic[0m[2m:[0m UDP socket bound [3mbind[0m[2m=[0m[::]:0 [3mlocal[0m[2m=[0m[::]:43898 [3mdual_stack[0m[2m=[0mtrue
[2m2026-09-24T00:44:18.408384Z[0m [32m INFO[0m [2mmoq_test_client::moqtest[0m[2m:[0m PUBLISH accepted and subscription bound; generating objects [3mobjects[0m[2m=[0m6 [3mstreams[0m[2m=[0m2
[2m2026-09-24T00:44:18.427939Z[0m [32m INFO[0m [2mmoq_test_client::moqtest[0m[2m:[0m PUBLISH completed
[2m2026-09-24T00:44:18.502861Z[0m [32m INFO[0m [2mmoq_test_client[0m[2m:[0m moq-test passed: objects 0/0, eog 0/0, streams 0, publish_done status=2 stream_count=0 reason=ReasonPhrase("done")
ok 18 - moq-test-forward-zero
  ---
  duration_ms: 835
  subscriber_connection_id: 5e859ccdd3ea363886f6f73e9f4db2a5
  publisher_connection_id: 62d93f7157b2c09d973e6467d0b48cf2
  ...
make[1]: *** [Makefile:122: test-external] Error 1
make[1]: Leaving directory '/home/runner/work/moq-interop-runner/moq-interop-runner/main'
