make[1]: Entering directory '/home/runner/work/moq-interop-runner/moq-interop-runner/main'
Running tests against https://us-west-2.relay.quicr.org:33437/relay...
  Client: ghcr.io/openmoq/moqx-interop-client:latest
docker run --rm \
	 \
	--network host \
	-e RELAY_URL=https://us-west-2.relay.quicr.org:33437/relay \
	-e TLS_DISABLE_VERIFY=1 \
	ghcr.io/openmoq/moqx-interop-client:latest
TAP version 14
# moxygen interop test client
# Relay: https://us-west-2.relay.quicr.org:33437/relay
# Transport: WebTransport
# Offered ALPNs: moqt-18, moqt-16, moqt-15, moq-00
1..6
W0924 01:51:23.787527     1 MoQWebTransportClient.cpp:178] WebTransport: No WT-Protocol header in response, will use legacy version negotiation
E0924 01:51:23.866004     1 MoQFramer.cpp:1150] Server selected version draft-1 but we only offer draft-14 in legacy mode
E0924 01:51:23.866035     1 MoQCodec.cpp:126] Conn error=21
E0924 01:51:23.866040     1 MoQSession.cpp:5902] MoQCodec control stream parse error err=21
not ok 1 - setup-only
  ---
  duration_ms: 568
  error: coroutine operation cancelled
  ...
W0924 01:51:24.228184     1 MoQWebTransportClient.cpp:178] WebTransport: No WT-Protocol header in response, will use legacy version negotiation
E0924 01:51:24.310470     1 MoQFramer.cpp:1150] Server selected version draft-1 but we only offer draft-14 in legacy mode
E0924 01:51:24.310500     1 MoQCodec.cpp:126] Conn error=21
E0924 01:51:24.310504     1 MoQSession.cpp:5902] MoQCodec control stream parse error err=21
not ok 2 - announce-only
  ---
  duration_ms: 444
  error: coroutine operation cancelled
  ...
W0924 01:51:24.573123     1 MoQWebTransportClient.cpp:178] WebTransport: No WT-Protocol header in response, will use legacy version negotiation
E0924 01:51:24.655819     1 MoQFramer.cpp:1150] Server selected version draft-1 but we only offer draft-14 in legacy mode
E0924 01:51:24.655846     1 MoQCodec.cpp:126] Conn error=21
E0924 01:51:24.655850     1 MoQSession.cpp:5902] MoQCodec control stream parse error err=21
not ok 3 - subscribe-error
  ---
  duration_ms: 345
  error: coroutine operation cancelled
  ...
W0924 01:51:25.032706     1 MoQWebTransportClient.cpp:178] WebTransport: No WT-Protocol header in response, will use legacy version negotiation
E0924 01:51:25.116286     1 MoQFramer.cpp:1150] Server selected version draft-1 but we only offer draft-14 in legacy mode
E0924 01:51:25.116314     1 MoQCodec.cpp:126] Conn error=21
E0924 01:51:25.116318     1 MoQSession.cpp:5902] MoQCodec control stream parse error err=21
not ok 4 - announce-subscribe
  ---
  duration_ms: 460
  error: coroutine operation cancelled
  ...
W0924 01:51:25.426686     1 MoQWebTransportClient.cpp:178] WebTransport: No WT-Protocol header in response, will use legacy version negotiation
E0924 01:51:25.509040     1 MoQFramer.cpp:1150] Server selected version draft-1 but we only offer draft-14 in legacy mode
E0924 01:51:25.509069     1 MoQCodec.cpp:126] Conn error=21
E0924 01:51:25.509074     1 MoQSession.cpp:5902] MoQCodec control stream parse error err=21
not ok 5 - publish-namespace-done
  ---
  duration_ms: 392
  error: coroutine operation cancelled
  ...
W0924 01:51:25.715531     1 MoQWebTransportClient.cpp:178] WebTransport: No WT-Protocol header in response, will use legacy version negotiation
E0924 01:51:25.801746     1 MoQFramer.cpp:1150] Server selected version draft-1 but we only offer draft-14 in legacy mode
E0924 01:51:25.801782     1 MoQCodec.cpp:126] Conn error=21
E0924 01:51:25.801789     1 MoQSession.cpp:5902] MoQCodec control stream parse error err=21
not ok 6 - subscribe-before-announce
  ---
  duration_ms: 292
  error: coroutine operation cancelled
  ...
make[1]: *** [Makefile:122: test-external] Error 1
make[1]: Leaving directory '/home/runner/work/moq-interop-runner/moq-interop-runner/main'
