make[1]: Entering directory '/home/runner/work/moq-interop-runner/moq-interop-runner/main'
Running tests against https://lminiero.it:9000...
  Client: ghcr.io/openmoq/moqx-interop-client:latest
docker run --rm \
	 \
	--network host \
	-e RELAY_URL=https://lminiero.it:9000 \
	-e TLS_DISABLE_VERIFY=false \
	ghcr.io/openmoq/moqx-interop-client:latest
TAP version 14
# moxygen interop test client
# Relay: https://lminiero.it:9000
# Transport: WebTransport
# Offered ALPNs: moqt-18, moqt-16, moqt-15, moq-00
1..6
E0924 00:59:08.240514     1 MoQWebTransportClient.cpp:150] std::runtime_error: Error setting up WebTransport: proxygen::HTTPException: ingress timeout, streamID=0, timeout=2000ms
not ok 1 - setup-only
  ---
  duration_ms: 2595
  error: Error setting up WebTransport: proxygen::HTTPException: ingress timeout, streamID=0, timeout=2000ms
  ...
E0924 00:59:10.683408     1 MoQWebTransportClient.cpp:150] std::runtime_error: Error setting up WebTransport: proxygen::HTTPException: ingress timeout, streamID=0, timeout=2000ms
not ok 2 - announce-only
  ---
  duration_ms: 2442
  error: Error setting up WebTransport: proxygen::HTTPException: ingress timeout, streamID=0, timeout=2000ms
  ...
E0924 00:59:13.129397     1 MoQWebTransportClient.cpp:150] std::runtime_error: Error setting up WebTransport: proxygen::HTTPException: ingress timeout, streamID=0, timeout=2000ms
not ok 3 - subscribe-error
  ---
  duration_ms: 2445
  error: Error setting up WebTransport: proxygen::HTTPException: ingress timeout, streamID=0, timeout=2000ms
  ...
E0924 00:59:15.572920     1 MoQWebTransportClient.cpp:150] std::runtime_error: Error setting up WebTransport: proxygen::HTTPException: ingress timeout, streamID=0, timeout=2000ms
not ok 4 - announce-subscribe
  ---
  duration_ms: 2443
  error: Error setting up WebTransport: proxygen::HTTPException: ingress timeout, streamID=0, timeout=2000ms
  ...
E0924 00:59:18.016563     1 MoQWebTransportClient.cpp:150] std::runtime_error: Error setting up WebTransport: proxygen::HTTPException: ingress timeout, streamID=0, timeout=2000ms
not ok 5 - publish-namespace-done
  ---
  duration_ms: 2443
  error: Error setting up WebTransport: proxygen::HTTPException: ingress timeout, streamID=0, timeout=2000ms
  ...
E0924 00:59:20.253950     1 MoQWebTransportClient.cpp:150] std::runtime_error: Error setting up WebTransport: proxygen::HTTPException: ingress timeout, streamID=0, timeout=2000ms
not ok 6 - subscribe-before-announce
  ---
  duration_ms: 2237
  error: Error setting up WebTransport: proxygen::HTTPException: ingress timeout, streamID=0, timeout=2000ms
  ...
E20260924 00:59:21.255838     1 EventHandler.cpp:95] EventBase: failed to register event handler for fd 9: Resource temporarily unavailable
E20260924 00:59:21.257135     1 EventHandler.cpp:95] EventBase: failed to register event handler for fd 10: Resource temporarily unavailable
E20260924 00:59:21.257241     1 EventHandler.cpp:95] EventBase: failed to register event handler for fd 11: Resource temporarily unavailable
E20260924 00:59:21.257335     1 EventHandler.cpp:95] EventBase: failed to register event handler for fd 12: Resource temporarily unavailable
E20260924 00:59:21.257443     1 EventHandler.cpp:95] EventBase: failed to register event handler for fd 13: Resource temporarily unavailable
E20260924 00:59:21.257539     1 EventHandler.cpp:95] EventBase: failed to register event handler for fd 14: Resource temporarily unavailable
make[1]: *** [Makefile:122: test-external] Error 1
make[1]: Leaving directory '/home/runner/work/moq-interop-runner/moq-interop-runner/main'
