make[1]: Entering directory '/home/runner/work/moq-interop-runner/moq-interop-runner/main'
Running tests against https://moqt.nokiaresearch.com:4443/moq...
  Client: ghcr.io/englishm/moq-interop-runner-moq-test-client-draft-18:latest
docker run --rm \
	 \
	--network host \
	-e RELAY_URL=https://moqt.nokiaresearch.com:4443/moq \
	-e TLS_DISABLE_VERIFY=false \
	ghcr.io/englishm/moq-interop-runner-moq-test-client-draft-18:latest
TAP version 14
# moq-test-client v0.1.12
# Relay: https://moqt.nokiaresearch.com:4443/moq
1..8
[2m2026-08-30T00:48:48.418594Z[0m [32m INFO[0m [2mmoq_native_ietf::quic[0m[2m:[0m UDP socket bound [3mbind[0m[2m=[0m[::]:0 [3mlocal[0m[2m=[0m[::]:55878 [3mdual_stack[0m[2m=[0mtrue
[2m2026-08-30T00:48:49.375669Z[0m [32m INFO[0m [2mmoq_test_client::scenarios[0m[2m:[0m SETUP exchange completed successfully
ok 1 - setup-only
  ---
  duration_ms: 957
  connection_id: 0a99d2844c2f5447f87d3473e6217914
  ...
[2m2026-08-30T00:48:49.376640Z[0m [32m INFO[0m [2mmoq_native_ietf::quic[0m[2m:[0m UDP socket bound [3mbind[0m[2m=[0m[::]:0 [3mlocal[0m[2m=[0m[::]:33081 [3mdual_stack[0m[2m=[0mtrue
[2m2026-08-30T00:48:49.540327Z[0m [33m WARN[0m [2mweb_transport_quinn::session[0m[2m:[0m failed to read capsule [3me[0m[2m=[0mUnexpectedEnd
[2m2026-08-30T00:48:50.226825Z[0m [32m INFO[0m [2mmoq_test_client::scenarios[0m[2m:[0m Sending PUBLISH_NAMESPACE for: moq-test/interop
[2m2026-08-30T00:48:52.228741Z[0m [32m INFO[0m [2mmoq_test_client::scenarios[0m[2m:[0m PUBLISH_NAMESPACE succeeded (REQUEST_OK received, waiting for subscribers)
ok 2 - publish-namespace-only
  ---
  duration_ms: 2853
  connection_id: 8f3d43c99acb5d34652892e403c951fc
  ...
[2m2026-08-30T00:48:52.229758Z[0m [32m INFO[0m [2mmoq_native_ietf::quic[0m[2m:[0m UDP socket bound [3mbind[0m[2m=[0m[::]:0 [3mlocal[0m[2m=[0m[::]:48615 [3mdual_stack[0m[2m=[0mtrue
[2m2026-08-30T00:48:52.393767Z[0m [33m WARN[0m [2mweb_transport_quinn::session[0m[2m:[0m failed to read capsule [3me[0m[2m=[0mUnexpectedEnd
[2m2026-08-30T00:48:53.057304Z[0m [32m INFO[0m [2mmoq_test_client::scenarios[0m[2m:[0m Subscribing to non-existent track: nonexistent/namespace/test-track
[2m2026-08-30T00:48:53.221649Z[0m [33m WARN[0m [2mmoq_transport::serve::error[0m[2m:[0m [8fc1a37a-7fc2-4bdf-ae08-50b658fbc663] Not found: Track /nonexistent/namespace/test-track does not exist at moq-transport/src/session/subscriber.rs:1280
[2m2026-08-30T00:48:53.221672Z[0m [33m WARN[0m [2mmoq_transport::session::reader[0m[2m:[0m [READER] decode: stream ended while waiting for data (have=0 bytes, need=1)
[2m2026-08-30T00:48:53.221725Z[0m [32m INFO[0m [2mmoq_test_client::scenarios[0m[2m:[0m Got expected 'not found' error: not found: Track not found [error:8fc1a37a-7fc2-4bdf-ae08-50b658fbc663]
ok 3 - subscribe-error
  ---
  duration_ms: 993
  connection_id: 3b50f3ef934618bf125018c3e60b72c1
  ...
[2m2026-08-30T00:48:53.222766Z[0m [32m INFO[0m [2mmoq_native_ietf::quic[0m[2m:[0m UDP socket bound [3mbind[0m[2m=[0m[::]:0 [3mlocal[0m[2m=[0m[::]:51112 [3mdual_stack[0m[2m=[0mtrue
[2m2026-08-30T00:48:53.386201Z[0m [33m WARN[0m [2mweb_transport_quinn::session[0m[2m:[0m failed to read capsule [3me[0m[2m=[0mUnexpectedEnd
[2m2026-08-30T00:48:54.187084Z[0m [32m INFO[0m [2mmoq_native_ietf::quic[0m[2m:[0m UDP socket bound [3mbind[0m[2m=[0m[::]:0 [3mlocal[0m[2m=[0m[::]:47671 [3mdual_stack[0m[2m=[0mtrue
[2m2026-08-30T00:48:55.014416Z[0m [32m INFO[0m [2mmoq_test_client::scenarios[0m[2m:[0m Publisher sending PUBLISH_NAMESPACE: moq-test/interop
[2m2026-08-30T00:48:55.014439Z[0m [32m INFO[0m [2mmoq_test_client::scenarios[0m[2m:[0m Subscriber subscribing to track: moq-test/interop/test-track
[2m2026-08-30T00:48:55.179393Z[0m [33m WARN[0m [2mmoq_transport::serve::error[0m[2m:[0m [41e8e9b6-8c4d-4fe3-b6a4-ba6c7d9c0cce] Not found: Track /moq-test/interop/test-track does not exist at moq-transport/src/session/subscriber.rs:1280
[2m2026-08-30T00:48:55.179417Z[0m [33m WARN[0m [2mmoq_transport::session::reader[0m[2m:[0m [READER] decode: stream ended while waiting for data (have=0 bytes, need=1)
[2m2026-08-30T00:48:55.179510Z[0m [32m INFO[0m [2mmoq_test_client::scenarios[0m[2m:[0m Subscriber got error: not found: Track not found [error:41e8e9b6-8c4d-4fe3-b6a4-ba6c7d9c0cce] - subscription was processed
ok 4 - publish-namespace-subscribe
  ---
  duration_ms: 1957
  publisher_connection_id: 1c75f0e8c2e1b4f9cf3810ac05273932
  subscriber_connection_id: 78cc2eed0675d9d9bc206ecb614673f8
  ...
[2m2026-08-30T00:48:55.180586Z[0m [32m INFO[0m [2mmoq_native_ietf::quic[0m[2m:[0m UDP socket bound [3mbind[0m[2m=[0m[::]:0 [3mlocal[0m[2m=[0m[::]:38873 [3mdual_stack[0m[2m=[0mtrue
[2m2026-08-30T00:48:55.344002Z[0m [33m WARN[0m [2mweb_transport_quinn::session[0m[2m:[0m failed to read capsule [3me[0m[2m=[0mUnexpectedEnd
[2m2026-08-30T00:48:55.344023Z[0m [33m WARN[0m [2mweb_transport_quinn::session[0m[2m:[0m failed to read capsule [3me[0m[2m=[0mUnexpectedEnd
[2m2026-08-30T00:48:56.086276Z[0m [32m INFO[0m [2mmoq_test_client::scenarios[0m[2m:[0m Subscriber subscribing BEFORE PUBLISH_NAMESPACE: moq-test/interop/test-track
[2m2026-08-30T00:48:56.250772Z[0m [33m WARN[0m [2mmoq_transport::serve::error[0m[2m:[0m [556da42a-6ef2-41fa-bad3-6a980a128f94] Not found: Track /moq-test/interop/test-track does not exist at moq-transport/src/session/subscriber.rs:1280
[2m2026-08-30T00:48:56.250799Z[0m [33m WARN[0m [2mmoq_transport::session::reader[0m[2m:[0m [READER] decode: stream ended while waiting for data (have=0 bytes, need=1)
[2m2026-08-30T00:48:56.415321Z[0m [33m WARN[0m [2mweb_transport_quinn::session[0m[2m:[0m failed to read capsule [3me[0m[2m=[0mUnexpectedEnd
[2m2026-08-30T00:48:56.588435Z[0m [32m INFO[0m [2mmoq_native_ietf::quic[0m[2m:[0m UDP socket bound [3mbind[0m[2m=[0m[::]:0 [3mlocal[0m[2m=[0m[::]:59662 [3mdual_stack[0m[2m=[0mtrue
[2m2026-08-30T00:48:57.435672Z[0m [32m INFO[0m [2mmoq_test_client::scenarios[0m[2m:[0m Publisher sending PUBLISH_NAMESPACE (after subscriber): moq-test/interop
[2m2026-08-30T00:49:00.437666Z[0m [32m INFO[0m [2mmoq_test_client::scenarios[0m[2m:[0m Publisher PUBLISH_NAMESPACE timeout (expected)
[2m2026-08-30T00:49:00.437693Z[0m [32m INFO[0m [2mmoq_test_client::scenarios[0m[2m:[0m Subscriber got error: not found: Track not found [error:556da42a-6ef2-41fa-bad3-6a980a128f94] (may be expected)
ok 5 - subscribe-before-publish-namespace
  ---
  duration_ms: 5258
  subscriber_connection_id: fa3c11ee8a1bc2a9807590ec868cc75f
  publisher_connection_id: 7d542b29a5d7b9f442c345ee5a63e3f6
  ...
[2m2026-08-30T00:49:00.438706Z[0m [32m INFO[0m [2mmoq_native_ietf::quic[0m[2m:[0m UDP socket bound [3mbind[0m[2m=[0m[::]:0 [3mlocal[0m[2m=[0m[::]:51602 [3mdual_stack[0m[2m=[0mtrue
[2m2026-08-30T00:49:00.602589Z[0m [33m WARN[0m [2mweb_transport_quinn::session[0m[2m:[0m failed to read capsule [3me[0m[2m=[0mUnexpectedEnd
[2m2026-08-30T00:49:01.267637Z[0m [32m INFO[0m [2mmoq_test_client::scenarios[0m[2m:[0m Sending PUBLISH_NAMESPACE: moq-test/interop
[2m2026-08-30T00:49:03.269005Z[0m [32m INFO[0m [2mmoq_test_client::scenarios[0m[2m:[0m PUBLISH_NAMESPACE active; sending PUBLISH_NAMESPACE_DONE
[2m2026-08-30T00:49:03.370442Z[0m [32m INFO[0m [2mmoq_test_client::scenarios[0m[2m:[0m PUBLISH_NAMESPACE_DONE sent successfully
ok 6 - publish-namespace-done
  ---
  duration_ms: 2932
  connection_id: a7f1b3a7dffddcb923ceaa4656760f64
  ...
[2m2026-08-30T00:49:03.371309Z[0m [32m INFO[0m [2mmoq_native_ietf::quic[0m[2m:[0m UDP socket bound [3mbind[0m[2m=[0m[::]:0 [3mlocal[0m[2m=[0m[::]:33140 [3mdual_stack[0m[2m=[0mtrue
[2m2026-08-30T00:49:03.535296Z[0m [33m WARN[0m [2mweb_transport_quinn::session[0m[2m:[0m failed to read capsule [3me[0m[2m=[0mUnexpectedEnd
[2m2026-08-30T00:49:04.214384Z[0m [32m INFO[0m [2mmoq_test_client::scenarios[0m[2m:[0m Publisher sending direct PUBLISH [3mnamespace[0m[2m=[0m/moq-test/publish [3mtrack[0m[2m=[0m"published-track"
[2m2026-08-30T00:49:04.379378Z[0m [32m INFO[0m [2mmoq_test_client::scenarios[0m[2m:[0m PUBLISH accepted [3mnamespace[0m[2m=[0m/moq-test/publish [3mtrack[0m[2m=[0m"published-track"
[2m2026-08-30T00:49:04.379627Z[0m [32m INFO[0m [2mmoq_test_client::scenarios[0m[2m:[0m PUBLISH completed [3mnamespace[0m[2m=[0m/moq-test/publish [3mtrack[0m[2m=[0m"published-track"
ok 7 - publish-track-only
  ---
  duration_ms: 1009
  connection_id: b3b9a2633b2df35b14c96c6897f73d4b
  ...
[2m2026-08-30T00:49:04.380714Z[0m [32m INFO[0m [2mmoq_native_ietf::quic[0m[2m:[0m UDP socket bound [3mbind[0m[2m=[0m[::]:0 [3mlocal[0m[2m=[0m[::]:60528 [3mdual_stack[0m[2m=[0mtrue
[2m2026-08-30T00:49:04.544548Z[0m [33m WARN[0m [2mweb_transport_quinn::session[0m[2m:[0m failed to read capsule [3me[0m[2m=[0mUnexpectedEnd
[2m2026-08-30T00:49:05.234826Z[0m [32m INFO[0m [2mmoq_native_ietf::quic[0m[2m:[0m UDP socket bound [3mbind[0m[2m=[0m[::]:0 [3mlocal[0m[2m=[0m[::]:57653 [3mdual_stack[0m[2m=[0mtrue
[2m2026-08-30T00:49:06.062111Z[0m [32m INFO[0m [2mmoq_test_client::scenarios[0m[2m:[0m Publisher sending direct PUBLISH before subscriber subscribes [3mnamespace[0m[2m=[0m/moq-test/publish [3mtrack[0m[2m=[0m"published-track"
[2m2026-08-30T00:49:06.227616Z[0m [32m INFO[0m [2mmoq_test_client::scenarios[0m[2m:[0m PUBLISH accepted; starting subscriber [3mnamespace[0m[2m=[0m/moq-test/publish [3mtrack[0m[2m=[0m"published-track"
[2m2026-08-30T00:49:06.392410Z[0m [33m WARN[0m [2mmoq_transport::session::reader[0m[2m:[0m [READER] decode: stream ended while waiting for data (have=0 bytes, need=1)
not ok 8 - publish-track-subscribe
  ---
  duration_ms: 2012
  message: "subscriber track mode failed: cancelled"
  ...
make[1]: *** [Makefile:122: test-external] Error 1
make[1]: Leaving directory '/home/runner/work/moq-interop-runner/moq-interop-runner/main'
