make[1]: Entering directory '/home/runner/work/moq-interop-runner/moq-interop-runner/main'
Running tests against moqt://us-west-2.relay.quicr.org:33437...
  Client: ghcr.io/englishm/moq-interop-runner-moq-test-client-draft-16:latest
docker run --rm \
	 \
	--network host \
	-e RELAY_URL=moqt://us-west-2.relay.quicr.org:33437 \
	-e TLS_DISABLE_VERIFY=1 \
	ghcr.io/englishm/moq-interop-runner-moq-test-client-draft-16:latest
TAP version 14
# moq-test-client v0.1.0
# Relay: moqt://us-west-2.relay.quicr.org:33437
1..6
ok 1 - setup-only
  ---
  duration_ms: 47
  connection_id: b28031fbe4a0f552ad7752a375b89d81
  ...
ok 2 - announce-only
  ---
  duration_ms: 2046
  connection_id: 8ca388588b0c0c16301336231307093d
  ...
[2026-08-30T01:20:57Z ERROR moq_transport::session::reader] [READER] decode: ERROR decoding moq_transport::message::Message - InvalidMessage(1) (buffer_len=5)
not ok 3 - subscribe-error
  ---
  duration_ms: 66
  message: "session error: decode error: invalid message: 1: invalid message: 1"
  ...
[2026-08-30T01:20:58Z ERROR moq_transport::session::reader] [READER] decode: ERROR decoding moq_transport::message::Message - InvalidMessage(1) (buffer_len=5)
not ok 4 - announce-subscribe
  ---
  duration_ms: 287
  message: "subscriber session error: decode error: invalid message: 1: invalid message: 1"
  ...
[2026-08-30T01:20:58Z ERROR moq_transport::session::reader] [READER] decode: ERROR decoding moq_transport::message::Message - InvalidMessage(1) (buffer_len=5)
ok 5 - subscribe-before-announce
  ---
  duration_ms: 4091
  subscriber_connection_id: 8ef7cf58b55de91c56678bc49d1c695f
  publisher_connection_id: 9a248f7f21b10196390464b51ccf66ba
  ...
ok 6 - publish-namespace-done
  ---
  duration_ms: 2149
  connection_id: dc1b7c7ad3c6c1a2eb7acbfd07d36173
  ...
make[1]: *** [Makefile:122: test-external] Error 1
make[1]: Leaving directory '/home/runner/work/moq-interop-runner/moq-interop-runner/main'
