make[1]: Entering directory '/home/runner/work/moq-interop-runner/moq-interop-runner/main'
Running tests against moqt://moqt.nokiaresearch.com:4443/moq...
  Client: ghcr.io/openmoq/moqx-interop-client:latest
docker run --rm \
	 \
	--network host \
	-e RELAY_URL=moqt://moqt.nokiaresearch.com:4443/moq \
	-e TLS_DISABLE_VERIFY=false \
	ghcr.io/openmoq/moqx-interop-client:latest
TAP version 14
# moxygen interop test client
# Relay: moqt://moqt.nokiaresearch.com:4443/moq
# Transport: QUIC
# Offered ALPNs: moqt-18, moqt-16, moqt-15, moq-00
1..6
E0830 00:53:05.135013     1 MoQCodec.cpp:95] Frame underflow -> parse error
E0830 00:53:05.135057     1 MoQCodec.cpp:126] Conn error=3
E0830 00:53:05.135064     1 MoQSession.cpp:5774] MoQCodec control stream parse error err=3
not ok 1 - setup-only
  ---
  duration_ms: 484
  error: coroutine operation cancelled
  ...
E0830 00:53:05.592333     1 MoQCodec.cpp:95] Frame underflow -> parse error
E0830 00:53:05.592370     1 MoQCodec.cpp:126] Conn error=3
E0830 00:53:05.592377     1 MoQSession.cpp:5774] MoQCodec control stream parse error err=3
not ok 2 - announce-only
  ---
  duration_ms: 457
  error: coroutine operation cancelled
  ...
E0830 00:53:06.035929     1 MoQCodec.cpp:95] Frame underflow -> parse error
E0830 00:53:06.035966     1 MoQCodec.cpp:126] Conn error=3
E0830 00:53:06.035974     1 MoQSession.cpp:5774] MoQCodec control stream parse error err=3
not ok 3 - subscribe-error
  ---
  duration_ms: 443
  error: coroutine operation cancelled
  ...
E0830 00:53:06.557263     1 MoQCodec.cpp:95] Frame underflow -> parse error
E0830 00:53:06.557301     1 MoQCodec.cpp:126] Conn error=3
E0830 00:53:06.557308     1 MoQSession.cpp:5774] MoQCodec control stream parse error err=3
not ok 4 - announce-subscribe
  ---
  duration_ms: 521
  error: coroutine operation cancelled
  ...
E0830 00:53:07.084785     1 MoQCodec.cpp:95] Frame underflow -> parse error
E0830 00:53:07.084814     1 MoQCodec.cpp:126] Conn error=3
E0830 00:53:07.084818     1 MoQSession.cpp:5774] MoQCodec control stream parse error err=3
not ok 5 - publish-namespace-done
  ---
  duration_ms: 527
  error: coroutine operation cancelled
  ...
E0830 00:53:07.591987     1 MoQCodec.cpp:95] Frame underflow -> parse error
E0830 00:53:07.592025     1 MoQCodec.cpp:126] Conn error=3
E0830 00:53:07.592029     1 MoQSession.cpp:5774] MoQCodec control stream parse error err=3
not ok 6 - subscribe-before-announce
  ---
  duration_ms: 507
  error: coroutine operation cancelled
  ...
E20260830 00:53:08.592486     1 EventHandler.cpp:90] EventBase: failed to register event handler for fd 10: Resource temporarily unavailable
make[1]: *** [Makefile:122: test-external] Error 1
make[1]: Leaving directory '/home/runner/work/moq-interop-runner/moq-interop-runner/main'
