make[1]: Entering directory '/home/runner/work/moq-interop-runner/moq-interop-runner/main'
Running tests against https://us-west-2.relay.quicr.org:33437/relay...
  Client: ghcr.io/facebookexperimental/moxygen-interop-client:latest-amd64
docker run --rm \
	 \
	--network host \
	-e RELAY_URL=https://us-west-2.relay.quicr.org:33437/relay \
	-e TLS_DISABLE_VERIFY=1 \
	ghcr.io/facebookexperimental/moxygen-interop-client:latest-amd64
TAP version 14
# moxygen interop test client
# Relay: https://us-west-2.relay.quicr.org:33437/relay
# Transport: WebTransport
# Offered ALPNs: moqt-18, moqt-16, moqt-15, moq-00
1..6
W0830 01:33:00.465501     1 MoQWebTransportClient.cpp:175] WebTransport: No WT-Protocol header in response, will use legacy version negotiation
E0830 01:33:00.485201     1 MoQFramer.cpp:1080] Server selected version draft-1 but we only offer draft-14 in legacy mode
E0830 01:33:00.485218     1 MoQCodec.cpp:126] Conn error=21
E0830 01:33:00.485222     1 MoQSession.cpp:5760] MoQCodec control stream parse error err=21
not ok 1 - setup-only
  ---
  duration_ms: 96
  error: coroutine operation cancelled
  ...
W0830 01:33:00.530489     1 MoQWebTransportClient.cpp:175] WebTransport: No WT-Protocol header in response, will use legacy version negotiation
E0830 01:33:00.550648     1 MoQFramer.cpp:1080] Server selected version draft-1 but we only offer draft-14 in legacy mode
E0830 01:33:00.550663     1 MoQCodec.cpp:126] Conn error=21
E0830 01:33:00.550667     1 MoQSession.cpp:5760] MoQCodec control stream parse error err=21
not ok 2 - announce-only
  ---
  duration_ms: 65
  error: coroutine operation cancelled
  ...
W0830 01:33:00.617441     1 MoQWebTransportClient.cpp:175] WebTransport: No WT-Protocol header in response, will use legacy version negotiation
E0830 01:33:00.637888     1 MoQFramer.cpp:1080] Server selected version draft-1 but we only offer draft-14 in legacy mode
E0830 01:33:00.637903     1 MoQCodec.cpp:126] Conn error=21
E0830 01:33:00.637906     1 MoQSession.cpp:5760] MoQCodec control stream parse error err=21
not ok 3 - subscribe-error
  ---
  duration_ms: 87
  error: coroutine operation cancelled
  ...
W0830 01:33:00.681663     1 MoQWebTransportClient.cpp:175] WebTransport: No WT-Protocol header in response, will use legacy version negotiation
E0830 01:33:00.701718     1 MoQFramer.cpp:1080] Server selected version draft-1 but we only offer draft-14 in legacy mode
E0830 01:33:00.701734     1 MoQCodec.cpp:126] Conn error=21
E0830 01:33:00.701739     1 MoQSession.cpp:5760] MoQCodec control stream parse error err=21
not ok 4 - announce-subscribe
  ---
  duration_ms: 63
  error: coroutine operation cancelled
  ...
W0830 01:33:00.745323     1 MoQWebTransportClient.cpp:175] WebTransport: No WT-Protocol header in response, will use legacy version negotiation
E0830 01:33:00.764971     1 MoQFramer.cpp:1080] Server selected version draft-1 but we only offer draft-14 in legacy mode
E0830 01:33:00.764987     1 MoQCodec.cpp:126] Conn error=21
E0830 01:33:00.764991     1 MoQSession.cpp:5760] MoQCodec control stream parse error err=21
not ok 5 - publish-namespace-done
  ---
  duration_ms: 63
  error: coroutine operation cancelled
  ...
W0830 01:33:00.842200     1 MoQWebTransportClient.cpp:175] WebTransport: No WT-Protocol header in response, will use legacy version negotiation
E0830 01:33:00.862338     1 MoQFramer.cpp:1080] Server selected version draft-1 but we only offer draft-14 in legacy mode
E0830 01:33:00.862357     1 MoQCodec.cpp:126] Conn error=21
E0830 01:33:00.862362     1 MoQSession.cpp:5760] MoQCodec control stream parse error err=21
not ok 6 - subscribe-before-announce
  ---
  duration_ms: 97
  error: coroutine operation cancelled
  ...
make[1]: *** [Makefile:122: test-external] Error 1
make[1]: Leaving directory '/home/runner/work/moq-interop-runner/moq-interop-runner/main'
