make[1]: Entering directory '/home/runner/work/moq-interop-runner/moq-interop-runner/main'
Running tests against moqt://lminiero.it:9000...
  Client: ghcr.io/englishm/moq-interop-runner-moq-test-client:latest
docker run --rm \
	 \
	--network host \
	-e RELAY_URL=moqt://lminiero.it:9000 \
	-e TLS_DISABLE_VERIFY=false \
	ghcr.io/englishm/moq-interop-runner-moq-test-client:latest
TAP version 14
# moq-test-client v0.1.13
# Relay: moqt://lminiero.it:9000
1..8
[2m2026-09-04T01:29:05.794242Z[0m [32m INFO[0m [2mmoq_native_ietf::quic[0m[2m:[0m UDP socket bound [3mbind[0m[2m=[0m[::]:0 [3mlocal[0m[2m=[0m[::]:41723 [3mdual_stack[0m[2m=[0mtrue
ok 1 - setup-only
  ---
  duration_ms: 600
  connection_id: 3a6fa53480a026b6a5e72f7c9e0d0ecc
  ...
[2m2026-09-04T01:29:06.394162Z[0m [32m INFO[0m [2mmoq_test_client::scenarios[0m[2m:[0m SETUP exchange completed successfully
[2m2026-09-04T01:29:06.395195Z[0m [32m INFO[0m [2mmoq_native_ietf::quic[0m[2m:[0m UDP socket bound [3mbind[0m[2m=[0m[::]:0 [3mlocal[0m[2m=[0m[::]:39209 [3mdual_stack[0m[2m=[0mtrue
[2m2026-09-04T01:29:07.140126Z[0m [32m INFO[0m [2mmoq_test_client::scenarios[0m[2m:[0m Sending PUBLISH_NAMESPACE for: moq-test/interop
not ok 2 - publish-namespace-only
  ---
  duration_ms: 895
  message: "PUBLISH_NAMESPACE failed: serve error: closed, code=0: closed, code=0"
  ...
[2m2026-09-04T01:29:07.290792Z[0m [32m INFO[0m [2mmoq_native_ietf::quic[0m[2m:[0m UDP socket bound [3mbind[0m[2m=[0m[::]:0 [3mlocal[0m[2m=[0m[::]:47334 [3mdual_stack[0m[2m=[0mtrue
[2m2026-09-04T01:29:08.239417Z[0m [32m INFO[0m [2mmoq_test_client::scenarios[0m[2m:[0m Subscribing to non-existent track: nonexistent/namespace/test-track
[2m2026-09-04T01:29:08.388273Z[0m [33m WARN[0m [2mmoq_test_client::scenarios[0m[2m:[0m Got error but not clearly 'not found': closed, code=16. Relay may use different error text.
ok 3 - subscribe-error
  ---
  duration_ms: 1098
  connection_id: bc933d53c7077db1d8f4fd9daa2f99be
  ...
[2m2026-09-04T01:29:08.389310Z[0m [32m INFO[0m [2mmoq_native_ietf::quic[0m[2m:[0m UDP socket bound [3mbind[0m[2m=[0m[::]:0 [3mlocal[0m[2m=[0m[::]:38930 [3mdual_stack[0m[2m=[0mtrue
[2m2026-09-04T01:29:08.849894Z[0m [32m INFO[0m [2mmoq_native_ietf::quic[0m[2m:[0m UDP socket bound [3mbind[0m[2m=[0m[::]:0 [3mlocal[0m[2m=[0m[::]:42048 [3mdual_stack[0m[2m=[0mtrue
[2m2026-09-04T01:29:09.300416Z[0m [32m INFO[0m [2mmoq_test_client::scenarios[0m[2m:[0m Publisher sending PUBLISH_NAMESPACE: moq-test/interop
[2m2026-09-04T01:29:09.300439Z[0m [32m INFO[0m [2mmoq_test_client::scenarios[0m[2m:[0m Subscriber subscribing to track: moq-test/interop/test-track
not ok 4 - publish-namespace-subscribe
  ---
  duration_ms: 1064
  message: "publisher PUBLISH_NAMESPACE failed: serve error: closed, code=0: closed, code=0"
  ...
[2m2026-09-04T01:29:09.453472Z[0m [32m INFO[0m [2mmoq_native_ietf::quic[0m[2m:[0m UDP socket bound [3mbind[0m[2m=[0m[::]:0 [3mlocal[0m[2m=[0m[::]:58084 [3mdual_stack[0m[2m=[0mtrue
[2m2026-09-04T01:29:09.904299Z[0m [32m INFO[0m [2mmoq_test_client::scenarios[0m[2m:[0m Subscriber subscribing BEFORE PUBLISH_NAMESPACE: moq-test/interop/test-track
[2m2026-09-04T01:29:10.406797Z[0m [32m INFO[0m [2mmoq_native_ietf::quic[0m[2m:[0m UDP socket bound [3mbind[0m[2m=[0m[::]:0 [3mlocal[0m[2m=[0m[::]:46607 [3mdual_stack[0m[2m=[0mtrue
[2m2026-09-04T01:29:11.019916Z[0m [32m INFO[0m [2mmoq_test_client::scenarios[0m[2m:[0m Publisher sending PUBLISH_NAMESPACE (after subscriber): moq-test/interop
not ok 5 - subscribe-before-publish-namespace
  ---
  duration_ms: 1719
  message: "publisher PUBLISH_NAMESPACE failed: serve error: closed, code=0: closed, code=0"
  ...
[2m2026-09-04T01:29:11.173241Z[0m [32m INFO[0m [2mmoq_native_ietf::quic[0m[2m:[0m UDP socket bound [3mbind[0m[2m=[0m[::]:0 [3mlocal[0m[2m=[0m[::]:51079 [3mdual_stack[0m[2m=[0mtrue
[2m2026-09-04T01:29:11.622695Z[0m [32m INFO[0m [2mmoq_test_client::scenarios[0m[2m:[0m Sending PUBLISH_NAMESPACE: moq-test/interop
not ok 6 - publish-namespace-done
  ---
  duration_ms: 598
  message: "PUBLISH_NAMESPACE failed: serve error: closed, code=0: closed, code=0"
  ...
[2m2026-09-04T01:29:11.772217Z[0m [32m INFO[0m [2mmoq_native_ietf::quic[0m[2m:[0m UDP socket bound [3mbind[0m[2m=[0m[::]:0 [3mlocal[0m[2m=[0m[::]:52736 [3mdual_stack[0m[2m=[0mtrue
[2m2026-09-04T01:29:12.678922Z[0m [32m INFO[0m [2mmoq_test_client::scenarios[0m[2m:[0m Publisher sending direct PUBLISH [3mnamespace[0m[2m=[0m/moq-test/publish [3mtrack[0m[2m=[0m"published-track"
not ok 7 - publish-track-only
  ---
  duration_ms: 1056
  message: "PUBLISH was rejected: closed, code=1"
  ...
[2m2026-09-04T01:29:12.828452Z[0m [32m INFO[0m [2mmoq_native_ietf::quic[0m[2m:[0m UDP socket bound [3mbind[0m[2m=[0m[::]:0 [3mlocal[0m[2m=[0m[::]:39285 [3mdual_stack[0m[2m=[0mtrue
[2m2026-09-04T01:29:13.280889Z[0m [32m INFO[0m [2mmoq_native_ietf::quic[0m[2m:[0m UDP socket bound [3mbind[0m[2m=[0m[::]:0 [3mlocal[0m[2m=[0m[::]:52744 [3mdual_stack[0m[2m=[0mtrue
[2m2026-09-04T01:29:14.172472Z[0m [32m INFO[0m [2mmoq_test_client::scenarios[0m[2m:[0m Publisher sending direct PUBLISH before subscriber subscribes [3mnamespace[0m[2m=[0m/moq-test/publish [3mtrack[0m[2m=[0m"published-track"
[2m2026-09-04T01:29:14.321597Z[0m [32m INFO[0m [2mmoq_test_client::scenarios[0m[2m:[0m PUBLISH accepted; starting subscriber [3mnamespace[0m[2m=[0m/moq-test/publish [3mtrack[0m[2m=[0m"published-track"
not ok 8 - publish-track-subscribe
  ---
  duration_ms: 1744
  message: "subscriber track mode failed: done"
  ...
make[1]: *** [Makefile:122: test-external] Error 1
make[1]: Leaving directory '/home/runner/work/moq-interop-runner/moq-interop-runner/main'
