make[1]: Entering directory '/home/runner/work/moq-interop-runner/moq-interop-runner/main'
Running tests against moqt://34-72-6-160.sslip.io:443...
  Client: ghcr.io/englishm/moq-interop-runner-moq-test-client-draft-14:latest
docker run --rm \
	 \
	--network host \
	-e RELAY_URL=moqt://34-72-6-160.sslip.io:443 \
	-e TLS_DISABLE_VERIFY=false \
	ghcr.io/englishm/moq-interop-runner-moq-test-client-draft-14:latest
TAP version 14
# moq-test-client v0.1.7
# Relay: moqt://34-72-6-160.sslip.io:443
1..6
[2m2026-09-04T01:40:38.258523Z[0m [32m INFO[0m [2mmoq_native_ietf::quic[0m[2m:[0m UDP socket bound [3mbind[0m[2m=[0m[::]:0 [3mlocal[0m[2m=[0m[::]:36582 [3mdual_stack[0m[2m=[0mtrue
[2m2026-09-04T01:40:38.552826Z[0m [32m INFO[0m [2mmoq_test_client::scenarios[0m[2m:[0m SETUP exchange completed successfully
ok 1 - setup-only
  ---
  duration_ms: 295
  connection_id: ece67baf69bb836ba62fe90ffaafc7d3
  ...
[2m2026-09-04T01:40:38.553703Z[0m [32m INFO[0m [2mmoq_native_ietf::quic[0m[2m:[0m UDP socket bound [3mbind[0m[2m=[0m[::]:0 [3mlocal[0m[2m=[0m[::]:58935 [3mdual_stack[0m[2m=[0mtrue
[2m2026-09-04T01:40:38.698258Z[0m [32m INFO[0m [2mmoq_test_client::scenarios[0m[2m:[0m Announcing namespace: moq-test/interop
[2m2026-09-04T01:40:38.698302Z[0m [33m WARN[0m [2mmoq_transport::serve::error[0m[2m:[0m [b44befb9-8c99-4018-a3aa-029c932d0284] Not implemented: SUBSCRIBE_NAMESPACE at moq-transport/src/session/error.rs:77
[2m2026-09-04T01:40:38.698307Z[0m [33m WARN[0m [2mmoq_transport::session::publisher[0m[2m:[0m failed to process message: serve error: not implemented: Feature not implemented [error:b44befb9-8c99-4018-a3aa-029c932d0284]
[2m2026-09-04T01:40:38.698315Z[0m [33m WARN[0m [2mmoq_transport::serve::error[0m[2m:[0m [c4edd991-ff77-4c8f-92a8-73b6b0d9db8d] Not implemented: SUBSCRIBE_NAMESPACE at moq-transport/src/session/error.rs:77
[2m2026-09-04T01:40:38.698318Z[0m [33m WARN[0m [2mmoq_transport::session::publisher[0m[2m:[0m failed to process message: serve error: not implemented: Feature not implemented [error:c4edd991-ff77-4c8f-92a8-73b6b0d9db8d]
[2m2026-09-04T01:40:40.699501Z[0m [32m INFO[0m [2mmoq_test_client::scenarios[0m[2m:[0m Announce succeeded (no error received, waiting for subscriptions timed out)
ok 2 - announce-only
  ---
  duration_ms: 2146
  connection_id: a5864778bc5fb49e9e27dfb95ff4ad75
  ...
[2m2026-09-04T01:40:40.700591Z[0m [32m INFO[0m [2mmoq_native_ietf::quic[0m[2m:[0m UDP socket bound [3mbind[0m[2m=[0m[::]:0 [3mlocal[0m[2m=[0m[::]:41742 [3mdual_stack[0m[2m=[0mtrue
[2m2026-09-04T01:40:40.814314Z[0m [32m INFO[0m [2mmoq_test_client::scenarios[0m[2m:[0m Subscribing to non-existent track: nonexistent/namespace/test-track
[2m2026-09-04T01:40:40.814358Z[0m [33m WARN[0m [2mmoq_transport::serve::error[0m[2m:[0m [1e94a5ea-9bc0-4309-b2a4-d4706126fec0] Not implemented: SUBSCRIBE_NAMESPACE at moq-transport/src/session/error.rs:77
[2m2026-09-04T01:40:40.814364Z[0m [33m WARN[0m [2mmoq_transport::session::publisher[0m[2m:[0m failed to process message: serve error: not implemented: Feature not implemented [error:1e94a5ea-9bc0-4309-b2a4-d4706126fec0]
[2m2026-09-04T01:40:40.814375Z[0m [33m WARN[0m [2mmoq_transport::serve::error[0m[2m:[0m [fe380fd8-8a21-405a-8063-2d8bf0bfbd10] Not implemented: SUBSCRIBE_NAMESPACE at moq-transport/src/session/error.rs:77
[2m2026-09-04T01:40:40.814379Z[0m [33m WARN[0m [2mmoq_transport::session::publisher[0m[2m:[0m failed to process message: serve error: not implemented: Feature not implemented [error:fe380fd8-8a21-405a-8063-2d8bf0bfbd10]
[2m2026-09-04T01:40:40.867235Z[0m [33m WARN[0m [2mmoq_test_client::scenarios[0m[2m:[0m Got error but not clearly 'not found': closed, code=404. This may indicate a different error type than expected.
ok 3 - subscribe-error
  ---
  duration_ms: 167
  connection_id: bc1d2fa35286dde5f60d63b844327f44
  ...
[2m2026-09-04T01:40:40.868254Z[0m [32m INFO[0m [2mmoq_native_ietf::quic[0m[2m:[0m UDP socket bound [3mbind[0m[2m=[0m[::]:0 [3mlocal[0m[2m=[0m[::]:43825 [3mdual_stack[0m[2m=[0mtrue
[2m2026-09-04T01:40:41.027901Z[0m [32m INFO[0m [2mmoq_native_ietf::quic[0m[2m:[0m UDP socket bound [3mbind[0m[2m=[0m[::]:0 [3mlocal[0m[2m=[0m[::]:45405 [3mdual_stack[0m[2m=[0mtrue
[2m2026-09-04T01:40:41.143580Z[0m [32m INFO[0m [2mmoq_test_client::scenarios[0m[2m:[0m Publisher announcing namespace: moq-test/interop
[2m2026-09-04T01:40:41.143603Z[0m [32m INFO[0m [2mmoq_test_client::scenarios[0m[2m:[0m Subscriber subscribing to track: moq-test/interop/test-track
[2m2026-09-04T01:40:41.143629Z[0m [33m WARN[0m [2mmoq_transport::serve::error[0m[2m:[0m [c300a6b5-64d0-433c-9c31-27d0271970b5] Not implemented: SUBSCRIBE_NAMESPACE at moq-transport/src/session/error.rs:77
[2m2026-09-04T01:40:41.143635Z[0m [33m WARN[0m [2mmoq_transport::session::publisher[0m[2m:[0m failed to process message: serve error: not implemented: Feature not implemented [error:c300a6b5-64d0-433c-9c31-27d0271970b5]
[2m2026-09-04T01:40:41.143643Z[0m [33m WARN[0m [2mmoq_transport::serve::error[0m[2m:[0m [07ae93c1-d4d7-4a97-8c8d-e7fe8c229875] Not implemented: SUBSCRIBE_NAMESPACE at moq-transport/src/session/error.rs:77
[2m2026-09-04T01:40:41.143646Z[0m [33m WARN[0m [2mmoq_transport::session::publisher[0m[2m:[0m failed to process message: serve error: not implemented: Feature not implemented [error:07ae93c1-d4d7-4a97-8c8d-e7fe8c229875]
[2m2026-09-04T01:40:41.143680Z[0m [33m WARN[0m [2mmoq_transport::serve::error[0m[2m:[0m [ee230819-5327-48ac-97e2-44db1f74655d] Not implemented: SUBSCRIBE_NAMESPACE at moq-transport/src/session/error.rs:77
[2m2026-09-04T01:40:41.143693Z[0m [33m WARN[0m [2mmoq_transport::session::publisher[0m[2m:[0m failed to process message: serve error: not implemented: Feature not implemented [error:ee230819-5327-48ac-97e2-44db1f74655d]
[2m2026-09-04T01:40:41.143760Z[0m [33m WARN[0m [2mmoq_transport::serve::error[0m[2m:[0m [b1655a2d-f286-44b6-be32-646460bfcb8e] Not implemented: SUBSCRIBE_NAMESPACE at moq-transport/src/session/error.rs:77
[2m2026-09-04T01:40:41.143772Z[0m [33m WARN[0m [2mmoq_transport::session::publisher[0m[2m:[0m failed to process message: serve error: not implemented: Feature not implemented [error:b1655a2d-f286-44b6-be32-646460bfcb8e]
[2m2026-09-04T01:40:41.197777Z[0m [32m INFO[0m [2mmoq_test_client::scenarios[0m[2m:[0m Subscriber got error: closed, code=404 - subscription was processed
ok 4 - announce-subscribe
  ---
  duration_ms: 330
  publisher_connection_id: d12bb3fdd23e20ab820faba9e4a0702b
  subscriber_connection_id: 17a058e40901b39abf90400e367606b8
  ...
[2m2026-09-04T01:40:41.198672Z[0m [32m INFO[0m [2mmoq_native_ietf::quic[0m[2m:[0m UDP socket bound [3mbind[0m[2m=[0m[::]:0 [3mlocal[0m[2m=[0m[::]:41945 [3mdual_stack[0m[2m=[0mtrue
[2m2026-09-04T01:40:41.342381Z[0m [32m INFO[0m [2mmoq_test_client::scenarios[0m[2m:[0m Subscriber subscribing BEFORE announce: moq-test/interop/test-track
[2m2026-09-04T01:40:41.342476Z[0m [33m WARN[0m [2mmoq_transport::serve::error[0m[2m:[0m [05fb3093-de48-4e5c-9d7f-7a62fddd5b3a] Not implemented: SUBSCRIBE_NAMESPACE at moq-transport/src/session/error.rs:77
[2m2026-09-04T01:40:41.342488Z[0m [33m WARN[0m [2mmoq_transport::session::publisher[0m[2m:[0m failed to process message: serve error: not implemented: Feature not implemented [error:05fb3093-de48-4e5c-9d7f-7a62fddd5b3a]
[2m2026-09-04T01:40:41.342499Z[0m [33m WARN[0m [2mmoq_transport::serve::error[0m[2m:[0m [ff7504d4-691b-47f3-a0d5-ba53dbcd5299] Not implemented: SUBSCRIBE_NAMESPACE at moq-transport/src/session/error.rs:77
[2m2026-09-04T01:40:41.342504Z[0m [33m WARN[0m [2mmoq_transport::session::publisher[0m[2m:[0m failed to process message: serve error: not implemented: Feature not implemented [error:ff7504d4-691b-47f3-a0d5-ba53dbcd5299]
[2m2026-09-04T01:40:41.844670Z[0m [32m INFO[0m [2mmoq_native_ietf::quic[0m[2m:[0m UDP socket bound [3mbind[0m[2m=[0m[::]:0 [3mlocal[0m[2m=[0m[::]:54098 [3mdual_stack[0m[2m=[0mtrue
[2m2026-09-04T01:40:42.147179Z[0m [32m INFO[0m [2mmoq_test_client::scenarios[0m[2m:[0m Publisher announcing namespace (after subscriber): moq-test/interop
[2m2026-09-04T01:40:42.147226Z[0m [33m WARN[0m [2mmoq_transport::serve::error[0m[2m:[0m [b052647b-164a-4c2f-abe0-ce0ddd6c8e80] Not implemented: SUBSCRIBE_NAMESPACE at moq-transport/src/session/error.rs:77
[2m2026-09-04T01:40:42.147232Z[0m [33m WARN[0m [2mmoq_transport::session::publisher[0m[2m:[0m failed to process message: serve error: not implemented: Feature not implemented [error:b052647b-164a-4c2f-abe0-ce0ddd6c8e80]
[2m2026-09-04T01:40:42.147247Z[0m [33m WARN[0m [2mmoq_transport::serve::error[0m[2m:[0m [8c057637-c8e8-4a68-901d-fd49d13dcca2] Not implemented: SUBSCRIBE_NAMESPACE at moq-transport/src/session/error.rs:77
[2m2026-09-04T01:40:42.147251Z[0m [33m WARN[0m [2mmoq_transport::session::publisher[0m[2m:[0m failed to process message: serve error: not implemented: Feature not implemented [error:8c057637-c8e8-4a68-901d-fd49d13dcca2]
[2m2026-09-04T01:40:45.148435Z[0m [32m INFO[0m [2mmoq_test_client::scenarios[0m[2m:[0m Publisher announce timeout (expected)
[2m2026-09-04T01:40:45.148470Z[0m [32m INFO[0m [2mmoq_test_client::scenarios[0m[2m:[0m Subscriber got error: closed, code=404 (may be expected)
ok 5 - subscribe-before-announce
  ---
  duration_ms: 3950
  subscriber_connection_id: 052bf0e296209870c73b81d9e5a169e9
  publisher_connection_id: a8a1ebcc554e2baa0af35db1f5167bff
  ...
[2m2026-09-04T01:40:45.149440Z[0m [32m INFO[0m [2mmoq_native_ietf::quic[0m[2m:[0m UDP socket bound [3mbind[0m[2m=[0m[::]:0 [3mlocal[0m[2m=[0m[::]:51963 [3mdual_stack[0m[2m=[0mtrue
[2m2026-09-04T01:40:45.294794Z[0m [32m INFO[0m [2mmoq_test_client::scenarios[0m[2m:[0m Announcing namespace: moq-test/interop
[2m2026-09-04T01:40:45.294833Z[0m [33m WARN[0m [2mmoq_transport::serve::error[0m[2m:[0m [ffc3fa9e-e2b1-4f22-9973-0e2e595f2757] Not implemented: SUBSCRIBE_NAMESPACE at moq-transport/src/session/error.rs:77
[2m2026-09-04T01:40:45.294839Z[0m [33m WARN[0m [2mmoq_transport::session::publisher[0m[2m:[0m failed to process message: serve error: not implemented: Feature not implemented [error:ffc3fa9e-e2b1-4f22-9973-0e2e595f2757]
[2m2026-09-04T01:40:45.294848Z[0m [33m WARN[0m [2mmoq_transport::serve::error[0m[2m:[0m [32ab2d6c-54f5-4ce2-85e5-81b05876684a] Not implemented: SUBSCRIBE_NAMESPACE at moq-transport/src/session/error.rs:77
[2m2026-09-04T01:40:45.294850Z[0m [33m WARN[0m [2mmoq_transport::session::publisher[0m[2m:[0m failed to process message: serve error: not implemented: Feature not implemented [error:32ab2d6c-54f5-4ce2-85e5-81b05876684a]
[2m2026-09-04T01:40:47.296069Z[0m [32m INFO[0m [2mmoq_test_client::scenarios[0m[2m:[0m Announce active, now sending PUBLISH_NAMESPACE_DONE
[2m2026-09-04T01:40:47.397465Z[0m [32m INFO[0m [2mmoq_test_client::scenarios[0m[2m:[0m PUBLISH_NAMESPACE_DONE sent successfully
ok 6 - publish-namespace-done
  ---
  duration_ms: 2248
  connection_id: b71643d09a14292c5c1a29818f04cf5b
  ...
make[1]: Leaving directory '/home/runner/work/moq-interop-runner/moq-interop-runner/main'
