make[1]: Entering directory '/home/runner/work/moq-interop-runner/moq-interop-runner/main'
Running tests against moqt://moqt.nokiaresearch.com:4443/moq...
  Client: ghcr.io/englishm/moq-interop-runner-moq-test-client-draft-18:latest
docker run --rm \
	 \
	--network host \
	-e RELAY_URL=moqt://moqt.nokiaresearch.com:4443/moq \
	-e TLS_DISABLE_VERIFY=false \
	ghcr.io/englishm/moq-interop-runner-moq-test-client-draft-18:latest
TAP version 14
# moq-test-client v0.1.12
# Relay: moqt://moqt.nokiaresearch.com:4443/moq
1..9
[2m2026-09-04T00:46:33.988770Z[0m [32m INFO[0m [2mmoq_native_ietf::quic[0m[2m:[0m UDP socket bound [3mbind[0m[2m=[0m[::]:0 [3mlocal[0m[2m=[0m[::]:52340 [3mdual_stack[0m[2m=[0mtrue
[2m2026-09-04T00:46:34.504102Z[0m [32m INFO[0m [2mmoq_test_client::scenarios[0m[2m:[0m SETUP exchange completed successfully
ok 1 - setup-only
  ---
  duration_ms: 516
  connection_id: 9c310705cd02e8c768824e5d983cbb76
  ...
[2m2026-09-04T00:46:34.505163Z[0m [32m INFO[0m [2mmoq_native_ietf::quic[0m[2m:[0m UDP socket bound [3mbind[0m[2m=[0m[::]:0 [3mlocal[0m[2m=[0m[::]:33874 [3mdual_stack[0m[2m=[0mtrue
[2m2026-09-04T00:46:35.021320Z[0m [32m INFO[0m [2mmoq_test_client::scenarios[0m[2m:[0m Sending PUBLISH_NAMESPACE for: moq-test/interop
[2m2026-09-04T00:46:37.022189Z[0m [32m INFO[0m [2mmoq_test_client::scenarios[0m[2m:[0m PUBLISH_NAMESPACE succeeded (REQUEST_OK received, waiting for subscribers)
ok 2 - publish-namespace-only
  ---
  duration_ms: 2518
  connection_id: db7a483ae515f890fff57bcb31dbd02d
  ...
[2m2026-09-04T00:46:37.023315Z[0m [32m INFO[0m [2mmoq_native_ietf::quic[0m[2m:[0m UDP socket bound [3mbind[0m[2m=[0m[::]:0 [3mlocal[0m[2m=[0m[::]:45572 [3mdual_stack[0m[2m=[0mtrue
[2m2026-09-04T00:46:37.489342Z[0m [32m INFO[0m [2mmoq_test_client::scenarios[0m[2m:[0m Subscribing to non-existent track: nonexistent/namespace/test-track
[2m2026-09-04T00:46:37.661034Z[0m [33m WARN[0m [2mmoq_transport::serve::error[0m[2m:[0m [5d5c8c5d-5828-4b0d-a421-cb648db05a6d] Not found: Track /nonexistent/namespace/test-track does not exist at moq-transport/src/session/subscriber.rs:1653
ok 3 - subscribe-error
  ---
  duration_ms: 638
  connection_id: dd9aa241106faac287018d0a94794e0b
  ...
[2m2026-09-04T00:46:37.661258Z[0m [32m INFO[0m [2mmoq_test_client::scenarios[0m[2m:[0m Got expected 'not found' error: not found: Track not found [error:5d5c8c5d-5828-4b0d-a421-cb648db05a6d]
[2m2026-09-04T00:46:37.662249Z[0m [32m INFO[0m [2mmoq_native_ietf::quic[0m[2m:[0m UDP socket bound [3mbind[0m[2m=[0m[::]:0 [3mlocal[0m[2m=[0m[::]:50155 [3mdual_stack[0m[2m=[0mtrue
[2m2026-09-04T00:46:38.133990Z[0m [32m INFO[0m [2mmoq_native_ietf::quic[0m[2m:[0m UDP socket bound [3mbind[0m[2m=[0m[::]:0 [3mlocal[0m[2m=[0m[::]:40256 [3mdual_stack[0m[2m=[0mtrue
[2m2026-09-04T00:46:38.615378Z[0m [32m INFO[0m [2mmoq_test_client::scenarios[0m[2m:[0m Publisher sending PUBLISH_NAMESPACE: moq-test/interop
[2m2026-09-04T00:46:38.615397Z[0m [32m INFO[0m [2mmoq_test_client::scenarios[0m[2m:[0m Subscriber subscribing to track: moq-test/interop/test-track
[2m2026-09-04T00:46:38.767540Z[0m [33m WARN[0m [2mmoq_transport::serve::error[0m[2m:[0m [15d2a3ce-636a-43db-a9d0-87ea2e65f035] Not found: Track /moq-test/interop/test-track does not exist at moq-transport/src/session/subscriber.rs:1653
[2m2026-09-04T00:46:38.767766Z[0m [32m INFO[0m [2mmoq_test_client::scenarios[0m[2m:[0m Subscriber got error: not found: Track not found [error:15d2a3ce-636a-43db-a9d0-87ea2e65f035] - subscription was processed
ok 4 - publish-namespace-subscribe
  ---
  duration_ms: 1106
  publisher_connection_id: 3920b98945e33a381eb895dcfab0ef4c
  subscriber_connection_id: f6916e0417ce97cb25fe313562709ce7
  ...
[2m2026-09-04T00:46:38.768740Z[0m [32m INFO[0m [2mmoq_native_ietf::quic[0m[2m:[0m UDP socket bound [3mbind[0m[2m=[0m[::]:0 [3mlocal[0m[2m=[0m[::]:43023 [3mdual_stack[0m[2m=[0mtrue
[2m2026-09-04T00:46:39.230565Z[0m [32m INFO[0m [2mmoq_test_client::scenarios[0m[2m:[0m Subscriber subscribing BEFORE PUBLISH_NAMESPACE: moq-test/interop/test-track
[2m2026-09-04T00:46:39.380783Z[0m [33m WARN[0m [2mmoq_transport::serve::error[0m[2m:[0m [9317a43b-01cb-467e-9a3e-f82c006fa7dd] Not found: Track /moq-test/interop/test-track does not exist at moq-transport/src/session/subscriber.rs:1653
[2m2026-09-04T00:46:39.733572Z[0m [32m INFO[0m [2mmoq_native_ietf::quic[0m[2m:[0m UDP socket bound [3mbind[0m[2m=[0m[::]:0 [3mlocal[0m[2m=[0m[::]:41368 [3mdual_stack[0m[2m=[0mtrue
[2m2026-09-04T00:46:40.190532Z[0m [32m INFO[0m [2mmoq_test_client::scenarios[0m[2m:[0m Publisher sending PUBLISH_NAMESPACE (after subscriber): moq-test/interop
[2m2026-09-04T00:46:43.190899Z[0m [32m INFO[0m [2mmoq_test_client::scenarios[0m[2m:[0m Publisher PUBLISH_NAMESPACE timeout (expected)
[2m2026-09-04T00:46:43.190925Z[0m [32m INFO[0m [2mmoq_test_client::scenarios[0m[2m:[0m Subscriber got error: not found: Track not found [error:9317a43b-01cb-467e-9a3e-f82c006fa7dd] (may be expected)
ok 5 - subscribe-before-publish-namespace
  ---
  duration_ms: 4423
  subscriber_connection_id: 12712355fb0ab18f6a840e2787f81a21
  publisher_connection_id: 063857bc12c0fb27387de6c8fbc63579
  ...
[2m2026-09-04T00:46:43.191943Z[0m [32m INFO[0m [2mmoq_native_ietf::quic[0m[2m:[0m UDP socket bound [3mbind[0m[2m=[0m[::]:0 [3mlocal[0m[2m=[0m[::]:37578 [3mdual_stack[0m[2m=[0mtrue
[2m2026-09-04T00:46:43.715295Z[0m [32m INFO[0m [2mmoq_test_client::scenarios[0m[2m:[0m Sending PUBLISH_NAMESPACE: moq-test/interop
[2m2026-09-04T00:46:45.716263Z[0m [32m INFO[0m [2mmoq_test_client::scenarios[0m[2m:[0m PUBLISH_NAMESPACE active; sending PUBLISH_NAMESPACE_DONE
[2m2026-09-04T00:46:45.817723Z[0m [32m INFO[0m [2mmoq_test_client::scenarios[0m[2m:[0m PUBLISH_NAMESPACE_DONE sent successfully
ok 6 - publish-namespace-done
  ---
  duration_ms: 2626
  connection_id: 3397438eebac8756b35e088d02635437
  ...
[2m2026-09-04T00:46:45.818640Z[0m [32m INFO[0m [2mmoq_native_ietf::quic[0m[2m:[0m UDP socket bound [3mbind[0m[2m=[0m[::]:0 [3mlocal[0m[2m=[0m[::]:51351 [3mdual_stack[0m[2m=[0mtrue
[2m2026-09-04T00:46:46.274307Z[0m [32m INFO[0m [2mmoq_test_client::scenarios[0m[2m:[0m Publisher sending direct PUBLISH [3mnamespace[0m[2m=[0m/moq-test/publish [3mtrack[0m[2m=[0m"published-track"
[2m2026-09-04T00:46:46.424633Z[0m [32m INFO[0m [2mmoq_test_client::scenarios[0m[2m:[0m PUBLISH accepted [3mnamespace[0m[2m=[0m/moq-test/publish [3mtrack[0m[2m=[0m"published-track"
ok 7 - publish-track-only
  ---
  duration_ms: 607
  connection_id: bdcbeaef2eddc9309a775b64ac237dd1
  ...
[2m2026-09-04T00:46:46.424873Z[0m [32m INFO[0m [2mmoq_test_client::scenarios[0m[2m:[0m PUBLISH completed [3mnamespace[0m[2m=[0m/moq-test/publish [3mtrack[0m[2m=[0m"published-track"
[2m2026-09-04T00:46:46.425808Z[0m [32m INFO[0m [2mmoq_native_ietf::quic[0m[2m:[0m UDP socket bound [3mbind[0m[2m=[0m[::]:0 [3mlocal[0m[2m=[0m[::]:45548 [3mdual_stack[0m[2m=[0mtrue
[2m2026-09-04T00:46:46.880619Z[0m [32m INFO[0m [2mmoq_native_ietf::quic[0m[2m:[0m UDP socket bound [3mbind[0m[2m=[0m[::]:0 [3mlocal[0m[2m=[0m[::]:54279 [3mdual_stack[0m[2m=[0mtrue
[2m2026-09-04T00:46:47.390183Z[0m [32m INFO[0m [2mmoq_test_client::scenarios[0m[2m:[0m Publisher sending direct PUBLISH before subscriber subscribes [3mnamespace[0m[2m=[0m/moq-test/publish [3mtrack[0m[2m=[0m"published-track"
[2m2026-09-04T00:46:47.540366Z[0m [32m INFO[0m [2mmoq_test_client::scenarios[0m[2m:[0m PUBLISH accepted; starting subscriber [3mnamespace[0m[2m=[0m/moq-test/publish [3mtrack[0m[2m=[0m"published-track"
[2m2026-09-04T00:46:47.793478Z[0m [32m INFO[0m [2mmoq_test_client::scenarios[0m[2m:[0m Subscriber received direct PUBLISH track [3mnamespace[0m[2m=[0m/moq-test/publish [3mtrack[0m[2m=[0m"published-track"
ok 8 - publish-track-subscribe
  ---
  duration_ms: 1368
  publisher_connection_id: c38f51a029ac8835cea3ba8683cb9789
  subscriber_connection_id: 74845b13d844ecd754a54fb2207397a1
  ...
[2m2026-09-04T00:46:47.794433Z[0m [32m INFO[0m [2mmoq_native_ietf::quic[0m[2m:[0m UDP socket bound [3mbind[0m[2m=[0m[::]:0 [3mlocal[0m[2m=[0m[::]:41472 [3mdual_stack[0m[2m=[0mtrue
[2m2026-09-04T00:46:48.250329Z[0m [32m INFO[0m [2mmoq_test_client::scenarios[0m[2m:[0m Subscribing with RENDEZVOUS_TIMEOUT to a track with no publisher [3mtimeout_ms[0m[2m=[0m500
[2m2026-09-04T00:46:48.901528Z[0m [32m INFO[0m [2mmoq_test_client::scenarios[0m[2m:[0m Received expected REQUEST_ERROR TIMEOUT
ok 9 - rendezvous-timeout
  ---
  duration_ms: 1107
  connection_id: b412c8e373597da27c9522142aa6a077
  ...
make[1]: Leaving directory '/home/runner/work/moq-interop-runner/moq-interop-runner/main'
