make[1]: Entering directory '/home/runner/work/moq-interop-runner/moq-interop-runner/main'
Running tests against moqt://moqt.nokiaresearch.com:4443/moq...
  Client: ghcr.io/openmoq/moqx-interop-client:latest
docker run --rm \
	 \
	--network host \
	-e RELAY_URL=moqt://moqt.nokiaresearch.com:4443/moq \
	-e TLS_DISABLE_VERIFY=false \
	ghcr.io/openmoq/moqx-interop-client:latest
TAP version 14
# moxygen interop test client
# Relay: moqt://moqt.nokiaresearch.com:4443/moq
# Transport: QUIC
# Offered ALPNs: moqt-18, moqt-16, moqt-15, moq-00
1..6
E0904 00:55:58.815335     1 MoQCodec.cpp:95] Frame underflow -> parse error
E0904 00:55:58.815372     1 MoQCodec.cpp:126] Conn error=3
E0904 00:55:58.815377     1 MoQSession.cpp:5774] MoQCodec control stream parse error err=3
not ok 1 - setup-only
  ---
  duration_ms: 452
  error: coroutine operation cancelled
  ...
E0904 00:55:59.233186     1 MoQCodec.cpp:95] Frame underflow -> parse error
E0904 00:55:59.233218     1 MoQCodec.cpp:126] Conn error=3
E0904 00:55:59.233222     1 MoQSession.cpp:5774] MoQCodec control stream parse error err=3
not ok 2 - announce-only
  ---
  duration_ms: 417
  error: coroutine operation cancelled
  ...
E0904 00:55:59.650662     1 MoQCodec.cpp:95] Frame underflow -> parse error
E0904 00:55:59.650692     1 MoQCodec.cpp:126] Conn error=3
E0904 00:55:59.650696     1 MoQSession.cpp:5774] MoQCodec control stream parse error err=3
not ok 3 - subscribe-error
  ---
  duration_ms: 417
  error: coroutine operation cancelled
  ...
E0904 00:56:00.074541     1 MoQCodec.cpp:95] Frame underflow -> parse error
E0904 00:56:00.074570     1 MoQCodec.cpp:126] Conn error=3
E0904 00:56:00.074574     1 MoQSession.cpp:5774] MoQCodec control stream parse error err=3
not ok 4 - announce-subscribe
  ---
  duration_ms: 423
  error: coroutine operation cancelled
  ...
E0904 00:56:00.508238     1 MoQCodec.cpp:95] Frame underflow -> parse error
E0904 00:56:00.508267     1 MoQCodec.cpp:126] Conn error=3
E0904 00:56:00.508272     1 MoQSession.cpp:5774] MoQCodec control stream parse error err=3
not ok 5 - publish-namespace-done
  ---
  duration_ms: 433
  error: coroutine operation cancelled
  ...
E0904 00:56:01.010709     1 MoQCodec.cpp:95] Frame underflow -> parse error
E0904 00:56:01.010740     1 MoQCodec.cpp:126] Conn error=3
E0904 00:56:01.010744     1 MoQSession.cpp:5774] MoQCodec control stream parse error err=3
not ok 6 - subscribe-before-announce
  ---
  duration_ms: 502
  error: coroutine operation cancelled
  ...
E20260904 00:56:02.012099     1 EventHandler.cpp:95] EventBase: failed to register event handler for fd 10: Resource temporarily unavailable
make[1]: *** [Makefile:122: test-external] Error 1
make[1]: Leaving directory '/home/runner/work/moq-interop-runner/moq-interop-runner/main'
