make[1]: Entering directory '/home/runner/work/moq-interop-runner/moq-interop-runner/main'
Running tests against https://draft-18-interop.cloudflare.mediaoverquic.com:443/moq...
  Client: ghcr.io/facebookexperimental/moxygen-interop-client:latest-amd64
docker run --rm \
	 \
	--network host \
	-e RELAY_URL=https://draft-18-interop.cloudflare.mediaoverquic.com:443/moq \
	-e TLS_DISABLE_VERIFY=false \
	ghcr.io/facebookexperimental/moxygen-interop-client:latest-amd64
TAP version 14
# moxygen interop test client
# Relay: https://draft-18-interop.cloudflare.mediaoverquic.com:443/moq
# Transport: WebTransport
# Offered ALPNs: moqt-18, moqt-16, moqt-15, moq-00
1..6
ok 1 - setup-only
  ---
  duration_ms: 172
  negotiated_version: draft-18
  info: SETUP exchange completed successfully
  ...
E0904 00:59:07.749600     1 MoQRelaySession.cpp:1116] PublishNamespaceDone for unknown publishNamespace, sess=0x555d71f23440
ok 2 - announce-only
  ---
  duration_ms: 90
  negotiated_version: draft-18
  info: PUBLISH_NAMESPACE completed successfully
  ...
E20260904 00:59:07.844921     1 HQControlCodec.h:58] Unexpected control stream EOF
E20260904 00:59:07.845944     1 HQSession.cpp:3158] Got error on control stream error=HTTP: Critical stream was closed streamID=3 sess=proto=h3, client CID=, server CID=606a40106fa5fb25, local=10.1.0.124:56723, 8.228.3.228:443=upstream, drain=pending
E0904 00:59:07.846098     1 MoQWebTransportClient.cpp:200] proxygen::HTTPException: Got error=ApplicationError: 260, HTTP error on control stream
ok 3 - subscribe-error
  ---
  duration_ms: 96
  negotiated_version: draft-18
  info: Subscribe correctly returned error: Session closed
  ...
E0904 00:59:08.038132     1 MoQSession.cpp:5055] No matching subscribe ID=0 sess=0x555d7206d3b0
not ok 4 - announce-subscribe
  ---
  duration_ms: 192
  negotiated_version: draft-18
  error: Subscribe failed: peer FINed without terminal reply
  ...
ok 5 - publish-namespace-done
  ---
  duration_ms: 62
  negotiated_version: draft-18
  info: PUBLISH_NAMESPACE_OK received, PUBLISH_NAMESPACE_DONE sent
  ...
E0904 00:59:08.156839     1 MoQSession.cpp:5055] No matching subscribe ID=0 sess=0x555d7209c900
E20260904 00:59:08.157306     1 HQControlCodec.h:58] Unexpected control stream EOF
E20260904 00:59:08.157359     1 HQSession.cpp:3158] Got error on control stream error=HTTP: Critical stream was closed streamID=3 sess=proto=h3, client CID=, server CID=e3c740329f20c00a, local=10.1.0.124:49373, 8.228.3.228:443=upstream, drain=done
ok 6 - subscribe-before-announce
  ---
  duration_ms: 669
  negotiated_version: draft-18
  info: Subscribe returned error (relay doesn't buffer pending subscriptions): peer FINed without terminal reply
  ...
make[1]: *** [Makefile:122: test-external] Error 1
make[1]: Leaving directory '/home/runner/work/moq-interop-runner/moq-interop-runner/main'
