make[1]: Entering directory '/home/runner/work/moq-interop-runner/moq-interop-runner/main'
Running tests against moqt://moqx-main.ci.openmoq.org:4433...
  Client: ghcr.io/englishm/moq-interop-runner-stitcher-moq-client:latest
docker run --rm \
	 \
	--network host \
	-e RELAY_URL=moqt://moqx-main.ci.openmoq.org:4433 \
	-e TLS_DISABLE_VERIFY=false \
	ghcr.io/englishm/moq-interop-runner-stitcher-moq-client:latest
TAP version 14
# stitcher-moq-client v0.1.0 (moq-net via moq-native 0.19)
# Relay: moqt://moqx-main.ci.openmoq.org:4433
1..6
ok 1 - setup-only
  ---
  duration_ms: 141
  negotiated: moq-transport-16
  ...
ok 2 - announce-only
  ---
  duration_ms: 818
  negotiated: moq-transport-16
  outcome: "announce accepted (session healthy)"
  ...
ok 3 - publish-namespace-done
  ---
  duration_ms: 900
  negotiated: moq-transport-16
  outcome: "namespace withdrawn cleanly"
  ...
ok 4 - subscribe-error
  ---
  duration_ms: 400
  negotiated: moq-transport-16
  outcome: "request rejected cleanly: unroutable"
  ...
ok 5 - announce-subscribe
  ---
  duration_ms: 550
  negotiated: moq-transport-16
  outcome: "SUBSCRIBE_OK (track info received)"
  ...
ok 6 - subscribe-before-announce
  ---
  duration_ms: 1072
  negotiated: moq-transport-16
  outcome: "early subscribe resolved after announce; SUBSCRIBE_OK"
  ...
make[1]: Leaving directory '/home/runner/work/moq-interop-runner/moq-interop-runner/main'
