make[1]: Entering directory '/home/runner/work/moq-interop-runner/moq-interop-runner/main'
Running tests against https://quichemoq.dev:443...
  Client: ghcr.io/englishm/moq-interop-runner-stitcher-moq-client:latest
docker run --rm \
	 \
	--network host \
	-e RELAY_URL=https://quichemoq.dev:443 \
	-e TLS_DISABLE_VERIFY=false \
	ghcr.io/englishm/moq-interop-runner-stitcher-moq-client:latest
TAP version 14
# stitcher-moq-client v0.1.0 (moq-net via moq-native 0.19)
# Relay: https://quichemoq.dev:443
1..6
not ok 1 - setup-only
  ---
  duration_ms: 2002
  message: "timeout after 2000ms: deadline has elapsed"
  ...
not ok 2 - announce-only
  ---
  duration_ms: 2001
  message: "timeout after 2000ms: deadline has elapsed"
  ...
not ok 3 - publish-namespace-done
  ---
  duration_ms: 2001
  message: "timeout after 2000ms: deadline has elapsed"
  ...
not ok 4 - subscribe-error
  ---
  duration_ms: 2001
  message: "timeout after 2000ms: deadline has elapsed"
  ...
not ok 5 - announce-subscribe
  ---
  duration_ms: 3000
  message: "timeout after 3000ms: deadline has elapsed"
  ...
not ok 6 - subscribe-before-announce
  ---
  duration_ms: 5001
  message: "timeout after 5000ms: deadline has elapsed"
  ...
make[1]: *** [Makefile:122: test-external] Error 1
make[1]: Leaving directory '/home/runner/work/moq-interop-runner/moq-interop-runner/main'
