make[1]: Entering directory '/home/runner/work/moq-interop-runner/moq-interop-runner/main'
Running tests against moqt://34-72-6-160.sslip.io:443...
  Client: ghcr.io/englishm/moq-interop-runner-moq-test-client-draft-14:latest
docker run --rm \
	 \
	--network host \
	-e RELAY_URL=moqt://34-72-6-160.sslip.io:443 \
	-e TLS_DISABLE_VERIFY=false \
	ghcr.io/englishm/moq-interop-runner-moq-test-client-draft-14:latest
TAP version 14
# moq-test-client v0.1.7
# Relay: moqt://34-72-6-160.sslip.io:443
1..6
[2m2026-10-08T01:47:49.651499Z[0m [32m INFO[0m [2mmoq_native_ietf::quic[0m[2m:[0m UDP socket bound [3mbind[0m[2m=[0m[::]:0 [3mlocal[0m[2m=[0m[::]:34133 [3mdual_stack[0m[2m=[0mtrue
[2m2026-10-08T01:47:49.715942Z[0m [32m INFO[0m [2mmoq_test_client::scenarios[0m[2m:[0m SETUP exchange completed successfully
ok 1 - setup-only
  ---
  duration_ms: 65
  connection_id: 91511a6287a5b9ee9657ef99f7caf52c
  ...
[2m2026-10-08T01:47:49.716602Z[0m [32m INFO[0m [2mmoq_native_ietf::quic[0m[2m:[0m UDP socket bound [3mbind[0m[2m=[0m[::]:0 [3mlocal[0m[2m=[0m[::]:43586 [3mdual_stack[0m[2m=[0mtrue
[2m2026-10-08T01:47:49.906596Z[0m [32m INFO[0m [2mmoq_test_client::scenarios[0m[2m:[0m Announcing namespace: moq-test/interop
[2m2026-10-08T01:47:49.906654Z[0m [33m WARN[0m [2mmoq_transport::serve::error[0m[2m:[0m [b457d50d-531d-49ed-86a3-3a076c1ada4d] Not implemented: SUBSCRIBE_NAMESPACE at moq-transport/src/session/error.rs:77
[2m2026-10-08T01:47:49.906659Z[0m [33m WARN[0m [2mmoq_transport::session::publisher[0m[2m:[0m failed to process message: serve error: not implemented: Feature not implemented [error:b457d50d-531d-49ed-86a3-3a076c1ada4d]
[2m2026-10-08T01:47:49.906669Z[0m [33m WARN[0m [2mmoq_transport::serve::error[0m[2m:[0m [59ee6f85-53c7-40cc-9c4d-aead46afb7c1] Not implemented: SUBSCRIBE_NAMESPACE at moq-transport/src/session/error.rs:77
[2m2026-10-08T01:47:49.906672Z[0m [33m WARN[0m [2mmoq_transport::session::publisher[0m[2m:[0m failed to process message: serve error: not implemented: Feature not implemented [error:59ee6f85-53c7-40cc-9c4d-aead46afb7c1]
[2m2026-10-08T01:47:49.906674Z[0m [33m WARN[0m [2mmoq_transport::serve::error[0m[2m:[0m [a2aa1b65-a8b3-4f95-a8ab-c1d774b55c12] Not implemented: SUBSCRIBE_NAMESPACE at moq-transport/src/session/error.rs:77
[2m2026-10-08T01:47:49.906676Z[0m [33m WARN[0m [2mmoq_transport::session::publisher[0m[2m:[0m failed to process message: serve error: not implemented: Feature not implemented [error:a2aa1b65-a8b3-4f95-a8ab-c1d774b55c12]
[2m2026-10-08T01:47:51.906948Z[0m [32m INFO[0m [2mmoq_test_client::scenarios[0m[2m:[0m Announce succeeded (no error received, waiting for subscriptions timed out)
ok 2 - announce-only
  ---
  duration_ms: 2191
  connection_id: 3c73bf7629f74fe5bbf7e8576399019a
  ...
[2m2026-10-08T01:47:51.907804Z[0m [32m INFO[0m [2mmoq_native_ietf::quic[0m[2m:[0m UDP socket bound [3mbind[0m[2m=[0m[::]:0 [3mlocal[0m[2m=[0m[::]:60309 [3mdual_stack[0m[2m=[0mtrue
[2m2026-10-08T01:47:52.087713Z[0m [32m INFO[0m [2mmoq_test_client::scenarios[0m[2m:[0m Subscribing to non-existent track: nonexistent/namespace/test-track
[2m2026-10-08T01:47:52.087743Z[0m [33m WARN[0m [2mmoq_transport::serve::error[0m[2m:[0m [09a19a7b-9dcf-441f-b318-4b532789e9bf] Not implemented: SUBSCRIBE_NAMESPACE at moq-transport/src/session/error.rs:77
[2m2026-10-08T01:47:52.087747Z[0m [33m WARN[0m [2mmoq_transport::session::publisher[0m[2m:[0m failed to process message: serve error: not implemented: Feature not implemented [error:09a19a7b-9dcf-441f-b318-4b532789e9bf]
[2m2026-10-08T01:47:52.087753Z[0m [33m WARN[0m [2mmoq_transport::serve::error[0m[2m:[0m [bb9e3383-f34c-4c43-8025-07a9ab693ef4] Not implemented: SUBSCRIBE_NAMESPACE at moq-transport/src/session/error.rs:77
[2m2026-10-08T01:47:52.087755Z[0m [33m WARN[0m [2mmoq_transport::session::publisher[0m[2m:[0m failed to process message: serve error: not implemented: Feature not implemented [error:bb9e3383-f34c-4c43-8025-07a9ab693ef4]
[2m2026-10-08T01:47:52.087757Z[0m [33m WARN[0m [2mmoq_transport::serve::error[0m[2m:[0m [b2b5658c-ce25-47f3-a6ca-21cd136de6f6] Not implemented: SUBSCRIBE_NAMESPACE at moq-transport/src/session/error.rs:77
[2m2026-10-08T01:47:52.087760Z[0m [33m WARN[0m [2mmoq_transport::session::publisher[0m[2m:[0m failed to process message: serve error: not implemented: Feature not implemented [error:b2b5658c-ce25-47f3-a6ca-21cd136de6f6]
[2m2026-10-08T01:47:52.106679Z[0m [33m WARN[0m [2mmoq_test_client::scenarios[0m[2m:[0m Got error but not clearly 'not found': closed, code=4. This may indicate a different error type than expected.
ok 3 - subscribe-error
  ---
  duration_ms: 199
  connection_id: 79a7602d65dcc5c673b72674c60a5368
  ...
[2m2026-10-08T01:47:52.107412Z[0m [32m INFO[0m [2mmoq_native_ietf::quic[0m[2m:[0m UDP socket bound [3mbind[0m[2m=[0m[::]:0 [3mlocal[0m[2m=[0m[::]:52162 [3mdual_stack[0m[2m=[0mtrue
[2m2026-10-08T01:47:52.467524Z[0m [32m INFO[0m [2mmoq_native_ietf::quic[0m[2m:[0m UDP socket bound [3mbind[0m[2m=[0m[::]:0 [3mlocal[0m[2m=[0m[::]:33489 [3mdual_stack[0m[2m=[0mtrue
[2m2026-10-08T01:47:52.513156Z[0m [32m INFO[0m [2mmoq_test_client::scenarios[0m[2m:[0m Publisher announcing namespace: moq-test/interop
[2m2026-10-08T01:47:52.513175Z[0m [32m INFO[0m [2mmoq_test_client::scenarios[0m[2m:[0m Subscriber subscribing to track: moq-test/interop/test-track
[2m2026-10-08T01:47:52.513204Z[0m [33m WARN[0m [2mmoq_transport::serve::error[0m[2m:[0m [973ca5ef-6a1f-4c06-914f-aec671cbb146] Not implemented: SUBSCRIBE_NAMESPACE at moq-transport/src/session/error.rs:77
[2m2026-10-08T01:47:52.513208Z[0m [33m WARN[0m [2mmoq_transport::session::publisher[0m[2m:[0m failed to process message: serve error: not implemented: Feature not implemented [error:973ca5ef-6a1f-4c06-914f-aec671cbb146]
[2m2026-10-08T01:47:52.513214Z[0m [33m WARN[0m [2mmoq_transport::serve::error[0m[2m:[0m [3fb1e31a-c552-4aad-a6f1-496defe69ad3] Not implemented: SUBSCRIBE_NAMESPACE at moq-transport/src/session/error.rs:77
[2m2026-10-08T01:47:52.513215Z[0m [33m WARN[0m [2mmoq_transport::session::publisher[0m[2m:[0m failed to process message: serve error: not implemented: Feature not implemented [error:3fb1e31a-c552-4aad-a6f1-496defe69ad3]
[2m2026-10-08T01:47:52.513217Z[0m [33m WARN[0m [2mmoq_transport::serve::error[0m[2m:[0m [8b85b775-9b06-4a06-be35-3b73f3541c44] Not implemented: SUBSCRIBE_NAMESPACE at moq-transport/src/session/error.rs:77
[2m2026-10-08T01:47:52.513218Z[0m [33m WARN[0m [2mmoq_transport::session::publisher[0m[2m:[0m failed to process message: serve error: not implemented: Feature not implemented [error:8b85b775-9b06-4a06-be35-3b73f3541c44]
[2m2026-10-08T01:47:52.513310Z[0m [33m WARN[0m [2mmoq_transport::serve::error[0m[2m:[0m [278db3c6-1266-4543-b656-0c9b002d87f4] Not implemented: SUBSCRIBE_NAMESPACE at moq-transport/src/session/error.rs:77
[2m2026-10-08T01:47:52.513313Z[0m [33m WARN[0m [2mmoq_transport::session::publisher[0m[2m:[0m failed to process message: serve error: not implemented: Feature not implemented [error:278db3c6-1266-4543-b656-0c9b002d87f4]
[2m2026-10-08T01:47:52.513317Z[0m [33m WARN[0m [2mmoq_transport::serve::error[0m[2m:[0m [b41a6924-3d49-40f8-9471-84d92f540132] Not implemented: SUBSCRIBE_NAMESPACE at moq-transport/src/session/error.rs:77
[2m2026-10-08T01:47:52.513319Z[0m [33m WARN[0m [2mmoq_transport::session::publisher[0m[2m:[0m failed to process message: serve error: not implemented: Feature not implemented [error:b41a6924-3d49-40f8-9471-84d92f540132]
[2m2026-10-08T01:47:52.513321Z[0m [33m WARN[0m [2mmoq_transport::serve::error[0m[2m:[0m [38ec9383-d312-4dc3-926e-78f1571881f9] Not implemented: SUBSCRIBE_NAMESPACE at moq-transport/src/session/error.rs:77
[2m2026-10-08T01:47:52.513322Z[0m [33m WARN[0m [2mmoq_transport::session::publisher[0m[2m:[0m failed to process message: serve error: not implemented: Feature not implemented [error:38ec9383-d312-4dc3-926e-78f1571881f9]
[2m2026-10-08T01:47:52.531967Z[0m [32m INFO[0m [2mmoq_test_client::scenarios[0m[2m:[0m Subscriber got error: closed, code=4 - subscription was processed
ok 4 - announce-subscribe
  ---
  duration_ms: 425
  publisher_connection_id: 48dc37a1b7734c1e4d09f12b10efdc30
  subscriber_connection_id: 35761efb3667a4a091e079d4186cc113
  ...
[2m2026-10-08T01:47:52.532708Z[0m [32m INFO[0m [2mmoq_native_ietf::quic[0m[2m:[0m UDP socket bound [3mbind[0m[2m=[0m[::]:0 [3mlocal[0m[2m=[0m[::]:53829 [3mdual_stack[0m[2m=[0mtrue
[2m2026-10-08T01:47:52.728089Z[0m [32m INFO[0m [2mmoq_test_client::scenarios[0m[2m:[0m Subscriber subscribing BEFORE announce: moq-test/interop/test-track
[2m2026-10-08T01:47:52.728191Z[0m [33m WARN[0m [2mmoq_transport::serve::error[0m[2m:[0m [16b62822-3858-4cb9-9f0f-9f3b79b456a5] Not implemented: SUBSCRIBE_NAMESPACE at moq-transport/src/session/error.rs:77
[2m2026-10-08T01:47:52.728206Z[0m [33m WARN[0m [2mmoq_transport::session::publisher[0m[2m:[0m failed to process message: serve error: not implemented: Feature not implemented [error:16b62822-3858-4cb9-9f0f-9f3b79b456a5]
[2m2026-10-08T01:47:52.728216Z[0m [33m WARN[0m [2mmoq_transport::serve::error[0m[2m:[0m [3228218b-c3b6-4616-9c1e-ae79233d786e] Not implemented: SUBSCRIBE_NAMESPACE at moq-transport/src/session/error.rs:77
[2m2026-10-08T01:47:52.728218Z[0m [33m WARN[0m [2mmoq_transport::session::publisher[0m[2m:[0m failed to process message: serve error: not implemented: Feature not implemented [error:3228218b-c3b6-4616-9c1e-ae79233d786e]
[2m2026-10-08T01:47:52.728221Z[0m [33m WARN[0m [2mmoq_transport::serve::error[0m[2m:[0m [31b2d5d2-720b-4220-a40b-b6e209d760f6] Not implemented: SUBSCRIBE_NAMESPACE at moq-transport/src/session/error.rs:77
[2m2026-10-08T01:47:52.728223Z[0m [33m WARN[0m [2mmoq_transport::session::publisher[0m[2m:[0m failed to process message: serve error: not implemented: Feature not implemented [error:31b2d5d2-720b-4220-a40b-b6e209d760f6]
[2m2026-10-08T01:47:53.229647Z[0m [32m INFO[0m [2mmoq_native_ietf::quic[0m[2m:[0m UDP socket bound [3mbind[0m[2m=[0m[::]:0 [3mlocal[0m[2m=[0m[::]:45807 [3mdual_stack[0m[2m=[0mtrue
[2m2026-10-08T01:47:53.432849Z[0m [32m INFO[0m [2mmoq_test_client::scenarios[0m[2m:[0m Publisher announcing namespace (after subscriber): moq-test/interop
[2m2026-10-08T01:47:53.432889Z[0m [33m WARN[0m [2mmoq_transport::serve::error[0m[2m:[0m [a90427ee-7456-45f8-a66d-1d9bb93f9a0c] Not implemented: SUBSCRIBE_NAMESPACE at moq-transport/src/session/error.rs:77
[2m2026-10-08T01:47:53.432894Z[0m [33m WARN[0m [2mmoq_transport::session::publisher[0m[2m:[0m failed to process message: serve error: not implemented: Feature not implemented [error:a90427ee-7456-45f8-a66d-1d9bb93f9a0c]
[2m2026-10-08T01:47:53.432903Z[0m [33m WARN[0m [2mmoq_transport::serve::error[0m[2m:[0m [f30d0078-7823-421e-b6a4-c25dcf8f2868] Not implemented: SUBSCRIBE_NAMESPACE at moq-transport/src/session/error.rs:77
[2m2026-10-08T01:47:53.432906Z[0m [33m WARN[0m [2mmoq_transport::session::publisher[0m[2m:[0m failed to process message: serve error: not implemented: Feature not implemented [error:f30d0078-7823-421e-b6a4-c25dcf8f2868]
[2m2026-10-08T01:47:53.432908Z[0m [33m WARN[0m [2mmoq_transport::serve::error[0m[2m:[0m [7704bf0c-6a82-4528-a439-82f2ec29ab6e] Not implemented: SUBSCRIBE_NAMESPACE at moq-transport/src/session/error.rs:77
[2m2026-10-08T01:47:53.432910Z[0m [33m WARN[0m [2mmoq_transport::session::publisher[0m[2m:[0m failed to process message: serve error: not implemented: Feature not implemented [error:7704bf0c-6a82-4528-a439-82f2ec29ab6e]
[2m2026-10-08T01:47:56.437170Z[0m [32m INFO[0m [2mmoq_test_client::scenarios[0m[2m:[0m Publisher announce timeout (expected)
[2m2026-10-08T01:47:56.437194Z[0m [32m INFO[0m [2mmoq_test_client::scenarios[0m[2m:[0m Subscriber got error: closed, code=4 (may be expected)
ok 5 - subscribe-before-announce
  ---
  duration_ms: 3905
  subscriber_connection_id: 94bcbd7ce8924dc17505c358b29cb461
  publisher_connection_id: 3fc69bdf36ae8e32be7563ecb48d7f2f
  ...
[2m2026-10-08T01:47:56.437989Z[0m [32m INFO[0m [2mmoq_native_ietf::quic[0m[2m:[0m UDP socket bound [3mbind[0m[2m=[0m[::]:0 [3mlocal[0m[2m=[0m[::]:35422 [3mdual_stack[0m[2m=[0mtrue
[2m2026-10-08T01:47:56.632093Z[0m [32m INFO[0m [2mmoq_test_client::scenarios[0m[2m:[0m Announcing namespace: moq-test/interop
[2m2026-10-08T01:47:56.632196Z[0m [33m WARN[0m [2mmoq_transport::serve::error[0m[2m:[0m [45836600-1a95-4648-8b91-7b0201245611] Not implemented: SUBSCRIBE_NAMESPACE at moq-transport/src/session/error.rs:77
[2m2026-10-08T01:47:56.632210Z[0m [33m WARN[0m [2mmoq_transport::session::publisher[0m[2m:[0m failed to process message: serve error: not implemented: Feature not implemented [error:45836600-1a95-4648-8b91-7b0201245611]
[2m2026-10-08T01:47:56.632218Z[0m [33m WARN[0m [2mmoq_transport::serve::error[0m[2m:[0m [045b8b9c-4a16-46eb-a650-91dea3fc5ddd] Not implemented: SUBSCRIBE_NAMESPACE at moq-transport/src/session/error.rs:77
[2m2026-10-08T01:47:56.632221Z[0m [33m WARN[0m [2mmoq_transport::session::publisher[0m[2m:[0m failed to process message: serve error: not implemented: Feature not implemented [error:045b8b9c-4a16-46eb-a650-91dea3fc5ddd]
[2m2026-10-08T01:47:56.632223Z[0m [33m WARN[0m [2mmoq_transport::serve::error[0m[2m:[0m [b6037898-4a00-4da1-bb5a-cec5290b6f73] Not implemented: SUBSCRIBE_NAMESPACE at moq-transport/src/session/error.rs:77
[2m2026-10-08T01:47:56.632226Z[0m [33m WARN[0m [2mmoq_transport::session::publisher[0m[2m:[0m failed to process message: serve error: not implemented: Feature not implemented [error:b6037898-4a00-4da1-bb5a-cec5290b6f73]
[2m2026-10-08T01:47:58.633585Z[0m [32m INFO[0m [2mmoq_test_client::scenarios[0m[2m:[0m Announce active, now sending PUBLISH_NAMESPACE_DONE
[2m2026-10-08T01:47:58.734381Z[0m [32m INFO[0m [2mmoq_test_client::scenarios[0m[2m:[0m PUBLISH_NAMESPACE_DONE sent successfully
ok 6 - publish-namespace-done
  ---
  duration_ms: 2297
  connection_id: b210abd813eb20e36c2d2212c52db0a4
  ...
make[1]: Leaving directory '/home/runner/work/moq-interop-runner/moq-interop-runner/main'
