make[1]: Entering directory '/home/runner/work/moq-interop-runner/moq-interop-runner/main'
Running tests against https://relay.moqtail.dev...
  Client: ghcr.io/englishm/moq-interop-runner-moq-test-client-draft-18:latest
docker run --rm \
	 \
	--network host \
	-e RELAY_URL=https://relay.moqtail.dev \
	-e TLS_DISABLE_VERIFY=false \
	ghcr.io/englishm/moq-interop-runner-moq-test-client-draft-18:latest
TAP version 14
# moq-test-client v0.1.12
# Relay: https://relay.moqtail.dev/
1..18
[2m2026-10-08T00:50:36.262112Z[0m [32m INFO[0m [2mmoq_native_ietf::quic[0m[2m:[0m UDP socket bound [3mbind[0m[2m=[0m[::]:0 [3mlocal[0m[2m=[0m[::]:58016 [3mdual_stack[0m[2m=[0mtrue
[2m2026-10-08T00:50:36.375685Z[0m [32m INFO[0m [2mmoq_test_client::scenarios[0m[2m:[0m SETUP exchange completed successfully
ok 1 - setup-only
  ---
  duration_ms: 114
  connection_id: c726344b42e4338cc03ff72bd8c69cfb
  ...
[2m2026-10-08T00:50:36.376472Z[0m [32m INFO[0m [2mmoq_native_ietf::quic[0m[2m:[0m UDP socket bound [3mbind[0m[2m=[0m[::]:0 [3mlocal[0m[2m=[0m[::]:37814 [3mdual_stack[0m[2m=[0mtrue
[2m2026-10-08T00:50:36.384595Z[0m [33m WARN[0m [2mweb_transport_quinn::session[0m[2m:[0m failed to read capsule [3me[0m[2m=[0mUnexpectedEnd
[2m2026-10-08T00:50:36.543518Z[0m [32m INFO[0m [2mmoq_test_client::scenarios[0m[2m:[0m Sending PUBLISH_NAMESPACE for: moq-test/interop
[2m2026-10-08T00:50:38.545260Z[0m [32m INFO[0m [2mmoq_test_client::scenarios[0m[2m:[0m PUBLISH_NAMESPACE succeeded (REQUEST_OK received, waiting for subscribers)
ok 2 - publish-namespace-only
  ---
  duration_ms: 2169
  connection_id: 92da7b47e341a4c7150a6ef9aa0ecbcb
  ...
[2m2026-10-08T00:50:38.546225Z[0m [32m INFO[0m [2mmoq_native_ietf::quic[0m[2m:[0m UDP socket bound [3mbind[0m[2m=[0m[::]:0 [3mlocal[0m[2m=[0m[::]:42379 [3mdual_stack[0m[2m=[0mtrue
[2m2026-10-08T00:50:38.567490Z[0m [33m WARN[0m [2mweb_transport_quinn::session[0m[2m:[0m failed to read capsule [3me[0m[2m=[0mUnexpectedEnd
[2m2026-10-08T00:50:38.697705Z[0m [32m INFO[0m [2mmoq_test_client::scenarios[0m[2m:[0m Subscribing to non-existent track: nonexistent/namespace/test-track
[2m2026-10-08T00:50:38.720476Z[0m [33m WARN[0m [2mmoq_transport::serve::error[0m[2m:[0m [0ce3449a-92fd-445d-a948-297b88ed8501] Not found: Unknown track namespace at moq-transport/src/session/subscriber.rs:1653
[2m2026-10-08T00:50:38.720601Z[0m [32m INFO[0m [2mmoq_test_client::scenarios[0m[2m:[0m Got expected 'not found' error: not found: Track not found [error:0ce3449a-92fd-445d-a948-297b88ed8501]
[2m2026-10-08T00:50:38.721320Z[0m [32m INFO[0m [2mmoq_native_ietf::quic[0m[2m:[0m UDP socket bound [3mbind[0m[2m=[0m[::]:0 [3mlocal[0m[2m=[0m[::]:57834 [3mdual_stack[0m[2m=[0mtrue
ok 3 - subscribe-error
  ---
  duration_ms: 175
  connection_id: 3321eccc2b03c613ee480ca27f06a330
  ...
[2m2026-10-08T00:50:38.743002Z[0m [33m WARN[0m [2mweb_transport_quinn::session[0m[2m:[0m failed to read capsule [3me[0m[2m=[0mUnexpectedEnd
[2m2026-10-08T00:50:38.795595Z[0m [32m INFO[0m [2mmoq_native_ietf::quic[0m[2m:[0m UDP socket bound [3mbind[0m[2m=[0m[::]:0 [3mlocal[0m[2m=[0m[::]:52942 [3mdual_stack[0m[2m=[0mtrue
[2m2026-10-08T00:50:38.848503Z[0m [32m INFO[0m [2mmoq_test_client::scenarios[0m[2m:[0m Publisher sending PUBLISH_NAMESPACE: moq-test/interop
[2m2026-10-08T00:50:38.848519Z[0m [32m INFO[0m [2mmoq_test_client::scenarios[0m[2m:[0m Subscriber subscribing to track: moq-test/interop/test-track
[2m2026-10-08T00:50:41.850246Z[0m [32m INFO[0m [2mmoq_test_client::scenarios[0m[2m:[0m Test timeout reached - subscription routing may still be in progress
ok 4 - publish-namespace-subscribe
  ---
  duration_ms: 3129
  publisher_connection_id: 630d9c4b74cc57943a5551332d649185
  subscriber_connection_id: b50c0ee7a603ca92adfe5ff21d4ac30e
  ...
[2m2026-10-08T00:50:41.851069Z[0m [32m INFO[0m [2mmoq_native_ietf::quic[0m[2m:[0m UDP socket bound [3mbind[0m[2m=[0m[::]:0 [3mlocal[0m[2m=[0m[::]:34858 [3mdual_stack[0m[2m=[0mtrue
[2m2026-10-08T00:50:41.858966Z[0m [33m WARN[0m [2mweb_transport_quinn::session[0m[2m:[0m failed to read capsule [3me[0m[2m=[0mUnexpectedEnd
[2m2026-10-08T00:50:41.859358Z[0m [33m WARN[0m [2mweb_transport_quinn::session[0m[2m:[0m failed to read capsule [3me[0m[2m=[0mUnexpectedEnd
[2m2026-10-08T00:50:41.912334Z[0m [32m INFO[0m [2mmoq_test_client::scenarios[0m[2m:[0m Subscriber subscribing BEFORE PUBLISH_NAMESPACE: moq-test/interop/test-track
[2m2026-10-08T00:50:41.927473Z[0m [33m WARN[0m [2mmoq_transport::serve::error[0m[2m:[0m [26b9091a-b590-47d8-aa20-ce4056b0bbb7] Not found: Unknown track namespace at moq-transport/src/session/subscriber.rs:1653
[2m2026-10-08T00:50:41.939482Z[0m [33m WARN[0m [2mweb_transport_quinn::session[0m[2m:[0m failed to read capsule [3me[0m[2m=[0mUnexpectedEnd
[2m2026-10-08T00:50:42.414932Z[0m [32m INFO[0m [2mmoq_native_ietf::quic[0m[2m:[0m UDP socket bound [3mbind[0m[2m=[0m[::]:0 [3mlocal[0m[2m=[0m[::]:59402 [3mdual_stack[0m[2m=[0mtrue
[2m2026-10-08T00:50:42.470604Z[0m [32m INFO[0m [2mmoq_test_client::scenarios[0m[2m:[0m Publisher sending PUBLISH_NAMESPACE (after subscriber): moq-test/interop
[2m2026-10-08T00:50:45.471893Z[0m [32m INFO[0m [2mmoq_test_client::scenarios[0m[2m:[0m Publisher PUBLISH_NAMESPACE timeout (expected)
[2m2026-10-08T00:50:45.471918Z[0m [32m INFO[0m [2mmoq_test_client::scenarios[0m[2m:[0m Subscriber got error: not found: Track not found [error:26b9091a-b590-47d8-aa20-ce4056b0bbb7] (may be expected)
ok 5 - subscribe-before-publish-namespace
  ---
  duration_ms: 3621
  subscriber_connection_id: 175113428191761ab8cc0eac95843863
  publisher_connection_id: 350b1e1edf8d2001ba31a9b6ccb492a2
  ...
[2m2026-10-08T00:50:45.472715Z[0m [32m INFO[0m [2mmoq_native_ietf::quic[0m[2m:[0m UDP socket bound [3mbind[0m[2m=[0m[::]:0 [3mlocal[0m[2m=[0m[::]:40138 [3mdual_stack[0m[2m=[0mtrue
[2m2026-10-08T00:50:45.485820Z[0m [33m WARN[0m [2mweb_transport_quinn::session[0m[2m:[0m failed to read capsule [3me[0m[2m=[0mUnexpectedEnd
[2m2026-10-08T00:50:45.593579Z[0m [32m INFO[0m [2mmoq_test_client::scenarios[0m[2m:[0m Sending PUBLISH_NAMESPACE: moq-test/interop
[2m2026-10-08T00:50:47.595006Z[0m [32m INFO[0m [2mmoq_test_client::scenarios[0m[2m:[0m PUBLISH_NAMESPACE active; sending PUBLISH_NAMESPACE_DONE
[2m2026-10-08T00:50:47.607174Z[0m [33m WARN[0m [2mweb_transport_quinn::session[0m[2m:[0m failed to read capsule [3me[0m[2m=[0mUnexpectedEnd
ok 6 - publish-namespace-done
  ---
  duration_ms: 2224
  connection_id: fbaa7ac3dcb8d3940826b7302d79da2c
  ...
[2m2026-10-08T00:50:47.696522Z[0m [32m INFO[0m [2mmoq_test_client::scenarios[0m[2m:[0m PUBLISH_NAMESPACE_DONE sent successfully
[2m2026-10-08T00:50:47.697285Z[0m [32m INFO[0m [2mmoq_native_ietf::quic[0m[2m:[0m UDP socket bound [3mbind[0m[2m=[0m[::]:0 [3mlocal[0m[2m=[0m[::]:44881 [3mdual_stack[0m[2m=[0mtrue
[2m2026-10-08T00:50:47.909397Z[0m [32m INFO[0m [2mmoq_test_client::scenarios[0m[2m:[0m Publisher sending direct PUBLISH [3mnamespace[0m[2m=[0m/moq-test/publish [3mtrack[0m[2m=[0m"published-track"
[2m2026-10-08T00:50:47.921619Z[0m [32m INFO[0m [2mmoq_test_client::scenarios[0m[2m:[0m PUBLISH accepted [3mnamespace[0m[2m=[0m/moq-test/publish [3mtrack[0m[2m=[0m"published-track"
[2m2026-10-08T00:50:47.921807Z[0m [32m INFO[0m [2mmoq_test_client::scenarios[0m[2m:[0m PUBLISH completed [3mnamespace[0m[2m=[0m/moq-test/publish [3mtrack[0m[2m=[0m"published-track"
ok 7 - publish-track-only
  ---
  duration_ms: 225
  connection_id: cdad8489b07e9e6a3364bbabdff4afec
  ...
[2m2026-10-08T00:50:47.922581Z[0m [32m INFO[0m [2mmoq_native_ietf::quic[0m[2m:[0m UDP socket bound [3mbind[0m[2m=[0m[::]:0 [3mlocal[0m[2m=[0m[::]:51883 [3mdual_stack[0m[2m=[0mtrue
[2m2026-10-08T00:50:47.933649Z[0m [33m WARN[0m [2mweb_transport_quinn::session[0m[2m:[0m failed to read capsule [3me[0m[2m=[0mUnexpectedEnd
[2m2026-10-08T00:50:48.028485Z[0m [32m INFO[0m [2mmoq_native_ietf::quic[0m[2m:[0m UDP socket bound [3mbind[0m[2m=[0m[::]:0 [3mlocal[0m[2m=[0m[::]:33984 [3mdual_stack[0m[2m=[0mtrue
[2m2026-10-08T00:50:48.136841Z[0m [32m INFO[0m [2mmoq_test_client::scenarios[0m[2m:[0m Publisher sending direct PUBLISH before subscriber subscribes [3mnamespace[0m[2m=[0m/moq-test/publish [3mtrack[0m[2m=[0m"published-track"
[2m2026-10-08T00:50:48.146002Z[0m [32m INFO[0m [2mmoq_test_client::scenarios[0m[2m:[0m PUBLISH accepted; starting subscriber [3mnamespace[0m[2m=[0m/moq-test/publish [3mtrack[0m[2m=[0m"published-track"
[2m2026-10-08T00:50:48.256461Z[0m [32m INFO[0m [2mmoq_test_client::scenarios[0m[2m:[0m Subscriber received direct PUBLISH track [3mnamespace[0m[2m=[0m/moq-test/publish [3mtrack[0m[2m=[0m"published-track"
ok 8 - publish-track-subscribe
  ---
  duration_ms: 334
  publisher_connection_id: 1ebfd21a20e701e18422c7872dd25712
  subscriber_connection_id: 2661fca2f94c861c25bd549a4e0a0f5d
  ...
[2m2026-10-08T00:50:48.257297Z[0m [32m INFO[0m [2mmoq_native_ietf::quic[0m[2m:[0m UDP socket bound [3mbind[0m[2m=[0m[::]:0 [3mlocal[0m[2m=[0m[::]:54624 [3mdual_stack[0m[2m=[0mtrue
[2m2026-10-08T00:50:48.265240Z[0m [33m WARN[0m [2mweb_transport_quinn::session[0m[2m:[0m failed to read capsule [3me[0m[2m=[0mUnexpectedEnd
[2m2026-10-08T00:50:48.266061Z[0m [33m WARN[0m [2mweb_transport_quinn::session[0m[2m:[0m failed to read capsule [3me[0m[2m=[0mUnexpectedEnd
[2m2026-10-08T00:50:48.323841Z[0m [32m INFO[0m [2mmoq_test_client::scenarios[0m[2m:[0m Subscribing with RENDEZVOUS_TIMEOUT to a track with no publisher [3mtimeout_ms[0m[2m=[0m500
[2m2026-10-08T00:50:48.332754Z[0m [33m WARN[0m [2mmoq_transport::serve::error[0m[2m:[0m [a3d04aa9-d38b-4557-b9bd-d9f67451282b] Not found: Unknown track namespace at moq-transport/src/session/subscriber.rs:1653
not ok 9 - rendezvous-timeout
  ---
  duration_ms: 76
  message: "expected REQUEST_ERROR TIMEOUT, got: not found: Track not found [error:a3d04aa9-d38b-4557-b9bd-d9f67451282b]"
  ...
[2m2026-10-08T00:50:48.333582Z[0m [32m INFO[0m [2mmoq_native_ietf::quic[0m[2m:[0m UDP socket bound [3mbind[0m[2m=[0m[::]:0 [3mlocal[0m[2m=[0m[::]:47497 [3mdual_stack[0m[2m=[0mtrue
[2m2026-10-08T00:50:48.341693Z[0m [33m WARN[0m [2mweb_transport_quinn::session[0m[2m:[0m failed to read capsule [3me[0m[2m=[0mUnexpectedEnd
[2m2026-10-08T00:50:48.451610Z[0m [33m WARN[0m [2mmoq_transport::serve::error[0m[2m:[0m [b867a398-c6a8-4e8d-82df-0d2d71d3a9e3] Not found: Unknown track namespace at moq-transport/src/session/subscriber.rs:1653
[2m2026-10-08T00:50:48.463651Z[0m [33m WARN[0m [2mweb_transport_quinn::session[0m[2m:[0m failed to read capsule [3me[0m[2m=[0mUnexpectedEnd
[2m2026-10-08T00:50:48.641112Z[0m [32m INFO[0m [2mmoq_native_ietf::quic[0m[2m:[0m UDP socket bound [3mbind[0m[2m=[0m[::]:0 [3mlocal[0m[2m=[0m[::]:48791 [3mdual_stack[0m[2m=[0mtrue
not ok 10 - moq-test-subgroup-per-group
  ---
  duration_ms: 379
  message: "subscriber setup failed before generation started"
  ...
[2m2026-10-08T00:50:48.712629Z[0m [32m INFO[0m [2mmoq_native_ietf::quic[0m[2m:[0m UDP socket bound [3mbind[0m[2m=[0m[::]:0 [3mlocal[0m[2m=[0m[::]:59051 [3mdual_stack[0m[2m=[0mtrue
[2m2026-10-08T00:50:48.720614Z[0m [33m WARN[0m [2mweb_transport_quinn::session[0m[2m:[0m failed to read capsule [3me[0m[2m=[0mUnexpectedEnd
[2m2026-10-08T00:50:48.787542Z[0m [33m WARN[0m [2mmoq_transport::serve::error[0m[2m:[0m [6d490410-34eb-4c64-8e05-88f48ca708a6] Not found: Unknown track namespace at moq-transport/src/session/subscriber.rs:1653
[2m2026-10-08T00:50:48.796223Z[0m [33m WARN[0m [2mweb_transport_quinn::session[0m[2m:[0m failed to read capsule [3me[0m[2m=[0mUnexpectedEnd
[2m2026-10-08T00:50:48.980481Z[0m [32m INFO[0m [2mmoq_native_ietf::quic[0m[2m:[0m UDP socket bound [3mbind[0m[2m=[0m[::]:0 [3mlocal[0m[2m=[0m[::]:58005 [3mdual_stack[0m[2m=[0mtrue
not ok 11 - moq-test-subgroup-per-group-eog
  ---
  duration_ms: 418
  message: "subscriber setup failed before generation started"
  ...
[2m2026-10-08T00:50:49.131620Z[0m [32m INFO[0m [2mmoq_native_ietf::quic[0m[2m:[0m UDP socket bound [3mbind[0m[2m=[0m[::]:0 [3mlocal[0m[2m=[0m[::]:57037 [3mdual_stack[0m[2m=[0mtrue
[2m2026-10-08T00:50:49.153737Z[0m [33m WARN[0m [2mweb_transport_quinn::session[0m[2m:[0m failed to read capsule [3me[0m[2m=[0mUnexpectedEnd
[2m2026-10-08T00:50:49.263412Z[0m [33m WARN[0m [2mmoq_transport::serve::error[0m[2m:[0m [4dc7cdbe-ffa1-426e-9630-9ede3edaa3c1] Not found: Unknown track namespace at moq-transport/src/session/subscriber.rs:1653
[2m2026-10-08T00:50:49.272125Z[0m [33m WARN[0m [2mweb_transport_quinn::session[0m[2m:[0m failed to read capsule [3me[0m[2m=[0mUnexpectedEnd
[2m2026-10-08T00:50:49.456730Z[0m [32m INFO[0m [2mmoq_native_ietf::quic[0m[2m:[0m UDP socket bound [3mbind[0m[2m=[0m[::]:0 [3mlocal[0m[2m=[0m[::]:60375 [3mdual_stack[0m[2m=[0mtrue
not ok 12 - moq-test-subgroup-per-object
  ---
  duration_ms: 462
  message: "subscriber setup failed before generation started"
  ...
[2m2026-10-08T00:50:49.594123Z[0m [32m INFO[0m [2mmoq_native_ietf::quic[0m[2m:[0m UDP socket bound [3mbind[0m[2m=[0m[::]:0 [3mlocal[0m[2m=[0m[::]:40102 [3mdual_stack[0m[2m=[0mtrue
[2m2026-10-08T00:50:49.618590Z[0m [33m WARN[0m [2mweb_transport_quinn::session[0m[2m:[0m failed to read capsule [3me[0m[2m=[0mUnexpectedEnd
[2m2026-10-08T00:50:49.669441Z[0m [33m WARN[0m [2mmoq_transport::serve::error[0m[2m:[0m [999617ea-afea-4f0b-b852-334bf2ee510f] Not found: Unknown track namespace at moq-transport/src/session/subscriber.rs:1653
[2m2026-10-08T00:50:49.681022Z[0m [33m WARN[0m [2mweb_transport_quinn::session[0m[2m:[0m failed to read capsule [3me[0m[2m=[0mUnexpectedEnd
[2m2026-10-08T00:50:49.859457Z[0m [32m INFO[0m [2mmoq_native_ietf::quic[0m[2m:[0m UDP socket bound [3mbind[0m[2m=[0m[::]:0 [3mlocal[0m[2m=[0m[::]:55421 [3mdual_stack[0m[2m=[0mtrue
not ok 13 - moq-test-two-subgroups-eog
  ---
  duration_ms: 392
  message: "subscriber setup failed before generation started"
  ...
[2m2026-10-08T00:50:49.986630Z[0m [32m INFO[0m [2mmoq_native_ietf::quic[0m[2m:[0m UDP socket bound [3mbind[0m[2m=[0m[::]:0 [3mlocal[0m[2m=[0m[::]:59489 [3mdual_stack[0m[2m=[0mtrue
[2m2026-10-08T00:50:49.995432Z[0m [33m WARN[0m [2mweb_transport_quinn::session[0m[2m:[0m failed to read capsule [3me[0m[2m=[0mUnexpectedEnd
[2m2026-10-08T00:50:50.062693Z[0m [33m WARN[0m [2mmoq_transport::serve::error[0m[2m:[0m [9e21aafb-c604-40b8-917b-835af906931d] Not found: Unknown track namespace at moq-transport/src/session/subscriber.rs:1653
[2m2026-10-08T00:50:50.074033Z[0m [33m WARN[0m [2mweb_transport_quinn::session[0m[2m:[0m failed to read capsule [3me[0m[2m=[0mUnexpectedEnd
[2m2026-10-08T00:50:50.253308Z[0m [32m INFO[0m [2mmoq_native_ietf::quic[0m[2m:[0m UDP socket bound [3mbind[0m[2m=[0m[::]:0 [3mlocal[0m[2m=[0m[::]:41718 [3mdual_stack[0m[2m=[0mtrue
not ok 14 - moq-test-datagram
  ---
  duration_ms: 326
  message: "subscriber setup failed before generation started"
  ...
[2m2026-10-08T00:50:50.312682Z[0m [32m INFO[0m [2mmoq_native_ietf::quic[0m[2m:[0m UDP socket bound [3mbind[0m[2m=[0m[::]:0 [3mlocal[0m[2m=[0m[::]:52731 [3mdual_stack[0m[2m=[0mtrue
[2m2026-10-08T00:50:50.320693Z[0m [33m WARN[0m [2mweb_transport_quinn::session[0m[2m:[0m failed to read capsule [3me[0m[2m=[0mUnexpectedEnd
[2m2026-10-08T00:50:50.437649Z[0m [33m WARN[0m [2mmoq_transport::serve::error[0m[2m:[0m [ddf031bc-5d7f-4178-b266-df478e065600] Not found: Unknown track namespace at moq-transport/src/session/subscriber.rs:1653
[2m2026-10-08T00:50:50.460144Z[0m [33m WARN[0m [2mweb_transport_quinn::session[0m[2m:[0m failed to read capsule [3me[0m[2m=[0mUnexpectedEnd
[2m2026-10-08T00:50:50.616627Z[0m [32m INFO[0m [2mmoq_native_ietf::quic[0m[2m:[0m UDP socket bound [3mbind[0m[2m=[0m[::]:0 [3mlocal[0m[2m=[0m[::]:34421 [3mdual_stack[0m[2m=[0mtrue
not ok 15 - moq-test-datagram-eog
  ---
  duration_ms: 402
  message: "subscriber setup failed before generation started"
  ...
[2m2026-10-08T00:50:50.715040Z[0m [32m INFO[0m [2mmoq_native_ietf::quic[0m[2m:[0m UDP socket bound [3mbind[0m[2m=[0m[::]:0 [3mlocal[0m[2m=[0m[::]:54543 [3mdual_stack[0m[2m=[0mtrue
[2m2026-10-08T00:50:50.723243Z[0m [33m WARN[0m [2mweb_transport_quinn::session[0m[2m:[0m failed to read capsule [3me[0m[2m=[0mUnexpectedEnd
[2m2026-10-08T00:50:50.846629Z[0m [33m WARN[0m [2mmoq_transport::serve::error[0m[2m:[0m [57ef8d98-52d8-4821-b14f-01140ca7b194] Not found: Unknown track namespace at moq-transport/src/session/subscriber.rs:1653
[2m2026-10-08T00:50:50.858539Z[0m [33m WARN[0m [2mweb_transport_quinn::session[0m[2m:[0m failed to read capsule [3me[0m[2m=[0mUnexpectedEnd
[2m2026-10-08T00:50:51.037045Z[0m [32m INFO[0m [2mmoq_native_ietf::quic[0m[2m:[0m UDP socket bound [3mbind[0m[2m=[0m[::]:0 [3mlocal[0m[2m=[0m[::]:35998 [3mdual_stack[0m[2m=[0mtrue
not ok 16 - moq-test-extensions
  ---
  duration_ms: 449
  message: "subscriber setup failed before generation started"
  ...
[2m2026-10-08T00:50:51.164173Z[0m [32m INFO[0m [2mmoq_native_ietf::quic[0m[2m:[0m UDP socket bound [3mbind[0m[2m=[0m[::]:0 [3mlocal[0m[2m=[0m[::]:54047 [3mdual_stack[0m[2m=[0mtrue
[2m2026-10-08T00:50:51.185759Z[0m [33m WARN[0m [2mweb_transport_quinn::session[0m[2m:[0m failed to read capsule [3me[0m[2m=[0mUnexpectedEnd
[2m2026-10-08T00:50:51.274240Z[0m [33m WARN[0m [2mmoq_transport::serve::error[0m[2m:[0m [cc9769ee-72e3-46aa-aeb3-5f34aa8e60c3] Not found: Unknown track namespace at moq-transport/src/session/subscriber.rs:1653
[2m2026-10-08T00:50:51.285888Z[0m [33m WARN[0m [2mweb_transport_quinn::session[0m[2m:[0m failed to read capsule [3me[0m[2m=[0mUnexpectedEnd
[2m2026-10-08T00:50:51.466290Z[0m [32m INFO[0m [2mmoq_native_ietf::quic[0m[2m:[0m UDP socket bound [3mbind[0m[2m=[0m[::]:0 [3mlocal[0m[2m=[0m[::]:52108 [3mdual_stack[0m[2m=[0mtrue
not ok 17 - moq-test-increments
  ---
  duration_ms: 457
  message: "subscriber setup failed before generation started"
  ...
[2m2026-10-08T00:50:51.621898Z[0m [32m INFO[0m [2mmoq_native_ietf::quic[0m[2m:[0m UDP socket bound [3mbind[0m[2m=[0m[::]:0 [3mlocal[0m[2m=[0m[::]:54118 [3mdual_stack[0m[2m=[0mtrue
[2m2026-10-08T00:50:51.643381Z[0m [33m WARN[0m [2mweb_transport_quinn::session[0m[2m:[0m failed to read capsule [3me[0m[2m=[0mUnexpectedEnd
[2m2026-10-08T00:50:51.730926Z[0m [33m WARN[0m [2mmoq_transport::serve::error[0m[2m:[0m [4161dcca-dd31-4a4a-87d6-6e8a92760279] Not found: Unknown track namespace at moq-transport/src/session/subscriber.rs:1653
[2m2026-10-08T00:50:51.739617Z[0m [33m WARN[0m [2mweb_transport_quinn::session[0m[2m:[0m failed to read capsule [3me[0m[2m=[0mUnexpectedEnd
[2m2026-10-08T00:50:51.923926Z[0m [32m INFO[0m [2mmoq_native_ietf::quic[0m[2m:[0m UDP socket bound [3mbind[0m[2m=[0m[::]:0 [3mlocal[0m[2m=[0m[::]:44045 [3mdual_stack[0m[2m=[0mtrue
not ok 18 - moq-test-forward-zero
  ---
  duration_ms: 443
  message: "subscriber setup failed before generation started"
  ...
make[1]: *** [Makefile:122: test-external] Error 1
make[1]: Leaving directory '/home/runner/work/moq-interop-runner/moq-interop-runner/main'
