make[1]: Entering directory '/home/runner/work/moq-interop-runner/moq-interop-runner/main'
Running tests against moqt://fb.mvfst.net:9448...
  Client: ghcr.io/englishm/moq-interop-runner-moq-test-client-draft-18:latest
docker run --rm \
	 \
	--network host \
	-e RELAY_URL=moqt://fb.mvfst.net:9448 \
	-e TLS_DISABLE_VERIFY=1 \
	ghcr.io/englishm/moq-interop-runner-moq-test-client-draft-18:latest
TAP version 14
# moq-test-client v0.1.12
# Relay: moqt://fb.mvfst.net:9448
1..18
[2m2026-10-08T00:53:35.905440Z[0m [32m INFO[0m [2mmoq_native_ietf::quic[0m[2m:[0m UDP socket bound [3mbind[0m[2m=[0m[::]:0 [3mlocal[0m[2m=[0m[::]:40698 [3mdual_stack[0m[2m=[0mtrue
[2m2026-10-08T00:53:35.957163Z[0m [32m INFO[0m [2mmoq_test_client::scenarios[0m[2m:[0m SETUP exchange completed successfully
ok 1 - setup-only
  ---
  duration_ms: 52
  connection_id: 08cd8f87316b2ad514889bcbe34bb218
  ...
[2m2026-10-08T00:53:35.957934Z[0m [32m INFO[0m [2mmoq_native_ietf::quic[0m[2m:[0m UDP socket bound [3mbind[0m[2m=[0m[::]:0 [3mlocal[0m[2m=[0m[::]:33718 [3mdual_stack[0m[2m=[0mtrue
[2m2026-10-08T00:53:36.009260Z[0m [32m INFO[0m [2mmoq_test_client::scenarios[0m[2m:[0m Sending PUBLISH_NAMESPACE for: moq-test/interop
ok 2 - publish-namespace-only
  ---
  duration_ms: 2053
  connection_id: 283b2dc0a0d2f7baf7242c8117afc056
  ...
[2m2026-10-08T00:53:38.010224Z[0m [32m INFO[0m [2mmoq_test_client::scenarios[0m[2m:[0m PUBLISH_NAMESPACE succeeded (REQUEST_OK received, waiting for subscribers)
[2m2026-10-08T00:53:38.011044Z[0m [32m INFO[0m [2mmoq_native_ietf::quic[0m[2m:[0m UDP socket bound [3mbind[0m[2m=[0m[::]:0 [3mlocal[0m[2m=[0m[::]:56940 [3mdual_stack[0m[2m=[0mtrue
[2m2026-10-08T00:53:38.057688Z[0m [32m INFO[0m [2mmoq_test_client::scenarios[0m[2m:[0m Subscribing to non-existent track: nonexistent/namespace/test-track
[2m2026-10-08T00:53:38.093951Z[0m [33m WARN[0m [2mmoq_transport::serve::error[0m[2m:[0m [ae137216-41ba-458d-8b06-6ee9a8fc363f] Not found: no such namespace or track at moq-transport/src/session/subscriber.rs:1653
[2m2026-10-08T00:53:38.094035Z[0m [32m INFO[0m [2mmoq_test_client::scenarios[0m[2m:[0m Got expected 'not found' error: not found: Track not found [error:ae137216-41ba-458d-8b06-6ee9a8fc363f]
ok 3 - subscribe-error
  ---
  duration_ms: 83
  connection_id: 79b0671031df344c22e675e39d7f5287
  ...
[2m2026-10-08T00:53:38.094862Z[0m [32m INFO[0m [2mmoq_native_ietf::quic[0m[2m:[0m UDP socket bound [3mbind[0m[2m=[0m[::]:0 [3mlocal[0m[2m=[0m[::]:58771 [3mdual_stack[0m[2m=[0mtrue
[2m2026-10-08T00:53:38.144266Z[0m [32m INFO[0m [2mmoq_native_ietf::quic[0m[2m:[0m UDP socket bound [3mbind[0m[2m=[0m[::]:0 [3mlocal[0m[2m=[0m[::]:45108 [3mdual_stack[0m[2m=[0mtrue
[2m2026-10-08T00:53:38.193707Z[0m [32m INFO[0m [2mmoq_test_client::scenarios[0m[2m:[0m Publisher sending PUBLISH_NAMESPACE: moq-test/interop
[2m2026-10-08T00:53:38.193721Z[0m [32m INFO[0m [2mmoq_test_client::scenarios[0m[2m:[0m Subscriber subscribing to track: moq-test/interop/test-track
[2m2026-10-08T00:53:41.195281Z[0m [32m INFO[0m [2mmoq_test_client::scenarios[0m[2m:[0m Test timeout reached - subscription routing may still be in progress
ok 4 - publish-namespace-subscribe
  ---
  duration_ms: 3101
  publisher_connection_id: 008111334e11af6ab9d3cd0db2f10155
  subscriber_connection_id: b4e97033df3745edae9b35cfb7fa5c02
  ...
[2m2026-10-08T00:53:41.196094Z[0m [32m INFO[0m [2mmoq_native_ietf::quic[0m[2m:[0m UDP socket bound [3mbind[0m[2m=[0m[::]:0 [3mlocal[0m[2m=[0m[::]:40752 [3mdual_stack[0m[2m=[0mtrue
[2m2026-10-08T00:53:41.313266Z[0m [32m INFO[0m [2mmoq_test_client::scenarios[0m[2m:[0m Subscriber subscribing BEFORE PUBLISH_NAMESPACE: moq-test/interop/test-track
[2m2026-10-08T00:53:41.349409Z[0m [33m WARN[0m [2mmoq_transport::serve::error[0m[2m:[0m [f3ea0cde-b4db-4a2f-ae3f-44be306fa557] Not found: no such namespace or track at moq-transport/src/session/subscriber.rs:1653
[2m2026-10-08T00:53:41.814923Z[0m [32m INFO[0m [2mmoq_native_ietf::quic[0m[2m:[0m UDP socket bound [3mbind[0m[2m=[0m[::]:0 [3mlocal[0m[2m=[0m[::]:60975 [3mdual_stack[0m[2m=[0mtrue
[2m2026-10-08T00:53:41.860742Z[0m [32m INFO[0m [2mmoq_test_client::scenarios[0m[2m:[0m Publisher sending PUBLISH_NAMESPACE (after subscriber): moq-test/interop
[2m2026-10-08T00:53:44.862055Z[0m [32m INFO[0m [2mmoq_test_client::scenarios[0m[2m:[0m Publisher PUBLISH_NAMESPACE timeout (expected)
[2m2026-10-08T00:53:44.862083Z[0m [32m INFO[0m [2mmoq_test_client::scenarios[0m[2m:[0m Subscriber got error: not found: Track not found [error:f3ea0cde-b4db-4a2f-ae3f-44be306fa557] (may be expected)
ok 5 - subscribe-before-publish-namespace
  ---
  duration_ms: 3666
  subscriber_connection_id: 66a2b8db3c9da333c064991b500805bf
  publisher_connection_id: 5eff7b24f477809c7c81b38a81ee9bd9
  ...
[2m2026-10-08T00:53:44.862882Z[0m [32m INFO[0m [2mmoq_native_ietf::quic[0m[2m:[0m UDP socket bound [3mbind[0m[2m=[0m[::]:0 [3mlocal[0m[2m=[0m[::]:57365 [3mdual_stack[0m[2m=[0mtrue
[2m2026-10-08T00:53:45.004079Z[0m [32m INFO[0m [2mmoq_test_client::scenarios[0m[2m:[0m Sending PUBLISH_NAMESPACE: moq-test/interop
[2m2026-10-08T00:53:47.005681Z[0m [32m INFO[0m [2mmoq_test_client::scenarios[0m[2m:[0m PUBLISH_NAMESPACE active; sending PUBLISH_NAMESPACE_DONE
ok 6 - publish-namespace-done
  ---
  duration_ms: 2245
  connection_id: 33637a199ed45890837fa0937be8b9ed
  ...
[2m2026-10-08T00:53:47.107110Z[0m [32m INFO[0m [2mmoq_test_client::scenarios[0m[2m:[0m PUBLISH_NAMESPACE_DONE sent successfully
[2m2026-10-08T00:53:47.107935Z[0m [32m INFO[0m [2mmoq_native_ietf::quic[0m[2m:[0m UDP socket bound [3mbind[0m[2m=[0m[::]:0 [3mlocal[0m[2m=[0m[::]:57355 [3mdual_stack[0m[2m=[0mtrue
[2m2026-10-08T00:53:47.298171Z[0m [32m INFO[0m [2mmoq_test_client::scenarios[0m[2m:[0m Publisher sending direct PUBLISH [3mnamespace[0m[2m=[0m/moq-test/publish [3mtrack[0m[2m=[0m"published-track"
[2m2026-10-08T00:53:47.334864Z[0m [32m INFO[0m [2mmoq_test_client::scenarios[0m[2m:[0m PUBLISH accepted [3mnamespace[0m[2m=[0m/moq-test/publish [3mtrack[0m[2m=[0m"published-track"
[2m2026-10-08T00:53:47.334964Z[0m [32m INFO[0m [2mmoq_test_client::scenarios[0m[2m:[0m PUBLISH completed [3mnamespace[0m[2m=[0m/moq-test/publish [3mtrack[0m[2m=[0m"published-track"
ok 7 - publish-track-only
  ---
  duration_ms: 227
  connection_id: ca40f855a83b141cfe652be70d857e0d
  ...
[2m2026-10-08T00:53:47.335738Z[0m [32m INFO[0m [2mmoq_native_ietf::quic[0m[2m:[0m UDP socket bound [3mbind[0m[2m=[0m[::]:0 [3mlocal[0m[2m=[0m[::]:51802 [3mdual_stack[0m[2m=[0mtrue
[2m2026-10-08T00:53:47.377392Z[0m [32m INFO[0m [2mmoq_native_ietf::quic[0m[2m:[0m UDP socket bound [3mbind[0m[2m=[0m[::]:0 [3mlocal[0m[2m=[0m[::]:35550 [3mdual_stack[0m[2m=[0mtrue
[2m2026-10-08T00:53:47.467247Z[0m [32m INFO[0m [2mmoq_test_client::scenarios[0m[2m:[0m Publisher sending direct PUBLISH before subscriber subscribes [3mnamespace[0m[2m=[0m/moq-test/publish [3mtrack[0m[2m=[0m"published-track"
[2m2026-10-08T00:53:47.497821Z[0m [32m INFO[0m [2mmoq_test_client::scenarios[0m[2m:[0m PUBLISH accepted; starting subscriber [3mnamespace[0m[2m=[0m/moq-test/publish [3mtrack[0m[2m=[0m"published-track"
[2m2026-10-08T00:53:47.525366Z[0m [33m WARN[0m [2mmoq_transport::session[0m[2m:[0m unexpected bidi response message type [3mmsg_type[0m[2m=[0m2
[2m2026-10-08T00:53:47.525381Z[0m [33m WARN[0m [2mmoq_transport::serve::error[0m[2m:[0m [8d2c8c54-702f-4479-9b8f-f8f6b7b4a2b2] Not implemented: bidi response type 0x2 at moq-transport/src/session/error.rs:89
not ok 8 - publish-track-subscribe
  ---
  duration_ms: 264
  message: "failed serving PUBLISH track: serve error: cancelled: cancelled"
  ...
[2m2026-10-08T00:53:47.600368Z[0m [32m INFO[0m [2mmoq_native_ietf::quic[0m[2m:[0m UDP socket bound [3mbind[0m[2m=[0m[::]:0 [3mlocal[0m[2m=[0m[::]:52323 [3mdual_stack[0m[2m=[0mtrue
[2m2026-10-08T00:53:47.711346Z[0m [32m INFO[0m [2mmoq_test_client::scenarios[0m[2m:[0m Subscribing with RENDEZVOUS_TIMEOUT to a track with no publisher [3mtimeout_ms[0m[2m=[0m500
ok 9 - rendezvous-timeout
  ---
  duration_ms: 652
  connection_id: 7c1a92529fea39035b2d2d454eccece6
  ...
[2m2026-10-08T00:53:48.252585Z[0m [32m INFO[0m [2mmoq_test_client::scenarios[0m[2m:[0m Received expected REQUEST_ERROR TIMEOUT
[2m2026-10-08T00:53:48.253351Z[0m [32m INFO[0m [2mmoq_native_ietf::quic[0m[2m:[0m UDP socket bound [3mbind[0m[2m=[0m[::]:0 [3mlocal[0m[2m=[0m[::]:38170 [3mdual_stack[0m[2m=[0mtrue
[2m2026-10-08T00:53:48.665065Z[0m [32m INFO[0m [2mmoq_native_ietf::quic[0m[2m:[0m UDP socket bound [3mbind[0m[2m=[0m[::]:0 [3mlocal[0m[2m=[0m[::]:46827 [3mdual_stack[0m[2m=[0mtrue
[2m2026-10-08T00:53:48.768740Z[0m [32m INFO[0m [2mmoq_test_client::moqtest[0m[2m:[0m PUBLISH accepted and subscription bound; generating objects [3mobjects[0m[2m=[0m15 [3mstreams[0m[2m=[0m3
not ok 10 - moq-test-subgroup-per-group
  ---
  duration_ms: 531
  message: "failed to create subgroup: cancelled"
  ...
[2m2026-10-08T00:53:48.785099Z[0m [32m INFO[0m [2mmoq_native_ietf::quic[0m[2m:[0m UDP socket bound [3mbind[0m[2m=[0m[::]:0 [3mlocal[0m[2m=[0m[::]:53655 [3mdual_stack[0m[2m=[0mtrue
[2m2026-10-08T00:53:49.192632Z[0m [32m INFO[0m [2mmoq_native_ietf::quic[0m[2m:[0m UDP socket bound [3mbind[0m[2m=[0m[::]:0 [3mlocal[0m[2m=[0m[::]:41235 [3mdual_stack[0m[2m=[0mtrue
[2m2026-10-08T00:53:49.286974Z[0m [32m INFO[0m [2mmoq_test_client::moqtest[0m[2m:[0m PUBLISH accepted and subscription bound; generating objects [3mobjects[0m[2m=[0m15 [3mstreams[0m[2m=[0m3
not ok 11 - moq-test-subgroup-per-group-eog
  ---
  duration_ms: 521
  message: "failed to create subgroup: cancelled"
  ...
[2m2026-10-08T00:53:49.306536Z[0m [32m INFO[0m [2mmoq_native_ietf::quic[0m[2m:[0m UDP socket bound [3mbind[0m[2m=[0m[::]:0 [3mlocal[0m[2m=[0m[::]:35443 [3mdual_stack[0m[2m=[0mtrue
[2m2026-10-08T00:53:49.661150Z[0m [32m INFO[0m [2mmoq_native_ietf::quic[0m[2m:[0m UDP socket bound [3mbind[0m[2m=[0m[::]:0 [3mlocal[0m[2m=[0m[::]:45849 [3mdual_stack[0m[2m=[0mtrue
[2m2026-10-08T00:53:49.813690Z[0m [33m WARN[0m [2mmoq_transport::session[0m[2m:[0m unexpected bidi response message type [3mmsg_type[0m[2m=[0m2
[2m2026-10-08T00:53:49.813712Z[0m [33m WARN[0m [2mmoq_transport::serve::error[0m[2m:[0m [29ff550e-537d-44cb-8664-06fc8c98a4ad] Not implemented: bidi response type 0x2 at moq-transport/src/session/error.rs:89
[2m2026-10-08T00:53:49.813849Z[0m [32m INFO[0m [2mmoq_test_client::moqtest[0m[2m:[0m PUBLISH accepted and subscription bound; generating objects [3mobjects[0m[2m=[0m8 [3mstreams[0m[2m=[0m8
not ok 12 - moq-test-subgroup-per-object
  ---
  duration_ms: 511
  message: "failed to create subgroup: cancelled"
  ...
[2m2026-10-08T00:53:49.817811Z[0m [32m INFO[0m [2mmoq_native_ietf::quic[0m[2m:[0m UDP socket bound [3mbind[0m[2m=[0m[::]:0 [3mlocal[0m[2m=[0m[::]:60104 [3mdual_stack[0m[2m=[0mtrue
[2m2026-10-08T00:53:50.099705Z[0m [32m INFO[0m [2mmoq_native_ietf::quic[0m[2m:[0m UDP socket bound [3mbind[0m[2m=[0m[::]:0 [3mlocal[0m[2m=[0m[::]:33339 [3mdual_stack[0m[2m=[0mtrue
[2m2026-10-08T00:53:50.266521Z[0m [33m WARN[0m [2mmoq_transport::session[0m[2m:[0m unexpected bidi response message type [3mmsg_type[0m[2m=[0m2
[2m2026-10-08T00:53:50.266543Z[0m [33m WARN[0m [2mmoq_transport::serve::error[0m[2m:[0m [9bd44816-e6a6-4074-8971-9631a9d8d77b] Not implemented: bidi response type 0x2 at moq-transport/src/session/error.rs:89
[2m2026-10-08T00:53:50.266994Z[0m [32m INFO[0m [2mmoq_test_client::moqtest[0m[2m:[0m PUBLISH accepted and subscription bound; generating objects [3mobjects[0m[2m=[0m18 [3mstreams[0m[2m=[0m6
[2m2026-10-08T00:53:50.289431Z[0m [32m INFO[0m [2mmoq_native_ietf::quic[0m[2m:[0m UDP socket bound [3mbind[0m[2m=[0m[::]:0 [3mlocal[0m[2m=[0m[::]:60480 [3mdual_stack[0m[2m=[0mtrue
not ok 13 - moq-test-two-subgroups-eog
  ---
  duration_ms: 471
  message: "failed to create subgroup 0: cancelled"
  ...
[2m2026-10-08T00:53:50.540913Z[0m [32m INFO[0m [2mmoq_native_ietf::quic[0m[2m:[0m UDP socket bound [3mbind[0m[2m=[0m[::]:0 [3mlocal[0m[2m=[0m[::]:42080 [3mdual_stack[0m[2m=[0mtrue
[2m2026-10-08T00:53:50.623836Z[0m [33m WARN[0m [2mmoq_transport::session[0m[2m:[0m unexpected bidi response message type [3mmsg_type[0m[2m=[0m2
[2m2026-10-08T00:53:50.623856Z[0m [33m WARN[0m [2mmoq_transport::serve::error[0m[2m:[0m [9f4bd7cb-a1f6-491c-aaca-7d55502dccce] Not implemented: bidi response type 0x2 at moq-transport/src/session/error.rs:89
[2m2026-10-08T00:53:50.628099Z[0m [32m INFO[0m [2mmoq_test_client::moqtest[0m[2m:[0m PUBLISH accepted and subscription bound; generating objects [3mobjects[0m[2m=[0m15 [3mstreams[0m[2m=[0m0
not ok 14 - moq-test-datagram
  ---
  duration_ms: 360
  message: "failed to write datagram: cancelled"
  ...
[2m2026-10-08T00:53:50.650423Z[0m [32m INFO[0m [2mmoq_native_ietf::quic[0m[2m:[0m UDP socket bound [3mbind[0m[2m=[0m[::]:0 [3mlocal[0m[2m=[0m[::]:36481 [3mdual_stack[0m[2m=[0mtrue
[2m2026-10-08T00:53:50.916228Z[0m [32m INFO[0m [2mmoq_native_ietf::quic[0m[2m:[0m UDP socket bound [3mbind[0m[2m=[0m[::]:0 [3mlocal[0m[2m=[0m[::]:40138 [3mdual_stack[0m[2m=[0mtrue
[2m2026-10-08T00:53:51.007978Z[0m [32m INFO[0m [2mmoq_test_client::moqtest[0m[2m:[0m PUBLISH accepted and subscription bound; generating objects [3mobjects[0m[2m=[0m15 [3mstreams[0m[2m=[0m0
not ok 15 - moq-test-datagram-eog
  ---
  duration_ms: 379
  message: "failed to write datagram: cancelled"
  ...
[2m2026-10-08T00:53:51.030204Z[0m [32m INFO[0m [2mmoq_native_ietf::quic[0m[2m:[0m UDP socket bound [3mbind[0m[2m=[0m[::]:0 [3mlocal[0m[2m=[0m[::]:42701 [3mdual_stack[0m[2m=[0mtrue
[2m2026-10-08T00:53:51.344354Z[0m [32m INFO[0m [2mmoq_native_ietf::quic[0m[2m:[0m UDP socket bound [3mbind[0m[2m=[0m[::]:0 [3mlocal[0m[2m=[0m[::]:34125 [3mdual_stack[0m[2m=[0mtrue
[2m2026-10-08T00:53:51.431440Z[0m [32m INFO[0m [2mmoq_test_client::moqtest[0m[2m:[0m PUBLISH accepted and subscription bound; generating objects [3mobjects[0m[2m=[0m15 [3mstreams[0m[2m=[0m3
not ok 16 - moq-test-extensions
  ---
  duration_ms: 419
  message: "failed to create subgroup: cancelled"
  ...
[2m2026-10-08T00:53:51.449911Z[0m [32m INFO[0m [2mmoq_native_ietf::quic[0m[2m:[0m UDP socket bound [3mbind[0m[2m=[0m[::]:0 [3mlocal[0m[2m=[0m[::]:33380 [3mdual_stack[0m[2m=[0mtrue
[2m2026-10-08T00:53:51.726147Z[0m [32m INFO[0m [2mmoq_native_ietf::quic[0m[2m:[0m UDP socket bound [3mbind[0m[2m=[0m[::]:0 [3mlocal[0m[2m=[0m[::]:53302 [3mdual_stack[0m[2m=[0mtrue
[2m2026-10-08T00:53:51.821714Z[0m [33m WARN[0m [2mmoq_transport::session[0m[2m:[0m unexpected bidi response message type [3mmsg_type[0m[2m=[0m2
[2m2026-10-08T00:53:51.821733Z[0m [33m WARN[0m [2mmoq_transport::serve::error[0m[2m:[0m [93fa1628-6f50-48f8-835b-4725ca4cb3c4] Not implemented: bidi response type 0x2 at moq-transport/src/session/error.rs:89
[2m2026-10-08T00:53:51.823672Z[0m [32m INFO[0m [2mmoq_test_client::moqtest[0m[2m:[0m PUBLISH accepted and subscription bound; generating objects [3mobjects[0m[2m=[0m9 [3mstreams[0m[2m=[0m3
not ok 17 - moq-test-increments
  ---
  duration_ms: 383
  message: "failed to create subgroup: cancelled"
  ...
[2m2026-10-08T00:53:51.833863Z[0m [32m INFO[0m [2mmoq_native_ietf::quic[0m[2m:[0m UDP socket bound [3mbind[0m[2m=[0m[::]:0 [3mlocal[0m[2m=[0m[::]:35537 [3mdual_stack[0m[2m=[0mtrue
[2m2026-10-08T00:53:52.099674Z[0m [32m INFO[0m [2mmoq_native_ietf::quic[0m[2m:[0m UDP socket bound [3mbind[0m[2m=[0m[::]:0 [3mlocal[0m[2m=[0m[::]:43367 [3mdual_stack[0m[2m=[0mtrue
[2m2026-10-08T00:53:52.187725Z[0m [32m INFO[0m [2mmoq_test_client::moqtest[0m[2m:[0m PUBLISH accepted and subscription bound; generating objects [3mobjects[0m[2m=[0m6 [3mstreams[0m[2m=[0m2
not ok 18 - moq-test-forward-zero
  ---
  duration_ms: 364
  message: "failed to create subgroup: cancelled"
  ...
make[1]: *** [Makefile:122: test-external] Error 1
make[1]: Leaving directory '/home/runner/work/moq-interop-runner/moq-interop-runner/main'
