make[1]: Entering directory '/home/runner/work/moq-interop-runner/moq-interop-runner/main'
Running tests against https://draft-18-interop.cloudflare.mediaoverquic.com:443/moq...
  Client: ghcr.io/openmoq/moqx-interop-client:latest
docker run --rm \
	 \
	--network host \
	-e RELAY_URL=https://draft-18-interop.cloudflare.mediaoverquic.com:443/moq \
	-e TLS_DISABLE_VERIFY=false \
	ghcr.io/openmoq/moqx-interop-client:latest
TAP version 14
# moxygen interop test client
# Relay: https://draft-18-interop.cloudflare.mediaoverquic.com:443/moq
# Transport: WebTransport
# Offered ALPNs: moqt-18, moqt-16
1..6
ok 1 - setup-only
  ---
  duration_ms: 185
  negotiated_version: draft-18
  info: SETUP exchange completed successfully
  ...
E20261008 01:02:54.087823     1 HQSession.cpp:583] Connection closed with error err=91141958510811 msg=Client closed by peer reason= proto=h3, client CID=, server CID=8d16d236d7888ab3, local=10.1.0.172:43287, 8.228.3.228:443=upstream, drain=done
E1008 01:02:54.235394     1 MoQRelaySession.cpp:1123] PublishNamespaceDone for unknown publishNamespace, sess=0x561eed6ed880
ok 2 - announce-only
  ---
  duration_ms: 191
  negotiated_version: draft-18
  info: PUBLISH_NAMESPACE completed successfully
  ...
E20261008 01:02:54.362231     1 HQSession.cpp:583] Connection closed with error err=91141958510811 msg=Client closed by peer reason= proto=h3, client CID=, server CID=26d6c7e020d0808e, local=10.1.0.172:48962, 8.228.3.228:443=upstream, drain=done
E1008 01:02:54.571341     1 MoQSession.cpp:5178] No matching subscribe ID=0 sess=0x561eed702aa0
ok 3 - subscribe-error
  ---
  duration_ms: 335
  negotiated_version: draft-18
  info: Subscribe correctly returned error: peer FINed without terminal reply
  ...
E20261008 01:02:55.255780     1 HQControlCodec.h:58] Unexpected control stream EOF
E20261008 01:02:55.255872     1 HQSession.cpp:3175] Got error on control stream error=HTTP: Critical stream was closed streamID=3 sess=proto=h3, client CID=, server CID=d4ec79414d8454c5, local=10.1.0.172:41028, 8.228.3.228:443=upstream, drain=pending
E1008 01:02:55.255942     1 MoQWebTransportClient.cpp:183] proxygen::HTTPException: Got error=ApplicationError: 260, HTTP error on control stream
not ok 4 - announce-subscribe
  ---
  duration_ms: 684
  negotiated_version: draft-18
  error: Subscribe failed: Session closed
  ...
ok 5 - publish-namespace-done
  ---
  duration_ms: 215
  negotiated_version: draft-18
  info: PUBLISH_NAMESPACE_OK received, PUBLISH_NAMESPACE_DONE sent
  ...
E1008 01:02:55.690850     1 MoQSession.cpp:5178] No matching subscribe ID=0 sess=0x561eed6b1aa0
E20261008 01:02:55.691211     1 HQControlCodec.h:58] Unexpected control stream EOF
E20261008 01:02:55.691269     1 HQSession.cpp:3175] Got error on control stream error=HTTP: Critical stream was closed streamID=3 sess=proto=h3, client CID=, server CID=2a772bd921eaaa29, local=10.1.0.172:47290, 8.228.3.228:443=upstream, drain=done
ok 6 - subscribe-before-announce
  ---
  duration_ms: 961
  negotiated_version: draft-18
  info: Subscribe returned error (relay doesn't buffer pending subscriptions): peer FINed without terminal reply
  ...
E20261008 01:02:56.484731     1 HQSession.cpp:583] Connection closed with error err=91141958510811 msg=Client closed by peer reason= proto=h3, client CID=, server CID=a4ba27d3a8ba54c9, local=10.1.0.172:37294, 8.228.3.228:443=upstream, drain=done
make[1]: *** [Makefile:122: test-external] Error 1
make[1]: Leaving directory '/home/runner/work/moq-interop-runner/moq-interop-runner/main'
