make[1]: Entering directory '/home/runner/work/moq-interop-runner/moq-interop-runner/main'
Running tests against https://quichemoq.dev:443...
  Client: ghcr.io/openmoq/moqx-interop-client:latest
docker run --rm \
	 \
	--network host \
	-e RELAY_URL=https://quichemoq.dev:443 \
	-e TLS_DISABLE_VERIFY=false \
	ghcr.io/openmoq/moqx-interop-client:latest
TAP version 14
# moxygen interop test client
# Relay: https://quichemoq.dev:443
# Transport: WebTransport
# Offered ALPNs: moqt-18, moqt-16
1..6
E20261008 01:49:41.725425     1 HQSession.cpp:583] Connection closed with error err=Connect failed msg=connect timeout proto=, client CID=, server CID=, local=<uninitialized address>, 34.53.4.47:443=upstream, drain=none
E1008 01:49:41.726314     1 MoQWebTransportClient.cpp:74] std::runtime_error: Connect failed
not ok 1 - setup-only
  ---
  duration_ms: 2135
  error: Connect failed
  ...
E20261008 01:49:43.911130     1 HQSession.cpp:583] Connection closed with error err=Connect failed msg=connect timeout proto=, client CID=, server CID=, local=<uninitialized address>, 34.53.4.47:443=upstream, drain=none
E1008 01:49:43.911295     1 MoQWebTransportClient.cpp:74] std::runtime_error: Connect failed
not ok 2 - announce-only
  ---
  duration_ms: 2184
  error: Connect failed
  ...
E20261008 01:49:45.987217     1 HQSession.cpp:583] Connection closed with error err=Connect failed msg=connect timeout proto=, client CID=, server CID=, local=<uninitialized address>, 34.53.4.47:443=upstream, drain=none
E1008 01:49:45.987367     1 MoQWebTransportClient.cpp:74] std::runtime_error: Connect failed
not ok 3 - subscribe-error
  ---
  duration_ms: 2075
  error: Connect failed
  ...
not ok 4 - announce-subscribe
  ---
  duration_ms: 2105
  error: Connect failed
  ...
E20261008 01:49:48.092283     1 HQSession.cpp:583] Connection closed with error err=Connect failed msg=connect timeout proto=, client CID=, server CID=, local=<uninitialized address>, 34.53.4.47:443=upstream, drain=none
E1008 01:49:48.092430     1 MoQWebTransportClient.cpp:74] std::runtime_error: Connect failed
E20261008 01:49:50.183589     1 HQSession.cpp:583] Connection closed with error err=Connect failed msg=connect timeout proto=, client CID=, server CID=, local=<uninitialized address>, 34.53.4.47:443=upstream, drain=none
E1008 01:49:50.183754     1 MoQWebTransportClient.cpp:74] std::runtime_error: Connect failed
not ok 5 - publish-namespace-done
  ---
  duration_ms: 2091
  error: Connect failed
  ...
E20261008 01:49:52.274283     1 HQSession.cpp:583] Connection closed with error err=Connect failed msg=connect timeout proto=, client CID=, server CID=, local=<uninitialized address>, 34.53.4.47:443=upstream, drain=none
E1008 01:49:52.274435     1 MoQWebTransportClient.cpp:74] std::runtime_error: Connect failed
not ok 6 - subscribe-before-announce
  ---
  duration_ms: 2090
  error: Connect failed
  ...
make[1]: *** [Makefile:122: test-external] Error 1
make[1]: Leaving directory '/home/runner/work/moq-interop-runner/moq-interop-runner/main'
