make[1]: Entering directory '/home/runner/work/moq-interop-runner/moq-interop-runner/main'
Running tests against https://quichemoq.dev:443...
  Client: ghcr.io/facebookexperimental/moxygen-interop-client:latest-amd64
docker run --rm \
	 \
	--network host \
	-e RELAY_URL=https://quichemoq.dev:443 \
	-e TLS_DISABLE_VERIFY=false \
	ghcr.io/facebookexperimental/moxygen-interop-client:latest-amd64
TAP version 14
# moxygen interop test client
# Relay: https://quichemoq.dev:443
# Transport: WebTransport
# Offered ALPNs: moqt-18, moqt-16, moqt-15, moq-00
1..6
E20261008 01:51:02.630376     1 HQSession.cpp:583] Connection closed with error err=Connect failed msg=connect timeout proto=, client CID=, server CID=, local=<uninitialized address>, 34.53.4.47:443=upstream, drain=none
E1008 01:51:02.631525     1 MoQWebTransportClient.cpp:74] std::runtime_error: Connect failed
not ok 1 - setup-only
  ---
  duration_ms: 2130
  error: Connect failed
  ...
E20261008 01:51:04.733618     1 HQSession.cpp:583] Connection closed with error err=Connect failed msg=connect timeout proto=, client CID=, server CID=, local=<uninitialized address>, 34.53.4.47:443=upstream, drain=none
E1008 01:51:04.733771     1 MoQWebTransportClient.cpp:74] std::runtime_error: Connect failed
not ok 2 - announce-only
  ---
  duration_ms: 2102
  error: Connect failed
  ...
E20261008 01:51:06.843940     1 HQSession.cpp:583] Connection closed with error err=Connect failed msg=connect timeout proto=, client CID=, server CID=, local=<uninitialized address>, 34.53.4.47:443=upstream, drain=none
E1008 01:51:06.844076     1 MoQWebTransportClient.cpp:74] std::runtime_error: Connect failed
not ok 3 - subscribe-error
  ---
  duration_ms: 2110
  error: Connect failed
  ...
E20261008 01:51:08.932405     1 HQSession.cpp:583] Connection closed with error err=Connect failed msg=connect timeout proto=, client CID=, server CID=, local=<uninitialized address>, 34.53.4.47:443=upstream, drain=none
E1008 01:51:08.932587     1 MoQWebTransportClient.cpp:74] std::runtime_error: Connect failed
not ok 4 - announce-subscribe
  ---
  duration_ms: 2088
  error: Connect failed
  ...
E20261008 01:51:10.944983     1 HQSession.cpp:583] Connection closed with error err=Connect failed msg=connect timeout proto=, client CID=, server CID=, local=<uninitialized address>, 34.53.4.47:443=upstream, drain=none
E1008 01:51:10.945122     1 MoQWebTransportClient.cpp:74] std::runtime_error: Connect failed
not ok 5 - publish-namespace-done
  ---
  duration_ms: 2012
  error: Connect failed
  ...
E20261008 01:51:13.035115     1 HQSession.cpp:583] Connection closed with error err=Connect failed msg=connect timeout proto=, client CID=, server CID=, local=<uninitialized address>, 34.53.4.47:443=upstream, drain=none
E1008 01:51:13.035268     1 MoQWebTransportClient.cpp:74] std::runtime_error: Connect failed
not ok 6 - subscribe-before-announce
  ---
  duration_ms: 2090
  error: Connect failed
  ...
make[1]: *** [Makefile:122: test-external] Error 1
make[1]: Leaving directory '/home/runner/work/moq-interop-runner/moq-interop-runner/main'
