make[1]: Entering directory '/home/runner/work/moq-interop-runner/moq-interop-runner/main'
Running tests against https://34-72-6-160.sslip.io:443...
  Client: ghcr.io/facebookexperimental/moxygen-interop-client:latest-amd64
docker run --rm \
	 \
	--network host \
	-e RELAY_URL=https://34-72-6-160.sslip.io:443 \
	-e TLS_DISABLE_VERIFY=false \
	ghcr.io/facebookexperimental/moxygen-interop-client:latest-amd64
TAP version 14
# moxygen interop test client
# Relay: https://34-72-6-160.sslip.io:443
# Transport: WebTransport
# Offered ALPNs: moqt-18, moqt-16, moqt-15, moq-00
1..6
ok 1 - setup-only
  ---
  duration_ms: 559
  negotiated_version: draft-18
  info: SETUP exchange completed successfully
  ...
E20261008 01:07:27.854008     1 HQSession.cpp:583] Connection closed with error err=91141958510811 msg=Client closed by peer reason= proto=h3, client CID=, server CID=75eefa1ff406fb1c, local=10.1.0.172:51326, 34.72.6.160:443=upstream, drain=done
E1008 01:07:27.945416     1 MoQRelaySession.cpp:1157] PublishNamespaceDone for unknown publishNamespace, sess=0x56206c9f2930
ok 2 - announce-only
  ---
  duration_ms: 230
  negotiated_version: draft-18
  info: PUBLISH_NAMESPACE completed successfully
  ...
E20261008 01:07:28.094085     1 HQSession.cpp:583] Connection closed with error err=91141958510811 msg=Client closed by peer reason= proto=h3, client CID=, server CID=d11f34f7ed458276, local=10.1.0.172:48999, 34.72.6.160:443=upstream, drain=done
ok 3 - subscribe-error
  ---
  duration_ms: 227
  negotiated_version: draft-18
  info: Subscribe correctly returned error: Session closed
  ...
E20261008 01:07:28.311856     1 HQSession.cpp:583] Connection closed with error err=91141958510814 msg=Client closed by peer reason= proto=h3, client CID=, server CID=90cfa47081eb502e, local=10.1.0.172:39318, 34.72.6.160:443=upstream, drain=done
not ok 4 - announce-subscribe
  ---
  duration_ms: 238
  negotiated_version: draft-18
  error: PUBLISH_NAMESPACE failed: unauthorized
  ...
E20261008 01:07:28.546468     1 HQSession.cpp:583] Connection closed with error err=91141958510811 msg=Client closed by peer reason= proto=h3, client CID=, server CID=a6f16625351a0874, local=10.1.0.172:48725, 34.72.6.160:443=upstream, drain=done
ok 5 - publish-namespace-done
  ---
  duration_ms: 243
  negotiated_version: draft-18
  info: PUBLISH_NAMESPACE_OK received, PUBLISH_NAMESPACE_DONE sent
  ...
E20261008 01:07:28.792778     1 HQSession.cpp:583] Connection closed with error err=91141958510811 msg=Client closed by peer reason= proto=h3, client CID=, server CID=0bd4c3935e85e5d1, local=10.1.0.172:35163, 34.72.6.160:443=upstream, drain=done
ok 6 - subscribe-before-announce
  ---
  duration_ms: 937
  negotiated_version: draft-18
  info: Subscribe returned error (relay doesn't buffer pending subscriptions): Session closed
  ...
make[1]: *** [Makefile:122: test-external] Error 1
make[1]: Leaving directory '/home/runner/work/moq-interop-runner/moq-interop-runner/main'
