make[1]: Entering directory '/home/runner/work/moq-interop-runner/moq-interop-runner/main'
Running tests against https://draft-18-interop.cloudflare.mediaoverquic.com:443/moq...
  Client: ghcr.io/gmarzot/aiomoqt:latest
docker run --rm \
	 \
	--network host \
	-e RELAY_URL=https://draft-18-interop.cloudflare.mediaoverquic.com:443/moq \
	-e TLS_DISABLE_VERIFY=false \
	ghcr.io/gmarzot/aiomoqt:latest
  [PASS] setup-only: SERVER_SETUP received with compatible version
  [PASS] announce-only: PUBLISH_NAMESPACE_OK received
  [PASS] publish-namespace-done: PUBLISH_NAMESPACE_OK received, announce stream reset
  [PASS (COMPAT)] subscribe-error: Non-spec error code=1 accepted as 'track not found'
2026-09-21 00:31:19.325 WARNING: QUIC event: stream data after close: stream 7 (rate-limited to once per stream)
  [PASS] announce-subscribe: SUBSCRIBE_OK received — relay routed subscription
  [PASS] subscribe-before-announce: Error received (valid: relay didn't buffer): code=1
TAP version 14
# date: 2026-09-21T00:31:15Z
# ended: 2026-09-21T00:31:21Z
# target: https://draft-18-interop.cloudflare.mediaoverquic.com:443/moq
# version: aiomoqt/0.11.0
# note: preference probe pinned draft-18
1..6
ok 1 - setup-only
  ---
  duration_ms: 523.3
  connection_id: unknown
  message: SERVER_SETUP received with compatible version
  ...
ok 2 - announce-only
  ---
  duration_ms: 585.4
  connection_id: unknown
  message: PUBLISH_NAMESPACE_OK received
  ...
ok 3 - publish-namespace-done
  ---
  duration_ms: 688.1
  connection_id: unknown
  message: PUBLISH_NAMESPACE_OK received, announce stream reset
  ...
ok 4 - subscribe-error # COMPAT
  ---
  duration_ms: 278.8
  connection_id: unknown
  message: Non-spec error code=1 accepted as 'track not found'
  expected: SUBSCRIBE_ERROR code=TRACK_DOES_NOT_EXIST (0x04/0x10)
  received: SUBSCRIBE_ERROR code=1
  compat: true
  compat_note: relay returns non-spec error code 1 for not-found; spec expects 0x04 (d14) or 0x10 (d16)
  ...
ok 5 - announce-subscribe
  ---
  duration_ms: 1237.8
  publisher_connection_id: unknown
  subscriber_connection_id: unknown
  message: SUBSCRIBE_OK received — relay routed subscription
  ...
ok 6 - subscribe-before-announce
  ---
  duration_ms: 1607.9
  publisher_connection_id: unknown
  subscriber_connection_id: unknown
  message: Error received (valid: relay didn't buffer): code=1
  ...
make[1]: Leaving directory '/home/runner/work/moq-interop-runner/moq-interop-runner/main'
