make[1]: Entering directory '/home/runner/work/moq-interop-runner/moq-interop-runner/main'
Running tests against https://lminiero.it:9000...
  Client: ghcr.io/englishm/moq-interop-runner-moq-test-client-draft-18:latest
docker run --rm \
	 \
	--network host \
	-e RELAY_URL=https://lminiero.it:9000 \
	-e TLS_DISABLE_VERIFY=false \
	ghcr.io/englishm/moq-interop-runner-moq-test-client-draft-18:latest
TAP version 14
# moq-test-client v0.1.12
# Relay: https://lminiero.it:9000/
1..18
[2m2026-09-21T00:49:07.564453Z[0m [32m INFO[0m [2mmoq_native_ietf::quic[0m[2m:[0m UDP socket bound [3mbind[0m[2m=[0m[::]:0 [3mlocal[0m[2m=[0m[::]:48766 [3mdual_stack[0m[2m=[0mtrue
[2m2026-09-21T00:49:08.645970Z[0m [32m INFO[0m [2mmoq_test_client::scenarios[0m[2m:[0m SETUP exchange completed successfully
ok 1 - setup-only
  ---
  duration_ms: 1082
  connection_id: 1b2ac1d3bd7e28812303f6d7edd796a8
  ...
[2m2026-09-21T00:49:08.646673Z[0m [32m INFO[0m [2mmoq_native_ietf::quic[0m[2m:[0m UDP socket bound [3mbind[0m[2m=[0m[::]:0 [3mlocal[0m[2m=[0m[::]:45431 [3mdual_stack[0m[2m=[0mtrue
[2m2026-09-21T00:49:09.251232Z[0m [32m INFO[0m [2mmoq_test_client::scenarios[0m[2m:[0m Sending PUBLISH_NAMESPACE for: moq-test/interop
ok 2 - publish-namespace-only
  ---
  duration_ms: 2606
  connection_id: f17b5d301524dfc90691447ce3cb7715
  ...
[2m2026-09-21T00:49:11.252477Z[0m [32m INFO[0m [2mmoq_test_client::scenarios[0m[2m:[0m PUBLISH_NAMESPACE succeeded (REQUEST_OK received, waiting for subscribers)
[2m2026-09-21T00:49:11.253272Z[0m [32m INFO[0m [2mmoq_native_ietf::quic[0m[2m:[0m UDP socket bound [3mbind[0m[2m=[0m[::]:0 [3mlocal[0m[2m=[0m[::]:43041 [3mdual_stack[0m[2m=[0mtrue
[2m2026-09-21T00:49:11.855978Z[0m [32m INFO[0m [2mmoq_test_client::scenarios[0m[2m:[0m Subscribing to non-existent track: nonexistent/namespace/test-track
[2m2026-09-21T00:49:12.005777Z[0m [33m WARN[0m [2mmoq_transport::serve::error[0m[2m:[0m [50554469-adb0-4742-a1de-023714cb9ea8] Not found: Namespace not found at moq-transport/src/session/subscriber.rs:1653
[2m2026-09-21T00:49:12.005857Z[0m [32m INFO[0m [2mmoq_test_client::scenarios[0m[2m:[0m Got expected 'not found' error: not found: Track not found [error:50554469-adb0-4742-a1de-023714cb9ea8]
ok 3 - subscribe-error
  ---
  duration_ms: 753
  connection_id: 76e12d4a8b053d81fac53700838b974e
  ...
[2m2026-09-21T00:49:12.006667Z[0m [32m INFO[0m [2mmoq_native_ietf::quic[0m[2m:[0m UDP socket bound [3mbind[0m[2m=[0m[::]:0 [3mlocal[0m[2m=[0m[::]:34781 [3mdual_stack[0m[2m=[0mtrue
[2m2026-09-21T00:49:12.628942Z[0m [32m INFO[0m [2mmoq_native_ietf::quic[0m[2m:[0m UDP socket bound [3mbind[0m[2m=[0m[::]:0 [3mlocal[0m[2m=[0m[::]:38098 [3mdual_stack[0m[2m=[0mtrue
[2m2026-09-21T00:49:13.542163Z[0m [32m INFO[0m [2mmoq_test_client::scenarios[0m[2m:[0m Publisher sending PUBLISH_NAMESPACE: moq-test/interop
[2m2026-09-21T00:49:13.542183Z[0m [32m INFO[0m [2mmoq_test_client::scenarios[0m[2m:[0m Subscriber subscribing to track: moq-test/interop/test-track
[2m2026-09-21T00:49:16.543463Z[0m [32m INFO[0m [2mmoq_test_client::scenarios[0m[2m:[0m Test timeout reached - subscription routing may still be in progress
ok 4 - publish-namespace-subscribe
  ---
  duration_ms: 4537
  publisher_connection_id: 476d1b759c2b160bb6ba421b4fcd937a
  subscriber_connection_id: d73a0fda70e6ddb107beb1acd8784522
  ...
[2m2026-09-21T00:49:16.544302Z[0m [32m INFO[0m [2mmoq_native_ietf::quic[0m[2m:[0m UDP socket bound [3mbind[0m[2m=[0m[::]:0 [3mlocal[0m[2m=[0m[::]:35871 [3mdual_stack[0m[2m=[0mtrue
[2m2026-09-21T00:49:17.917466Z[0m [32m INFO[0m [2mmoq_test_client::scenarios[0m[2m:[0m Subscriber subscribing BEFORE PUBLISH_NAMESPACE: moq-test/interop/test-track
[2m2026-09-21T00:49:18.068815Z[0m [33m WARN[0m [2mmoq_transport::serve::error[0m[2m:[0m [f198d9eb-fcd9-4ed9-b725-62b002b719fb] Not found: Namespace not found at moq-transport/src/session/subscriber.rs:1653
[2m2026-09-21T00:49:18.418456Z[0m [32m INFO[0m [2mmoq_native_ietf::quic[0m[2m:[0m UDP socket bound [3mbind[0m[2m=[0m[::]:0 [3mlocal[0m[2m=[0m[::]:45556 [3mdual_stack[0m[2m=[0mtrue
[2m2026-09-21T00:49:19.023902Z[0m [32m INFO[0m [2mmoq_test_client::scenarios[0m[2m:[0m Publisher sending PUBLISH_NAMESPACE (after subscriber): moq-test/interop
ok 5 - subscribe-before-publish-namespace
  ---
  duration_ms: 5481
  subscriber_connection_id: e484942cb4c022e02108310e0fc2f645
  publisher_connection_id: da2f7aac3fddf799340b35c3e2854750
  ...
[2m2026-09-21T00:49:22.024843Z[0m [32m INFO[0m [2mmoq_test_client::scenarios[0m[2m:[0m Publisher PUBLISH_NAMESPACE timeout (expected)
[2m2026-09-21T00:49:22.024889Z[0m [32m INFO[0m [2mmoq_test_client::scenarios[0m[2m:[0m Subscriber got error: not found: Track not found [error:f198d9eb-fcd9-4ed9-b725-62b002b719fb] (may be expected)
[2m2026-09-21T00:49:22.025608Z[0m [32m INFO[0m [2mmoq_native_ietf::quic[0m[2m:[0m UDP socket bound [3mbind[0m[2m=[0m[::]:0 [3mlocal[0m[2m=[0m[::]:50295 [3mdual_stack[0m[2m=[0mtrue
[2m2026-09-21T00:49:23.485671Z[0m [32m INFO[0m [2mmoq_test_client::scenarios[0m[2m:[0m Sending PUBLISH_NAMESPACE: moq-test/interop
[2m2026-09-21T00:49:25.487027Z[0m [32m INFO[0m [2mmoq_test_client::scenarios[0m[2m:[0m PUBLISH_NAMESPACE active; sending PUBLISH_NAMESPACE_DONE
[2m2026-09-21T00:49:25.588449Z[0m [32m INFO[0m [2mmoq_test_client::scenarios[0m[2m:[0m PUBLISH_NAMESPACE_DONE sent successfully
ok 6 - publish-namespace-done
  ---
  duration_ms: 3563
  connection_id: f412d52d8136be4801e9521f6f512c06
  ...
[2m2026-09-21T00:49:25.589242Z[0m [32m INFO[0m [2mmoq_native_ietf::quic[0m[2m:[0m UDP socket bound [3mbind[0m[2m=[0m[::]:0 [3mlocal[0m[2m=[0m[::]:52487 [3mdual_stack[0m[2m=[0mtrue
[2m2026-09-21T00:49:26.193925Z[0m [32m INFO[0m [2mmoq_test_client::scenarios[0m[2m:[0m Publisher sending direct PUBLISH [3mnamespace[0m[2m=[0m/moq-test/publish [3mtrack[0m[2m=[0m"published-track"
[2m2026-09-21T00:49:26.344583Z[0m [32m INFO[0m [2mmoq_test_client::scenarios[0m[2m:[0m PUBLISH accepted [3mnamespace[0m[2m=[0m/moq-test/publish [3mtrack[0m[2m=[0m"published-track"
[2m2026-09-21T00:49:26.344832Z[0m [32m INFO[0m [2mmoq_test_client::scenarios[0m[2m:[0m PUBLISH completed [3mnamespace[0m[2m=[0m/moq-test/publish [3mtrack[0m[2m=[0m"published-track"
[2m2026-09-21T00:49:26.345628Z[0m [32m INFO[0m [2mmoq_native_ietf::quic[0m[2m:[0m UDP socket bound [3mbind[0m[2m=[0m[::]:0 [3mlocal[0m[2m=[0m[::]:47976 [3mdual_stack[0m[2m=[0mtrue
ok 7 - publish-track-only
  ---
  duration_ms: 756
  connection_id: df45fe3bc3d2e4ae542fca4d2811df1c
  ...
[2m2026-09-21T00:49:26.951750Z[0m [32m INFO[0m [2mmoq_native_ietf::quic[0m[2m:[0m UDP socket bound [3mbind[0m[2m=[0m[::]:0 [3mlocal[0m[2m=[0m[::]:58619 [3mdual_stack[0m[2m=[0mtrue
[2m2026-09-21T00:49:27.570779Z[0m [32m INFO[0m [2mmoq_test_client::scenarios[0m[2m:[0m Publisher sending direct PUBLISH before subscriber subscribes [3mnamespace[0m[2m=[0m/moq-test/publish [3mtrack[0m[2m=[0m"published-track"
[2m2026-09-21T00:49:27.721294Z[0m [32m INFO[0m [2mmoq_test_client::scenarios[0m[2m:[0m PUBLISH accepted; starting subscriber [3mnamespace[0m[2m=[0m/moq-test/publish [3mtrack[0m[2m=[0m"published-track"
not ok 8 - publish-track-subscribe
  ---
  duration_ms: 1631
  message: "subscriber track mode failed: closed, code=3"
  ...
[2m2026-09-21T00:49:27.977281Z[0m [32m INFO[0m [2mmoq_native_ietf::quic[0m[2m:[0m UDP socket bound [3mbind[0m[2m=[0m[::]:0 [3mlocal[0m[2m=[0m[::]:36074 [3mdual_stack[0m[2m=[0mtrue
[2m2026-09-21T00:49:28.580435Z[0m [32m INFO[0m [2mmoq_test_client::scenarios[0m[2m:[0m Subscribing with RENDEZVOUS_TIMEOUT to a track with no publisher [3mtimeout_ms[0m[2m=[0m500
[2m2026-09-21T00:49:28.730298Z[0m [33m WARN[0m [2mmoq_transport::serve::error[0m[2m:[0m [f2f1426e-cfbf-41ee-8d79-58fdecfe3630] Not found: Namespace not found at moq-transport/src/session/subscriber.rs:1653
not ok 9 - rendezvous-timeout
  ---
  duration_ms: 753
  message: "expected REQUEST_ERROR TIMEOUT, got: not found: Track not found [error:f2f1426e-cfbf-41ee-8d79-58fdecfe3630]"
  ...
[2m2026-09-21T00:49:28.731250Z[0m [32m INFO[0m [2mmoq_native_ietf::quic[0m[2m:[0m UDP socket bound [3mbind[0m[2m=[0m[::]:0 [3mlocal[0m[2m=[0m[::]:37419 [3mdual_stack[0m[2m=[0mtrue
[2m2026-09-21T00:49:29.500548Z[0m [33m WARN[0m [2mmoq_transport::serve::error[0m[2m:[0m [f64b441f-34a8-418d-8d61-1001ebd23267] Not found: Namespace not found at moq-transport/src/session/subscriber.rs:1653
[2m2026-09-21T00:49:29.549737Z[0m [32m INFO[0m [2mmoq_native_ietf::quic[0m[2m:[0m UDP socket bound [3mbind[0m[2m=[0m[::]:0 [3mlocal[0m[2m=[0m[::]:51604 [3mdual_stack[0m[2m=[0mtrue
not ok 10 - moq-test-subgroup-per-group
  ---
  duration_ms: 1572
  message: "subscriber setup failed before generation started"
  ...
[2m2026-09-21T00:49:30.303594Z[0m [32m INFO[0m [2mmoq_native_ietf::quic[0m[2m:[0m UDP socket bound [3mbind[0m[2m=[0m[::]:0 [3mlocal[0m[2m=[0m[::]:54720 [3mdual_stack[0m[2m=[0mtrue
[2m2026-09-21T00:49:31.071007Z[0m [33m WARN[0m [2mmoq_transport::serve::error[0m[2m:[0m [18236096-ab62-4755-8548-b82a073bb9e3] Not found: Namespace not found at moq-transport/src/session/subscriber.rs:1653
[2m2026-09-21T00:49:31.120240Z[0m [32m INFO[0m [2mmoq_native_ietf::quic[0m[2m:[0m UDP socket bound [3mbind[0m[2m=[0m[::]:0 [3mlocal[0m[2m=[0m[::]:38158 [3mdual_stack[0m[2m=[0mtrue
not ok 11 - moq-test-subgroup-per-group-eog
  ---
  duration_ms: 1578
  message: "subscriber setup failed before generation started"
  ...
[2m2026-09-21T00:49:31.881768Z[0m [32m INFO[0m [2mmoq_native_ietf::quic[0m[2m:[0m UDP socket bound [3mbind[0m[2m=[0m[::]:0 [3mlocal[0m[2m=[0m[::]:40846 [3mdual_stack[0m[2m=[0mtrue
[2m2026-09-21T00:49:32.655197Z[0m [33m WARN[0m [2mmoq_transport::serve::error[0m[2m:[0m [a97797e0-80d9-40eb-a9ad-dd5b32b8aa9c] Not found: Namespace not found at moq-transport/src/session/subscriber.rs:1653
[2m2026-09-21T00:49:32.703398Z[0m [32m INFO[0m [2mmoq_native_ietf::quic[0m[2m:[0m UDP socket bound [3mbind[0m[2m=[0m[::]:0 [3mlocal[0m[2m=[0m[::]:55153 [3mdual_stack[0m[2m=[0mtrue
[2m2026-09-21T00:49:33.459768Z[0m [32m INFO[0m [2mmoq_native_ietf::quic[0m[2m:[0m UDP socket bound [3mbind[0m[2m=[0m[::]:0 [3mlocal[0m[2m=[0m[::]:48853 [3mdual_stack[0m[2m=[0mtrue
not ok 12 - moq-test-subgroup-per-object
  ---
  duration_ms: 1577
  message: "subscriber setup failed before generation started"
  ...
[2m2026-09-21T00:49:34.222093Z[0m [33m WARN[0m [2mmoq_transport::serve::error[0m[2m:[0m [7705efe2-bc40-4fe3-a154-791b8df0c757] Not found: Namespace not found at moq-transport/src/session/subscriber.rs:1653
[2m2026-09-21T00:49:34.271521Z[0m [32m INFO[0m [2mmoq_native_ietf::quic[0m[2m:[0m UDP socket bound [3mbind[0m[2m=[0m[::]:0 [3mlocal[0m[2m=[0m[::]:37723 [3mdual_stack[0m[2m=[0mtrue
[2m2026-09-21T00:49:35.040474Z[0m [32m INFO[0m [2mmoq_native_ietf::quic[0m[2m:[0m UDP socket bound [3mbind[0m[2m=[0m[::]:0 [3mlocal[0m[2m=[0m[::]:44444 [3mdual_stack[0m[2m=[0mtrue
not ok 13 - moq-test-two-subgroups-eog
  ---
  duration_ms: 1580
  message: "subscriber setup failed before generation started"
  ...
[2m2026-09-21T00:49:35.798561Z[0m [33m WARN[0m [2mmoq_transport::serve::error[0m[2m:[0m [9b1304d5-31af-4465-a0fc-74e92c39fe4d] Not found: Namespace not found at moq-transport/src/session/subscriber.rs:1653
[2m2026-09-21T00:49:35.849841Z[0m [32m INFO[0m [2mmoq_native_ietf::quic[0m[2m:[0m UDP socket bound [3mbind[0m[2m=[0m[::]:0 [3mlocal[0m[2m=[0m[::]:33907 [3mdual_stack[0m[2m=[0mtrue
not ok 14 - moq-test-datagram
  ---
  duration_ms: 1578
  message: "subscriber setup failed before generation started"
  ...
[2m2026-09-21T00:49:36.618590Z[0m [32m INFO[0m [2mmoq_native_ietf::quic[0m[2m:[0m UDP socket bound [3mbind[0m[2m=[0m[::]:0 [3mlocal[0m[2m=[0m[::]:44376 [3mdual_stack[0m[2m=[0mtrue
[2m2026-09-21T00:49:37.387231Z[0m [33m WARN[0m [2mmoq_transport::serve::error[0m[2m:[0m [23ca0df3-1ab2-439c-8122-4b2383ea629e] Not found: Namespace not found at moq-transport/src/session/subscriber.rs:1653
[2m2026-09-21T00:49:37.436328Z[0m [32m INFO[0m [2mmoq_native_ietf::quic[0m[2m:[0m UDP socket bound [3mbind[0m[2m=[0m[::]:0 [3mlocal[0m[2m=[0m[::]:37186 [3mdual_stack[0m[2m=[0mtrue
not ok 15 - moq-test-datagram-eog
  ---
  duration_ms: 1586
  message: "subscriber setup failed before generation started"
  ...
[2m2026-09-21T00:49:38.205299Z[0m [32m INFO[0m [2mmoq_native_ietf::quic[0m[2m:[0m UDP socket bound [3mbind[0m[2m=[0m[::]:0 [3mlocal[0m[2m=[0m[::]:49817 [3mdual_stack[0m[2m=[0mtrue
[2m2026-09-21T00:49:38.967579Z[0m [33m WARN[0m [2mmoq_transport::serve::error[0m[2m:[0m [ca3780d8-2de8-407a-925a-9814b141fcc5] Not found: Namespace not found at moq-transport/src/session/subscriber.rs:1653
[2m2026-09-21T00:49:39.018037Z[0m [32m INFO[0m [2mmoq_native_ietf::quic[0m[2m:[0m UDP socket bound [3mbind[0m[2m=[0m[::]:0 [3mlocal[0m[2m=[0m[::]:51134 [3mdual_stack[0m[2m=[0mtrue
not ok 16 - moq-test-extensions
  ---
  duration_ms: 1566
  message: "subscriber setup failed before generation started"
  ...
[2m2026-09-21T00:49:39.771648Z[0m [32m INFO[0m [2mmoq_native_ietf::quic[0m[2m:[0m UDP socket bound [3mbind[0m[2m=[0m[::]:0 [3mlocal[0m[2m=[0m[::]:55482 [3mdual_stack[0m[2m=[0mtrue
[2m2026-09-21T00:49:40.526369Z[0m [33m WARN[0m [2mmoq_transport::serve::error[0m[2m:[0m [b9f756d4-69d7-400a-b6b3-8282af868c18] Not found: Namespace not found at moq-transport/src/session/subscriber.rs:1653
[2m2026-09-21T00:49:40.577666Z[0m [32m INFO[0m [2mmoq_native_ietf::quic[0m[2m:[0m UDP socket bound [3mbind[0m[2m=[0m[::]:0 [3mlocal[0m[2m=[0m[::]:36087 [3mdual_stack[0m[2m=[0mtrue
not ok 17 - moq-test-increments
  ---
  duration_ms: 1565
  message: "subscriber setup failed before generation started"
  ...
[2m2026-09-21T00:49:41.337508Z[0m [32m INFO[0m [2mmoq_native_ietf::quic[0m[2m:[0m UDP socket bound [3mbind[0m[2m=[0m[::]:0 [3mlocal[0m[2m=[0m[::]:57937 [3mdual_stack[0m[2m=[0mtrue
[2m2026-09-21T00:49:42.091849Z[0m [33m WARN[0m [2mmoq_transport::serve::error[0m[2m:[0m [5b556daf-3383-44e5-ae34-2d4da637f2b6] Not found: Namespace not found at moq-transport/src/session/subscriber.rs:1653
[2m2026-09-21T00:49:42.144303Z[0m [32m INFO[0m [2mmoq_native_ietf::quic[0m[2m:[0m UDP socket bound [3mbind[0m[2m=[0m[::]:0 [3mlocal[0m[2m=[0m[::]:59809 [3mdual_stack[0m[2m=[0mtrue
not ok 18 - moq-test-forward-zero
  ---
  duration_ms: 1565
  message: "subscriber setup failed before generation started"
  ...
make[1]: *** [Makefile:122: test-external] Error 1
make[1]: Leaving directory '/home/runner/work/moq-interop-runner/moq-interop-runner/main'
