make[1]: Entering directory '/home/runner/work/moq-interop-runner/moq-interop-runner/main'
Running tests against https://34-72-6-160.sslip.io:443...
  Client: ghcr.io/englishm/moq-interop-runner-moq-test-client-draft-18:latest
docker run --rm \
	 \
	--network host \
	-e RELAY_URL=https://34-72-6-160.sslip.io:443 \
	-e TLS_DISABLE_VERIFY=false \
	ghcr.io/englishm/moq-interop-runner-moq-test-client-draft-18:latest
TAP version 14
# moq-test-client v0.1.12
# Relay: https://34-72-6-160.sslip.io/
1..18
[2m2026-09-21T00:56:43.346560Z[0m [32m INFO[0m [2mmoq_native_ietf::quic[0m[2m:[0m UDP socket bound [3mbind[0m[2m=[0m[::]:0 [3mlocal[0m[2m=[0m[::]:54659 [3mdual_stack[0m[2m=[0mtrue
[2m2026-09-21T00:56:43.804660Z[0m [32m INFO[0m [2mmoq_test_client::scenarios[0m[2m:[0m SETUP exchange completed successfully
ok 1 - setup-only
  ---
  duration_ms: 458
  connection_id: 3d9525e8a4987bd8503b1b64d38e4e75
  ...
[2m2026-09-21T00:56:43.805446Z[0m [32m INFO[0m [2mmoq_native_ietf::quic[0m[2m:[0m UDP socket bound [3mbind[0m[2m=[0m[::]:0 [3mlocal[0m[2m=[0m[::]:42356 [3mdual_stack[0m[2m=[0mtrue
[2m2026-09-21T00:56:43.859048Z[0m [33m WARN[0m [2mweb_transport_quinn::session[0m[2m:[0m failed to read capsule [3me[0m[2m=[0mUnexpectedEnd
[2m2026-09-21T00:56:44.182992Z[0m [32m INFO[0m [2mmoq_test_client::scenarios[0m[2m:[0m Sending PUBLISH_NAMESPACE for: moq-test/interop
[2m2026-09-21T00:56:46.184759Z[0m [32m INFO[0m [2mmoq_test_client::scenarios[0m[2m:[0m PUBLISH_NAMESPACE succeeded (REQUEST_OK received, waiting for subscribers)
[2m2026-09-21T00:56:46.185570Z[0m [32m INFO[0m [2mmoq_native_ietf::quic[0m[2m:[0m UDP socket bound [3mbind[0m[2m=[0m[::]:0 [3mlocal[0m[2m=[0m[::]:43987 [3mdual_stack[0m[2m=[0mtrue
ok 2 - publish-namespace-only
  ---
  duration_ms: 2380
  connection_id: d89a3b9fd0e9d82f5a74260274d3d75b
  ...
[2m2026-09-21T00:56:46.237257Z[0m [33m WARN[0m [2mweb_transport_quinn::session[0m[2m:[0m failed to read capsule [3me[0m[2m=[0mUnexpectedEnd
[2m2026-09-21T00:56:46.421936Z[0m [32m INFO[0m [2mmoq_test_client::scenarios[0m[2m:[0m Subscribing to non-existent track: nonexistent/namespace/test-track
[2m2026-09-21T00:56:46.479477Z[0m [33m WARN[0m [2mmoq_test_client::scenarios[0m[2m:[0m Got error but not clearly 'not found': closed, code=404. Relay may use different error text.
ok 3 - subscribe-error
  ---
  duration_ms: 294
  connection_id: 4a5a43d446563418ecc1c7f52941c3df
  ...
[2m2026-09-21T00:56:46.480236Z[0m [32m INFO[0m [2mmoq_native_ietf::quic[0m[2m:[0m UDP socket bound [3mbind[0m[2m=[0m[::]:0 [3mlocal[0m[2m=[0m[::]:32799 [3mdual_stack[0m[2m=[0mtrue
[2m2026-09-21T00:56:46.535814Z[0m [33m WARN[0m [2mweb_transport_quinn::session[0m[2m:[0m failed to read capsule [3me[0m[2m=[0mUnexpectedEnd
[2m2026-09-21T00:56:46.865352Z[0m [32m INFO[0m [2mmoq_native_ietf::quic[0m[2m:[0m UDP socket bound [3mbind[0m[2m=[0m[::]:0 [3mlocal[0m[2m=[0m[::]:58037 [3mdual_stack[0m[2m=[0mtrue
[2m2026-09-21T00:56:47.258395Z[0m [32m INFO[0m [2mmoq_test_client::scenarios[0m[2m:[0m Publisher sending PUBLISH_NAMESPACE: moq-test/interop
[2m2026-09-21T00:56:47.258411Z[0m [32m INFO[0m [2mmoq_test_client::scenarios[0m[2m:[0m Subscriber subscribing to track: moq-test/interop/test-track
[2m2026-09-21T00:56:50.260682Z[0m [32m INFO[0m [2mmoq_test_client::scenarios[0m[2m:[0m Test timeout reached - subscription routing may still be in progress
ok 4 - publish-namespace-subscribe
  ---
  duration_ms: 3781
  publisher_connection_id: 5873ba9ba7f5d3891aa2da25a5fda36d
  subscriber_connection_id: 8af5c1ed3d0d787983393a32ce0a4354
  ...
[2m2026-09-21T00:56:50.261425Z[0m [32m INFO[0m [2mmoq_native_ietf::quic[0m[2m:[0m UDP socket bound [3mbind[0m[2m=[0m[::]:0 [3mlocal[0m[2m=[0m[::]:58140 [3mdual_stack[0m[2m=[0mtrue
[2m2026-09-21T00:56:50.314687Z[0m [33m WARN[0m [2mweb_transport_quinn::session[0m[2m:[0m failed to read capsule [3me[0m[2m=[0mUnexpectedEnd
[2m2026-09-21T00:56:50.314744Z[0m [33m WARN[0m [2mweb_transport_quinn::session[0m[2m:[0m failed to read capsule [3me[0m[2m=[0mUnexpectedEnd
[2m2026-09-21T00:56:50.486258Z[0m [32m INFO[0m [2mmoq_test_client::scenarios[0m[2m:[0m Subscriber subscribing BEFORE PUBLISH_NAMESPACE: moq-test/interop/test-track
[2m2026-09-21T00:56:50.987521Z[0m [32m INFO[0m [2mmoq_native_ietf::quic[0m[2m:[0m UDP socket bound [3mbind[0m[2m=[0m[::]:0 [3mlocal[0m[2m=[0m[::]:34471 [3mdual_stack[0m[2m=[0mtrue
[2m2026-09-21T00:56:51.230282Z[0m [32m INFO[0m [2mmoq_test_client::scenarios[0m[2m:[0m Publisher sending PUBLISH_NAMESPACE (after subscriber): moq-test/interop
[2m2026-09-21T00:56:51.294245Z[0m [33m WARN[0m [2mweb_transport_quinn::session[0m[2m:[0m failed to read capsule [3me[0m[2m=[0mUnexpectedEnd
[2m2026-09-21T00:56:54.231218Z[0m [32m INFO[0m [2mmoq_test_client::scenarios[0m[2m:[0m Publisher PUBLISH_NAMESPACE timeout (expected)
[2m2026-09-21T00:56:54.231241Z[0m [32m INFO[0m [2mmoq_test_client::scenarios[0m[2m:[0m Subscriber got error: closed, code=404 (may be expected)
ok 5 - subscribe-before-publish-namespace
  ---
  duration_ms: 3970
  subscriber_connection_id: 5284f6d9c337321eb7ee8e39ec95dca1
  publisher_connection_id: 254030ccb57c668730ca6442b9fa89cf
  ...
[2m2026-09-21T00:56:54.232052Z[0m [32m INFO[0m [2mmoq_native_ietf::quic[0m[2m:[0m UDP socket bound [3mbind[0m[2m=[0m[::]:0 [3mlocal[0m[2m=[0m[::]:48696 [3mdual_stack[0m[2m=[0mtrue
[2m2026-09-21T00:56:54.455854Z[0m [32m INFO[0m [2mmoq_test_client::scenarios[0m[2m:[0m Sending PUBLISH_NAMESPACE: moq-test/interop
[2m2026-09-21T00:56:56.456988Z[0m [32m INFO[0m [2mmoq_test_client::scenarios[0m[2m:[0m PUBLISH_NAMESPACE active; sending PUBLISH_NAMESPACE_DONE
ok 6 - publish-namespace-done
  ---
  duration_ms: 2326
  connection_id: 237b65e648d603eac850bdc9aa85116a
  ...
[2m2026-09-21T00:56:56.557839Z[0m [32m INFO[0m [2mmoq_test_client::scenarios[0m[2m:[0m PUBLISH_NAMESPACE_DONE sent successfully
[2m2026-09-21T00:56:56.558567Z[0m [32m INFO[0m [2mmoq_native_ietf::quic[0m[2m:[0m UDP socket bound [3mbind[0m[2m=[0m[::]:0 [3mlocal[0m[2m=[0m[::]:47969 [3mdual_stack[0m[2m=[0mtrue
[2m2026-09-21T00:56:56.796289Z[0m [32m INFO[0m [2mmoq_test_client::scenarios[0m[2m:[0m Publisher sending direct PUBLISH [3mnamespace[0m[2m=[0m/moq-test/publish [3mtrack[0m[2m=[0m"published-track"
[2m2026-09-21T00:56:56.851721Z[0m [33m WARN[0m [2mmoq_transport::session::reader[0m[2m:[0m [READER] decode: stream ended while waiting for data (have=0 bytes, need=1)
not ok 7 - publish-track-only
  ---
  duration_ms: 294
  message: "PUBLISH was rejected: closed, code=3"
  ...
[2m2026-09-21T00:56:56.852631Z[0m [32m INFO[0m [2mmoq_native_ietf::quic[0m[2m:[0m UDP socket bound [3mbind[0m[2m=[0m[::]:0 [3mlocal[0m[2m=[0m[::]:41654 [3mdual_stack[0m[2m=[0mtrue
[2m2026-09-21T00:56:57.094685Z[0m [32m INFO[0m [2mmoq_native_ietf::quic[0m[2m:[0m UDP socket bound [3mbind[0m[2m=[0m[::]:0 [3mlocal[0m[2m=[0m[::]:46357 [3mdual_stack[0m[2m=[0mtrue
[2m2026-09-21T00:56:57.336093Z[0m [32m INFO[0m [2mmoq_test_client::scenarios[0m[2m:[0m Publisher sending direct PUBLISH before subscriber subscribes [3mnamespace[0m[2m=[0m/moq-test/publish [3mtrack[0m[2m=[0m"published-track"
[2m2026-09-21T00:56:57.392555Z[0m [33m WARN[0m [2mmoq_transport::session::reader[0m[2m:[0m [READER] decode: stream ended while waiting for data (have=0 bytes, need=1)
not ok 8 - publish-track-subscribe
  ---
  duration_ms: 540
  message: "PUBLISH was rejected: closed, code=3"
  ...
[2m2026-09-21T00:56:57.393455Z[0m [32m INFO[0m [2mmoq_native_ietf::quic[0m[2m:[0m UDP socket bound [3mbind[0m[2m=[0m[::]:0 [3mlocal[0m[2m=[0m[::]:42809 [3mdual_stack[0m[2m=[0mtrue
[2m2026-09-21T00:56:57.623791Z[0m [32m INFO[0m [2mmoq_test_client::scenarios[0m[2m:[0m Subscribing with RENDEZVOUS_TIMEOUT to a track with no publisher [3mtimeout_ms[0m[2m=[0m500
not ok 9 - rendezvous-timeout
  ---
  duration_ms: 285
  message: "expected REQUEST_ERROR TIMEOUT, got: closed, code=404"
  ...
[2m2026-09-21T00:56:57.679258Z[0m [32m INFO[0m [2mmoq_native_ietf::quic[0m[2m:[0m UDP socket bound [3mbind[0m[2m=[0m[::]:0 [3mlocal[0m[2m=[0m[::]:48916 [3mdual_stack[0m[2m=[0mtrue
[2m2026-09-21T00:56:58.112737Z[0m [32m INFO[0m [2mmoq_native_ietf::quic[0m[2m:[0m UDP socket bound [3mbind[0m[2m=[0m[::]:0 [3mlocal[0m[2m=[0m[::]:46320 [3mdual_stack[0m[2m=[0mtrue
[2m2026-09-21T00:56:58.401923Z[0m [33m WARN[0m [2mmoq_transport::session::reader[0m[2m:[0m [READER] decode: stream ended while waiting for data (have=0 bytes, need=1)
not ok 10 - moq-test-subgroup-per-group
  ---
  duration_ms: 723
  message: "PUBLISH was rejected: closed, code=3"
  ...
[2m2026-09-21T00:56:58.402844Z[0m [32m INFO[0m [2mmoq_native_ietf::quic[0m[2m:[0m UDP socket bound [3mbind[0m[2m=[0m[::]:0 [3mlocal[0m[2m=[0m[::]:54362 [3mdual_stack[0m[2m=[0mtrue
[2m2026-09-21T00:56:58.457151Z[0m [33m WARN[0m [2mweb_transport_quinn::session[0m[2m:[0m failed to read capsule [3me[0m[2m=[0mUnexpectedEnd
[2m2026-09-21T00:56:58.836042Z[0m [32m INFO[0m [2mmoq_native_ietf::quic[0m[2m:[0m UDP socket bound [3mbind[0m[2m=[0m[::]:0 [3mlocal[0m[2m=[0m[::]:43194 [3mdual_stack[0m[2m=[0mtrue
[2m2026-09-21T00:56:59.135325Z[0m [33m WARN[0m [2mmoq_transport::session::reader[0m[2m:[0m [READER] decode: stream ended while waiting for data (have=0 bytes, need=1)
not ok 11 - moq-test-subgroup-per-group-eog
  ---
  duration_ms: 733
  message: "PUBLISH was rejected: closed, code=3"
  ...
[2m2026-09-21T00:56:59.136138Z[0m [32m INFO[0m [2mmoq_native_ietf::quic[0m[2m:[0m UDP socket bound [3mbind[0m[2m=[0m[::]:0 [3mlocal[0m[2m=[0m[::]:54573 [3mdual_stack[0m[2m=[0mtrue
[2m2026-09-21T00:56:59.191709Z[0m [33m WARN[0m [2mweb_transport_quinn::session[0m[2m:[0m failed to read capsule [3me[0m[2m=[0mUnexpectedEnd
[2m2026-09-21T00:56:59.572905Z[0m [32m INFO[0m [2mmoq_native_ietf::quic[0m[2m:[0m UDP socket bound [3mbind[0m[2m=[0m[::]:0 [3mlocal[0m[2m=[0m[::]:58971 [3mdual_stack[0m[2m=[0mtrue
[2m2026-09-21T00:56:59.850203Z[0m [33m WARN[0m [2mmoq_transport::session::reader[0m[2m:[0m [READER] decode: stream ended while waiting for data (have=0 bytes, need=1)
not ok 12 - moq-test-subgroup-per-object
  ---
  duration_ms: 714
  message: "PUBLISH was rejected: closed, code=3"
  ...
[2m2026-09-21T00:56:59.851137Z[0m [32m INFO[0m [2mmoq_native_ietf::quic[0m[2m:[0m UDP socket bound [3mbind[0m[2m=[0m[::]:0 [3mlocal[0m[2m=[0m[::]:48006 [3mdual_stack[0m[2m=[0mtrue
[2m2026-09-21T00:56:59.903404Z[0m [33m WARN[0m [2mweb_transport_quinn::session[0m[2m:[0m failed to read capsule [3me[0m[2m=[0mUnexpectedEnd
[2m2026-09-21T00:57:00.288704Z[0m [32m INFO[0m [2mmoq_native_ietf::quic[0m[2m:[0m UDP socket bound [3mbind[0m[2m=[0m[::]:0 [3mlocal[0m[2m=[0m[::]:35892 [3mdual_stack[0m[2m=[0mtrue
[2m2026-09-21T00:57:00.580696Z[0m [33m WARN[0m [2mmoq_transport::session::reader[0m[2m:[0m [READER] decode: stream ended while waiting for data (have=0 bytes, need=1)
not ok 13 - moq-test-two-subgroups-eog
  ---
  duration_ms: 730
  message: "PUBLISH was rejected: closed, code=3"
  ...
[2m2026-09-21T00:57:00.581626Z[0m [32m INFO[0m [2mmoq_native_ietf::quic[0m[2m:[0m UDP socket bound [3mbind[0m[2m=[0m[::]:0 [3mlocal[0m[2m=[0m[::]:56214 [3mdual_stack[0m[2m=[0mtrue
[2m2026-09-21T00:57:00.637371Z[0m [33m WARN[0m [2mweb_transport_quinn::session[0m[2m:[0m failed to read capsule [3me[0m[2m=[0mUnexpectedEnd
[2m2026-09-21T00:57:01.028557Z[0m [32m INFO[0m [2mmoq_native_ietf::quic[0m[2m:[0m UDP socket bound [3mbind[0m[2m=[0m[::]:0 [3mlocal[0m[2m=[0m[::]:41902 [3mdual_stack[0m[2m=[0mtrue
[2m2026-09-21T00:57:01.324104Z[0m [33m WARN[0m [2mmoq_transport::session::reader[0m[2m:[0m [READER] decode: stream ended while waiting for data (have=0 bytes, need=1)
not ok 14 - moq-test-datagram
  ---
  duration_ms: 743
  message: "PUBLISH was rejected: closed, code=3"
  ...
[2m2026-09-21T00:57:01.324976Z[0m [32m INFO[0m [2mmoq_native_ietf::quic[0m[2m:[0m UDP socket bound [3mbind[0m[2m=[0m[::]:0 [3mlocal[0m[2m=[0m[::]:33475 [3mdual_stack[0m[2m=[0mtrue
[2m2026-09-21T00:57:01.380840Z[0m [33m WARN[0m [2mweb_transport_quinn::session[0m[2m:[0m failed to read capsule [3me[0m[2m=[0mUnexpectedEnd
[2m2026-09-21T00:57:01.752266Z[0m [32m INFO[0m [2mmoq_native_ietf::quic[0m[2m:[0m UDP socket bound [3mbind[0m[2m=[0m[::]:0 [3mlocal[0m[2m=[0m[::]:43325 [3mdual_stack[0m[2m=[0mtrue
[2m2026-09-21T00:57:02.038915Z[0m [33m WARN[0m [2mmoq_transport::session::reader[0m[2m:[0m [READER] decode: stream ended while waiting for data (have=0 bytes, need=1)
not ok 15 - moq-test-datagram-eog
  ---
  duration_ms: 714
  message: "PUBLISH was rejected: closed, code=3"
  ...
[2m2026-09-21T00:57:02.039930Z[0m [32m INFO[0m [2mmoq_native_ietf::quic[0m[2m:[0m UDP socket bound [3mbind[0m[2m=[0m[::]:0 [3mlocal[0m[2m=[0m[::]:50393 [3mdual_stack[0m[2m=[0mtrue
[2m2026-09-21T00:57:02.094481Z[0m [33m WARN[0m [2mweb_transport_quinn::session[0m[2m:[0m failed to read capsule [3me[0m[2m=[0mUnexpectedEnd
[2m2026-09-21T00:57:02.477332Z[0m [32m INFO[0m [2mmoq_native_ietf::quic[0m[2m:[0m UDP socket bound [3mbind[0m[2m=[0m[::]:0 [3mlocal[0m[2m=[0m[::]:60967 [3mdual_stack[0m[2m=[0mtrue
[2m2026-09-21T00:57:02.774208Z[0m [33m WARN[0m [2mmoq_transport::session::reader[0m[2m:[0m [READER] decode: stream ended while waiting for data (have=0 bytes, need=1)
not ok 16 - moq-test-extensions
  ---
  duration_ms: 735
  message: "PUBLISH was rejected: closed, code=3"
  ...
[2m2026-09-21T00:57:02.775117Z[0m [32m INFO[0m [2mmoq_native_ietf::quic[0m[2m:[0m UDP socket bound [3mbind[0m[2m=[0m[::]:0 [3mlocal[0m[2m=[0m[::]:38391 [3mdual_stack[0m[2m=[0mtrue
[2m2026-09-21T00:57:02.830633Z[0m [33m WARN[0m [2mweb_transport_quinn::session[0m[2m:[0m failed to read capsule [3me[0m[2m=[0mUnexpectedEnd
[2m2026-09-21T00:57:03.215480Z[0m [32m INFO[0m [2mmoq_native_ietf::quic[0m[2m:[0m UDP socket bound [3mbind[0m[2m=[0m[::]:0 [3mlocal[0m[2m=[0m[::]:48830 [3mdual_stack[0m[2m=[0mtrue
[2m2026-09-21T00:57:03.506677Z[0m [33m WARN[0m [2mmoq_transport::session::reader[0m[2m:[0m [READER] decode: stream ended while waiting for data (have=0 bytes, need=1)
not ok 17 - moq-test-increments
  ---
  duration_ms: 732
  message: "PUBLISH was rejected: closed, code=3"
  ...
[2m2026-09-21T00:57:03.507581Z[0m [32m INFO[0m [2mmoq_native_ietf::quic[0m[2m:[0m UDP socket bound [3mbind[0m[2m=[0m[::]:0 [3mlocal[0m[2m=[0m[::]:51410 [3mdual_stack[0m[2m=[0mtrue
[2m2026-09-21T00:57:03.562413Z[0m [33m WARN[0m [2mweb_transport_quinn::session[0m[2m:[0m failed to read capsule [3me[0m[2m=[0mUnexpectedEnd
[2m2026-09-21T00:57:03.949517Z[0m [32m INFO[0m [2mmoq_native_ietf::quic[0m[2m:[0m UDP socket bound [3mbind[0m[2m=[0m[::]:0 [3mlocal[0m[2m=[0m[::]:52997 [3mdual_stack[0m[2m=[0mtrue
[2m2026-09-21T00:57:04.237541Z[0m [33m WARN[0m [2mmoq_transport::session::reader[0m[2m:[0m [READER] decode: stream ended while waiting for data (have=0 bytes, need=1)
not ok 18 - moq-test-forward-zero
  ---
  duration_ms: 730
  message: "PUBLISH was rejected: closed, code=3"
  ...
make[1]: *** [Makefile:122: test-external] Error 1
make[1]: Leaving directory '/home/runner/work/moq-interop-runner/moq-interop-runner/main'
