make[1]: Entering directory '/home/runner/work/moq-interop-runner/moq-interop-runner/main'
Running tests against moqt://fb.mvfst.net:9448...
  Client: ghcr.io/englishm/moq-interop-runner-moq-test-client-draft-18:latest
docker run --rm \
	 \
	--network host \
	-e RELAY_URL=moqt://fb.mvfst.net:9448 \
	-e TLS_DISABLE_VERIFY=1 \
	ghcr.io/englishm/moq-interop-runner-moq-test-client-draft-18:latest
TAP version 14
# moq-test-client v0.1.12
# Relay: moqt://fb.mvfst.net:9448
1..18
[2m2026-09-21T00:56:26.640316Z[0m [32m INFO[0m [2mmoq_native_ietf::quic[0m[2m:[0m UDP socket bound [3mbind[0m[2m=[0m[::]:0 [3mlocal[0m[2m=[0m[::]:60082 [3mdual_stack[0m[2m=[0mtrue
[2m2026-09-21T00:56:26.716790Z[0m [32m INFO[0m [2mmoq_test_client::scenarios[0m[2m:[0m SETUP exchange completed successfully
ok 1 - setup-only
  ---
  duration_ms: 77
  connection_id: 84a4246e1c56a36e23057d710bb75274
  ...
[2m2026-09-21T00:56:26.717546Z[0m [32m INFO[0m [2mmoq_native_ietf::quic[0m[2m:[0m UDP socket bound [3mbind[0m[2m=[0m[::]:0 [3mlocal[0m[2m=[0m[::]:40296 [3mdual_stack[0m[2m=[0mtrue
[2m2026-09-21T00:56:26.796248Z[0m [32m INFO[0m [2mmoq_test_client::scenarios[0m[2m:[0m Sending PUBLISH_NAMESPACE for: moq-test/interop
[2m2026-09-21T00:56:28.797057Z[0m [32m INFO[0m [2mmoq_test_client::scenarios[0m[2m:[0m PUBLISH_NAMESPACE succeeded (REQUEST_OK received, waiting for subscribers)
[2m2026-09-21T00:56:28.797829Z[0m [32m INFO[0m [2mmoq_native_ietf::quic[0m[2m:[0m UDP socket bound [3mbind[0m[2m=[0m[::]:0 [3mlocal[0m[2m=[0m[::]:37499 [3mdual_stack[0m[2m=[0mtrue
ok 2 - publish-namespace-only
  ---
  duration_ms: 2080
  connection_id: 8e4731eccfb94e1f99e029ef8988d7fe
  ...
[2m2026-09-21T00:56:28.870947Z[0m [32m INFO[0m [2mmoq_test_client::scenarios[0m[2m:[0m Subscribing to non-existent track: nonexistent/namespace/test-track
[2m2026-09-21T00:56:28.938236Z[0m [33m WARN[0m [2mmoq_transport::serve::error[0m[2m:[0m [6e5291c8-7d48-4dc8-8cb4-ebbb86eacc85] Not found: no such namespace or track at moq-transport/src/session/subscriber.rs:1653
[2m2026-09-21T00:56:28.938311Z[0m [32m INFO[0m [2mmoq_test_client::scenarios[0m[2m:[0m Got expected 'not found' error: not found: Track not found [error:6e5291c8-7d48-4dc8-8cb4-ebbb86eacc85]
ok 3 - subscribe-error
  ---
  duration_ms: 141
  connection_id: 9853e47b8b1bfd92e42789be3f36449e
  ...
[2m2026-09-21T00:56:28.939106Z[0m [32m INFO[0m [2mmoq_native_ietf::quic[0m[2m:[0m UDP socket bound [3mbind[0m[2m=[0m[::]:0 [3mlocal[0m[2m=[0m[::]:55610 [3mdual_stack[0m[2m=[0mtrue
[2m2026-09-21T00:56:29.078554Z[0m [32m INFO[0m [2mmoq_native_ietf::quic[0m[2m:[0m UDP socket bound [3mbind[0m[2m=[0m[::]:0 [3mlocal[0m[2m=[0m[::]:43585 [3mdual_stack[0m[2m=[0mtrue
[2m2026-09-21T00:56:29.156470Z[0m [32m INFO[0m [2mmoq_test_client::scenarios[0m[2m:[0m Publisher sending PUBLISH_NAMESPACE: moq-test/interop
[2m2026-09-21T00:56:29.156485Z[0m [32m INFO[0m [2mmoq_test_client::scenarios[0m[2m:[0m Subscriber subscribing to track: moq-test/interop/test-track
[2m2026-09-21T00:56:32.157902Z[0m [32m INFO[0m [2mmoq_test_client::scenarios[0m[2m:[0m Test timeout reached - subscription routing may still be in progress
ok 4 - publish-namespace-subscribe
  ---
  duration_ms: 3219
  publisher_connection_id: 799b7af4468280adb57c4b2e315eda34
  subscriber_connection_id: af4a5c192e1cae232dc3a4a3b133d805
  ...
[2m2026-09-21T00:56:32.158603Z[0m [32m INFO[0m [2mmoq_native_ietf::quic[0m[2m:[0m UDP socket bound [3mbind[0m[2m=[0m[::]:0 [3mlocal[0m[2m=[0m[::]:55484 [3mdual_stack[0m[2m=[0mtrue
[2m2026-09-21T00:56:32.239071Z[0m [32m INFO[0m [2mmoq_test_client::scenarios[0m[2m:[0m Subscriber subscribing BEFORE PUBLISH_NAMESPACE: moq-test/interop/test-track
[2m2026-09-21T00:56:32.307986Z[0m [33m WARN[0m [2mmoq_transport::serve::error[0m[2m:[0m [399c2823-44cd-45c5-b971-6ec6d016d1e1] Not found: no such namespace or track at moq-transport/src/session/subscriber.rs:1653
[2m2026-09-21T00:56:32.740659Z[0m [32m INFO[0m [2mmoq_native_ietf::quic[0m[2m:[0m UDP socket bound [3mbind[0m[2m=[0m[::]:0 [3mlocal[0m[2m=[0m[::]:40758 [3mdual_stack[0m[2m=[0mtrue
[2m2026-09-21T00:56:32.818643Z[0m [32m INFO[0m [2mmoq_test_client::scenarios[0m[2m:[0m Publisher sending PUBLISH_NAMESPACE (after subscriber): moq-test/interop
[2m2026-09-21T00:56:35.820219Z[0m [32m INFO[0m [2mmoq_test_client::scenarios[0m[2m:[0m Publisher PUBLISH_NAMESPACE timeout (expected)
[2m2026-09-21T00:56:35.820240Z[0m [32m INFO[0m [2mmoq_test_client::scenarios[0m[2m:[0m Subscriber got error: not found: Track not found [error:399c2823-44cd-45c5-b971-6ec6d016d1e1] (may be expected)
ok 5 - subscribe-before-publish-namespace
  ---
  duration_ms: 3662
  subscriber_connection_id: d372b4898c2bd97a95205b39a7363b36
  publisher_connection_id: af6a355ca00be7ecdbc35f646f69a8f9
  ...
[2m2026-09-21T00:56:35.820918Z[0m [32m INFO[0m [2mmoq_native_ietf::quic[0m[2m:[0m UDP socket bound [3mbind[0m[2m=[0m[::]:0 [3mlocal[0m[2m=[0m[::]:49496 [3mdual_stack[0m[2m=[0mtrue
[2m2026-09-21T00:56:35.898884Z[0m [32m INFO[0m [2mmoq_test_client::scenarios[0m[2m:[0m Sending PUBLISH_NAMESPACE: moq-test/interop
[2m2026-09-21T00:56:37.900306Z[0m [32m INFO[0m [2mmoq_test_client::scenarios[0m[2m:[0m PUBLISH_NAMESPACE active; sending PUBLISH_NAMESPACE_DONE
[2m2026-09-21T00:56:38.001319Z[0m [32m INFO[0m [2mmoq_test_client::scenarios[0m[2m:[0m PUBLISH_NAMESPACE_DONE sent successfully
ok 6 - publish-namespace-done
  ---
  duration_ms: 2181
  connection_id: b21becd2bc1d66f211b440e001812945
  ...
[2m2026-09-21T00:56:38.002048Z[0m [32m INFO[0m [2mmoq_native_ietf::quic[0m[2m:[0m UDP socket bound [3mbind[0m[2m=[0m[::]:0 [3mlocal[0m[2m=[0m[::]:44148 [3mdual_stack[0m[2m=[0mtrue
[2m2026-09-21T00:56:38.077795Z[0m [32m INFO[0m [2mmoq_test_client::scenarios[0m[2m:[0m Publisher sending direct PUBLISH [3mnamespace[0m[2m=[0m/moq-test/publish [3mtrack[0m[2m=[0m"published-track"
[2m2026-09-21T00:56:38.148774Z[0m [32m INFO[0m [2mmoq_test_client::scenarios[0m[2m:[0m PUBLISH accepted [3mnamespace[0m[2m=[0m/moq-test/publish [3mtrack[0m[2m=[0m"published-track"
[2m2026-09-21T00:56:38.148835Z[0m [32m INFO[0m [2mmoq_test_client::scenarios[0m[2m:[0m PUBLISH completed [3mnamespace[0m[2m=[0m/moq-test/publish [3mtrack[0m[2m=[0m"published-track"
ok 7 - publish-track-only
  ---
  duration_ms: 147
  connection_id: 60281574b7ec45467e5bdf793d0b6e77
  ...
[2m2026-09-21T00:56:38.149544Z[0m [32m INFO[0m [2mmoq_native_ietf::quic[0m[2m:[0m UDP socket bound [3mbind[0m[2m=[0m[::]:0 [3mlocal[0m[2m=[0m[::]:37215 [3mdual_stack[0m[2m=[0mtrue
[2m2026-09-21T00:56:38.227559Z[0m [32m INFO[0m [2mmoq_native_ietf::quic[0m[2m:[0m UDP socket bound [3mbind[0m[2m=[0m[::]:0 [3mlocal[0m[2m=[0m[::]:37606 [3mdual_stack[0m[2m=[0mtrue
[2m2026-09-21T00:56:38.301357Z[0m [32m INFO[0m [2mmoq_test_client::scenarios[0m[2m:[0m Publisher sending direct PUBLISH before subscriber subscribes [3mnamespace[0m[2m=[0m/moq-test/publish [3mtrack[0m[2m=[0m"published-track"
[2m2026-09-21T00:56:38.373327Z[0m [32m INFO[0m [2mmoq_test_client::scenarios[0m[2m:[0m PUBLISH accepted; starting subscriber [3mnamespace[0m[2m=[0m/moq-test/publish [3mtrack[0m[2m=[0m"published-track"
[2m2026-09-21T00:56:38.439579Z[0m [33m WARN[0m [2mmoq_transport::session[0m[2m:[0m unexpected bidi response message type [3mmsg_type[0m[2m=[0m2
[2m2026-09-21T00:56:38.439604Z[0m [33m WARN[0m [2mmoq_transport::serve::error[0m[2m:[0m [3ea1a9be-04c6-4b3a-871c-4eb6707f5e16] Not implemented: bidi response type 0x2 at moq-transport/src/session/error.rs:89
not ok 8 - publish-track-subscribe
  ---
  duration_ms: 325
  message: "failed serving PUBLISH track: serve error: cancelled: cancelled"
  ...
[2m2026-09-21T00:56:38.474846Z[0m [32m INFO[0m [2mmoq_native_ietf::quic[0m[2m:[0m UDP socket bound [3mbind[0m[2m=[0m[::]:0 [3mlocal[0m[2m=[0m[::]:41683 [3mdual_stack[0m[2m=[0mtrue
[2m2026-09-21T00:56:38.551978Z[0m [32m INFO[0m [2mmoq_test_client::scenarios[0m[2m:[0m Subscribing with RENDEZVOUS_TIMEOUT to a track with no publisher [3mtimeout_ms[0m[2m=[0m500
ok 9 - rendezvous-timeout
  ---
  duration_ms: 646
  connection_id: fa53ffd983e905676b7c966bc904c735
  ...
[2m2026-09-21T00:56:39.121129Z[0m [32m INFO[0m [2mmoq_test_client::scenarios[0m[2m:[0m Received expected REQUEST_ERROR TIMEOUT
[2m2026-09-21T00:56:39.121820Z[0m [32m INFO[0m [2mmoq_native_ietf::quic[0m[2m:[0m UDP socket bound [3mbind[0m[2m=[0m[::]:0 [3mlocal[0m[2m=[0m[::]:34202 [3mdual_stack[0m[2m=[0mtrue
[2m2026-09-21T00:56:39.399630Z[0m [32m INFO[0m [2mmoq_native_ietf::quic[0m[2m:[0m UDP socket bound [3mbind[0m[2m=[0m[::]:0 [3mlocal[0m[2m=[0m[::]:58223 [3mdual_stack[0m[2m=[0mtrue
[2m2026-09-21T00:56:39.547368Z[0m [32m INFO[0m [2mmoq_test_client::moqtest[0m[2m:[0m PUBLISH accepted and subscription bound; generating objects [3mobjects[0m[2m=[0m15 [3mstreams[0m[2m=[0m3
not ok 10 - moq-test-subgroup-per-group
  ---
  duration_ms: 441
  message: "failed to create subgroup: cancelled"
  ...
[2m2026-09-21T00:56:39.563122Z[0m [32m INFO[0m [2mmoq_native_ietf::quic[0m[2m:[0m UDP socket bound [3mbind[0m[2m=[0m[::]:0 [3mlocal[0m[2m=[0m[::]:54059 [3mdual_stack[0m[2m=[0mtrue
[2m2026-09-21T00:56:39.843903Z[0m [32m INFO[0m [2mmoq_native_ietf::quic[0m[2m:[0m UDP socket bound [3mbind[0m[2m=[0m[::]:0 [3mlocal[0m[2m=[0m[::]:36380 [3mdual_stack[0m[2m=[0mtrue
[2m2026-09-21T00:56:39.994697Z[0m [32m INFO[0m [2mmoq_test_client::moqtest[0m[2m:[0m PUBLISH accepted and subscription bound; generating objects [3mobjects[0m[2m=[0m15 [3mstreams[0m[2m=[0m3
not ok 11 - moq-test-subgroup-per-group-eog
  ---
  duration_ms: 451
  message: "failed to create subgroup: cancelled"
  ...
[2m2026-09-21T00:56:40.014781Z[0m [32m INFO[0m [2mmoq_native_ietf::quic[0m[2m:[0m UDP socket bound [3mbind[0m[2m=[0m[::]:0 [3mlocal[0m[2m=[0m[::]:40255 [3mdual_stack[0m[2m=[0mtrue
[2m2026-09-21T00:56:40.293667Z[0m [32m INFO[0m [2mmoq_native_ietf::quic[0m[2m:[0m UDP socket bound [3mbind[0m[2m=[0m[::]:0 [3mlocal[0m[2m=[0m[::]:60299 [3mdual_stack[0m[2m=[0mtrue
[2m2026-09-21T00:56:40.440723Z[0m [32m INFO[0m [2mmoq_test_client::moqtest[0m[2m:[0m PUBLISH accepted and subscription bound; generating objects [3mobjects[0m[2m=[0m8 [3mstreams[0m[2m=[0m8
not ok 12 - moq-test-subgroup-per-object
  ---
  duration_ms: 429
  message: "failed to create subgroup: cancelled"
  ...
[2m2026-09-21T00:56:40.444732Z[0m [32m INFO[0m [2mmoq_native_ietf::quic[0m[2m:[0m UDP socket bound [3mbind[0m[2m=[0m[::]:0 [3mlocal[0m[2m=[0m[::]:51147 [3mdual_stack[0m[2m=[0mtrue
[2m2026-09-21T00:56:40.728047Z[0m [32m INFO[0m [2mmoq_native_ietf::quic[0m[2m:[0m UDP socket bound [3mbind[0m[2m=[0m[::]:0 [3mlocal[0m[2m=[0m[::]:36313 [3mdual_stack[0m[2m=[0mtrue
[2m2026-09-21T00:56:40.876884Z[0m [32m INFO[0m [2mmoq_test_client::moqtest[0m[2m:[0m PUBLISH accepted and subscription bound; generating objects [3mobjects[0m[2m=[0m18 [3mstreams[0m[2m=[0m6
not ok 13 - moq-test-two-subgroups-eog
  ---
  duration_ms: 454
  message: "failed to create subgroup 0: cancelled"
  ...
[2m2026-09-21T00:56:40.899175Z[0m [32m INFO[0m [2mmoq_native_ietf::quic[0m[2m:[0m UDP socket bound [3mbind[0m[2m=[0m[::]:0 [3mlocal[0m[2m=[0m[::]:50173 [3mdual_stack[0m[2m=[0mtrue
[2m2026-09-21T00:56:41.178677Z[0m [32m INFO[0m [2mmoq_native_ietf::quic[0m[2m:[0m UDP socket bound [3mbind[0m[2m=[0m[::]:0 [3mlocal[0m[2m=[0m[::]:57658 [3mdual_stack[0m[2m=[0mtrue
[2m2026-09-21T00:56:41.323100Z[0m [32m INFO[0m [2mmoq_test_client::moqtest[0m[2m:[0m PUBLISH accepted and subscription bound; generating objects [3mobjects[0m[2m=[0m15 [3mstreams[0m[2m=[0m0
not ok 14 - moq-test-datagram
  ---
  duration_ms: 446
  message: "failed to write datagram: cancelled"
  ...
[2m2026-09-21T00:56:41.345318Z[0m [32m INFO[0m [2mmoq_native_ietf::quic[0m[2m:[0m UDP socket bound [3mbind[0m[2m=[0m[::]:0 [3mlocal[0m[2m=[0m[::]:45142 [3mdual_stack[0m[2m=[0mtrue
[2m2026-09-21T00:56:41.631255Z[0m [32m INFO[0m [2mmoq_native_ietf::quic[0m[2m:[0m UDP socket bound [3mbind[0m[2m=[0m[::]:0 [3mlocal[0m[2m=[0m[::]:55343 [3mdual_stack[0m[2m=[0mtrue
[2m2026-09-21T00:56:41.777677Z[0m [33m WARN[0m [2mmoq_transport::session[0m[2m:[0m unexpected bidi response message type [3mmsg_type[0m[2m=[0m2
[2m2026-09-21T00:56:41.777696Z[0m [33m WARN[0m [2mmoq_transport::serve::error[0m[2m:[0m [3936b9f6-c7da-4eb9-8370-6cce81ada99b] Not implemented: bidi response type 0x2 at moq-transport/src/session/error.rs:89
[2m2026-09-21T00:56:41.779732Z[0m [32m INFO[0m [2mmoq_test_client::moqtest[0m[2m:[0m PUBLISH accepted and subscription bound; generating objects [3mobjects[0m[2m=[0m15 [3mstreams[0m[2m=[0m0
not ok 15 - moq-test-datagram-eog
  ---
  duration_ms: 456
  message: "failed to write datagram: cancelled"
  ...
[2m2026-09-21T00:56:41.801521Z[0m [32m INFO[0m [2mmoq_native_ietf::quic[0m[2m:[0m UDP socket bound [3mbind[0m[2m=[0m[::]:0 [3mlocal[0m[2m=[0m[::]:52077 [3mdual_stack[0m[2m=[0mtrue
[2m2026-09-21T00:56:42.082730Z[0m [32m INFO[0m [2mmoq_native_ietf::quic[0m[2m:[0m UDP socket bound [3mbind[0m[2m=[0m[::]:0 [3mlocal[0m[2m=[0m[::]:40264 [3mdual_stack[0m[2m=[0mtrue
[2m2026-09-21T00:56:42.233549Z[0m [32m INFO[0m [2mmoq_test_client::moqtest[0m[2m:[0m PUBLISH accepted and subscription bound; generating objects [3mobjects[0m[2m=[0m15 [3mstreams[0m[2m=[0m3
not ok 16 - moq-test-extensions
  ---
  duration_ms: 451
  message: "failed to create subgroup: cancelled"
  ...
[2m2026-09-21T00:56:42.253521Z[0m [32m INFO[0m [2mmoq_native_ietf::quic[0m[2m:[0m UDP socket bound [3mbind[0m[2m=[0m[::]:0 [3mlocal[0m[2m=[0m[::]:40641 [3mdual_stack[0m[2m=[0mtrue
[2m2026-09-21T00:56:42.533546Z[0m [32m INFO[0m [2mmoq_native_ietf::quic[0m[2m:[0m UDP socket bound [3mbind[0m[2m=[0m[::]:0 [3mlocal[0m[2m=[0m[::]:43157 [3mdual_stack[0m[2m=[0mtrue
[2m2026-09-21T00:56:42.686155Z[0m [32m INFO[0m [2mmoq_test_client::moqtest[0m[2m:[0m PUBLISH accepted and subscription bound; generating objects [3mobjects[0m[2m=[0m9 [3mstreams[0m[2m=[0m3
not ok 17 - moq-test-increments
  ---
  duration_ms: 442
  message: "failed to create subgroup: cancelled"
  ...
[2m2026-09-21T00:56:42.695979Z[0m [32m INFO[0m [2mmoq_native_ietf::quic[0m[2m:[0m UDP socket bound [3mbind[0m[2m=[0m[::]:0 [3mlocal[0m[2m=[0m[::]:41165 [3mdual_stack[0m[2m=[0mtrue
[2m2026-09-21T00:56:42.974599Z[0m [32m INFO[0m [2mmoq_native_ietf::quic[0m[2m:[0m UDP socket bound [3mbind[0m[2m=[0m[::]:0 [3mlocal[0m[2m=[0m[::]:35226 [3mdual_stack[0m[2m=[0mtrue
[2m2026-09-21T00:56:43.121536Z[0m [32m INFO[0m [2mmoq_test_client::moqtest[0m[2m:[0m PUBLISH accepted and subscription bound; generating objects [3mobjects[0m[2m=[0m6 [3mstreams[0m[2m=[0m2
not ok 18 - moq-test-forward-zero
  ---
  duration_ms: 435
  message: "failed to create subgroup: cancelled"
  ...
make[1]: *** [Makefile:122: test-external] Error 1
make[1]: Leaving directory '/home/runner/work/moq-interop-runner/moq-interop-runner/main'
