make[1]: Entering directory '/home/runner/work/moq-interop-runner/moq-interop-runner/main'
Running tests against moqt://us-west-2.relay.quicr.org:33437...
  Client: ghcr.io/facebookexperimental/moxygen-interop-client:latest-amd64
docker run --rm \
	 \
	--network host \
	-e RELAY_URL=moqt://us-west-2.relay.quicr.org:33437 \
	-e TLS_DISABLE_VERIFY=1 \
	ghcr.io/facebookexperimental/moxygen-interop-client:latest-amd64
TAP version 14
# moxygen interop test client
# Relay: moqt://us-west-2.relay.quicr.org:33437
# Transport: QUIC
# Offered ALPNs: moqt-18, moqt-16, moqt-15, moq-00
1..6
ok 1 - setup-only
  ---
  duration_ms: 142
  negotiated_version: draft-16
  info: SETUP exchange completed successfully
  ...
W0921 01:59:35.235700     1 MoQSession.cpp:6108] Issuing request that will fail; nextRequestID_=0 peerMaxRequestID_=0 sess=0x55bd4babb720
ok 2 - announce-only
  ---
  duration_ms: 210
  negotiated_version: draft-16
  info: PUBLISH_NAMESPACE completed successfully
  ...
E0921 01:59:35.304748     1 MoQRelaySession.cpp:1116] PublishNamespaceDone for unknown publishNamespace, sess=0x55bd4babb720
W0921 01:59:35.448601     1 MoQSession.cpp:6108] Issuing request that will fail; nextRequestID_=0 peerMaxRequestID_=0 sess=0x55bd4babc9a0
E0921 01:59:35.517817     1 MoQCodec.cpp:126] Conn error=3
E0921 01:59:35.517839     1 MoQSession.cpp:5888] MoQCodec control stream parse error err=3
ok 3 - subscribe-error
  ---
  duration_ms: 213
  negotiated_version: draft-16
  info: Subscribe correctly returned error: Session closed
  ...
W0921 01:59:35.658712     1 MoQSession.cpp:6108] Issuing request that will fail; nextRequestID_=0 peerMaxRequestID_=0 sess=0x55bd4bac96d0
W0921 01:59:35.869272     1 MoQSession.cpp:6108] Issuing request that will fail; nextRequestID_=0 peerMaxRequestID_=0 sess=0x55bd4baabe70
E0921 01:59:35.938700     1 MoQCodec.cpp:126] Conn error=3
E0921 01:59:35.938719     1 MoQSession.cpp:5888] MoQCodec control stream parse error err=3
E0921 01:59:35.938791     1 MoQSession.cpp:6360] publishDone for invalid id=1 sess=0x55bd4bac96d0
not ok 4 - announce-subscribe
  ---
  duration_ms: 420
  negotiated_version: draft-16
  error: Subscribe failed: Session closed
  ...
W0921 01:59:36.079665     1 MoQSession.cpp:6108] Issuing request that will fail; nextRequestID_=0 peerMaxRequestID_=0 sess=0x55bd4ba8a740
ok 5 - publish-namespace-done
  ---
  duration_ms: 210
  negotiated_version: draft-16
  info: PUBLISH_NAMESPACE_OK received, PUBLISH_NAMESPACE_DONE sent
  ...
W0921 01:59:36.291181     1 MoQSession.cpp:6108] Issuing request that will fail; nextRequestID_=0 peerMaxRequestID_=0 sess=0x55bd4baca4e0
E0921 01:59:36.360297     1 MoQCodec.cpp:126] Conn error=3
E0921 01:59:36.360322     1 MoQSession.cpp:5888] MoQCodec control stream parse error err=3
W0921 01:59:36.933314     1 MoQSession.cpp:6108] Issuing request that will fail; nextRequestID_=0 peerMaxRequestID_=0 sess=0x55bd4ba457f0
ok 6 - subscribe-before-announce
  ---
  duration_ms: 853
  negotiated_version: draft-16
  info: Subscribe returned error (relay doesn't buffer pending subscriptions): Session closed
  ...
make[1]: *** [Makefile:122: test-external] Error 1
make[1]: Leaving directory '/home/runner/work/moq-interop-runner/moq-interop-runner/main'
