make[1]: Entering directory '/home/runner/work/moq-interop-runner/moq-interop-runner/main'
Running tests against https://us-west-2.relay.quicr.org:33437/relay...
  Client: ghcr.io/englishm/moq-interop-runner-moq-test-client-draft-16:latest
docker run --rm \
	 \
	--network host \
	-e RELAY_URL=https://us-west-2.relay.quicr.org:33437/relay \
	-e TLS_DISABLE_VERIFY=1 \
	ghcr.io/englishm/moq-interop-runner-moq-test-client-draft-16:latest
TAP version 14
# moq-test-client v0.1.0
# Relay: https://us-west-2.relay.quicr.org:33437/relay
1..6
ok 1 - setup-only
  ---
  duration_ms: 394
  connection_id: d64b30709be07f8d3e73ceb87040fe9a
  ...
ok 2 - announce-only
  ---
  duration_ms: 2460
  connection_id: 36e97258931edc6e6573dd8d0d833a7b
  ...
not ok 3 - subscribe-error
  ---
  duration_ms: 431
  message: "session error: decode error: invalid message: 1: invalid message: 1"
  ...
[2026-08-21T01:00:38Z ERROR moq_transport::session::reader] [READER] decode: ERROR decoding moq_transport::message::Message - InvalidMessage(1) (buffer_len=5)
[2026-08-21T01:00:39Z ERROR moq_transport::session::reader] [READER] decode: ERROR decoding moq_transport::message::Message - InvalidMessage(1) (buffer_len=5)
not ok 4 - announce-subscribe
  ---
  duration_ms: 701
  message: "subscriber session error: decode error: invalid message: 1: invalid message: 1"
  ...
[2026-08-21T01:00:39Z ERROR moq_transport::session::reader] [READER] decode: ERROR decoding moq_transport::message::Message - InvalidMessage(1) (buffer_len=5)
ok 5 - subscribe-before-announce
  ---
  duration_ms: 4039
  subscriber_connection_id: 89cb5014b4833801c17ab2bff6a86556
  publisher_connection_id: f815566749909cddcf598864398eff43
  ...
ok 6 - publish-namespace-done
  ---
  duration_ms: 2411
  connection_id: ed050ecd814071cf9c638cf7ce9cfbea
  ...
make[1]: *** [Makefile:122: test-external] Error 1
make[1]: Leaving directory '/home/runner/work/moq-interop-runner/moq-interop-runner/main'
