make[1]: Entering directory '/home/runner/work/moq-interop-runner/moq-interop-runner/main'
Running tests against moqt://moqt.nokiaresearch.com:4443/moq...
  Client: ghcr.io/englishm/moq-interop-runner-moq-test-client-draft-18:latest
docker run --rm \
	 \
	--network host \
	-e RELAY_URL=moqt://moqt.nokiaresearch.com:4443/moq \
	-e TLS_DISABLE_VERIFY=false \
	ghcr.io/englishm/moq-interop-runner-moq-test-client-draft-18:latest
TAP version 14
# moq-test-client v0.1.10
# Relay: moqt://moqt.nokiaresearch.com:4443/moq
1..6
[2m2026-08-21T00:30:55.339823Z[0m [32m INFO[0m [2mmoq_native_ietf::quic[0m[2m:[0m UDP socket bound [3mbind[0m[2m=[0m[::]:0 [3mlocal[0m[2m=[0m[::]:58249 [3mdual_stack[0m[2m=[0mtrue
[2m2026-08-21T00:30:55.801976Z[0m [32m INFO[0m [2mmoq_test_client::scenarios[0m[2m:[0m SETUP exchange completed successfully
ok 1 - setup-only
  ---
  duration_ms: 463
  connection_id: 0668c14203729c3079f3e00b6e9d178f
  ...
[2m2026-08-21T00:30:55.802987Z[0m [32m INFO[0m [2mmoq_native_ietf::quic[0m[2m:[0m UDP socket bound [3mbind[0m[2m=[0m[::]:0 [3mlocal[0m[2m=[0m[::]:49268 [3mdual_stack[0m[2m=[0mtrue
[2m2026-08-21T00:30:56.334083Z[0m [32m INFO[0m [2mmoq_test_client::scenarios[0m[2m:[0m Sending PUBLISH_NAMESPACE for: moq-test/interop
[2m2026-08-21T00:30:58.335235Z[0m [32m INFO[0m [2mmoq_test_client::scenarios[0m[2m:[0m PUBLISH_NAMESPACE succeeded (REQUEST_OK received, waiting for subscribers)
ok 2 - publish-namespace-only
  ---
  duration_ms: 2533
  connection_id: 415e161156646e15c38e6fc2725fc4d1
  ...
[2m2026-08-21T00:30:58.336094Z[0m [32m INFO[0m [2mmoq_native_ietf::quic[0m[2m:[0m UDP socket bound [3mbind[0m[2m=[0m[::]:0 [3mlocal[0m[2m=[0m[::]:50061 [3mdual_stack[0m[2m=[0mtrue
[2m2026-08-21T00:30:58.799138Z[0m [32m INFO[0m [2mmoq_test_client::scenarios[0m[2m:[0m Subscribing to non-existent track: nonexistent/namespace/test-track
[2m2026-08-21T00:30:58.943917Z[0m [33m WARN[0m [2mmoq_transport::serve::error[0m[2m:[0m [31ba3cc2-4cd1-49ac-bbb3-63e178c2594b] Not found: Track /nonexistent/namespace/test-track does not exist at moq-transport/src/session/subscriber.rs:483
[2m2026-08-21T00:30:58.943935Z[0m [33m WARN[0m [2mmoq_transport::session::reader[0m[2m:[0m [READER] decode: stream ended while waiting for data (have=0 bytes, need=1)
[2m2026-08-21T00:30:58.943973Z[0m [32m INFO[0m [2mmoq_test_client::scenarios[0m[2m:[0m Got expected 'not found' error: not found: Track not found [error:31ba3cc2-4cd1-49ac-bbb3-63e178c2594b]
ok 3 - subscribe-error
  ---
  duration_ms: 608
  connection_id: 088c78e2657ff8413470ae1813571b09
  ...
[2m2026-08-21T00:30:58.944810Z[0m [32m INFO[0m [2mmoq_native_ietf::quic[0m[2m:[0m UDP socket bound [3mbind[0m[2m=[0m[::]:0 [3mlocal[0m[2m=[0m[::]:41415 [3mdual_stack[0m[2m=[0mtrue
[2m2026-08-21T00:30:59.391838Z[0m [32m INFO[0m [2mmoq_native_ietf::quic[0m[2m:[0m UDP socket bound [3mbind[0m[2m=[0m[::]:0 [3mlocal[0m[2m=[0m[::]:55763 [3mdual_stack[0m[2m=[0mtrue
[2m2026-08-21T00:30:59.914822Z[0m [32m INFO[0m [2mmoq_test_client::scenarios[0m[2m:[0m Publisher sending PUBLISH_NAMESPACE: moq-test/interop
[2m2026-08-21T00:30:59.914847Z[0m [32m INFO[0m [2mmoq_test_client::scenarios[0m[2m:[0m Subscriber subscribing to track: moq-test/interop/test-track
[2m2026-08-21T00:31:00.061337Z[0m [33m WARN[0m [2mmoq_transport::serve::error[0m[2m:[0m [92af79c7-eae7-45ba-a6f0-171551c70620] Not found: Track /moq-test/interop/test-track does not exist at moq-transport/src/session/subscriber.rs:483
[2m2026-08-21T00:31:00.061366Z[0m [33m WARN[0m [2mmoq_transport::session::reader[0m[2m:[0m [READER] decode: stream ended while waiting for data (have=0 bytes, need=1)
[2m2026-08-21T00:31:00.061570Z[0m [32m INFO[0m [2mmoq_test_client::scenarios[0m[2m:[0m Subscriber got error: not found: Track not found [error:92af79c7-eae7-45ba-a6f0-171551c70620] - subscription was processed
ok 4 - publish-namespace-subscribe
  ---
  duration_ms: 1117
  publisher_connection_id: ac33fceca4f1a074c6efa8c4556594f4
  subscriber_connection_id: 3f4daab35332734c9130a58d4b965fbd
  ...
[2m2026-08-21T00:31:00.062475Z[0m [32m INFO[0m [2mmoq_native_ietf::quic[0m[2m:[0m UDP socket bound [3mbind[0m[2m=[0m[::]:0 [3mlocal[0m[2m=[0m[::]:51243 [3mdual_stack[0m[2m=[0mtrue
[2m2026-08-21T00:31:00.575529Z[0m [32m INFO[0m [2mmoq_test_client::scenarios[0m[2m:[0m Subscriber subscribing BEFORE PUBLISH_NAMESPACE: moq-test/interop/test-track
[2m2026-08-21T00:31:00.722269Z[0m [33m WARN[0m [2mmoq_transport::serve::error[0m[2m:[0m [cb137a98-a631-4887-a70c-e3a5d3feb126] Not found: Track /moq-test/interop/test-track does not exist at moq-transport/src/session/subscriber.rs:483
[2m2026-08-21T00:31:00.722290Z[0m [33m WARN[0m [2mmoq_transport::session::reader[0m[2m:[0m [READER] decode: stream ended while waiting for data (have=0 bytes, need=1)
[2m2026-08-21T00:31:01.077071Z[0m [32m INFO[0m [2mmoq_native_ietf::quic[0m[2m:[0m UDP socket bound [3mbind[0m[2m=[0m[::]:0 [3mlocal[0m[2m=[0m[::]:60960 [3mdual_stack[0m[2m=[0mtrue
[2m2026-08-21T00:31:01.607982Z[0m [32m INFO[0m [2mmoq_test_client::scenarios[0m[2m:[0m Publisher sending PUBLISH_NAMESPACE (after subscriber): moq-test/interop
[2m2026-08-21T00:31:04.609769Z[0m [32m INFO[0m [2mmoq_test_client::scenarios[0m[2m:[0m Publisher PUBLISH_NAMESPACE timeout (expected)
[2m2026-08-21T00:31:04.609799Z[0m [32m INFO[0m [2mmoq_test_client::scenarios[0m[2m:[0m Subscriber got error: not found: Track not found [error:cb137a98-a631-4887-a70c-e3a5d3feb126] (may be expected)
ok 5 - subscribe-before-publish-namespace
  ---
  duration_ms: 4548
  subscriber_connection_id: 68f133514e2036f4a3e83dfbcc2f6512
  publisher_connection_id: 7f4b7cb035b4b457fc7458778b31c048
  ...
[2m2026-08-21T00:31:04.610938Z[0m [32m INFO[0m [2mmoq_native_ietf::quic[0m[2m:[0m UDP socket bound [3mbind[0m[2m=[0m[::]:0 [3mlocal[0m[2m=[0m[::]:56922 [3mdual_stack[0m[2m=[0mtrue
[2m2026-08-21T00:31:05.057867Z[0m [32m INFO[0m [2mmoq_test_client::scenarios[0m[2m:[0m Sending PUBLISH_NAMESPACE: moq-test/interop
[2m2026-08-21T00:31:07.059996Z[0m [32m INFO[0m [2mmoq_test_client::scenarios[0m[2m:[0m PUBLISH_NAMESPACE active; sending PUBLISH_NAMESPACE_DONE
[2m2026-08-21T00:31:07.161311Z[0m [32m INFO[0m [2mmoq_test_client::scenarios[0m[2m:[0m PUBLISH_NAMESPACE_DONE sent successfully
ok 6 - publish-namespace-done
  ---
  duration_ms: 2551
  connection_id: 4ad850cda9a513d8c9bd79810f4d65dd
  ...
make[1]: Leaving directory '/home/runner/work/moq-interop-runner/moq-interop-runner/main'
