make[1]: Entering directory '/home/runner/work/moq-interop-runner/moq-interop-runner/main'
Running tests against https://us-west-2.relay.quicr.org:33437/relay...
  Client: ghcr.io/facebookexperimental/moxygen-interop-client:latest-amd64
docker run --rm \
	 \
	--network host \
	-e RELAY_URL=https://us-west-2.relay.quicr.org:33437/relay \
	-e TLS_DISABLE_VERIFY=1 \
	ghcr.io/facebookexperimental/moxygen-interop-client:latest-amd64
TAP version 14
# moxygen interop test client
# Relay: https://us-west-2.relay.quicr.org:33437/relay
# Transport: WebTransport
1..6
W0821 01:12:06.079692     1 MoQWebTransportClient.cpp:175] WebTransport: No WT-Protocol header in response, will use legacy version negotiation
E0821 01:12:06.122006     1 MoQFramer.cpp:1080] Server selected version draft-1 but we only offer draft-14 in legacy mode
E0821 01:12:06.122029     1 MoQCodec.cpp:126] Conn error=21
E0821 01:12:06.122034     1 MoQSession.cpp:5473] MoQCodec control stream parse error err=21
not ok 1 - setup-only
  ---
  duration_ms: 170
  error: coroutine operation cancelled
  ...
W0821 01:12:06.202944     1 MoQWebTransportClient.cpp:175] WebTransport: No WT-Protocol header in response, will use legacy version negotiation
E0821 01:12:06.242427     1 MoQFramer.cpp:1080] Server selected version draft-1 but we only offer draft-14 in legacy mode
E0821 01:12:06.242452     1 MoQCodec.cpp:126] Conn error=21
E0821 01:12:06.242456     1 MoQSession.cpp:5473] MoQCodec control stream parse error err=21
not ok 2 - announce-only
  ---
  duration_ms: 120
  error: coroutine operation cancelled
  ...
W0821 01:12:06.331367     1 MoQWebTransportClient.cpp:175] WebTransport: No WT-Protocol header in response, will use legacy version negotiation
E0821 01:12:06.374324     1 MoQFramer.cpp:1080] Server selected version draft-1 but we only offer draft-14 in legacy mode
E0821 01:12:06.374352     1 MoQCodec.cpp:126] Conn error=21
E0821 01:12:06.374357     1 MoQSession.cpp:5473] MoQCodec control stream parse error err=21
not ok 3 - subscribe-error
  ---
  duration_ms: 131
  error: coroutine operation cancelled
  ...
W0821 01:12:06.463665     1 MoQWebTransportClient.cpp:175] WebTransport: No WT-Protocol header in response, will use legacy version negotiation
E0821 01:12:06.507226     1 MoQFramer.cpp:1080] Server selected version draft-1 but we only offer draft-14 in legacy mode
E0821 01:12:06.507258     1 MoQCodec.cpp:126] Conn error=21
E0821 01:12:06.507261     1 MoQSession.cpp:5473] MoQCodec control stream parse error err=21
not ok 4 - announce-subscribe
  ---
  duration_ms: 132
  error: coroutine operation cancelled
  ...
W0821 01:12:06.587549     1 MoQWebTransportClient.cpp:175] WebTransport: No WT-Protocol header in response, will use legacy version negotiation
E0821 01:12:06.625903     1 MoQFramer.cpp:1080] Server selected version draft-1 but we only offer draft-14 in legacy mode
E0821 01:12:06.625927     1 MoQCodec.cpp:126] Conn error=21
E0821 01:12:06.625931     1 MoQSession.cpp:5473] MoQCodec control stream parse error err=21
not ok 5 - publish-namespace-done
  ---
  duration_ms: 118
  error: coroutine operation cancelled
  ...
W0821 01:12:06.706461     1 MoQWebTransportClient.cpp:175] WebTransport: No WT-Protocol header in response, will use legacy version negotiation
E0821 01:12:06.745048     1 MoQFramer.cpp:1080] Server selected version draft-1 but we only offer draft-14 in legacy mode
E0821 01:12:06.745072     1 MoQCodec.cpp:126] Conn error=21
E0821 01:12:06.745077     1 MoQSession.cpp:5473] MoQCodec control stream parse error err=21
not ok 6 - subscribe-before-announce
  ---
  duration_ms: 119
  error: coroutine operation cancelled
  ...
make[1]: *** [Makefile:122: test-external] Error 1
make[1]: Leaving directory '/home/runner/work/moq-interop-runner/moq-interop-runner/main'
