make[1]: Entering directory '/home/runner/work/moq-interop-runner/moq-interop-runner/main'
Running tests against moqt://lminiero.it:9000...
  Client: ghcr.io/facebookexperimental/moxygen-interop-client:latest-amd64
docker run --rm \
	 \
	--network host \
	-e RELAY_URL=moqt://lminiero.it:9000 \
	-e TLS_DISABLE_VERIFY=false \
	ghcr.io/facebookexperimental/moxygen-interop-client:latest-amd64
TAP version 14
# moxygen interop test client
# Relay: moqt://lminiero.it:9000
# Transport: QUIC
1..6
E0821 00:37:00.227804     1 MoQCodec.cpp:126] Conn error=3
E0821 00:37:00.227836     1 MoQSession.cpp:5473] MoQCodec control stream parse error err=3
not ok 1 - setup-only
  ---
  duration_ms: 444
  error: coroutine operation cancelled
  ...
E0821 00:37:00.649317     1 MoQCodec.cpp:126] Conn error=3
E0821 00:37:00.649334     1 MoQSession.cpp:5473] MoQCodec control stream parse error err=3
not ok 2 - announce-only
  ---
  duration_ms: 421
  error: coroutine operation cancelled
  ...
E0821 00:37:02.645500     1 MoQCodec.cpp:126] Conn error=3
E0821 00:37:02.645530     1 MoQSession.cpp:5473] MoQCodec control stream parse error err=3
not ok 3 - subscribe-error
  ---
  duration_ms: 1996
  error: coroutine operation cancelled
  ...
E0821 00:37:03.070225     1 MoQCodec.cpp:126] Conn error=3
E0821 00:37:03.070243     1 MoQSession.cpp:5473] MoQCodec control stream parse error err=3
not ok 4 - announce-subscribe
  ---
  duration_ms: 424
  error: coroutine operation cancelled
  ...
E0821 00:37:03.505728     1 MoQCodec.cpp:126] Conn error=3
E0821 00:37:03.505757     1 MoQSession.cpp:5473] MoQCodec control stream parse error err=3
not ok 5 - publish-namespace-done
  ---
  duration_ms: 435
  error: coroutine operation cancelled
  ...
E0821 00:37:03.940462     1 MoQCodec.cpp:126] Conn error=3
E0821 00:37:03.940502     1 MoQSession.cpp:5473] MoQCodec control stream parse error err=3
not ok 6 - subscribe-before-announce
  ---
  duration_ms: 434
  error: coroutine operation cancelled
  ...
E20260821 00:37:04.940357     1 EventHandler.cpp:90] EventBase: failed to register event handler for fd 12: No such file or directory
E20260821 00:37:04.941634     1 EventHandler.cpp:90] EventBase: failed to register event handler for fd 11: No such file or directory
make[1]: *** [Makefile:122: test-external] Error 1
make[1]: Leaving directory '/home/runner/work/moq-interop-runner/moq-interop-runner/main'
