make[1]: Entering directory '/home/runner/work/moq-interop-runner/moq-interop-runner/main'
Running tests against moqt://us-west-2.relay.quicr.org:33437...
  Client: ghcr.io/facebookexperimental/moxygen-interop-client:latest-amd64
docker run --rm \
	 \
	--network host \
	-e RELAY_URL=moqt://us-west-2.relay.quicr.org:33437 \
	-e TLS_DISABLE_VERIFY=1 \
	ghcr.io/facebookexperimental/moxygen-interop-client:latest-amd64
TAP version 14
# moxygen interop test client
# Relay: moqt://us-west-2.relay.quicr.org:33437
# Transport: QUIC
1..6
ok 1 - setup-only
  ---
  duration_ms: 90
  info: SETUP exchange completed successfully
  ...
W0821 01:12:08.089232     1 MoQSession.cpp:5689] Issuing request that will fail; nextRequestID_=0 peerMaxRequestID_=0 sess=0x5593c341afc0
ok 2 - announce-only
  ---
  duration_ms: 130
  info: PUBLISH_NAMESPACE completed successfully
  ...
E0821 01:12:08.131660     1 MoQRelaySession.cpp:1116] PublishNamespaceDone for unknown publishNamespace, sess=0x5593c341afc0
W0821 01:12:08.220180     1 MoQSession.cpp:5689] Issuing request that will fail; nextRequestID_=0 peerMaxRequestID_=0 sess=0x5593c341b9c0
E0821 01:12:08.263309     1 MoQCodec.cpp:126] Conn error=3
E0821 01:12:08.263334     1 MoQSession.cpp:5473] MoQCodec control stream parse error err=3
ok 3 - subscribe-error
  ---
  duration_ms: 131
  info: Subscribe correctly returned error: Session closed
  ...
W0821 01:12:08.541691     1 MoQSession.cpp:5689] Issuing request that will fail; nextRequestID_=0 peerMaxRequestID_=0 sess=0x5593c33effd0
W0821 01:12:08.724054     1 MoQSession.cpp:5689] Issuing request that will fail; nextRequestID_=0 peerMaxRequestID_=0 sess=0x5593c3412ee0
E0821 01:12:08.763619     1 MoQCodec.cpp:126] Conn error=3
E0821 01:12:08.763643     1 MoQSession.cpp:5473] MoQCodec control stream parse error err=3
E0821 01:12:08.763774     1 MoQSession.cpp:5927] publishDone for invalid id=1 sess=0x5593c33effd0
not ok 4 - announce-subscribe
  ---
  duration_ms: 500
  error: Subscribe failed: Session closed
  ...
W0821 01:12:08.853130     1 MoQSession.cpp:5689] Issuing request that will fail; nextRequestID_=0 peerMaxRequestID_=0 sess=0x5593c3413f40
ok 5 - publish-namespace-done
  ---
  duration_ms: 132
  info: PUBLISH_NAMESPACE_OK received, PUBLISH_NAMESPACE_DONE sent
  ...
W0821 01:12:08.984968     1 MoQSession.cpp:5689] Issuing request that will fail; nextRequestID_=0 peerMaxRequestID_=0 sess=0x5593c340e370
E0821 01:12:09.028115     1 MoQCodec.cpp:126] Conn error=3
E0821 01:12:09.028143     1 MoQSession.cpp:5473] MoQCodec control stream parse error err=3
W0821 01:12:09.566743     1 MoQSession.cpp:5689] Issuing request that will fail; nextRequestID_=0 peerMaxRequestID_=0 sess=0x5593c3435760
ok 6 - subscribe-before-announce
  ---
  duration_ms: 709
  info: Subscribe returned error (relay doesn't buffer pending subscriptions): Session closed
  ...
make[1]: *** [Makefile:122: test-external] Error 1
make[1]: Leaving directory '/home/runner/work/moq-interop-runner/moq-interop-runner/main'
