make[1]: Entering directory '/home/runner/work/moq-interop-runner/moq-interop-runner/main'
Running tests against https://us-west-2.relay.quicr.org:33437/relay...
  Client: ghcr.io/englishm/moq-interop-runner-moq-test-client-draft-16:latest
docker run --rm \
	 \
	--network host \
	-e RELAY_URL=https://us-west-2.relay.quicr.org:33437/relay \
	-e TLS_DISABLE_VERIFY=1 \
	ghcr.io/englishm/moq-interop-runner-moq-test-client-draft-16:latest
TAP version 14
# moq-test-client v0.1.0
# Relay: https://us-west-2.relay.quicr.org:33437/relay
1..6
ok 1 - setup-only
  ---
  duration_ms: 311
  connection_id: 0c750391a34b69e0d87585c37fa5ba5e
  ...
ok 2 - announce-only
  ---
  duration_ms: 2219
  connection_id: 2d79b0b6d3f10b3978051a07cc9cf1d3
  ...
not ok 3 - subscribe-error
  ---
  duration_ms: 87
  message: "session error: decode error: invalid message: 1: invalid message: 1"
  ...
[2026-08-03T01:34:50Z ERROR moq_transport::session::reader] [READER] decode: ERROR decoding moq_transport::message::Message - InvalidMessage(1) (buffer_len=5)
[2026-08-03T01:34:51Z ERROR moq_transport::session::reader] [READER] decode: ERROR decoding moq_transport::message::Message - InvalidMessage(1) (buffer_len=5)
not ok 4 - announce-subscribe
  ---
  duration_ms: 469
  message: "subscriber session error: decode error: invalid message: 1: invalid message: 1"
  ...
[2026-08-03T01:34:51Z ERROR moq_transport::session::reader] [READER] decode: ERROR decoding moq_transport::message::Message - InvalidMessage(1) (buffer_len=5)
ok 5 - subscribe-before-announce
  ---
  duration_ms: 3634
  subscriber_connection_id: 585f7480ffbbc7aa10c6163d330eb5d9
  publisher_connection_id: e4cee9d22013432ac379cf98ef48aa0f
  ...
ok 6 - publish-namespace-done
  ---
  duration_ms: 2167
  connection_id: c79d9002ad8522a36bf4983531036978
  ...
make[1]: *** [Makefile:122: test-external] Error 1
make[1]: Leaving directory '/home/runner/work/moq-interop-runner/moq-interop-runner/main'
