make[1]: Entering directory '/home/runner/work/moq-interop-runner/moq-interop-runner/main'
Running tests against moqt://moqt.nokiaresearch.com:4443/moq...
  Client: ghcr.io/englishm/moq-interop-runner-moq-test-client-draft-18:latest
docker run --rm \
	 \
	--network host \
	-e RELAY_URL=moqt://moqt.nokiaresearch.com:4443/moq \
	-e TLS_DISABLE_VERIFY=false \
	ghcr.io/englishm/moq-interop-runner-moq-test-client-draft-18:latest
TAP version 14
# moq-test-client v0.1.10
# Relay: moqt://moqt.nokiaresearch.com:4443/moq
1..6
[2m2026-08-03T01:04:47.496582Z[0m [32m INFO[0m [2mmoq_native_ietf::quic[0m[2m:[0m UDP socket bound [3mbind[0m[2m=[0m[::]:0 [3mlocal[0m[2m=[0m[::]:58547 [3mdual_stack[0m[2m=[0mtrue
[2m2026-08-03T01:04:47.988435Z[0m [32m INFO[0m [2mmoq_test_client::scenarios[0m[2m:[0m SETUP exchange completed successfully
ok 1 - setup-only
  ---
  duration_ms: 492
  connection_id: 1751c950b8b05c6696eb672775aed9cd
  ...
[2m2026-08-03T01:04:47.989516Z[0m [32m INFO[0m [2mmoq_native_ietf::quic[0m[2m:[0m UDP socket bound [3mbind[0m[2m=[0m[::]:0 [3mlocal[0m[2m=[0m[::]:40934 [3mdual_stack[0m[2m=[0mtrue
[2m2026-08-03T01:04:48.480271Z[0m [32m INFO[0m [2mmoq_test_client::scenarios[0m[2m:[0m Sending PUBLISH_NAMESPACE for: moq-test/interop
[2m2026-08-03T01:04:50.481578Z[0m [32m INFO[0m [2mmoq_test_client::scenarios[0m[2m:[0m PUBLISH_NAMESPACE succeeded (REQUEST_OK received, waiting for subscribers)
ok 2 - publish-namespace-only
  ---
  duration_ms: 2493
  connection_id: 182c7aea57f1f5108a3aeb8e620f7758
  ...
[2m2026-08-03T01:04:50.482564Z[0m [32m INFO[0m [2mmoq_native_ietf::quic[0m[2m:[0m UDP socket bound [3mbind[0m[2m=[0m[::]:0 [3mlocal[0m[2m=[0m[::]:45007 [3mdual_stack[0m[2m=[0mtrue
[2m2026-08-03T01:04:50.972220Z[0m [32m INFO[0m [2mmoq_test_client::scenarios[0m[2m:[0m Subscribing to non-existent track: nonexistent/namespace/test-track
[2m2026-08-03T01:04:51.133317Z[0m [33m WARN[0m [2mmoq_transport::serve::error[0m[2m:[0m [6cc12f28-a5a1-4725-88f2-7b731710dea4] Not found: Track /nonexistent/namespace/test-track does not exist at moq-transport/src/session/subscriber.rs:483
[2m2026-08-03T01:04:51.133341Z[0m [33m WARN[0m [2mmoq_transport::session::reader[0m[2m:[0m [READER] decode: stream ended while waiting for data (have=0 bytes, need=1)
[2m2026-08-03T01:04:51.133374Z[0m [32m INFO[0m [2mmoq_test_client::scenarios[0m[2m:[0m Got expected 'not found' error: not found: Track not found [error:6cc12f28-a5a1-4725-88f2-7b731710dea4]
ok 3 - subscribe-error
  ---
  duration_ms: 651
  connection_id: 2012b3c4c78db75dd47801df61534747
  ...
[2m2026-08-03T01:04:51.134241Z[0m [32m INFO[0m [2mmoq_native_ietf::quic[0m[2m:[0m UDP socket bound [3mbind[0m[2m=[0m[::]:0 [3mlocal[0m[2m=[0m[::]:35919 [3mdual_stack[0m[2m=[0mtrue
[2m2026-08-03T01:04:51.632664Z[0m [32m INFO[0m [2mmoq_native_ietf::quic[0m[2m:[0m UDP socket bound [3mbind[0m[2m=[0m[::]:0 [3mlocal[0m[2m=[0m[::]:50004 [3mdual_stack[0m[2m=[0mtrue
[2m2026-08-03T01:04:52.130970Z[0m [32m INFO[0m [2mmoq_test_client::scenarios[0m[2m:[0m Publisher sending PUBLISH_NAMESPACE: moq-test/interop
[2m2026-08-03T01:04:52.130998Z[0m [32m INFO[0m [2mmoq_test_client::scenarios[0m[2m:[0m Subscriber subscribing to track: moq-test/interop/test-track
[2m2026-08-03T01:04:52.292012Z[0m [33m WARN[0m [2mmoq_transport::session::reader[0m[2m:[0m [READER] decode: stream ended while waiting for data (have=0 bytes, need=1)
[2m2026-08-03T01:04:55.132205Z[0m [32m INFO[0m [2mmoq_test_client::scenarios[0m[2m:[0m Test timeout reached - subscription routing may still be in progress
ok 4 - publish-namespace-subscribe
  ---
  duration_ms: 3998
  publisher_connection_id: fd7f0722814999942865e2683749308b
  subscriber_connection_id: 5401102898131dead5d5141aaca85576
  ...
[2m2026-08-03T01:04:55.133215Z[0m [32m INFO[0m [2mmoq_native_ietf::quic[0m[2m:[0m UDP socket bound [3mbind[0m[2m=[0m[::]:0 [3mlocal[0m[2m=[0m[::]:49354 [3mdual_stack[0m[2m=[0mtrue
[2m2026-08-03T01:04:55.626948Z[0m [32m INFO[0m [2mmoq_test_client::scenarios[0m[2m:[0m Subscriber subscribing BEFORE PUBLISH_NAMESPACE: moq-test/interop/test-track
[2m2026-08-03T01:04:55.789610Z[0m [33m WARN[0m [2mmoq_transport::serve::error[0m[2m:[0m [c7a1f863-5ec5-4546-ac42-c0b38a9184cb] Not found: Track /moq-test/interop/test-track does not exist at moq-transport/src/session/subscriber.rs:483
[2m2026-08-03T01:04:55.789636Z[0m [33m WARN[0m [2mmoq_transport::session::reader[0m[2m:[0m [READER] decode: stream ended while waiting for data (have=0 bytes, need=1)
[2m2026-08-03T01:04:56.129151Z[0m [32m INFO[0m [2mmoq_native_ietf::quic[0m[2m:[0m UDP socket bound [3mbind[0m[2m=[0m[::]:0 [3mlocal[0m[2m=[0m[::]:38856 [3mdual_stack[0m[2m=[0mtrue
[2m2026-08-03T01:04:56.667482Z[0m [32m INFO[0m [2mmoq_test_client::scenarios[0m[2m:[0m Publisher sending PUBLISH_NAMESPACE (after subscriber): moq-test/interop
[2m2026-08-03T01:04:59.668793Z[0m [32m INFO[0m [2mmoq_test_client::scenarios[0m[2m:[0m Publisher PUBLISH_NAMESPACE timeout (expected)
[2m2026-08-03T01:04:59.668821Z[0m [32m INFO[0m [2mmoq_test_client::scenarios[0m[2m:[0m Subscriber got error: not found: Track not found [error:c7a1f863-5ec5-4546-ac42-c0b38a9184cb] (may be expected)
ok 5 - subscribe-before-publish-namespace
  ---
  duration_ms: 4536
  subscriber_connection_id: 109ba7d44b5bbaea5d19967e974da8f2
  publisher_connection_id: 39842bd68b663583da4b1f263ae035a0
  ...
[2m2026-08-03T01:04:59.669736Z[0m [32m INFO[0m [2mmoq_native_ietf::quic[0m[2m:[0m UDP socket bound [3mbind[0m[2m=[0m[::]:0 [3mlocal[0m[2m=[0m[::]:41843 [3mdual_stack[0m[2m=[0mtrue
[2m2026-08-03T01:05:00.162377Z[0m [32m INFO[0m [2mmoq_test_client::scenarios[0m[2m:[0m Sending PUBLISH_NAMESPACE: moq-test/interop
[2m2026-08-03T01:05:02.163703Z[0m [32m INFO[0m [2mmoq_test_client::scenarios[0m[2m:[0m PUBLISH_NAMESPACE active; sending PUBLISH_NAMESPACE_DONE
[2m2026-08-03T01:05:02.265127Z[0m [32m INFO[0m [2mmoq_test_client::scenarios[0m[2m:[0m PUBLISH_NAMESPACE_DONE sent successfully
ok 6 - publish-namespace-done
  ---
  duration_ms: 2596
  connection_id: 0349a28d47ec549f8404dbb45babf9c5
  ...
make[1]: Leaving directory '/home/runner/work/moq-interop-runner/moq-interop-runner/main'
