make[1]: Entering directory '/home/runner/work/moq-interop-runner/moq-interop-runner/main'
Running tests against moqt://fb.mvfst.net:9448...
  Client: ghcr.io/englishm/moq-interop-runner-moq-test-client-draft-16:latest
docker run --rm \
	 \
	--network host \
	-e RELAY_URL=moqt://fb.mvfst.net:9448 \
	-e TLS_DISABLE_VERIFY=1 \
	ghcr.io/englishm/moq-interop-runner-moq-test-client-draft-16:latest
TAP version 14
# moq-test-client v0.1.0
# Relay: moqt://fb.mvfst.net:9448
1..6
ok 1 - setup-only
  ---
  duration_ms: 159
  connection_id: 473be0a581222a9edb4ca96dc5e656a3
  ...
ok 2 - announce-only
  ---
  duration_ms: 2158
  connection_id: bcd5b57a68a97c0b7b38f22f9b5c00ec
  ...
ok 3 - subscribe-error
  ---
  duration_ms: 228
  connection_id: 921d62dfdc73c9b6091d5e5467713a6d
  ...
not ok 4 - announce-subscribe
  ---
  duration_ms: 507
  message: "publisher session error: webtransport error: session error: connection error: closed by peer: 3: session error: connection error: closed by peer: 3: connection error: closed by peer: 3"
  ...
ok 5 - subscribe-before-announce
  ---
  duration_ms: 3818
  subscriber_connection_id: 47bb1421828f4da3829d4c7d2a563bf2
  publisher_connection_id: 6eb992bfa517f72e0b4270c132d3ace8
  ...
ok 6 - publish-namespace-done
  ---
  duration_ms: 2301
  connection_id: 6c9358eaa29a61bcd6c4336adcd0d48d
  ...
make[1]: *** [Makefile:122: test-external] Error 1
make[1]: Leaving directory '/home/runner/work/moq-interop-runner/moq-interop-runner/main'
