make[1]: Entering directory '/home/runner/work/moq-interop-runner/moq-interop-runner/main'
Running tests against https://fb.mvfst.net:9448/moq-relay...
  Client: ghcr.io/openmoq/moq5-interop-client:latest
docker run --rm \
	 \
	--network host \
	-e RELAY_URL=https://fb.mvfst.net:9448/moq-relay \
	-e TLS_DISABLE_VERIFY=1 \
	ghcr.io/openmoq/moq5-interop-client:latest
TAP version 14
1..6
# request: backend=auto wt-profile=native draft=auto
ok 1 - setup-only
  ---
  duration_ms: 358
  ...
ok 2 - announce-only
  ---
  duration_ms: 441
  ...
ok 3 - publish-namespace-done
  ---
  duration_ms: 432
  ...
ok 4 - subscribe-error
  ---
  duration_ms: 401
  ...
ok 5 - announce-subscribe
  ---
  duration_ms: 924
  ...
ok 6 - subscribe-before-announce
  ---
  duration_ms: 1156
  ...
make[1]: Leaving directory '/home/runner/work/moq-interop-runner/moq-interop-runner/main'
