make[1]: Entering directory '/home/runner/work/moq-interop-runner/moq-interop-runner/main'
Running tests against moqt://lminiero.it:9000...
  Client: ghcr.io/openmoq/moqx-interop-client:latest
docker run --rm \
	 \
	--network host \
	-e RELAY_URL=moqt://lminiero.it:9000 \
	-e TLS_DISABLE_VERIFY=false \
	ghcr.io/openmoq/moqx-interop-client:latest
TAP version 14
# moxygen interop test client
# Relay: moqt://lminiero.it:9000
# Transport: QUIC
1..6
E0803 01:07:53.706311     1 MoQCodec.cpp:126] Conn error=3
E0803 01:07:53.706345     1 MoQSession.cpp:5412] MoQCodec control stream parse error err=3
not ok 1 - setup-only
  ---
  duration_ms: 490
  error: coroutine operation cancelled
  ...
E0803 01:07:54.631665     1 MoQCodec.cpp:126] Conn error=3
E0803 01:07:54.631696     1 MoQSession.cpp:5412] MoQCodec control stream parse error err=3
not ok 2 - announce-only
  ---
  duration_ms: 925
  error: coroutine operation cancelled
  ...
E0803 01:07:55.467731     1 MoQCodec.cpp:126] Conn error=3
E0803 01:07:55.467766     1 MoQSession.cpp:5412] MoQCodec control stream parse error err=3
not ok 3 - subscribe-error
  ---
  duration_ms: 835
  error: coroutine operation cancelled
  ...
E0803 01:07:56.238994     1 MoQCodec.cpp:126] Conn error=3
E0803 01:07:56.239024     1 MoQSession.cpp:5412] MoQCodec control stream parse error err=3
not ok 4 - announce-subscribe
  ---
  duration_ms: 771
  error: coroutine operation cancelled
  ...
E0803 01:07:56.693515     1 MoQCodec.cpp:126] Conn error=3
E0803 01:07:56.693538     1 MoQSession.cpp:5412] MoQCodec control stream parse error err=3
not ok 5 - publish-namespace-done
  ---
  duration_ms: 454
  error: coroutine operation cancelled
  ...
E0803 01:07:57.463284     1 MoQCodec.cpp:126] Conn error=3
E0803 01:07:57.463311     1 MoQSession.cpp:5412] MoQCodec control stream parse error err=3
not ok 6 - subscribe-before-announce
  ---
  duration_ms: 769
  error: coroutine operation cancelled
  ...
E20260803 01:07:58.463804     1 EventHandler.cpp:90] EventBase: failed to register event handler for fd 12: Resource temporarily unavailable
make[1]: *** [Makefile:122: test-external] Error 1
make[1]: Leaving directory '/home/runner/work/moq-interop-runner/moq-interop-runner/main'
