make[1]: Entering directory '/home/runner/work/moq-interop-runner/moq-interop-runner/main'
Running tests against moqt://lminiero.it:9000...
  Client: ghcr.io/facebookexperimental/moxygen-interop-client:latest-amd64
docker run --rm \
	 \
	--network host \
	-e RELAY_URL=moqt://lminiero.it:9000 \
	-e TLS_DISABLE_VERIFY=false \
	ghcr.io/facebookexperimental/moxygen-interop-client:latest-amd64
TAP version 14
# moxygen interop test client
# Relay: moqt://lminiero.it:9000
# Transport: QUIC
1..6
E0803 01:10:54.156900     1 MoQCodec.cpp:126] Conn error=3
E0803 01:10:54.156932     1 MoQSession.cpp:5412] MoQCodec control stream parse error err=3
not ok 1 - setup-only
  ---
  duration_ms: 470
  error: coroutine operation cancelled
  ...
E0803 01:10:54.927830     1 MoQCodec.cpp:126] Conn error=3
E0803 01:10:54.927857     1 MoQSession.cpp:5412] MoQCodec control stream parse error err=3
not ok 2 - announce-only
  ---
  duration_ms: 770
  error: coroutine operation cancelled
  ...
E0803 01:10:55.382237     1 MoQCodec.cpp:126] Conn error=3
E0803 01:10:55.382261     1 MoQSession.cpp:5412] MoQCodec control stream parse error err=3
not ok 3 - subscribe-error
  ---
  duration_ms: 454
  error: coroutine operation cancelled
  ...
E0803 01:10:55.831424     1 MoQCodec.cpp:126] Conn error=3
E0803 01:10:55.831448     1 MoQSession.cpp:5412] MoQCodec control stream parse error err=3
not ok 4 - announce-subscribe
  ---
  duration_ms: 449
  error: coroutine operation cancelled
  ...
E0803 01:10:56.785053     1 MoQCodec.cpp:126] Conn error=3
E0803 01:10:56.785106     1 MoQSession.cpp:5412] MoQCodec control stream parse error err=3
not ok 5 - publish-namespace-done
  ---
  duration_ms: 953
  error: coroutine operation cancelled
  ...
E0803 01:10:57.238415     1 MoQCodec.cpp:126] Conn error=3
E0803 01:10:57.238444     1 MoQSession.cpp:5412] MoQCodec control stream parse error err=3
not ok 6 - subscribe-before-announce
  ---
  duration_ms: 453
  error: coroutine operation cancelled
  ...
E20260803 01:10:58.238372     1 EventHandler.cpp:90] EventBase: failed to register event handler for fd 10: No such file or directory
make[1]: *** [Makefile:122: test-external] Error 1
make[1]: Leaving directory '/home/runner/work/moq-interop-runner/moq-interop-runner/main'
