make[1]: Entering directory '/home/runner/work/moq-interop-runner/moq-interop-runner/main'
Running tests against https://lminiero.it:9000...
  Client: ghcr.io/englishm/moq-interop-runner-moq-test-client-draft-18:latest
docker run --rm \
	 \
	--network host \
	-e RELAY_URL=https://lminiero.it:9000 \
	-e TLS_DISABLE_VERIFY=false \
	ghcr.io/englishm/moq-interop-runner-moq-test-client-draft-18:latest
TAP version 14
# moq-test-client v0.1.10
# Relay: https://lminiero.it:9000/
1..6
[2m2026-08-05T00:58:27.761523Z[0m [32m INFO[0m [2mmoq_native_ietf::quic[0m[2m:[0m UDP socket bound [3mbind[0m[2m=[0m[::]:0 [3mlocal[0m[2m=[0m[::]:36037 [3mdual_stack[0m[2m=[0mtrue
[2m2026-08-05T00:58:28.497084Z[0m [32m INFO[0m [2mmoq_test_client::scenarios[0m[2m:[0m SETUP exchange completed successfully
ok 1 - setup-only
  ---
  duration_ms: 736
  connection_id: 17d1de677556dda619ac9700874f27eb
  ...
[2m2026-08-05T00:58:28.497927Z[0m [32m INFO[0m [2mmoq_native_ietf::quic[0m[2m:[0m UDP socket bound [3mbind[0m[2m=[0m[::]:0 [3mlocal[0m[2m=[0m[::]:34479 [3mdual_stack[0m[2m=[0mtrue
[2m2026-08-05T00:58:29.199725Z[0m [32m INFO[0m [2mmoq_test_client::scenarios[0m[2m:[0m Sending PUBLISH_NAMESPACE for: moq-test/interop
[2m2026-08-05T00:58:31.201503Z[0m [32m INFO[0m [2mmoq_test_client::scenarios[0m[2m:[0m PUBLISH_NAMESPACE succeeded (REQUEST_OK received, waiting for subscribers)
ok 2 - publish-namespace-only
  ---
  duration_ms: 2704
  connection_id: b2d491234e6946ce11a206d40995d5b4
  ...
[2m2026-08-05T00:58:31.202493Z[0m [32m INFO[0m [2mmoq_native_ietf::quic[0m[2m:[0m UDP socket bound [3mbind[0m[2m=[0m[::]:0 [3mlocal[0m[2m=[0m[::]:41568 [3mdual_stack[0m[2m=[0mtrue
[2m2026-08-05T00:58:32.284525Z[0m [32m INFO[0m [2mmoq_test_client::scenarios[0m[2m:[0m Subscribing to non-existent track: nonexistent/namespace/test-track
[2m2026-08-05T00:58:32.420822Z[0m [33m WARN[0m [2mmoq_transport::serve::error[0m[2m:[0m [75f76c97-a5e7-49a4-b9c2-1c5d80e74130] Not found: Namespace not found at moq-transport/src/session/subscriber.rs:483
[2m2026-08-05T00:58:32.420847Z[0m [33m WARN[0m [2mmoq_transport::session::reader[0m[2m:[0m [READER] decode: stream ended while waiting for data (have=0 bytes, need=1)
[2m2026-08-05T00:58:32.420891Z[0m [32m INFO[0m [2mmoq_test_client::scenarios[0m[2m:[0m Got expected 'not found' error: not found: Track not found [error:75f76c97-a5e7-49a4-b9c2-1c5d80e74130]
ok 3 - subscribe-error
  ---
  duration_ms: 1219
  connection_id: eb556061eda736c1d98c8303631dd1c4
  ...
[2m2026-08-05T00:58:32.421893Z[0m [32m INFO[0m [2mmoq_native_ietf::quic[0m[2m:[0m UDP socket bound [3mbind[0m[2m=[0m[::]:0 [3mlocal[0m[2m=[0m[::]:46138 [3mdual_stack[0m[2m=[0mtrue
[2m2026-08-05T00:58:32.922017Z[0m [32m INFO[0m [2mmoq_native_ietf::quic[0m[2m:[0m UDP socket bound [3mbind[0m[2m=[0m[::]:0 [3mlocal[0m[2m=[0m[::]:38227 [3mdual_stack[0m[2m=[0mtrue
[2m2026-08-05T00:58:33.643705Z[0m [32m INFO[0m [2mmoq_test_client::scenarios[0m[2m:[0m Publisher sending PUBLISH_NAMESPACE: moq-test/interop
[2m2026-08-05T00:58:33.643726Z[0m [32m INFO[0m [2mmoq_test_client::scenarios[0m[2m:[0m Subscriber subscribing to track: moq-test/interop/test-track
[2m2026-08-05T00:58:36.645676Z[0m [32m INFO[0m [2mmoq_test_client::scenarios[0m[2m:[0m Test timeout reached - subscription routing may still be in progress
ok 4 - publish-namespace-subscribe
  ---
  duration_ms: 4224
  publisher_connection_id: d36c75161e3409af968e3a0400cd632f
  subscriber_connection_id: b569b1b7e47e10f8a0672b50ed69c472
  ...
[2m2026-08-05T00:58:36.646651Z[0m [32m INFO[0m [2mmoq_native_ietf::quic[0m[2m:[0m UDP socket bound [3mbind[0m[2m=[0m[::]:0 [3mlocal[0m[2m=[0m[::]:34366 [3mdual_stack[0m[2m=[0mtrue
[2m2026-08-05T00:58:37.365530Z[0m [32m INFO[0m [2mmoq_test_client::scenarios[0m[2m:[0m Subscriber subscribing BEFORE PUBLISH_NAMESPACE: moq-test/interop/test-track
[2m2026-08-05T00:58:37.489729Z[0m [33m WARN[0m [2mmoq_transport::serve::error[0m[2m:[0m [9955457b-3fcd-4cfb-88b5-72f54f37e9bc] Not found: Namespace not found at moq-transport/src/session/subscriber.rs:483
[2m2026-08-05T00:58:37.489753Z[0m [33m WARN[0m [2mmoq_transport::session::reader[0m[2m:[0m [READER] decode: stream ended while waiting for data (have=0 bytes, need=1)
[2m2026-08-05T00:58:37.867642Z[0m [32m INFO[0m [2mmoq_native_ietf::quic[0m[2m:[0m UDP socket bound [3mbind[0m[2m=[0m[::]:0 [3mlocal[0m[2m=[0m[::]:33202 [3mdual_stack[0m[2m=[0mtrue
[2m2026-08-05T00:58:38.726655Z[0m [32m INFO[0m [2mmoq_test_client::scenarios[0m[2m:[0m Publisher sending PUBLISH_NAMESPACE (after subscriber): moq-test/interop
[2m2026-08-05T00:58:41.727896Z[0m [32m INFO[0m [2mmoq_test_client::scenarios[0m[2m:[0m Publisher PUBLISH_NAMESPACE timeout (expected)
[2m2026-08-05T00:58:41.727918Z[0m [32m INFO[0m [2mmoq_test_client::scenarios[0m[2m:[0m Subscriber got error: not found: Track not found [error:9955457b-3fcd-4cfb-88b5-72f54f37e9bc] (may be expected)
ok 5 - subscribe-before-publish-namespace
  ---
  duration_ms: 5082
  subscriber_connection_id: 08f991a18bcd0719e05bec4f3ecfa7aa
  publisher_connection_id: a5c3a90ce4e47c9a27931bf7b7fdefa4
  ...
[2m2026-08-05T00:58:41.728774Z[0m [32m INFO[0m [2mmoq_native_ietf::quic[0m[2m:[0m UDP socket bound [3mbind[0m[2m=[0m[::]:0 [3mlocal[0m[2m=[0m[::]:50526 [3mdual_stack[0m[2m=[0mtrue
[2m2026-08-05T00:58:42.229814Z[0m [32m INFO[0m [2mmoq_test_client::scenarios[0m[2m:[0m Sending PUBLISH_NAMESPACE: moq-test/interop
[2m2026-08-05T00:58:44.231181Z[0m [32m INFO[0m [2mmoq_test_client::scenarios[0m[2m:[0m PUBLISH_NAMESPACE active; sending PUBLISH_NAMESPACE_DONE
[2m2026-08-05T00:58:44.331990Z[0m [32m INFO[0m [2mmoq_test_client::scenarios[0m[2m:[0m PUBLISH_NAMESPACE_DONE sent successfully
ok 6 - publish-namespace-done
  ---
  duration_ms: 2604
  connection_id: 0002934468c135b5fb4e578373d407e9
  ...
make[1]: Leaving directory '/home/runner/work/moq-interop-runner/moq-interop-runner/main'
