make[1]: Entering directory '/home/runner/work/moq-interop-runner/moq-interop-runner/main'
Running tests against https://fb.mvfst.net:9448/moq-relay...
  Client: ghcr.io/englishm/moq-interop-runner-moq-test-client-draft-14:latest
docker run --rm \
	 \
	--network host \
	-e RELAY_URL=https://fb.mvfst.net:9448/moq-relay \
	-e TLS_DISABLE_VERIFY=1 \
	ghcr.io/englishm/moq-interop-runner-moq-test-client-draft-14:latest
TAP version 14
# moq-test-client v0.1.7
# Relay: https://fb.mvfst.net:9448/moq-relay
1..6
[2m2026-10-03T01:46:47.183082Z[0m [32m INFO[0m [2mmoq_native_ietf::quic[0m[2m:[0m UDP socket bound [3mbind[0m[2m=[0m[::]:0 [3mlocal[0m[2m=[0m[::]:47814 [3mdual_stack[0m[2m=[0mtrue
[2m2026-10-03T01:46:47.421275Z[0m [32m INFO[0m [2mmoq_test_client::scenarios[0m[2m:[0m SETUP exchange completed successfully
ok 1 - setup-only
  ---
  duration_ms: 239
  connection_id: 8e1ec249b06a5b55c2591c21614d91f1
  ...
[2m2026-10-03T01:46:47.422114Z[0m [32m INFO[0m [2mmoq_native_ietf::quic[0m[2m:[0m UDP socket bound [3mbind[0m[2m=[0m[::]:0 [3mlocal[0m[2m=[0m[::]:35573 [3mdual_stack[0m[2m=[0mtrue
[2m2026-10-03T01:46:47.502906Z[0m [32m INFO[0m [2mmoq_test_client::scenarios[0m[2m:[0m Announcing namespace: moq-test/interop
[2m2026-10-03T01:46:49.504660Z[0m [32m INFO[0m [2mmoq_test_client::scenarios[0m[2m:[0m Announce succeeded (no error received, waiting for subscriptions timed out)
ok 2 - announce-only
  ---
  duration_ms: 2083
  connection_id: 4567e328e8987c9f8349138a2c3c3c4c
  ...
[2m2026-10-03T01:46:49.505664Z[0m [32m INFO[0m [2mmoq_native_ietf::quic[0m[2m:[0m UDP socket bound [3mbind[0m[2m=[0m[::]:0 [3mlocal[0m[2m=[0m[::]:34311 [3mdual_stack[0m[2m=[0mtrue
[2m2026-10-03T01:46:49.654679Z[0m [32m INFO[0m [2mmoq_test_client::scenarios[0m[2m:[0m Subscribing to non-existent track: nonexistent/namespace/test-track
[2m2026-10-03T01:46:49.665866Z[0m [33m WARN[0m [2mmoq_test_client::scenarios[0m[2m:[0m Got error but not clearly 'not found': closed, code=16. This may indicate a different error type than expected.
ok 3 - subscribe-error
  ---
  duration_ms: 161
  connection_id: 63665f16fa3de381be07a4f2da1daa3b
  ...
[2m2026-10-03T01:46:49.666713Z[0m [32m INFO[0m [2mmoq_native_ietf::quic[0m[2m:[0m UDP socket bound [3mbind[0m[2m=[0m[::]:0 [3mlocal[0m[2m=[0m[::]:58170 [3mdual_stack[0m[2m=[0mtrue
[2m2026-10-03T01:46:49.725075Z[0m [32m INFO[0m [2mmoq_native_ietf::quic[0m[2m:[0m UDP socket bound [3mbind[0m[2m=[0m[::]:0 [3mlocal[0m[2m=[0m[::]:45389 [3mdual_stack[0m[2m=[0mtrue
[2m2026-10-03T01:46:49.797724Z[0m [32m INFO[0m [2mmoq_test_client::scenarios[0m[2m:[0m Publisher announcing namespace: moq-test/interop
[2m2026-10-03T01:46:49.797741Z[0m [32m INFO[0m [2mmoq_test_client::scenarios[0m[2m:[0m Subscriber subscribing to track: moq-test/interop/test-track
[2m2026-10-03T01:46:52.798597Z[0m [32m INFO[0m [2mmoq_test_client::scenarios[0m[2m:[0m Test timeout reached - subscription routing may still be in progress
ok 4 - announce-subscribe
  ---
  duration_ms: 3132
  publisher_connection_id: bc3ae8b5c2d3db44728e463e9b285fa9
  subscriber_connection_id: fc1e7bac7e0705fe8eb4681f6ba5ee38
  ...
[2m2026-10-03T01:46:52.799595Z[0m [32m INFO[0m [2mmoq_native_ietf::quic[0m[2m:[0m UDP socket bound [3mbind[0m[2m=[0m[::]:0 [3mlocal[0m[2m=[0m[::]:37755 [3mdual_stack[0m[2m=[0mtrue
[2m2026-10-03T01:46:52.903790Z[0m [32m INFO[0m [2mmoq_test_client::scenarios[0m[2m:[0m Subscriber subscribing BEFORE announce: moq-test/interop/test-track
[2m2026-10-03T01:46:53.405378Z[0m [32m INFO[0m [2mmoq_native_ietf::quic[0m[2m:[0m UDP socket bound [3mbind[0m[2m=[0m[::]:0 [3mlocal[0m[2m=[0m[::]:59694 [3mdual_stack[0m[2m=[0mtrue
[2m2026-10-03T01:46:53.459906Z[0m [32m INFO[0m [2mmoq_test_client::scenarios[0m[2m:[0m Publisher announcing namespace (after subscriber): moq-test/interop
[2m2026-10-03T01:46:56.462842Z[0m [32m INFO[0m [2mmoq_test_client::scenarios[0m[2m:[0m Publisher announce timeout (expected)
[2m2026-10-03T01:46:57.463491Z[0m [32m INFO[0m [2mmoq_test_client::scenarios[0m[2m:[0m Subscriber still waiting (test complete)
ok 5 - subscribe-before-announce
  ---
  duration_ms: 4664
  subscriber_connection_id: 284b2ab7a568b414ce98a16bf3491fcb
  publisher_connection_id: 4d6e09d1976ccba4f3c1d62eec6b0e00
  ...
[2m2026-10-03T01:46:57.464363Z[0m [32m INFO[0m [2mmoq_native_ietf::quic[0m[2m:[0m UDP socket bound [3mbind[0m[2m=[0m[::]:0 [3mlocal[0m[2m=[0m[::]:49933 [3mdual_stack[0m[2m=[0mtrue
[2m2026-10-03T01:46:57.564761Z[0m [32m INFO[0m [2mmoq_test_client::scenarios[0m[2m:[0m Announcing namespace: moq-test/interop
[2m2026-10-03T01:46:59.565386Z[0m [32m INFO[0m [2mmoq_test_client::scenarios[0m[2m:[0m Announce active, now sending PUBLISH_NAMESPACE_DONE
[2m2026-10-03T01:46:59.666392Z[0m [32m INFO[0m [2mmoq_test_client::scenarios[0m[2m:[0m PUBLISH_NAMESPACE_DONE sent successfully
ok 6 - publish-namespace-done
  ---
  duration_ms: 2202
  connection_id: 97343cd6fcf2d28998e4c2a466473dc6
  ...
make[1]: Leaving directory '/home/runner/work/moq-interop-runner/moq-interop-runner/main'
