make[1]: Entering directory '/home/runner/work/moq-interop-runner/moq-interop-runner/main'
Running tests against https://lminiero.it:9000...
  Client: ghcr.io/englishm/moq-interop-runner-moq-test-client-draft-18:latest
docker run --rm \
	 \
	--network host \
	-e RELAY_URL=https://lminiero.it:9000 \
	-e TLS_DISABLE_VERIFY=false \
	ghcr.io/englishm/moq-interop-runner-moq-test-client-draft-18:latest
TAP version 14
# moq-test-client v0.1.12
# Relay: https://lminiero.it:9000/
1..18
[2m2026-10-03T00:41:48.065197Z[0m [32m INFO[0m [2mmoq_native_ietf::quic[0m[2m:[0m UDP socket bound [3mbind[0m[2m=[0m[::]:0 [3mlocal[0m[2m=[0m[::]:44292 [3mdual_stack[0m[2m=[0mtrue
ok 1 - setup-only
  ---
  duration_ms: 1058
  connection_id: 457f41a40edb9242b4b116aea853ae3d
  ...
[2m2026-10-03T00:41:49.122986Z[0m [32m INFO[0m [2mmoq_test_client::scenarios[0m[2m:[0m SETUP exchange completed successfully
[2m2026-10-03T00:41:49.123927Z[0m [32m INFO[0m [2mmoq_native_ietf::quic[0m[2m:[0m UDP socket bound [3mbind[0m[2m=[0m[::]:0 [3mlocal[0m[2m=[0m[::]:48108 [3mdual_stack[0m[2m=[0mtrue
[2m2026-10-03T00:41:49.821693Z[0m [32m INFO[0m [2mmoq_test_client::scenarios[0m[2m:[0m Sending PUBLISH_NAMESPACE for: moq-test/interop
[2m2026-10-03T00:41:51.822224Z[0m [32m INFO[0m [2mmoq_test_client::scenarios[0m[2m:[0m PUBLISH_NAMESPACE succeeded (REQUEST_OK received, waiting for subscribers)
ok 2 - publish-namespace-only
  ---
  duration_ms: 2699
  connection_id: 14b899142ded313e958cac988b25a349
  ...
[2m2026-10-03T00:41:51.823295Z[0m [32m INFO[0m [2mmoq_native_ietf::quic[0m[2m:[0m UDP socket bound [3mbind[0m[2m=[0m[::]:0 [3mlocal[0m[2m=[0m[::]:53779 [3mdual_stack[0m[2m=[0mtrue
[2m2026-10-03T00:41:53.197806Z[0m [32m INFO[0m [2mmoq_test_client::scenarios[0m[2m:[0m Subscribing to non-existent track: nonexistent/namespace/test-track
[2m2026-10-03T00:41:53.311925Z[0m [33m WARN[0m [2mmoq_transport::serve::error[0m[2m:[0m [3389c9fd-24f5-4c7b-a5de-f4552bb9b52a] Not found: Namespace not found at moq-transport/src/session/subscriber.rs:1653
[2m2026-10-03T00:41:53.312091Z[0m [32m INFO[0m [2mmoq_test_client::scenarios[0m[2m:[0m Got expected 'not found' error: not found: Track not found [error:3389c9fd-24f5-4c7b-a5de-f4552bb9b52a]
ok 3 - subscribe-error
  ---
  duration_ms: 1489
  connection_id: fd330fd8bdcef2f8baf19c8a24dab226
  ...
[2m2026-10-03T00:41:53.313005Z[0m [32m INFO[0m [2mmoq_native_ietf::quic[0m[2m:[0m UDP socket bound [3mbind[0m[2m=[0m[::]:0 [3mlocal[0m[2m=[0m[::]:50239 [3mdual_stack[0m[2m=[0mtrue
[2m2026-10-03T00:41:53.784228Z[0m [32m INFO[0m [2mmoq_native_ietf::quic[0m[2m:[0m UDP socket bound [3mbind[0m[2m=[0m[::]:0 [3mlocal[0m[2m=[0m[::]:37880 [3mdual_stack[0m[2m=[0mtrue
[2m2026-10-03T00:41:54.256639Z[0m [32m INFO[0m [2mmoq_test_client::scenarios[0m[2m:[0m Publisher sending PUBLISH_NAMESPACE: moq-test/interop
[2m2026-10-03T00:41:54.256657Z[0m [32m INFO[0m [2mmoq_test_client::scenarios[0m[2m:[0m Subscriber subscribing to track: moq-test/interop/test-track
[2m2026-10-03T00:41:57.257327Z[0m [32m INFO[0m [2mmoq_test_client::scenarios[0m[2m:[0m Test timeout reached - subscription routing may still be in progress
ok 4 - publish-namespace-subscribe
  ---
  duration_ms: 3945
  publisher_connection_id: 63ca46a41cf4a9d1a0bf83d5192380fa
  subscriber_connection_id: 6920ecf339937961b4a0550075aaf413
  ...
[2m2026-10-03T00:41:57.258279Z[0m [32m INFO[0m [2mmoq_native_ietf::quic[0m[2m:[0m UDP socket bound [3mbind[0m[2m=[0m[::]:0 [3mlocal[0m[2m=[0m[::]:56763 [3mdual_stack[0m[2m=[0mtrue
[2m2026-10-03T00:41:57.719013Z[0m [32m INFO[0m [2mmoq_test_client::scenarios[0m[2m:[0m Subscriber subscribing BEFORE PUBLISH_NAMESPACE: moq-test/interop/test-track
[2m2026-10-03T00:41:57.833280Z[0m [33m WARN[0m [2mmoq_transport::serve::error[0m[2m:[0m [5f6c3d8e-32b5-4775-bd55-dd15ede421fd] Not found: Namespace not found at moq-transport/src/session/subscriber.rs:1653
[2m2026-10-03T00:41:58.221703Z[0m [32m INFO[0m [2mmoq_native_ietf::quic[0m[2m:[0m UDP socket bound [3mbind[0m[2m=[0m[::]:0 [3mlocal[0m[2m=[0m[::]:58411 [3mdual_stack[0m[2m=[0mtrue
[2m2026-10-03T00:41:58.680207Z[0m [32m INFO[0m [2mmoq_test_client::scenarios[0m[2m:[0m Publisher sending PUBLISH_NAMESPACE (after subscriber): moq-test/interop
[2m2026-10-03T00:42:01.681045Z[0m [32m INFO[0m [2mmoq_test_client::scenarios[0m[2m:[0m Publisher PUBLISH_NAMESPACE timeout (expected)
[2m2026-10-03T00:42:01.681073Z[0m [32m INFO[0m [2mmoq_test_client::scenarios[0m[2m:[0m Subscriber got error: not found: Track not found [error:5f6c3d8e-32b5-4775-bd55-dd15ede421fd] (may be expected)
ok 5 - subscribe-before-publish-namespace
  ---
  duration_ms: 4423
  subscriber_connection_id: d0277bddd96b63702a687f9c07917de6
  publisher_connection_id: 2c0f190d01d67e3582442686f11dd784
  ...
[2m2026-10-03T00:42:01.682135Z[0m [32m INFO[0m [2mmoq_native_ietf::quic[0m[2m:[0m UDP socket bound [3mbind[0m[2m=[0m[::]:0 [3mlocal[0m[2m=[0m[::]:51720 [3mdual_stack[0m[2m=[0mtrue
[2m2026-10-03T00:42:02.142429Z[0m [32m INFO[0m [2mmoq_test_client::scenarios[0m[2m:[0m Sending PUBLISH_NAMESPACE: moq-test/interop
[2m2026-10-03T00:42:04.143319Z[0m [32m INFO[0m [2mmoq_test_client::scenarios[0m[2m:[0m PUBLISH_NAMESPACE active; sending PUBLISH_NAMESPACE_DONE
[2m2026-10-03T00:42:04.244882Z[0m [32m INFO[0m [2mmoq_test_client::scenarios[0m[2m:[0m PUBLISH_NAMESPACE_DONE sent successfully
ok 6 - publish-namespace-done
  ---
  duration_ms: 2563
  connection_id: a604440e23b2567db051584f0eae2277
  ...
[2m2026-10-03T00:42:04.245857Z[0m [32m INFO[0m [2mmoq_native_ietf::quic[0m[2m:[0m UDP socket bound [3mbind[0m[2m=[0m[::]:0 [3mlocal[0m[2m=[0m[::]:42328 [3mdual_stack[0m[2m=[0mtrue
[2m2026-10-03T00:42:05.036117Z[0m [32m INFO[0m [2mmoq_test_client::scenarios[0m[2m:[0m Publisher sending direct PUBLISH [3mnamespace[0m[2m=[0m/moq-test/publish [3mtrack[0m[2m=[0m"published-track"
[2m2026-10-03T00:42:05.149991Z[0m [32m INFO[0m [2mmoq_test_client::scenarios[0m[2m:[0m PUBLISH accepted [3mnamespace[0m[2m=[0m/moq-test/publish [3mtrack[0m[2m=[0m"published-track"
ok 7 - publish-track-only
  ---
  duration_ms: 905
  connection_id: de2e20d527e9400a73469fcaf8c1cd5d
  ...
[2m2026-10-03T00:42:05.150220Z[0m [32m INFO[0m [2mmoq_test_client::scenarios[0m[2m:[0m PUBLISH completed [3mnamespace[0m[2m=[0m/moq-test/publish [3mtrack[0m[2m=[0m"published-track"
[2m2026-10-03T00:42:05.151133Z[0m [32m INFO[0m [2mmoq_native_ietf::quic[0m[2m:[0m UDP socket bound [3mbind[0m[2m=[0m[::]:0 [3mlocal[0m[2m=[0m[::]:37231 [3mdual_stack[0m[2m=[0mtrue
[2m2026-10-03T00:42:05.606927Z[0m [32m INFO[0m [2mmoq_native_ietf::quic[0m[2m:[0m UDP socket bound [3mbind[0m[2m=[0m[::]:0 [3mlocal[0m[2m=[0m[::]:54982 [3mdual_stack[0m[2m=[0mtrue
[2m2026-10-03T00:42:06.077027Z[0m [32m INFO[0m [2mmoq_test_client::scenarios[0m[2m:[0m Publisher sending direct PUBLISH before subscriber subscribes [3mnamespace[0m[2m=[0m/moq-test/publish [3mtrack[0m[2m=[0m"published-track"
[2m2026-10-03T00:42:06.188363Z[0m [32m INFO[0m [2mmoq_test_client::scenarios[0m[2m:[0m PUBLISH accepted; starting subscriber [3mnamespace[0m[2m=[0m/moq-test/publish [3mtrack[0m[2m=[0m"published-track"
ok 8 - publish-track-subscribe
  ---
  duration_ms: 1252
  publisher_connection_id: 25b4db2e13524e8c7c87f6988ebb3825
  subscriber_connection_id: 5cdbfa4e0fe6c3fbcbbefa24bd138967
  ...
[2m2026-10-03T00:42:06.402531Z[0m [32m INFO[0m [2mmoq_test_client::scenarios[0m[2m:[0m Subscriber received direct PUBLISH track [3mnamespace[0m[2m=[0m/moq-test/publish [3mtrack[0m[2m=[0m"published-track"
[2m2026-10-03T00:42:06.403563Z[0m [32m INFO[0m [2mmoq_native_ietf::quic[0m[2m:[0m UDP socket bound [3mbind[0m[2m=[0m[::]:0 [3mlocal[0m[2m=[0m[::]:34814 [3mdual_stack[0m[2m=[0mtrue
[2m2026-10-03T00:42:07.222693Z[0m [32m INFO[0m [2mmoq_test_client::scenarios[0m[2m:[0m Subscribing with RENDEZVOUS_TIMEOUT to a track with no publisher [3mtimeout_ms[0m[2m=[0m500
[2m2026-10-03T00:42:07.338686Z[0m [32m INFO[0m [2mmoq_test_client::scenarios[0m[2m:[0m Received expected REQUEST_ERROR TIMEOUT
ok 9 - rendezvous-timeout
  ---
  duration_ms: 935
  connection_id: bab40e1df5a8d8fb8842d37b1ec8735f
  ...
[2m2026-10-03T00:42:07.339588Z[0m [32m INFO[0m [2mmoq_native_ietf::quic[0m[2m:[0m UDP socket bound [3mbind[0m[2m=[0m[::]:0 [3mlocal[0m[2m=[0m[::]:41501 [3mdual_stack[0m[2m=[0mtrue
[2m2026-10-03T00:42:08.316197Z[0m [32m INFO[0m [2mmoq_native_ietf::quic[0m[2m:[0m UDP socket bound [3mbind[0m[2m=[0m[::]:0 [3mlocal[0m[2m=[0m[::]:53466 [3mdual_stack[0m[2m=[0mtrue
not ok 10 - moq-test-subgroup-per-group
  ---
  duration_ms: 1564
  message: "subscriber setup failed before generation started"
  ...
[2m2026-10-03T00:42:08.903597Z[0m [32m INFO[0m [2mmoq_native_ietf::quic[0m[2m:[0m UDP socket bound [3mbind[0m[2m=[0m[::]:0 [3mlocal[0m[2m=[0m[::]:55011 [3mdual_stack[0m[2m=[0mtrue
[2m2026-10-03T00:42:09.564001Z[0m [32m INFO[0m [2mmoq_native_ietf::quic[0m[2m:[0m UDP socket bound [3mbind[0m[2m=[0m[::]:0 [3mlocal[0m[2m=[0m[::]:38593 [3mdual_stack[0m[2m=[0mtrue
not ok 11 - moq-test-subgroup-per-group-eog
  ---
  duration_ms: 1230
  message: "subscriber setup failed before generation started"
  ...
[2m2026-10-03T00:42:10.133964Z[0m [32m INFO[0m [2mmoq_native_ietf::quic[0m[2m:[0m UDP socket bound [3mbind[0m[2m=[0m[::]:0 [3mlocal[0m[2m=[0m[::]:52832 [3mdual_stack[0m[2m=[0mtrue
[2m2026-10-03T00:42:11.118233Z[0m [32m INFO[0m [2mmoq_native_ietf::quic[0m[2m:[0m UDP socket bound [3mbind[0m[2m=[0m[::]:0 [3mlocal[0m[2m=[0m[::]:37280 [3mdual_stack[0m[2m=[0mtrue
not ok 12 - moq-test-subgroup-per-object
  ---
  duration_ms: 1571
  message: "subscriber setup failed before generation started"
  ...
[2m2026-10-03T00:42:11.705474Z[0m [32m INFO[0m [2mmoq_native_ietf::quic[0m[2m:[0m UDP socket bound [3mbind[0m[2m=[0m[::]:0 [3mlocal[0m[2m=[0m[::]:45004 [3mdual_stack[0m[2m=[0mtrue
[2m2026-10-03T00:42:12.694341Z[0m [32m INFO[0m [2mmoq_native_ietf::quic[0m[2m:[0m UDP socket bound [3mbind[0m[2m=[0m[::]:0 [3mlocal[0m[2m=[0m[::]:52969 [3mdual_stack[0m[2m=[0mtrue
not ok 13 - moq-test-two-subgroups-eog
  ---
  duration_ms: 2429
  message: "subscriber setup failed before generation started"
  ...
[2m2026-10-03T00:42:14.135016Z[0m [32m INFO[0m [2mmoq_native_ietf::quic[0m[2m:[0m UDP socket bound [3mbind[0m[2m=[0m[::]:0 [3mlocal[0m[2m=[0m[::]:56308 [3mdual_stack[0m[2m=[0mtrue
[2m2026-10-03T00:42:14.788992Z[0m [32m INFO[0m [2mmoq_native_ietf::quic[0m[2m:[0m UDP socket bound [3mbind[0m[2m=[0m[::]:0 [3mlocal[0m[2m=[0m[::]:57868 [3mdual_stack[0m[2m=[0mtrue
not ok 14 - moq-test-datagram
  ---
  duration_ms: 1231
  message: "subscriber setup failed before generation started"
  ...
[2m2026-10-03T00:42:15.366911Z[0m [32m INFO[0m [2mmoq_native_ietf::quic[0m[2m:[0m UDP socket bound [3mbind[0m[2m=[0m[::]:0 [3mlocal[0m[2m=[0m[::]:49557 [3mdual_stack[0m[2m=[0mtrue
[2m2026-10-03T00:42:16.038480Z[0m [32m INFO[0m [2mmoq_native_ietf::quic[0m[2m:[0m UDP socket bound [3mbind[0m[2m=[0m[::]:0 [3mlocal[0m[2m=[0m[::]:35388 [3mdual_stack[0m[2m=[0mtrue
not ok 15 - moq-test-datagram-eog
  ---
  duration_ms: 1261
  message: "subscriber setup failed before generation started"
  ...
[2m2026-10-03T00:42:16.628117Z[0m [32m INFO[0m [2mmoq_native_ietf::quic[0m[2m:[0m UDP socket bound [3mbind[0m[2m=[0m[::]:0 [3mlocal[0m[2m=[0m[::]:42101 [3mdual_stack[0m[2m=[0mtrue
[2m2026-10-03T00:42:17.298911Z[0m [32m INFO[0m [2mmoq_native_ietf::quic[0m[2m:[0m UDP socket bound [3mbind[0m[2m=[0m[::]:0 [3mlocal[0m[2m=[0m[::]:43822 [3mdual_stack[0m[2m=[0mtrue
not ok 16 - moq-test-extensions
  ---
  duration_ms: 1261
  message: "subscriber setup failed before generation started"
  ...
[2m2026-10-03T00:42:17.889380Z[0m [32m INFO[0m [2mmoq_native_ietf::quic[0m[2m:[0m UDP socket bound [3mbind[0m[2m=[0m[::]:0 [3mlocal[0m[2m=[0m[::]:49888 [3mdual_stack[0m[2m=[0mtrue
[2m2026-10-03T00:42:18.558957Z[0m [32m INFO[0m [2mmoq_native_ietf::quic[0m[2m:[0m UDP socket bound [3mbind[0m[2m=[0m[::]:0 [3mlocal[0m[2m=[0m[::]:50155 [3mdual_stack[0m[2m=[0mtrue
not ok 17 - moq-test-increments
  ---
  duration_ms: 1580
  message: "subscriber setup failed before generation started"
  ...
[2m2026-10-03T00:42:19.470360Z[0m [32m INFO[0m [2mmoq_native_ietf::quic[0m[2m:[0m UDP socket bound [3mbind[0m[2m=[0m[::]:0 [3mlocal[0m[2m=[0m[::]:57449 [3mdual_stack[0m[2m=[0mtrue
[2m2026-10-03T00:42:20.144480Z[0m [32m INFO[0m [2mmoq_native_ietf::quic[0m[2m:[0m UDP socket bound [3mbind[0m[2m=[0m[::]:0 [3mlocal[0m[2m=[0m[::]:40118 [3mdual_stack[0m[2m=[0mtrue
not ok 18 - moq-test-forward-zero
  ---
  duration_ms: 1257
  message: "subscriber setup failed before generation started"
  ...
make[1]: *** [Makefile:122: test-external] Error 1
make[1]: Leaving directory '/home/runner/work/moq-interop-runner/moq-interop-runner/main'
