make[1]: Entering directory '/home/runner/work/moq-interop-runner/moq-interop-runner/main'
Running tests against https://quichemoq.dev:443...
  Client: ghcr.io/openmoq/moqx-interop-client:latest
docker run --rm \
	 \
	--network host \
	-e RELAY_URL=https://quichemoq.dev:443 \
	-e TLS_DISABLE_VERIFY=false \
	ghcr.io/openmoq/moqx-interop-client:latest
TAP version 14
# moxygen interop test client
# Relay: https://quichemoq.dev:443
# Transport: WebTransport
# Offered ALPNs: moqt-18, moqt-16
1..6
E20261003 01:49:14.624056     1 HQSession.cpp:583] Connection closed with error err=Connect failed msg=connect timeout proto=, client CID=, server CID=, local=<uninitialized address>, 34.53.4.47:443=upstream, drain=none
E1003 01:49:14.625094     1 MoQWebTransportClient.cpp:98] std::runtime_error: Connect failed
not ok 1 - setup-only
  ---
  duration_ms: 2184
  error: Connect failed
  ...
E20261003 01:49:16.687765     1 HQSession.cpp:583] Connection closed with error err=Connect failed msg=connect timeout proto=, client CID=, server CID=, local=<uninitialized address>, 34.53.4.47:443=upstream, drain=none
E1003 01:49:16.687940     1 MoQWebTransportClient.cpp:98] std::runtime_error: Connect failed
not ok 2 - announce-only
  ---
  duration_ms: 2062
  error: Connect failed
  ...
E20261003 01:49:18.705396     1 HQSession.cpp:583] Connection closed with error err=Connect failed msg=connect timeout proto=, client CID=, server CID=, local=<uninitialized address>, 34.53.4.47:443=upstream, drain=none
E1003 01:49:18.705568     1 MoQWebTransportClient.cpp:98] std::runtime_error: Connect failed
not ok 3 - subscribe-error
  ---
  duration_ms: 2017
  error: Connect failed
  ...
E20261003 01:49:20.795778     1 HQSession.cpp:583] Connection closed with error err=Connect failed msg=connect timeout proto=, client CID=, server CID=, local=<uninitialized address>, 34.53.4.47:443=upstream, drain=none
E1003 01:49:20.795931     1 MoQWebTransportClient.cpp:98] std::runtime_error: Connect failed
not ok 4 - announce-subscribe
  ---
  duration_ms: 2090
  error: Connect failed
  ...
E20261003 01:49:22.878489     1 HQSession.cpp:583] Connection closed with error err=Connect failed msg=connect timeout proto=, client CID=, server CID=, local=<uninitialized address>, 34.53.4.47:443=upstream, drain=none
E1003 01:49:22.878664     1 MoQWebTransportClient.cpp:98] std::runtime_error: Connect failed
not ok 5 - publish-namespace-done
  ---
  duration_ms: 2082
  error: Connect failed
  ...
E20261003 01:49:24.948727     1 HQSession.cpp:583] Connection closed with error err=Connect failed msg=connect timeout proto=, client CID=, server CID=, local=<uninitialized address>, 34.53.4.47:443=upstream, drain=none
E1003 01:49:24.948896     1 MoQWebTransportClient.cpp:98] std::runtime_error: Connect failed
not ok 6 - subscribe-before-announce
  ---
  duration_ms: 2070
  error: Connect failed
  ...
make[1]: *** [Makefile:122: test-external] Error 1
make[1]: Leaving directory '/home/runner/work/moq-interop-runner/moq-interop-runner/main'
