make[1]: Entering directory '/home/runner/work/moq-interop-runner/moq-interop-runner/main'
Running tests against moqt://draft-18-interop.cloudflare.mediaoverquic.com:443...
  Client: ghcr.io/openmoq/moqx-interop-client:latest
docker run --rm \
	 \
	--network host \
	-e RELAY_URL=moqt://draft-18-interop.cloudflare.mediaoverquic.com:443 \
	-e TLS_DISABLE_VERIFY=false \
	ghcr.io/openmoq/moqx-interop-client:latest
TAP version 14
# moxygen interop test client
# Relay: moqt://draft-18-interop.cloudflare.mediaoverquic.com:443
# Transport: QUIC
# Offered ALPNs: moqt-18, moqt-16
1..6
ok 1 - setup-only
  ---
  duration_ms: 256
  negotiated_version: draft-18
  info: SETUP exchange completed successfully
  ...
E1003 01:00:06.815845     1 MoQRelaySession.cpp:1123] PublishNamespaceDone for unknown publishNamespace, sess=0x56479401e520
ok 2 - announce-only
  ---
  duration_ms: 184
  negotiated_version: draft-18
  info: PUBLISH_NAMESPACE completed successfully
  ...
E1003 01:00:06.989135     1 MoQSession.cpp:5176] No matching subscribe ID=0 sess=0x564794032200
ok 3 - subscribe-error
  ---
  duration_ms: 173
  negotiated_version: draft-18
  info: Subscribe correctly returned error: Session closed
  ...
E1003 01:00:07.380187     1 MoQSession.cpp:5176] No matching subscribe ID=0 sess=0x564794056250
not ok 4 - announce-subscribe
  ---
  duration_ms: 391
  negotiated_version: draft-18
  error: Subscribe failed: Session closed
  ...
ok 5 - publish-namespace-done
  ---
  duration_ms: 220
  negotiated_version: draft-18
  info: PUBLISH_NAMESPACE_OK received, PUBLISH_NAMESPACE_DONE sent
  ...
E1003 01:00:07.791768     1 MoQSession.cpp:5176] No matching subscribe ID=0 sess=0x56479404e140
ok 6 - subscribe-before-announce
  ---
  duration_ms: 810
  negotiated_version: draft-18
  info: Subscribe returned error (relay doesn't buffer pending subscriptions): Session closed
  ...
make[1]: *** [Makefile:122: test-external] Error 1
make[1]: Leaving directory '/home/runner/work/moq-interop-runner/moq-interop-runner/main'
