make[1]: Entering directory '/home/runner/work/moq-interop-runner/moq-interop-runner/main'
Running tests against https://quichemoq.dev:443...
  Client: ghcr.io/facebookexperimental/moxygen-interop-client:latest-amd64
docker run --rm \
	 \
	--network host \
	-e RELAY_URL=https://quichemoq.dev:443 \
	-e TLS_DISABLE_VERIFY=false \
	ghcr.io/facebookexperimental/moxygen-interop-client:latest-amd64
TAP version 14
# moxygen interop test client
# Relay: https://quichemoq.dev:443
# Transport: WebTransport
# Offered ALPNs: moqt-18, moqt-16, moqt-15, moq-00
1..6
E20261003 01:50:34.543550     1 HQSession.cpp:583] Connection closed with error err=Connect failed msg=connect timeout proto=, client CID=, server CID=, local=<uninitialized address>, 34.53.4.47:443=upstream, drain=none
E1003 01:50:34.544557     1 MoQWebTransportClient.cpp:74] std::runtime_error: Connect failed
not ok 1 - setup-only
  ---
  duration_ms: 2089
  error: Connect failed
  ...
E20261003 01:50:36.685789     1 HQSession.cpp:583] Connection closed with error err=Connect failed msg=connect timeout proto=, client CID=, server CID=, local=<uninitialized address>, 34.53.4.47:443=upstream, drain=none
E1003 01:50:36.685956     1 MoQWebTransportClient.cpp:74] std::runtime_error: Connect failed
not ok 2 - announce-only
  ---
  duration_ms: 2141
  error: Connect failed
  ...
E20261003 01:50:38.740548     1 HQSession.cpp:583] Connection closed with error err=Connect failed msg=connect timeout proto=, client CID=, server CID=, local=<uninitialized address>, 34.53.4.47:443=upstream, drain=none
E1003 01:50:38.740743     1 MoQWebTransportClient.cpp:74] std::runtime_error: Connect failed
not ok 3 - subscribe-error
  ---
  duration_ms: 2054
  error: Connect failed
  ...
E20261003 01:50:40.758473     1 HQSession.cpp:583] Connection closed with error err=Connect failed msg=connect timeout proto=, client CID=, server CID=, local=<uninitialized address>, 34.53.4.47:443=upstream, drain=none
E1003 01:50:40.758670     1 MoQWebTransportClient.cpp:74] std::runtime_error: Connect failed
not ok 4 - announce-subscribe
  ---
  duration_ms: 2017
  error: Connect failed
  ...
E20261003 01:50:42.848366     1 HQSession.cpp:583] Connection closed with error err=Connect failed msg=connect timeout proto=, client CID=, server CID=, local=<uninitialized address>, 34.53.4.47:443=upstream, drain=none
E1003 01:50:42.848523     1 MoQWebTransportClient.cpp:74] std::runtime_error: Connect failed
not ok 5 - publish-namespace-done
  ---
  duration_ms: 2089
  error: Connect failed
  ...
E20261003 01:50:44.865518     1 HQSession.cpp:583] Connection closed with error err=Connect failed msg=connect timeout proto=, client CID=, server CID=, local=<uninitialized address>, 34.53.4.47:443=upstream, drain=none
E1003 01:50:44.865692     1 MoQWebTransportClient.cpp:74] std::runtime_error: Connect failed
not ok 6 - subscribe-before-announce
  ---
  duration_ms: 2017
  error: Connect failed
  ...
make[1]: *** [Makefile:122: test-external] Error 1
make[1]: Leaving directory '/home/runner/work/moq-interop-runner/moq-interop-runner/main'
