make[1]: Entering directory '/home/runner/work/moq-interop-runner/moq-interop-runner/main'
Running tests against moqt://draft-18-interop.cloudflare.mediaoverquic.com:443...
  Client: ghcr.io/englishm/moq-interop-runner-moq-test-client-draft-18:latest
docker run --rm \
	 \
	--network host \
	-e RELAY_URL=moqt://draft-18-interop.cloudflare.mediaoverquic.com:443 \
	-e TLS_DISABLE_VERIFY=false \
	ghcr.io/englishm/moq-interop-runner-moq-test-client-draft-18:latest
TAP version 14
# moq-test-client v0.1.12
# Relay: moqt://draft-18-interop.cloudflare.mediaoverquic.com:443
1..8
[2m2026-09-01T00:50:47.571505Z[0m [32m INFO[0m [2mmoq_native_ietf::quic[0m[2m:[0m UDP socket bound [3mbind[0m[2m=[0m[::]:0 [3mlocal[0m[2m=[0m[::]:34088 [3mdual_stack[0m[2m=[0mtrue
[2m2026-09-01T00:50:47.819864Z[0m [32m INFO[0m [2mmoq_test_client::scenarios[0m[2m:[0m SETUP exchange completed successfully
ok 1 - setup-only
  ---
  duration_ms: 249
  connection_id: 35d39c792cad7868bb07ecbec4f07ded
  ...
[2m2026-09-01T00:50:47.820865Z[0m [32m INFO[0m [2mmoq_native_ietf::quic[0m[2m:[0m UDP socket bound [3mbind[0m[2m=[0m[::]:0 [3mlocal[0m[2m=[0m[::]:41138 [3mdual_stack[0m[2m=[0mtrue
[2m2026-09-01T00:50:47.909916Z[0m [32m INFO[0m [2mmoq_test_client::scenarios[0m[2m:[0m Sending PUBLISH_NAMESPACE for: moq-test/interop
ok 2 - publish-namespace-only
  ---
  duration_ms: 2091
  connection_id: 85433da435ebc95ba438d1f33595fa26
  ...
[2m2026-09-01T00:50:49.911020Z[0m [32m INFO[0m [2mmoq_test_client::scenarios[0m[2m:[0m PUBLISH_NAMESPACE succeeded (REQUEST_OK received, waiting for subscribers)
[2m2026-09-01T00:50:49.911941Z[0m [32m INFO[0m [2mmoq_native_ietf::quic[0m[2m:[0m UDP socket bound [3mbind[0m[2m=[0m[::]:0 [3mlocal[0m[2m=[0m[::]:56553 [3mdual_stack[0m[2m=[0mtrue
[2m2026-09-01T00:50:49.994206Z[0m [32m INFO[0m [2mmoq_test_client::scenarios[0m[2m:[0m Subscribing to non-existent track: nonexistent/namespace/test-track
ok 3 - subscribe-error
  ---
  duration_ms: 173
  connection_id: 96faf7aed7d14d21e87c53d4f15b892c
  ...
[2m2026-09-01T00:50:50.084322Z[0m [33m WARN[0m [2mmoq_transport::serve::error[0m[2m:[0m [95070f6e-efd8-49e0-8d0f-291d2bb216be] Not found: not found: Track not found [error:b6dfef06-5175-462a-a435-48ebd466614b] at moq-transport/src/session/subscriber.rs:1364
[2m2026-09-01T00:50:50.084341Z[0m [33m WARN[0m [2mmoq_transport::session::reader[0m[2m:[0m [READER] decode: stream ended while waiting for data (have=0 bytes, need=1)
[2m2026-09-01T00:50:50.084369Z[0m [32m INFO[0m [2mmoq_test_client::scenarios[0m[2m:[0m Got expected 'not found' error: not found: Track not found [error:95070f6e-efd8-49e0-8d0f-291d2bb216be]
[2m2026-09-01T00:50:50.085253Z[0m [32m INFO[0m [2mmoq_native_ietf::quic[0m[2m:[0m UDP socket bound [3mbind[0m[2m=[0m[::]:0 [3mlocal[0m[2m=[0m[::]:44405 [3mdual_stack[0m[2m=[0mtrue
[2m2026-09-01T00:50:50.208712Z[0m [32m INFO[0m [2mmoq_native_ietf::quic[0m[2m:[0m UDP socket bound [3mbind[0m[2m=[0m[::]:0 [3mlocal[0m[2m=[0m[::]:57605 [3mdual_stack[0m[2m=[0mtrue
[2m2026-09-01T00:50:50.361499Z[0m [32m INFO[0m [2mmoq_test_client::scenarios[0m[2m:[0m Publisher sending PUBLISH_NAMESPACE: moq-test/interop
[2m2026-09-01T00:50:50.361514Z[0m [32m INFO[0m [2mmoq_test_client::scenarios[0m[2m:[0m Subscriber subscribing to track: moq-test/interop/test-track
[2m2026-09-01T00:50:50.377215Z[0m [33m WARN[0m [2mmoq_transport::serve::error[0m[2m:[0m [43500785-1d17-4539-9557-c1f92accc2a1] Not found: not found: Track not found [error:07145830-b08f-454a-bb33-f6e1a2f37cb7] at moq-transport/src/session/subscriber.rs:1364
[2m2026-09-01T00:50:50.377229Z[0m [33m WARN[0m [2mmoq_transport::session::reader[0m[2m:[0m [READER] decode: stream ended while waiting for data (have=0 bytes, need=1)
[2m2026-09-01T00:50:50.377269Z[0m [32m INFO[0m [2mmoq_test_client::scenarios[0m[2m:[0m Subscriber got error: not found: Track not found [error:43500785-1d17-4539-9557-c1f92accc2a1] - subscription was processed
ok 4 - publish-namespace-subscribe
  ---
  duration_ms: 292
  publisher_connection_id: 9f108a1373f2cc3399eabdf25a77902f
  subscriber_connection_id: a2c298edd643a944b8fdb594852c5616
  ...
[2m2026-09-01T00:50:50.378084Z[0m [32m INFO[0m [2mmoq_native_ietf::quic[0m[2m:[0m UDP socket bound [3mbind[0m[2m=[0m[::]:0 [3mlocal[0m[2m=[0m[::]:57803 [3mdual_stack[0m[2m=[0mtrue
[2m2026-09-01T00:50:50.487428Z[0m [32m INFO[0m [2mmoq_test_client::scenarios[0m[2m:[0m Subscriber subscribing BEFORE PUBLISH_NAMESPACE: moq-test/interop/test-track
[2m2026-09-01T00:50:50.503636Z[0m [33m WARN[0m [2mmoq_transport::serve::error[0m[2m:[0m [0a5be8f9-68b5-4280-b209-2f361b8e5ffd] Not found: not found: Track not found [error:d721826b-f4d0-4f12-bbcc-88e6bd35faef] at moq-transport/src/session/subscriber.rs:1364
[2m2026-09-01T00:50:50.503651Z[0m [33m WARN[0m [2mmoq_transport::session::reader[0m[2m:[0m [READER] decode: stream ended while waiting for data (have=0 bytes, need=1)
[2m2026-09-01T00:50:50.990076Z[0m [32m INFO[0m [2mmoq_native_ietf::quic[0m[2m:[0m UDP socket bound [3mbind[0m[2m=[0m[::]:0 [3mlocal[0m[2m=[0m[::]:56127 [3mdual_stack[0m[2m=[0mtrue
[2m2026-09-01T00:50:51.044635Z[0m [32m INFO[0m [2mmoq_test_client::scenarios[0m[2m:[0m Publisher sending PUBLISH_NAMESPACE (after subscriber): moq-test/interop
[2m2026-09-01T00:50:54.045587Z[0m [32m INFO[0m [2mmoq_test_client::scenarios[0m[2m:[0m Publisher PUBLISH_NAMESPACE timeout (expected)
[2m2026-09-01T00:50:54.045608Z[0m [32m INFO[0m [2mmoq_test_client::scenarios[0m[2m:[0m Subscriber got error: not found: Track not found [error:0a5be8f9-68b5-4280-b209-2f361b8e5ffd] (may be expected)
ok 5 - subscribe-before-publish-namespace
  ---
  duration_ms: 3668
  subscriber_connection_id: 6826a792598d76b7fe4cf65ecb940713
  publisher_connection_id: 3869e66b6d9e633ad43cb74250549d3b
  ...
[2m2026-09-01T00:50:54.046403Z[0m [32m INFO[0m [2mmoq_native_ietf::quic[0m[2m:[0m UDP socket bound [3mbind[0m[2m=[0m[::]:0 [3mlocal[0m[2m=[0m[::]:42521 [3mdual_stack[0m[2m=[0mtrue
[2m2026-09-01T00:50:54.125925Z[0m [32m INFO[0m [2mmoq_test_client::scenarios[0m[2m:[0m Sending PUBLISH_NAMESPACE: moq-test/interop
[2m2026-09-01T00:50:56.127291Z[0m [32m INFO[0m [2mmoq_test_client::scenarios[0m[2m:[0m PUBLISH_NAMESPACE active; sending PUBLISH_NAMESPACE_DONE
ok 6 - publish-namespace-done
  ---
  duration_ms: 2183
  connection_id: 42130fed319ab5710cb0f158cd983ae8
  ...
[2m2026-09-01T00:50:56.229213Z[0m [32m INFO[0m [2mmoq_test_client::scenarios[0m[2m:[0m PUBLISH_NAMESPACE_DONE sent successfully
[2m2026-09-01T00:50:56.230284Z[0m [32m INFO[0m [2mmoq_native_ietf::quic[0m[2m:[0m UDP socket bound [3mbind[0m[2m=[0m[::]:0 [3mlocal[0m[2m=[0m[::]:47032 [3mdual_stack[0m[2m=[0mtrue
[2m2026-09-01T00:50:56.320593Z[0m [32m INFO[0m [2mmoq_test_client::scenarios[0m[2m:[0m Publisher sending direct PUBLISH [3mnamespace[0m[2m=[0m/moq-test/publish [3mtrack[0m[2m=[0m"published-track"
[2m2026-09-01T00:50:56.337772Z[0m [32m INFO[0m [2mmoq_test_client::scenarios[0m[2m:[0m PUBLISH accepted [3mnamespace[0m[2m=[0m/moq-test/publish [3mtrack[0m[2m=[0m"published-track"
[2m2026-09-01T00:50:56.337934Z[0m [32m INFO[0m [2mmoq_test_client::scenarios[0m[2m:[0m PUBLISH completed [3mnamespace[0m[2m=[0m/moq-test/publish [3mtrack[0m[2m=[0m"published-track"
ok 7 - publish-track-only
  ---
  duration_ms: 108
  connection_id: 9de5d41f7373b5e798d69b25a2f41d94
  ...
[2m2026-09-01T00:50:56.338957Z[0m [32m INFO[0m [2mmoq_native_ietf::quic[0m[2m:[0m UDP socket bound [3mbind[0m[2m=[0m[::]:0 [3mlocal[0m[2m=[0m[::]:55284 [3mdual_stack[0m[2m=[0mtrue
[2m2026-09-01T00:50:56.508787Z[0m [32m INFO[0m [2mmoq_native_ietf::quic[0m[2m:[0m UDP socket bound [3mbind[0m[2m=[0m[::]:0 [3mlocal[0m[2m=[0m[::]:58686 [3mdual_stack[0m[2m=[0mtrue
[2m2026-09-01T00:50:56.644541Z[0m [32m INFO[0m [2mmoq_test_client::scenarios[0m[2m:[0m Publisher sending direct PUBLISH before subscriber subscribes [3mnamespace[0m[2m=[0m/moq-test/publish [3mtrack[0m[2m=[0m"published-track"
[2m2026-09-01T00:50:56.661554Z[0m [32m INFO[0m [2mmoq_test_client::scenarios[0m[2m:[0m PUBLISH accepted; starting subscriber [3mnamespace[0m[2m=[0m/moq-test/publish [3mtrack[0m[2m=[0m"published-track"
ok 8 - publish-track-subscribe
  ---
  duration_ms: 441
  publisher_connection_id: e173e08a0c93cd31b8d19b36731a2900
  subscriber_connection_id: 3b4386338bcf47378b0e0f448147d721
  ...
[2m2026-09-01T00:50:56.779535Z[0m [33m WARN[0m [2mmoq_transport::session::reader[0m[2m:[0m [READER] decode: stream ended while waiting for data (have=0 bytes, need=1)
[2m2026-09-01T00:50:56.779572Z[0m [32m INFO[0m [2mmoq_test_client::scenarios[0m[2m:[0m Subscriber received direct PUBLISH track [3mnamespace[0m[2m=[0m/moq-test/publish [3mtrack[0m[2m=[0m"published-track"
make[1]: Leaving directory '/home/runner/work/moq-interop-runner/moq-interop-runner/main'
