make[1]: Entering directory '/home/runner/work/moq-interop-runner/moq-interop-runner/main'
Running tests against https://34-72-6-160.sslip.io:443...
  Client: ghcr.io/englishm/moq-interop-runner-moq-test-client-draft-16:latest
docker run --rm \
	 \
	--network host \
	-e RELAY_URL=https://34-72-6-160.sslip.io:443 \
	-e TLS_DISABLE_VERIFY=false \
	ghcr.io/englishm/moq-interop-runner-moq-test-client-draft-16:latest
TAP version 14
# moq-test-client v0.1.0
# Relay: https://34-72-6-160.sslip.io/
1..6
ok 1 - setup-only
  ---
  duration_ms: 416
  connection_id: 5e2f79952c2ccb38ff99de3000ac72c2
  ...
[2m2026-09-01T01:32:39.189306Z[0m [33m WARN[0m [2mweb_transport_quinn::session[0m[2m:[0m unknown capsule [3mtyp[0m[2m=[0m0 [3msize[0m[2m=[0m7
[2026-09-01T01:32:39Z ERROR moq_transport::session::reader] [READER] decode: ERROR decoding moq_transport::message::Message - InvalidMessage(0) (buffer_len=22)
not ok 2 - announce-only
  ---
  duration_ms: 602
  message: "session error: decode error: invalid message: 0: invalid message: 0"
  ...
[2m2026-09-01T01:32:39.790964Z[0m [33m WARN[0m [2mweb_transport_quinn::session[0m[2m:[0m unknown capsule [3mtyp[0m[2m=[0m0 [3msize[0m[2m=[0m7
[2026-09-01T01:32:39Z ERROR moq_transport::session::reader] [READER] decode: ERROR decoding moq_transport::message::Message - InvalidMessage(0) (buffer_len=22)
not ok 3 - subscribe-error
  ---
  duration_ms: 213
  message: "session error: decode error: invalid message: 0: invalid message: 0"
  ...
[2m2026-09-01T01:32:39.998839Z[0m [33m WARN[0m [2mweb_transport_quinn::session[0m[2m:[0m unknown capsule [3mtyp[0m[2m=[0m0 [3msize[0m[2m=[0m7
[2026-09-01T01:32:40Z ERROR moq_transport::session::reader] [READER] decode: ERROR decoding moq_transport::message::Message - InvalidMessage(0) (buffer_len=22)
not ok 4 - announce-subscribe
  ---
  duration_ms: 989
  message: "publisher session error: decode error: invalid message: 0: invalid message: 0"
  ...
[2m2026-09-01T01:32:40.989080Z[0m [33m WARN[0m [2mweb_transport_quinn::session[0m[2m:[0m unknown capsule [3mtyp[0m[2m=[0m0 [3msize[0m[2m=[0m7
[2m2026-09-01T01:32:40.994697Z[0m [33m WARN[0m [2mweb_transport_quinn::session[0m[2m:[0m unknown capsule [3mtyp[0m[2m=[0m0 [3msize[0m[2m=[0m7
[2026-09-01T01:32:41Z ERROR moq_transport::session::reader] [READER] decode: ERROR decoding moq_transport::message::Message - InvalidMessage(0) (buffer_len=22)
[2m2026-09-01T01:32:41.406764Z[0m [33m WARN[0m [2mweb_transport_quinn::session[0m[2m:[0m unknown capsule [3mtyp[0m[2m=[0m0 [3msize[0m[2m=[0m7
[2026-09-01T01:32:42Z ERROR moq_transport::session::reader] [READER] decode: ERROR decoding moq_transport::message::Message - InvalidMessage(0) (buffer_len=22)
not ok 5 - subscribe-before-announce
  ---
  duration_ms: 1615
  message: "publisher session error: decode error: invalid message: 0: invalid message: 0"
  ...
[2m2026-09-01T01:32:42.603737Z[0m [33m WARN[0m [2mweb_transport_quinn::session[0m[2m:[0m unknown capsule [3mtyp[0m[2m=[0m0 [3msize[0m[2m=[0m7
[2026-09-01T01:32:42Z ERROR moq_transport::session::reader] [READER] decode: ERROR decoding moq_transport::message::Message - InvalidMessage(0) (buffer_len=22)
not ok 6 - publish-namespace-done
  ---
  duration_ms: 235
  message: "session error: decode error: invalid message: 0: invalid message: 0"
  ...
make[1]: *** [Makefile:122: test-external] Error 1
make[1]: Leaving directory '/home/runner/work/moq-interop-runner/moq-interop-runner/main'
