make[1]: Entering directory '/home/runner/work/moq-interop-runner/moq-interop-runner/main'
Running tests against moqt://moqt.nokiaresearch.com:4443/moq...
  Client: ghcr.io/englishm/moq-interop-runner-moq-test-client-draft-18:latest
docker run --rm \
	 \
	--network host \
	-e RELAY_URL=moqt://moqt.nokiaresearch.com:4443/moq \
	-e TLS_DISABLE_VERIFY=false \
	ghcr.io/englishm/moq-interop-runner-moq-test-client-draft-18:latest
TAP version 14
# moq-test-client v0.1.12
# Relay: moqt://moqt.nokiaresearch.com:4443/moq
1..8
[2m2026-09-01T00:51:09.065627Z[0m [32m INFO[0m [2mmoq_native_ietf::quic[0m[2m:[0m UDP socket bound [3mbind[0m[2m=[0m[::]:0 [3mlocal[0m[2m=[0m[::]:54325 [3mdual_stack[0m[2m=[0mtrue
ok 1 - setup-only
  ---
  duration_ms: 586
  connection_id: c35dca2f6f19a35b67a9b5d90e7a760e
  ...
[2m2026-09-01T00:51:09.650918Z[0m [32m INFO[0m [2mmoq_test_client::scenarios[0m[2m:[0m SETUP exchange completed successfully
[2m2026-09-01T00:51:09.651931Z[0m [32m INFO[0m [2mmoq_native_ietf::quic[0m[2m:[0m UDP socket bound [3mbind[0m[2m=[0m[::]:0 [3mlocal[0m[2m=[0m[::]:57398 [3mdual_stack[0m[2m=[0mtrue
[2m2026-09-01T00:51:10.242800Z[0m [32m INFO[0m [2mmoq_test_client::scenarios[0m[2m:[0m Sending PUBLISH_NAMESPACE for: moq-test/interop
[2m2026-09-01T00:51:12.244555Z[0m [32m INFO[0m [2mmoq_test_client::scenarios[0m[2m:[0m PUBLISH_NAMESPACE succeeded (REQUEST_OK received, waiting for subscribers)
ok 2 - publish-namespace-only
  ---
  duration_ms: 2593
  connection_id: d5ed16079ee7d7b99a3b10e4b06a471f
  ...
[2m2026-09-01T00:51:12.245665Z[0m [32m INFO[0m [2mmoq_native_ietf::quic[0m[2m:[0m UDP socket bound [3mbind[0m[2m=[0m[::]:0 [3mlocal[0m[2m=[0m[::]:47918 [3mdual_stack[0m[2m=[0mtrue
[2m2026-09-01T00:51:12.792385Z[0m [32m INFO[0m [2mmoq_test_client::scenarios[0m[2m:[0m Subscribing to non-existent track: nonexistent/namespace/test-track
[2m2026-09-01T00:51:12.957297Z[0m [33m WARN[0m [2mmoq_transport::serve::error[0m[2m:[0m [e1dc0dee-7860-4331-b1be-037b83967dc4] Not found: Track /nonexistent/namespace/test-track does not exist at moq-transport/src/session/subscriber.rs:1364
[2m2026-09-01T00:51:12.957318Z[0m [33m WARN[0m [2mmoq_transport::session::reader[0m[2m:[0m [READER] decode: stream ended while waiting for data (have=0 bytes, need=1)
[2m2026-09-01T00:51:12.957359Z[0m [32m INFO[0m [2mmoq_test_client::scenarios[0m[2m:[0m Got expected 'not found' error: not found: Track not found [error:e1dc0dee-7860-4331-b1be-037b83967dc4]
ok 3 - subscribe-error
  ---
  duration_ms: 712
  connection_id: 0233175623038f68377aaedac7a3deb3
  ...
[2m2026-09-01T00:51:12.958234Z[0m [32m INFO[0m [2mmoq_native_ietf::quic[0m[2m:[0m UDP socket bound [3mbind[0m[2m=[0m[::]:0 [3mlocal[0m[2m=[0m[::]:56665 [3mdual_stack[0m[2m=[0mtrue
[2m2026-09-01T00:51:13.545032Z[0m [32m INFO[0m [2mmoq_native_ietf::quic[0m[2m:[0m UDP socket bound [3mbind[0m[2m=[0m[::]:0 [3mlocal[0m[2m=[0m[::]:35592 [3mdual_stack[0m[2m=[0mtrue
[2m2026-09-01T00:51:14.063033Z[0m [32m INFO[0m [2mmoq_test_client::scenarios[0m[2m:[0m Publisher sending PUBLISH_NAMESPACE: moq-test/interop
[2m2026-09-01T00:51:14.063054Z[0m [32m INFO[0m [2mmoq_test_client::scenarios[0m[2m:[0m Subscriber subscribing to track: moq-test/interop/test-track
[2m2026-09-01T00:51:14.230197Z[0m [33m WARN[0m [2mmoq_transport::serve::error[0m[2m:[0m [abb8c38a-fec9-4ce3-acb9-68ee143f8cad] Not found: Track /moq-test/interop/test-track does not exist at moq-transport/src/session/subscriber.rs:1364
[2m2026-09-01T00:51:14.230220Z[0m [33m WARN[0m [2mmoq_transport::session::reader[0m[2m:[0m [READER] decode: stream ended while waiting for data (have=0 bytes, need=1)
[2m2026-09-01T00:51:14.230413Z[0m [32m INFO[0m [2mmoq_test_client::scenarios[0m[2m:[0m Subscriber got error: not found: Track not found [error:abb8c38a-fec9-4ce3-acb9-68ee143f8cad] - subscription was processed
ok 4 - publish-namespace-subscribe
  ---
  duration_ms: 1273
  publisher_connection_id: c8b41da3720a55f2ee4c43605c21fb2f
  subscriber_connection_id: 7efb3e791b97e6c561448d99705422e1
  ...
[2m2026-09-01T00:51:14.231453Z[0m [32m INFO[0m [2mmoq_native_ietf::quic[0m[2m:[0m UDP socket bound [3mbind[0m[2m=[0m[::]:0 [3mlocal[0m[2m=[0m[::]:43564 [3mdual_stack[0m[2m=[0mtrue
[2m2026-09-01T00:51:14.755224Z[0m [32m INFO[0m [2mmoq_test_client::scenarios[0m[2m:[0m Subscriber subscribing BEFORE PUBLISH_NAMESPACE: moq-test/interop/test-track
[2m2026-09-01T00:51:14.919868Z[0m [33m WARN[0m [2mmoq_transport::serve::error[0m[2m:[0m [7c729935-9788-401a-9cf2-2e73540b5e4b] Not found: Track /moq-test/interop/test-track does not exist at moq-transport/src/session/subscriber.rs:1364
[2m2026-09-01T00:51:14.919890Z[0m [33m WARN[0m [2mmoq_transport::session::reader[0m[2m:[0m [READER] decode: stream ended while waiting for data (have=0 bytes, need=1)
[2m2026-09-01T00:51:15.257487Z[0m [32m INFO[0m [2mmoq_native_ietf::quic[0m[2m:[0m UDP socket bound [3mbind[0m[2m=[0m[::]:0 [3mlocal[0m[2m=[0m[::]:44453 [3mdual_stack[0m[2m=[0mtrue
[2m2026-09-01T00:51:15.774010Z[0m [32m INFO[0m [2mmoq_test_client::scenarios[0m[2m:[0m Publisher sending PUBLISH_NAMESPACE (after subscriber): moq-test/interop
ok 5 - subscribe-before-publish-namespace
  ---
  duration_ms: 4544
  subscriber_connection_id: 075ecf664b4ab9d226fd71daae27478b
  publisher_connection_id: ef4e5f6013a84a4ab0860e9bccc3dd3b
  ...
[2m2026-09-01T00:51:18.775426Z[0m [32m INFO[0m [2mmoq_test_client::scenarios[0m[2m:[0m Publisher PUBLISH_NAMESPACE timeout (expected)
[2m2026-09-01T00:51:18.775450Z[0m [32m INFO[0m [2mmoq_test_client::scenarios[0m[2m:[0m Subscriber got error: not found: Track not found [error:7c729935-9788-401a-9cf2-2e73540b5e4b] (may be expected)
[2m2026-09-01T00:51:18.776537Z[0m [32m INFO[0m [2mmoq_native_ietf::quic[0m[2m:[0m UDP socket bound [3mbind[0m[2m=[0m[::]:0 [3mlocal[0m[2m=[0m[::]:43236 [3mdual_stack[0m[2m=[0mtrue
[2m2026-09-01T00:51:19.437850Z[0m [32m INFO[0m [2mmoq_test_client::scenarios[0m[2m:[0m Sending PUBLISH_NAMESPACE: moq-test/interop
[2m2026-09-01T00:51:21.438861Z[0m [32m INFO[0m [2mmoq_test_client::scenarios[0m[2m:[0m PUBLISH_NAMESPACE active; sending PUBLISH_NAMESPACE_DONE
[2m2026-09-01T00:51:21.540281Z[0m [32m INFO[0m [2mmoq_test_client::scenarios[0m[2m:[0m PUBLISH_NAMESPACE_DONE sent successfully
ok 6 - publish-namespace-done
  ---
  duration_ms: 2764
  connection_id: c2401ef248c9a83b0d2e6c207a405672
  ...
[2m2026-09-01T00:51:21.541262Z[0m [32m INFO[0m [2mmoq_native_ietf::quic[0m[2m:[0m UDP socket bound [3mbind[0m[2m=[0m[::]:0 [3mlocal[0m[2m=[0m[::]:43509 [3mdual_stack[0m[2m=[0mtrue
[2m2026-09-01T00:51:22.047476Z[0m [32m INFO[0m [2mmoq_test_client::scenarios[0m[2m:[0m Publisher sending direct PUBLISH [3mnamespace[0m[2m=[0m/moq-test/publish [3mtrack[0m[2m=[0m"published-track"
[2m2026-09-01T00:51:22.212080Z[0m [32m INFO[0m [2mmoq_test_client::scenarios[0m[2m:[0m PUBLISH accepted [3mnamespace[0m[2m=[0m/moq-test/publish [3mtrack[0m[2m=[0m"published-track"
[2m2026-09-01T00:51:22.212228Z[0m [32m INFO[0m [2mmoq_test_client::scenarios[0m[2m:[0m PUBLISH completed [3mnamespace[0m[2m=[0m/moq-test/publish [3mtrack[0m[2m=[0m"published-track"
ok 7 - publish-track-only
  ---
  duration_ms: 671
  connection_id: f578ba8293d5839f2d0b22522e5ad42f
  ...
[2m2026-09-01T00:51:22.213125Z[0m [32m INFO[0m [2mmoq_native_ietf::quic[0m[2m:[0m UDP socket bound [3mbind[0m[2m=[0m[::]:0 [3mlocal[0m[2m=[0m[::]:45744 [3mdual_stack[0m[2m=[0mtrue
[2m2026-09-01T00:51:22.719937Z[0m [32m INFO[0m [2mmoq_native_ietf::quic[0m[2m:[0m UDP socket bound [3mbind[0m[2m=[0m[::]:0 [3mlocal[0m[2m=[0m[::]:51013 [3mdual_stack[0m[2m=[0mtrue
[2m2026-09-01T00:51:23.233941Z[0m [32m INFO[0m [2mmoq_test_client::scenarios[0m[2m:[0m Publisher sending direct PUBLISH before subscriber subscribes [3mnamespace[0m[2m=[0m/moq-test/publish [3mtrack[0m[2m=[0m"published-track"
[2m2026-09-01T00:51:23.398569Z[0m [32m INFO[0m [2mmoq_test_client::scenarios[0m[2m:[0m PUBLISH accepted; starting subscriber [3mnamespace[0m[2m=[0m/moq-test/publish [3mtrack[0m[2m=[0m"published-track"
[2m2026-09-01T00:51:23.563559Z[0m [33m WARN[0m [2mmoq_transport::session::reader[0m[2m:[0m [READER] decode: stream ended while waiting for data (have=0 bytes, need=1)
not ok 8 - publish-track-subscribe
  ---
  duration_ms: 1351
  message: "subscriber track mode failed: cancelled"
  ...
make[1]: *** [Makefile:122: test-external] Error 1
make[1]: Leaving directory '/home/runner/work/moq-interop-runner/moq-interop-runner/main'
