make[1]: Entering directory '/home/runner/work/moq-interop-runner/moq-interop-runner/main'
Running tests against moqt://us-west-2.relay.quicr.org:33437...
  Client: ghcr.io/englishm/moq-interop-runner-moq-test-client-draft-16:latest
docker run --rm \
	 \
	--network host \
	-e RELAY_URL=moqt://us-west-2.relay.quicr.org:33437 \
	-e TLS_DISABLE_VERIFY=1 \
	ghcr.io/englishm/moq-interop-runner-moq-test-client-draft-16:latest
TAP version 14
# moq-test-client v0.1.0
# Relay: moqt://us-west-2.relay.quicr.org:33437
1..6
ok 1 - setup-only
  ---
  duration_ms: 45
  connection_id: e517a96c9ddef8fc94754d8e9e403589
  ...
ok 2 - announce-only
  ---
  duration_ms: 2069
  connection_id: 18ca9bebad59eb8d2beaeb71d6f19d74
  ...
not ok 3 - subscribe-error
  ---
  duration_ms: 96
  message: "session error: decode error: invalid message: 1: invalid message: 1"
  ...
[2026-09-01T01:28:34Z ERROR moq_transport::session::reader] [READER] decode: ERROR decoding moq_transport::message::Message - InvalidMessage(1) (buffer_len=5)
[2026-09-01T01:28:35Z ERROR moq_transport::session::reader] [READER] decode: ERROR decoding moq_transport::message::Message - InvalidMessage(1) (buffer_len=5)
not ok 4 - announce-subscribe
  ---
  duration_ms: 109
  message: "subscriber session error: decode error: invalid message: 1: invalid message: 1"
  ...
[2026-09-01T01:28:35Z ERROR moq_transport::session::reader] [READER] decode: ERROR decoding moq_transport::message::Message - InvalidMessage(1) (buffer_len=5)
ok 5 - subscribe-before-announce
  ---
  duration_ms: 3593
  subscriber_connection_id: 3997a4ebab3bb684e404b3b4d303243f
  publisher_connection_id: 2450afbf977cf1405e4069d58bec501a
  ...
ok 6 - publish-namespace-done
  ---
  duration_ms: 2425
  connection_id: a228b0a93a21c4b6bca831114a02e623
  ...
make[1]: *** [Makefile:122: test-external] Error 1
make[1]: Leaving directory '/home/runner/work/moq-interop-runner/moq-interop-runner/main'
