make[1]: Entering directory '/home/runner/work/moq-interop-runner/moq-interop-runner/main'
Running tests against https://34-72-6-160.sslip.io:443...
  Client: ghcr.io/englishm/moq-interop-runner-moq-test-client-draft-18:latest
docker run --rm \
	 \
	--network host \
	-e RELAY_URL=https://34-72-6-160.sslip.io:443 \
	-e TLS_DISABLE_VERIFY=false \
	ghcr.io/englishm/moq-interop-runner-moq-test-client-draft-18:latest
TAP version 14
# moq-test-client v0.1.12
# Relay: https://34-72-6-160.sslip.io/
1..8
[2m2026-09-01T00:53:08.592800Z[0m [32m INFO[0m [2mmoq_native_ietf::quic[0m[2m:[0m UDP socket bound [3mbind[0m[2m=[0m[::]:0 [3mlocal[0m[2m=[0m[::]:58557 [3mdual_stack[0m[2m=[0mtrue
ok 1 - setup-only
  ---
  duration_ms: 409
  connection_id: 30c0c70ea6075fe0d613f7e0921086c7
  ...
[2m2026-09-01T00:53:09.001138Z[0m [32m INFO[0m [2mmoq_test_client::scenarios[0m[2m:[0m SETUP exchange completed successfully
[2m2026-09-01T00:53:09.002005Z[0m [32m INFO[0m [2mmoq_native_ietf::quic[0m[2m:[0m UDP socket bound [3mbind[0m[2m=[0m[::]:0 [3mlocal[0m[2m=[0m[::]:49069 [3mdual_stack[0m[2m=[0mtrue
[2m2026-09-01T00:53:09.057410Z[0m [33m WARN[0m [2mweb_transport_quinn::session[0m[2m:[0m failed to read capsule [3me[0m[2m=[0mUnexpectedEnd
[2m2026-09-01T00:53:09.249353Z[0m [32m INFO[0m [2mmoq_test_client::scenarios[0m[2m:[0m Sending PUBLISH_NAMESPACE for: moq-test/interop
[2m2026-09-01T00:53:11.250697Z[0m [32m INFO[0m [2mmoq_test_client::scenarios[0m[2m:[0m PUBLISH_NAMESPACE succeeded (REQUEST_OK received, waiting for subscribers)
ok 2 - publish-namespace-only
  ---
  duration_ms: 2249
  connection_id: ba0bca3e7a2189a1437dfcc2edb2ada9
  ...
[2m2026-09-01T00:53:11.251759Z[0m [32m INFO[0m [2mmoq_native_ietf::quic[0m[2m:[0m UDP socket bound [3mbind[0m[2m=[0m[::]:0 [3mlocal[0m[2m=[0m[::]:55258 [3mdual_stack[0m[2m=[0mtrue
[2m2026-09-01T00:53:11.635494Z[0m [32m INFO[0m [2mmoq_test_client::scenarios[0m[2m:[0m Subscribing to non-existent track: nonexistent/namespace/test-track
[2m2026-09-01T00:53:11.686459Z[0m [33m WARN[0m [2mmoq_transport::session::reader[0m[2m:[0m [READER] decode: stream ended while waiting for data (have=0 bytes, need=1)
[2m2026-09-01T00:53:11.686516Z[0m [33m WARN[0m [2mmoq_test_client::scenarios[0m[2m:[0m Got error but not clearly 'not found': closed, code=404. Relay may use different error text.
ok 3 - subscribe-error
  ---
  duration_ms: 435
  connection_id: 42e6a3762b98f6f3420207aa61821fa3
  ...
[2m2026-09-01T00:53:11.687598Z[0m [32m INFO[0m [2mmoq_native_ietf::quic[0m[2m:[0m UDP socket bound [3mbind[0m[2m=[0m[::]:0 [3mlocal[0m[2m=[0m[::]:50378 [3mdual_stack[0m[2m=[0mtrue
[2m2026-09-01T00:53:11.921879Z[0m [32m INFO[0m [2mmoq_native_ietf::quic[0m[2m:[0m UDP socket bound [3mbind[0m[2m=[0m[::]:0 [3mlocal[0m[2m=[0m[::]:56985 [3mdual_stack[0m[2m=[0mtrue
[2m2026-09-01T00:53:12.129732Z[0m [32m INFO[0m [2mmoq_test_client::scenarios[0m[2m:[0m Publisher sending PUBLISH_NAMESPACE: moq-test/interop
[2m2026-09-01T00:53:12.129748Z[0m [32m INFO[0m [2mmoq_test_client::scenarios[0m[2m:[0m Subscriber subscribing to track: moq-test/interop/test-track
[2m2026-09-01T00:53:12.180508Z[0m [33m WARN[0m [2mmoq_transport::session::reader[0m[2m:[0m [READER] decode: stream ended while waiting for data (have=0 bytes, need=1)
[2m2026-09-01T00:53:12.180596Z[0m [32m INFO[0m [2mmoq_test_client::scenarios[0m[2m:[0m Subscriber got error: closed, code=200 - subscription was processed
ok 4 - publish-namespace-subscribe
  ---
  duration_ms: 494
  publisher_connection_id: 912130928af55ddc2388c12ef703e6dd
  subscriber_connection_id: df5ec75c1a6dc918a978613084eeb4de
  ...
[2m2026-09-01T00:53:12.181639Z[0m [32m INFO[0m [2mmoq_native_ietf::quic[0m[2m:[0m UDP socket bound [3mbind[0m[2m=[0m[::]:0 [3mlocal[0m[2m=[0m[::]:52122 [3mdual_stack[0m[2m=[0mtrue
[2m2026-09-01T00:53:12.570703Z[0m [32m INFO[0m [2mmoq_test_client::scenarios[0m[2m:[0m Subscriber subscribing BEFORE PUBLISH_NAMESPACE: moq-test/interop/test-track
[2m2026-09-01T00:53:12.620724Z[0m [33m WARN[0m [2mmoq_transport::session::reader[0m[2m:[0m [READER] decode: stream ended while waiting for data (have=0 bytes, need=1)
[2m2026-09-01T00:53:13.073158Z[0m [32m INFO[0m [2mmoq_native_ietf::quic[0m[2m:[0m UDP socket bound [3mbind[0m[2m=[0m[::]:0 [3mlocal[0m[2m=[0m[::]:45662 [3mdual_stack[0m[2m=[0mtrue
[2m2026-09-01T00:53:13.310683Z[0m [32m INFO[0m [2mmoq_test_client::scenarios[0m[2m:[0m Publisher sending PUBLISH_NAMESPACE (after subscriber): moq-test/interop
[2m2026-09-01T00:53:16.312335Z[0m [32m INFO[0m [2mmoq_test_client::scenarios[0m[2m:[0m Publisher PUBLISH_NAMESPACE timeout (expected)
[2m2026-09-01T00:53:16.312361Z[0m [32m INFO[0m [2mmoq_test_client::scenarios[0m[2m:[0m Subscriber got error: closed, code=404 (may be expected)
ok 5 - subscribe-before-publish-namespace
  ---
  duration_ms: 4131
  subscriber_connection_id: 330d13a7089e654ffa77a4855a9fc155
  publisher_connection_id: b47bf78c7937ceb2abcf6f23d4d42a9d
  ...
[2m2026-09-01T00:53:16.313535Z[0m [32m INFO[0m [2mmoq_native_ietf::quic[0m[2m:[0m UDP socket bound [3mbind[0m[2m=[0m[::]:0 [3mlocal[0m[2m=[0m[::]:33444 [3mdual_stack[0m[2m=[0mtrue
[2m2026-09-01T00:53:16.703608Z[0m [32m INFO[0m [2mmoq_test_client::scenarios[0m[2m:[0m Sending PUBLISH_NAMESPACE: moq-test/interop
[2m2026-09-01T00:53:18.705655Z[0m [32m INFO[0m [2mmoq_test_client::scenarios[0m[2m:[0m PUBLISH_NAMESPACE active; sending PUBLISH_NAMESPACE_DONE
ok 6 - publish-namespace-done
  ---
  duration_ms: 2493
  connection_id: dae3ed05b3a77d699a747b578cb2ca2e
  ...
[2m2026-09-01T00:53:18.806120Z[0m [32m INFO[0m [2mmoq_test_client::scenarios[0m[2m:[0m PUBLISH_NAMESPACE_DONE sent successfully
[2m2026-09-01T00:53:18.807190Z[0m [32m INFO[0m [2mmoq_native_ietf::quic[0m[2m:[0m UDP socket bound [3mbind[0m[2m=[0m[::]:0 [3mlocal[0m[2m=[0m[::]:60351 [3mdual_stack[0m[2m=[0mtrue
[2m2026-09-01T00:53:19.029464Z[0m [32m INFO[0m [2mmoq_test_client::scenarios[0m[2m:[0m Publisher sending direct PUBLISH [3mnamespace[0m[2m=[0m/moq-test/publish [3mtrack[0m[2m=[0m"published-track"
[2m2026-09-01T00:53:19.079380Z[0m [33m WARN[0m [2mmoq_transport::session::reader[0m[2m:[0m [READER] decode: stream ended while waiting for data (have=0 bytes, need=1)
not ok 7 - publish-track-only
  ---
  duration_ms: 273
  message: "PUBLISH was rejected: closed, code=3"
  ...
[2m2026-09-01T00:53:19.080565Z[0m [32m INFO[0m [2mmoq_native_ietf::quic[0m[2m:[0m UDP socket bound [3mbind[0m[2m=[0m[::]:0 [3mlocal[0m[2m=[0m[::]:54090 [3mdual_stack[0m[2m=[0mtrue
[2m2026-09-01T00:53:19.319000Z[0m [32m INFO[0m [2mmoq_native_ietf::quic[0m[2m:[0m UDP socket bound [3mbind[0m[2m=[0m[::]:0 [3mlocal[0m[2m=[0m[::]:38236 [3mdual_stack[0m[2m=[0mtrue
[2m2026-09-01T00:53:19.545740Z[0m [32m INFO[0m [2mmoq_test_client::scenarios[0m[2m:[0m Publisher sending direct PUBLISH before subscriber subscribes [3mnamespace[0m[2m=[0m/moq-test/publish [3mtrack[0m[2m=[0m"published-track"
[2m2026-09-01T00:53:19.603447Z[0m [33m WARN[0m [2mmoq_transport::session::reader[0m[2m:[0m [READER] decode: stream ended while waiting for data (have=0 bytes, need=1)
not ok 8 - publish-track-subscribe
  ---
  duration_ms: 524
  message: "PUBLISH was rejected: closed, code=3"
  ...
make[1]: *** [Makefile:122: test-external] Error 1
make[1]: Leaving directory '/home/runner/work/moq-interop-runner/moq-interop-runner/main'
