make[1]: Entering directory '/home/runner/work/moq-interop-runner/moq-interop-runner/main'
Running tests against moqt://moqx-main.ci.openmoq.org:4433...
  Client: ghcr.io/englishm/moq-interop-runner-moq-test-client-draft-16:latest
docker run --rm \
	 \
	--network host \
	-e RELAY_URL=moqt://moqx-main.ci.openmoq.org:4433 \
	-e TLS_DISABLE_VERIFY=false \
	ghcr.io/englishm/moq-interop-runner-moq-test-client-draft-16:latest
TAP version 14
# moq-test-client v0.1.0
# Relay: moqt://moqx-main.ci.openmoq.org:4433
1..6
ok 1 - setup-only
  ---
  duration_ms: 107
  connection_id: d7f3903c094a9eef14b41745d76375ad
  ...
ok 2 - announce-only
  ---
  duration_ms: 2133
  connection_id: 28f8137c3bb273f02a1adfd7c6c335bb
  ...
ok 3 - subscribe-error
  ---
  duration_ms: 151
  connection_id: 47f44f7a4323efc2929a5eeae094a934
  ...
not ok 4 - announce-subscribe
  ---
  duration_ms: 339
  message: "publisher session error: webtransport error: session error: connection error: closed by peer: 3: session error: connection error: closed by peer: 3: connection error: closed by peer: 3"
  ...
ok 5 - subscribe-before-announce
  ---
  duration_ms: 3908
  subscriber_connection_id: 281313d097cfd99c1bfd1960562f3d3a
  publisher_connection_id: 92af7dfa8c313b880b8494703906dc33
  ...
ok 6 - publish-namespace-done
  ---
  duration_ms: 2244
  connection_id: 9838f8e66fa58caf2857e698e0b0382d
  ...
make[1]: *** [Makefile:122: test-external] Error 1
make[1]: Leaving directory '/home/runner/work/moq-interop-runner/moq-interop-runner/main'
