make[1]: Entering directory '/home/runner/work/moq-interop-runner/moq-interop-runner/main'
Running tests against https://lminiero.it:9000...
  Client: ghcr.io/englishm/moq-interop-runner-moq-test-client-draft-18:latest
docker run --rm \
	 \
	--network host \
	-e RELAY_URL=https://lminiero.it:9000 \
	-e TLS_DISABLE_VERIFY=false \
	ghcr.io/englishm/moq-interop-runner-moq-test-client-draft-18:latest
TAP version 14
# moq-test-client v0.1.10
# Relay: https://lminiero.it:9000/
1..6
[2m2026-08-24T00:28:29.842765Z[0m [32m INFO[0m [2mmoq_native_ietf::quic[0m[2m:[0m UDP socket bound [3mbind[0m[2m=[0m[::]:0 [3mlocal[0m[2m=[0m[::]:53955 [3mdual_stack[0m[2m=[0mtrue
[2m2026-08-24T00:28:30.944727Z[0m [32m INFO[0m [2mmoq_test_client::scenarios[0m[2m:[0m SETUP exchange completed successfully
ok 1 - setup-only
  ---
  duration_ms: 1102
  connection_id: 184428016ed1ca43a70c89d0176f6082
  ...
[2m2026-08-24T00:28:30.945572Z[0m [32m INFO[0m [2mmoq_native_ietf::quic[0m[2m:[0m UDP socket bound [3mbind[0m[2m=[0m[::]:0 [3mlocal[0m[2m=[0m[::]:55779 [3mdual_stack[0m[2m=[0mtrue
[2m2026-08-24T00:28:31.848222Z[0m [32m INFO[0m [2mmoq_test_client::scenarios[0m[2m:[0m Sending PUBLISH_NAMESPACE for: moq-test/interop
[2m2026-08-24T00:28:33.849697Z[0m [32m INFO[0m [2mmoq_test_client::scenarios[0m[2m:[0m PUBLISH_NAMESPACE succeeded (REQUEST_OK received, waiting for subscribers)
ok 2 - publish-namespace-only
  ---
  duration_ms: 2904
  connection_id: 216a81bb5bb9a34ebd298980bec2ea6e
  ...
[2m2026-08-24T00:28:33.850541Z[0m [32m INFO[0m [2mmoq_native_ietf::quic[0m[2m:[0m UDP socket bound [3mbind[0m[2m=[0m[::]:0 [3mlocal[0m[2m=[0m[::]:54216 [3mdual_stack[0m[2m=[0mtrue
[2m2026-08-24T00:28:34.902136Z[0m [32m INFO[0m [2mmoq_test_client::scenarios[0m[2m:[0m Subscribing to non-existent track: nonexistent/namespace/test-track
[2m2026-08-24T00:28:35.073853Z[0m [33m WARN[0m [2mmoq_transport::serve::error[0m[2m:[0m [a27b2fb5-835e-4829-a867-e61137e3bf33] Not found: Namespace not found at moq-transport/src/session/subscriber.rs:483
[2m2026-08-24T00:28:35.073882Z[0m [33m WARN[0m [2mmoq_transport::session::reader[0m[2m:[0m [READER] decode: stream ended while waiting for data (have=0 bytes, need=1)
[2m2026-08-24T00:28:35.073928Z[0m [32m INFO[0m [2mmoq_test_client::scenarios[0m[2m:[0m Got expected 'not found' error: not found: Track not found [error:a27b2fb5-835e-4829-a867-e61137e3bf33]
ok 3 - subscribe-error
  ---
  duration_ms: 1224
  connection_id: 6a9cfe6790c59773d9b6b090ebe781fc
  ...
[2m2026-08-24T00:28:35.074825Z[0m [32m INFO[0m [2mmoq_native_ietf::quic[0m[2m:[0m UDP socket bound [3mbind[0m[2m=[0m[::]:0 [3mlocal[0m[2m=[0m[::]:46172 [3mdual_stack[0m[2m=[0mtrue
[2m2026-08-24T00:28:36.119677Z[0m [32m INFO[0m [2mmoq_native_ietf::quic[0m[2m:[0m UDP socket bound [3mbind[0m[2m=[0m[::]:0 [3mlocal[0m[2m=[0m[::]:37634 [3mdual_stack[0m[2m=[0mtrue
[2m2026-08-24T00:28:36.742571Z[0m [32m INFO[0m [2mmoq_test_client::scenarios[0m[2m:[0m Publisher sending PUBLISH_NAMESPACE: moq-test/interop
[2m2026-08-24T00:28:36.742597Z[0m [32m INFO[0m [2mmoq_test_client::scenarios[0m[2m:[0m Subscriber subscribing to track: moq-test/interop/test-track
[2m2026-08-24T00:28:39.743928Z[0m [32m INFO[0m [2mmoq_test_client::scenarios[0m[2m:[0m Test timeout reached - subscription routing may still be in progress
ok 4 - publish-namespace-subscribe
  ---
  duration_ms: 4670
  publisher_connection_id: bcd7acae000addc9412a8d042bf3d21e
  subscriber_connection_id: 92f3216ce2b3a847e90017a5a4453708
  ...
[2m2026-08-24T00:28:39.744840Z[0m [32m INFO[0m [2mmoq_native_ietf::quic[0m[2m:[0m UDP socket bound [3mbind[0m[2m=[0m[::]:0 [3mlocal[0m[2m=[0m[::]:58663 [3mdual_stack[0m[2m=[0mtrue
[2m2026-08-24T00:28:40.659846Z[0m [32m INFO[0m [2mmoq_test_client::scenarios[0m[2m:[0m Subscriber subscribing BEFORE PUBLISH_NAMESPACE: moq-test/interop/test-track
[2m2026-08-24T00:28:40.822147Z[0m [33m WARN[0m [2mmoq_transport::serve::error[0m[2m:[0m [85ef4fb1-255c-4c7b-b6e6-7dfbcdfcfd2c] Not found: Namespace not found at moq-transport/src/session/subscriber.rs:483
[2m2026-08-24T00:28:40.822180Z[0m [33m WARN[0m [2mmoq_transport::session::reader[0m[2m:[0m [READER] decode: stream ended while waiting for data (have=0 bytes, need=1)
[2m2026-08-24T00:28:41.162135Z[0m [32m INFO[0m [2mmoq_native_ietf::quic[0m[2m:[0m UDP socket bound [3mbind[0m[2m=[0m[::]:0 [3mlocal[0m[2m=[0m[::]:42880 [3mdual_stack[0m[2m=[0mtrue
[2m2026-08-24T00:28:41.772159Z[0m [32m INFO[0m [2mmoq_test_client::scenarios[0m[2m:[0m Publisher sending PUBLISH_NAMESPACE (after subscriber): moq-test/interop
[2m2026-08-24T00:28:44.772744Z[0m [32m INFO[0m [2mmoq_test_client::scenarios[0m[2m:[0m Publisher PUBLISH_NAMESPACE timeout (expected)
[2m2026-08-24T00:28:44.772774Z[0m [32m INFO[0m [2mmoq_test_client::scenarios[0m[2m:[0m Subscriber got error: not found: Track not found [error:85ef4fb1-255c-4c7b-b6e6-7dfbcdfcfd2c] (may be expected)
ok 5 - subscribe-before-publish-namespace
  ---
  duration_ms: 5028
  subscriber_connection_id: 4ddbb11ebf4c7510d4cdd45017081bf3
  publisher_connection_id: ee635042c7bc5d3b29172cb82f26d95f
  ...
[2m2026-08-24T00:28:44.773716Z[0m [32m INFO[0m [2mmoq_native_ietf::quic[0m[2m:[0m UDP socket bound [3mbind[0m[2m=[0m[::]:0 [3mlocal[0m[2m=[0m[::]:38908 [3mdual_stack[0m[2m=[0mtrue
[2m2026-08-24T00:28:45.671352Z[0m [32m INFO[0m [2mmoq_test_client::scenarios[0m[2m:[0m Sending PUBLISH_NAMESPACE: moq-test/interop
[2m2026-08-24T00:28:47.672665Z[0m [32m INFO[0m [2mmoq_test_client::scenarios[0m[2m:[0m PUBLISH_NAMESPACE active; sending PUBLISH_NAMESPACE_DONE
[2m2026-08-24T00:28:47.774091Z[0m [32m INFO[0m [2mmoq_test_client::scenarios[0m[2m:[0m PUBLISH_NAMESPACE_DONE sent successfully
ok 6 - publish-namespace-done
  ---
  duration_ms: 3001
  connection_id: cc7854139ea20322d7321f0d3264f0bd
  ...
make[1]: Leaving directory '/home/runner/work/moq-interop-runner/moq-interop-runner/main'
