make[1]: Entering directory '/home/runner/work/moq-interop-runner/moq-interop-runner/main'
Running tests against https://fb.mvfst.net:9448/moq-relay...
  Client: ghcr.io/englishm/moq-interop-runner-moq-test-client-draft-16:latest
docker run --rm \
	 \
	--network host \
	-e RELAY_URL=https://fb.mvfst.net:9448/moq-relay \
	-e TLS_DISABLE_VERIFY=1 \
	ghcr.io/englishm/moq-interop-runner-moq-test-client-draft-16:latest
TAP version 14
# moq-test-client v0.1.0
# Relay: https://fb.mvfst.net:9448/moq-relay
1..6
ok 1 - setup-only
  ---
  duration_ms: 241
  connection_id: 4b168690c5a620d70aabee2ee72ccf63
  ...
ok 2 - announce-only
  ---
  duration_ms: 2248
  connection_id: 96baea3e884a046ef5a3822c0ebc544c
  ...
ok 3 - subscribe-error
  ---
  duration_ms: 278
  connection_id: 10f30d04e7c5af4ee57db33f13a4b835
  ...
ok 4 - announce-subscribe
  ---
  duration_ms: 3425
  publisher_connection_id: 797f2e76298e8c1dd471d38dd96a8818
  subscriber_connection_id: 6bf2c94e32d324f3d89bba8df43bda84
  ...
ok 5 - subscribe-before-announce
  ---
  duration_ms: 4861
  subscriber_connection_id: cf08cde25ea3ff5e61734d88f650458e
  publisher_connection_id: 6822e297559694d8da7aa709ffb556df
  ...
ok 6 - publish-namespace-done
  ---
  duration_ms: 2282
  connection_id: c5a040dca2fac9c9d8a77029b01bce8c
  ...
make[1]: Leaving directory '/home/runner/work/moq-interop-runner/moq-interop-runner/main'
