make[1]: Entering directory '/home/runner/work/moq-interop-runner/moq-interop-runner/main'
Running tests against moqt://draft-18-interop.cloudflare.mediaoverquic.com:443...
  Client: ghcr.io/englishm/moq-interop-runner-moq-test-client-draft-18:latest
docker run --rm \
	 \
	--network host \
	-e RELAY_URL=moqt://draft-18-interop.cloudflare.mediaoverquic.com:443 \
	-e TLS_DISABLE_VERIFY=false \
	ghcr.io/englishm/moq-interop-runner-moq-test-client-draft-18:latest
TAP version 14
# moq-test-client v0.1.10
# Relay: moqt://draft-18-interop.cloudflare.mediaoverquic.com:443
1..6
[2m2026-08-24T00:29:43.613436Z[0m [32m INFO[0m [2mmoq_native_ietf::quic[0m[2m:[0m UDP socket bound [3mbind[0m[2m=[0m[::]:0 [3mlocal[0m[2m=[0m[::]:42623 [3mdual_stack[0m[2m=[0mtrue
[2m2026-08-24T00:29:43.814147Z[0m [32m INFO[0m [2mmoq_test_client::scenarios[0m[2m:[0m SETUP exchange completed successfully
ok 1 - setup-only
  ---
  duration_ms: 201
  connection_id: db1244ba621fa520d5520950058822d9
  ...
[2m2026-08-24T00:29:43.815073Z[0m [32m INFO[0m [2mmoq_native_ietf::quic[0m[2m:[0m UDP socket bound [3mbind[0m[2m=[0m[::]:0 [3mlocal[0m[2m=[0m[::]:52183 [3mdual_stack[0m[2m=[0mtrue
[2m2026-08-24T00:29:43.992745Z[0m [32m INFO[0m [2mmoq_test_client::scenarios[0m[2m:[0m Sending PUBLISH_NAMESPACE for: moq-test/interop
[2m2026-08-24T00:29:45.994140Z[0m [32m INFO[0m [2mmoq_test_client::scenarios[0m[2m:[0m PUBLISH_NAMESPACE succeeded (REQUEST_OK received, waiting for subscribers)
ok 2 - publish-namespace-only
  ---
  duration_ms: 2179
  connection_id: ed2b6a7eafc7928d894922019a920d9b
  ...
[2m2026-08-24T00:29:45.994999Z[0m [32m INFO[0m [2mmoq_native_ietf::quic[0m[2m:[0m UDP socket bound [3mbind[0m[2m=[0m[::]:0 [3mlocal[0m[2m=[0m[::]:49312 [3mdual_stack[0m[2m=[0mtrue
[2m2026-08-24T00:29:46.125147Z[0m [32m INFO[0m [2mmoq_test_client::scenarios[0m[2m:[0m Subscribing to non-existent track: nonexistent/namespace/test-track
[2m2026-08-24T00:29:46.151202Z[0m [33m WARN[0m [2mmoq_transport::serve::error[0m[2m:[0m [3dedd6be-bf46-43f1-a88e-cc9082b803e0] Not found: not found: Track not found [error:cb94a9d3-bcf5-4cca-b53e-734ff0800eab] at moq-transport/src/session/subscriber.rs:483
[2m2026-08-24T00:29:46.151254Z[0m [32m INFO[0m [2mmoq_test_client::scenarios[0m[2m:[0m Got expected 'not found' error: not found: Track not found [error:3dedd6be-bf46-43f1-a88e-cc9082b803e0]
ok 3 - subscribe-error
  ---
  duration_ms: 157
  connection_id: 47c090afeb40b0473ae4c497d0895eac
  ...
[2m2026-08-24T00:29:46.152162Z[0m [32m INFO[0m [2mmoq_native_ietf::quic[0m[2m:[0m UDP socket bound [3mbind[0m[2m=[0m[::]:0 [3mlocal[0m[2m=[0m[::]:45160 [3mdual_stack[0m[2m=[0mtrue
[2m2026-08-24T00:29:46.309852Z[0m [32m INFO[0m [2mmoq_native_ietf::quic[0m[2m:[0m UDP socket bound [3mbind[0m[2m=[0m[::]:0 [3mlocal[0m[2m=[0m[::]:52630 [3mdual_stack[0m[2m=[0mtrue
[2m2026-08-24T00:29:46.474612Z[0m [32m INFO[0m [2mmoq_test_client::scenarios[0m[2m:[0m Publisher sending PUBLISH_NAMESPACE: moq-test/interop
[2m2026-08-24T00:29:46.474648Z[0m [32m INFO[0m [2mmoq_test_client::scenarios[0m[2m:[0m Subscriber subscribing to track: moq-test/interop/test-track
[2m2026-08-24T00:29:49.475716Z[0m [32m INFO[0m [2mmoq_test_client::scenarios[0m[2m:[0m Test timeout reached - subscription routing may still be in progress
ok 4 - publish-namespace-subscribe
  ---
  duration_ms: 3324
  publisher_connection_id: 85961c424a235f57612a9380a7f12875
  subscriber_connection_id: 863dee8cdd1ff83b55c3081328ecfa40
  ...
[2m2026-08-24T00:29:49.476621Z[0m [32m INFO[0m [2mmoq_native_ietf::quic[0m[2m:[0m UDP socket bound [3mbind[0m[2m=[0m[::]:0 [3mlocal[0m[2m=[0m[::]:40762 [3mdual_stack[0m[2m=[0mtrue
[2m2026-08-24T00:29:49.672114Z[0m [32m INFO[0m [2mmoq_test_client::scenarios[0m[2m:[0m Subscriber subscribing BEFORE PUBLISH_NAMESPACE: moq-test/interop/test-track
[2m2026-08-24T00:29:49.699272Z[0m [33m WARN[0m [2mmoq_transport::serve::error[0m[2m:[0m [eb1fbd4e-2dcc-4931-8f2f-9a46a0e54cf2] Not found: not found: Track not found [error:a7ea7c17-fc04-4dac-8253-a5cbb3a23900] at moq-transport/src/session/subscriber.rs:483
[2m2026-08-24T00:29:50.173142Z[0m [32m INFO[0m [2mmoq_native_ietf::quic[0m[2m:[0m UDP socket bound [3mbind[0m[2m=[0m[::]:0 [3mlocal[0m[2m=[0m[::]:51807 [3mdual_stack[0m[2m=[0mtrue
[2m2026-08-24T00:29:50.327681Z[0m [32m INFO[0m [2mmoq_test_client::scenarios[0m[2m:[0m Publisher sending PUBLISH_NAMESPACE (after subscriber): moq-test/interop
[2m2026-08-24T00:29:53.328836Z[0m [32m INFO[0m [2mmoq_test_client::scenarios[0m[2m:[0m Publisher PUBLISH_NAMESPACE timeout (expected)
[2m2026-08-24T00:29:53.328860Z[0m [32m INFO[0m [2mmoq_test_client::scenarios[0m[2m:[0m Subscriber got error: not found: Track not found [error:eb1fbd4e-2dcc-4931-8f2f-9a46a0e54cf2] (may be expected)
ok 5 - subscribe-before-publish-namespace
  ---
  duration_ms: 3852
  subscriber_connection_id: fed75d60f91fecb0c2171d578467d4af
  publisher_connection_id: 353c359e7673b31d2d3c88da497a85bd
  ...
[2m2026-08-24T00:29:53.329590Z[0m [32m INFO[0m [2mmoq_native_ietf::quic[0m[2m:[0m UDP socket bound [3mbind[0m[2m=[0m[::]:0 [3mlocal[0m[2m=[0m[::]:34148 [3mdual_stack[0m[2m=[0mtrue
[2m2026-08-24T00:29:53.486173Z[0m [32m INFO[0m [2mmoq_test_client::scenarios[0m[2m:[0m Sending PUBLISH_NAMESPACE: moq-test/interop
[2m2026-08-24T00:29:55.486522Z[0m [32m INFO[0m [2mmoq_test_client::scenarios[0m[2m:[0m PUBLISH_NAMESPACE active; sending PUBLISH_NAMESPACE_DONE
[2m2026-08-24T00:29:55.588027Z[0m [32m INFO[0m [2mmoq_test_client::scenarios[0m[2m:[0m PUBLISH_NAMESPACE_DONE sent successfully
ok 6 - publish-namespace-done
  ---
  duration_ms: 2259
  connection_id: fec38ffcb74de0f0b73c979ba22d6829
  ...
make[1]: Leaving directory '/home/runner/work/moq-interop-runner/moq-interop-runner/main'
