make[1]: Entering directory '/home/runner/work/moq-interop-runner/moq-interop-runner/main'
Running tests against https://moqt.nokiaresearch.com:4443/moq...
  Client: ghcr.io/openmoq/moqx-interop-client:latest
docker run --rm \
	 \
	--network host \
	-e RELAY_URL=https://moqt.nokiaresearch.com:4443/moq \
	-e TLS_DISABLE_VERIFY=false \
	ghcr.io/openmoq/moqx-interop-client:latest
TAP version 14
# moxygen interop test client
# Relay: https://moqt.nokiaresearch.com:4443/moq
# Transport: WebTransport
# Offered ALPNs: moqt-18, moqt-16, moqt-15, moq-00
1..6
E0824 00:34:13.888980     1 MoQCodec.cpp:95] Frame underflow -> parse error
E0824 00:34:13.889021     1 MoQCodec.cpp:126] Conn error=3
E0824 00:34:13.889027     1 MoQSession.cpp:5779] MoQCodec control stream parse error err=3
not ok 1 - setup-only
  ---
  duration_ms: 590
  error: coroutine operation cancelled
  ...
E0824 00:34:14.429259     1 MoQCodec.cpp:95] Frame underflow -> parse error
E0824 00:34:14.429292     1 MoQCodec.cpp:126] Conn error=3
E0824 00:34:14.429297     1 MoQSession.cpp:5779] MoQCodec control stream parse error err=3
not ok 2 - announce-only
  ---
  duration_ms: 540
  error: coroutine operation cancelled
  ...
E0824 00:34:14.968348     1 MoQCodec.cpp:95] Frame underflow -> parse error
E0824 00:34:14.968383     1 MoQCodec.cpp:126] Conn error=3
E0824 00:34:14.968389     1 MoQSession.cpp:5779] MoQCodec control stream parse error err=3
not ok 3 - subscribe-error
  ---
  duration_ms: 538
  error: coroutine operation cancelled
  ...
E0824 00:34:15.509331     1 MoQCodec.cpp:95] Frame underflow -> parse error
E0824 00:34:15.509361     1 MoQCodec.cpp:126] Conn error=3
E0824 00:34:15.509365     1 MoQSession.cpp:5779] MoQCodec control stream parse error err=3
not ok 4 - announce-subscribe
  ---
  duration_ms: 540
  error: coroutine operation cancelled
  ...
E0824 00:34:16.065973     1 MoQCodec.cpp:95] Frame underflow -> parse error
E0824 00:34:16.066004     1 MoQCodec.cpp:126] Conn error=3
E0824 00:34:16.066008     1 MoQSession.cpp:5779] MoQCodec control stream parse error err=3
not ok 5 - publish-namespace-done
  ---
  duration_ms: 556
  error: coroutine operation cancelled
  ...
E0824 00:34:16.687512     1 MoQCodec.cpp:95] Frame underflow -> parse error
E0824 00:34:16.687543     1 MoQCodec.cpp:126] Conn error=3
E0824 00:34:16.687548     1 MoQSession.cpp:5779] MoQCodec control stream parse error err=3
not ok 6 - subscribe-before-announce
  ---
  duration_ms: 621
  error: coroutine operation cancelled
  ...
make[1]: *** [Makefile:122: test-external] Error 1
make[1]: Leaving directory '/home/runner/work/moq-interop-runner/moq-interop-runner/main'
