make[1]: Entering directory '/home/runner/work/moq-interop-runner/moq-interop-runner/main'
Running tests against moqt://moqt.nokiaresearch.com:4443/moq...
  Client: ghcr.io/facebookexperimental/moxygen-interop-client:latest-amd64
docker run --rm \
	 \
	--network host \
	-e RELAY_URL=moqt://moqt.nokiaresearch.com:4443/moq \
	-e TLS_DISABLE_VERIFY=false \
	ghcr.io/facebookexperimental/moxygen-interop-client:latest-amd64
TAP version 14
# moxygen interop test client
# Relay: moqt://moqt.nokiaresearch.com:4443/moq
# Transport: QUIC
# Offered ALPNs: moqt-18, moqt-16, moqt-15, moq-00
1..6
E0824 00:37:01.915972     1 MoQCodec.cpp:95] Frame underflow -> parse error
E0824 00:37:01.916023     1 MoQCodec.cpp:126] Conn error=3
E0824 00:37:01.916027     1 MoQSession.cpp:5765] MoQCodec control stream parse error err=3
not ok 1 - setup-only
  ---
  duration_ms: 471
  error: coroutine operation cancelled
  ...
E0824 00:37:02.392171     1 MoQCodec.cpp:95] Frame underflow -> parse error
E0824 00:37:02.392200     1 MoQCodec.cpp:126] Conn error=3
E0824 00:37:02.392203     1 MoQSession.cpp:5765] MoQCodec control stream parse error err=3
not ok 2 - announce-only
  ---
  duration_ms: 476
  error: coroutine operation cancelled
  ...
E0824 00:37:02.796457     1 MoQCodec.cpp:95] Frame underflow -> parse error
E0824 00:37:02.796485     1 MoQCodec.cpp:126] Conn error=3
E0824 00:37:02.796488     1 MoQSession.cpp:5765] MoQCodec control stream parse error err=3
not ok 3 - subscribe-error
  ---
  duration_ms: 404
  error: coroutine operation cancelled
  ...
E0824 00:37:03.297581     1 MoQCodec.cpp:95] Frame underflow -> parse error
E0824 00:37:03.297611     1 MoQCodec.cpp:126] Conn error=3
E0824 00:37:03.297615     1 MoQSession.cpp:5765] MoQCodec control stream parse error err=3
not ok 4 - announce-subscribe
  ---
  duration_ms: 501
  error: coroutine operation cancelled
  ...
E0824 00:37:03.698526     1 MoQCodec.cpp:95] Frame underflow -> parse error
E0824 00:37:03.698560     1 MoQCodec.cpp:126] Conn error=3
E0824 00:37:03.698565     1 MoQSession.cpp:5765] MoQCodec control stream parse error err=3
not ok 5 - publish-namespace-done
  ---
  duration_ms: 400
  error: coroutine operation cancelled
  ...
E0824 00:37:04.188758     1 MoQCodec.cpp:95] Frame underflow -> parse error
E0824 00:37:04.188783     1 MoQCodec.cpp:126] Conn error=3
E0824 00:37:04.188787     1 MoQSession.cpp:5765] MoQCodec control stream parse error err=3
not ok 6 - subscribe-before-announce
  ---
  duration_ms: 490
  error: coroutine operation cancelled
  ...
E20260824 00:37:05.189796     1 EventHandler.cpp:90] EventBase: failed to register event handler for fd 10: No such file or directory
make[1]: *** [Makefile:122: test-external] Error 1
make[1]: Leaving directory '/home/runner/work/moq-interop-runner/moq-interop-runner/main'
