make[1]: Entering directory '/home/runner/work/moq-interop-runner/moq-interop-runner/main'
Running tests against https://draft-18-interop.cloudflare.mediaoverquic.com:443/moq...
  Client: ghcr.io/facebookexperimental/moxygen-interop-client:latest-amd64
docker run --rm \
	 \
	--network host \
	-e RELAY_URL=https://draft-18-interop.cloudflare.mediaoverquic.com:443/moq \
	-e TLS_DISABLE_VERIFY=false \
	ghcr.io/facebookexperimental/moxygen-interop-client:latest-amd64
TAP version 14
# moxygen interop test client
# Relay: https://draft-18-interop.cloudflare.mediaoverquic.com:443/moq
# Transport: WebTransport
# Offered ALPNs: moqt-18, moqt-16, moqt-15, moq-00
1..6
ok 1 - setup-only
  ---
  duration_ms: 166
  negotiated_version: draft-18
  info: SETUP exchange completed successfully
  ...
E0824 00:36:58.961928     1 MoQRelaySession.cpp:1116] PublishNamespaceDone for unknown publishNamespace, sess=0x560a9797f2e0
ok 2 - announce-only
  ---
  duration_ms: 114
  negotiated_version: draft-18
  info: PUBLISH_NAMESPACE completed successfully
  ...
E0824 00:36:59.098385     1 MoQSession.cpp:4989] No matching subscribe ID=0 sess=0x560a979956e0
E20260824 00:36:59.098665     1 HQControlCodec.h:58] Unexpected control stream EOF
E20260824 00:36:59.099666     1 HQSession.cpp:3115] Got error on control stream error=HTTP: Critical stream was closed streamID=3 sess=proto=h3, client CID=, server CID=81a94724e927f035, local=10.1.0.247:51541, 8.228.3.228:443=upstream, drain=pending
ok 3 - subscribe-error
  ---
  duration_ms: 136
  negotiated_version: draft-18
  info: Subscribe correctly returned error: peer FINed without terminal reply
  ...
E0824 00:36:59.328544     1 MoQSession.cpp:4989] No matching subscribe ID=0 sess=0x560a979a13a0
E20260824 00:36:59.328867     1 HQControlCodec.h:58] Unexpected control stream EOF
E20260824 00:36:59.328933     1 HQSession.cpp:3115] Got error on control stream error=HTTP: Critical stream was closed streamID=3 sess=proto=h3, client CID=, server CID=a7c5d4e370c2e76c, local=10.1.0.247:44198, 8.228.3.228:443=upstream, drain=pending
not ok 4 - announce-subscribe
  ---
  duration_ms: 228
  negotiated_version: draft-18
  error: Subscribe failed: peer FINed without terminal reply
  ...
ok 5 - publish-namespace-done
  ---
  duration_ms: 174
  negotiated_version: draft-18
  info: PUBLISH_NAMESPACE_OK received, PUBLISH_NAMESPACE_DONE sent
  ...
E0824 00:36:59.612779     1 MoQSession.cpp:4989] No matching subscribe ID=0 sess=0x560a979479c0
E20260824 00:36:59.613188     1 HQControlCodec.h:58] Unexpected control stream EOF
E20260824 00:36:59.613248     1 HQSession.cpp:3115] Got error on control stream error=HTTP: Critical stream was closed streamID=3 sess=proto=h3, client CID=, server CID=2b9ed1806bb21a93, local=10.1.0.247:42388, 8.228.3.228:443=upstream, drain=pending
E0824 00:36:59.613321     1 MoQWebTransportClient.cpp:200] proxygen::HTTPException: Got error=ApplicationError: 260, HTTP error on control stream
ok 6 - subscribe-before-announce
  ---
  duration_ms: 763
  negotiated_version: draft-18
  info: Subscribe returned error (relay doesn't buffer pending subscriptions): peer FINed without terminal reply
  ...
make[1]: *** [Makefile:122: test-external] Error 1
make[1]: Leaving directory '/home/runner/work/moq-interop-runner/moq-interop-runner/main'
