make[1]: Entering directory '/home/runner/work/moq-interop-runner/moq-interop-runner/main'
Running tests against https://lminiero.it:9000...
  Client: ghcr.io/englishm/moq-interop-runner-moq-test-client-draft-18:latest
docker run --rm \
	 \
	--network host \
	-e RELAY_URL=https://lminiero.it:9000 \
	-e TLS_DISABLE_VERIFY=false \
	ghcr.io/englishm/moq-interop-runner-moq-test-client-draft-18:latest
TAP version 14
# moq-test-client v0.1.10
# Relay: https://lminiero.it:9000/
1..6
[2m2026-08-14T00:51:28.114323Z[0m [32m INFO[0m [2mmoq_native_ietf::quic[0m[2m:[0m UDP socket bound [3mbind[0m[2m=[0m[::]:0 [3mlocal[0m[2m=[0m[::]:52926 [3mdual_stack[0m[2m=[0mtrue
[2m2026-08-14T00:51:29.141169Z[0m [32m INFO[0m [2mmoq_test_client::scenarios[0m[2m:[0m SETUP exchange completed successfully
ok 1 - setup-only
  ---
  duration_ms: 1027
  connection_id: 753b968006530c683ba9cf7605f8f390
  ...
[2m2026-08-14T00:51:29.142185Z[0m [32m INFO[0m [2mmoq_native_ietf::quic[0m[2m:[0m UDP socket bound [3mbind[0m[2m=[0m[::]:0 [3mlocal[0m[2m=[0m[::]:35046 [3mdual_stack[0m[2m=[0mtrue
[2m2026-08-14T00:51:30.168303Z[0m [32m INFO[0m [2mmoq_test_client::scenarios[0m[2m:[0m Sending PUBLISH_NAMESPACE for: moq-test/interop
[2m2026-08-14T00:51:32.169615Z[0m [32m INFO[0m [2mmoq_test_client::scenarios[0m[2m:[0m PUBLISH_NAMESPACE succeeded (REQUEST_OK received, waiting for subscribers)
ok 2 - publish-namespace-only
  ---
  duration_ms: 3028
  connection_id: 7fda346443121f4373be0bd84f1fe76d
  ...
[2m2026-08-14T00:51:32.170705Z[0m [32m INFO[0m [2mmoq_native_ietf::quic[0m[2m:[0m UDP socket bound [3mbind[0m[2m=[0m[::]:0 [3mlocal[0m[2m=[0m[::]:44885 [3mdual_stack[0m[2m=[0mtrue
[2m2026-08-14T00:51:33.400436Z[0m [32m INFO[0m [2mmoq_test_client::scenarios[0m[2m:[0m Subscribing to non-existent track: nonexistent/namespace/test-track
[2m2026-08-14T00:51:33.595363Z[0m [33m WARN[0m [2mmoq_transport::serve::error[0m[2m:[0m [e46f1a52-af44-4a93-8d99-525d8a779190] Not found: Namespace not found at moq-transport/src/session/subscriber.rs:483
[2m2026-08-14T00:51:33.595394Z[0m [33m WARN[0m [2mmoq_transport::session::reader[0m[2m:[0m [READER] decode: stream ended while waiting for data (have=0 bytes, need=1)
[2m2026-08-14T00:51:33.595459Z[0m [32m INFO[0m [2mmoq_test_client::scenarios[0m[2m:[0m Got expected 'not found' error: not found: Track not found [error:e46f1a52-af44-4a93-8d99-525d8a779190]
ok 3 - subscribe-error
  ---
  duration_ms: 1425
  connection_id: 29f15ca1d4668192694e91fba88ccd63
  ...
[2m2026-08-14T00:51:33.596720Z[0m [32m INFO[0m [2mmoq_native_ietf::quic[0m[2m:[0m UDP socket bound [3mbind[0m[2m=[0m[::]:0 [3mlocal[0m[2m=[0m[::]:33919 [3mdual_stack[0m[2m=[0mtrue
[2m2026-08-14T00:51:34.314839Z[0m [32m INFO[0m [2mmoq_native_ietf::quic[0m[2m:[0m UDP socket bound [3mbind[0m[2m=[0m[::]:0 [3mlocal[0m[2m=[0m[::]:47829 [3mdual_stack[0m[2m=[0mtrue
[2m2026-08-14T00:51:35.024439Z[0m [32m INFO[0m [2mmoq_test_client::scenarios[0m[2m:[0m Publisher sending PUBLISH_NAMESPACE: moq-test/interop
[2m2026-08-14T00:51:35.024461Z[0m [32m INFO[0m [2mmoq_test_client::scenarios[0m[2m:[0m Subscriber subscribing to track: moq-test/interop/test-track
[2m2026-08-14T00:51:35.211606Z[0m [33m WARN[0m [2mmoq_transport::serve::error[0m[2m:[0m [7f412acd-5bbb-4a7c-b470-2f388317da3d] Not found: Namespace not found at moq-transport/src/session/subscriber.rs:483
[2m2026-08-14T00:51:35.211630Z[0m [33m WARN[0m [2mmoq_transport::session::reader[0m[2m:[0m [READER] decode: stream ended while waiting for data (have=0 bytes, need=1)
[2m2026-08-14T00:51:35.211711Z[0m [32m INFO[0m [2mmoq_test_client::scenarios[0m[2m:[0m Subscriber got error: not found: Track not found [error:7f412acd-5bbb-4a7c-b470-2f388317da3d] - subscription was processed
ok 4 - publish-namespace-subscribe
  ---
  duration_ms: 1616
  publisher_connection_id: dc5aebacebc2266c650d375f28571419
  subscriber_connection_id: ac992f49db01391291e2e0011b83cd47
  ...
[2m2026-08-14T00:51:35.212675Z[0m [32m INFO[0m [2mmoq_native_ietf::quic[0m[2m:[0m UDP socket bound [3mbind[0m[2m=[0m[::]:0 [3mlocal[0m[2m=[0m[::]:47136 [3mdual_stack[0m[2m=[0mtrue
[2m2026-08-14T00:51:36.281655Z[0m [32m INFO[0m [2mmoq_test_client::scenarios[0m[2m:[0m Subscriber subscribing BEFORE PUBLISH_NAMESPACE: moq-test/interop/test-track
[2m2026-08-14T00:51:36.472594Z[0m [33m WARN[0m [2mmoq_transport::serve::error[0m[2m:[0m [0a590316-a24b-42d7-b38e-f78a62611850] Not found: Namespace not found at moq-transport/src/session/subscriber.rs:483
[2m2026-08-14T00:51:36.472628Z[0m [33m WARN[0m [2mmoq_transport::session::reader[0m[2m:[0m [READER] decode: stream ended while waiting for data (have=0 bytes, need=1)
[2m2026-08-14T00:51:36.783378Z[0m [32m INFO[0m [2mmoq_native_ietf::quic[0m[2m:[0m UDP socket bound [3mbind[0m[2m=[0m[::]:0 [3mlocal[0m[2m=[0m[::]:45242 [3mdual_stack[0m[2m=[0mtrue
[2m2026-08-14T00:51:37.807154Z[0m [32m INFO[0m [2mmoq_test_client::scenarios[0m[2m:[0m Publisher sending PUBLISH_NAMESPACE (after subscriber): moq-test/interop
[2m2026-08-14T00:51:40.809340Z[0m [32m INFO[0m [2mmoq_test_client::scenarios[0m[2m:[0m Publisher PUBLISH_NAMESPACE timeout (expected)
[2m2026-08-14T00:51:40.809371Z[0m [32m INFO[0m [2mmoq_test_client::scenarios[0m[2m:[0m Subscriber got error: not found: Track not found [error:0a590316-a24b-42d7-b38e-f78a62611850] (may be expected)
ok 5 - subscribe-before-publish-namespace
  ---
  duration_ms: 5597
  subscriber_connection_id: bbb0eba17145fd78fdc0b209135d4c77
  publisher_connection_id: aa48c29d6fc0792d9ec5ac5a75682f3c
  ...
[2m2026-08-14T00:51:40.810576Z[0m [32m INFO[0m [2mmoq_native_ietf::quic[0m[2m:[0m UDP socket bound [3mbind[0m[2m=[0m[::]:0 [3mlocal[0m[2m=[0m[::]:41190 [3mdual_stack[0m[2m=[0mtrue
[2m2026-08-14T00:51:41.845811Z[0m [32m INFO[0m [2mmoq_test_client::scenarios[0m[2m:[0m Sending PUBLISH_NAMESPACE: moq-test/interop
[2m2026-08-14T00:51:43.846731Z[0m [32m INFO[0m [2mmoq_test_client::scenarios[0m[2m:[0m PUBLISH_NAMESPACE active; sending PUBLISH_NAMESPACE_DONE
[2m2026-08-14T00:51:43.947450Z[0m [32m INFO[0m [2mmoq_test_client::scenarios[0m[2m:[0m PUBLISH_NAMESPACE_DONE sent successfully
ok 6 - publish-namespace-done
  ---
  duration_ms: 3137
  connection_id: 01b31fab31b2776dba37610f02cd4e37
  ...
make[1]: Leaving directory '/home/runner/work/moq-interop-runner/moq-interop-runner/main'
