make[1]: Entering directory '/home/runner/work/moq-interop-runner/moq-interop-runner/main'
Running tests against moqt://moqx-main.ci.openmoq.org:4433...
  Client: ghcr.io/englishm/moq-interop-runner-moq-test-client-draft-18:latest
docker run --rm \
	 \
	--network host \
	-e RELAY_URL=moqt://moqx-main.ci.openmoq.org:4433 \
	-e TLS_DISABLE_VERIFY=false \
	ghcr.io/englishm/moq-interop-runner-moq-test-client-draft-18:latest
TAP version 14
# moq-test-client v0.1.10
# Relay: moqt://moqx-main.ci.openmoq.org:4433
1..6
[2m2026-08-14T00:54:13.677827Z[0m [32m INFO[0m [2mmoq_native_ietf::quic[0m[2m:[0m UDP socket bound [3mbind[0m[2m=[0m[::]:0 [3mlocal[0m[2m=[0m[::]:56662 [3mdual_stack[0m[2m=[0mtrue
[2m2026-08-14T00:54:14.235248Z[0m [32m INFO[0m [2mmoq_test_client::scenarios[0m[2m:[0m SETUP exchange completed successfully
ok 1 - setup-only
  ---
  duration_ms: 558
  connection_id: 81fb38552fddf723671ccd7988e415b1
  ...
[2m2026-08-14T00:54:14.236307Z[0m [32m INFO[0m [2mmoq_native_ietf::quic[0m[2m:[0m UDP socket bound [3mbind[0m[2m=[0m[::]:0 [3mlocal[0m[2m=[0m[::]:40592 [3mdual_stack[0m[2m=[0mtrue
[2m2026-08-14T00:54:14.291963Z[0m [32m INFO[0m [2mmoq_test_client::scenarios[0m[2m:[0m Sending PUBLISH_NAMESPACE for: moq-test/interop
[2m2026-08-14T00:54:16.293124Z[0m [32m INFO[0m [2mmoq_test_client::scenarios[0m[2m:[0m PUBLISH_NAMESPACE succeeded (REQUEST_OK received, waiting for subscribers)
ok 2 - publish-namespace-only
  ---
  duration_ms: 2057
  connection_id: e3be395732133f968c3c0a36a63d02b9
  ...
[2m2026-08-14T00:54:16.294219Z[0m [32m INFO[0m [2mmoq_native_ietf::quic[0m[2m:[0m UDP socket bound [3mbind[0m[2m=[0m[::]:0 [3mlocal[0m[2m=[0m[::]:57856 [3mdual_stack[0m[2m=[0mtrue
[2m2026-08-14T00:54:16.479164Z[0m [32m INFO[0m [2mmoq_test_client::scenarios[0m[2m:[0m Subscribing to non-existent track: nonexistent/namespace/test-track
[2m2026-08-14T00:54:16.529202Z[0m [33m WARN[0m [2mmoq_transport::serve::error[0m[2m:[0m [c9519711-7916-4293-91c0-e80049502e9a] Not found: no such namespace or track at moq-transport/src/session/subscriber.rs:483
[2m2026-08-14T00:54:16.529223Z[0m [33m WARN[0m [2mmoq_transport::session::reader[0m[2m:[0m [READER] decode: stream ended while waiting for data (have=0 bytes, need=1)
[2m2026-08-14T00:54:16.529257Z[0m [32m INFO[0m [2mmoq_test_client::scenarios[0m[2m:[0m Got expected 'not found' error: not found: Track not found [error:c9519711-7916-4293-91c0-e80049502e9a]
ok 3 - subscribe-error
  ---
  duration_ms: 235
  connection_id: d51355b5b4239c5d60e0c4c9d466fcde
  ...
[2m2026-08-14T00:54:16.530172Z[0m [32m INFO[0m [2mmoq_native_ietf::quic[0m[2m:[0m UDP socket bound [3mbind[0m[2m=[0m[::]:0 [3mlocal[0m[2m=[0m[::]:52519 [3mdual_stack[0m[2m=[0mtrue
[2m2026-08-14T00:54:16.684895Z[0m [32m INFO[0m [2mmoq_native_ietf::quic[0m[2m:[0m UDP socket bound [3mbind[0m[2m=[0m[::]:0 [3mlocal[0m[2m=[0m[::]:50390 [3mdual_stack[0m[2m=[0mtrue
[2m2026-08-14T00:54:17.004677Z[0m [32m INFO[0m [2mmoq_test_client::scenarios[0m[2m:[0m Publisher sending PUBLISH_NAMESPACE: moq-test/interop
[2m2026-08-14T00:54:17.004699Z[0m [32m INFO[0m [2mmoq_test_client::scenarios[0m[2m:[0m Subscriber subscribing to track: moq-test/interop/test-track
[2m2026-08-14T00:54:20.006454Z[0m [32m INFO[0m [2mmoq_test_client::scenarios[0m[2m:[0m Test timeout reached - subscription routing may still be in progress
ok 4 - publish-namespace-subscribe
  ---
  duration_ms: 3477
  publisher_connection_id: 9effbaf344c8cc66f75fd6947b7fd72f
  subscriber_connection_id: 1de6774578d36abad28181c52fea1833
  ...
[2m2026-08-14T00:54:20.007598Z[0m [32m INFO[0m [2mmoq_native_ietf::quic[0m[2m:[0m UDP socket bound [3mbind[0m[2m=[0m[::]:0 [3mlocal[0m[2m=[0m[::]:57385 [3mdual_stack[0m[2m=[0mtrue
[2m2026-08-14T00:54:20.061254Z[0m [32m INFO[0m [2mmoq_test_client::scenarios[0m[2m:[0m Subscriber subscribing BEFORE PUBLISH_NAMESPACE: moq-test/interop/test-track
[2m2026-08-14T00:54:20.111202Z[0m [33m WARN[0m [2mmoq_transport::serve::error[0m[2m:[0m [263ade90-5f94-43b9-90f9-884a70b1f2aa] Not found: no such namespace or track at moq-transport/src/session/subscriber.rs:483
[2m2026-08-14T00:54:20.111227Z[0m [33m WARN[0m [2mmoq_transport::session::reader[0m[2m:[0m [READER] decode: stream ended while waiting for data (have=0 bytes, need=1)
[2m2026-08-14T00:54:20.563676Z[0m [32m INFO[0m [2mmoq_native_ietf::quic[0m[2m:[0m UDP socket bound [3mbind[0m[2m=[0m[::]:0 [3mlocal[0m[2m=[0m[::]:41075 [3mdual_stack[0m[2m=[0mtrue
[2m2026-08-14T00:54:20.619103Z[0m [32m INFO[0m [2mmoq_test_client::scenarios[0m[2m:[0m Publisher sending PUBLISH_NAMESPACE (after subscriber): moq-test/interop
[2m2026-08-14T00:54:23.620609Z[0m [32m INFO[0m [2mmoq_test_client::scenarios[0m[2m:[0m Publisher PUBLISH_NAMESPACE timeout (expected)
[2m2026-08-14T00:54:23.620637Z[0m [32m INFO[0m [2mmoq_test_client::scenarios[0m[2m:[0m Subscriber got error: not found: Track not found [error:263ade90-5f94-43b9-90f9-884a70b1f2aa] (may be expected)
ok 5 - subscribe-before-publish-namespace
  ---
  duration_ms: 3614
  subscriber_connection_id: 7edd25d0f1a11b84bd55435f6308fac8
  publisher_connection_id: 36dbf93395aea8e6ad65854e4fba731f
  ...
[2m2026-08-14T00:54:23.621641Z[0m [32m INFO[0m [2mmoq_native_ietf::quic[0m[2m:[0m UDP socket bound [3mbind[0m[2m=[0m[::]:0 [3mlocal[0m[2m=[0m[::]:44208 [3mdual_stack[0m[2m=[0mtrue
[2m2026-08-14T00:54:23.678384Z[0m [32m INFO[0m [2mmoq_test_client::scenarios[0m[2m:[0m Sending PUBLISH_NAMESPACE: moq-test/interop
[2m2026-08-14T00:54:25.678952Z[0m [32m INFO[0m [2mmoq_test_client::scenarios[0m[2m:[0m PUBLISH_NAMESPACE active; sending PUBLISH_NAMESPACE_DONE
[2m2026-08-14T00:54:25.779977Z[0m [32m INFO[0m [2mmoq_test_client::scenarios[0m[2m:[0m PUBLISH_NAMESPACE_DONE sent successfully
ok 6 - publish-namespace-done
  ---
  duration_ms: 2159
  connection_id: a5f5eec11ba542590fe62e75b7537217
  ...
make[1]: Leaving directory '/home/runner/work/moq-interop-runner/moq-interop-runner/main'
