make[1]: Entering directory '/home/runner/work/moq-interop-runner/moq-interop-runner/main'
Running tests against moqt://us-west-2.relay.quicr.org:33437...
  Client: ghcr.io/openmoq/moqx-interop-client:latest
docker run --rm \
	 \
	--network host \
	-e RELAY_URL=moqt://us-west-2.relay.quicr.org:33437 \
	-e TLS_DISABLE_VERIFY=1 \
	ghcr.io/openmoq/moqx-interop-client:latest
TAP version 14
# moxygen interop test client
# Relay: moqt://us-west-2.relay.quicr.org:33437
# Transport: QUIC
1..6
ok 1 - setup-only
  ---
  duration_ms: 48
  info: SETUP exchange completed successfully
  ...
W0814 01:33:19.883992     1 MoQSession.cpp:5632] Issuing request that will fail; nextRequestID_=0 peerMaxRequestID_=0 sess=0x55e9f2401cf0
E0814 01:33:19.904738     1 MoQRelaySession.cpp:1116] PublishNamespaceDone for unknown publishNamespace, sess=0x55e9f2401cf0
ok 2 - announce-only
  ---
  duration_ms: 65
  info: PUBLISH_NAMESPACE completed successfully
  ...
W0814 01:33:20.206070     1 MoQSession.cpp:5632] Issuing request that will fail; nextRequestID_=0 peerMaxRequestID_=0 sess=0x55e9f2402ff0
E0814 01:33:20.227444     1 MoQCodec.cpp:126] Conn error=3
E0814 01:33:20.227474     1 MoQSession.cpp:5416] MoQCodec control stream parse error err=3
ok 3 - subscribe-error
  ---
  duration_ms: 322
  info: Subscribe correctly returned error: Session closed
  ...
W0814 01:33:20.432033     1 MoQSession.cpp:5632] Issuing request that will fail; nextRequestID_=0 peerMaxRequestID_=0 sess=0x55e9f24003c0
W0814 01:33:20.496879     1 MoQSession.cpp:5632] Issuing request that will fail; nextRequestID_=0 peerMaxRequestID_=0 sess=0x55e9f23dc6b0
E0814 01:33:20.517170     1 MoQCodec.cpp:126] Conn error=3
E0814 01:33:20.517204     1 MoQSession.cpp:5416] MoQCodec control stream parse error err=3
not ok 4 - announce-subscribe
  ---
  duration_ms: 289
  error: Subscribe failed: Session closed
  ...
W0814 01:33:20.729510     1 MoQSession.cpp:5632] Issuing request that will fail; nextRequestID_=0 peerMaxRequestID_=0 sess=0x55e9f23daf90
ok 5 - publish-namespace-done
  ---
  duration_ms: 232
  info: PUBLISH_NAMESPACE_OK received, PUBLISH_NAMESPACE_DONE sent
  ...
W0814 01:33:20.823604     1 MoQSession.cpp:5632] Issuing request that will fail; nextRequestID_=0 peerMaxRequestID_=0 sess=0x55e9f24003c0
E0814 01:33:20.843495     1 MoQCodec.cpp:126] Conn error=3
E0814 01:33:20.843525     1 MoQSession.cpp:5416] MoQCodec control stream parse error err=3
W0814 01:33:21.395490     1 MoQSession.cpp:5632] Issuing request that will fail; nextRequestID_=0 peerMaxRequestID_=0 sess=0x55e9f2402fa0
ok 6 - subscribe-before-announce
  ---
  duration_ms: 666
  info: Subscribe returned error (relay doesn't buffer pending subscriptions): Session closed
  ...
make[1]: *** [Makefile:122: test-external] Error 1
make[1]: Leaving directory '/home/runner/work/moq-interop-runner/moq-interop-runner/main'
