make[1]: Entering directory '/home/runner/work/moq-interop-runner/moq-interop-runner/main'
Running tests against moqt://moqx-main.ci.openmoq.org:4433...
  Client: ghcr.io/englishm/moq-interop-runner-moq-test-client-draft-18:latest
docker run --rm \
	 \
	--network host \
	-e RELAY_URL=moqt://moqx-main.ci.openmoq.org:4433 \
	-e TLS_DISABLE_VERIFY=false \
	ghcr.io/englishm/moq-interop-runner-moq-test-client-draft-18:latest
TAP version 14
# moq-test-client v0.1.10
# Relay: moqt://moqx-main.ci.openmoq.org:4433
1..6
[2m2026-08-20T00:31:02.373605Z[0m [32m INFO[0m [2mmoq_native_ietf::quic[0m[2m:[0m UDP socket bound [3mbind[0m[2m=[0m[::]:0 [3mlocal[0m[2m=[0m[::]:42930 [3mdual_stack[0m[2m=[0mtrue
[2m2026-08-20T00:31:02.471448Z[0m [32m INFO[0m [2mmoq_test_client::scenarios[0m[2m:[0m SETUP exchange completed successfully
ok 1 - setup-only
  ---
  duration_ms: 98
  connection_id: e577917fa9e94f1303828cd8914e709b
  ...
[2m2026-08-20T00:31:02.472358Z[0m [32m INFO[0m [2mmoq_native_ietf::quic[0m[2m:[0m UDP socket bound [3mbind[0m[2m=[0m[::]:0 [3mlocal[0m[2m=[0m[::]:48113 [3mdual_stack[0m[2m=[0mtrue
[2m2026-08-20T00:31:02.671900Z[0m [32m INFO[0m [2mmoq_test_client::scenarios[0m[2m:[0m Sending PUBLISH_NAMESPACE for: moq-test/interop
[2m2026-08-20T00:31:04.673101Z[0m [32m INFO[0m [2mmoq_test_client::scenarios[0m[2m:[0m PUBLISH_NAMESPACE succeeded (REQUEST_OK received, waiting for subscribers)
ok 2 - publish-namespace-only
  ---
  duration_ms: 2201
  connection_id: 885ef3e8e7743c9ec256b66fc5dba03b
  ...
[2m2026-08-20T00:31:04.674140Z[0m [32m INFO[0m [2mmoq_native_ietf::quic[0m[2m:[0m UDP socket bound [3mbind[0m[2m=[0m[::]:0 [3mlocal[0m[2m=[0m[::]:38455 [3mdual_stack[0m[2m=[0mtrue
[2m2026-08-20T00:31:04.727923Z[0m [32m INFO[0m [2mmoq_test_client::scenarios[0m[2m:[0m Subscribing to non-existent track: nonexistent/namespace/test-track
[2m2026-08-20T00:31:04.776611Z[0m [33m WARN[0m [2mmoq_transport::serve::error[0m[2m:[0m [82f14bfd-4f84-4181-b2fa-fa5c97756506] Not found: no such namespace or track at moq-transport/src/session/subscriber.rs:483
[2m2026-08-20T00:31:04.776628Z[0m [33m WARN[0m [2mmoq_transport::session::reader[0m[2m:[0m [READER] decode: stream ended while waiting for data (have=0 bytes, need=1)
[2m2026-08-20T00:31:04.776658Z[0m [32m INFO[0m [2mmoq_test_client::scenarios[0m[2m:[0m Got expected 'not found' error: not found: Track not found [error:82f14bfd-4f84-4181-b2fa-fa5c97756506]
ok 3 - subscribe-error
  ---
  duration_ms: 103
  connection_id: c4ffa5a9d7348c2d99ae8f15406ee6b8
  ...
[2m2026-08-20T00:31:04.777564Z[0m [32m INFO[0m [2mmoq_native_ietf::quic[0m[2m:[0m UDP socket bound [3mbind[0m[2m=[0m[::]:0 [3mlocal[0m[2m=[0m[::]:53887 [3mdual_stack[0m[2m=[0mtrue
[2m2026-08-20T00:31:04.927469Z[0m [32m INFO[0m [2mmoq_native_ietf::quic[0m[2m:[0m UDP socket bound [3mbind[0m[2m=[0m[::]:0 [3mlocal[0m[2m=[0m[::]:41231 [3mdual_stack[0m[2m=[0mtrue
[2m2026-08-20T00:31:04.981011Z[0m [32m INFO[0m [2mmoq_test_client::scenarios[0m[2m:[0m Publisher sending PUBLISH_NAMESPACE: moq-test/interop
[2m2026-08-20T00:31:04.981027Z[0m [32m INFO[0m [2mmoq_test_client::scenarios[0m[2m:[0m Subscriber subscribing to track: moq-test/interop/test-track
[2m2026-08-20T00:31:07.982939Z[0m [32m INFO[0m [2mmoq_test_client::scenarios[0m[2m:[0m Test timeout reached - subscription routing may still be in progress
ok 4 - publish-namespace-subscribe
  ---
  duration_ms: 3206
  publisher_connection_id: c73e128651bd5779cc509fda393263e2
  subscriber_connection_id: d70e8523de00148bf99f7d5562080ef7
  ...
[2m2026-08-20T00:31:07.983851Z[0m [32m INFO[0m [2mmoq_native_ietf::quic[0m[2m:[0m UDP socket bound [3mbind[0m[2m=[0m[::]:0 [3mlocal[0m[2m=[0m[::]:44844 [3mdual_stack[0m[2m=[0mtrue
[2m2026-08-20T00:31:08.321064Z[0m [32m INFO[0m [2mmoq_test_client::scenarios[0m[2m:[0m Subscriber subscribing BEFORE PUBLISH_NAMESPACE: moq-test/interop/test-track
[2m2026-08-20T00:31:08.368396Z[0m [33m WARN[0m [2mmoq_transport::serve::error[0m[2m:[0m [34532da2-b25f-44d6-972f-44c7f0d5e516] Not found: no such namespace or track at moq-transport/src/session/subscriber.rs:483
[2m2026-08-20T00:31:08.368420Z[0m [33m WARN[0m [2mmoq_transport::session::reader[0m[2m:[0m [READER] decode: stream ended while waiting for data (have=0 bytes, need=1)
[2m2026-08-20T00:31:08.823233Z[0m [32m INFO[0m [2mmoq_native_ietf::quic[0m[2m:[0m UDP socket bound [3mbind[0m[2m=[0m[::]:0 [3mlocal[0m[2m=[0m[::]:42517 [3mdual_stack[0m[2m=[0mtrue
[2m2026-08-20T00:31:09.321116Z[0m [32m INFO[0m [2mmoq_test_client::scenarios[0m[2m:[0m Publisher sending PUBLISH_NAMESPACE (after subscriber): moq-test/interop
[2m2026-08-20T00:31:12.322025Z[0m [32m INFO[0m [2mmoq_test_client::scenarios[0m[2m:[0m Publisher PUBLISH_NAMESPACE timeout (expected)
[2m2026-08-20T00:31:12.322049Z[0m [32m INFO[0m [2mmoq_test_client::scenarios[0m[2m:[0m Subscriber got error: not found: Track not found [error:34532da2-b25f-44d6-972f-44c7f0d5e516] (may be expected)
ok 5 - subscribe-before-publish-namespace
  ---
  duration_ms: 4339
  subscriber_connection_id: 7f9646ad2df4d6bdb93ee22c4bfc695d
  publisher_connection_id: 30879627d6bd541e351acbf5572b9823
  ...
[2m2026-08-20T00:31:12.323005Z[0m [32m INFO[0m [2mmoq_native_ietf::quic[0m[2m:[0m UDP socket bound [3mbind[0m[2m=[0m[::]:0 [3mlocal[0m[2m=[0m[::]:40369 [3mdual_stack[0m[2m=[0mtrue
[2m2026-08-20T00:31:12.528713Z[0m [32m INFO[0m [2mmoq_test_client::scenarios[0m[2m:[0m Sending PUBLISH_NAMESPACE: moq-test/interop
[2m2026-08-20T00:31:14.530133Z[0m [32m INFO[0m [2mmoq_test_client::scenarios[0m[2m:[0m PUBLISH_NAMESPACE active; sending PUBLISH_NAMESPACE_DONE
[2m2026-08-20T00:31:14.630992Z[0m [32m INFO[0m [2mmoq_test_client::scenarios[0m[2m:[0m PUBLISH_NAMESPACE_DONE sent successfully
ok 6 - publish-namespace-done
  ---
  duration_ms: 2308
  connection_id: 65b29b85f29943fcc8137d640015fae0
  ...
make[1]: Leaving directory '/home/runner/work/moq-interop-runner/moq-interop-runner/main'
