make[1]: Entering directory '/home/runner/work/moq-interop-runner/moq-interop-runner/main'
Running tests against moqt://fb.mvfst.net:9448...
  Client: ghcr.io/englishm/moq-interop-runner-moq-test-client-draft-16:latest
docker run --rm \
	 \
	--network host \
	-e RELAY_URL=moqt://fb.mvfst.net:9448 \
	-e TLS_DISABLE_VERIFY=1 \
	ghcr.io/englishm/moq-interop-runner-moq-test-client-draft-16:latest
TAP version 14
# moq-test-client v0.1.0
# Relay: moqt://fb.mvfst.net:9448
1..6
ok 1 - setup-only
  ---
  duration_ms: 224
  connection_id: 50cf4fbd4f31c1ec9b98e6913a97f8fa
  ...
ok 2 - announce-only
  ---
  duration_ms: 2218
  connection_id: e1f7368ecf4e6cecae8d54b9ad043d1a
  ...
ok 3 - subscribe-error
  ---
  duration_ms: 264
  connection_id: 970fd986a2c04eb93f0ee48ad72b10a7
  ...
ok 4 - announce-subscribe
  ---
  duration_ms: 460
  publisher_connection_id: 528ba18266b15d346267acf5d0346517
  subscriber_connection_id: a45bedd0e65b71c111c6bedebe23f498
  ...
ok 5 - subscribe-before-announce
  ---
  duration_ms: 3814
  subscriber_connection_id: 5e17b89f86ca16a9da0da756a05fdcd1
  publisher_connection_id: 6b4c7036b7451d0aa87e262ca3489898
  ...
ok 6 - publish-namespace-done
  ---
  duration_ms: 2259
  connection_id: f38e04e4c33f48ac96b1a1dafbde639d
  ...
make[1]: Leaving directory '/home/runner/work/moq-interop-runner/moq-interop-runner/main'
