make[1]: Entering directory '/home/runner/work/moq-interop-runner/moq-interop-runner/main'
Running tests against https://draft-18-interop.cloudflare.mediaoverquic.com:443/moq...
  Client: ghcr.io/englishm/moq-interop-runner-moq-test-client-draft-18:latest
docker run --rm \
	 \
	--network host \
	-e RELAY_URL=https://draft-18-interop.cloudflare.mediaoverquic.com:443/moq \
	-e TLS_DISABLE_VERIFY=false \
	ghcr.io/englishm/moq-interop-runner-moq-test-client-draft-18:latest
TAP version 14
# moq-test-client v0.1.10
# Relay: https://draft-18-interop.cloudflare.mediaoverquic.com/moq
1..6
[2m2026-08-20T00:29:55.823513Z[0m [32m INFO[0m [2mmoq_native_ietf::quic[0m[2m:[0m UDP socket bound [3mbind[0m[2m=[0m[::]:0 [3mlocal[0m[2m=[0m[::]:59485 [3mdual_stack[0m[2m=[0mtrue
[2m2026-08-20T00:29:56.013884Z[0m [32m INFO[0m [2mmoq_test_client::scenarios[0m[2m:[0m SETUP exchange completed successfully
ok 1 - setup-only
  ---
  duration_ms: 191
  connection_id: d3057e6c122688b6358d6d935aaf39c8
  ...
[2m2026-08-20T00:29:56.014857Z[0m [32m INFO[0m [2mmoq_native_ietf::quic[0m[2m:[0m UDP socket bound [3mbind[0m[2m=[0m[::]:0 [3mlocal[0m[2m=[0m[::]:38198 [3mdual_stack[0m[2m=[0mtrue
[2m2026-08-20T00:29:56.049772Z[0m [33m WARN[0m [2mweb_transport_quinn::session[0m[2m:[0m failed to read capsule [3me[0m[2m=[0mUnexpectedEnd
[2m2026-08-20T00:29:56.206052Z[0m [32m INFO[0m [2mmoq_test_client::scenarios[0m[2m:[0m Sending PUBLISH_NAMESPACE for: moq-test/interop
[2m2026-08-20T00:29:58.206936Z[0m [32m INFO[0m [2mmoq_test_client::scenarios[0m[2m:[0m PUBLISH_NAMESPACE succeeded (REQUEST_OK received, waiting for subscribers)
ok 2 - publish-namespace-only
  ---
  duration_ms: 2193
  connection_id: 138980921f1f5c1acfed62f222322aaa
  ...
[2m2026-08-20T00:29:58.207823Z[0m [32m INFO[0m [2mmoq_native_ietf::quic[0m[2m:[0m UDP socket bound [3mbind[0m[2m=[0m[::]:0 [3mlocal[0m[2m=[0m[::]:42646 [3mdual_stack[0m[2m=[0mtrue
[2m2026-08-20T00:29:58.243211Z[0m [33m WARN[0m [2mweb_transport_quinn::session[0m[2m:[0m failed to read capsule [3me[0m[2m=[0mUnexpectedEnd
[2m2026-08-20T00:29:58.417429Z[0m [32m INFO[0m [2mmoq_test_client::scenarios[0m[2m:[0m Subscribing to non-existent track: nonexistent/namespace/test-track
[2m2026-08-20T00:29:58.454036Z[0m [33m WARN[0m [2mmoq_transport::serve::error[0m[2m:[0m [16161a9e-249d-45d3-8b2e-9820f780ae81] Not found: not found: Track not found [error:5e3dc807-63e7-4205-9dcc-14f82fb05ebe] at moq-transport/src/session/subscriber.rs:483
[2m2026-08-20T00:29:58.454086Z[0m [32m INFO[0m [2mmoq_test_client::scenarios[0m[2m:[0m Got expected 'not found' error: not found: Track not found [error:16161a9e-249d-45d3-8b2e-9820f780ae81]
ok 3 - subscribe-error
  ---
  duration_ms: 247
  connection_id: e06c48900258657d84b4a08f86a57de1
  ...
[2m2026-08-20T00:29:58.455307Z[0m [32m INFO[0m [2mmoq_native_ietf::quic[0m[2m:[0m UDP socket bound [3mbind[0m[2m=[0m[::]:0 [3mlocal[0m[2m=[0m[::]:36183 [3mdual_stack[0m[2m=[0mtrue
[2m2026-08-20T00:29:58.489947Z[0m [33m WARN[0m [2mweb_transport_quinn::session[0m[2m:[0m failed to read capsule [3me[0m[2m=[0mUnexpectedEnd
[2m2026-08-20T00:29:58.642063Z[0m [32m INFO[0m [2mmoq_native_ietf::quic[0m[2m:[0m UDP socket bound [3mbind[0m[2m=[0m[::]:0 [3mlocal[0m[2m=[0m[::]:51225 [3mdual_stack[0m[2m=[0mtrue
[2m2026-08-20T00:29:58.880291Z[0m [32m INFO[0m [2mmoq_test_client::scenarios[0m[2m:[0m Publisher sending PUBLISH_NAMESPACE: moq-test/interop
[2m2026-08-20T00:29:58.880308Z[0m [32m INFO[0m [2mmoq_test_client::scenarios[0m[2m:[0m Subscriber subscribing to track: moq-test/interop/test-track
[2m2026-08-20T00:30:01.881866Z[0m [32m INFO[0m [2mmoq_test_client::scenarios[0m[2m:[0m Test timeout reached - subscription routing may still be in progress
ok 4 - publish-namespace-subscribe
  ---
  duration_ms: 3427
  publisher_connection_id: bba4cd9459c2b1401ef1d7f97d493291
  subscriber_connection_id: 2152d382e4262b69b7fbe6226efd5ec5
  ...
[2m2026-08-20T00:30:01.882845Z[0m [32m INFO[0m [2mmoq_native_ietf::quic[0m[2m:[0m UDP socket bound [3mbind[0m[2m=[0m[::]:0 [3mlocal[0m[2m=[0m[::]:49218 [3mdual_stack[0m[2m=[0mtrue
[2m2026-08-20T00:30:01.917269Z[0m [33m WARN[0m [2mweb_transport_quinn::session[0m[2m:[0m failed to read capsule [3me[0m[2m=[0mUnexpectedEnd
[2m2026-08-20T00:30:01.918525Z[0m [33m WARN[0m [2mweb_transport_quinn::session[0m[2m:[0m failed to read capsule [3me[0m[2m=[0mUnexpectedEnd
[2m2026-08-20T00:30:02.124680Z[0m [32m INFO[0m [2mmoq_test_client::scenarios[0m[2m:[0m Subscriber subscribing BEFORE PUBLISH_NAMESPACE: moq-test/interop/test-track
[2m2026-08-20T00:30:02.161018Z[0m [33m WARN[0m [2mmoq_transport::serve::error[0m[2m:[0m [f87bff76-da92-4111-969d-30cdfc1941dc] Not found: not found: Track not found [error:a4912300-9ea0-4fd1-a92e-a03082c7ab1e] at moq-transport/src/session/subscriber.rs:483
[2m2026-08-20T00:30:02.195986Z[0m [33m WARN[0m [2mweb_transport_quinn::session[0m[2m:[0m failed to read capsule [3me[0m[2m=[0mUnexpectedEnd
[2m2026-08-20T00:30:02.627205Z[0m [32m INFO[0m [2mmoq_native_ietf::quic[0m[2m:[0m UDP socket bound [3mbind[0m[2m=[0m[::]:0 [3mlocal[0m[2m=[0m[::]:39100 [3mdual_stack[0m[2m=[0mtrue
[2m2026-08-20T00:30:02.986395Z[0m [32m INFO[0m [2mmoq_test_client::scenarios[0m[2m:[0m Publisher sending PUBLISH_NAMESPACE (after subscriber): moq-test/interop
[2m2026-08-20T00:30:05.986750Z[0m [32m INFO[0m [2mmoq_test_client::scenarios[0m[2m:[0m Publisher PUBLISH_NAMESPACE timeout (expected)
[2m2026-08-20T00:30:05.986771Z[0m [32m INFO[0m [2mmoq_test_client::scenarios[0m[2m:[0m Subscriber got error: not found: Track not found [error:f87bff76-da92-4111-969d-30cdfc1941dc] (may be expected)
ok 5 - subscribe-before-publish-namespace
  ---
  duration_ms: 4104
  subscriber_connection_id: 50454ebab94ee25ea36ad48df432a179
  publisher_connection_id: 55b93f93b164ead6f2e2963e8be93857
  ...
[2m2026-08-20T00:30:05.987727Z[0m [32m INFO[0m [2mmoq_native_ietf::quic[0m[2m:[0m UDP socket bound [3mbind[0m[2m=[0m[::]:0 [3mlocal[0m[2m=[0m[::]:55965 [3mdual_stack[0m[2m=[0mtrue
[2m2026-08-20T00:30:06.176128Z[0m [32m INFO[0m [2mmoq_test_client::scenarios[0m[2m:[0m Sending PUBLISH_NAMESPACE: moq-test/interop
[2m2026-08-20T00:30:08.177537Z[0m [32m INFO[0m [2mmoq_test_client::scenarios[0m[2m:[0m PUBLISH_NAMESPACE active; sending PUBLISH_NAMESPACE_DONE
[2m2026-08-20T00:30:08.278901Z[0m [32m INFO[0m [2mmoq_test_client::scenarios[0m[2m:[0m PUBLISH_NAMESPACE_DONE sent successfully
ok 6 - publish-namespace-done
  ---
  duration_ms: 2291
  connection_id: 343eaf956b8443cd13640cdfa17421b9
  ...
make[1]: Leaving directory '/home/runner/work/moq-interop-runner/moq-interop-runner/main'
