make[1]: Entering directory '/home/runner/work/moq-interop-runner/moq-interop-runner/main'
Running tests against moqt://draft-18-interop.cloudflare.mediaoverquic.com:443...
  Client: ghcr.io/englishm/moq-interop-runner-moq-test-client-draft-18:latest
docker run --rm \
	 \
	--network host \
	-e RELAY_URL=moqt://draft-18-interop.cloudflare.mediaoverquic.com:443 \
	-e TLS_DISABLE_VERIFY=false \
	ghcr.io/englishm/moq-interop-runner-moq-test-client-draft-18:latest
TAP version 14
# moq-test-client v0.1.10
# Relay: moqt://draft-18-interop.cloudflare.mediaoverquic.com:443
1..6
[2m2026-08-20T00:29:43.622086Z[0m [32m INFO[0m [2mmoq_native_ietf::quic[0m[2m:[0m UDP socket bound [3mbind[0m[2m=[0m[::]:0 [3mlocal[0m[2m=[0m[::]:44147 [3mdual_stack[0m[2m=[0mtrue
[2m2026-08-20T00:29:43.841624Z[0m [32m INFO[0m [2mmoq_test_client::scenarios[0m[2m:[0m SETUP exchange completed successfully
ok 1 - setup-only
  ---
  duration_ms: 220
  connection_id: fc5cfa11273c1ca64c64568bfb0ecbd8
  ...
[2m2026-08-20T00:29:43.842663Z[0m [32m INFO[0m [2mmoq_native_ietf::quic[0m[2m:[0m UDP socket bound [3mbind[0m[2m=[0m[::]:0 [3mlocal[0m[2m=[0m[::]:45521 [3mdual_stack[0m[2m=[0mtrue
[2m2026-08-20T00:29:44.006642Z[0m [32m INFO[0m [2mmoq_test_client::scenarios[0m[2m:[0m Sending PUBLISH_NAMESPACE for: moq-test/interop
[2m2026-08-20T00:29:46.007553Z[0m [32m INFO[0m [2mmoq_test_client::scenarios[0m[2m:[0m PUBLISH_NAMESPACE succeeded (REQUEST_OK received, waiting for subscribers)
ok 2 - publish-namespace-only
  ---
  duration_ms: 2166
  connection_id: 36c7534b3283d710fdfb359a058d0cb7
  ...
[2m2026-08-20T00:29:46.008758Z[0m [32m INFO[0m [2mmoq_native_ietf::quic[0m[2m:[0m UDP socket bound [3mbind[0m[2m=[0m[::]:0 [3mlocal[0m[2m=[0m[::]:37396 [3mdual_stack[0m[2m=[0mtrue
[2m2026-08-20T00:29:46.171190Z[0m [32m INFO[0m [2mmoq_test_client::scenarios[0m[2m:[0m Subscribing to non-existent track: nonexistent/namespace/test-track
[2m2026-08-20T00:29:46.208104Z[0m [33m WARN[0m [2mmoq_transport::serve::error[0m[2m:[0m [544d26f4-29d9-411e-a2b5-ad5405701990] Not found: not found: Track not found [error:c10d0a47-ccd4-404f-985a-deb844ffeb40] at moq-transport/src/session/subscriber.rs:483
[2m2026-08-20T00:29:46.208144Z[0m [32m INFO[0m [2mmoq_test_client::scenarios[0m[2m:[0m Got expected 'not found' error: not found: Track not found [error:544d26f4-29d9-411e-a2b5-ad5405701990]
ok 3 - subscribe-error
  ---
  duration_ms: 200
  connection_id: f4df486dc460b8f8adcd5104aa329338
  ...
[2m2026-08-20T00:29:46.209017Z[0m [32m INFO[0m [2mmoq_native_ietf::quic[0m[2m:[0m UDP socket bound [3mbind[0m[2m=[0m[::]:0 [3mlocal[0m[2m=[0m[::]:39595 [3mdual_stack[0m[2m=[0mtrue
[2m2026-08-20T00:29:46.482239Z[0m [32m INFO[0m [2mmoq_native_ietf::quic[0m[2m:[0m UDP socket bound [3mbind[0m[2m=[0m[::]:0 [3mlocal[0m[2m=[0m[::]:36758 [3mdual_stack[0m[2m=[0mtrue
[2m2026-08-20T00:29:46.667081Z[0m [32m INFO[0m [2mmoq_test_client::scenarios[0m[2m:[0m Publisher sending PUBLISH_NAMESPACE: moq-test/interop
[2m2026-08-20T00:29:46.667104Z[0m [32m INFO[0m [2mmoq_test_client::scenarios[0m[2m:[0m Subscriber subscribing to track: moq-test/interop/test-track
[2m2026-08-20T00:29:49.669101Z[0m [32m INFO[0m [2mmoq_test_client::scenarios[0m[2m:[0m Test timeout reached - subscription routing may still be in progress
ok 4 - publish-namespace-subscribe
  ---
  duration_ms: 3461
  publisher_connection_id: 62a8fa1083abd5d07d5b3c4b61d469ff
  subscriber_connection_id: 6800b5c9ff8c47f10475d4bd2d1b44eb
  ...
[2m2026-08-20T00:29:49.670144Z[0m [32m INFO[0m [2mmoq_native_ietf::quic[0m[2m:[0m UDP socket bound [3mbind[0m[2m=[0m[::]:0 [3mlocal[0m[2m=[0m[::]:59607 [3mdual_stack[0m[2m=[0mtrue
[2m2026-08-20T00:29:49.810579Z[0m [32m INFO[0m [2mmoq_test_client::scenarios[0m[2m:[0m Subscriber subscribing BEFORE PUBLISH_NAMESPACE: moq-test/interop/test-track
[2m2026-08-20T00:29:49.848313Z[0m [33m WARN[0m [2mmoq_transport::serve::error[0m[2m:[0m [a2dd5d3b-c2ee-4ce2-813e-9cb6f062c460] Not found: not found: Track not found [error:8c948257-4f29-432d-b512-7beea91d8837] at moq-transport/src/session/subscriber.rs:483
[2m2026-08-20T00:29:50.312636Z[0m [32m INFO[0m [2mmoq_native_ietf::quic[0m[2m:[0m UDP socket bound [3mbind[0m[2m=[0m[::]:0 [3mlocal[0m[2m=[0m[::]:48207 [3mdual_stack[0m[2m=[0mtrue
[2m2026-08-20T00:29:50.451230Z[0m [32m INFO[0m [2mmoq_test_client::scenarios[0m[2m:[0m Publisher sending PUBLISH_NAMESPACE (after subscriber): moq-test/interop
[2m2026-08-20T00:29:53.452837Z[0m [32m INFO[0m [2mmoq_test_client::scenarios[0m[2m:[0m Publisher PUBLISH_NAMESPACE timeout (expected)
[2m2026-08-20T00:29:53.452858Z[0m [32m INFO[0m [2mmoq_test_client::scenarios[0m[2m:[0m Subscriber got error: not found: Track not found [error:a2dd5d3b-c2ee-4ce2-813e-9cb6f062c460] (may be expected)
ok 5 - subscribe-before-publish-namespace
  ---
  duration_ms: 3783
  subscriber_connection_id: 69e73fdeaa0c26f705da446c0284fa65
  publisher_connection_id: 9211b0a2ac177847abe61bd543d40231
  ...
[2m2026-08-20T00:29:53.453744Z[0m [32m INFO[0m [2mmoq_native_ietf::quic[0m[2m:[0m UDP socket bound [3mbind[0m[2m=[0m[::]:0 [3mlocal[0m[2m=[0m[::]:36493 [3mdual_stack[0m[2m=[0mtrue
[2m2026-08-20T00:29:53.568202Z[0m [32m INFO[0m [2mmoq_test_client::scenarios[0m[2m:[0m Sending PUBLISH_NAMESPACE: moq-test/interop
[2m2026-08-20T00:29:55.569319Z[0m [32m INFO[0m [2mmoq_test_client::scenarios[0m[2m:[0m PUBLISH_NAMESPACE active; sending PUBLISH_NAMESPACE_DONE
[2m2026-08-20T00:29:55.670230Z[0m [32m INFO[0m [2mmoq_test_client::scenarios[0m[2m:[0m PUBLISH_NAMESPACE_DONE sent successfully
ok 6 - publish-namespace-done
  ---
  duration_ms: 2217
  connection_id: 313d85a62c90d299fb97fe29e1b42605
  ...
make[1]: Leaving directory '/home/runner/work/moq-interop-runner/moq-interop-runner/main'
