make[1]: Entering directory '/home/runner/work/moq-interop-runner/moq-interop-runner/main'
Running tests against https://us-west-2.relay.quicr.org:33437/relay...
  Client: ghcr.io/openmoq/moqx-interop-client:latest
docker run --rm \
	 \
	--network host \
	-e RELAY_URL=https://us-west-2.relay.quicr.org:33437/relay \
	-e TLS_DISABLE_VERIFY=1 \
	ghcr.io/openmoq/moqx-interop-client:latest
TAP version 14
# moxygen interop test client
# Relay: https://us-west-2.relay.quicr.org:33437/relay
# Transport: WebTransport
1..6
W0820 01:10:00.486444     1 MoQWebTransportClient.cpp:175] WebTransport: No WT-Protocol header in response, will use legacy version negotiation
E0820 01:10:00.499791     1 MoQFramer.cpp:1140] Server selected version draft-1 but we only offer draft-14 in legacy mode
E0820 01:10:00.499810     1 MoQCodec.cpp:126] Conn error=21
E0820 01:10:00.499815     1 MoQSession.cpp:5430] MoQCodec control stream parse error err=21
not ok 1 - setup-only
  ---
  duration_ms: 281
  error: coroutine operation cancelled
  ...
W0820 01:10:00.732561     1 MoQWebTransportClient.cpp:175] WebTransport: No WT-Protocol header in response, will use legacy version negotiation
E0820 01:10:00.745357     1 MoQFramer.cpp:1140] Server selected version draft-1 but we only offer draft-14 in legacy mode
E0820 01:10:00.745375     1 MoQCodec.cpp:126] Conn error=21
E0820 01:10:00.745380     1 MoQSession.cpp:5430] MoQCodec control stream parse error err=21
not ok 2 - announce-only
  ---
  duration_ms: 245
  error: coroutine operation cancelled
  ...
W0820 01:10:00.838971     1 MoQWebTransportClient.cpp:175] WebTransport: No WT-Protocol header in response, will use legacy version negotiation
E0820 01:10:00.852040     1 MoQFramer.cpp:1140] Server selected version draft-1 but we only offer draft-14 in legacy mode
E0820 01:10:00.852054     1 MoQCodec.cpp:126] Conn error=21
E0820 01:10:00.852058     1 MoQSession.cpp:5430] MoQCodec control stream parse error err=21
not ok 3 - subscribe-error
  ---
  duration_ms: 106
  error: coroutine operation cancelled
  ...
W0820 01:10:01.058190     1 MoQWebTransportClient.cpp:175] WebTransport: No WT-Protocol header in response, will use legacy version negotiation
E0820 01:10:01.071360     1 MoQFramer.cpp:1140] Server selected version draft-1 but we only offer draft-14 in legacy mode
E0820 01:10:01.071378     1 MoQCodec.cpp:126] Conn error=21
E0820 01:10:01.071385     1 MoQSession.cpp:5430] MoQCodec control stream parse error err=21
not ok 4 - announce-subscribe
  ---
  duration_ms: 219
  error: coroutine operation cancelled
  ...
W0820 01:10:01.297356     1 MoQWebTransportClient.cpp:175] WebTransport: No WT-Protocol header in response, will use legacy version negotiation
E0820 01:10:01.310569     1 MoQFramer.cpp:1140] Server selected version draft-1 but we only offer draft-14 in legacy mode
E0820 01:10:01.310586     1 MoQCodec.cpp:126] Conn error=21
E0820 01:10:01.310593     1 MoQSession.cpp:5430] MoQCodec control stream parse error err=21
not ok 5 - publish-namespace-done
  ---
  duration_ms: 239
  error: coroutine operation cancelled
  ...
W0820 01:10:01.345003     1 MoQWebTransportClient.cpp:175] WebTransport: No WT-Protocol header in response, will use legacy version negotiation
E0820 01:10:01.358206     1 MoQFramer.cpp:1140] Server selected version draft-1 but we only offer draft-14 in legacy mode
E0820 01:10:01.358222     1 MoQCodec.cpp:126] Conn error=21
E0820 01:10:01.358228     1 MoQSession.cpp:5430] MoQCodec control stream parse error err=21
not ok 6 - subscribe-before-announce
  ---
  duration_ms: 47
  error: coroutine operation cancelled
  ...
make[1]: *** [Makefile:122: test-external] Error 1
make[1]: Leaving directory '/home/runner/work/moq-interop-runner/moq-interop-runner/main'
