make[1]: Entering directory '/home/runner/work/moq-interop-runner/moq-interop-runner/main'
Running tests against https://fb.mvfst.net:9448/moq-relay...
  Client: ghcr.io/englishm/moq-interop-runner-moq-test-client-draft-16:latest
docker run --rm \
	 \
	--network host \
	-e RELAY_URL=https://fb.mvfst.net:9448/moq-relay \
	-e TLS_DISABLE_VERIFY=1 \
	ghcr.io/englishm/moq-interop-runner-moq-test-client-draft-16:latest
TAP version 14
# moq-test-client v0.1.0
# Relay: https://fb.mvfst.net:9448/moq-relay
1..6
ok 1 - setup-only
  ---
  duration_ms: 153
  connection_id: 7a4dc9775a0891e2379e35081851ba66
  ...
ok 2 - announce-only
  ---
  duration_ms: 2150
  connection_id: 47b35948a19167b448bfe7a11b104273
  ...
ok 3 - subscribe-error
  ---
  duration_ms: 258
  connection_id: 6537245de463ab2ddaefc0e1d90fce25
  ...
not ok 4 - announce-subscribe
  ---
  duration_ms: 416
  message: "publisher session error: webtransport error: read error: RESET_STREAM: 386759528: read error: RESET_STREAM: 386759528"
  ...
ok 5 - subscribe-before-announce
  ---
  duration_ms: 3733
  subscriber_connection_id: 16f781d8e46ea2b9b84670b9f3738243
  publisher_connection_id: 5cfabb3780c6fffc2e9ab77e410ae1e7
  ...
ok 6 - publish-namespace-done
  ---
  duration_ms: 2257
  connection_id: dff16e03f803e2048aa25ff65b07d8d8
  ...
make[1]: *** [Makefile:122: test-external] Error 1
make[1]: Leaving directory '/home/runner/work/moq-interop-runner/moq-interop-runner/main'
