make[1]: Entering directory '/home/runner/work/moq-interop-runner/moq-interop-runner/main'
Running tests against https://moqx-main.ci.openmoq.org:4433/moq-relay...
  Client: ghcr.io/englishm/moq-interop-runner-moq-test-client-draft-16:latest
docker run --rm \
	 \
	--network host \
	-e RELAY_URL=https://moqx-main.ci.openmoq.org:4433/moq-relay \
	-e TLS_DISABLE_VERIFY=false \
	ghcr.io/englishm/moq-interop-runner-moq-test-client-draft-16:latest
TAP version 14
# moq-test-client v0.1.0
# Relay: https://moqx-main.ci.openmoq.org:4433/moq-relay
1..6
ok 1 - setup-only
  ---
  duration_ms: 665
  connection_id: 90f0da95ab1fbd769288d4194031cc9f
  ...
ok 2 - announce-only
  ---
  duration_ms: 2306
  connection_id: 2a751ef80add837e7f7e2fa712f28496
  ...
ok 3 - subscribe-error
  ---
  duration_ms: 307
  connection_id: 17c5492eb106b882ea3cd0747292f9d4
  ...
ok 4 - announce-subscribe
  ---
  duration_ms: 3268
  publisher_connection_id: 80ca65866d9bb75ff367963d6df548d2
  subscriber_connection_id: ea61fcfd70ee4acf3e9946eaa1021d58
  ...
ok 5 - subscribe-before-announce
  ---
  duration_ms: 4915
  subscriber_connection_id: d290ffadb455f4ff8aee52d1cd6da723
  publisher_connection_id: f9bbe7239679aca1c2020649c84887e2
  ...
ok 6 - publish-namespace-done
  ---
  duration_ms: 2341
  connection_id: 4395c4f909592b5a113e387131b0cad1
  ...
make[1]: Leaving directory '/home/runner/work/moq-interop-runner/moq-interop-runner/main'
