make[1]: Entering directory '/home/runner/work/moq-interop-runner/moq-interop-runner/main'
Running tests against moqt://draft-18-interop.cloudflare.mediaoverquic.com:443...
  Client: ghcr.io/englishm/moq-interop-runner-moq-test-client-draft-18:latest
docker run --rm \
	 \
	--network host \
	-e RELAY_URL=moqt://draft-18-interop.cloudflare.mediaoverquic.com:443 \
	-e TLS_DISABLE_VERIFY=false \
	ghcr.io/englishm/moq-interop-runner-moq-test-client-draft-18:latest
TAP version 14
# moq-test-client v0.1.10
# Relay: moqt://draft-18-interop.cloudflare.mediaoverquic.com:443
1..6
[2m2026-07-25T01:02:41.296688Z[0m [32m INFO[0m [2mmoq_native_ietf::quic[0m[2m:[0m UDP socket bound [3mbind[0m[2m=[0m[::]:0 [3mlocal[0m[2m=[0m[::]:37415 [3mdual_stack[0m[2m=[0mtrue
[2m2026-07-25T01:02:41.610140Z[0m [32m INFO[0m [2mmoq_test_client::scenarios[0m[2m:[0m SETUP exchange completed successfully
ok 1 - setup-only
  ---
  duration_ms: 314
  connection_id: 748546c6161f3809181fb5660154662f
  ...
[2m2026-07-25T01:02:41.611037Z[0m [32m INFO[0m [2mmoq_native_ietf::quic[0m[2m:[0m UDP socket bound [3mbind[0m[2m=[0m[::]:0 [3mlocal[0m[2m=[0m[::]:41177 [3mdual_stack[0m[2m=[0mtrue
[2m2026-07-25T01:02:41.854321Z[0m [32m INFO[0m [2mmoq_test_client::scenarios[0m[2m:[0m Sending PUBLISH_NAMESPACE for: moq-test/interop
[2m2026-07-25T01:02:43.857077Z[0m [32m INFO[0m [2mmoq_test_client::scenarios[0m[2m:[0m PUBLISH_NAMESPACE succeeded (REQUEST_OK received, waiting for subscribers)
ok 2 - publish-namespace-only
  ---
  duration_ms: 2246
  connection_id: 7c6dcc2bbfaba12fc32557207e2a502e
  ...
[2m2026-07-25T01:02:43.857908Z[0m [32m INFO[0m [2mmoq_native_ietf::quic[0m[2m:[0m UDP socket bound [3mbind[0m[2m=[0m[::]:0 [3mlocal[0m[2m=[0m[::]:59218 [3mdual_stack[0m[2m=[0mtrue
[2m2026-07-25T01:02:44.141643Z[0m [32m INFO[0m [2mmoq_test_client::scenarios[0m[2m:[0m Subscribing to non-existent track: nonexistent/namespace/test-track
[2m2026-07-25T01:02:44.186467Z[0m [33m WARN[0m [2mmoq_transport::serve::error[0m[2m:[0m [be5380c2-e44f-4b61-a2e6-e28715150b65] Not found: not found: Track not found [error:2342f68f-896b-4716-935b-4fdbe74ccd2d] at moq-transport/src/session/subscriber.rs:483
[2m2026-07-25T01:02:44.186526Z[0m [32m INFO[0m [2mmoq_test_client::scenarios[0m[2m:[0m Got expected 'not found' error: not found: Track not found [error:be5380c2-e44f-4b61-a2e6-e28715150b65]
ok 3 - subscribe-error
  ---
  duration_ms: 329
  connection_id: 2bc051731f45ba12a2431106f8df8abf
  ...
[2m2026-07-25T01:02:44.187436Z[0m [32m INFO[0m [2mmoq_native_ietf::quic[0m[2m:[0m UDP socket bound [3mbind[0m[2m=[0m[::]:0 [3mlocal[0m[2m=[0m[::]:57144 [3mdual_stack[0m[2m=[0mtrue
[2m2026-07-25T01:02:44.356074Z[0m [32m INFO[0m [2mmoq_native_ietf::quic[0m[2m:[0m UDP socket bound [3mbind[0m[2m=[0m[::]:0 [3mlocal[0m[2m=[0m[::]:39055 [3mdual_stack[0m[2m=[0mtrue
[2m2026-07-25T01:02:44.572710Z[0m [32m INFO[0m [2mmoq_test_client::scenarios[0m[2m:[0m Publisher sending PUBLISH_NAMESPACE: moq-test/interop
[2m2026-07-25T01:02:44.572731Z[0m [32m INFO[0m [2mmoq_test_client::scenarios[0m[2m:[0m Subscriber subscribing to track: moq-test/interop/test-track
[2m2026-07-25T01:02:47.574596Z[0m [32m INFO[0m [2mmoq_test_client::scenarios[0m[2m:[0m Test timeout reached - subscription routing may still be in progress
ok 4 - publish-namespace-subscribe
  ---
  duration_ms: 3388
  publisher_connection_id: df586b5d495e9e006ddc6bcad723f5f6
  subscriber_connection_id: fc80fc8b0ca57d01b4dd33b5bf957490
  ...
[2m2026-07-25T01:02:47.575376Z[0m [32m INFO[0m [2mmoq_native_ietf::quic[0m[2m:[0m UDP socket bound [3mbind[0m[2m=[0m[::]:0 [3mlocal[0m[2m=[0m[::]:60399 [3mdual_stack[0m[2m=[0mtrue
[2m2026-07-25T01:02:47.740963Z[0m [32m INFO[0m [2mmoq_test_client::scenarios[0m[2m:[0m Subscriber subscribing BEFORE PUBLISH_NAMESPACE: moq-test/interop/test-track
[2m2026-07-25T01:02:47.784288Z[0m [33m WARN[0m [2mmoq_transport::serve::error[0m[2m:[0m [c96802d6-647f-46b8-a9ab-8fd3ca988759] Not found: not found: Track not found [error:a23a26ab-19db-464b-b7de-dd852b10f14f] at moq-transport/src/session/subscriber.rs:483
[2m2026-07-25T01:02:48.242743Z[0m [32m INFO[0m [2mmoq_native_ietf::quic[0m[2m:[0m UDP socket bound [3mbind[0m[2m=[0m[::]:0 [3mlocal[0m[2m=[0m[::]:40446 [3mdual_stack[0m[2m=[0mtrue
[2m2026-07-25T01:02:48.409770Z[0m [32m INFO[0m [2mmoq_test_client::scenarios[0m[2m:[0m Publisher sending PUBLISH_NAMESPACE (after subscriber): moq-test/interop
[2m2026-07-25T01:02:51.410904Z[0m [32m INFO[0m [2mmoq_test_client::scenarios[0m[2m:[0m Publisher PUBLISH_NAMESPACE timeout (expected)
[2m2026-07-25T01:02:51.410928Z[0m [32m INFO[0m [2mmoq_test_client::scenarios[0m[2m:[0m Subscriber got error: not found: Track not found [error:c96802d6-647f-46b8-a9ab-8fd3ca988759] (may be expected)
ok 5 - subscribe-before-publish-namespace
  ---
  duration_ms: 3836
  subscriber_connection_id: 2da6d62d90ae96fe3b389f39ea6ddc87
  publisher_connection_id: 4d24da549413b1de76dca1719fd78b0f
  ...
[2m2026-07-25T01:02:51.411706Z[0m [32m INFO[0m [2mmoq_native_ietf::quic[0m[2m:[0m UDP socket bound [3mbind[0m[2m=[0m[::]:0 [3mlocal[0m[2m=[0m[::]:50087 [3mdual_stack[0m[2m=[0mtrue
[2m2026-07-25T01:02:51.702563Z[0m [32m INFO[0m [2mmoq_test_client::scenarios[0m[2m:[0m Sending PUBLISH_NAMESPACE: moq-test/interop
[2m2026-07-25T01:02:53.704551Z[0m [32m INFO[0m [2mmoq_test_client::scenarios[0m[2m:[0m PUBLISH_NAMESPACE active; sending PUBLISH_NAMESPACE_DONE
[2m2026-07-25T01:02:53.806443Z[0m [32m INFO[0m [2mmoq_test_client::scenarios[0m[2m:[0m PUBLISH_NAMESPACE_DONE sent successfully
ok 6 - publish-namespace-done
  ---
  duration_ms: 2395
  connection_id: e9b71dfc2c1e815afd6d42942cc53590
  ...
make[1]: Leaving directory '/home/runner/work/moq-interop-runner/moq-interop-runner/main'
