make[1]: Entering directory '/home/runner/work/moq-interop-runner/moq-interop-runner/main'
Running tests against https://us-west-2.relay.quicr.org:33437/relay...
  Client: ghcr.io/openmoq/moqx-interop-client:latest
docker run --rm \
	 \
	--network host \
	-e RELAY_URL=https://us-west-2.relay.quicr.org:33437/relay \
	-e TLS_DISABLE_VERIFY=1 \
	ghcr.io/openmoq/moqx-interop-client:latest
TAP version 14
# moxygen interop test client
# Relay: https://us-west-2.relay.quicr.org:33437/relay
# Transport: WebTransport
1..6
W0725 01:42:02.943432     1 MoQWebTransportClient.cpp:175] WebTransport: No WT-Protocol header in response, will use legacy version negotiation
E0725 01:42:02.996062     1 MoQFramer.cpp:1139] Server selected version draft-1 but we only offer draft-14 in legacy mode
E0725 01:42:02.996087     1 MoQCodec.cpp:126] Conn error=21
E0725 01:42:02.996094     1 MoQSession.cpp:5296] MoQCodec control stream parse error err=21
not ok 1 - setup-only
  ---
  duration_ms: 387
  error: coroutine operation cancelled
  ...
W0725 01:42:03.372970     1 MoQWebTransportClient.cpp:175] WebTransport: No WT-Protocol header in response, will use legacy version negotiation
E0725 01:42:03.425160     1 MoQFramer.cpp:1139] Server selected version draft-1 but we only offer draft-14 in legacy mode
E0725 01:42:03.425182     1 MoQCodec.cpp:126] Conn error=21
E0725 01:42:03.425187     1 MoQSession.cpp:5296] MoQCodec control stream parse error err=21
not ok 2 - announce-only
  ---
  duration_ms: 428
  error: coroutine operation cancelled
  ...
W0725 01:42:03.745529     1 MoQWebTransportClient.cpp:175] WebTransport: No WT-Protocol header in response, will use legacy version negotiation
E0725 01:42:03.798363     1 MoQFramer.cpp:1139] Server selected version draft-1 but we only offer draft-14 in legacy mode
E0725 01:42:03.798384     1 MoQCodec.cpp:126] Conn error=21
E0725 01:42:03.798389     1 MoQSession.cpp:5296] MoQCodec control stream parse error err=21
not ok 3 - subscribe-error
  ---
  duration_ms: 372
  error: coroutine operation cancelled
  ...
W0725 01:42:03.907696     1 MoQWebTransportClient.cpp:175] WebTransport: No WT-Protocol header in response, will use legacy version negotiation
E0725 01:42:03.960775     1 MoQFramer.cpp:1139] Server selected version draft-1 but we only offer draft-14 in legacy mode
E0725 01:42:03.960798     1 MoQCodec.cpp:126] Conn error=21
E0725 01:42:03.960802     1 MoQSession.cpp:5296] MoQCodec control stream parse error err=21
not ok 4 - announce-subscribe
  ---
  duration_ms: 162
  error: coroutine operation cancelled
  ...
W0725 01:42:04.290685     1 MoQWebTransportClient.cpp:175] WebTransport: No WT-Protocol header in response, will use legacy version negotiation
E0725 01:42:04.343873     1 MoQFramer.cpp:1139] Server selected version draft-1 but we only offer draft-14 in legacy mode
E0725 01:42:04.343898     1 MoQCodec.cpp:126] Conn error=21
E0725 01:42:04.343903     1 MoQSession.cpp:5296] MoQCodec control stream parse error err=21
not ok 5 - publish-namespace-done
  ---
  duration_ms: 382
  error: coroutine operation cancelled
  ...
W0725 01:42:04.452956     1 MoQWebTransportClient.cpp:175] WebTransport: No WT-Protocol header in response, will use legacy version negotiation
E0725 01:42:04.506149     1 MoQFramer.cpp:1139] Server selected version draft-1 but we only offer draft-14 in legacy mode
E0725 01:42:04.506170     1 MoQCodec.cpp:126] Conn error=21
E0725 01:42:04.506173     1 MoQSession.cpp:5296] MoQCodec control stream parse error err=21
not ok 6 - subscribe-before-announce
  ---
  duration_ms: 162
  error: coroutine operation cancelled
  ...
make[1]: *** [Makefile:122: test-external] Error 1
make[1]: Leaving directory '/home/runner/work/moq-interop-runner/moq-interop-runner/main'
