make[1]: Entering directory '/home/runner/work/moq-interop-runner/moq-interop-runner/main'
Running tests against moqt://us-west-2.relay.quicr.org:33437...
  Client: ghcr.io/facebookexperimental/moxygen-interop-client:latest-amd64
docker run --rm \
	 \
	--network host \
	-e RELAY_URL=moqt://us-west-2.relay.quicr.org:33437 \
	-e TLS_DISABLE_VERIFY=1 \
	ghcr.io/facebookexperimental/moxygen-interop-client:latest-amd64
TAP version 14
# moxygen interop test client
# Relay: moqt://us-west-2.relay.quicr.org:33437
# Transport: QUIC
1..6
ok 1 - setup-only
  ---
  duration_ms: 112
  info: SETUP exchange completed successfully
  ...
W0725 01:43:48.137939     1 MoQSession.cpp:5512] Issuing request that will fail; nextRequestID_=0 peerMaxRequestID_=0 sess=0x560670b2aa50
E0725 01:43:48.190972     1 MoQRelaySession.cpp:1116] PublishNamespaceDone for unknown publishNamespace, sess=0x560670b2aa50
ok 2 - announce-only
  ---
  duration_ms: 164
  info: PUBLISH_NAMESPACE completed successfully
  ...
W0725 01:43:48.305248     1 MoQSession.cpp:5512] Issuing request that will fail; nextRequestID_=0 peerMaxRequestID_=0 sess=0x560670b2a360
E0725 01:43:48.358124     1 MoQCodec.cpp:126] Conn error=3
E0725 01:43:48.358146     1 MoQSession.cpp:5296] MoQCodec control stream parse error err=3
ok 3 - subscribe-error
  ---
  duration_ms: 167
  info: Subscribe correctly returned error: Session closed
  ...
W0725 01:43:48.468516     1 MoQSession.cpp:5512] Issuing request that will fail; nextRequestID_=0 peerMaxRequestID_=0 sess=0x560670b471b0
W0725 01:43:49.084857     1 MoQSession.cpp:5512] Issuing request that will fail; nextRequestID_=0 peerMaxRequestID_=0 sess=0x560670ab54a0
E0725 01:43:49.137944     1 MoQCodec.cpp:126] Conn error=3
E0725 01:43:49.137961     1 MoQSession.cpp:5296] MoQCodec control stream parse error err=3
E0725 01:43:49.138069     1 MoQSession.cpp:5739] publishDone for invalid id=1 sess=0x560670b471b0
not ok 4 - announce-subscribe
  ---
  duration_ms: 779
  error: Subscribe failed: Session closed
  ...
W0725 01:43:49.332265     1 MoQSession.cpp:5512] Issuing request that will fail; nextRequestID_=0 peerMaxRequestID_=0 sess=0x560670b35cf0
ok 5 - publish-namespace-done
  ---
  duration_ms: 246
  info: PUBLISH_NAMESPACE_OK received, PUBLISH_NAMESPACE_DONE sent
  ...
W0725 01:43:49.495341     1 MoQSession.cpp:5512] Issuing request that will fail; nextRequestID_=0 peerMaxRequestID_=0 sess=0x560670b31430
E0725 01:43:49.547561     1 MoQCodec.cpp:126] Conn error=3
E0725 01:43:49.547583     1 MoQSession.cpp:5296] MoQCodec control stream parse error err=3
W0725 01:43:50.348193     1 MoQSession.cpp:5512] Issuing request that will fail; nextRequestID_=0 peerMaxRequestID_=0 sess=0x560670b3e270
ok 6 - subscribe-before-announce
  ---
  duration_ms: 1015
  info: Subscribe returned error (relay doesn't buffer pending subscriptions): Session closed
  ...
make[1]: *** [Makefile:122: test-external] Error 1
make[1]: Leaving directory '/home/runner/work/moq-interop-runner/moq-interop-runner/main'
