make[1]: Entering directory '/home/runner/work/moq-interop-runner/moq-interop-runner/main'
Running tests against https://us-west-2.relay.quicr.org:33437/relay...
  Client: ghcr.io/englishm/moq-interop-runner-moq-test-client-draft-16:latest
docker run --rm \
	 \
	--network host \
	-e RELAY_URL=https://us-west-2.relay.quicr.org:33437/relay \
	-e TLS_DISABLE_VERIFY=1 \
	ghcr.io/englishm/moq-interop-runner-moq-test-client-draft-16:latest
TAP version 14
# moq-test-client v0.1.0
# Relay: https://us-west-2.relay.quicr.org:33437/relay
1..6
ok 1 - setup-only
  ---
  duration_ms: 86
  connection_id: 607a51cb8f82dbdba66da27192392e1a
  ...
ok 2 - announce-only
  ---
  duration_ms: 2182
  connection_id: 1a13c5351a5dda072a2a33787a6ada1f
  ...
[2026-07-29T01:30:14Z ERROR moq_transport::session::reader] [READER] decode: ERROR decoding moq_transport::message::Message - InvalidMessage(1) (buffer_len=5)
not ok 3 - subscribe-error
  ---
  duration_ms: 205
  message: "session error: decode error: invalid message: 1: invalid message: 1"
  ...
not ok 4 - announce-subscribe
  ---
  duration_ms: 171
  message: "subscriber session error: decode error: invalid message: 1: invalid message: 1"
  ...
[2026-07-29T01:30:15Z ERROR moq_transport::session::reader] [READER] decode: ERROR decoding moq_transport::message::Message - InvalidMessage(1) (buffer_len=5)
[2026-07-29T01:30:15Z ERROR moq_transport::session::reader] [READER] decode: ERROR decoding moq_transport::message::Message - InvalidMessage(1) (buffer_len=5)
ok 5 - subscribe-before-announce
  ---
  duration_ms: 3659
  subscriber_connection_id: aae92e6143ceb96c7de1568d77b77c2c
  publisher_connection_id: 3e882d7946da81b0d797d2749920d6ff
  ...
ok 6 - publish-namespace-done
  ---
  duration_ms: 2197
  connection_id: 477c25382592e7b531a5885bfd062795
  ...
make[1]: *** [Makefile:122: test-external] Error 1
make[1]: Leaving directory '/home/runner/work/moq-interop-runner/moq-interop-runner/main'
