make[1]: Entering directory '/home/runner/work/moq-interop-runner/moq-interop-runner/main'
Running tests against moqt://draft-18-interop.cloudflare.mediaoverquic.com:443...
  Client: ghcr.io/englishm/moq-interop-runner-moq-test-client-draft-18:latest
docker run --rm \
	 \
	--network host \
	-e RELAY_URL=moqt://draft-18-interop.cloudflare.mediaoverquic.com:443 \
	-e TLS_DISABLE_VERIFY=false \
	ghcr.io/englishm/moq-interop-runner-moq-test-client-draft-18:latest
TAP version 14
# moq-test-client v0.1.10
# Relay: moqt://draft-18-interop.cloudflare.mediaoverquic.com:443
1..6
[2m2026-07-29T00:59:36.520892Z[0m [32m INFO[0m [2mmoq_native_ietf::quic[0m[2m:[0m UDP socket bound [3mbind[0m[2m=[0m[::]:0 [3mlocal[0m[2m=[0m[::]:46906 [3mdual_stack[0m[2m=[0mtrue
[2m2026-07-29T00:59:36.639878Z[0m [32m INFO[0m [2mmoq_test_client::scenarios[0m[2m:[0m SETUP exchange completed successfully
ok 1 - setup-only
  ---
  duration_ms: 119
  connection_id: eea17015774a98b32bcacd53c5b62c68
  ...
[2m2026-07-29T00:59:36.640945Z[0m [32m INFO[0m [2mmoq_native_ietf::quic[0m[2m:[0m UDP socket bound [3mbind[0m[2m=[0m[::]:0 [3mlocal[0m[2m=[0m[::]:38519 [3mdual_stack[0m[2m=[0mtrue
[2m2026-07-29T00:59:36.720863Z[0m [32m INFO[0m [2mmoq_test_client::scenarios[0m[2m:[0m Sending PUBLISH_NAMESPACE for: moq-test/interop
[2m2026-07-29T00:59:38.722839Z[0m [32m INFO[0m [2mmoq_test_client::scenarios[0m[2m:[0m PUBLISH_NAMESPACE succeeded (REQUEST_OK received, waiting for subscribers)
ok 2 - publish-namespace-only
  ---
  duration_ms: 2082
  connection_id: e159879ffa00acb324a29480a873a9b2
  ...
[2m2026-07-29T00:59:38.723689Z[0m [32m INFO[0m [2mmoq_native_ietf::quic[0m[2m:[0m UDP socket bound [3mbind[0m[2m=[0m[::]:0 [3mlocal[0m[2m=[0m[::]:47399 [3mdual_stack[0m[2m=[0mtrue
[2m2026-07-29T00:59:38.807509Z[0m [32m INFO[0m [2mmoq_test_client::scenarios[0m[2m:[0m Subscribing to non-existent track: nonexistent/namespace/test-track
[2m2026-07-29T00:59:38.823996Z[0m [33m WARN[0m [2mmoq_transport::serve::error[0m[2m:[0m [a201eaa9-0066-42cc-8f0c-1f122e4e649d] Not found: not found: Track not found [error:619f1f23-0473-4413-ad19-373889884306] at moq-transport/src/session/subscriber.rs:483
[2m2026-07-29T00:59:38.824044Z[0m [32m INFO[0m [2mmoq_test_client::scenarios[0m[2m:[0m Got expected 'not found' error: not found: Track not found [error:a201eaa9-0066-42cc-8f0c-1f122e4e649d]
ok 3 - subscribe-error
  ---
  duration_ms: 101
  connection_id: 7e61a2d2716df21903deb716dfb6a390
  ...
[2m2026-07-29T00:59:38.825074Z[0m [32m INFO[0m [2mmoq_native_ietf::quic[0m[2m:[0m UDP socket bound [3mbind[0m[2m=[0m[::]:0 [3mlocal[0m[2m=[0m[::]:46435 [3mdual_stack[0m[2m=[0mtrue
[2m2026-07-29T00:59:38.919910Z[0m [32m INFO[0m [2mmoq_native_ietf::quic[0m[2m:[0m UDP socket bound [3mbind[0m[2m=[0m[::]:0 [3mlocal[0m[2m=[0m[::]:44360 [3mdual_stack[0m[2m=[0mtrue
[2m2026-07-29T00:59:39.016229Z[0m [32m INFO[0m [2mmoq_test_client::scenarios[0m[2m:[0m Publisher sending PUBLISH_NAMESPACE: moq-test/interop
[2m2026-07-29T00:59:39.016246Z[0m [32m INFO[0m [2mmoq_test_client::scenarios[0m[2m:[0m Subscriber subscribing to track: moq-test/interop/test-track
[2m2026-07-29T00:59:42.017553Z[0m [32m INFO[0m [2mmoq_test_client::scenarios[0m[2m:[0m Test timeout reached - subscription routing may still be in progress
ok 4 - publish-namespace-subscribe
  ---
  duration_ms: 3193
  publisher_connection_id: ca130f3e97c04da8beb87da4e1305756
  subscriber_connection_id: 354b8103b2ef3b276f462bcff3c59acd
  ...
[2m2026-07-29T00:59:42.018673Z[0m [32m INFO[0m [2mmoq_native_ietf::quic[0m[2m:[0m UDP socket bound [3mbind[0m[2m=[0m[::]:0 [3mlocal[0m[2m=[0m[::]:40687 [3mdual_stack[0m[2m=[0mtrue
[2m2026-07-29T00:59:42.068410Z[0m [32m INFO[0m [2mmoq_test_client::scenarios[0m[2m:[0m Subscriber subscribing BEFORE PUBLISH_NAMESPACE: moq-test/interop/test-track
[2m2026-07-29T00:59:42.083881Z[0m [33m WARN[0m [2mmoq_transport::serve::error[0m[2m:[0m [6748580d-1b95-42e3-9f1d-d81ca9150e93] Not found: not found: Track not found [error:098fe37b-752d-41b1-b93a-9c222739cdc7] at moq-transport/src/session/subscriber.rs:483
[2m2026-07-29T00:59:42.569665Z[0m [32m INFO[0m [2mmoq_native_ietf::quic[0m[2m:[0m UDP socket bound [3mbind[0m[2m=[0m[::]:0 [3mlocal[0m[2m=[0m[::]:48216 [3mdual_stack[0m[2m=[0mtrue
[2m2026-07-29T00:59:42.649430Z[0m [32m INFO[0m [2mmoq_test_client::scenarios[0m[2m:[0m Publisher sending PUBLISH_NAMESPACE (after subscriber): moq-test/interop
[2m2026-07-29T00:59:45.651035Z[0m [32m INFO[0m [2mmoq_test_client::scenarios[0m[2m:[0m Publisher PUBLISH_NAMESPACE timeout (expected)
[2m2026-07-29T00:59:45.651055Z[0m [32m INFO[0m [2mmoq_test_client::scenarios[0m[2m:[0m Subscriber got error: not found: Track not found [error:6748580d-1b95-42e3-9f1d-d81ca9150e93] (may be expected)
ok 5 - subscribe-before-publish-namespace
  ---
  duration_ms: 3633
  subscriber_connection_id: c45111cf6b52d871abad6eb996ae2991
  publisher_connection_id: bd84cf35425899b3613a644b7ec4e436
  ...
[2m2026-07-29T00:59:45.652036Z[0m [32m INFO[0m [2mmoq_native_ietf::quic[0m[2m:[0m UDP socket bound [3mbind[0m[2m=[0m[::]:0 [3mlocal[0m[2m=[0m[::]:34930 [3mdual_stack[0m[2m=[0mtrue
[2m2026-07-29T00:59:45.704371Z[0m [32m INFO[0m [2mmoq_test_client::scenarios[0m[2m:[0m Sending PUBLISH_NAMESPACE: moq-test/interop
[2m2026-07-29T00:59:47.706041Z[0m [32m INFO[0m [2mmoq_test_client::scenarios[0m[2m:[0m PUBLISH_NAMESPACE active; sending PUBLISH_NAMESPACE_DONE
[2m2026-07-29T00:59:47.807173Z[0m [32m INFO[0m [2mmoq_test_client::scenarios[0m[2m:[0m PUBLISH_NAMESPACE_DONE sent successfully
ok 6 - publish-namespace-done
  ---
  duration_ms: 2156
  connection_id: 2f0d775ef4d2c7ff468572a200a06b03
  ...
make[1]: Leaving directory '/home/runner/work/moq-interop-runner/moq-interop-runner/main'
