make[1]: Entering directory '/home/runner/work/moq-interop-runner/moq-interop-runner/main'
Running tests against https://moqt.nokiaresearch.com:4443/moq...
  Client: ghcr.io/englishm/moq-interop-runner-moq-test-client-draft-18:latest
docker run --rm \
	 \
	--network host \
	-e RELAY_URL=https://moqt.nokiaresearch.com:4443/moq \
	-e TLS_DISABLE_VERIFY=false \
	ghcr.io/englishm/moq-interop-runner-moq-test-client-draft-18:latest
TAP version 14
# moq-test-client v0.1.10
# Relay: https://moqt.nokiaresearch.com:4443/moq
1..6
[2m2026-07-29T01:00:14.670110Z[0m [32m INFO[0m [2mmoq_native_ietf::quic[0m[2m:[0m UDP socket bound [3mbind[0m[2m=[0m[::]:0 [3mlocal[0m[2m=[0m[::]:38976 [3mdual_stack[0m[2m=[0mtrue
[2m2026-07-29T01:00:15.500693Z[0m [32m INFO[0m [2mmoq_test_client::scenarios[0m[2m:[0m SETUP exchange completed successfully
ok 1 - setup-only
  ---
  duration_ms: 831
  connection_id: 636d3fc8220e007c29b2edd8a8879a28
  ...
[2m2026-07-29T01:00:15.501662Z[0m [32m INFO[0m [2mmoq_native_ietf::quic[0m[2m:[0m UDP socket bound [3mbind[0m[2m=[0m[::]:0 [3mlocal[0m[2m=[0m[::]:34465 [3mdual_stack[0m[2m=[0mtrue
[2m2026-07-29T01:00:16.389354Z[0m [32m INFO[0m [2mmoq_test_client::scenarios[0m[2m:[0m Sending PUBLISH_NAMESPACE for: moq-test/interop
[2m2026-07-29T01:00:18.390331Z[0m [32m INFO[0m [2mmoq_test_client::scenarios[0m[2m:[0m PUBLISH_NAMESPACE succeeded (REQUEST_OK received, waiting for subscribers)
ok 2 - publish-namespace-only
  ---
  duration_ms: 2889
  connection_id: 6cc7ad630bb6ca292111e1eb23d8b906
  ...
[2m2026-07-29T01:00:18.391531Z[0m [32m INFO[0m [2mmoq_native_ietf::quic[0m[2m:[0m UDP socket bound [3mbind[0m[2m=[0m[::]:0 [3mlocal[0m[2m=[0m[::]:45617 [3mdual_stack[0m[2m=[0mtrue
[2m2026-07-29T01:00:19.208809Z[0m [32m INFO[0m [2mmoq_test_client::scenarios[0m[2m:[0m Subscribing to non-existent track: nonexistent/namespace/test-track
[2m2026-07-29T01:00:19.371604Z[0m [33m WARN[0m [2mmoq_transport::serve::error[0m[2m:[0m [e7631011-5d28-487c-b843-4ea274ab61e1] Not found: Track /nonexistent/namespace/test-track does not exist at moq-transport/src/session/subscriber.rs:483
[2m2026-07-29T01:00:19.371624Z[0m [33m WARN[0m [2mmoq_transport::session::reader[0m[2m:[0m [READER] decode: stream ended while waiting for data (have=0 bytes, need=1)
[2m2026-07-29T01:00:19.371655Z[0m [32m INFO[0m [2mmoq_test_client::scenarios[0m[2m:[0m Got expected 'not found' error: not found: Track not found [error:e7631011-5d28-487c-b843-4ea274ab61e1]
ok 3 - subscribe-error
  ---
  duration_ms: 981
  connection_id: 422dff2f86707b2023f1acbf866982b1
  ...
[2m2026-07-29T01:00:19.372761Z[0m [32m INFO[0m [2mmoq_native_ietf::quic[0m[2m:[0m UDP socket bound [3mbind[0m[2m=[0m[::]:0 [3mlocal[0m[2m=[0m[::]:57934 [3mdual_stack[0m[2m=[0mtrue
[2m2026-07-29T01:00:20.193023Z[0m [32m INFO[0m [2mmoq_native_ietf::quic[0m[2m:[0m UDP socket bound [3mbind[0m[2m=[0m[::]:0 [3mlocal[0m[2m=[0m[::]:40710 [3mdual_stack[0m[2m=[0mtrue
[2m2026-07-29T01:00:21.017275Z[0m [32m INFO[0m [2mmoq_test_client::scenarios[0m[2m:[0m Publisher sending PUBLISH_NAMESPACE: moq-test/interop
[2m2026-07-29T01:00:21.017298Z[0m [32m INFO[0m [2mmoq_test_client::scenarios[0m[2m:[0m Subscriber subscribing to track: moq-test/interop/test-track
[2m2026-07-29T01:00:21.180436Z[0m [33m WARN[0m [2mmoq_transport::session::reader[0m[2m:[0m [READER] decode: stream ended while waiting for data (have=0 bytes, need=1)
[2m2026-07-29T01:00:24.018711Z[0m [32m INFO[0m [2mmoq_test_client::scenarios[0m[2m:[0m Test timeout reached - subscription routing may still be in progress
ok 4 - publish-namespace-subscribe
  ---
  duration_ms: 4647
  publisher_connection_id: 8880babb77126725256e53f3b295f0cd
  subscriber_connection_id: 7af471fb42192cedc820dbb10fa7cdc4
  ...
[2m2026-07-29T01:00:24.019831Z[0m [32m INFO[0m [2mmoq_native_ietf::quic[0m[2m:[0m UDP socket bound [3mbind[0m[2m=[0m[::]:0 [3mlocal[0m[2m=[0m[::]:39083 [3mdual_stack[0m[2m=[0mtrue
[2m2026-07-29T01:00:24.985267Z[0m [32m INFO[0m [2mmoq_test_client::scenarios[0m[2m:[0m Subscriber subscribing BEFORE PUBLISH_NAMESPACE: moq-test/interop/test-track
[2m2026-07-29T01:00:25.144120Z[0m [33m WARN[0m [2mmoq_transport::serve::error[0m[2m:[0m [6b72511b-ed82-4e7b-85b5-4ce9522e1590] Not found: Track /moq-test/interop/test-track does not exist at moq-transport/src/session/subscriber.rs:483
[2m2026-07-29T01:00:25.144152Z[0m [33m WARN[0m [2mmoq_transport::session::reader[0m[2m:[0m [READER] decode: stream ended while waiting for data (have=0 bytes, need=1)
[2m2026-07-29T01:00:25.487257Z[0m [32m INFO[0m [2mmoq_native_ietf::quic[0m[2m:[0m UDP socket bound [3mbind[0m[2m=[0m[::]:0 [3mlocal[0m[2m=[0m[::]:46532 [3mdual_stack[0m[2m=[0mtrue
[2m2026-07-29T01:00:26.305898Z[0m [32m INFO[0m [2mmoq_test_client::scenarios[0m[2m:[0m Publisher sending PUBLISH_NAMESPACE (after subscriber): moq-test/interop
[2m2026-07-29T01:00:29.307113Z[0m [32m INFO[0m [2mmoq_test_client::scenarios[0m[2m:[0m Publisher PUBLISH_NAMESPACE timeout (expected)
[2m2026-07-29T01:00:29.307138Z[0m [32m INFO[0m [2mmoq_test_client::scenarios[0m[2m:[0m Subscriber got error: not found: Track not found [error:6b72511b-ed82-4e7b-85b5-4ce9522e1590] (may be expected)
ok 5 - subscribe-before-publish-namespace
  ---
  duration_ms: 5288
  subscriber_connection_id: 91eb404983c9a3159c0fd441212c6e98
  publisher_connection_id: 5ab27f398f83acaa9f7bb1e2c66e3883
  ...
[2m2026-07-29T01:00:29.308072Z[0m [32m INFO[0m [2mmoq_native_ietf::quic[0m[2m:[0m UDP socket bound [3mbind[0m[2m=[0m[::]:0 [3mlocal[0m[2m=[0m[::]:43320 [3mdual_stack[0m[2m=[0mtrue
[2m2026-07-29T01:00:30.150777Z[0m [32m INFO[0m [2mmoq_test_client::scenarios[0m[2m:[0m Sending PUBLISH_NAMESPACE: moq-test/interop
[2m2026-07-29T01:00:32.151726Z[0m [32m INFO[0m [2mmoq_test_client::scenarios[0m[2m:[0m PUBLISH_NAMESPACE active; sending PUBLISH_NAMESPACE_DONE
[2m2026-07-29T01:00:32.252288Z[0m [32m INFO[0m [2mmoq_test_client::scenarios[0m[2m:[0m PUBLISH_NAMESPACE_DONE sent successfully
ok 6 - publish-namespace-done
  ---
  duration_ms: 2945
  connection_id: 4cadb710a7eda1d86110a685ccdf9d1f
  ...
make[1]: Leaving directory '/home/runner/work/moq-interop-runner/moq-interop-runner/main'
