make[1]: Entering directory '/home/runner/work/moq-interop-runner/moq-interop-runner/main'
Running tests against https://moqx-main.ci.openmoq.org:4433/moq-relay...
  Client: ghcr.io/englishm/moq-interop-runner-moq-test-client-draft-18:latest
docker run --rm \
	 \
	--network host \
	-e RELAY_URL=https://moqx-main.ci.openmoq.org:4433/moq-relay \
	-e TLS_DISABLE_VERIFY=false \
	ghcr.io/englishm/moq-interop-runner-moq-test-client-draft-18:latest
TAP version 14
# moq-test-client v0.1.10
# Relay: https://moqx-main.ci.openmoq.org:4433/moq-relay
1..6
[2m2026-07-29T01:00:49.126002Z[0m [32m INFO[0m [2mmoq_native_ietf::quic[0m[2m:[0m UDP socket bound [3mbind[0m[2m=[0m[::]:0 [3mlocal[0m[2m=[0m[::]:56026 [3mdual_stack[0m[2m=[0mtrue
[2m2026-07-29T01:00:50.169069Z[0m [32m INFO[0m [2mmoq_test_client::scenarios[0m[2m:[0m SETUP exchange completed successfully
ok 1 - setup-only
  ---
  duration_ms: 1043
  connection_id: 370af2ec5127f7b733bfad0df962f25b
  ...
[2m2026-07-29T01:00:50.170080Z[0m [32m INFO[0m [2mmoq_native_ietf::quic[0m[2m:[0m UDP socket bound [3mbind[0m[2m=[0m[::]:0 [3mlocal[0m[2m=[0m[::]:52320 [3mdual_stack[0m[2m=[0mtrue
[2m2026-07-29T01:00:50.220067Z[0m [33m WARN[0m [2mweb_transport_quinn::session[0m[2m:[0m failed to read capsule [3me[0m[2m=[0mUnexpectedEnd
[2m2026-07-29T01:00:50.957316Z[0m [32m INFO[0m [2mmoq_test_client::scenarios[0m[2m:[0m Sending PUBLISH_NAMESPACE for: moq-test/interop
[2m2026-07-29T01:00:52.959044Z[0m [32m INFO[0m [2mmoq_test_client::scenarios[0m[2m:[0m PUBLISH_NAMESPACE succeeded (REQUEST_OK received, waiting for subscribers)
ok 2 - publish-namespace-only
  ---
  duration_ms: 2790
  connection_id: cc1b628e57e04fc1e7f832dbf17d8db3
  ...
[2m2026-07-29T01:00:52.960222Z[0m [32m INFO[0m [2mmoq_native_ietf::quic[0m[2m:[0m UDP socket bound [3mbind[0m[2m=[0m[::]:0 [3mlocal[0m[2m=[0m[::]:38726 [3mdual_stack[0m[2m=[0mtrue
[2m2026-07-29T01:00:53.007966Z[0m [33m WARN[0m [2mweb_transport_quinn::session[0m[2m:[0m failed to read capsule [3me[0m[2m=[0mUnexpectedEnd
[2m2026-07-29T01:00:53.177933Z[0m [32m INFO[0m [2mmoq_test_client::scenarios[0m[2m:[0m Subscribing to non-existent track: nonexistent/namespace/test-track
[2m2026-07-29T01:00:53.226718Z[0m [33m WARN[0m [2mmoq_transport::serve::error[0m[2m:[0m [7de240c4-ce5b-48be-b549-e60946134d8d] Not found: no such namespace or track at moq-transport/src/session/subscriber.rs:483
[2m2026-07-29T01:00:53.226737Z[0m [33m WARN[0m [2mmoq_transport::session::reader[0m[2m:[0m [READER] decode: stream ended while waiting for data (have=0 bytes, need=1)
[2m2026-07-29T01:00:53.226775Z[0m [32m INFO[0m [2mmoq_test_client::scenarios[0m[2m:[0m Got expected 'not found' error: not found: Track not found [error:7de240c4-ce5b-48be-b549-e60946134d8d]
ok 3 - subscribe-error
  ---
  duration_ms: 267
  connection_id: 2f681847936c378850aac9d4101df09b
  ...
[2m2026-07-29T01:00:53.227750Z[0m [32m INFO[0m [2mmoq_native_ietf::quic[0m[2m:[0m UDP socket bound [3mbind[0m[2m=[0m[::]:0 [3mlocal[0m[2m=[0m[::]:51470 [3mdual_stack[0m[2m=[0mtrue
[2m2026-07-29T01:00:53.275657Z[0m [33m WARN[0m [2mweb_transport_quinn::session[0m[2m:[0m failed to read capsule [3me[0m[2m=[0mUnexpectedEnd
[2m2026-07-29T01:00:53.444116Z[0m [32m INFO[0m [2mmoq_native_ietf::quic[0m[2m:[0m UDP socket bound [3mbind[0m[2m=[0m[::]:0 [3mlocal[0m[2m=[0m[::]:48617 [3mdual_stack[0m[2m=[0mtrue
[2m2026-07-29T01:00:53.667394Z[0m [32m INFO[0m [2mmoq_test_client::scenarios[0m[2m:[0m Publisher sending PUBLISH_NAMESPACE: moq-test/interop
[2m2026-07-29T01:00:53.667413Z[0m [32m INFO[0m [2mmoq_test_client::scenarios[0m[2m:[0m Subscriber subscribing to track: moq-test/interop/test-track
[2m2026-07-29T01:00:53.716082Z[0m [33m WARN[0m [2mmoq_transport::serve::error[0m[2m:[0m [ccd2d5f5-074f-44ee-b409-3da5fc3348bb] Not found: no such namespace or track at moq-transport/src/session/subscriber.rs:483
[2m2026-07-29T01:00:53.716112Z[0m [33m WARN[0m [2mmoq_transport::session::reader[0m[2m:[0m [READER] decode: stream ended while waiting for data (have=0 bytes, need=1)
[2m2026-07-29T01:00:53.716163Z[0m [32m INFO[0m [2mmoq_test_client::scenarios[0m[2m:[0m Subscriber got error: not found: Track not found [error:ccd2d5f5-074f-44ee-b409-3da5fc3348bb] - subscription was processed
ok 4 - publish-namespace-subscribe
  ---
  duration_ms: 489
  publisher_connection_id: d60df75812bb6634a9f7471a2ec92c4c
  subscriber_connection_id: edd98af05ebbf0a263d9867cb7f72837
  ...
[2m2026-07-29T01:00:53.717023Z[0m [32m INFO[0m [2mmoq_native_ietf::quic[0m[2m:[0m UDP socket bound [3mbind[0m[2m=[0m[::]:0 [3mlocal[0m[2m=[0m[::]:58102 [3mdual_stack[0m[2m=[0mtrue
[2m2026-07-29T01:00:53.764965Z[0m [33m WARN[0m [2mweb_transport_quinn::session[0m[2m:[0m failed to read capsule [3me[0m[2m=[0mUnexpectedEnd
[2m2026-07-29T01:00:53.766946Z[0m [33m WARN[0m [2mweb_transport_quinn::session[0m[2m:[0m failed to read capsule [3me[0m[2m=[0mUnexpectedEnd
[2m2026-07-29T01:00:54.123820Z[0m [32m INFO[0m [2mmoq_test_client::scenarios[0m[2m:[0m Subscriber subscribing BEFORE PUBLISH_NAMESPACE: moq-test/interop/test-track
[2m2026-07-29T01:00:54.172416Z[0m [33m WARN[0m [2mmoq_transport::serve::error[0m[2m:[0m [29b5d3db-dd51-4b94-933f-2ac6515de1f7] Not found: no such namespace or track at moq-transport/src/session/subscriber.rs:483
[2m2026-07-29T01:00:54.172437Z[0m [33m WARN[0m [2mmoq_transport::session::reader[0m[2m:[0m [READER] decode: stream ended while waiting for data (have=0 bytes, need=1)
[2m2026-07-29T01:00:54.221100Z[0m [33m WARN[0m [2mweb_transport_quinn::session[0m[2m:[0m failed to read capsule [3me[0m[2m=[0mUnexpectedEnd
[2m2026-07-29T01:00:54.625843Z[0m [32m INFO[0m [2mmoq_native_ietf::quic[0m[2m:[0m UDP socket bound [3mbind[0m[2m=[0m[::]:0 [3mlocal[0m[2m=[0m[::]:54395 [3mdual_stack[0m[2m=[0mtrue
[2m2026-07-29T01:00:54.848172Z[0m [32m INFO[0m [2mmoq_test_client::scenarios[0m[2m:[0m Publisher sending PUBLISH_NAMESPACE (after subscriber): moq-test/interop
[2m2026-07-29T01:00:57.849742Z[0m [32m INFO[0m [2mmoq_test_client::scenarios[0m[2m:[0m Publisher PUBLISH_NAMESPACE timeout (expected)
[2m2026-07-29T01:00:57.849770Z[0m [32m INFO[0m [2mmoq_test_client::scenarios[0m[2m:[0m Subscriber got error: not found: Track not found [error:29b5d3db-dd51-4b94-933f-2ac6515de1f7] (may be expected)
ok 5 - subscribe-before-publish-namespace
  ---
  duration_ms: 4133
  subscriber_connection_id: 5bd85af80032e2e9fab75788d9c0c246
  publisher_connection_id: 23b44e60a44125ca0bce0dc079f1ce57
  ...
[2m2026-07-29T01:00:57.850930Z[0m [32m INFO[0m [2mmoq_native_ietf::quic[0m[2m:[0m UDP socket bound [3mbind[0m[2m=[0m[::]:0 [3mlocal[0m[2m=[0m[::]:56699 [3mdual_stack[0m[2m=[0mtrue
[2m2026-07-29T01:00:57.901768Z[0m [33m WARN[0m [2mweb_transport_quinn::session[0m[2m:[0m failed to read capsule [3me[0m[2m=[0mUnexpectedEnd
[2m2026-07-29T01:00:58.056125Z[0m [32m INFO[0m [2mmoq_test_client::scenarios[0m[2m:[0m Sending PUBLISH_NAMESPACE: moq-test/interop
[2m2026-07-29T01:01:00.058163Z[0m [32m INFO[0m [2mmoq_test_client::scenarios[0m[2m:[0m PUBLISH_NAMESPACE active; sending PUBLISH_NAMESPACE_DONE
[2m2026-07-29T01:01:00.159237Z[0m [32m INFO[0m [2mmoq_test_client::scenarios[0m[2m:[0m PUBLISH_NAMESPACE_DONE sent successfully
ok 6 - publish-namespace-done
  ---
  duration_ms: 2309
  connection_id: 41db5f5f59ed848035263ff45ff278bb
  ...
make[1]: Leaving directory '/home/runner/work/moq-interop-runner/moq-interop-runner/main'
