make[1]: Entering directory '/home/runner/work/moq-interop-runner/moq-interop-runner/main'
Running tests against https://us-west-2.relay.quicr.org:33437/relay...
  Client: ghcr.io/facebookexperimental/moxygen-interop-client:latest-amd64
docker run --rm \
	 \
	--network host \
	-e RELAY_URL=https://us-west-2.relay.quicr.org:33437/relay \
	-e TLS_DISABLE_VERIFY=1 \
	ghcr.io/facebookexperimental/moxygen-interop-client:latest-amd64
TAP version 14
# moxygen interop test client
# Relay: https://us-west-2.relay.quicr.org:33437/relay
# Transport: WebTransport
1..6
W0729 01:41:00.274893     1 MoQWebTransportClient.cpp:175] WebTransport: No WT-Protocol header in response, will use legacy version negotiation
E0729 01:41:00.295660     1 MoQFramer.cpp:1079] Server selected version draft-1 but we only offer draft-14 in legacy mode
E0729 01:41:00.295675     1 MoQCodec.cpp:126] Conn error=21
E0729 01:41:00.295679     1 MoQSession.cpp:5310] MoQCodec control stream parse error err=21
not ok 1 - setup-only
  ---
  duration_ms: 195
  error: coroutine operation cancelled
  ...
W0729 01:41:00.341062     1 MoQWebTransportClient.cpp:175] WebTransport: No WT-Protocol header in response, will use legacy version negotiation
E0729 01:41:00.361599     1 MoQFramer.cpp:1079] Server selected version draft-1 but we only offer draft-14 in legacy mode
E0729 01:41:00.361614     1 MoQCodec.cpp:126] Conn error=21
E0729 01:41:00.361618     1 MoQSession.cpp:5310] MoQCodec control stream parse error err=21
not ok 2 - announce-only
  ---
  duration_ms: 65
  error: coroutine operation cancelled
  ...
W0729 01:41:00.405684     1 MoQWebTransportClient.cpp:175] WebTransport: No WT-Protocol header in response, will use legacy version negotiation
E0729 01:41:00.425909     1 MoQFramer.cpp:1079] Server selected version draft-1 but we only offer draft-14 in legacy mode
E0729 01:41:00.425923     1 MoQCodec.cpp:126] Conn error=21
E0729 01:41:00.425927     1 MoQSession.cpp:5310] MoQCodec control stream parse error err=21
not ok 3 - subscribe-error
  ---
  duration_ms: 64
  error: coroutine operation cancelled
  ...
W0729 01:41:00.470174     1 MoQWebTransportClient.cpp:175] WebTransport: No WT-Protocol header in response, will use legacy version negotiation
E0729 01:41:00.490671     1 MoQFramer.cpp:1079] Server selected version draft-1 but we only offer draft-14 in legacy mode
E0729 01:41:00.490685     1 MoQCodec.cpp:126] Conn error=21
E0729 01:41:00.490689     1 MoQSession.cpp:5310] MoQCodec control stream parse error err=21
not ok 4 - announce-subscribe
  ---
  duration_ms: 64
  error: coroutine operation cancelled
  ...
W0729 01:41:00.662001     1 MoQWebTransportClient.cpp:175] WebTransport: No WT-Protocol header in response, will use legacy version negotiation
E0729 01:41:00.682359     1 MoQFramer.cpp:1079] Server selected version draft-1 but we only offer draft-14 in legacy mode
E0729 01:41:00.682370     1 MoQCodec.cpp:126] Conn error=21
E0729 01:41:00.682374     1 MoQSession.cpp:5310] MoQCodec control stream parse error err=21
not ok 5 - publish-namespace-done
  ---
  duration_ms: 191
  error: coroutine operation cancelled
  ...
W0729 01:41:00.726606     1 MoQWebTransportClient.cpp:175] WebTransport: No WT-Protocol header in response, will use legacy version negotiation
E0729 01:41:00.747064     1 MoQFramer.cpp:1079] Server selected version draft-1 but we only offer draft-14 in legacy mode
E0729 01:41:00.747081     1 MoQCodec.cpp:126] Conn error=21
E0729 01:41:00.747085     1 MoQSession.cpp:5310] MoQCodec control stream parse error err=21
not ok 6 - subscribe-before-announce
  ---
  duration_ms: 64
  error: coroutine operation cancelled
  ...
make[1]: *** [Makefile:122: test-external] Error 1
make[1]: Leaving directory '/home/runner/work/moq-interop-runner/moq-interop-runner/main'
