make[1]: Entering directory '/home/runner/work/moq-interop-runner/moq-interop-runner/main'
Running tests against https://moqx-main.ci.openmoq.org:4433/moq-relay...
  Client: ghcr.io/englishm/moq-interop-runner-moq-test-client-draft-18:latest
docker run --rm \
	 \
	--network host \
	-e RELAY_URL=https://moqx-main.ci.openmoq.org:4433/moq-relay \
	-e TLS_DISABLE_VERIFY=false \
	ghcr.io/englishm/moq-interop-runner-moq-test-client-draft-18:latest
TAP version 14
# moq-test-client v0.1.12
# Relay: https://moqx-main.ci.openmoq.org:4433/moq-relay
1..18
[2m2026-09-13T00:56:02.255461Z[0m [32m INFO[0m [2mmoq_native_ietf::quic[0m[2m:[0m UDP socket bound [3mbind[0m[2m=[0m[::]:0 [3mlocal[0m[2m=[0m[::]:60632 [3mdual_stack[0m[2m=[0mtrue
[2m2026-09-13T00:56:02.547744Z[0m [32m INFO[0m [2mmoq_test_client::scenarios[0m[2m:[0m SETUP exchange completed successfully
ok 1 - setup-only
  ---
  duration_ms: 293
  connection_id: c1343b5e700d610ba86427640fc610ce
  ...
[2m2026-09-13T00:56:02.548751Z[0m [32m INFO[0m [2mmoq_native_ietf::quic[0m[2m:[0m UDP socket bound [3mbind[0m[2m=[0m[::]:0 [3mlocal[0m[2m=[0m[::]:38777 [3mdual_stack[0m[2m=[0mtrue
[2m2026-09-13T00:56:02.596125Z[0m [33m WARN[0m [2mweb_transport_quinn::session[0m[2m:[0m failed to read capsule [3me[0m[2m=[0mUnexpectedEnd
[2m2026-09-13T00:56:02.811836Z[0m [32m INFO[0m [2mmoq_test_client::scenarios[0m[2m:[0m Sending PUBLISH_NAMESPACE for: moq-test/interop
[2m2026-09-13T00:56:04.812823Z[0m [32m INFO[0m [2mmoq_test_client::scenarios[0m[2m:[0m PUBLISH_NAMESPACE succeeded (REQUEST_OK received, waiting for subscribers)
ok 2 - publish-namespace-only
  ---
  duration_ms: 2265
  connection_id: b28ae43827bd236d739958a357352831
  ...
[2m2026-09-13T00:56:04.813908Z[0m [32m INFO[0m [2mmoq_native_ietf::quic[0m[2m:[0m UDP socket bound [3mbind[0m[2m=[0m[::]:0 [3mlocal[0m[2m=[0m[::]:51257 [3mdual_stack[0m[2m=[0mtrue
[2m2026-09-13T00:56:04.863575Z[0m [33m WARN[0m [2mweb_transport_quinn::session[0m[2m:[0m failed to read capsule [3me[0m[2m=[0mUnexpectedEnd
[2m2026-09-13T00:56:04.954628Z[0m [32m INFO[0m [2mmoq_test_client::scenarios[0m[2m:[0m Subscribing to non-existent track: nonexistent/namespace/test-track
[2m2026-09-13T00:56:05.005055Z[0m [33m WARN[0m [2mmoq_transport::serve::error[0m[2m:[0m [df91e238-e292-479c-aa1f-63d6e49b4ec8] Not found: no such namespace or track at moq-transport/src/session/subscriber.rs:1653
[2m2026-09-13T00:56:05.005179Z[0m [32m INFO[0m [2mmoq_test_client::scenarios[0m[2m:[0m Got expected 'not found' error: not found: Track not found [error:df91e238-e292-479c-aa1f-63d6e49b4ec8]
ok 3 - subscribe-error
  ---
  duration_ms: 192
  connection_id: 00356da73b4aa6550a4d2b3611654f61
  ...
[2m2026-09-13T00:56:05.006342Z[0m [32m INFO[0m [2mmoq_native_ietf::quic[0m[2m:[0m UDP socket bound [3mbind[0m[2m=[0m[::]:0 [3mlocal[0m[2m=[0m[::]:45847 [3mdual_stack[0m[2m=[0mtrue
[2m2026-09-13T00:56:05.055893Z[0m [33m WARN[0m [2mweb_transport_quinn::session[0m[2m:[0m failed to read capsule [3me[0m[2m=[0mUnexpectedEnd
[2m2026-09-13T00:56:05.226527Z[0m [32m INFO[0m [2mmoq_native_ietf::quic[0m[2m:[0m UDP socket bound [3mbind[0m[2m=[0m[::]:0 [3mlocal[0m[2m=[0m[::]:57139 [3mdual_stack[0m[2m=[0mtrue
[2m2026-09-13T00:56:05.687955Z[0m [32m INFO[0m [2mmoq_test_client::scenarios[0m[2m:[0m Publisher sending PUBLISH_NAMESPACE: moq-test/interop
[2m2026-09-13T00:56:05.687975Z[0m [32m INFO[0m [2mmoq_test_client::scenarios[0m[2m:[0m Subscriber subscribing to track: moq-test/interop/test-track
[2m2026-09-13T00:56:08.688965Z[0m [32m INFO[0m [2mmoq_test_client::scenarios[0m[2m:[0m Test timeout reached - subscription routing may still be in progress
ok 4 - publish-namespace-subscribe
  ---
  duration_ms: 3683
  publisher_connection_id: 93a75d18b1e09fcf810bd1c16db6f8c6
  subscriber_connection_id: 2ec39d468a51a1900ce8db9983762864
  ...
[2m2026-09-13T00:56:08.690167Z[0m [32m INFO[0m [2mmoq_native_ietf::quic[0m[2m:[0m UDP socket bound [3mbind[0m[2m=[0m[::]:0 [3mlocal[0m[2m=[0m[::]:33867 [3mdual_stack[0m[2m=[0mtrue
[2m2026-09-13T00:56:08.740643Z[0m [33m WARN[0m [2mweb_transport_quinn::session[0m[2m:[0m failed to read capsule [3me[0m[2m=[0mUnexpectedEnd
[2m2026-09-13T00:56:08.741400Z[0m [33m WARN[0m [2mweb_transport_quinn::session[0m[2m:[0m failed to read capsule [3me[0m[2m=[0mUnexpectedEnd
[2m2026-09-13T00:56:08.918195Z[0m [32m INFO[0m [2mmoq_test_client::scenarios[0m[2m:[0m Subscriber subscribing BEFORE PUBLISH_NAMESPACE: moq-test/interop/test-track
[2m2026-09-13T00:56:08.966995Z[0m [33m WARN[0m [2mmoq_transport::serve::error[0m[2m:[0m [09275005-b88e-4cd8-ac75-b3b308a9cbb2] Not found: no such namespace or track at moq-transport/src/session/subscriber.rs:1653
[2m2026-09-13T00:56:09.015787Z[0m [33m WARN[0m [2mweb_transport_quinn::session[0m[2m:[0m failed to read capsule [3me[0m[2m=[0mUnexpectedEnd
[2m2026-09-13T00:56:09.420203Z[0m [32m INFO[0m [2mmoq_native_ietf::quic[0m[2m:[0m UDP socket bound [3mbind[0m[2m=[0m[::]:0 [3mlocal[0m[2m=[0m[::]:40835 [3mdual_stack[0m[2m=[0mtrue
[2m2026-09-13T00:56:09.635885Z[0m [32m INFO[0m [2mmoq_test_client::scenarios[0m[2m:[0m Publisher sending PUBLISH_NAMESPACE (after subscriber): moq-test/interop
[2m2026-09-13T00:56:12.637229Z[0m [32m INFO[0m [2mmoq_test_client::scenarios[0m[2m:[0m Publisher PUBLISH_NAMESPACE timeout (expected)
[2m2026-09-13T00:56:12.637254Z[0m [32m INFO[0m [2mmoq_test_client::scenarios[0m[2m:[0m Subscriber got error: not found: Track not found [error:09275005-b88e-4cd8-ac75-b3b308a9cbb2] (may be expected)
ok 5 - subscribe-before-publish-namespace
  ---
  duration_ms: 3948
  subscriber_connection_id: 85aa8da92c172feea1d3d33c9237f726
  publisher_connection_id: 7a5644911c2102336fa56030bd371be2
  ...
[2m2026-09-13T00:56:12.638506Z[0m [32m INFO[0m [2mmoq_native_ietf::quic[0m[2m:[0m UDP socket bound [3mbind[0m[2m=[0m[::]:0 [3mlocal[0m[2m=[0m[::]:47715 [3mdual_stack[0m[2m=[0mtrue
[2m2026-09-13T00:56:12.689406Z[0m [33m WARN[0m [2mweb_transport_quinn::session[0m[2m:[0m failed to read capsule [3me[0m[2m=[0mUnexpectedEnd
[2m2026-09-13T00:56:12.898186Z[0m [32m INFO[0m [2mmoq_test_client::scenarios[0m[2m:[0m Sending PUBLISH_NAMESPACE: moq-test/interop
[2m2026-09-13T00:56:14.900077Z[0m [32m INFO[0m [2mmoq_test_client::scenarios[0m[2m:[0m PUBLISH_NAMESPACE active; sending PUBLISH_NAMESPACE_DONE
ok 6 - publish-namespace-done
  ---
  duration_ms: 2364
  connection_id: d010373df906f66f83b44119e93bc8a5
  ...
[2m2026-09-13T00:56:15.001733Z[0m [32m INFO[0m [2mmoq_test_client::scenarios[0m[2m:[0m PUBLISH_NAMESPACE_DONE sent successfully
[2m2026-09-13T00:56:15.002773Z[0m [32m INFO[0m [2mmoq_native_ietf::quic[0m[2m:[0m UDP socket bound [3mbind[0m[2m=[0m[::]:0 [3mlocal[0m[2m=[0m[::]:52135 [3mdual_stack[0m[2m=[0mtrue
[2m2026-09-13T00:56:15.052232Z[0m [33m WARN[0m [2mweb_transport_quinn::session[0m[2m:[0m failed to read capsule [3me[0m[2m=[0mUnexpectedEnd
[2m2026-09-13T00:56:15.210979Z[0m [32m INFO[0m [2mmoq_test_client::scenarios[0m[2m:[0m Publisher sending direct PUBLISH [3mnamespace[0m[2m=[0m/moq-test/publish [3mtrack[0m[2m=[0m"published-track"
[2m2026-09-13T00:56:15.262096Z[0m [32m INFO[0m [2mmoq_test_client::scenarios[0m[2m:[0m PUBLISH accepted [3mnamespace[0m[2m=[0m/moq-test/publish [3mtrack[0m[2m=[0m"published-track"
[2m2026-09-13T00:56:15.262164Z[0m [32m INFO[0m [2mmoq_test_client::scenarios[0m[2m:[0m PUBLISH completed [3mnamespace[0m[2m=[0m/moq-test/publish [3mtrack[0m[2m=[0m"published-track"
ok 7 - publish-track-only
  ---
  duration_ms: 260
  connection_id: 3d1c036a382024249355dec037559e39
  ...
[2m2026-09-13T00:56:15.263331Z[0m [32m INFO[0m [2mmoq_native_ietf::quic[0m[2m:[0m UDP socket bound [3mbind[0m[2m=[0m[::]:0 [3mlocal[0m[2m=[0m[::]:34187 [3mdual_stack[0m[2m=[0mtrue
[2m2026-09-13T00:56:15.313395Z[0m [33m WARN[0m [2mweb_transport_quinn::session[0m[2m:[0m failed to read capsule [3me[0m[2m=[0mUnexpectedEnd
[2m2026-09-13T00:56:15.404665Z[0m [32m INFO[0m [2mmoq_native_ietf::quic[0m[2m:[0m UDP socket bound [3mbind[0m[2m=[0m[::]:0 [3mlocal[0m[2m=[0m[::]:54027 [3mdual_stack[0m[2m=[0mtrue
[2m2026-09-13T00:56:15.609956Z[0m [32m INFO[0m [2mmoq_test_client::scenarios[0m[2m:[0m Publisher sending direct PUBLISH before subscriber subscribes [3mnamespace[0m[2m=[0m/moq-test/publish [3mtrack[0m[2m=[0m"published-track"
[2m2026-09-13T00:56:15.659085Z[0m [32m INFO[0m [2mmoq_test_client::scenarios[0m[2m:[0m PUBLISH accepted; starting subscriber [3mnamespace[0m[2m=[0m/moq-test/publish [3mtrack[0m[2m=[0m"published-track"
[2m2026-09-13T00:56:15.709653Z[0m [33m WARN[0m [2mmoq_transport::session[0m[2m:[0m unexpected bidi response message type [3mmsg_type[0m[2m=[0m2
[2m2026-09-13T00:56:15.709672Z[0m [33m WARN[0m [2mmoq_transport::serve::error[0m[2m:[0m [70cee2e8-d2e7-445f-833a-9a14733511bf] Not implemented: bidi response type 0x2 at moq-transport/src/session/error.rs:89
not ok 8 - publish-track-subscribe
  ---
  duration_ms: 498
  message: "failed serving PUBLISH track: serve error: cancelled: cancelled"
  ...
[2m2026-09-13T00:56:15.761345Z[0m [32m INFO[0m [2mmoq_native_ietf::quic[0m[2m:[0m UDP socket bound [3mbind[0m[2m=[0m[::]:0 [3mlocal[0m[2m=[0m[::]:45559 [3mdual_stack[0m[2m=[0mtrue
[2m2026-09-13T00:56:15.809441Z[0m [33m WARN[0m [2mweb_transport_quinn::session[0m[2m:[0m failed to read capsule [3me[0m[2m=[0mUnexpectedEnd
[2m2026-09-13T00:56:15.810481Z[0m [33m WARN[0m [2mweb_transport_quinn::session[0m[2m:[0m failed to read capsule [3me[0m[2m=[0mUnexpectedEnd
[2m2026-09-13T00:56:15.999500Z[0m [32m INFO[0m [2mmoq_test_client::scenarios[0m[2m:[0m Subscribing with RENDEZVOUS_TIMEOUT to a track with no publisher [3mtimeout_ms[0m[2m=[0m500
[2m2026-09-13T00:56:16.050104Z[0m [33m WARN[0m [2mmoq_transport::serve::error[0m[2m:[0m [ebb118a4-a331-437c-9805-b1158ae8ac52] Not found: no such namespace or track at moq-transport/src/session/subscriber.rs:1653
[2m2026-09-13T00:56:16.051117Z[0m [32m INFO[0m [2mmoq_native_ietf::quic[0m[2m:[0m UDP socket bound [3mbind[0m[2m=[0m[::]:0 [3mlocal[0m[2m=[0m[::]:42916 [3mdual_stack[0m[2m=[0mtrue
not ok 9 - rendezvous-timeout
  ---
  duration_ms: 289
  message: "expected REQUEST_ERROR TIMEOUT, got: not found: Track not found [error:ebb118a4-a331-437c-9805-b1158ae8ac52]"
  ...
[2m2026-09-13T00:56:16.100706Z[0m [33m WARN[0m [2mweb_transport_quinn::session[0m[2m:[0m failed to read capsule [3me[0m[2m=[0mUnexpectedEnd
[2m2026-09-13T00:56:16.202199Z[0m [33m WARN[0m [2mmoq_transport::serve::error[0m[2m:[0m [d0384eef-d2fd-4e92-b60e-f1c63ccbb1ff] Not found: no such namespace or track at moq-transport/src/session/subscriber.rs:1653
[2m2026-09-13T00:56:16.355233Z[0m [32m INFO[0m [2mmoq_native_ietf::quic[0m[2m:[0m UDP socket bound [3mbind[0m[2m=[0m[::]:0 [3mlocal[0m[2m=[0m[::]:35838 [3mdual_stack[0m[2m=[0mtrue
not ok 10 - moq-test-subgroup-per-group
  ---
  duration_ms: 553
  message: "subscriber setup failed before generation started"
  ...
[2m2026-09-13T00:56:16.604732Z[0m [32m INFO[0m [2mmoq_native_ietf::quic[0m[2m:[0m UDP socket bound [3mbind[0m[2m=[0m[::]:0 [3mlocal[0m[2m=[0m[::]:46198 [3mdual_stack[0m[2m=[0mtrue
[2m2026-09-13T00:56:16.652349Z[0m [33m WARN[0m [2mweb_transport_quinn::session[0m[2m:[0m failed to read capsule [3me[0m[2m=[0mUnexpectedEnd
[2m2026-09-13T00:56:16.652733Z[0m [33m WARN[0m [2mweb_transport_quinn::session[0m[2m:[0m failed to read capsule [3me[0m[2m=[0mUnexpectedEnd
[2m2026-09-13T00:56:16.762331Z[0m [33m WARN[0m [2mmoq_transport::serve::error[0m[2m:[0m [12a85993-bdc7-4987-a434-ad55a6b7d6e3] Not found: no such namespace or track at moq-transport/src/session/subscriber.rs:1653
[2m2026-09-13T00:56:16.913721Z[0m [32m INFO[0m [2mmoq_native_ietf::quic[0m[2m:[0m UDP socket bound [3mbind[0m[2m=[0m[::]:0 [3mlocal[0m[2m=[0m[::]:60630 [3mdual_stack[0m[2m=[0mtrue
not ok 11 - moq-test-subgroup-per-group-eog
  ---
  duration_ms: 567
  message: "subscriber setup failed before generation started"
  ...
[2m2026-09-13T00:56:17.172313Z[0m [32m INFO[0m [2mmoq_native_ietf::quic[0m[2m:[0m UDP socket bound [3mbind[0m[2m=[0m[::]:0 [3mlocal[0m[2m=[0m[::]:51507 [3mdual_stack[0m[2m=[0mtrue
[2m2026-09-13T00:56:17.221913Z[0m [33m WARN[0m [2mweb_transport_quinn::session[0m[2m:[0m failed to read capsule [3me[0m[2m=[0mUnexpectedEnd
[2m2026-09-13T00:56:17.222639Z[0m [33m WARN[0m [2mweb_transport_quinn::session[0m[2m:[0m failed to read capsule [3me[0m[2m=[0mUnexpectedEnd
[2m2026-09-13T00:56:17.324483Z[0m [33m WARN[0m [2mmoq_transport::serve::error[0m[2m:[0m [d9b0793a-88e8-4a54-aa13-6ec4d9783d45] Not found: no such namespace or track at moq-transport/src/session/subscriber.rs:1653
[2m2026-09-13T00:56:17.477838Z[0m [32m INFO[0m [2mmoq_native_ietf::quic[0m[2m:[0m UDP socket bound [3mbind[0m[2m=[0m[::]:0 [3mlocal[0m[2m=[0m[::]:40208 [3mdual_stack[0m[2m=[0mtrue
not ok 12 - moq-test-subgroup-per-object
  ---
  duration_ms: 712
  message: "subscriber setup failed before generation started"
  ...
[2m2026-09-13T00:56:17.884547Z[0m [32m INFO[0m [2mmoq_native_ietf::quic[0m[2m:[0m UDP socket bound [3mbind[0m[2m=[0m[::]:0 [3mlocal[0m[2m=[0m[::]:48683 [3mdual_stack[0m[2m=[0mtrue
[2m2026-09-13T00:56:17.932551Z[0m [33m WARN[0m [2mweb_transport_quinn::session[0m[2m:[0m failed to read capsule [3me[0m[2m=[0mUnexpectedEnd
[2m2026-09-13T00:56:17.933000Z[0m [33m WARN[0m [2mweb_transport_quinn::session[0m[2m:[0m failed to read capsule [3me[0m[2m=[0mUnexpectedEnd
[2m2026-09-13T00:56:18.170169Z[0m [33m WARN[0m [2mmoq_transport::serve::error[0m[2m:[0m [bbd32108-7c2d-4ff3-b508-e10ed41cf7f3] Not found: no such namespace or track at moq-transport/src/session/subscriber.rs:1653
[2m2026-09-13T00:56:18.321078Z[0m [32m INFO[0m [2mmoq_native_ietf::quic[0m[2m:[0m UDP socket bound [3mbind[0m[2m=[0m[::]:0 [3mlocal[0m[2m=[0m[::]:56033 [3mdual_stack[0m[2m=[0mtrue
not ok 13 - moq-test-two-subgroups-eog
  ---
  duration_ms: 760
  message: "subscriber setup failed before generation started"
  ...
[2m2026-09-13T00:56:18.644770Z[0m [32m INFO[0m [2mmoq_native_ietf::quic[0m[2m:[0m UDP socket bound [3mbind[0m[2m=[0m[::]:0 [3mlocal[0m[2m=[0m[::]:38746 [3mdual_stack[0m[2m=[0mtrue
[2m2026-09-13T00:56:18.694392Z[0m [33m WARN[0m [2mweb_transport_quinn::session[0m[2m:[0m failed to read capsule [3me[0m[2m=[0mUnexpectedEnd
[2m2026-09-13T00:56:18.695162Z[0m [33m WARN[0m [2mweb_transport_quinn::session[0m[2m:[0m failed to read capsule [3me[0m[2m=[0mUnexpectedEnd
[2m2026-09-13T00:56:18.802398Z[0m [33m WARN[0m [2mmoq_transport::serve::error[0m[2m:[0m [513ea419-3a82-4c1a-bdba-27bea3b59800] Not found: no such namespace or track at moq-transport/src/session/subscriber.rs:1653
[2m2026-09-13T00:56:18.953485Z[0m [32m INFO[0m [2mmoq_native_ietf::quic[0m[2m:[0m UDP socket bound [3mbind[0m[2m=[0m[::]:0 [3mlocal[0m[2m=[0m[::]:53330 [3mdual_stack[0m[2m=[0mtrue
not ok 14 - moq-test-datagram
  ---
  duration_ms: 569
  message: "subscriber setup failed before generation started"
  ...
[2m2026-09-13T00:56:19.214748Z[0m [32m INFO[0m [2mmoq_native_ietf::quic[0m[2m:[0m UDP socket bound [3mbind[0m[2m=[0m[::]:0 [3mlocal[0m[2m=[0m[::]:57795 [3mdual_stack[0m[2m=[0mtrue
[2m2026-09-13T00:56:19.264969Z[0m [33m WARN[0m [2mweb_transport_quinn::session[0m[2m:[0m failed to read capsule [3me[0m[2m=[0mUnexpectedEnd
[2m2026-09-13T00:56:19.265016Z[0m [33m WARN[0m [2mweb_transport_quinn::session[0m[2m:[0m failed to read capsule [3me[0m[2m=[0mUnexpectedEnd
[2m2026-09-13T00:56:19.369211Z[0m [33m WARN[0m [2mmoq_transport::serve::error[0m[2m:[0m [d89e892e-30f8-4b23-ba28-0dd61c9011fa] Not found: no such namespace or track at moq-transport/src/session/subscriber.rs:1653
[2m2026-09-13T00:56:19.522171Z[0m [32m INFO[0m [2mmoq_native_ietf::quic[0m[2m:[0m UDP socket bound [3mbind[0m[2m=[0m[::]:0 [3mlocal[0m[2m=[0m[::]:39683 [3mdual_stack[0m[2m=[0mtrue
not ok 15 - moq-test-datagram-eog
  ---
  duration_ms: 491
  message: "subscriber setup failed before generation started"
  ...
[2m2026-09-13T00:56:19.706713Z[0m [32m INFO[0m [2mmoq_native_ietf::quic[0m[2m:[0m UDP socket bound [3mbind[0m[2m=[0m[::]:0 [3mlocal[0m[2m=[0m[::]:46961 [3mdual_stack[0m[2m=[0mtrue
[2m2026-09-13T00:56:19.754541Z[0m [33m WARN[0m [2mweb_transport_quinn::session[0m[2m:[0m failed to read capsule [3me[0m[2m=[0mUnexpectedEnd
[2m2026-09-13T00:56:19.756785Z[0m [33m WARN[0m [2mweb_transport_quinn::session[0m[2m:[0m failed to read capsule [3me[0m[2m=[0mUnexpectedEnd
[2m2026-09-13T00:56:19.895067Z[0m [33m WARN[0m [2mmoq_transport::serve::error[0m[2m:[0m [d6eb18e7-2634-44cb-8d8b-cbc3e636f5ab] Not found: no such namespace or track at moq-transport/src/session/subscriber.rs:1653
[2m2026-09-13T00:56:20.046630Z[0m [32m INFO[0m [2mmoq_native_ietf::quic[0m[2m:[0m UDP socket bound [3mbind[0m[2m=[0m[::]:0 [3mlocal[0m[2m=[0m[::]:57260 [3mdual_stack[0m[2m=[0mtrue
not ok 16 - moq-test-extensions
  ---
  duration_ms: 497
  message: "subscriber setup failed before generation started"
  ...
[2m2026-09-13T00:56:20.204386Z[0m [32m INFO[0m [2mmoq_native_ietf::quic[0m[2m:[0m UDP socket bound [3mbind[0m[2m=[0m[::]:0 [3mlocal[0m[2m=[0m[::]:59671 [3mdual_stack[0m[2m=[0mtrue
[2m2026-09-13T00:56:20.253902Z[0m [33m WARN[0m [2mweb_transport_quinn::session[0m[2m:[0m failed to read capsule [3me[0m[2m=[0mUnexpectedEnd
[2m2026-09-13T00:56:20.254121Z[0m [33m WARN[0m [2mweb_transport_quinn::session[0m[2m:[0m failed to read capsule [3me[0m[2m=[0mUnexpectedEnd
[2m2026-09-13T00:56:20.354927Z[0m [33m WARN[0m [2mmoq_transport::serve::error[0m[2m:[0m [7bada990-d7b5-4cd7-91d6-974d001d1e17] Not found: no such namespace or track at moq-transport/src/session/subscriber.rs:1653
[2m2026-09-13T00:56:20.508782Z[0m [32m INFO[0m [2mmoq_native_ietf::quic[0m[2m:[0m UDP socket bound [3mbind[0m[2m=[0m[::]:0 [3mlocal[0m[2m=[0m[::]:51579 [3mdual_stack[0m[2m=[0mtrue
not ok 17 - moq-test-increments
  ---
  duration_ms: 577
  message: "subscriber setup failed before generation started"
  ...
[2m2026-09-13T00:56:20.781993Z[0m [32m INFO[0m [2mmoq_native_ietf::quic[0m[2m:[0m UDP socket bound [3mbind[0m[2m=[0m[::]:0 [3mlocal[0m[2m=[0m[::]:58880 [3mdual_stack[0m[2m=[0mtrue
[2m2026-09-13T00:56:20.829790Z[0m [33m WARN[0m [2mweb_transport_quinn::session[0m[2m:[0m failed to read capsule [3me[0m[2m=[0mUnexpectedEnd
[2m2026-09-13T00:56:20.831510Z[0m [33m WARN[0m [2mweb_transport_quinn::session[0m[2m:[0m failed to read capsule [3me[0m[2m=[0mUnexpectedEnd
[2m2026-09-13T00:56:21.030791Z[0m [33m WARN[0m [2mmoq_transport::serve::error[0m[2m:[0m [0099509e-1635-49e8-8254-7485d9fbd628] Not found: no such namespace or track at moq-transport/src/session/subscriber.rs:1653
[2m2026-09-13T00:56:21.183977Z[0m [32m INFO[0m [2mmoq_native_ietf::quic[0m[2m:[0m UDP socket bound [3mbind[0m[2m=[0m[::]:0 [3mlocal[0m[2m=[0m[::]:34942 [3mdual_stack[0m[2m=[0mtrue
not ok 18 - moq-test-forward-zero
  ---
  duration_ms: 684
  message: "subscriber setup failed before generation started"
  ...
make[1]: *** [Makefile:122: test-external] Error 1
make[1]: Leaving directory '/home/runner/work/moq-interop-runner/moq-interop-runner/main'
