make[1]: Entering directory '/home/runner/work/moq-interop-runner/moq-interop-runner/main'
Running tests against moqt://lminiero.it:9000...
  Client: ghcr.io/englishm/moq-interop-runner-moq-test-client-draft-18:latest
docker run --rm \
	 \
	--network host \
	-e RELAY_URL=moqt://lminiero.it:9000 \
	-e TLS_DISABLE_VERIFY=false \
	ghcr.io/englishm/moq-interop-runner-moq-test-client-draft-18:latest
TAP version 14
# moq-test-client v0.1.12
# Relay: moqt://lminiero.it:9000
1..18
[2m2026-09-13T00:51:11.573478Z[0m [32m INFO[0m [2mmoq_native_ietf::quic[0m[2m:[0m UDP socket bound [3mbind[0m[2m=[0m[::]:0 [3mlocal[0m[2m=[0m[::]:56031 [3mdual_stack[0m[2m=[0mtrue
[2m2026-09-13T00:51:11.944838Z[0m [32m INFO[0m [2mmoq_test_client::scenarios[0m[2m:[0m SETUP exchange completed successfully
ok 1 - setup-only
  ---
  duration_ms: 372
  connection_id: c5e69477f0e681b4eaffbe39c1c9d3d3
  ...
[2m2026-09-13T00:51:11.945792Z[0m [32m INFO[0m [2mmoq_native_ietf::quic[0m[2m:[0m UDP socket bound [3mbind[0m[2m=[0m[::]:0 [3mlocal[0m[2m=[0m[::]:55683 [3mdual_stack[0m[2m=[0mtrue
[2m2026-09-13T00:51:12.289962Z[0m [32m INFO[0m [2mmoq_test_client::scenarios[0m[2m:[0m Sending PUBLISH_NAMESPACE for: moq-test/interop
[2m2026-09-13T00:51:14.290996Z[0m [32m INFO[0m [2mmoq_test_client::scenarios[0m[2m:[0m PUBLISH_NAMESPACE succeeded (REQUEST_OK received, waiting for subscribers)
ok 2 - publish-namespace-only
  ---
  duration_ms: 2346
  connection_id: 6b69298266f8b7e13c69c90975762044
  ...
[2m2026-09-13T00:51:14.292079Z[0m [32m INFO[0m [2mmoq_native_ietf::quic[0m[2m:[0m UDP socket bound [3mbind[0m[2m=[0m[::]:0 [3mlocal[0m[2m=[0m[::]:55789 [3mdual_stack[0m[2m=[0mtrue
[2m2026-09-13T00:51:14.638492Z[0m [32m INFO[0m [2mmoq_test_client::scenarios[0m[2m:[0m Subscribing to non-existent track: nonexistent/namespace/test-track
[2m2026-09-13T00:51:14.806271Z[0m [33m WARN[0m [2mmoq_transport::serve::error[0m[2m:[0m [4a43980a-15b2-4cda-a286-a7c2b8a202b1] Not found: Namespace not found at moq-transport/src/session/subscriber.rs:1653
[2m2026-09-13T00:51:14.806465Z[0m [32m INFO[0m [2mmoq_test_client::scenarios[0m[2m:[0m Got expected 'not found' error: not found: Track not found [error:4a43980a-15b2-4cda-a286-a7c2b8a202b1]
ok 3 - subscribe-error
  ---
  duration_ms: 515
  connection_id: 3c936d424f8ad8b1aac6e21d0b9ddae0
  ...
[2m2026-09-13T00:51:14.807524Z[0m [32m INFO[0m [2mmoq_native_ietf::quic[0m[2m:[0m UDP socket bound [3mbind[0m[2m=[0m[::]:0 [3mlocal[0m[2m=[0m[::]:49192 [3mdual_stack[0m[2m=[0mtrue
[2m2026-09-13T00:51:15.158594Z[0m [32m INFO[0m [2mmoq_native_ietf::quic[0m[2m:[0m UDP socket bound [3mbind[0m[2m=[0m[::]:0 [3mlocal[0m[2m=[0m[::]:44119 [3mdual_stack[0m[2m=[0mtrue
[2m2026-09-13T00:51:15.513984Z[0m [32m INFO[0m [2mmoq_test_client::scenarios[0m[2m:[0m Publisher sending PUBLISH_NAMESPACE: moq-test/interop
[2m2026-09-13T00:51:15.514008Z[0m [32m INFO[0m [2mmoq_test_client::scenarios[0m[2m:[0m Subscriber subscribing to track: moq-test/interop/test-track
[2m2026-09-13T00:51:18.515610Z[0m [32m INFO[0m [2mmoq_test_client::scenarios[0m[2m:[0m Test timeout reached - subscription routing may still be in progress
ok 4 - publish-namespace-subscribe
  ---
  duration_ms: 3709
  publisher_connection_id: 936382ee5e96e292240ffe8d7ce39629
  subscriber_connection_id: 0e5428577cbf3c77ed83a601c2724f23
  ...
[2m2026-09-13T00:51:18.516954Z[0m [32m INFO[0m [2mmoq_native_ietf::quic[0m[2m:[0m UDP socket bound [3mbind[0m[2m=[0m[::]:0 [3mlocal[0m[2m=[0m[::]:56239 [3mdual_stack[0m[2m=[0mtrue
[2m2026-09-13T00:51:21.855650Z[0m [32m INFO[0m [2mmoq_test_client::scenarios[0m[2m:[0m Subscriber subscribing BEFORE PUBLISH_NAMESPACE: moq-test/interop/test-track
[2m2026-09-13T00:51:22.022731Z[0m [33m WARN[0m [2mmoq_transport::serve::error[0m[2m:[0m [e4521300-7aad-4b0a-9904-3e4bdd6eb723] Not found: Namespace not found at moq-transport/src/session/subscriber.rs:1653
[2m2026-09-13T00:51:22.357744Z[0m [32m INFO[0m [2mmoq_native_ietf::quic[0m[2m:[0m UDP socket bound [3mbind[0m[2m=[0m[::]:0 [3mlocal[0m[2m=[0m[::]:41582 [3mdual_stack[0m[2m=[0mtrue
[2m2026-09-13T00:51:22.712990Z[0m [32m INFO[0m [2mmoq_test_client::scenarios[0m[2m:[0m Publisher sending PUBLISH_NAMESPACE (after subscriber): moq-test/interop
[2m2026-09-13T00:51:25.714025Z[0m [32m INFO[0m [2mmoq_test_client::scenarios[0m[2m:[0m Publisher PUBLISH_NAMESPACE timeout (expected)
[2m2026-09-13T00:51:25.714052Z[0m [32m INFO[0m [2mmoq_test_client::scenarios[0m[2m:[0m Subscriber got error: not found: Track not found [error:e4521300-7aad-4b0a-9904-3e4bdd6eb723] (may be expected)
[2m2026-09-13T00:51:25.715205Z[0m [32m INFO[0m [2mmoq_native_ietf::quic[0m[2m:[0m UDP socket bound [3mbind[0m[2m=[0m[::]:0 [3mlocal[0m[2m=[0m[::]:49669 [3mdual_stack[0m[2m=[0mtrue
ok 5 - subscribe-before-publish-namespace
  ---
  duration_ms: 7198
  subscriber_connection_id: 9f412fedeb17d0bded0babb6816de34c
  publisher_connection_id: b63da5ea3602361cb7a29b1a4fcaf89d
  ...
[2m2026-09-13T00:51:26.073186Z[0m [32m INFO[0m [2mmoq_test_client::scenarios[0m[2m:[0m Sending PUBLISH_NAMESPACE: moq-test/interop
[2m2026-09-13T00:51:28.073620Z[0m [32m INFO[0m [2mmoq_test_client::scenarios[0m[2m:[0m PUBLISH_NAMESPACE active; sending PUBLISH_NAMESPACE_DONE
ok 6 - publish-namespace-done
  ---
  duration_ms: 2460
  connection_id: 18161fe38ddaf58a8b865a9c6144137b
  ...
[2m2026-09-13T00:51:28.175035Z[0m [32m INFO[0m [2mmoq_test_client::scenarios[0m[2m:[0m PUBLISH_NAMESPACE_DONE sent successfully
[2m2026-09-13T00:51:28.176104Z[0m [32m INFO[0m [2mmoq_native_ietf::quic[0m[2m:[0m UDP socket bound [3mbind[0m[2m=[0m[::]:0 [3mlocal[0m[2m=[0m[::]:60026 [3mdual_stack[0m[2m=[0mtrue
[2m2026-09-13T00:51:28.520243Z[0m [32m INFO[0m [2mmoq_test_client::scenarios[0m[2m:[0m Publisher sending direct PUBLISH [3mnamespace[0m[2m=[0m/moq-test/publish [3mtrack[0m[2m=[0m"published-track"
[2m2026-09-13T00:51:28.686622Z[0m [32m INFO[0m [2mmoq_test_client::scenarios[0m[2m:[0m PUBLISH accepted [3mnamespace[0m[2m=[0m/moq-test/publish [3mtrack[0m[2m=[0m"published-track"
ok 7 - publish-track-only
  ---
  duration_ms: 511
  connection_id: dc31839104929417015e70417ecf2c09
  ...
[2m2026-09-13T00:51:28.686844Z[0m [32m INFO[0m [2mmoq_test_client::scenarios[0m[2m:[0m PUBLISH completed [3mnamespace[0m[2m=[0m/moq-test/publish [3mtrack[0m[2m=[0m"published-track"
[2m2026-09-13T00:51:28.687847Z[0m [32m INFO[0m [2mmoq_native_ietf::quic[0m[2m:[0m UDP socket bound [3mbind[0m[2m=[0m[::]:0 [3mlocal[0m[2m=[0m[::]:47153 [3mdual_stack[0m[2m=[0mtrue
[2m2026-09-13T00:51:29.054830Z[0m [32m INFO[0m [2mmoq_native_ietf::quic[0m[2m:[0m UDP socket bound [3mbind[0m[2m=[0m[::]:0 [3mlocal[0m[2m=[0m[::]:34088 [3mdual_stack[0m[2m=[0mtrue
[2m2026-09-13T00:51:29.409997Z[0m [32m INFO[0m [2mmoq_test_client::scenarios[0m[2m:[0m Publisher sending direct PUBLISH before subscriber subscribes [3mnamespace[0m[2m=[0m/moq-test/publish [3mtrack[0m[2m=[0m"published-track"
[2m2026-09-13T00:51:29.586831Z[0m [32m INFO[0m [2mmoq_test_client::scenarios[0m[2m:[0m PUBLISH accepted; starting subscriber [3mnamespace[0m[2m=[0m/moq-test/publish [3mtrack[0m[2m=[0m"published-track"
[2m2026-09-13T00:51:29.865445Z[0m [32m INFO[0m [2mmoq_test_client::scenarios[0m[2m:[0m Subscriber received direct PUBLISH track [3mnamespace[0m[2m=[0m/moq-test/publish [3mtrack[0m[2m=[0m"published-track"
ok 8 - publish-track-subscribe
  ---
  duration_ms: 1178
  publisher_connection_id: 721179128a4baaa59bb05e39a314e0f2
  subscriber_connection_id: 3a0916b8afb5a7f0faa3b10eb4170305
  ...
[2m2026-09-13T00:51:29.866476Z[0m [32m INFO[0m [2mmoq_native_ietf::quic[0m[2m:[0m UDP socket bound [3mbind[0m[2m=[0m[::]:0 [3mlocal[0m[2m=[0m[::]:48637 [3mdual_stack[0m[2m=[0mtrue
[2m2026-09-13T00:51:30.528499Z[0m [32m INFO[0m [2mmoq_test_client::scenarios[0m[2m:[0m Subscribing with RENDEZVOUS_TIMEOUT to a track with no publisher [3mtimeout_ms[0m[2m=[0m500
[2m2026-09-13T00:51:30.696403Z[0m [33m WARN[0m [2mmoq_transport::serve::error[0m[2m:[0m [e8078b4a-daf9-4ba1-a9b8-771baa70d19e] Not found: Namespace not found at moq-transport/src/session/subscriber.rs:1653
not ok 9 - rendezvous-timeout
  ---
  duration_ms: 831
  message: "expected REQUEST_ERROR TIMEOUT, got: not found: Track not found [error:e8078b4a-daf9-4ba1-a9b8-771baa70d19e]"
  ...
[2m2026-09-13T00:51:30.697594Z[0m [32m INFO[0m [2mmoq_native_ietf::quic[0m[2m:[0m UDP socket bound [3mbind[0m[2m=[0m[::]:0 [3mlocal[0m[2m=[0m[::]:35510 [3mdual_stack[0m[2m=[0mtrue
[2m2026-09-13T00:51:31.213345Z[0m [33m WARN[0m [2mmoq_transport::serve::error[0m[2m:[0m [dec4683c-0d5a-4ae0-b729-1b04edf5d78b] Not found: Namespace not found at moq-transport/src/session/subscriber.rs:1653
[2m2026-09-13T00:51:31.246589Z[0m [32m INFO[0m [2mmoq_native_ietf::quic[0m[2m:[0m UDP socket bound [3mbind[0m[2m=[0m[::]:0 [3mlocal[0m[2m=[0m[::]:39225 [3mdual_stack[0m[2m=[0mtrue
not ok 10 - moq-test-subgroup-per-group
  ---
  duration_ms: 1077
  message: "subscriber setup failed before generation started"
  ...
[2m2026-09-13T00:51:31.774984Z[0m [32m INFO[0m [2mmoq_native_ietf::quic[0m[2m:[0m UDP socket bound [3mbind[0m[2m=[0m[::]:0 [3mlocal[0m[2m=[0m[::]:53192 [3mdual_stack[0m[2m=[0mtrue
[2m2026-09-13T00:51:32.288700Z[0m [33m WARN[0m [2mmoq_transport::serve::error[0m[2m:[0m [09bf595e-130a-428b-8afd-b5ee633f3012] Not found: Namespace not found at moq-transport/src/session/subscriber.rs:1653
[2m2026-09-13T00:51:32.322762Z[0m [32m INFO[0m [2mmoq_native_ietf::quic[0m[2m:[0m UDP socket bound [3mbind[0m[2m=[0m[::]:0 [3mlocal[0m[2m=[0m[::]:60674 [3mdual_stack[0m[2m=[0mtrue
not ok 11 - moq-test-subgroup-per-group-eog
  ---
  duration_ms: 1073
  message: "subscriber setup failed before generation started"
  ...
[2m2026-09-13T00:51:32.848550Z[0m [32m INFO[0m [2mmoq_native_ietf::quic[0m[2m:[0m UDP socket bound [3mbind[0m[2m=[0m[::]:0 [3mlocal[0m[2m=[0m[::]:46843 [3mdual_stack[0m[2m=[0mtrue
[2m2026-09-13T00:51:33.374550Z[0m [33m WARN[0m [2mmoq_transport::serve::error[0m[2m:[0m [aade0ff9-b5ac-4fd5-a1f5-9b8989f6cf67] Not found: Namespace not found at moq-transport/src/session/subscriber.rs:1653
[2m2026-09-13T00:51:33.404645Z[0m [32m INFO[0m [2mmoq_native_ietf::quic[0m[2m:[0m UDP socket bound [3mbind[0m[2m=[0m[::]:0 [3mlocal[0m[2m=[0m[::]:37176 [3mdual_stack[0m[2m=[0mtrue
not ok 12 - moq-test-subgroup-per-object
  ---
  duration_ms: 1090
  message: "subscriber setup failed before generation started"
  ...
[2m2026-09-13T00:51:33.938676Z[0m [32m INFO[0m [2mmoq_native_ietf::quic[0m[2m:[0m UDP socket bound [3mbind[0m[2m=[0m[::]:0 [3mlocal[0m[2m=[0m[::]:41452 [3mdual_stack[0m[2m=[0mtrue
[2m2026-09-13T00:51:34.474168Z[0m [33m WARN[0m [2mmoq_transport::serve::error[0m[2m:[0m [00eed62a-8cb6-479d-ba69-49c7dce97a99] Not found: Namespace not found at moq-transport/src/session/subscriber.rs:1653
[2m2026-09-13T00:51:34.501964Z[0m [32m INFO[0m [2mmoq_native_ietf::quic[0m[2m:[0m UDP socket bound [3mbind[0m[2m=[0m[::]:0 [3mlocal[0m[2m=[0m[::]:48189 [3mdual_stack[0m[2m=[0mtrue
not ok 13 - moq-test-two-subgroups-eog
  ---
  duration_ms: 1092
  message: "subscriber setup failed before generation started"
  ...
[2m2026-09-13T00:51:35.031318Z[0m [32m INFO[0m [2mmoq_native_ietf::quic[0m[2m:[0m UDP socket bound [3mbind[0m[2m=[0m[::]:0 [3mlocal[0m[2m=[0m[::]:52209 [3mdual_stack[0m[2m=[0mtrue
[2m2026-09-13T00:51:35.548698Z[0m [33m WARN[0m [2mmoq_transport::serve::error[0m[2m:[0m [deb1c001-d504-495f-897c-0a630a53eca1] Not found: Namespace not found at moq-transport/src/session/subscriber.rs:1653
[2m2026-09-13T00:51:35.581969Z[0m [32m INFO[0m [2mmoq_native_ietf::quic[0m[2m:[0m UDP socket bound [3mbind[0m[2m=[0m[::]:0 [3mlocal[0m[2m=[0m[::]:37761 [3mdual_stack[0m[2m=[0mtrue
[2m2026-09-13T00:51:36.135297Z[0m [32m INFO[0m [2mmoq_native_ietf::quic[0m[2m:[0m UDP socket bound [3mbind[0m[2m=[0m[::]:0 [3mlocal[0m[2m=[0m[::]:33553 [3mdual_stack[0m[2m=[0mtrue
not ok 14 - moq-test-datagram
  ---
  duration_ms: 1104
  message: "subscriber setup failed before generation started"
  ...
[2m2026-09-13T00:51:36.634779Z[0m [33m WARN[0m [2mmoq_transport::serve::error[0m[2m:[0m [63912610-87f9-4997-a0fa-b2a39359ae06] Not found: Namespace not found at moq-transport/src/session/subscriber.rs:1653
[2m2026-09-13T00:51:36.674938Z[0m [32m INFO[0m [2mmoq_native_ietf::quic[0m[2m:[0m UDP socket bound [3mbind[0m[2m=[0m[::]:0 [3mlocal[0m[2m=[0m[::]:58896 [3mdual_stack[0m[2m=[0mtrue
not ok 15 - moq-test-datagram-eog
  ---
  duration_ms: 1055
  message: "subscriber setup failed before generation started"
  ...
[2m2026-09-13T00:51:37.190739Z[0m [32m INFO[0m [2mmoq_native_ietf::quic[0m[2m:[0m UDP socket bound [3mbind[0m[2m=[0m[::]:0 [3mlocal[0m[2m=[0m[::]:40814 [3mdual_stack[0m[2m=[0mtrue
[2m2026-09-13T00:51:37.700932Z[0m [33m WARN[0m [2mmoq_transport::serve::error[0m[2m:[0m [34818899-a0eb-45de-8df5-2bb1a91e1742] Not found: Namespace not found at moq-transport/src/session/subscriber.rs:1653
[2m2026-09-13T00:51:37.736877Z[0m [32m INFO[0m [2mmoq_native_ietf::quic[0m[2m:[0m UDP socket bound [3mbind[0m[2m=[0m[::]:0 [3mlocal[0m[2m=[0m[::]:44030 [3mdual_stack[0m[2m=[0mtrue
not ok 16 - moq-test-extensions
  ---
  duration_ms: 1065
  message: "subscriber setup failed before generation started"
  ...
[2m2026-09-13T00:51:38.255929Z[0m [32m INFO[0m [2mmoq_native_ietf::quic[0m[2m:[0m UDP socket bound [3mbind[0m[2m=[0m[::]:0 [3mlocal[0m[2m=[0m[::]:57903 [3mdual_stack[0m[2m=[0mtrue
[2m2026-09-13T00:51:38.785909Z[0m [33m WARN[0m [2mmoq_transport::serve::error[0m[2m:[0m [142e13ff-7ca7-4b4a-b7b8-2f2a8f9402cf] Not found: Namespace not found at moq-transport/src/session/subscriber.rs:1653
[2m2026-09-13T00:51:38.814761Z[0m [32m INFO[0m [2mmoq_native_ietf::quic[0m[2m:[0m UDP socket bound [3mbind[0m[2m=[0m[::]:0 [3mlocal[0m[2m=[0m[::]:32772 [3mdual_stack[0m[2m=[0mtrue
not ok 17 - moq-test-increments
  ---
  duration_ms: 1070
  message: "subscriber setup failed before generation started"
  ...
[2m2026-09-13T00:51:39.326758Z[0m [32m INFO[0m [2mmoq_native_ietf::quic[0m[2m:[0m UDP socket bound [3mbind[0m[2m=[0m[::]:0 [3mlocal[0m[2m=[0m[::]:39298 [3mdual_stack[0m[2m=[0mtrue
[2m2026-09-13T00:51:39.868295Z[0m [33m WARN[0m [2mmoq_transport::serve::error[0m[2m:[0m [513b8a5f-b772-4761-8cfe-975a29a4f203] Not found: Namespace not found at moq-transport/src/session/subscriber.rs:1653
[2m2026-09-13T00:51:39.894123Z[0m [32m INFO[0m [2mmoq_native_ietf::quic[0m[2m:[0m UDP socket bound [3mbind[0m[2m=[0m[::]:0 [3mlocal[0m[2m=[0m[::]:56562 [3mdual_stack[0m[2m=[0mtrue
not ok 18 - moq-test-forward-zero
  ---
  duration_ms: 1105
  message: "subscriber setup failed before generation started"
  ...
make[1]: *** [Makefile:122: test-external] Error 1
make[1]: Leaving directory '/home/runner/work/moq-interop-runner/moq-interop-runner/main'
