make[1]: Entering directory '/home/runner/work/moq-interop-runner/moq-interop-runner/main'
Running tests against https://us-west-2.relay.quicr.org:33437/relay...
  Client: ghcr.io/facebookexperimental/moxygen-interop-client:latest-amd64
docker run --rm \
	 \
	--network host \
	-e RELAY_URL=https://us-west-2.relay.quicr.org:33437/relay \
	-e TLS_DISABLE_VERIFY=1 \
	ghcr.io/facebookexperimental/moxygen-interop-client:latest-amd64
TAP version 14
# moxygen interop test client
# Relay: https://us-west-2.relay.quicr.org:33437/relay
# Transport: WebTransport
# Offered ALPNs: moqt-18, moqt-16, moqt-15, moq-00
1..6
W0913 01:56:02.579349     1 MoQWebTransportClient.cpp:175] WebTransport: No WT-Protocol header in response, will use legacy version negotiation
E0913 01:56:02.599998     1 MoQFramer.cpp:1041] Server selected version draft-1 but we only offer draft-14 in legacy mode
E0913 01:56:02.600016     1 MoQCodec.cpp:126] Conn error=21
E0913 01:56:02.600022     1 MoQSession.cpp:5844] MoQCodec control stream parse error err=21
not ok 1 - setup-only
  ---
  duration_ms: 303
  error: coroutine operation cancelled
  ...
W0913 01:56:02.804194     1 MoQWebTransportClient.cpp:175] WebTransport: No WT-Protocol header in response, will use legacy version negotiation
E0913 01:56:02.824847     1 MoQFramer.cpp:1041] Server selected version draft-1 but we only offer draft-14 in legacy mode
E0913 01:56:02.824865     1 MoQCodec.cpp:126] Conn error=21
E0913 01:56:02.824869     1 MoQSession.cpp:5844] MoQCodec control stream parse error err=21
not ok 2 - announce-only
  ---
  duration_ms: 224
  error: coroutine operation cancelled
  ...
W0913 01:56:02.888418     1 MoQWebTransportClient.cpp:175] WebTransport: No WT-Protocol header in response, will use legacy version negotiation
E0913 01:56:02.908167     1 MoQFramer.cpp:1041] Server selected version draft-1 but we only offer draft-14 in legacy mode
E0913 01:56:02.908182     1 MoQCodec.cpp:126] Conn error=21
E0913 01:56:02.908186     1 MoQSession.cpp:5844] MoQCodec control stream parse error err=21
not ok 3 - subscribe-error
  ---
  duration_ms: 83
  error: coroutine operation cancelled
  ...
W0913 01:56:02.974173     1 MoQWebTransportClient.cpp:175] WebTransport: No WT-Protocol header in response, will use legacy version negotiation
E0913 01:56:02.994579     1 MoQFramer.cpp:1041] Server selected version draft-1 but we only offer draft-14 in legacy mode
E0913 01:56:02.994596     1 MoQCodec.cpp:126] Conn error=21
E0913 01:56:02.994600     1 MoQSession.cpp:5844] MoQCodec control stream parse error err=21
not ok 4 - announce-subscribe
  ---
  duration_ms: 86
  error: coroutine operation cancelled
  ...
W0913 01:56:03.054559     1 MoQWebTransportClient.cpp:175] WebTransport: No WT-Protocol header in response, will use legacy version negotiation
E0913 01:56:03.074544     1 MoQFramer.cpp:1041] Server selected version draft-1 but we only offer draft-14 in legacy mode
E0913 01:56:03.074562     1 MoQCodec.cpp:126] Conn error=21
E0913 01:56:03.074566     1 MoQSession.cpp:5844] MoQCodec control stream parse error err=21
not ok 5 - publish-namespace-done
  ---
  duration_ms: 79
  error: coroutine operation cancelled
  ...
W0913 01:56:03.131103     1 MoQWebTransportClient.cpp:175] WebTransport: No WT-Protocol header in response, will use legacy version negotiation
E0913 01:56:03.151501     1 MoQFramer.cpp:1041] Server selected version draft-1 but we only offer draft-14 in legacy mode
E0913 01:56:03.151523     1 MoQCodec.cpp:126] Conn error=21
E0913 01:56:03.151527     1 MoQSession.cpp:5844] MoQCodec control stream parse error err=21
not ok 6 - subscribe-before-announce
  ---
  duration_ms: 76
  error: coroutine operation cancelled
  ...
make[1]: *** [Makefile:122: test-external] Error 1
make[1]: Leaving directory '/home/runner/work/moq-interop-runner/moq-interop-runner/main'
