make[1]: Entering directory '/home/runner/work/moq-interop-runner/moq-interop-runner/main'
Running tests against moqt://lminiero.it:9000...
  Client: ghcr.io/englishm/moq-interop-runner-moq-test-client-draft-18:latest
docker run --rm \
	 \
	--network host \
	-e RELAY_URL=moqt://lminiero.it:9000 \
	-e TLS_DISABLE_VERIFY=false \
	ghcr.io/englishm/moq-interop-runner-moq-test-client-draft-18:latest
TAP version 14
# moq-test-client v0.1.10
# Relay: moqt://lminiero.it:9000
1..6
[2m2026-08-25T00:28:02.078923Z[0m [32m INFO[0m [2mmoq_native_ietf::quic[0m[2m:[0m UDP socket bound [3mbind[0m[2m=[0m[::]:0 [3mlocal[0m[2m=[0m[::]:60053 [3mdual_stack[0m[2m=[0mtrue
[2m2026-08-25T00:28:02.332278Z[0m [32m INFO[0m [2mmoq_test_client::scenarios[0m[2m:[0m SETUP exchange completed successfully
ok 1 - setup-only
  ---
  duration_ms: 254
  connection_id: 95967ef1d3ee93e9495be286ceb256d9
  ...
[2m2026-08-25T00:28:02.333133Z[0m [32m INFO[0m [2mmoq_native_ietf::quic[0m[2m:[0m UDP socket bound [3mbind[0m[2m=[0m[::]:0 [3mlocal[0m[2m=[0m[::]:34930 [3mdual_stack[0m[2m=[0mtrue
[2m2026-08-25T00:28:02.790291Z[0m [32m INFO[0m [2mmoq_test_client::scenarios[0m[2m:[0m Sending PUBLISH_NAMESPACE for: moq-test/interop
[2m2026-08-25T00:28:04.791552Z[0m [32m INFO[0m [2mmoq_test_client::scenarios[0m[2m:[0m PUBLISH_NAMESPACE succeeded (REQUEST_OK received, waiting for subscribers)
ok 2 - publish-namespace-only
  ---
  duration_ms: 2459
  connection_id: a68d09d4b000460439efc0ac230d0518
  ...
[2m2026-08-25T00:28:04.792501Z[0m [32m INFO[0m [2mmoq_native_ietf::quic[0m[2m:[0m UDP socket bound [3mbind[0m[2m=[0m[::]:0 [3mlocal[0m[2m=[0m[::]:38774 [3mdual_stack[0m[2m=[0mtrue
[2m2026-08-25T00:28:05.258867Z[0m [32m INFO[0m [2mmoq_test_client::scenarios[0m[2m:[0m Subscribing to non-existent track: nonexistent/namespace/test-track
[2m2026-08-25T00:28:05.379313Z[0m [33m WARN[0m [2mmoq_transport::serve::error[0m[2m:[0m [80b26394-f5da-4d29-a21f-06778e29756f] Not found: Namespace not found at moq-transport/src/session/subscriber.rs:483
[2m2026-08-25T00:28:05.379341Z[0m [33m WARN[0m [2mmoq_transport::session::reader[0m[2m:[0m [READER] decode: stream ended while waiting for data (have=0 bytes, need=1)
[2m2026-08-25T00:28:05.379372Z[0m [32m INFO[0m [2mmoq_test_client::scenarios[0m[2m:[0m Got expected 'not found' error: not found: Track not found [error:80b26394-f5da-4d29-a21f-06778e29756f]
ok 3 - subscribe-error
  ---
  duration_ms: 587
  connection_id: 251836a32485661f25602dca219a0931
  ...
[2m2026-08-25T00:28:05.380183Z[0m [32m INFO[0m [2mmoq_native_ietf::quic[0m[2m:[0m UDP socket bound [3mbind[0m[2m=[0m[::]:0 [3mlocal[0m[2m=[0m[::]:48589 [3mdual_stack[0m[2m=[0mtrue
[2m2026-08-25T00:28:05.623302Z[0m [32m INFO[0m [2mmoq_native_ietf::quic[0m[2m:[0m UDP socket bound [3mbind[0m[2m=[0m[::]:0 [3mlocal[0m[2m=[0m[::]:39890 [3mdual_stack[0m[2m=[0mtrue
[2m2026-08-25T00:28:05.889024Z[0m [32m INFO[0m [2mmoq_test_client::scenarios[0m[2m:[0m Publisher sending PUBLISH_NAMESPACE: moq-test/interop
[2m2026-08-25T00:28:05.889048Z[0m [32m INFO[0m [2mmoq_test_client::scenarios[0m[2m:[0m Subscriber subscribing to track: moq-test/interop/test-track
[2m2026-08-25T00:28:08.890642Z[0m [32m INFO[0m [2mmoq_test_client::scenarios[0m[2m:[0m Test timeout reached - subscription routing may still be in progress
ok 4 - publish-namespace-subscribe
  ---
  duration_ms: 3511
  publisher_connection_id: b4eed21fb67f218805be0c0e638d21e3
  subscriber_connection_id: 2fa159b68b9e40236608f95be31feafa
  ...
[2m2026-08-25T00:28:08.891552Z[0m [32m INFO[0m [2mmoq_native_ietf::quic[0m[2m:[0m UDP socket bound [3mbind[0m[2m=[0m[::]:0 [3mlocal[0m[2m=[0m[::]:34109 [3mdual_stack[0m[2m=[0mtrue
[2m2026-08-25T00:28:09.360976Z[0m [32m INFO[0m [2mmoq_test_client::scenarios[0m[2m:[0m Subscriber subscribing BEFORE PUBLISH_NAMESPACE: moq-test/interop/test-track
[2m2026-08-25T00:28:09.499871Z[0m [33m WARN[0m [2mmoq_transport::serve::error[0m[2m:[0m [90b736ed-370b-4e78-b2cc-4195ad3685d5] Not found: Namespace not found at moq-transport/src/session/subscriber.rs:483
[2m2026-08-25T00:28:09.499900Z[0m [33m WARN[0m [2mmoq_transport::session::reader[0m[2m:[0m [READER] decode: stream ended while waiting for data (have=0 bytes, need=1)
[2m2026-08-25T00:28:09.862741Z[0m [32m INFO[0m [2mmoq_native_ietf::quic[0m[2m:[0m UDP socket bound [3mbind[0m[2m=[0m[::]:0 [3mlocal[0m[2m=[0m[::]:52910 [3mdual_stack[0m[2m=[0mtrue
[2m2026-08-25T00:28:10.328936Z[0m [32m INFO[0m [2mmoq_test_client::scenarios[0m[2m:[0m Publisher sending PUBLISH_NAMESPACE (after subscriber): moq-test/interop
[2m2026-08-25T00:28:13.330187Z[0m [32m INFO[0m [2mmoq_test_client::scenarios[0m[2m:[0m Publisher PUBLISH_NAMESPACE timeout (expected)
[2m2026-08-25T00:28:13.330211Z[0m [32m INFO[0m [2mmoq_test_client::scenarios[0m[2m:[0m Subscriber got error: not found: Track not found [error:90b736ed-370b-4e78-b2cc-4195ad3685d5] (may be expected)
ok 5 - subscribe-before-publish-namespace
  ---
  duration_ms: 4439
  subscriber_connection_id: 194a3c806e819b63bfe270ba48ecd8e7
  publisher_connection_id: afae8f2e9d3bc1c433667c76a16215b2
  ...
[2m2026-08-25T00:28:13.330954Z[0m [32m INFO[0m [2mmoq_native_ietf::quic[0m[2m:[0m UDP socket bound [3mbind[0m[2m=[0m[::]:0 [3mlocal[0m[2m=[0m[::]:58229 [3mdual_stack[0m[2m=[0mtrue
[2m2026-08-25T00:28:13.794330Z[0m [32m INFO[0m [2mmoq_test_client::scenarios[0m[2m:[0m Sending PUBLISH_NAMESPACE: moq-test/interop
[2m2026-08-25T00:28:15.795873Z[0m [32m INFO[0m [2mmoq_test_client::scenarios[0m[2m:[0m PUBLISH_NAMESPACE active; sending PUBLISH_NAMESPACE_DONE
[2m2026-08-25T00:28:15.897206Z[0m [32m INFO[0m [2mmoq_test_client::scenarios[0m[2m:[0m PUBLISH_NAMESPACE_DONE sent successfully
ok 6 - publish-namespace-done
  ---
  duration_ms: 2567
  connection_id: f9a506532f4e068694f7c90b59c28227
  ...
make[1]: Leaving directory '/home/runner/work/moq-interop-runner/moq-interop-runner/main'
