make[1]: Entering directory '/home/runner/work/moq-interop-runner/moq-interop-runner/main'
Running tests against moqt://fb.mvfst.net:9448...
  Client: ghcr.io/englishm/moq-interop-runner-moq-test-client-draft-16:latest
docker run --rm \
	 \
	--network host \
	-e RELAY_URL=moqt://fb.mvfst.net:9448 \
	-e TLS_DISABLE_VERIFY=1 \
	ghcr.io/englishm/moq-interop-runner-moq-test-client-draft-16:latest
TAP version 14
# moq-test-client v0.1.0
# Relay: moqt://fb.mvfst.net:9448
1..6
ok 1 - setup-only
  ---
  duration_ms: 95
  connection_id: abcfba0ba8e921e7ee290f5ac05016c5
  ...
ok 2 - announce-only
  ---
  duration_ms: 2070
  connection_id: e87d6b1f3dc01767a2072c88622da30f
  ...
ok 3 - subscribe-error
  ---
  duration_ms: 74
  connection_id: 216b209a18bbf8fd1a88f61d52d4f593
  ...
ok 4 - announce-subscribe
  ---
  duration_ms: 261
  publisher_connection_id: 5b1575beed78f49f213fde49cd8f63c8
  subscriber_connection_id: 901a2aab43192a4a7aaaf11ecd8d9494
  ...
ok 5 - subscribe-before-announce
  ---
  duration_ms: 3693
  subscriber_connection_id: 8be563fc0647a6f7af054347a4e2d8ec
  publisher_connection_id: 1aaa7118bd6c88ba735c72b198f7459f
  ...
ok 6 - publish-namespace-done
  ---
  duration_ms: 2163
  connection_id: 3a77f956748b3abd136b89e9baead70d
  ...
make[1]: Leaving directory '/home/runner/work/moq-interop-runner/moq-interop-runner/main'
