make[1]: Entering directory '/home/runner/work/moq-interop-runner/moq-interop-runner/main'
Running tests against moqt://draft-18-interop.cloudflare.mediaoverquic.com:443...
  Client: ghcr.io/englishm/moq-interop-runner-moq-test-client-draft-18:latest
docker run --rm \
	 \
	--network host \
	-e RELAY_URL=moqt://draft-18-interop.cloudflare.mediaoverquic.com:443 \
	-e TLS_DISABLE_VERIFY=false \
	ghcr.io/englishm/moq-interop-runner-moq-test-client-draft-18:latest
TAP version 14
# moq-test-client v0.1.10
# Relay: moqt://draft-18-interop.cloudflare.mediaoverquic.com:443
1..6
[2m2026-08-25T00:28:57.659521Z[0m [32m INFO[0m [2mmoq_native_ietf::quic[0m[2m:[0m UDP socket bound [3mbind[0m[2m=[0m[::]:0 [3mlocal[0m[2m=[0m[::]:44065 [3mdual_stack[0m[2m=[0mtrue
[2m2026-08-25T00:28:57.911099Z[0m [32m INFO[0m [2mmoq_test_client::scenarios[0m[2m:[0m SETUP exchange completed successfully
ok 1 - setup-only
  ---
  duration_ms: 252
  connection_id: 7cef002dca57a4c7186bb52dbf940cd6
  ...
[2m2026-08-25T00:28:57.911938Z[0m [32m INFO[0m [2mmoq_native_ietf::quic[0m[2m:[0m UDP socket bound [3mbind[0m[2m=[0m[::]:0 [3mlocal[0m[2m=[0m[::]:52262 [3mdual_stack[0m[2m=[0mtrue
[2m2026-08-25T00:28:58.210646Z[0m [32m INFO[0m [2mmoq_test_client::scenarios[0m[2m:[0m Sending PUBLISH_NAMESPACE for: moq-test/interop
[2m2026-08-25T00:29:00.212271Z[0m [32m INFO[0m [2mmoq_test_client::scenarios[0m[2m:[0m PUBLISH_NAMESPACE succeeded (REQUEST_OK received, waiting for subscribers)
ok 2 - publish-namespace-only
  ---
  duration_ms: 2301
  connection_id: 299321b47e83338ce4abcf8b1f38d05d
  ...
[2m2026-08-25T00:29:00.213206Z[0m [32m INFO[0m [2mmoq_native_ietf::quic[0m[2m:[0m UDP socket bound [3mbind[0m[2m=[0m[::]:0 [3mlocal[0m[2m=[0m[::]:33822 [3mdual_stack[0m[2m=[0mtrue
[2m2026-08-25T00:29:00.459960Z[0m [32m INFO[0m [2mmoq_test_client::scenarios[0m[2m:[0m Subscribing to non-existent track: nonexistent/namespace/test-track
[2m2026-08-25T00:29:00.525057Z[0m [33m WARN[0m [2mmoq_transport::serve::error[0m[2m:[0m [d09c94c3-644b-4e68-b860-dafca98f1734] Not found: not found: Track not found [error:7705e0a7-b2ad-4b0e-ac52-b6d38bfcea80] at moq-transport/src/session/subscriber.rs:483
[2m2026-08-25T00:29:00.525106Z[0m [32m INFO[0m [2mmoq_test_client::scenarios[0m[2m:[0m Got expected 'not found' error: not found: Track not found [error:d09c94c3-644b-4e68-b860-dafca98f1734]
ok 3 - subscribe-error
  ---
  duration_ms: 312
  connection_id: 4b48e5649e57b73eb89019208dbcfba9
  ...
[2m2026-08-25T00:29:00.525988Z[0m [32m INFO[0m [2mmoq_native_ietf::quic[0m[2m:[0m UDP socket bound [3mbind[0m[2m=[0m[::]:0 [3mlocal[0m[2m=[0m[::]:45972 [3mdual_stack[0m[2m=[0mtrue
[2m2026-08-25T00:29:00.769004Z[0m [32m INFO[0m [2mmoq_native_ietf::quic[0m[2m:[0m UDP socket bound [3mbind[0m[2m=[0m[::]:0 [3mlocal[0m[2m=[0m[::]:49214 [3mdual_stack[0m[2m=[0mtrue
[2m2026-08-25T00:29:01.080011Z[0m [32m INFO[0m [2mmoq_test_client::scenarios[0m[2m:[0m Publisher sending PUBLISH_NAMESPACE: moq-test/interop
[2m2026-08-25T00:29:01.080029Z[0m [32m INFO[0m [2mmoq_test_client::scenarios[0m[2m:[0m Subscriber subscribing to track: moq-test/interop/test-track
[2m2026-08-25T00:29:01.145047Z[0m [33m WARN[0m [2mmoq_transport::serve::error[0m[2m:[0m [c03b91ab-c0af-4fb4-a7da-23e680485586] Not found: not found: Track not found [error:c3bf9e79-e34b-425c-b030-9b9ec7f5bd2e] at moq-transport/src/session/subscriber.rs:483
[2m2026-08-25T00:29:01.145206Z[0m [32m INFO[0m [2mmoq_test_client::scenarios[0m[2m:[0m Subscriber got error: not found: Track not found [error:c03b91ab-c0af-4fb4-a7da-23e680485586] - subscription was processed
ok 4 - publish-namespace-subscribe
  ---
  duration_ms: 620
  publisher_connection_id: 6e64d6f3c5dad401893abb888d640c7a
  subscriber_connection_id: fb228f0401d68c32b96de1d60b57076d
  ...
[2m2026-08-25T00:29:01.146067Z[0m [32m INFO[0m [2mmoq_native_ietf::quic[0m[2m:[0m UDP socket bound [3mbind[0m[2m=[0m[::]:0 [3mlocal[0m[2m=[0m[::]:34743 [3mdual_stack[0m[2m=[0mtrue
[2m2026-08-25T00:29:01.398103Z[0m [32m INFO[0m [2mmoq_test_client::scenarios[0m[2m:[0m Subscriber subscribing BEFORE PUBLISH_NAMESPACE: moq-test/interop/test-track
[2m2026-08-25T00:29:01.463873Z[0m [33m WARN[0m [2mmoq_transport::serve::error[0m[2m:[0m [31bafdb3-d807-4dab-b2f7-3a732f989d96] Not found: not found: Track not found [error:723acb24-b208-4bf0-813a-2f772d793e25] at moq-transport/src/session/subscriber.rs:483
[2m2026-08-25T00:29:01.899434Z[0m [32m INFO[0m [2mmoq_native_ietf::quic[0m[2m:[0m UDP socket bound [3mbind[0m[2m=[0m[::]:0 [3mlocal[0m[2m=[0m[::]:38450 [3mdual_stack[0m[2m=[0mtrue
[2m2026-08-25T00:29:02.200217Z[0m [32m INFO[0m [2mmoq_test_client::scenarios[0m[2m:[0m Publisher sending PUBLISH_NAMESPACE (after subscriber): moq-test/interop
[2m2026-08-25T00:29:05.200984Z[0m [32m INFO[0m [2mmoq_test_client::scenarios[0m[2m:[0m Publisher PUBLISH_NAMESPACE timeout (expected)
[2m2026-08-25T00:29:05.201008Z[0m [32m INFO[0m [2mmoq_test_client::scenarios[0m[2m:[0m Subscriber got error: not found: Track not found [error:31bafdb3-d807-4dab-b2f7-3a732f989d96] (may be expected)
ok 5 - subscribe-before-publish-namespace
  ---
  duration_ms: 4055
  subscriber_connection_id: c6ec787fc1c07b3bd501c72d586cd02d
  publisher_connection_id: 71e1cc94d0be92e27585d55a9751bb8c
  ...
[2m2026-08-25T00:29:05.201784Z[0m [32m INFO[0m [2mmoq_native_ietf::quic[0m[2m:[0m UDP socket bound [3mbind[0m[2m=[0m[::]:0 [3mlocal[0m[2m=[0m[::]:52969 [3mdual_stack[0m[2m=[0mtrue
[2m2026-08-25T00:29:05.442328Z[0m [32m INFO[0m [2mmoq_test_client::scenarios[0m[2m:[0m Sending PUBLISH_NAMESPACE: moq-test/interop
[2m2026-08-25T00:29:07.444278Z[0m [32m INFO[0m [2mmoq_test_client::scenarios[0m[2m:[0m PUBLISH_NAMESPACE active; sending PUBLISH_NAMESPACE_DONE
[2m2026-08-25T00:29:07.544544Z[0m [32m INFO[0m [2mmoq_test_client::scenarios[0m[2m:[0m PUBLISH_NAMESPACE_DONE sent successfully
ok 6 - publish-namespace-done
  ---
  duration_ms: 2343
  connection_id: 7cecb2a7186b32a04b418ef7714c7af8
  ...
make[1]: Leaving directory '/home/runner/work/moq-interop-runner/moq-interop-runner/main'
