make[1]: Entering directory '/home/runner/work/moq-interop-runner/moq-interop-runner/main'
Running tests against https://fb.mvfst.net:9448/moq-relay...
  Client: ghcr.io/englishm/moq-interop-runner-moq-test-client-draft-18:latest
docker run --rm \
	 \
	--network host \
	-e RELAY_URL=https://fb.mvfst.net:9448/moq-relay \
	-e TLS_DISABLE_VERIFY=1 \
	ghcr.io/englishm/moq-interop-runner-moq-test-client-draft-18:latest
TAP version 14
# moq-test-client v0.1.10
# Relay: https://fb.mvfst.net:9448/moq-relay
1..6
[2m2026-08-25T00:30:53.865590Z[0m [32m INFO[0m [2mmoq_native_ietf::quic[0m[2m:[0m UDP socket bound [3mbind[0m[2m=[0m[::]:0 [3mlocal[0m[2m=[0m[::]:51873 [3mdual_stack[0m[2m=[0mtrue
[2m2026-08-25T00:30:53.957805Z[0m [32m INFO[0m [2mmoq_test_client::scenarios[0m[2m:[0m SETUP exchange completed successfully
ok 1 - setup-only
  ---
  duration_ms: 93
  connection_id: a3beb2556054b1be08a37076e97578c7
  ...
[2m2026-08-25T00:30:53.958647Z[0m [32m INFO[0m [2mmoq_native_ietf::quic[0m[2m:[0m UDP socket bound [3mbind[0m[2m=[0m[::]:0 [3mlocal[0m[2m=[0m[::]:57690 [3mdual_stack[0m[2m=[0mtrue
[2m2026-08-25T00:30:53.974125Z[0m [33m WARN[0m [2mweb_transport_quinn::session[0m[2m:[0m failed to read capsule [3me[0m[2m=[0mUnexpectedEnd
[2m2026-08-25T00:30:54.123278Z[0m [32m INFO[0m [2mmoq_test_client::scenarios[0m[2m:[0m Sending PUBLISH_NAMESPACE for: moq-test/interop
[2m2026-08-25T00:30:56.124256Z[0m [32m INFO[0m [2mmoq_test_client::scenarios[0m[2m:[0m PUBLISH_NAMESPACE succeeded (REQUEST_OK received, waiting for subscribers)
ok 2 - publish-namespace-only
  ---
  duration_ms: 2166
  connection_id: 7fcfa9fa8911141198e5ee65d41dc9b1
  ...
[2m2026-08-25T00:30:56.125064Z[0m [32m INFO[0m [2mmoq_native_ietf::quic[0m[2m:[0m UDP socket bound [3mbind[0m[2m=[0m[::]:0 [3mlocal[0m[2m=[0m[::]:37552 [3mdual_stack[0m[2m=[0mtrue
[2m2026-08-25T00:30:56.143473Z[0m [33m WARN[0m [2mweb_transport_quinn::session[0m[2m:[0m failed to read capsule [3me[0m[2m=[0mUnexpectedEnd
[2m2026-08-25T00:30:56.221627Z[0m [32m INFO[0m [2mmoq_test_client::scenarios[0m[2m:[0m Subscribing to non-existent track: nonexistent/namespace/test-track
[2m2026-08-25T00:30:56.239779Z[0m [33m WARN[0m [2mmoq_transport::serve::error[0m[2m:[0m [04befc96-d179-497a-a1b1-d1533a52e9af] Not found: no such namespace or track at moq-transport/src/session/subscriber.rs:483
[2m2026-08-25T00:30:56.239810Z[0m [33m WARN[0m [2mmoq_transport::session::reader[0m[2m:[0m [READER] decode: stream ended while waiting for data (have=0 bytes, need=1)
[2m2026-08-25T00:30:56.239851Z[0m [32m INFO[0m [2mmoq_test_client::scenarios[0m[2m:[0m Got expected 'not found' error: not found: Track not found [error:04befc96-d179-497a-a1b1-d1533a52e9af]
ok 3 - subscribe-error
  ---
  duration_ms: 115
  connection_id: ac1f30d7583568510a81cc51113d94ec
  ...
[2m2026-08-25T00:30:56.240751Z[0m [32m INFO[0m [2mmoq_native_ietf::quic[0m[2m:[0m UDP socket bound [3mbind[0m[2m=[0m[::]:0 [3mlocal[0m[2m=[0m[::]:56487 [3mdual_stack[0m[2m=[0mtrue
[2m2026-08-25T00:30:56.256522Z[0m [33m WARN[0m [2mweb_transport_quinn::session[0m[2m:[0m failed to read capsule [3me[0m[2m=[0mUnexpectedEnd
[2m2026-08-25T00:30:56.315948Z[0m [32m INFO[0m [2mmoq_native_ietf::quic[0m[2m:[0m UDP socket bound [3mbind[0m[2m=[0m[::]:0 [3mlocal[0m[2m=[0m[::]:50249 [3mdual_stack[0m[2m=[0mtrue
[2m2026-08-25T00:30:56.471955Z[0m [32m INFO[0m [2mmoq_test_client::scenarios[0m[2m:[0m Publisher sending PUBLISH_NAMESPACE: moq-test/interop
[2m2026-08-25T00:30:56.471972Z[0m [32m INFO[0m [2mmoq_test_client::scenarios[0m[2m:[0m Subscriber subscribing to track: moq-test/interop/test-track
[2m2026-08-25T00:30:59.472947Z[0m [32m INFO[0m [2mmoq_test_client::scenarios[0m[2m:[0m Test timeout reached - subscription routing may still be in progress
ok 4 - publish-namespace-subscribe
  ---
  duration_ms: 3233
  publisher_connection_id: c3d27bfddcaec598c822e52ab4396f4b
  subscriber_connection_id: d23bb33debfcd3e4910bf52339cd48dc
  ...
[2m2026-08-25T00:30:59.473914Z[0m [32m INFO[0m [2mmoq_native_ietf::quic[0m[2m:[0m UDP socket bound [3mbind[0m[2m=[0m[::]:0 [3mlocal[0m[2m=[0m[::]:50953 [3mdual_stack[0m[2m=[0mtrue
[2m2026-08-25T00:30:59.492715Z[0m [33m WARN[0m [2mweb_transport_quinn::session[0m[2m:[0m failed to read capsule [3me[0m[2m=[0mUnexpectedEnd
[2m2026-08-25T00:30:59.497002Z[0m [33m WARN[0m [2mweb_transport_quinn::session[0m[2m:[0m failed to read capsule [3me[0m[2m=[0mUnexpectedEnd
[2m2026-08-25T00:30:59.611086Z[0m [32m INFO[0m [2mmoq_test_client::scenarios[0m[2m:[0m Subscriber subscribing BEFORE PUBLISH_NAMESPACE: moq-test/interop/test-track
[2m2026-08-25T00:30:59.630717Z[0m [33m WARN[0m [2mmoq_transport::serve::error[0m[2m:[0m [1e759156-637c-4387-99e6-434a379d7904] Not found: no such namespace or track at moq-transport/src/session/subscriber.rs:483
[2m2026-08-25T00:30:59.630737Z[0m [33m WARN[0m [2mmoq_transport::session::reader[0m[2m:[0m [READER] decode: stream ended while waiting for data (have=0 bytes, need=1)
[2m2026-08-25T00:30:59.648513Z[0m [33m WARN[0m [2mweb_transport_quinn::session[0m[2m:[0m failed to read capsule [3me[0m[2m=[0mUnexpectedEnd
[2m2026-08-25T00:31:00.112703Z[0m [32m INFO[0m [2mmoq_native_ietf::quic[0m[2m:[0m UDP socket bound [3mbind[0m[2m=[0m[::]:0 [3mlocal[0m[2m=[0m[::]:59617 [3mdual_stack[0m[2m=[0mtrue
[2m2026-08-25T00:31:00.211196Z[0m [32m INFO[0m [2mmoq_test_client::scenarios[0m[2m:[0m Publisher sending PUBLISH_NAMESPACE (after subscriber): moq-test/interop
[2m2026-08-25T00:31:03.211651Z[0m [32m INFO[0m [2mmoq_test_client::scenarios[0m[2m:[0m Publisher PUBLISH_NAMESPACE timeout (expected)
[2m2026-08-25T00:31:03.211691Z[0m [32m INFO[0m [2mmoq_test_client::scenarios[0m[2m:[0m Subscriber got error: not found: Track not found [error:1e759156-637c-4387-99e6-434a379d7904] (may be expected)
ok 5 - subscribe-before-publish-namespace
  ---
  duration_ms: 3738
  subscriber_connection_id: ab30450729a7d339da2306d96461afdb
  publisher_connection_id: 9d8747a05803c0355d255a2086a496de
  ...
[2m2026-08-25T00:31:03.212569Z[0m [32m INFO[0m [2mmoq_native_ietf::quic[0m[2m:[0m UDP socket bound [3mbind[0m[2m=[0m[::]:0 [3mlocal[0m[2m=[0m[::]:37890 [3mdual_stack[0m[2m=[0mtrue
[2m2026-08-25T00:31:03.230091Z[0m [33m WARN[0m [2mweb_transport_quinn::session[0m[2m:[0m failed to read capsule [3me[0m[2m=[0mUnexpectedEnd
[2m2026-08-25T00:31:03.293541Z[0m [32m INFO[0m [2mmoq_test_client::scenarios[0m[2m:[0m Sending PUBLISH_NAMESPACE: moq-test/interop
[2m2026-08-25T00:31:05.294625Z[0m [32m INFO[0m [2mmoq_test_client::scenarios[0m[2m:[0m PUBLISH_NAMESPACE active; sending PUBLISH_NAMESPACE_DONE
[2m2026-08-25T00:31:05.396476Z[0m [32m INFO[0m [2mmoq_test_client::scenarios[0m[2m:[0m PUBLISH_NAMESPACE_DONE sent successfully
ok 6 - publish-namespace-done
  ---
  duration_ms: 2184
  connection_id: 8f73e0a1c2d532c39e8107409b079547
  ...
make[1]: Leaving directory '/home/runner/work/moq-interop-runner/moq-interop-runner/main'
