make[1]: Entering directory '/home/runner/work/moq-interop-runner/moq-interop-runner/main'
Running tests against moqt://moqt.nokiaresearch.com:4443/moq...
  Client: ghcr.io/openmoq/moqx-interop-client:latest
docker run --rm \
	 \
	--network host \
	-e RELAY_URL=moqt://moqt.nokiaresearch.com:4443/moq \
	-e TLS_DISABLE_VERIFY=false \
	ghcr.io/openmoq/moqx-interop-client:latest
TAP version 14
# moxygen interop test client
# Relay: moqt://moqt.nokiaresearch.com:4443/moq
# Transport: QUIC
# Offered ALPNs: moqt-18, moqt-16, moqt-15, moq-00
1..6
E0825 00:33:24.022204     1 MoQCodec.cpp:95] Frame underflow -> parse error
E0825 00:33:24.022239     1 MoQCodec.cpp:126] Conn error=3
E0825 00:33:24.022243     1 MoQSession.cpp:5779] MoQCodec control stream parse error err=3
not ok 1 - setup-only
  ---
  duration_ms: 397
  error: coroutine operation cancelled
  ...
E0825 00:33:24.399798     1 MoQCodec.cpp:95] Frame underflow -> parse error
E0825 00:33:24.399827     1 MoQCodec.cpp:126] Conn error=3
E0825 00:33:24.399831     1 MoQSession.cpp:5779] MoQCodec control stream parse error err=3
not ok 2 - announce-only
  ---
  duration_ms: 377
  error: coroutine operation cancelled
  ...
E0825 00:33:24.741903     1 MoQCodec.cpp:95] Frame underflow -> parse error
E0825 00:33:24.741932     1 MoQCodec.cpp:126] Conn error=3
E0825 00:33:24.741936     1 MoQSession.cpp:5779] MoQCodec control stream parse error err=3
not ok 3 - subscribe-error
  ---
  duration_ms: 341
  error: coroutine operation cancelled
  ...
E0825 00:33:25.096269     1 MoQCodec.cpp:95] Frame underflow -> parse error
E0825 00:33:25.096303     1 MoQCodec.cpp:126] Conn error=3
E0825 00:33:25.096308     1 MoQSession.cpp:5779] MoQCodec control stream parse error err=3
not ok 4 - announce-subscribe
  ---
  duration_ms: 354
  error: coroutine operation cancelled
  ...
E0825 00:33:25.450335     1 MoQCodec.cpp:95] Frame underflow -> parse error
E0825 00:33:25.450365     1 MoQCodec.cpp:126] Conn error=3
E0825 00:33:25.450369     1 MoQSession.cpp:5779] MoQCodec control stream parse error err=3
not ok 5 - publish-namespace-done
  ---
  duration_ms: 353
  error: coroutine operation cancelled
  ...
E0825 00:33:25.788267     1 MoQCodec.cpp:95] Frame underflow -> parse error
E0825 00:33:25.788297     1 MoQCodec.cpp:126] Conn error=3
E0825 00:33:25.788301     1 MoQSession.cpp:5779] MoQCodec control stream parse error err=3
not ok 6 - subscribe-before-announce
  ---
  duration_ms: 337
  error: coroutine operation cancelled
  ...
make[1]: *** [Makefile:122: test-external] Error 1
make[1]: Leaving directory '/home/runner/work/moq-interop-runner/moq-interop-runner/main'
