make[1]: Entering directory '/home/runner/work/moq-interop-runner/moq-interop-runner/main'
Running tests against https://moqt.nokiaresearch.com:4443/moq...
  Client: ghcr.io/facebookexperimental/moxygen-interop-client:latest-amd64
docker run --rm \
	 \
	--network host \
	-e RELAY_URL=https://moqt.nokiaresearch.com:4443/moq \
	-e TLS_DISABLE_VERIFY=false \
	ghcr.io/facebookexperimental/moxygen-interop-client:latest-amd64
TAP version 14
# moxygen interop test client
# Relay: https://moqt.nokiaresearch.com:4443/moq
# Transport: WebTransport
# Offered ALPNs: moqt-18, moqt-16, moqt-15, moq-00
1..6
E0825 00:36:15.529894     1 MoQCodec.cpp:95] Frame underflow -> parse error
E0825 00:36:15.529929     1 MoQCodec.cpp:126] Conn error=3
E0825 00:36:15.529933     1 MoQSession.cpp:5765] MoQCodec control stream parse error err=3
not ok 1 - setup-only
  ---
  duration_ms: 449
  error: coroutine operation cancelled
  ...
E0825 00:36:16.003180     1 MoQCodec.cpp:95] Frame underflow -> parse error
E0825 00:36:16.003204     1 MoQCodec.cpp:126] Conn error=3
E0825 00:36:16.003208     1 MoQSession.cpp:5765] MoQCodec control stream parse error err=3
not ok 2 - announce-only
  ---
  duration_ms: 473
  error: coroutine operation cancelled
  ...
E0825 00:36:16.471546     1 MoQCodec.cpp:95] Frame underflow -> parse error
E0825 00:36:16.471574     1 MoQCodec.cpp:126] Conn error=3
E0825 00:36:16.471579     1 MoQSession.cpp:5765] MoQCodec control stream parse error err=3
not ok 3 - subscribe-error
  ---
  duration_ms: 468
  error: coroutine operation cancelled
  ...
E0825 00:36:16.934305     1 MoQCodec.cpp:95] Frame underflow -> parse error
E0825 00:36:16.934330     1 MoQCodec.cpp:126] Conn error=3
E0825 00:36:16.934334     1 MoQSession.cpp:5765] MoQCodec control stream parse error err=3
not ok 4 - announce-subscribe
  ---
  duration_ms: 462
  error: coroutine operation cancelled
  ...
E0825 00:36:17.482333     1 MoQCodec.cpp:95] Frame underflow -> parse error
E0825 00:36:17.482358     1 MoQCodec.cpp:126] Conn error=3
E0825 00:36:17.482362     1 MoQSession.cpp:5765] MoQCodec control stream parse error err=3
not ok 5 - publish-namespace-done
  ---
  duration_ms: 547
  error: coroutine operation cancelled
  ...
E0825 00:36:17.912488     1 MoQCodec.cpp:95] Frame underflow -> parse error
E0825 00:36:17.912512     1 MoQCodec.cpp:126] Conn error=3
E0825 00:36:17.912515     1 MoQSession.cpp:5765] MoQCodec control stream parse error err=3
not ok 6 - subscribe-before-announce
  ---
  duration_ms: 430
  error: coroutine operation cancelled
  ...
make[1]: *** [Makefile:122: test-external] Error 1
make[1]: Leaving directory '/home/runner/work/moq-interop-runner/moq-interop-runner/main'
