make[1]: Entering directory '/home/runner/work/moq-interop-runner/moq-interop-runner/main'
Running tests against https://lminiero.it:9000...
  Client: ghcr.io/englishm/moq-interop-runner-moq-test-client-draft-18:latest
docker run --rm \
	 \
	--network host \
	-e RELAY_URL=https://lminiero.it:9000 \
	-e TLS_DISABLE_VERIFY=false \
	ghcr.io/englishm/moq-interop-runner-moq-test-client-draft-18:latest
TAP version 14
# moq-test-client v0.1.10
# Relay: https://lminiero.it:9000/
1..6
[2m2026-08-27T01:45:39.619058Z[0m [32m INFO[0m [2mmoq_native_ietf::quic[0m[2m:[0m UDP socket bound [3mbind[0m[2m=[0m[::]:0 [3mlocal[0m[2m=[0m[::]:40866 [3mdual_stack[0m[2m=[0mtrue
[2m2026-08-27T01:45:40.382001Z[0m [32m INFO[0m [2mmoq_test_client::scenarios[0m[2m:[0m SETUP exchange completed successfully
ok 1 - setup-only
  ---
  duration_ms: 763
  connection_id: 84bf9a08412726139fbdac26baddacd8
  ...
[2m2026-08-27T01:45:40.382999Z[0m [32m INFO[0m [2mmoq_native_ietf::quic[0m[2m:[0m UDP socket bound [3mbind[0m[2m=[0m[::]:0 [3mlocal[0m[2m=[0m[::]:33499 [3mdual_stack[0m[2m=[0mtrue
[2m2026-08-27T01:45:41.147575Z[0m [32m INFO[0m [2mmoq_test_client::scenarios[0m[2m:[0m Sending PUBLISH_NAMESPACE for: moq-test/interop
[2m2026-08-27T01:45:43.148878Z[0m [32m INFO[0m [2mmoq_test_client::scenarios[0m[2m:[0m PUBLISH_NAMESPACE succeeded (REQUEST_OK received, waiting for subscribers)
ok 2 - publish-namespace-only
  ---
  duration_ms: 2766
  connection_id: 4f63fde6b1017e1cf0cfc1a3ecc667c5
  ...
[2m2026-08-27T01:45:43.150123Z[0m [32m INFO[0m [2mmoq_native_ietf::quic[0m[2m:[0m UDP socket bound [3mbind[0m[2m=[0m[::]:0 [3mlocal[0m[2m=[0m[::]:44629 [3mdual_stack[0m[2m=[0mtrue
[2m2026-08-27T01:45:43.916942Z[0m [32m INFO[0m [2mmoq_test_client::scenarios[0m[2m:[0m Subscribing to non-existent track: nonexistent/namespace/test-track
[2m2026-08-27T01:45:44.065069Z[0m [33m WARN[0m [2mmoq_transport::serve::error[0m[2m:[0m [63364a7b-168b-4c47-ab4f-4b4a33160afc] Not found: Namespace not found at moq-transport/src/session/subscriber.rs:483
[2m2026-08-27T01:45:44.065098Z[0m [33m WARN[0m [2mmoq_transport::session::reader[0m[2m:[0m [READER] decode: stream ended while waiting for data (have=0 bytes, need=1)
[2m2026-08-27T01:45:44.065149Z[0m [32m INFO[0m [2mmoq_test_client::scenarios[0m[2m:[0m Got expected 'not found' error: not found: Track not found [error:63364a7b-168b-4c47-ab4f-4b4a33160afc]
ok 3 - subscribe-error
  ---
  duration_ms: 916
  connection_id: 1a1a97f560e370770c115cc12c0a09e5
  ...
[2m2026-08-27T01:45:44.066204Z[0m [32m INFO[0m [2mmoq_native_ietf::quic[0m[2m:[0m UDP socket bound [3mbind[0m[2m=[0m[::]:0 [3mlocal[0m[2m=[0m[::]:47822 [3mdual_stack[0m[2m=[0mtrue
[2m2026-08-27T01:45:44.956925Z[0m [32m INFO[0m [2mmoq_native_ietf::quic[0m[2m:[0m UDP socket bound [3mbind[0m[2m=[0m[::]:0 [3mlocal[0m[2m=[0m[::]:53336 [3mdual_stack[0m[2m=[0mtrue
[2m2026-08-27T01:45:45.930375Z[0m [32m INFO[0m [2mmoq_test_client::scenarios[0m[2m:[0m Publisher sending PUBLISH_NAMESPACE: moq-test/interop
[2m2026-08-27T01:45:45.930408Z[0m [32m INFO[0m [2mmoq_test_client::scenarios[0m[2m:[0m Subscriber subscribing to track: moq-test/interop/test-track
[2m2026-08-27T01:45:46.075526Z[0m [33m WARN[0m [2mmoq_transport::serve::error[0m[2m:[0m [627dee2d-905e-47d0-8dfb-3d2a9392c364] Not found: Namespace not found at moq-transport/src/session/subscriber.rs:483
[2m2026-08-27T01:45:46.075553Z[0m [33m WARN[0m [2mmoq_transport::session::reader[0m[2m:[0m [READER] decode: stream ended while waiting for data (have=0 bytes, need=1)
[2m2026-08-27T01:45:46.075625Z[0m [32m INFO[0m [2mmoq_test_client::scenarios[0m[2m:[0m Subscriber got error: not found: Track not found [error:627dee2d-905e-47d0-8dfb-3d2a9392c364] - subscription was processed
ok 4 - publish-namespace-subscribe
  ---
  duration_ms: 2010
  publisher_connection_id: 8f4fc0e9d8f941cabea69755b464f510
  subscriber_connection_id: 40cfacde2e82b8c0fc83ea45222e5137
  ...
[2m2026-08-27T01:45:46.076707Z[0m [32m INFO[0m [2mmoq_native_ietf::quic[0m[2m:[0m UDP socket bound [3mbind[0m[2m=[0m[::]:0 [3mlocal[0m[2m=[0m[::]:39173 [3mdual_stack[0m[2m=[0mtrue
[2m2026-08-27T01:45:46.828295Z[0m [32m INFO[0m [2mmoq_test_client::scenarios[0m[2m:[0m Subscriber subscribing BEFORE PUBLISH_NAMESPACE: moq-test/interop/test-track
[2m2026-08-27T01:45:46.961877Z[0m [33m WARN[0m [2mmoq_transport::serve::error[0m[2m:[0m [3643b5c8-5b9b-44a6-be2c-784fdb39e0c2] Not found: Namespace not found at moq-transport/src/session/subscriber.rs:483
[2m2026-08-27T01:45:46.961908Z[0m [33m WARN[0m [2mmoq_transport::session::reader[0m[2m:[0m [READER] decode: stream ended while waiting for data (have=0 bytes, need=1)
[2m2026-08-27T01:45:47.330903Z[0m [32m INFO[0m [2mmoq_native_ietf::quic[0m[2m:[0m UDP socket bound [3mbind[0m[2m=[0m[::]:0 [3mlocal[0m[2m=[0m[::]:34746 [3mdual_stack[0m[2m=[0mtrue
[2m2026-08-27T01:45:47.845208Z[0m [32m INFO[0m [2mmoq_test_client::scenarios[0m[2m:[0m Publisher sending PUBLISH_NAMESPACE (after subscriber): moq-test/interop
[2m2026-08-27T01:45:50.846913Z[0m [32m INFO[0m [2mmoq_test_client::scenarios[0m[2m:[0m Publisher PUBLISH_NAMESPACE timeout (expected)
[2m2026-08-27T01:45:50.846938Z[0m [32m INFO[0m [2mmoq_test_client::scenarios[0m[2m:[0m Subscriber got error: not found: Track not found [error:3643b5c8-5b9b-44a6-be2c-784fdb39e0c2] (may be expected)
ok 5 - subscribe-before-publish-namespace
  ---
  duration_ms: 4771
  subscriber_connection_id: 11f97700f0968b1752da59503a3a18e4
  publisher_connection_id: 1bf705c8a4fe4817ac4d30f7bc437302
  ...
[2m2026-08-27T01:45:50.848019Z[0m [32m INFO[0m [2mmoq_native_ietf::quic[0m[2m:[0m UDP socket bound [3mbind[0m[2m=[0m[::]:0 [3mlocal[0m[2m=[0m[::]:35107 [3mdual_stack[0m[2m=[0mtrue
[2m2026-08-27T01:45:51.382579Z[0m [32m INFO[0m [2mmoq_test_client::scenarios[0m[2m:[0m Sending PUBLISH_NAMESPACE: moq-test/interop
[2m2026-08-27T01:45:53.383981Z[0m [32m INFO[0m [2mmoq_test_client::scenarios[0m[2m:[0m PUBLISH_NAMESPACE active; sending PUBLISH_NAMESPACE_DONE
[2m2026-08-27T01:45:53.484419Z[0m [32m INFO[0m [2mmoq_test_client::scenarios[0m[2m:[0m PUBLISH_NAMESPACE_DONE sent successfully
ok 6 - publish-namespace-done
  ---
  duration_ms: 2637
  connection_id: 38ad01c43bfa1396c06f627eab139307
  ...
make[1]: Leaving directory '/home/runner/work/moq-interop-runner/moq-interop-runner/main'
