make[1]: Entering directory '/home/runner/work/moq-interop-runner/moq-interop-runner/main'
Running tests against moqt://fb.mvfst.net:9448...
  Client: ghcr.io/englishm/moq-interop-runner-moq-test-client-draft-18:latest
docker run --rm \
	 \
	--network host \
	-e RELAY_URL=moqt://fb.mvfst.net:9448 \
	-e TLS_DISABLE_VERIFY=1 \
	ghcr.io/englishm/moq-interop-runner-moq-test-client-draft-18:latest
TAP version 14
# moq-test-client v0.1.10
# Relay: moqt://fb.mvfst.net:9448
1..6
[2m2026-08-27T01:49:02.523337Z[0m [32m INFO[0m [2mmoq_native_ietf::quic[0m[2m:[0m UDP socket bound [3mbind[0m[2m=[0m[::]:0 [3mlocal[0m[2m=[0m[::]:37361 [3mdual_stack[0m[2m=[0mtrue
[2m2026-08-27T01:49:02.559190Z[0m [32m INFO[0m [2mmoq_test_client::scenarios[0m[2m:[0m SETUP exchange completed successfully
ok 1 - setup-only
  ---
  duration_ms: 36
  connection_id: ac2649145cf5182cd584dcbab81e785a
  ...
[2m2026-08-27T01:49:02.559998Z[0m [32m INFO[0m [2mmoq_native_ietf::quic[0m[2m:[0m UDP socket bound [3mbind[0m[2m=[0m[::]:0 [3mlocal[0m[2m=[0m[::]:43652 [3mdual_stack[0m[2m=[0mtrue
[2m2026-08-27T01:49:02.600531Z[0m [32m INFO[0m [2mmoq_test_client::scenarios[0m[2m:[0m Sending PUBLISH_NAMESPACE for: moq-test/interop
[2m2026-08-27T01:49:04.601792Z[0m [32m INFO[0m [2mmoq_test_client::scenarios[0m[2m:[0m PUBLISH_NAMESPACE succeeded (REQUEST_OK received, waiting for subscribers)
ok 2 - publish-namespace-only
  ---
  duration_ms: 2042
  connection_id: 56c6072de522dba57b9222fa49d918e2
  ...
[2m2026-08-27T01:49:04.602747Z[0m [32m INFO[0m [2mmoq_native_ietf::quic[0m[2m:[0m UDP socket bound [3mbind[0m[2m=[0m[::]:0 [3mlocal[0m[2m=[0m[::]:39425 [3mdual_stack[0m[2m=[0mtrue
[2m2026-08-27T01:49:04.638457Z[0m [32m INFO[0m [2mmoq_test_client::scenarios[0m[2m:[0m Subscribing to non-existent track: nonexistent/namespace/test-track
[2m2026-08-27T01:49:04.665922Z[0m [33m WARN[0m [2mmoq_transport::serve::error[0m[2m:[0m [256be795-5e1d-461e-a4a1-0dc0bb896971] Not found: no such namespace or track at moq-transport/src/session/subscriber.rs:483
[2m2026-08-27T01:49:04.665940Z[0m [33m WARN[0m [2mmoq_transport::session::reader[0m[2m:[0m [READER] decode: stream ended while waiting for data (have=0 bytes, need=1)
[2m2026-08-27T01:49:04.665972Z[0m [32m INFO[0m [2mmoq_test_client::scenarios[0m[2m:[0m Got expected 'not found' error: not found: Track not found [error:256be795-5e1d-461e-a4a1-0dc0bb896971]
ok 3 - subscribe-error
  ---
  duration_ms: 64
  connection_id: fb8d1c49b71bac28ab34293db9db2d69
  ...
[2m2026-08-27T01:49:04.666806Z[0m [32m INFO[0m [2mmoq_native_ietf::quic[0m[2m:[0m UDP socket bound [3mbind[0m[2m=[0m[::]:0 [3mlocal[0m[2m=[0m[::]:38933 [3mdual_stack[0m[2m=[0mtrue
[2m2026-08-27T01:49:04.751074Z[0m [32m INFO[0m [2mmoq_native_ietf::quic[0m[2m:[0m UDP socket bound [3mbind[0m[2m=[0m[::]:0 [3mlocal[0m[2m=[0m[::]:52348 [3mdual_stack[0m[2m=[0mtrue
[2m2026-08-27T01:49:04.837212Z[0m [32m INFO[0m [2mmoq_test_client::scenarios[0m[2m:[0m Publisher sending PUBLISH_NAMESPACE: moq-test/interop
[2m2026-08-27T01:49:04.837230Z[0m [32m INFO[0m [2mmoq_test_client::scenarios[0m[2m:[0m Subscriber subscribing to track: moq-test/interop/test-track
[2m2026-08-27T01:49:04.866435Z[0m [33m WARN[0m [2mmoq_transport::serve::error[0m[2m:[0m [a2796610-0236-4435-a534-3d3a5efc42e2] Not found: no such namespace or track at moq-transport/src/session/subscriber.rs:483
[2m2026-08-27T01:49:04.866460Z[0m [33m WARN[0m [2mmoq_transport::session::reader[0m[2m:[0m [READER] decode: stream ended while waiting for data (have=0 bytes, need=1)
[2m2026-08-27T01:49:04.866514Z[0m [32m INFO[0m [2mmoq_test_client::scenarios[0m[2m:[0m Subscriber got error: not found: Track not found [error:a2796610-0236-4435-a534-3d3a5efc42e2] - subscription was processed
ok 4 - publish-namespace-subscribe
  ---
  duration_ms: 200
  publisher_connection_id: 1e12a7dc13f4cfc5a6400352ec1894bf
  subscriber_connection_id: a747360ab2d91e89d815418003bd9cad
  ...
[2m2026-08-27T01:49:04.867409Z[0m [32m INFO[0m [2mmoq_native_ietf::quic[0m[2m:[0m UDP socket bound [3mbind[0m[2m=[0m[::]:0 [3mlocal[0m[2m=[0m[::]:41660 [3mdual_stack[0m[2m=[0mtrue
[2m2026-08-27T01:49:04.904396Z[0m [32m INFO[0m [2mmoq_test_client::scenarios[0m[2m:[0m Subscriber subscribing BEFORE PUBLISH_NAMESPACE: moq-test/interop/test-track
[2m2026-08-27T01:49:04.933422Z[0m [33m WARN[0m [2mmoq_transport::serve::error[0m[2m:[0m [2aee35b8-c2d3-49aa-aa35-95aa45c1d19d] Not found: no such namespace or track at moq-transport/src/session/subscriber.rs:483
[2m2026-08-27T01:49:04.933442Z[0m [33m WARN[0m [2mmoq_transport::session::reader[0m[2m:[0m [READER] decode: stream ended while waiting for data (have=0 bytes, need=1)
[2m2026-08-27T01:49:05.406443Z[0m [32m INFO[0m [2mmoq_native_ietf::quic[0m[2m:[0m UDP socket bound [3mbind[0m[2m=[0m[::]:0 [3mlocal[0m[2m=[0m[::]:42578 [3mdual_stack[0m[2m=[0mtrue
[2m2026-08-27T01:49:05.442944Z[0m [32m INFO[0m [2mmoq_test_client::scenarios[0m[2m:[0m Publisher sending PUBLISH_NAMESPACE (after subscriber): moq-test/interop
[2m2026-08-27T01:49:08.444263Z[0m [32m INFO[0m [2mmoq_test_client::scenarios[0m[2m:[0m Publisher PUBLISH_NAMESPACE timeout (expected)
[2m2026-08-27T01:49:08.444291Z[0m [32m INFO[0m [2mmoq_test_client::scenarios[0m[2m:[0m Subscriber got error: not found: Track not found [error:2aee35b8-c2d3-49aa-aa35-95aa45c1d19d] (may be expected)
ok 5 - subscribe-before-publish-namespace
  ---
  duration_ms: 3577
  subscriber_connection_id: 81805284780c0953e60c57c1b68d12a2
  publisher_connection_id: 2ccc008814ef114a5e0c22a97bbd57a7
  ...
[2m2026-08-27T01:49:08.445236Z[0m [32m INFO[0m [2mmoq_native_ietf::quic[0m[2m:[0m UDP socket bound [3mbind[0m[2m=[0m[::]:0 [3mlocal[0m[2m=[0m[::]:45515 [3mdual_stack[0m[2m=[0mtrue
[2m2026-08-27T01:49:08.481151Z[0m [32m INFO[0m [2mmoq_test_client::scenarios[0m[2m:[0m Sending PUBLISH_NAMESPACE: moq-test/interop
[2m2026-08-27T01:49:10.483048Z[0m [32m INFO[0m [2mmoq_test_client::scenarios[0m[2m:[0m PUBLISH_NAMESPACE active; sending PUBLISH_NAMESPACE_DONE
[2m2026-08-27T01:49:10.583576Z[0m [32m INFO[0m [2mmoq_test_client::scenarios[0m[2m:[0m PUBLISH_NAMESPACE_DONE sent successfully
ok 6 - publish-namespace-done
  ---
  duration_ms: 2139
  connection_id: a6770c5024c1a558a47d29854e1f9a79
  ...
make[1]: Leaving directory '/home/runner/work/moq-interop-runner/moq-interop-runner/main'
