make[1]: Entering directory '/home/runner/work/moq-interop-runner/moq-interop-runner/main'
Running tests against moqt://fb.mvfst.net:9448...
  Client: ghcr.io/englishm/moq-interop-runner-moq-test-client-draft-16:latest
docker run --rm \
	 \
	--network host \
	-e RELAY_URL=moqt://fb.mvfst.net:9448 \
	-e TLS_DISABLE_VERIFY=1 \
	ghcr.io/englishm/moq-interop-runner-moq-test-client-draft-16:latest
TAP version 14
# moq-test-client v0.1.0
# Relay: moqt://fb.mvfst.net:9448
1..6
ok 1 - setup-only
  ---
  duration_ms: 101
  connection_id: 915b16817f609b86bdfa3d2300c442f6
  ...
ok 2 - announce-only
  ---
  duration_ms: 2188
  connection_id: f8eb88ca75d4b3bae822c23bb62b5c32
  ...
ok 3 - subscribe-error
  ---
  duration_ms: 98
  connection_id: 8a9cc65f4e06f17f70b189df33552ae0
  ...
ok 4 - announce-subscribe
  ---
  duration_ms: 229
  publisher_connection_id: 16291ac0f9e0868d383215fb9b4c08c6
  subscriber_connection_id: 5edce330c62e68be2a43a2046d6b0b74
  ...
ok 5 - subscribe-before-announce
  ---
  duration_ms: 3712
  subscriber_connection_id: f9d7e2597e074c940f1f0504c5765173
  publisher_connection_id: 6e0386663b905e441000bab2cb79a2a3
  ...
ok 6 - publish-namespace-done
  ---
  duration_ms: 2189
  connection_id: f9e4eb22e3c667a28a5f25cb075f89ce
  ...
make[1]: Leaving directory '/home/runner/work/moq-interop-runner/moq-interop-runner/main'
