make[1]: Entering directory '/home/runner/work/moq-interop-runner/moq-interop-runner/main'
Running tests against moqt://us-west-2.relay.quicr.org:33437...
  Client: ghcr.io/openmoq/moqx-interop-client:latest
docker run --rm \
	 \
	--network host \
	-e RELAY_URL=moqt://us-west-2.relay.quicr.org:33437 \
	-e TLS_DISABLE_VERIFY=1 \
	ghcr.io/openmoq/moqx-interop-client:latest
TAP version 14
# moxygen interop test client
# Relay: moqt://us-west-2.relay.quicr.org:33437
# Transport: QUIC
# Offered ALPNs: moqt-18, moqt-16, moqt-15, moq-00
1..6
ok 1 - setup-only
  ---
  duration_ms: 143
  negotiated_version: draft-16
  info: SETUP exchange completed successfully
  ...
W0827 02:25:53.715521     1 MoQSession.cpp:5994] Issuing request that will fail; nextRequestID_=0 peerMaxRequestID_=0 sess=0x559ac316aaf0
E0827 02:25:53.782840     1 MoQRelaySession.cpp:1116] PublishNamespaceDone for unknown publishNamespace, sess=0x559ac316aaf0
ok 2 - announce-only
  ---
  duration_ms: 277
  negotiated_version: draft-16
  info: PUBLISH_NAMESPACE completed successfully
  ...
W0827 02:25:54.155538     1 MoQSession.cpp:5994] Issuing request that will fail; nextRequestID_=0 peerMaxRequestID_=0 sess=0x559ac30ef1f0
E0827 02:25:54.224990     1 MoQCodec.cpp:126] Conn error=3
E0827 02:25:54.225012     1 MoQSession.cpp:5779] MoQCodec control stream parse error err=3
ok 3 - subscribe-error
  ---
  duration_ms: 442
  negotiated_version: draft-16
  info: Subscribe correctly returned error: Session closed
  ...
W0827 02:25:54.363132     1 MoQSession.cpp:5994] Issuing request that will fail; nextRequestID_=0 peerMaxRequestID_=0 sess=0x559ac315e950
W0827 02:25:54.571252     1 MoQSession.cpp:5994] Issuing request that will fail; nextRequestID_=0 peerMaxRequestID_=0 sess=0x559ac317c060
E0827 02:25:54.640499     1 MoQCodec.cpp:126] Conn error=3
E0827 02:25:54.640523     1 MoQSession.cpp:5779] MoQCodec control stream parse error err=3
E0827 02:25:54.640616     1 MoQSession.cpp:6236] publishDone for invalid id=1 sess=0x559ac315e950
not ok 4 - announce-subscribe
  ---
  duration_ms: 415
  negotiated_version: draft-16
  error: Subscribe failed: Session closed
  ...
W0827 02:25:54.778993     1 MoQSession.cpp:5994] Issuing request that will fail; nextRequestID_=0 peerMaxRequestID_=0 sess=0x559ac316d220
ok 5 - publish-namespace-done
  ---
  duration_ms: 206
  negotiated_version: draft-16
  info: PUBLISH_NAMESPACE_OK received, PUBLISH_NAMESPACE_DONE sent
  ...
W0827 02:25:55.088718     1 MoQSession.cpp:5994] Issuing request that will fail; nextRequestID_=0 peerMaxRequestID_=0 sess=0x559ac3189e10
E0827 02:25:55.153896     1 MoQCodec.cpp:126] Conn error=3
E0827 02:25:55.153922     1 MoQSession.cpp:5779] MoQCodec control stream parse error err=3
W0827 02:25:55.953714     1 MoQSession.cpp:5994] Issuing request that will fail; nextRequestID_=0 peerMaxRequestID_=0 sess=0x559ac30ed850
ok 6 - subscribe-before-announce
  ---
  duration_ms: 1174
  negotiated_version: draft-16
  info: Subscribe returned error (relay doesn't buffer pending subscriptions): Session closed
  ...
make[1]: *** [Makefile:122: test-external] Error 1
make[1]: Leaving directory '/home/runner/work/moq-interop-runner/moq-interop-runner/main'
