make[1]: Entering directory '/home/runner/work/moq-interop-runner/moq-interop-runner/main'
Running tests against https://lminiero.it:9000...
  Client: ghcr.io/englishm/moq-interop-runner-moq-test-client-draft-18:latest
docker run --rm \
	 \
	--network host \
	-e RELAY_URL=https://lminiero.it:9000 \
	-e TLS_DISABLE_VERIFY=false \
	ghcr.io/englishm/moq-interop-runner-moq-test-client-draft-18:latest
TAP version 14
# moq-test-client v0.1.10
# Relay: https://lminiero.it:9000/
1..6
[2m2026-08-02T01:00:56.506791Z[0m [32m INFO[0m [2mmoq_native_ietf::quic[0m[2m:[0m UDP socket bound [3mbind[0m[2m=[0m[::]:0 [3mlocal[0m[2m=[0m[::]:46300 [3mdual_stack[0m[2m=[0mtrue
[2m2026-08-02T01:00:57.288112Z[0m [32m INFO[0m [2mmoq_test_client::scenarios[0m[2m:[0m SETUP exchange completed successfully
ok 1 - setup-only
  ---
  duration_ms: 782
  connection_id: 860784a244c5e23d7a4315c4f327bad8
  ...
[2m2026-08-02T01:00:57.289116Z[0m [32m INFO[0m [2mmoq_native_ietf::quic[0m[2m:[0m UDP socket bound [3mbind[0m[2m=[0m[::]:0 [3mlocal[0m[2m=[0m[::]:54085 [3mdual_stack[0m[2m=[0mtrue
[2m2026-08-02T01:00:57.982942Z[0m [32m INFO[0m [2mmoq_test_client::scenarios[0m[2m:[0m Sending PUBLISH_NAMESPACE for: moq-test/interop
[2m2026-08-02T01:00:59.984740Z[0m [32m INFO[0m [2mmoq_test_client::scenarios[0m[2m:[0m PUBLISH_NAMESPACE succeeded (REQUEST_OK received, waiting for subscribers)
ok 2 - publish-namespace-only
  ---
  duration_ms: 2696
  connection_id: a33e798839510c7703b5a1b610506434
  ...
[2m2026-08-02T01:00:59.985942Z[0m [32m INFO[0m [2mmoq_native_ietf::quic[0m[2m:[0m UDP socket bound [3mbind[0m[2m=[0m[::]:0 [3mlocal[0m[2m=[0m[::]:53154 [3mdual_stack[0m[2m=[0mtrue
[2m2026-08-02T01:01:00.773837Z[0m [32m INFO[0m [2mmoq_test_client::scenarios[0m[2m:[0m Subscribing to non-existent track: nonexistent/namespace/test-track
[2m2026-08-02T01:01:00.905786Z[0m [33m WARN[0m [2mmoq_transport::serve::error[0m[2m:[0m [45d619cb-61fb-4d4d-bdf9-2ddf1256608b] Not found: Namespace not found at moq-transport/src/session/subscriber.rs:483
[2m2026-08-02T01:01:00.905811Z[0m [33m WARN[0m [2mmoq_transport::session::reader[0m[2m:[0m [READER] decode: stream ended while waiting for data (have=0 bytes, need=1)
[2m2026-08-02T01:01:00.906005Z[0m [32m INFO[0m [2mmoq_test_client::scenarios[0m[2m:[0m Got expected 'not found' error: not found: Track not found [error:45d619cb-61fb-4d4d-bdf9-2ddf1256608b]
ok 3 - subscribe-error
  ---
  duration_ms: 921
  connection_id: 44cf8a05710d59bed6d7322e832d2a6f
  ...
[2m2026-08-02T01:01:00.906964Z[0m [32m INFO[0m [2mmoq_native_ietf::quic[0m[2m:[0m UDP socket bound [3mbind[0m[2m=[0m[::]:0 [3mlocal[0m[2m=[0m[::]:48199 [3mdual_stack[0m[2m=[0mtrue
[2m2026-08-02T01:01:01.717493Z[0m [32m INFO[0m [2mmoq_native_ietf::quic[0m[2m:[0m UDP socket bound [3mbind[0m[2m=[0m[::]:0 [3mlocal[0m[2m=[0m[::]:46304 [3mdual_stack[0m[2m=[0mtrue
[2m2026-08-02T01:01:03.369704Z[0m [32m INFO[0m [2mmoq_test_client::scenarios[0m[2m:[0m Publisher sending PUBLISH_NAMESPACE: moq-test/interop
[2m2026-08-02T01:01:03.369727Z[0m [32m INFO[0m [2mmoq_test_client::scenarios[0m[2m:[0m Subscriber subscribing to track: moq-test/interop/test-track
[2m2026-08-02T01:01:03.489941Z[0m [33m WARN[0m [2mmoq_transport::serve::error[0m[2m:[0m [67d4fb0f-f6f5-4267-996c-3f418127c561] Not found: Namespace not found at moq-transport/src/session/subscriber.rs:483
[2m2026-08-02T01:01:03.489964Z[0m [33m WARN[0m [2mmoq_transport::session::reader[0m[2m:[0m [READER] decode: stream ended while waiting for data (have=0 bytes, need=1)
[2m2026-08-02T01:01:03.490180Z[0m [32m INFO[0m [2mmoq_test_client::scenarios[0m[2m:[0m Subscriber got error: not found: Track not found [error:67d4fb0f-f6f5-4267-996c-3f418127c561] - subscription was processed
ok 4 - publish-namespace-subscribe
  ---
  duration_ms: 2584
  publisher_connection_id: e89952cde32a485f1880fd56fb97d929
  subscriber_connection_id: 461c2612e8e76171e1945313958ffe5e
  ...
[2m2026-08-02T01:01:03.491153Z[0m [32m INFO[0m [2mmoq_native_ietf::quic[0m[2m:[0m UDP socket bound [3mbind[0m[2m=[0m[::]:0 [3mlocal[0m[2m=[0m[::]:37985 [3mdual_stack[0m[2m=[0mtrue
[2m2026-08-02T01:01:04.270059Z[0m [32m INFO[0m [2mmoq_test_client::scenarios[0m[2m:[0m Subscriber subscribing BEFORE PUBLISH_NAMESPACE: moq-test/interop/test-track
[2m2026-08-02T01:01:04.392562Z[0m [33m WARN[0m [2mmoq_transport::serve::error[0m[2m:[0m [b77e5b3f-bcab-4eb9-bfa3-6ec22b691d05] Not found: Namespace not found at moq-transport/src/session/subscriber.rs:483
[2m2026-08-02T01:01:04.392592Z[0m [33m WARN[0m [2mmoq_transport::session::reader[0m[2m:[0m [READER] decode: stream ended while waiting for data (have=0 bytes, need=1)
[2m2026-08-02T01:01:04.771812Z[0m [32m INFO[0m [2mmoq_native_ietf::quic[0m[2m:[0m UDP socket bound [3mbind[0m[2m=[0m[::]:0 [3mlocal[0m[2m=[0m[::]:48795 [3mdual_stack[0m[2m=[0mtrue
[2m2026-08-02T01:01:05.570573Z[0m [32m INFO[0m [2mmoq_test_client::scenarios[0m[2m:[0m Publisher sending PUBLISH_NAMESPACE (after subscriber): moq-test/interop
[2m2026-08-02T01:01:08.570975Z[0m [32m INFO[0m [2mmoq_test_client::scenarios[0m[2m:[0m Publisher PUBLISH_NAMESPACE timeout (expected)
[2m2026-08-02T01:01:08.571000Z[0m [32m INFO[0m [2mmoq_test_client::scenarios[0m[2m:[0m Subscriber got error: not found: Track not found [error:b77e5b3f-bcab-4eb9-bfa3-6ec22b691d05] (may be expected)
ok 5 - subscribe-before-publish-namespace
  ---
  duration_ms: 5080
  subscriber_connection_id: 6b6bff23c935447833d124b50475b239
  publisher_connection_id: 2133c5da820777348e8f635013472887
  ...
[2m2026-08-02T01:01:08.572199Z[0m [32m INFO[0m [2mmoq_native_ietf::quic[0m[2m:[0m UDP socket bound [3mbind[0m[2m=[0m[::]:0 [3mlocal[0m[2m=[0m[::]:46931 [3mdual_stack[0m[2m=[0mtrue
[2m2026-08-02T01:01:09.048576Z[0m [32m INFO[0m [2mmoq_test_client::scenarios[0m[2m:[0m Sending PUBLISH_NAMESPACE: moq-test/interop
[2m2026-08-02T01:01:11.049824Z[0m [32m INFO[0m [2mmoq_test_client::scenarios[0m[2m:[0m PUBLISH_NAMESPACE active; sending PUBLISH_NAMESPACE_DONE
[2m2026-08-02T01:01:11.151240Z[0m [32m INFO[0m [2mmoq_test_client::scenarios[0m[2m:[0m PUBLISH_NAMESPACE_DONE sent successfully
ok 6 - publish-namespace-done
  ---
  duration_ms: 2580
  connection_id: 060f0f868c46d977939ce6b6e65d3eec
  ...
[2m2026-08-02T01:01:11.151455Z[0m [33m WARN[0m [2mweb_transport_quinn::session[0m[2m:[0m failed to read capsule [3me[0m[2m=[0mUnexpectedEnd
make[1]: Leaving directory '/home/runner/work/moq-interop-runner/moq-interop-runner/main'
