make[1]: Entering directory '/home/runner/work/moq-interop-runner/moq-interop-runner/main'
Running tests against https://us-west-2.relay.quicr.org:33437/relay...
  Client: ghcr.io/englishm/moq-interop-runner-moq-test-client-draft-16:latest
docker run --rm \
	 \
	--network host \
	-e RELAY_URL=https://us-west-2.relay.quicr.org:33437/relay \
	-e TLS_DISABLE_VERIFY=1 \
	ghcr.io/englishm/moq-interop-runner-moq-test-client-draft-16:latest
TAP version 14
# moq-test-client v0.1.0
# Relay: https://us-west-2.relay.quicr.org:33437/relay
1..6
ok 1 - setup-only
  ---
  duration_ms: 447
  connection_id: 9195f26320bbb1669ddab86034f777f3
  ...
ok 2 - announce-only
  ---
  duration_ms: 2453
  connection_id: 23ce03653c6fd470db21c8a7faf1ead4
  ...
not ok 3 - subscribe-error
  ---
  duration_ms: 546
  message: "session error: decode error: invalid message: 1: invalid message: 1"
  ...
[2026-08-02T01:33:07Z ERROR moq_transport::session::reader] [READER] decode: ERROR decoding moq_transport::message::Message - InvalidMessage(1) (buffer_len=5)
[2026-08-02T01:33:08Z ERROR moq_transport::session::reader] [READER] decode: ERROR decoding moq_transport::message::Message - InvalidMessage(1) (buffer_len=5)
not ok 4 - announce-subscribe
  ---
  duration_ms: 844
  message: "subscriber session error: decode error: invalid message: 1: invalid message: 1"
  ...
[2026-08-02T01:33:08Z ERROR moq_transport::session::reader] [READER] decode: ERROR decoding moq_transport::message::Message - InvalidMessage(1) (buffer_len=5)
ok 5 - subscribe-before-announce
  ---
  duration_ms: 4121
  subscriber_connection_id: 9566f6c88a7f78ad3e38201c14abf756
  publisher_connection_id: 52f93ce23ff0a36ba667f23e1eca2fa5
  ...
ok 6 - publish-namespace-done
  ---
  duration_ms: 2428
  connection_id: e86defebbb46626f2b061515708f9603
  ...
make[1]: *** [Makefile:122: test-external] Error 1
make[1]: Leaving directory '/home/runner/work/moq-interop-runner/moq-interop-runner/main'
