make[1]: Entering directory '/home/runner/work/moq-interop-runner/moq-interop-runner/main'
Running tests against moqt://lminiero.it:9000...
  Client: ghcr.io/englishm/moq-interop-runner-moq-test-client:latest
docker run --rm \
	 \
	--network host \
	-e RELAY_URL=moqt://lminiero.it:9000 \
	-e TLS_DISABLE_VERIFY=false \
	ghcr.io/englishm/moq-interop-runner-moq-test-client:latest
TAP version 14
# moq-test-client v0.1.11
# Relay: moqt://lminiero.it:9000
1..8
[2m2026-08-02T01:27:58.288533Z[0m [32m INFO[0m [2mmoq_native_ietf::quic[0m[2m:[0m UDP socket bound [3mbind[0m[2m=[0m[::]:0 [3mlocal[0m[2m=[0m[::]:54614 [3mdual_stack[0m[2m=[0mtrue
[2m2026-08-02T01:27:58.851370Z[0m [31mERROR[0m [2mmoq_transport::session::reader[0m[2m:[0m [READER] decode: ERROR decoding moq_transport::setup::server::Server - InvalidMessage(33) (buffer_len=25)
not ok 1 - setup-only
  ---
  duration_ms: 563
  message: "SETUP exchange failed: decode error: invalid message: 33: invalid message: 33"
  ...
[2m2026-08-02T01:27:58.852443Z[0m [32m INFO[0m [2mmoq_native_ietf::quic[0m[2m:[0m UDP socket bound [3mbind[0m[2m=[0m[::]:0 [3mlocal[0m[2m=[0m[::]:55956 [3mdual_stack[0m[2m=[0mtrue
[2m2026-08-02T01:27:59.208084Z[0m [31mERROR[0m [2mmoq_transport::session::reader[0m[2m:[0m [READER] decode: ERROR decoding moq_transport::setup::server::Server - InvalidMessage(33) (buffer_len=25)
not ok 2 - publish-namespace-only
  ---
  duration_ms: 356
  message: "SETUP exchange failed: decode error: invalid message: 33: invalid message: 33"
  ...
[2m2026-08-02T01:27:59.209155Z[0m [32m INFO[0m [2mmoq_native_ietf::quic[0m[2m:[0m UDP socket bound [3mbind[0m[2m=[0m[::]:0 [3mlocal[0m[2m=[0m[::]:36725 [3mdual_stack[0m[2m=[0mtrue
[2m2026-08-02T01:27:59.762992Z[0m [31mERROR[0m [2mmoq_transport::session::reader[0m[2m:[0m [READER] decode: ERROR decoding moq_transport::setup::server::Server - InvalidMessage(33) (buffer_len=25)
not ok 3 - subscribe-error
  ---
  duration_ms: 554
  message: "SETUP exchange failed: decode error: invalid message: 33: invalid message: 33"
  ...
[2m2026-08-02T01:27:59.763924Z[0m [32m INFO[0m [2mmoq_native_ietf::quic[0m[2m:[0m UDP socket bound [3mbind[0m[2m=[0m[::]:0 [3mlocal[0m[2m=[0m[::]:56747 [3mdual_stack[0m[2m=[0mtrue
[2m2026-08-02T01:28:00.217056Z[0m [31mERROR[0m [2mmoq_transport::session::reader[0m[2m:[0m [READER] decode: ERROR decoding moq_transport::setup::server::Server - InvalidMessage(33) (buffer_len=25)
not ok 4 - publish-namespace-subscribe
  ---
  duration_ms: 454
  message: "publisher SETUP failed: decode error: invalid message: 33: invalid message: 33"
  ...
[2m2026-08-02T01:28:00.218026Z[0m [32m INFO[0m [2mmoq_native_ietf::quic[0m[2m:[0m UDP socket bound [3mbind[0m[2m=[0m[::]:0 [3mlocal[0m[2m=[0m[::]:59320 [3mdual_stack[0m[2m=[0mtrue
[2m2026-08-02T01:28:01.144067Z[0m [31mERROR[0m [2mmoq_transport::session::reader[0m[2m:[0m [READER] decode: ERROR decoding moq_transport::setup::server::Server - InvalidMessage(33) (buffer_len=25)
not ok 5 - subscribe-before-publish-namespace
  ---
  duration_ms: 926
  message: "subscriber SETUP failed: decode error: invalid message: 33: invalid message: 33"
  ...
[2m2026-08-02T01:28:01.145010Z[0m [32m INFO[0m [2mmoq_native_ietf::quic[0m[2m:[0m UDP socket bound [3mbind[0m[2m=[0m[::]:0 [3mlocal[0m[2m=[0m[::]:36146 [3mdual_stack[0m[2m=[0mtrue
[2m2026-08-02T01:28:01.890805Z[0m [31mERROR[0m [2mmoq_transport::session::reader[0m[2m:[0m [READER] decode: ERROR decoding moq_transport::setup::server::Server - InvalidMessage(33) (buffer_len=25)
not ok 6 - publish-namespace-done
  ---
  duration_ms: 746
  message: "SETUP exchange failed: decode error: invalid message: 33: invalid message: 33"
  ...
[2m2026-08-02T01:28:01.891645Z[0m [32m INFO[0m [2mmoq_native_ietf::quic[0m[2m:[0m UDP socket bound [3mbind[0m[2m=[0m[::]:0 [3mlocal[0m[2m=[0m[::]:53517 [3mdual_stack[0m[2m=[0mtrue
[2m2026-08-02T01:28:02.363393Z[0m [31mERROR[0m [2mmoq_transport::session::reader[0m[2m:[0m [READER] decode: ERROR decoding moq_transport::setup::server::Server - InvalidMessage(33) (buffer_len=25)
not ok 7 - publish-track-only
  ---
  duration_ms: 472
  message: "publisher SETUP failed: decode error: invalid message: 33: invalid message: 33"
  ...
[2m2026-08-02T01:28:02.364333Z[0m [32m INFO[0m [2mmoq_native_ietf::quic[0m[2m:[0m UDP socket bound [3mbind[0m[2m=[0m[::]:0 [3mlocal[0m[2m=[0m[::]:48608 [3mdual_stack[0m[2m=[0mtrue
[2m2026-08-02T01:28:02.729371Z[0m [31mERROR[0m [2mmoq_transport::session::reader[0m[2m:[0m [READER] decode: ERROR decoding moq_transport::setup::server::Server - InvalidMessage(33) (buffer_len=25)
not ok 8 - publish-track-subscribe
  ---
  duration_ms: 365
  message: "publisher SETUP failed: decode error: invalid message: 33: invalid message: 33"
  ...
make[1]: *** [Makefile:122: test-external] Error 1
make[1]: Leaving directory '/home/runner/work/moq-interop-runner/moq-interop-runner/main'
