make[1]: Entering directory '/home/runner/work/moq-interop-runner/moq-interop-runner/main'
Running tests against moqt://us-west-2.relay.quicr.org:33437...
  Client: ghcr.io/openmoq/moqx-interop-client:latest
docker run --rm \
	 \
	--network host \
	-e RELAY_URL=moqt://us-west-2.relay.quicr.org:33437 \
	-e TLS_DISABLE_VERIFY=1 \
	ghcr.io/openmoq/moqx-interop-client:latest
TAP version 14
# moxygen interop test client
# Relay: moqt://us-west-2.relay.quicr.org:33437
# Transport: QUIC
1..6
ok 1 - setup-only
  ---
  duration_ms: 445
  info: SETUP exchange completed successfully
  ...
W0802 01:42:36.082342     1 MoQSession.cpp:5628] Issuing request that will fail; nextRequestID_=0 peerMaxRequestID_=0 sess=0x55cdf246de00
E0802 01:42:36.164798     1 MoQRelaySession.cpp:1116] PublishNamespaceDone for unknown publishNamespace, sess=0x55cdf246de00
ok 2 - announce-only
  ---
  duration_ms: 379
  info: PUBLISH_NAMESPACE completed successfully
  ...
W0802 01:42:36.650549     1 MoQSession.cpp:5628] Issuing request that will fail; nextRequestID_=0 peerMaxRequestID_=0 sess=0x55cdf246cb90
E0802 01:42:36.733664     1 MoQCodec.cpp:126] Conn error=3
E0802 01:42:36.733690     1 MoQSession.cpp:5412] MoQCodec control stream parse error err=3
ok 3 - subscribe-error
  ---
  duration_ms: 568
  info: Subscribe correctly returned error: Session closed
  ...
W0802 01:42:37.352285     1 MoQSession.cpp:5628] Issuing request that will fail; nextRequestID_=0 peerMaxRequestID_=0 sess=0x55cdf2448b20
W0802 01:42:37.646281     1 MoQSession.cpp:5628] Issuing request that will fail; nextRequestID_=0 peerMaxRequestID_=0 sess=0x55cdf2466730
E0802 01:42:37.728790     1 MoQCodec.cpp:126] Conn error=3
E0802 01:42:37.728840     1 MoQSession.cpp:5412] MoQCodec control stream parse error err=3
E0802 01:42:37.728946     1 MoQSession.cpp:5855] publishDone for invalid id=1 sess=0x55cdf2448b20
not ok 4 - announce-subscribe
  ---
  duration_ms: 995
  error: Subscribe failed: Session closed
  ...
W0802 01:42:38.009200     1 MoQSession.cpp:5628] Issuing request that will fail; nextRequestID_=0 peerMaxRequestID_=0 sess=0x55cdf247ea40
ok 5 - publish-namespace-done
  ---
  duration_ms: 366
  info: PUBLISH_NAMESPACE_OK received, PUBLISH_NAMESPACE_DONE sent
  ...
W0802 01:42:38.338801     1 MoQSession.cpp:5628] Issuing request that will fail; nextRequestID_=0 peerMaxRequestID_=0 sess=0x55cdf247f870
E0802 01:42:38.424943     1 MoQCodec.cpp:126] Conn error=3
E0802 01:42:38.424970     1 MoQSession.cpp:5412] MoQCodec control stream parse error err=3
W0802 01:42:39.216060     1 MoQSession.cpp:5628] Issuing request that will fail; nextRequestID_=0 peerMaxRequestID_=0 sess=0x55cdf247b820
ok 6 - subscribe-before-announce
  ---
  duration_ms: 1203
  info: Subscribe returned error (relay doesn't buffer pending subscriptions): Session closed
  ...
make[1]: *** [Makefile:122: test-external] Error 1
make[1]: Leaving directory '/home/runner/work/moq-interop-runner/moq-interop-runner/main'
