make[1]: Entering directory '/home/runner/work/moq-interop-runner/moq-interop-runner/main'
Running tests against https://fb.mvfst.net:9448/moq-relay...
  Client: ghcr.io/englishm/moq-interop-runner-moq-test-client-draft-18:latest
docker run --rm \
	 \
	--network host \
	-e RELAY_URL=https://fb.mvfst.net:9448/moq-relay \
	-e TLS_DISABLE_VERIFY=1 \
	ghcr.io/englishm/moq-interop-runner-moq-test-client-draft-18:latest
TAP version 14
# moq-test-client v0.1.12
# Relay: https://fb.mvfst.net:9448/moq-relay
1..18
[2m2026-09-12T00:53:14.559472Z[0m [32m INFO[0m [2mmoq_native_ietf::quic[0m[2m:[0m UDP socket bound [3mbind[0m[2m=[0m[::]:0 [3mlocal[0m[2m=[0m[::]:45844 [3mdual_stack[0m[2m=[0mtrue
[2m2026-09-12T00:53:14.792845Z[0m [32m INFO[0m [2mmoq_test_client::scenarios[0m[2m:[0m SETUP exchange completed successfully
ok 1 - setup-only
  ---
  duration_ms: 234
  connection_id: 8c37d51fba55851d757e2e7579b1dd2a
  ...
[2m2026-09-12T00:53:14.793678Z[0m [32m INFO[0m [2mmoq_native_ietf::quic[0m[2m:[0m UDP socket bound [3mbind[0m[2m=[0m[::]:0 [3mlocal[0m[2m=[0m[::]:43297 [3mdual_stack[0m[2m=[0mtrue
[2m2026-09-12T00:53:14.863294Z[0m [33m WARN[0m [2mweb_transport_quinn::session[0m[2m:[0m failed to read capsule [3me[0m[2m=[0mUnexpectedEnd
[2m2026-09-12T00:53:15.047060Z[0m [32m INFO[0m [2mmoq_test_client::scenarios[0m[2m:[0m Sending PUBLISH_NAMESPACE for: moq-test/interop
[2m2026-09-12T00:53:17.048280Z[0m [32m INFO[0m [2mmoq_test_client::scenarios[0m[2m:[0m PUBLISH_NAMESPACE succeeded (REQUEST_OK received, waiting for subscribers)
ok 2 - publish-namespace-only
  ---
  duration_ms: 2255
  connection_id: 5224f48b1f6475e9ccf5e5ebe157c0ce
  ...
[2m2026-09-12T00:53:17.049353Z[0m [32m INFO[0m [2mmoq_native_ietf::quic[0m[2m:[0m UDP socket bound [3mbind[0m[2m=[0m[::]:0 [3mlocal[0m[2m=[0m[::]:34415 [3mdual_stack[0m[2m=[0mtrue
[2m2026-09-12T00:53:17.119498Z[0m [33m WARN[0m [2mweb_transport_quinn::session[0m[2m:[0m failed to read capsule [3me[0m[2m=[0mUnexpectedEnd
[2m2026-09-12T00:53:17.225272Z[0m [32m INFO[0m [2mmoq_test_client::scenarios[0m[2m:[0m Subscribing to non-existent track: nonexistent/namespace/test-track
[2m2026-09-12T00:53:17.295388Z[0m [33m WARN[0m [2mmoq_transport::serve::error[0m[2m:[0m [f8d19ee4-b983-41c4-b158-53ae83ff5b44] Not found: no such namespace or track at moq-transport/src/session/subscriber.rs:1653
[2m2026-09-12T00:53:17.295438Z[0m [32m INFO[0m [2mmoq_test_client::scenarios[0m[2m:[0m Got expected 'not found' error: not found: Track not found [error:f8d19ee4-b983-41c4-b158-53ae83ff5b44]
ok 3 - subscribe-error
  ---
  duration_ms: 247
  connection_id: b0f63409a1398e06efa2e022d8dd5b93
  ...
[2m2026-09-12T00:53:17.296439Z[0m [32m INFO[0m [2mmoq_native_ietf::quic[0m[2m:[0m UDP socket bound [3mbind[0m[2m=[0m[::]:0 [3mlocal[0m[2m=[0m[::]:48760 [3mdual_stack[0m[2m=[0mtrue
[2m2026-09-12T00:53:17.363970Z[0m [33m WARN[0m [2mweb_transport_quinn::session[0m[2m:[0m failed to read capsule [3me[0m[2m=[0mUnexpectedEnd
[2m2026-09-12T00:53:17.512014Z[0m [32m INFO[0m [2mmoq_native_ietf::quic[0m[2m:[0m UDP socket bound [3mbind[0m[2m=[0m[::]:0 [3mlocal[0m[2m=[0m[::]:44303 [3mdual_stack[0m[2m=[0mtrue
[2m2026-09-12T00:53:17.696770Z[0m [32m INFO[0m [2mmoq_test_client::scenarios[0m[2m:[0m Publisher sending PUBLISH_NAMESPACE: moq-test/interop
[2m2026-09-12T00:53:17.696784Z[0m [32m INFO[0m [2mmoq_test_client::scenarios[0m[2m:[0m Subscriber subscribing to track: moq-test/interop/test-track
[2m2026-09-12T00:53:20.697983Z[0m [32m INFO[0m [2mmoq_test_client::scenarios[0m[2m:[0m Test timeout reached - subscription routing may still be in progress
ok 4 - publish-namespace-subscribe
  ---
  duration_ms: 3402
  publisher_connection_id: e03bb19ac046e643004311c285c99a7f
  subscriber_connection_id: 6abe391974a279cfc4dea82c38799fc1
  ...
[2m2026-09-12T00:53:20.698894Z[0m [32m INFO[0m [2mmoq_native_ietf::quic[0m[2m:[0m UDP socket bound [3mbind[0m[2m=[0m[::]:0 [3mlocal[0m[2m=[0m[::]:42967 [3mdual_stack[0m[2m=[0mtrue
[2m2026-09-12T00:53:20.765373Z[0m [33m WARN[0m [2mweb_transport_quinn::session[0m[2m:[0m failed to read capsule [3me[0m[2m=[0mUnexpectedEnd
[2m2026-09-12T00:53:20.776055Z[0m [33m WARN[0m [2mweb_transport_quinn::session[0m[2m:[0m failed to read capsule [3me[0m[2m=[0mUnexpectedEnd
[2m2026-09-12T00:53:20.889276Z[0m [32m INFO[0m [2mmoq_test_client::scenarios[0m[2m:[0m Subscriber subscribing BEFORE PUBLISH_NAMESPACE: moq-test/interop/test-track
[2m2026-09-12T00:53:20.962757Z[0m [33m WARN[0m [2mmoq_transport::serve::error[0m[2m:[0m [103378c4-4f65-4b26-afc9-482180fff1cd] Not found: no such namespace or track at moq-transport/src/session/subscriber.rs:1653
[2m2026-09-12T00:53:21.034482Z[0m [33m WARN[0m [2mweb_transport_quinn::session[0m[2m:[0m failed to read capsule [3me[0m[2m=[0mUnexpectedEnd
[2m2026-09-12T00:53:21.390490Z[0m [32m INFO[0m [2mmoq_native_ietf::quic[0m[2m:[0m UDP socket bound [3mbind[0m[2m=[0m[::]:0 [3mlocal[0m[2m=[0m[::]:59687 [3mdual_stack[0m[2m=[0mtrue
[2m2026-09-12T00:53:21.588348Z[0m [32m INFO[0m [2mmoq_test_client::scenarios[0m[2m:[0m Publisher sending PUBLISH_NAMESPACE (after subscriber): moq-test/interop
[2m2026-09-12T00:53:24.589929Z[0m [32m INFO[0m [2mmoq_test_client::scenarios[0m[2m:[0m Publisher PUBLISH_NAMESPACE timeout (expected)
[2m2026-09-12T00:53:24.589954Z[0m [32m INFO[0m [2mmoq_test_client::scenarios[0m[2m:[0m Subscriber got error: not found: Track not found [error:103378c4-4f65-4b26-afc9-482180fff1cd] (may be expected)
ok 5 - subscribe-before-publish-namespace
  ---
  duration_ms: 3892
  subscriber_connection_id: 489cdbc8678abdf1201336b71fc4a4e2
  publisher_connection_id: 5cacfdd166b5cd2bc034aed69298c061
  ...
[2m2026-09-12T00:53:24.591051Z[0m [32m INFO[0m [2mmoq_native_ietf::quic[0m[2m:[0m UDP socket bound [3mbind[0m[2m=[0m[::]:0 [3mlocal[0m[2m=[0m[::]:53909 [3mdual_stack[0m[2m=[0mtrue
[2m2026-09-12T00:53:24.666105Z[0m [33m WARN[0m [2mweb_transport_quinn::session[0m[2m:[0m failed to read capsule [3me[0m[2m=[0mUnexpectedEnd
[2m2026-09-12T00:53:24.747275Z[0m [32m INFO[0m [2mmoq_test_client::scenarios[0m[2m:[0m Sending PUBLISH_NAMESPACE: moq-test/interop
[2m2026-09-12T00:53:26.747584Z[0m [32m INFO[0m [2mmoq_test_client::scenarios[0m[2m:[0m PUBLISH_NAMESPACE active; sending PUBLISH_NAMESPACE_DONE
ok 6 - publish-namespace-done
  ---
  duration_ms: 2259
  connection_id: f4501d2ac5739309648c86b75e2213ec
  ...
[2m2026-09-12T00:53:26.849277Z[0m [32m INFO[0m [2mmoq_test_client::scenarios[0m[2m:[0m PUBLISH_NAMESPACE_DONE sent successfully
[2m2026-09-12T00:53:26.850234Z[0m [32m INFO[0m [2mmoq_native_ietf::quic[0m[2m:[0m UDP socket bound [3mbind[0m[2m=[0m[::]:0 [3mlocal[0m[2m=[0m[::]:34139 [3mdual_stack[0m[2m=[0mtrue
[2m2026-09-12T00:53:26.919178Z[0m [33m WARN[0m [2mweb_transport_quinn::session[0m[2m:[0m failed to read capsule [3me[0m[2m=[0mUnexpectedEnd
[2m2026-09-12T00:53:27.092673Z[0m [32m INFO[0m [2mmoq_test_client::scenarios[0m[2m:[0m Publisher sending direct PUBLISH [3mnamespace[0m[2m=[0m/moq-test/publish [3mtrack[0m[2m=[0m"published-track"
[2m2026-09-12T00:53:27.164725Z[0m [32m INFO[0m [2mmoq_test_client::scenarios[0m[2m:[0m PUBLISH accepted [3mnamespace[0m[2m=[0m/moq-test/publish [3mtrack[0m[2m=[0m"published-track"
ok 7 - publish-track-only
  ---
  duration_ms: 315
  connection_id: 784a172f561bbb7caf0fff03e8a8e6ec
  ...
[2m2026-09-12T00:53:27.164777Z[0m [32m INFO[0m [2mmoq_test_client::scenarios[0m[2m:[0m PUBLISH completed [3mnamespace[0m[2m=[0m/moq-test/publish [3mtrack[0m[2m=[0m"published-track"
[2m2026-09-12T00:53:27.165653Z[0m [32m INFO[0m [2mmoq_native_ietf::quic[0m[2m:[0m UDP socket bound [3mbind[0m[2m=[0m[::]:0 [3mlocal[0m[2m=[0m[::]:33217 [3mdual_stack[0m[2m=[0mtrue
[2m2026-09-12T00:53:27.236053Z[0m [33m WARN[0m [2mweb_transport_quinn::session[0m[2m:[0m failed to read capsule [3me[0m[2m=[0mUnexpectedEnd
[2m2026-09-12T00:53:27.382900Z[0m [32m INFO[0m [2mmoq_native_ietf::quic[0m[2m:[0m UDP socket bound [3mbind[0m[2m=[0m[::]:0 [3mlocal[0m[2m=[0m[::]:37349 [3mdual_stack[0m[2m=[0mtrue
[2m2026-09-12T00:53:27.620250Z[0m [32m INFO[0m [2mmoq_test_client::scenarios[0m[2m:[0m Publisher sending direct PUBLISH before subscriber subscribes [3mnamespace[0m[2m=[0m/moq-test/publish [3mtrack[0m[2m=[0m"published-track"
[2m2026-09-12T00:53:27.696818Z[0m [32m INFO[0m [2mmoq_test_client::scenarios[0m[2m:[0m PUBLISH accepted; starting subscriber [3mnamespace[0m[2m=[0m/moq-test/publish [3mtrack[0m[2m=[0m"published-track"
[2m2026-09-12T00:53:27.773212Z[0m [33m WARN[0m [2mmoq_transport::session[0m[2m:[0m unexpected bidi response message type [3mmsg_type[0m[2m=[0m2
[2m2026-09-12T00:53:27.773236Z[0m [33m WARN[0m [2mmoq_transport::serve::error[0m[2m:[0m [cca69f9d-b128-470f-b4b0-71bb1f82d9b8] Not implemented: bidi response type 0x2 at moq-transport/src/session/error.rs:89
not ok 8 - publish-track-subscribe
  ---
  duration_ms: 632
  message: "failed serving PUBLISH track: serve error: cancelled: cancelled"
  ...
[2m2026-09-12T00:53:27.798580Z[0m [32m INFO[0m [2mmoq_native_ietf::quic[0m[2m:[0m UDP socket bound [3mbind[0m[2m=[0m[::]:0 [3mlocal[0m[2m=[0m[::]:35868 [3mdual_stack[0m[2m=[0mtrue
[2m2026-09-12T00:53:27.871959Z[0m [33m WARN[0m [2mweb_transport_quinn::session[0m[2m:[0m failed to read capsule [3me[0m[2m=[0mUnexpectedEnd
[2m2026-09-12T00:53:27.886010Z[0m [33m WARN[0m [2mweb_transport_quinn::session[0m[2m:[0m failed to read capsule [3me[0m[2m=[0mUnexpectedEnd
[2m2026-09-12T00:53:27.959870Z[0m [32m INFO[0m [2mmoq_test_client::scenarios[0m[2m:[0m Subscribing with RENDEZVOUS_TIMEOUT to a track with no publisher [3mtimeout_ms[0m[2m=[0m500
[2m2026-09-12T00:53:28.531979Z[0m [32m INFO[0m [2mmoq_test_client::scenarios[0m[2m:[0m Received expected REQUEST_ERROR TIMEOUT
ok 9 - rendezvous-timeout
  ---
  duration_ms: 734
  connection_id: 4fd5a3ef84f4c8a6924697f2525bd4a2
  ...
[2m2026-09-12T00:53:28.532855Z[0m [32m INFO[0m [2mmoq_native_ietf::quic[0m[2m:[0m UDP socket bound [3mbind[0m[2m=[0m[::]:0 [3mlocal[0m[2m=[0m[::]:44174 [3mdual_stack[0m[2m=[0mtrue
[2m2026-09-12T00:53:28.602523Z[0m [33m WARN[0m [2mweb_transport_quinn::session[0m[2m:[0m failed to read capsule [3me[0m[2m=[0mUnexpectedEnd
[2m2026-09-12T00:53:28.892971Z[0m [32m INFO[0m [2mmoq_native_ietf::quic[0m[2m:[0m UDP socket bound [3mbind[0m[2m=[0m[::]:0 [3mlocal[0m[2m=[0m[::]:33569 [3mdual_stack[0m[2m=[0mtrue
[2m2026-09-12T00:53:29.129992Z[0m [33m WARN[0m [2mmoq_transport::session[0m[2m:[0m unexpected bidi response message type [3mmsg_type[0m[2m=[0m2
[2m2026-09-12T00:53:29.130012Z[0m [33m WARN[0m [2mmoq_transport::serve::error[0m[2m:[0m [2f0f98ed-00e3-406a-a2bf-8e3aacf2d336] Not implemented: bidi response type 0x2 at moq-transport/src/session/error.rs:89
[2m2026-09-12T00:53:29.131029Z[0m [32m INFO[0m [2mmoq_test_client::moqtest[0m[2m:[0m PUBLISH accepted and subscription bound; generating objects [3mobjects[0m[2m=[0m15 [3mstreams[0m[2m=[0m3
not ok 10 - moq-test-subgroup-per-group
  ---
  duration_ms: 614
  message: "failed to create subgroup: cancelled"
  ...
[2m2026-09-12T00:53:29.147502Z[0m [32m INFO[0m [2mmoq_native_ietf::quic[0m[2m:[0m UDP socket bound [3mbind[0m[2m=[0m[::]:0 [3mlocal[0m[2m=[0m[::]:49246 [3mdual_stack[0m[2m=[0mtrue
[2m2026-09-12T00:53:29.220149Z[0m [33m WARN[0m [2mweb_transport_quinn::session[0m[2m:[0m failed to read capsule [3me[0m[2m=[0mUnexpectedEnd
[2m2026-09-12T00:53:29.231651Z[0m [33m WARN[0m [2mweb_transport_quinn::session[0m[2m:[0m failed to read capsule [3me[0m[2m=[0mUnexpectedEnd
[2m2026-09-12T00:53:29.509159Z[0m [32m INFO[0m [2mmoq_native_ietf::quic[0m[2m:[0m UDP socket bound [3mbind[0m[2m=[0m[::]:0 [3mlocal[0m[2m=[0m[::]:36938 [3mdual_stack[0m[2m=[0mtrue
[2m2026-09-12T00:53:29.812735Z[0m [32m INFO[0m [2mmoq_test_client::moqtest[0m[2m:[0m PUBLISH accepted and subscription bound; generating objects [3mobjects[0m[2m=[0m15 [3mstreams[0m[2m=[0m3
not ok 11 - moq-test-subgroup-per-group-eog
  ---
  duration_ms: 685
  message: "failed to create subgroup: cancelled"
  ...
[2m2026-09-12T00:53:29.832693Z[0m [32m INFO[0m [2mmoq_native_ietf::quic[0m[2m:[0m UDP socket bound [3mbind[0m[2m=[0m[::]:0 [3mlocal[0m[2m=[0m[::]:57442 [3mdual_stack[0m[2m=[0mtrue
[2m2026-09-12T00:53:29.902194Z[0m [33m WARN[0m [2mweb_transport_quinn::session[0m[2m:[0m failed to read capsule [3me[0m[2m=[0mUnexpectedEnd
[2m2026-09-12T00:53:29.916936Z[0m [33m WARN[0m [2mweb_transport_quinn::session[0m[2m:[0m failed to read capsule [3me[0m[2m=[0mUnexpectedEnd
[2m2026-09-12T00:53:30.194271Z[0m [32m INFO[0m [2mmoq_native_ietf::quic[0m[2m:[0m UDP socket bound [3mbind[0m[2m=[0m[::]:0 [3mlocal[0m[2m=[0m[::]:43769 [3mdual_stack[0m[2m=[0mtrue
[2m2026-09-12T00:53:30.425376Z[0m [32m INFO[0m [2mmoq_test_client::moqtest[0m[2m:[0m PUBLISH accepted and subscription bound; generating objects [3mobjects[0m[2m=[0m8 [3mstreams[0m[2m=[0m8
not ok 12 - moq-test-subgroup-per-object
  ---
  duration_ms: 597
  message: "failed to create subgroup: cancelled"
  ...
[2m2026-09-12T00:53:30.430228Z[0m [32m INFO[0m [2mmoq_native_ietf::quic[0m[2m:[0m UDP socket bound [3mbind[0m[2m=[0m[::]:0 [3mlocal[0m[2m=[0m[::]:57826 [3mdual_stack[0m[2m=[0mtrue
[2m2026-09-12T00:53:30.499425Z[0m [33m WARN[0m [2mweb_transport_quinn::session[0m[2m:[0m failed to read capsule [3me[0m[2m=[0mUnexpectedEnd
[2m2026-09-12T00:53:30.502346Z[0m [33m WARN[0m [2mweb_transport_quinn::session[0m[2m:[0m failed to read capsule [3me[0m[2m=[0mUnexpectedEnd
[2m2026-09-12T00:53:30.825933Z[0m [32m INFO[0m [2mmoq_native_ietf::quic[0m[2m:[0m UDP socket bound [3mbind[0m[2m=[0m[::]:0 [3mlocal[0m[2m=[0m[::]:32915 [3mdual_stack[0m[2m=[0mtrue
[2m2026-09-12T00:53:31.088122Z[0m [32m INFO[0m [2mmoq_test_client::moqtest[0m[2m:[0m PUBLISH accepted and subscription bound; generating objects [3mobjects[0m[2m=[0m18 [3mstreams[0m[2m=[0m6
not ok 13 - moq-test-two-subgroups-eog
  ---
  duration_ms: 679
  message: "failed to create subgroup 0: cancelled"
  ...
[2m2026-09-12T00:53:31.110168Z[0m [32m INFO[0m [2mmoq_native_ietf::quic[0m[2m:[0m UDP socket bound [3mbind[0m[2m=[0m[::]:0 [3mlocal[0m[2m=[0m[::]:57208 [3mdual_stack[0m[2m=[0mtrue
[2m2026-09-12T00:53:31.182694Z[0m [33m WARN[0m [2mweb_transport_quinn::session[0m[2m:[0m failed to read capsule [3me[0m[2m=[0mUnexpectedEnd
[2m2026-09-12T00:53:31.184201Z[0m [33m WARN[0m [2mweb_transport_quinn::session[0m[2m:[0m failed to read capsule [3me[0m[2m=[0mUnexpectedEnd
[2m2026-09-12T00:53:31.475418Z[0m [32m INFO[0m [2mmoq_native_ietf::quic[0m[2m:[0m UDP socket bound [3mbind[0m[2m=[0m[::]:0 [3mlocal[0m[2m=[0m[::]:45870 [3mdual_stack[0m[2m=[0mtrue
[2m2026-09-12T00:53:31.741375Z[0m [32m INFO[0m [2mmoq_test_client::moqtest[0m[2m:[0m PUBLISH accepted and subscription bound; generating objects [3mobjects[0m[2m=[0m15 [3mstreams[0m[2m=[0m0
not ok 14 - moq-test-datagram
  ---
  duration_ms: 653
  message: "failed to write datagram: cancelled"
  ...
[2m2026-09-12T00:53:31.763671Z[0m [32m INFO[0m [2mmoq_native_ietf::quic[0m[2m:[0m UDP socket bound [3mbind[0m[2m=[0m[::]:0 [3mlocal[0m[2m=[0m[::]:58255 [3mdual_stack[0m[2m=[0mtrue
[2m2026-09-12T00:53:31.846948Z[0m [33m WARN[0m [2mweb_transport_quinn::session[0m[2m:[0m failed to read capsule [3me[0m[2m=[0mUnexpectedEnd
[2m2026-09-12T00:53:31.846974Z[0m [33m WARN[0m [2mweb_transport_quinn::session[0m[2m:[0m failed to read capsule [3me[0m[2m=[0mUnexpectedEnd
[2m2026-09-12T00:53:32.124187Z[0m [32m INFO[0m [2mmoq_native_ietf::quic[0m[2m:[0m UDP socket bound [3mbind[0m[2m=[0m[::]:0 [3mlocal[0m[2m=[0m[::]:34941 [3mdual_stack[0m[2m=[0mtrue
[2m2026-09-12T00:53:32.357393Z[0m [33m WARN[0m [2mmoq_transport::session[0m[2m:[0m unexpected bidi response message type [3mmsg_type[0m[2m=[0m2
[2m2026-09-12T00:53:32.357413Z[0m [33m WARN[0m [2mmoq_transport::serve::error[0m[2m:[0m [a88156fd-80e9-44f0-ba64-197d764f29be] Not implemented: bidi response type 0x2 at moq-transport/src/session/error.rs:89
[2m2026-09-12T00:53:32.357635Z[0m [32m INFO[0m [2mmoq_test_client::moqtest[0m[2m:[0m PUBLISH accepted and subscription bound; generating objects [3mobjects[0m[2m=[0m15 [3mstreams[0m[2m=[0m0
not ok 15 - moq-test-datagram-eog
  ---
  duration_ms: 616
  message: "failed to write datagram: cancelled"
  ...
[2m2026-09-12T00:53:32.379813Z[0m [32m INFO[0m [2mmoq_native_ietf::quic[0m[2m:[0m UDP socket bound [3mbind[0m[2m=[0m[::]:0 [3mlocal[0m[2m=[0m[::]:55794 [3mdual_stack[0m[2m=[0mtrue
[2m2026-09-12T00:53:32.448310Z[0m [33m WARN[0m [2mweb_transport_quinn::session[0m[2m:[0m failed to read capsule [3me[0m[2m=[0mUnexpectedEnd
[2m2026-09-12T00:53:32.451841Z[0m [33m WARN[0m [2mweb_transport_quinn::session[0m[2m:[0m failed to read capsule [3me[0m[2m=[0mUnexpectedEnd
[2m2026-09-12T00:53:32.740607Z[0m [32m INFO[0m [2mmoq_native_ietf::quic[0m[2m:[0m UDP socket bound [3mbind[0m[2m=[0m[::]:0 [3mlocal[0m[2m=[0m[::]:47658 [3mdual_stack[0m[2m=[0mtrue
[2m2026-09-12T00:53:33.001008Z[0m [32m INFO[0m [2mmoq_test_client::moqtest[0m[2m:[0m PUBLISH accepted and subscription bound; generating objects [3mobjects[0m[2m=[0m15 [3mstreams[0m[2m=[0m3
not ok 16 - moq-test-extensions
  ---
  duration_ms: 640
  message: "failed to create subgroup: cancelled"
  ...
[2m2026-09-12T00:53:33.020004Z[0m [32m INFO[0m [2mmoq_native_ietf::quic[0m[2m:[0m UDP socket bound [3mbind[0m[2m=[0m[::]:0 [3mlocal[0m[2m=[0m[::]:37323 [3mdual_stack[0m[2m=[0mtrue
[2m2026-09-12T00:53:33.089074Z[0m [33m WARN[0m [2mweb_transport_quinn::session[0m[2m:[0m failed to read capsule [3me[0m[2m=[0mUnexpectedEnd
[2m2026-09-12T00:53:33.091584Z[0m [33m WARN[0m [2mweb_transport_quinn::session[0m[2m:[0m failed to read capsule [3me[0m[2m=[0mUnexpectedEnd
[2m2026-09-12T00:53:33.383499Z[0m [32m INFO[0m [2mmoq_native_ietf::quic[0m[2m:[0m UDP socket bound [3mbind[0m[2m=[0m[::]:0 [3mlocal[0m[2m=[0m[::]:43825 [3mdual_stack[0m[2m=[0mtrue
[2m2026-09-12T00:53:33.683045Z[0m [32m INFO[0m [2mmoq_test_client::moqtest[0m[2m:[0m PUBLISH accepted and subscription bound; generating objects [3mobjects[0m[2m=[0m9 [3mstreams[0m[2m=[0m3
not ok 17 - moq-test-increments
  ---
  duration_ms: 673
  message: "failed to create subgroup: cancelled"
  ...
[2m2026-09-12T00:53:33.693570Z[0m [32m INFO[0m [2mmoq_native_ietf::quic[0m[2m:[0m UDP socket bound [3mbind[0m[2m=[0m[::]:0 [3mlocal[0m[2m=[0m[::]:46133 [3mdual_stack[0m[2m=[0mtrue
[2m2026-09-12T00:53:33.775090Z[0m [33m WARN[0m [2mweb_transport_quinn::session[0m[2m:[0m failed to read capsule [3me[0m[2m=[0mUnexpectedEnd
[2m2026-09-12T00:53:33.776890Z[0m [33m WARN[0m [2mweb_transport_quinn::session[0m[2m:[0m failed to read capsule [3me[0m[2m=[0mUnexpectedEnd
[2m2026-09-12T00:53:34.057982Z[0m [32m INFO[0m [2mmoq_native_ietf::quic[0m[2m:[0m UDP socket bound [3mbind[0m[2m=[0m[::]:0 [3mlocal[0m[2m=[0m[::]:37662 [3mdual_stack[0m[2m=[0mtrue
[2m2026-09-12T00:53:34.299492Z[0m [32m INFO[0m [2mmoq_test_client::moqtest[0m[2m:[0m PUBLISH accepted and subscription bound; generating objects [3mobjects[0m[2m=[0m6 [3mstreams[0m[2m=[0m2
not ok 18 - moq-test-forward-zero
  ---
  duration_ms: 616
  message: "failed to create subgroup: cancelled"
  ...
make[1]: *** [Makefile:122: test-external] Error 1
make[1]: Leaving directory '/home/runner/work/moq-interop-runner/moq-interop-runner/main'
