make[1]: Entering directory '/home/runner/work/moq-interop-runner/moq-interop-runner/main'
Running tests against moqt://moqt.nokiaresearch.com:4443/moq...
  Client: ghcr.io/englishm/moq-interop-runner-moq-test-client-draft-18:latest
docker run --rm \
	 \
	--network host \
	-e RELAY_URL=moqt://moqt.nokiaresearch.com:4443/moq \
	-e TLS_DISABLE_VERIFY=false \
	ghcr.io/englishm/moq-interop-runner-moq-test-client-draft-18:latest
TAP version 14
# moq-test-client v0.1.12
# Relay: moqt://moqt.nokiaresearch.com:4443/moq
1..18
[2m2026-09-12T00:50:02.518873Z[0m [32m INFO[0m [2mmoq_native_ietf::quic[0m[2m:[0m UDP socket bound [3mbind[0m[2m=[0m[::]:0 [3mlocal[0m[2m=[0m[::]:39723 [3mdual_stack[0m[2m=[0mtrue
ok 1 - setup-only
  ---
  duration_ms: 530
  connection_id: ff978f7f5f52019d5883044dd08fb066
  ...
[2m2026-09-12T00:50:03.048036Z[0m [32m INFO[0m [2mmoq_test_client::scenarios[0m[2m:[0m SETUP exchange completed successfully
[2m2026-09-12T00:50:03.048983Z[0m [32m INFO[0m [2mmoq_native_ietf::quic[0m[2m:[0m UDP socket bound [3mbind[0m[2m=[0m[::]:0 [3mlocal[0m[2m=[0m[::]:50743 [3mdual_stack[0m[2m=[0mtrue
[2m2026-09-12T00:50:03.570334Z[0m [32m INFO[0m [2mmoq_test_client::scenarios[0m[2m:[0m Sending PUBLISH_NAMESPACE for: moq-test/interop
[2m2026-09-12T00:50:05.571730Z[0m [32m INFO[0m [2mmoq_test_client::scenarios[0m[2m:[0m PUBLISH_NAMESPACE succeeded (REQUEST_OK received, waiting for subscribers)
ok 2 - publish-namespace-only
  ---
  duration_ms: 2523
  connection_id: f2edf957f343b843ef61c11810a876e2
  ...
[2m2026-09-12T00:50:05.572913Z[0m [32m INFO[0m [2mmoq_native_ietf::quic[0m[2m:[0m UDP socket bound [3mbind[0m[2m=[0m[::]:0 [3mlocal[0m[2m=[0m[::]:41795 [3mdual_stack[0m[2m=[0mtrue
[2m2026-09-12T00:50:06.102387Z[0m [32m INFO[0m [2mmoq_test_client::scenarios[0m[2m:[0m Subscribing to non-existent track: nonexistent/namespace/test-track
[2m2026-09-12T00:50:06.263952Z[0m [33m WARN[0m [2mmoq_transport::serve::error[0m[2m:[0m [f667ab99-53a5-4c73-93d5-ad4b3a9720b1] Not found: Track /nonexistent/namespace/test-track does not exist at moq-transport/src/session/subscriber.rs:1653
[2m2026-09-12T00:50:06.264099Z[0m [32m INFO[0m [2mmoq_test_client::scenarios[0m[2m:[0m Got expected 'not found' error: not found: Track not found [error:f667ab99-53a5-4c73-93d5-ad4b3a9720b1]
ok 3 - subscribe-error
  ---
  duration_ms: 692
  connection_id: 413a9341d57ae1f26c2cd14350d4f60c
  ...
[2m2026-09-12T00:50:06.265214Z[0m [32m INFO[0m [2mmoq_native_ietf::quic[0m[2m:[0m UDP socket bound [3mbind[0m[2m=[0m[::]:0 [3mlocal[0m[2m=[0m[::]:36145 [3mdual_stack[0m[2m=[0mtrue
[2m2026-09-12T00:50:06.792568Z[0m [32m INFO[0m [2mmoq_native_ietf::quic[0m[2m:[0m UDP socket bound [3mbind[0m[2m=[0m[::]:0 [3mlocal[0m[2m=[0m[::]:48890 [3mdual_stack[0m[2m=[0mtrue
[2m2026-09-12T00:50:07.282205Z[0m [32m INFO[0m [2mmoq_test_client::scenarios[0m[2m:[0m Publisher sending PUBLISH_NAMESPACE: moq-test/interop
[2m2026-09-12T00:50:07.282225Z[0m [32m INFO[0m [2mmoq_test_client::scenarios[0m[2m:[0m Subscriber subscribing to track: moq-test/interop/test-track
[2m2026-09-12T00:50:10.283377Z[0m [32m INFO[0m [2mmoq_test_client::scenarios[0m[2m:[0m Test timeout reached - subscription routing may still be in progress
ok 4 - publish-namespace-subscribe
  ---
  duration_ms: 4019
  publisher_connection_id: 53c64e0798367725645ac693728419f3
  subscriber_connection_id: 298c1687175ebbfd95d464db0d491ef1
  ...
[2m2026-09-12T00:50:10.284622Z[0m [32m INFO[0m [2mmoq_native_ietf::quic[0m[2m:[0m UDP socket bound [3mbind[0m[2m=[0m[::]:0 [3mlocal[0m[2m=[0m[::]:49375 [3mdual_stack[0m[2m=[0mtrue
[2m2026-09-12T00:50:10.775398Z[0m [32m INFO[0m [2mmoq_test_client::scenarios[0m[2m:[0m Subscriber subscribing BEFORE PUBLISH_NAMESPACE: moq-test/interop/test-track
[2m2026-09-12T00:50:10.937090Z[0m [33m WARN[0m [2mmoq_transport::serve::error[0m[2m:[0m [184fbf0e-0a94-4ec9-8786-9a0a532f1d86] Not found: Track /moq-test/interop/test-track does not exist at moq-transport/src/session/subscriber.rs:1653
[2m2026-09-12T00:50:11.276750Z[0m [32m INFO[0m [2mmoq_native_ietf::quic[0m[2m:[0m UDP socket bound [3mbind[0m[2m=[0m[::]:0 [3mlocal[0m[2m=[0m[::]:56205 [3mdual_stack[0m[2m=[0mtrue
[2m2026-09-12T00:50:11.813028Z[0m [32m INFO[0m [2mmoq_test_client::scenarios[0m[2m:[0m Publisher sending PUBLISH_NAMESPACE (after subscriber): moq-test/interop
[2m2026-09-12T00:50:14.813992Z[0m [32m INFO[0m [2mmoq_test_client::scenarios[0m[2m:[0m Publisher PUBLISH_NAMESPACE timeout (expected)
[2m2026-09-12T00:50:14.814020Z[0m [32m INFO[0m [2mmoq_test_client::scenarios[0m[2m:[0m Subscriber got error: not found: Track not found [error:184fbf0e-0a94-4ec9-8786-9a0a532f1d86] (may be expected)
ok 5 - subscribe-before-publish-namespace
  ---
  duration_ms: 4530
  subscriber_connection_id: ec5a6126a555fe2b06db8f6473887fb1
  publisher_connection_id: ed4886b104c82f281376867b642c249e
  ...
[2m2026-09-12T00:50:14.815163Z[0m [32m INFO[0m [2mmoq_native_ietf::quic[0m[2m:[0m UDP socket bound [3mbind[0m[2m=[0m[::]:0 [3mlocal[0m[2m=[0m[::]:47020 [3mdual_stack[0m[2m=[0mtrue
[2m2026-09-12T00:50:15.345407Z[0m [32m INFO[0m [2mmoq_test_client::scenarios[0m[2m:[0m Sending PUBLISH_NAMESPACE: moq-test/interop
[2m2026-09-12T00:50:17.346380Z[0m [32m INFO[0m [2mmoq_test_client::scenarios[0m[2m:[0m PUBLISH_NAMESPACE active; sending PUBLISH_NAMESPACE_DONE
ok 6 - publish-namespace-done
  ---
  duration_ms: 2633
  connection_id: 7f9fd83648bf97dd9334f4f1cbc54c76
  ...
[2m2026-09-12T00:50:17.447783Z[0m [32m INFO[0m [2mmoq_test_client::scenarios[0m[2m:[0m PUBLISH_NAMESPACE_DONE sent successfully
[2m2026-09-12T00:50:17.448737Z[0m [32m INFO[0m [2mmoq_native_ietf::quic[0m[2m:[0m UDP socket bound [3mbind[0m[2m=[0m[::]:0 [3mlocal[0m[2m=[0m[::]:52450 [3mdual_stack[0m[2m=[0mtrue
[2m2026-09-12T00:50:17.978886Z[0m [32m INFO[0m [2mmoq_test_client::scenarios[0m[2m:[0m Publisher sending direct PUBLISH [3mnamespace[0m[2m=[0m/moq-test/publish [3mtrack[0m[2m=[0m"published-track"
[2m2026-09-12T00:50:18.141252Z[0m [32m INFO[0m [2mmoq_test_client::scenarios[0m[2m:[0m PUBLISH accepted [3mnamespace[0m[2m=[0m/moq-test/publish [3mtrack[0m[2m=[0m"published-track"
[2m2026-09-12T00:50:18.141348Z[0m [32m INFO[0m [2mmoq_test_client::scenarios[0m[2m:[0m PUBLISH completed [3mnamespace[0m[2m=[0m/moq-test/publish [3mtrack[0m[2m=[0m"published-track"
ok 7 - publish-track-only
  ---
  duration_ms: 693
  connection_id: a32ca48758421b204e0f993e2b2a46f5
  ...
[2m2026-09-12T00:50:18.142256Z[0m [32m INFO[0m [2mmoq_native_ietf::quic[0m[2m:[0m UDP socket bound [3mbind[0m[2m=[0m[::]:0 [3mlocal[0m[2m=[0m[::]:35082 [3mdual_stack[0m[2m=[0mtrue
[2m2026-09-12T00:50:18.712472Z[0m [32m INFO[0m [2mmoq_native_ietf::quic[0m[2m:[0m UDP socket bound [3mbind[0m[2m=[0m[::]:0 [3mlocal[0m[2m=[0m[::]:33215 [3mdual_stack[0m[2m=[0mtrue
[2m2026-09-12T00:50:19.215344Z[0m [32m INFO[0m [2mmoq_test_client::scenarios[0m[2m:[0m Publisher sending direct PUBLISH before subscriber subscribes [3mnamespace[0m[2m=[0m/moq-test/publish [3mtrack[0m[2m=[0m"published-track"
[2m2026-09-12T00:50:19.375489Z[0m [32m INFO[0m [2mmoq_test_client::scenarios[0m[2m:[0m PUBLISH accepted; starting subscriber [3mnamespace[0m[2m=[0m/moq-test/publish [3mtrack[0m[2m=[0m"published-track"
[2m2026-09-12T00:50:24.640639Z[0m [33m WARN[0m [2mmoq_transport::session::subscriber[0m[2m:[0m PUBLISH_DONE Stream Count was never reached; ending subscription on timer [3mrequest_id[0m[2m=[0m0 [3mtimeout_ms[0m[2m=[0m5000
not ok 8 - publish-track-subscribe
  ---
  duration_ms: 6499
  message: "subscriber track mode failed: closed, code=2"
  ...
[2m2026-09-12T00:50:24.641671Z[0m [32m INFO[0m [2mmoq_native_ietf::quic[0m[2m:[0m UDP socket bound [3mbind[0m[2m=[0m[::]:0 [3mlocal[0m[2m=[0m[::]:58028 [3mdual_stack[0m[2m=[0mtrue
[2m2026-09-12T00:50:25.133440Z[0m [32m INFO[0m [2mmoq_test_client::scenarios[0m[2m:[0m Subscribing with RENDEZVOUS_TIMEOUT to a track with no publisher [3mtimeout_ms[0m[2m=[0m500
[2m2026-09-12T00:50:25.796260Z[0m [32m INFO[0m [2mmoq_test_client::scenarios[0m[2m:[0m Received expected REQUEST_ERROR TIMEOUT
ok 9 - rendezvous-timeout
  ---
  duration_ms: 1155
  connection_id: bc03080a113ab06ae6918a7c0fa07d4a
  ...
[2m2026-09-12T00:50:25.797204Z[0m [32m INFO[0m [2mmoq_native_ietf::quic[0m[2m:[0m UDP socket bound [3mbind[0m[2m=[0m[::]:0 [3mlocal[0m[2m=[0m[::]:46163 [3mdual_stack[0m[2m=[0mtrue
[2m2026-09-12T00:50:26.495331Z[0m [32m INFO[0m [2mmoq_native_ietf::quic[0m[2m:[0m UDP socket bound [3mbind[0m[2m=[0m[::]:0 [3mlocal[0m[2m=[0m[::]:36707 [3mdual_stack[0m[2m=[0mtrue
[2m2026-09-12T00:50:27.165890Z[0m [32m INFO[0m [2mmoq_test_client::moqtest[0m[2m:[0m PUBLISH accepted and subscription bound; generating objects [3mobjects[0m[2m=[0m15 [3mstreams[0m[2m=[0m3
[2m2026-09-12T00:50:27.213826Z[0m [32m INFO[0m [2mmoq_test_client::moqtest[0m[2m:[0m PUBLISH completed
[2m2026-09-12T00:50:27.377130Z[0m [32m INFO[0m [2mmoq_test_client[0m[2m:[0m moq-test passed: objects 15/15, eog 0/0, streams 3, publish_done status=2 stream_count=3 reason=ReasonPhrase("publish ended")
ok 10 - moq-test-subgroup-per-group
  ---
  duration_ms: 1580
  subscriber_connection_id: 1b69e5f73fa3d26e044322f9fe02e684
  publisher_connection_id: e81afd8e80bde0df8dd4e60ca9ec1660
  ...
[2m2026-09-12T00:50:27.378107Z[0m [32m INFO[0m [2mmoq_native_ietf::quic[0m[2m:[0m UDP socket bound [3mbind[0m[2m=[0m[::]:0 [3mlocal[0m[2m=[0m[::]:45616 [3mdual_stack[0m[2m=[0mtrue
[2m2026-09-12T00:50:28.072180Z[0m [32m INFO[0m [2mmoq_native_ietf::quic[0m[2m:[0m UDP socket bound [3mbind[0m[2m=[0m[::]:0 [3mlocal[0m[2m=[0m[::]:39256 [3mdual_stack[0m[2m=[0mtrue
[2m2026-09-12T00:50:28.718908Z[0m [32m INFO[0m [2mmoq_test_client::moqtest[0m[2m:[0m PUBLISH accepted and subscription bound; generating objects [3mobjects[0m[2m=[0m15 [3mstreams[0m[2m=[0m3
[2m2026-09-12T00:50:28.773446Z[0m [32m INFO[0m [2mmoq_test_client::moqtest[0m[2m:[0m PUBLISH completed
ok 11 - moq-test-subgroup-per-group-eog
  ---
  duration_ms: 1556
  subscriber_connection_id: e71a457ddeb46afa499a4806c2f10c90
  publisher_connection_id: 92533642e4d91c7b6eb9e0fe079bcbc0
  ...
[2m2026-09-12T00:50:28.933222Z[0m [32m INFO[0m [2mmoq_test_client[0m[2m:[0m moq-test passed: objects 15/15, eog 3/3, streams 3, publish_done status=2 stream_count=3 reason=ReasonPhrase("publish ended")
[2m2026-09-12T00:50:28.934183Z[0m [32m INFO[0m [2mmoq_native_ietf::quic[0m[2m:[0m UDP socket bound [3mbind[0m[2m=[0m[::]:0 [3mlocal[0m[2m=[0m[::]:44311 [3mdual_stack[0m[2m=[0mtrue
[2m2026-09-12T00:50:29.654129Z[0m [32m INFO[0m [2mmoq_native_ietf::quic[0m[2m:[0m UDP socket bound [3mbind[0m[2m=[0m[::]:0 [3mlocal[0m[2m=[0m[::]:47066 [3mdual_stack[0m[2m=[0mtrue
[2m2026-09-12T00:50:30.501177Z[0m [32m INFO[0m [2mmoq_test_client::moqtest[0m[2m:[0m PUBLISH accepted and subscription bound; generating objects [3mobjects[0m[2m=[0m8 [3mstreams[0m[2m=[0m8
[2m2026-09-12T00:50:30.526901Z[0m [32m INFO[0m [2mmoq_test_client::moqtest[0m[2m:[0m PUBLISH completed
[2m2026-09-12T00:50:30.686505Z[0m [32m INFO[0m [2mmoq_test_client[0m[2m:[0m moq-test passed: objects 8/8, eog 0/0, streams 8, publish_done status=2 stream_count=8 reason=ReasonPhrase("publish ended")
ok 12 - moq-test-subgroup-per-object
  ---
  duration_ms: 1753
  subscriber_connection_id: 3d486d86af1fbb3e2418ffc99d8fe40d
  publisher_connection_id: a2170cf8411627521fe7a7242467f6b3
  ...
[2m2026-09-12T00:50:30.687418Z[0m [32m INFO[0m [2mmoq_native_ietf::quic[0m[2m:[0m UDP socket bound [3mbind[0m[2m=[0m[::]:0 [3mlocal[0m[2m=[0m[::]:43302 [3mdual_stack[0m[2m=[0mtrue
[2m2026-09-12T00:50:31.415886Z[0m [32m INFO[0m [2mmoq_native_ietf::quic[0m[2m:[0m UDP socket bound [3mbind[0m[2m=[0m[::]:0 [3mlocal[0m[2m=[0m[::]:46159 [3mdual_stack[0m[2m=[0mtrue
[2m2026-09-12T00:50:32.131232Z[0m [32m INFO[0m [2mmoq_test_client::moqtest[0m[2m:[0m PUBLISH accepted and subscription bound; generating objects [3mobjects[0m[2m=[0m18 [3mstreams[0m[2m=[0m6
[2m2026-09-12T00:50:32.197404Z[0m [32m INFO[0m [2mmoq_test_client::moqtest[0m[2m:[0m PUBLISH completed
[2m2026-09-12T00:50:37.360293Z[0m [33m WARN[0m [2mmoq_transport::session::subscriber[0m[2m:[0m PUBLISH_DONE Stream Count was never reached; ending subscription on timer [3mrequest_id[0m[2m=[0m0 [3mtimeout_ms[0m[2m=[0m5000
not ok 13 - moq-test-two-subgroups-eog
  ---
  duration_ms: 6674
  message: "moq-test verification failed: PUBLISH_DONE stream count 4611686018427387903 != expected 6"
  ...
[2m2026-09-12T00:50:37.361609Z[0m [32m INFO[0m [2mmoq_native_ietf::quic[0m[2m:[0m UDP socket bound [3mbind[0m[2m=[0m[::]:0 [3mlocal[0m[2m=[0m[::]:33985 [3mdual_stack[0m[2m=[0mtrue
[2m2026-09-12T00:50:38.067701Z[0m [32m INFO[0m [2mmoq_native_ietf::quic[0m[2m:[0m UDP socket bound [3mbind[0m[2m=[0m[::]:0 [3mlocal[0m[2m=[0m[::]:34393 [3mdual_stack[0m[2m=[0mtrue
[2m2026-09-12T00:50:38.723033Z[0m [32m INFO[0m [2mmoq_test_client::moqtest[0m[2m:[0m PUBLISH accepted and subscription bound; generating objects [3mobjects[0m[2m=[0m15 [3mstreams[0m[2m=[0m0
[2m2026-09-12T00:50:39.040302Z[0m [32m INFO[0m [2mmoq_test_client::moqtest[0m[2m:[0m PUBLISH completed
[2m2026-09-12T00:50:44.206691Z[0m [33m WARN[0m [2mmoq_transport::session::subscriber[0m[2m:[0m PUBLISH_DONE Stream Count was never reached; ending subscription on timer [3mrequest_id[0m[2m=[0m0 [3mtimeout_ms[0m[2m=[0m5000
not ok 14 - moq-test-datagram
  ---
  duration_ms: 6846
  message: "moq-test verification failed: PUBLISH_DONE stream count 4611686018427387903 != expected 0"
  ...
[2m2026-09-12T00:50:44.207890Z[0m [32m INFO[0m [2mmoq_native_ietf::quic[0m[2m:[0m UDP socket bound [3mbind[0m[2m=[0m[::]:0 [3mlocal[0m[2m=[0m[::]:53319 [3mdual_stack[0m[2m=[0mtrue
[2m2026-09-12T00:50:44.902005Z[0m [32m INFO[0m [2mmoq_native_ietf::quic[0m[2m:[0m UDP socket bound [3mbind[0m[2m=[0m[::]:0 [3mlocal[0m[2m=[0m[::]:52970 [3mdual_stack[0m[2m=[0mtrue
[2m2026-09-12T00:50:45.557036Z[0m [32m INFO[0m [2mmoq_test_client::moqtest[0m[2m:[0m PUBLISH accepted and subscription bound; generating objects [3mobjects[0m[2m=[0m15 [3mstreams[0m[2m=[0m0
[2m2026-09-12T00:50:45.937159Z[0m [32m INFO[0m [2mmoq_test_client::moqtest[0m[2m:[0m PUBLISH completed
ok 15 - moq-test-datagram-eog
  ---
  duration_ms: 1892
  subscriber_connection_id: 21736cd1f83b138c025006e314af1dbe
  publisher_connection_id: 367176e7d0c59ad12bb5515118cb11c5
  ...
[2m2026-09-12T00:50:46.099624Z[0m [32m INFO[0m [2mmoq_test_client[0m[2m:[0m moq-test passed: objects 15/15, eog 3/3, streams 0, publish_done status=2 stream_count=0 reason=ReasonPhrase("publish ended")
[2m2026-09-12T00:50:46.100509Z[0m [32m INFO[0m [2mmoq_native_ietf::quic[0m[2m:[0m UDP socket bound [3mbind[0m[2m=[0m[::]:0 [3mlocal[0m[2m=[0m[::]:35167 [3mdual_stack[0m[2m=[0mtrue
[2m2026-09-12T00:50:46.795033Z[0m [32m INFO[0m [2mmoq_native_ietf::quic[0m[2m:[0m UDP socket bound [3mbind[0m[2m=[0m[::]:0 [3mlocal[0m[2m=[0m[::]:49695 [3mdual_stack[0m[2m=[0mtrue
[2m2026-09-12T00:50:47.476883Z[0m [32m INFO[0m [2mmoq_test_client::moqtest[0m[2m:[0m PUBLISH accepted and subscription bound; generating objects [3mobjects[0m[2m=[0m15 [3mstreams[0m[2m=[0m3
[2m2026-09-12T00:50:47.531426Z[0m [32m INFO[0m [2mmoq_test_client::moqtest[0m[2m:[0m PUBLISH completed
[2m2026-09-12T00:50:52.692553Z[0m [33m WARN[0m [2mmoq_transport::session::subscriber[0m[2m:[0m PUBLISH_DONE Stream Count was never reached; ending subscription on timer [3mrequest_id[0m[2m=[0m0 [3mtimeout_ms[0m[2m=[0m5000
not ok 16 - moq-test-extensions
  ---
  duration_ms: 6593
  message: "moq-test verification failed: PUBLISH_DONE stream count 4611686018427387903 != expected 3"
  ...
[2m2026-09-12T00:50:52.693819Z[0m [32m INFO[0m [2mmoq_native_ietf::quic[0m[2m:[0m UDP socket bound [3mbind[0m[2m=[0m[::]:0 [3mlocal[0m[2m=[0m[::]:43320 [3mdual_stack[0m[2m=[0mtrue
[2m2026-09-12T00:50:53.386705Z[0m [32m INFO[0m [2mmoq_native_ietf::quic[0m[2m:[0m UDP socket bound [3mbind[0m[2m=[0m[::]:0 [3mlocal[0m[2m=[0m[::]:33240 [3mdual_stack[0m[2m=[0mtrue
[2m2026-09-12T00:50:54.226686Z[0m [32m INFO[0m [2mmoq_test_client::moqtest[0m[2m:[0m PUBLISH accepted and subscription bound; generating objects [3mobjects[0m[2m=[0m9 [3mstreams[0m[2m=[0m3
[2m2026-09-12T00:50:54.255492Z[0m [32m INFO[0m [2mmoq_test_client::moqtest[0m[2m:[0m PUBLISH completed
ok 17 - moq-test-increments
  ---
  duration_ms: 1722
  subscriber_connection_id: 380410f179b6c6554fc3b83544325006
  publisher_connection_id: 0b08d5d12236da51bc2474618eb91a1a
  ...
[2m2026-09-12T00:50:54.415179Z[0m [32m INFO[0m [2mmoq_test_client[0m[2m:[0m moq-test passed: objects 9/9, eog 0/0, streams 3, publish_done status=2 stream_count=3 reason=ReasonPhrase("publish ended")
[2m2026-09-12T00:50:54.416139Z[0m [32m INFO[0m [2mmoq_native_ietf::quic[0m[2m:[0m UDP socket bound [3mbind[0m[2m=[0m[::]:0 [3mlocal[0m[2m=[0m[::]:52755 [3mdual_stack[0m[2m=[0mtrue
[2m2026-09-12T00:50:55.115211Z[0m [32m INFO[0m [2mmoq_native_ietf::quic[0m[2m:[0m UDP socket bound [3mbind[0m[2m=[0m[::]:0 [3mlocal[0m[2m=[0m[::]:40764 [3mdual_stack[0m[2m=[0mtrue
[2m2026-09-12T00:50:55.804465Z[0m [32m INFO[0m [2mmoq_test_client::moqtest[0m[2m:[0m PUBLISH accepted and subscription bound; generating objects [3mobjects[0m[2m=[0m6 [3mstreams[0m[2m=[0m2
[2m2026-09-12T00:50:55.823703Z[0m [32m INFO[0m [2mmoq_test_client::moqtest[0m[2m:[0m PUBLISH completed
[2m2026-09-12T00:51:00.988523Z[0m [33m WARN[0m [2mmoq_transport::session::subscriber[0m[2m:[0m PUBLISH_DONE Stream Count was never reached; ending subscription on timer [3mrequest_id[0m[2m=[0m0 [3mtimeout_ms[0m[2m=[0m5000
not ok 18 - moq-test-forward-zero
  ---
  duration_ms: 6573
  message: "moq-test verification failed: PUBLISH_DONE stream count 4611686018427387903 != expected 0"
  ...
make[1]: *** [Makefile:122: test-external] Error 1
make[1]: Leaving directory '/home/runner/work/moq-interop-runner/moq-interop-runner/main'
