make[1]: Entering directory '/home/runner/work/moq-interop-runner/moq-interop-runner/main'
Running tests against https://34-72-6-160.sslip.io:443...
  Client: ghcr.io/englishm/moq-interop-runner-moq-test-client-draft-14:latest
docker run --rm \
	 \
	--network host \
	-e RELAY_URL=https://34-72-6-160.sslip.io:443 \
	-e TLS_DISABLE_VERIFY=false \
	ghcr.io/englishm/moq-interop-runner-moq-test-client-draft-14:latest
TAP version 14
# moq-test-client v0.1.7
# Relay: https://34-72-6-160.sslip.io/
1..6
[2m2026-09-12T01:49:19.002315Z[0m [32m INFO[0m [2mmoq_native_ietf::quic[0m[2m:[0m UDP socket bound [3mbind[0m[2m=[0m[::]:0 [3mlocal[0m[2m=[0m[::]:59417 [3mdual_stack[0m[2m=[0mtrue
[2m2026-09-12T01:49:19.226115Z[0m [32m INFO[0m [2mmoq_test_client::scenarios[0m[2m:[0m SETUP exchange completed successfully
ok 1 - setup-only
  ---
  duration_ms: 224
  connection_id: 4cc2a1f8258438be1060aedad8245841
  ...
[2m2026-09-12T01:49:19.226936Z[0m [32m INFO[0m [2mmoq_native_ietf::quic[0m[2m:[0m UDP socket bound [3mbind[0m[2m=[0m[::]:0 [3mlocal[0m[2m=[0m[::]:60759 [3mdual_stack[0m[2m=[0mtrue
[2m2026-09-12T01:49:19.277972Z[0m [33m WARN[0m [2mweb_transport_quinn::session[0m[2m:[0m unknown capsule [3mtyp[0m[2m=[0m0 [3msize[0m[2m=[0m7
[2m2026-09-12T01:49:19.812115Z[0m [32m INFO[0m [2mmoq_test_client::scenarios[0m[2m:[0m Announcing namespace: moq-test/interop
[2m2026-09-12T01:49:19.812150Z[0m [33m WARN[0m [2mmoq_transport::serve::error[0m[2m:[0m [1e23406b-73bd-4c40-9133-fc332a87afda] Not implemented: SUBSCRIBE_NAMESPACE at moq-transport/src/session/error.rs:77
[2m2026-09-12T01:49:19.812155Z[0m [33m WARN[0m [2mmoq_transport::session::publisher[0m[2m:[0m failed to process message: serve error: not implemented: Feature not implemented [error:1e23406b-73bd-4c40-9133-fc332a87afda]
[2m2026-09-12T01:49:19.812162Z[0m [33m WARN[0m [2mmoq_transport::serve::error[0m[2m:[0m [0ea94f1e-d3dc-4795-9f5b-a47e8f1d1f21] Not implemented: SUBSCRIBE_NAMESPACE at moq-transport/src/session/error.rs:77
[2m2026-09-12T01:49:19.812164Z[0m [33m WARN[0m [2mmoq_transport::session::publisher[0m[2m:[0m failed to process message: serve error: not implemented: Feature not implemented [error:0ea94f1e-d3dc-4795-9f5b-a47e8f1d1f21]
[2m2026-09-12T01:49:21.812593Z[0m [32m INFO[0m [2mmoq_test_client::scenarios[0m[2m:[0m Announce succeeded (no error received, waiting for subscriptions timed out)
ok 2 - announce-only
  ---
  duration_ms: 2586
  connection_id: 929fb60bd457840497f42f7822794004
  ...
[2m2026-09-12T01:49:21.813440Z[0m [32m INFO[0m [2mmoq_native_ietf::quic[0m[2m:[0m UDP socket bound [3mbind[0m[2m=[0m[::]:0 [3mlocal[0m[2m=[0m[::]:56587 [3mdual_stack[0m[2m=[0mtrue
[2m2026-09-12T01:49:21.867608Z[0m [33m WARN[0m [2mweb_transport_quinn::session[0m[2m:[0m unknown capsule [3mtyp[0m[2m=[0m0 [3msize[0m[2m=[0m7
[2m2026-09-12T01:49:22.202659Z[0m [32m INFO[0m [2mmoq_test_client::scenarios[0m[2m:[0m Subscribing to non-existent track: nonexistent/namespace/test-track
[2m2026-09-12T01:49:22.202676Z[0m [33m WARN[0m [2mmoq_transport::serve::error[0m[2m:[0m [1f5e8bc7-dcbf-4393-946e-872cd7eb6a05] Not implemented: SUBSCRIBE_NAMESPACE at moq-transport/src/session/error.rs:77
[2m2026-09-12T01:49:22.202680Z[0m [33m WARN[0m [2mmoq_transport::session::publisher[0m[2m:[0m failed to process message: serve error: not implemented: Feature not implemented [error:1f5e8bc7-dcbf-4393-946e-872cd7eb6a05]
[2m2026-09-12T01:49:22.202685Z[0m [33m WARN[0m [2mmoq_transport::serve::error[0m[2m:[0m [5343b3a6-40f0-4912-9c0f-b396e0996d40] Not implemented: SUBSCRIBE_NAMESPACE at moq-transport/src/session/error.rs:77
[2m2026-09-12T01:49:22.202688Z[0m [33m WARN[0m [2mmoq_transport::session::publisher[0m[2m:[0m failed to process message: serve error: not implemented: Feature not implemented [error:5343b3a6-40f0-4912-9c0f-b396e0996d40]
[2m2026-09-12T01:49:22.255219Z[0m [33m WARN[0m [2mmoq_test_client::scenarios[0m[2m:[0m Got error but not clearly 'not found': closed, code=404. This may indicate a different error type than expected.
ok 3 - subscribe-error
  ---
  duration_ms: 442
  connection_id: c9d8961d8966f2091f48a821acd8fd8f
  ...
[2m2026-09-12T01:49:22.256109Z[0m [32m INFO[0m [2mmoq_native_ietf::quic[0m[2m:[0m UDP socket bound [3mbind[0m[2m=[0m[::]:0 [3mlocal[0m[2m=[0m[::]:55486 [3mdual_stack[0m[2m=[0mtrue
[2m2026-09-12T01:49:22.307619Z[0m [33m WARN[0m [2mweb_transport_quinn::session[0m[2m:[0m unknown capsule [3mtyp[0m[2m=[0m0 [3msize[0m[2m=[0m7
[2m2026-09-12T01:49:22.493963Z[0m [32m INFO[0m [2mmoq_native_ietf::quic[0m[2m:[0m UDP socket bound [3mbind[0m[2m=[0m[::]:0 [3mlocal[0m[2m=[0m[::]:41647 [3mdual_stack[0m[2m=[0mtrue
[2m2026-09-12T01:49:22.885026Z[0m [32m INFO[0m [2mmoq_test_client::scenarios[0m[2m:[0m Publisher announcing namespace: moq-test/interop
[2m2026-09-12T01:49:22.885040Z[0m [32m INFO[0m [2mmoq_test_client::scenarios[0m[2m:[0m Subscriber subscribing to track: moq-test/interop/test-track
[2m2026-09-12T01:49:22.885123Z[0m [33m WARN[0m [2mmoq_transport::serve::error[0m[2m:[0m [8a87f495-c9ae-420a-a97d-f28c63d31268] Not implemented: SUBSCRIBE_NAMESPACE at moq-transport/src/session/error.rs:77
[2m2026-09-12T01:49:22.885133Z[0m [33m WARN[0m [2mmoq_transport::session::publisher[0m[2m:[0m failed to process message: serve error: not implemented: Feature not implemented [error:8a87f495-c9ae-420a-a97d-f28c63d31268]
[2m2026-09-12T01:49:22.885142Z[0m [33m WARN[0m [2mmoq_transport::serve::error[0m[2m:[0m [0440bc42-45d8-4bf3-93d4-603df92920aa] Not implemented: SUBSCRIBE_NAMESPACE at moq-transport/src/session/error.rs:77
[2m2026-09-12T01:49:22.885146Z[0m [33m WARN[0m [2mmoq_transport::session::publisher[0m[2m:[0m failed to process message: serve error: not implemented: Feature not implemented [error:0440bc42-45d8-4bf3-93d4-603df92920aa]
[2m2026-09-12T01:49:22.885172Z[0m [33m WARN[0m [2mmoq_transport::serve::error[0m[2m:[0m [77bafbdb-b3d9-4f41-8417-3ee6e4652c63] Not implemented: SUBSCRIBE_NAMESPACE at moq-transport/src/session/error.rs:77
[2m2026-09-12T01:49:22.885176Z[0m [33m WARN[0m [2mmoq_transport::session::publisher[0m[2m:[0m failed to process message: serve error: not implemented: Feature not implemented [error:77bafbdb-b3d9-4f41-8417-3ee6e4652c63]
[2m2026-09-12T01:49:22.885182Z[0m [33m WARN[0m [2mmoq_transport::serve::error[0m[2m:[0m [3970caa3-296f-4828-a4a3-1575439772e2] Not implemented: SUBSCRIBE_NAMESPACE at moq-transport/src/session/error.rs:77
[2m2026-09-12T01:49:22.885185Z[0m [33m WARN[0m [2mmoq_transport::session::publisher[0m[2m:[0m failed to process message: serve error: not implemented: Feature not implemented [error:3970caa3-296f-4828-a4a3-1575439772e2]
[2m2026-09-12T01:49:25.886478Z[0m [32m INFO[0m [2mmoq_test_client::scenarios[0m[2m:[0m Test timeout reached - subscription routing may still be in progress
ok 4 - announce-subscribe
  ---
  duration_ms: 3631
  publisher_connection_id: 7cba58c7b88299692ff8cd0772c8d9e5
  subscriber_connection_id: c44dfde172a381a3a5aa93d93d2cd4e2
  ...
[2m2026-09-12T01:49:25.887306Z[0m [32m INFO[0m [2mmoq_native_ietf::quic[0m[2m:[0m UDP socket bound [3mbind[0m[2m=[0m[::]:0 [3mlocal[0m[2m=[0m[::]:44823 [3mdual_stack[0m[2m=[0mtrue
[2m2026-09-12T01:49:25.938600Z[0m [33m WARN[0m [2mweb_transport_quinn::session[0m[2m:[0m unknown capsule [3mtyp[0m[2m=[0m0 [3msize[0m[2m=[0m7
[2m2026-09-12T01:49:25.938742Z[0m [33m WARN[0m [2mweb_transport_quinn::session[0m[2m:[0m unknown capsule [3mtyp[0m[2m=[0m0 [3msize[0m[2m=[0m7
[2m2026-09-12T01:49:26.104762Z[0m [32m INFO[0m [2mmoq_test_client::scenarios[0m[2m:[0m Subscriber subscribing BEFORE announce: moq-test/interop/test-track
[2m2026-09-12T01:49:26.104842Z[0m [33m WARN[0m [2mmoq_transport::serve::error[0m[2m:[0m [3594e634-9741-49f4-88ef-8d846d94be50] Not implemented: SUBSCRIBE_NAMESPACE at moq-transport/src/session/error.rs:77
[2m2026-09-12T01:49:26.104855Z[0m [33m WARN[0m [2mmoq_transport::session::publisher[0m[2m:[0m failed to process message: serve error: not implemented: Feature not implemented [error:3594e634-9741-49f4-88ef-8d846d94be50]
[2m2026-09-12T01:49:26.104864Z[0m [33m WARN[0m [2mmoq_transport::serve::error[0m[2m:[0m [2de050ac-a57a-489c-a28a-12903454b17e] Not implemented: SUBSCRIBE_NAMESPACE at moq-transport/src/session/error.rs:77
[2m2026-09-12T01:49:26.104867Z[0m [33m WARN[0m [2mmoq_transport::session::publisher[0m[2m:[0m failed to process message: serve error: not implemented: Feature not implemented [error:2de050ac-a57a-489c-a28a-12903454b17e]
[2m2026-09-12T01:49:26.606384Z[0m [32m INFO[0m [2mmoq_native_ietf::quic[0m[2m:[0m UDP socket bound [3mbind[0m[2m=[0m[::]:0 [3mlocal[0m[2m=[0m[::]:51548 [3mdual_stack[0m[2m=[0mtrue
[2m2026-09-12T01:49:26.921272Z[0m [33m WARN[0m [2mweb_transport_quinn::session[0m[2m:[0m unknown capsule [3mtyp[0m[2m=[0m0 [3msize[0m[2m=[0m7
[2m2026-09-12T01:49:26.985750Z[0m [32m INFO[0m [2mmoq_test_client::scenarios[0m[2m:[0m Publisher announcing namespace (after subscriber): moq-test/interop
[2m2026-09-12T01:49:26.985796Z[0m [33m WARN[0m [2mmoq_transport::serve::error[0m[2m:[0m [a7319551-c0a7-4b66-b29c-7d2c13fee557] Not implemented: SUBSCRIBE_NAMESPACE at moq-transport/src/session/error.rs:77
[2m2026-09-12T01:49:26.985802Z[0m [33m WARN[0m [2mmoq_transport::session::publisher[0m[2m:[0m failed to process message: serve error: not implemented: Feature not implemented [error:a7319551-c0a7-4b66-b29c-7d2c13fee557]
[2m2026-09-12T01:49:26.985811Z[0m [33m WARN[0m [2mmoq_transport::serve::error[0m[2m:[0m [a4fe1f90-c1cb-44fa-9d32-8a98205e4b08] Not implemented: SUBSCRIBE_NAMESPACE at moq-transport/src/session/error.rs:77
[2m2026-09-12T01:49:26.985815Z[0m [33m WARN[0m [2mmoq_transport::session::publisher[0m[2m:[0m failed to process message: serve error: not implemented: Feature not implemented [error:a4fe1f90-c1cb-44fa-9d32-8a98205e4b08]
[2m2026-09-12T01:49:29.986570Z[0m [32m INFO[0m [2mmoq_test_client::scenarios[0m[2m:[0m Publisher announce timeout (expected)
[2m2026-09-12T01:49:29.986584Z[0m [32m INFO[0m [2mmoq_test_client::scenarios[0m[2m:[0m Subscriber got error: closed, code=404 (may be expected)
ok 5 - subscribe-before-announce
  ---
  duration_ms: 4100
  subscriber_connection_id: 3dd58d945c0ef23897bcf97a5bff991c
  publisher_connection_id: 351a5d29e49dd4c0b6ef70cd860aea69
  ...
[2m2026-09-12T01:49:29.987333Z[0m [32m INFO[0m [2mmoq_native_ietf::quic[0m[2m:[0m UDP socket bound [3mbind[0m[2m=[0m[::]:0 [3mlocal[0m[2m=[0m[::]:42044 [3mdual_stack[0m[2m=[0mtrue
[2m2026-09-12T01:49:30.037635Z[0m [33m WARN[0m [2mweb_transport_quinn::session[0m[2m:[0m unknown capsule [3mtyp[0m[2m=[0m0 [3msize[0m[2m=[0m7
[2m2026-09-12T01:49:30.373657Z[0m [32m INFO[0m [2mmoq_test_client::scenarios[0m[2m:[0m Announcing namespace: moq-test/interop
[2m2026-09-12T01:49:30.373680Z[0m [33m WARN[0m [2mmoq_transport::serve::error[0m[2m:[0m [d185914f-153b-4895-aa9c-1e66d80df804] Not implemented: SUBSCRIBE_NAMESPACE at moq-transport/src/session/error.rs:77
[2m2026-09-12T01:49:30.373686Z[0m [33m WARN[0m [2mmoq_transport::session::publisher[0m[2m:[0m failed to process message: serve error: not implemented: Feature not implemented [error:d185914f-153b-4895-aa9c-1e66d80df804]
[2m2026-09-12T01:49:30.373696Z[0m [33m WARN[0m [2mmoq_transport::serve::error[0m[2m:[0m [eec3b43f-4a81-4665-b1ca-312f68eacea6] Not implemented: SUBSCRIBE_NAMESPACE at moq-transport/src/session/error.rs:77
[2m2026-09-12T01:49:30.373700Z[0m [33m WARN[0m [2mmoq_transport::session::publisher[0m[2m:[0m failed to process message: serve error: not implemented: Feature not implemented [error:eec3b43f-4a81-4665-b1ca-312f68eacea6]
[2m2026-09-12T01:49:32.374496Z[0m [32m INFO[0m [2mmoq_test_client::scenarios[0m[2m:[0m Announce active, now sending PUBLISH_NAMESPACE_DONE
[2m2026-09-12T01:49:32.425562Z[0m [33m WARN[0m [2mweb_transport_quinn::session[0m[2m:[0m unknown capsule [3mtyp[0m[2m=[0m0 [3msize[0m[2m=[0m7
[2m2026-09-12T01:49:32.476318Z[0m [32m INFO[0m [2mmoq_test_client::scenarios[0m[2m:[0m PUBLISH_NAMESPACE_DONE sent successfully
ok 6 - publish-namespace-done
  ---
  duration_ms: 2489
  connection_id: a38ed3d9ceee8df4ed2d604d0897f8f8
  ...
make[1]: Leaving directory '/home/runner/work/moq-interop-runner/moq-interop-runner/main'
