make[1]: Entering directory '/home/runner/work/moq-interop-runner/moq-interop-runner/main'
Running tests against https://draft-18-interop.cloudflare.mediaoverquic.com:443/moq...
  Client: ghcr.io/facebookexperimental/moxygen-interop-client:latest-amd64
docker run --rm \
	 \
	--network host \
	-e RELAY_URL=https://draft-18-interop.cloudflare.mediaoverquic.com:443/moq \
	-e TLS_DISABLE_VERIFY=false \
	ghcr.io/facebookexperimental/moxygen-interop-client:latest-amd64
TAP version 14
# moxygen interop test client
# Relay: https://draft-18-interop.cloudflare.mediaoverquic.com:443/moq
# Transport: WebTransport
# Offered ALPNs: moqt-18, moqt-16, moqt-15, moq-00
1..6
ok 1 - setup-only
  ---
  duration_ms: 139
  negotiated_version: draft-18
  info: SETUP exchange completed successfully
  ...
E0912 01:06:42.081251     1 MoQRelaySession.cpp:1116] PublishNamespaceDone for unknown publishNamespace, sess=0x5628caec3370
ok 2 - announce-only
  ---
  duration_ms: 210
  negotiated_version: draft-18
  info: PUBLISH_NAMESPACE completed successfully
  ...
E0912 01:06:42.238226     1 MoQSession.cpp:5068] No matching subscribe ID=0 sess=0x5628caed32c0
ok 3 - subscribe-error
  ---
  duration_ms: 156
  negotiated_version: draft-18
  info: Subscribe correctly returned error: peer FINed without terminal reply
  ...
E0912 01:06:42.605368     1 MoQSession.cpp:5068] No matching subscribe ID=0 sess=0x5628caec2420
not ok 4 - announce-subscribe
  ---
  duration_ms: 367
  negotiated_version: draft-18
  error: Subscribe failed: peer FINed without terminal reply
  ...
ok 5 - publish-namespace-done
  ---
  duration_ms: 153
  negotiated_version: draft-18
  info: PUBLISH_NAMESPACE_OK received, PUBLISH_NAMESPACE_DONE sent
  ...
E0912 01:06:42.975464     1 MoQSession.cpp:5068] No matching subscribe ID=0 sess=0x5628cae92310
E20260912 01:06:42.975832     1 HQControlCodec.h:58] Unexpected control stream EOF
E20260912 01:06:42.976871     1 HQSession.cpp:3158] Got error on control stream error=HTTP: Critical stream was closed streamID=3 sess=proto=h3, client CID=, server CID=cee4216d95861b85, local=10.1.0.227:54682, 8.228.3.228:443=upstream, drain=pending
E0912 01:06:42.976981     1 MoQWebTransportClient.cpp:200] proxygen::HTTPException: Got error=ApplicationError: 260, HTTP error on control stream
ok 6 - subscribe-before-announce
  ---
  duration_ms: 879
  negotiated_version: draft-18
  info: Subscribe returned error (relay doesn't buffer pending subscriptions): peer FINed without terminal reply
  ...
make[1]: *** [Makefile:122: test-external] Error 1
make[1]: Leaving directory '/home/runner/work/moq-interop-runner/moq-interop-runner/main'
