make[1]: Entering directory '/home/runner/work/moq-interop-runner/moq-interop-runner/main'
rm -rf mlog/
mkdir -p mlog/relay mlog/client
Running interop tests...
  Relay:  ghcr.io/englishm/moq-interop-runner-moq-relay-ietf-draft-18:latest
  Client: ghcr.io/englishm/moq-interop-runner-moq-test-client-draft-18:latest
  URL:    https://relay:4443
time="2026-07-19T01:00:43Z" level=warning msg="The \"PORT\" variable is not set. Defaulting to a blank string."
time="2026-07-19T01:00:43Z" level=warning msg="The \"PORT\" variable is not set. Defaulting to a blank string."
time="2026-07-19T01:00:43Z" level=warning msg="The \"PORT\" variable is not set. Defaulting to a blank string."
time="2026-07-19T01:00:43Z" level=warning msg="The \"HEX\" variable is not set. Defaulting to a blank string."
time="2026-07-19T01:00:43Z" level=warning msg="The \"HEX\" variable is not set. Defaulting to a blank string."
 Container main-relay-1  Recreate
 Container main-relay-1  Recreated
Attaching to relay-1, test-client-1
relay-1        | Starting moq-rs relay on port 4443
relay-1        |   Cert: /certs/cert.pem
relay-1        |   Key:  /certs/priv.key
relay-1        |   Mlog: /mlog
relay-1        | [2m2026-07-19T01:00:43.387899Z[0m [32m INFO[0m [2mmoq_relay_ietf[0m[2m:[0m using file coordinator: /tmp/moq-coordinator.json
relay-1        | [2m2026-07-19T01:00:43.387943Z[0m [32m INFO[0m [2mmoq_native_ietf::quic[0m[2m:[0m UDP socket bound [3mbind[0m[2m=[0m0.0.0.0:4443 [3mlocal[0m[2m=[0m0.0.0.0:4443 [3mdual_stack[0m[2m=[0mfalse
relay-1        | [2m2026-07-19T01:00:43.388233Z[0m [32m INFO[0m [2mmoq_relay_ietf::relay[0m[2m:[0m mlog output enabled: /mlog
relay-1        | [2m2026-07-19T01:00:43.388266Z[0m [32m INFO[0m [2mmoq_relay_ietf::relay[0m[2m:[0m listening on 0.0.0.0:4443
test-client-1  | TAP version 14
test-client-1  | # moq-test-client v0.1.6
test-client-1  | # Relay: https://relay:4443/
test-client-1  | 1..6
test-client-1  | [2m2026-07-19T01:00:48.993428Z[0m [32m INFO[0m [2mmoq_native_ietf::quic[0m[2m:[0m UDP socket bound [3mbind[0m[2m=[0m[::]:0 [3mlocal[0m[2m=[0m[::]:50055 [3mdual_stack[0m[2m=[0mtrue
relay-1        | [2m2026-07-19T01:00:48.995919Z[0m [33m WARN[0m [2mmoq_transport::session[0m[2m:[0m Failed to create mlog: Permission denied (os error 13)
test-client-1  | [2m2026-07-19T01:00:48.996465Z[0m [32m INFO[0m [2mmoq_test_client::scenarios[0m[2m:[0m SETUP exchange completed successfully
test-client-1  | ok 1 - setup-only
test-client-1  |   ---
test-client-1  |   duration_ms: 3
test-client-1  |   connection_id: 702c7666f1a3ffd0edb6a04927ec744b
test-client-1  |   ...
relay-1        | [2m2026-07-19T01:00:48.996617Z[0m [33m WARN[0m [2mmoq_transport::session::reader[0m[2m:[0m [READER] decode: stream ended while waiting for data (have=0 bytes, need=1)
relay-1        | [2m2026-07-19T01:00:48.996661Z[0m [33m WARN[0m [2mmoq_relay_ietf::relay[0m[2m:[0m MoQ session error: decode error: fill buffer [3merror[0m[2m=[0mdecode error: fill buffer
test-client-1  | [2m2026-07-19T01:00:48.997554Z[0m [32m INFO[0m [2mmoq_native_ietf::quic[0m[2m:[0m UDP socket bound [3mbind[0m[2m=[0m[::]:0 [3mlocal[0m[2m=[0m[::]:44608 [3mdual_stack[0m[2m=[0mtrue
relay-1        | [2m2026-07-19T01:00:48.999097Z[0m [33m WARN[0m [2mmoq_transport::session[0m[2m:[0m Failed to create mlog: Permission denied (os error 13)
test-client-1  | [2m2026-07-19T01:00:48.999394Z[0m [32m INFO[0m [2mmoq_test_client::scenarios[0m[2m:[0m Sending PUBLISH_NAMESPACE for: moq-test/interop
relay-1        | [2m2026-07-19T01:00:48.999613Z[0m [32m INFO[0m [2mmoq_relay_ietf::consumer[0m[2m:[0m serving PUBLISH_NAMESPACE: PublishNamespaceInfo { request_id: 0, namespace: /moq-test/interop } [3mnamespace[0m[2m=[0m/moq-test/interop
relay-1        | [2m2026-07-19T01:00:49.000224Z[0m [32m INFO[0m [2mmoq_relay_ietf::file_coordinator[0m[2m:[0m registering namespace: /moq-test/interop -> https://0.0.0.0:4443/ [3mnamespace[0m[2m=[0m/moq-test/interop [3mscope[0m[2m=[0m [3mrelay_url[0m[2m=[0mhttps://0.0.0.0:4443/
test-client-1  | [2m2026-07-19T01:00:51.000023Z[0m [32m INFO[0m [2mmoq_test_client::scenarios[0m[2m:[0m PUBLISH_NAMESPACE succeeded (REQUEST_OK received, waiting for subscribers)
test-client-1  | ok 2 - publish-namespace-only
relay-1        | [2m2026-07-19T01:00:51.000131Z[0m [33m WARN[0m [2mmoq_transport::session::reader[0m[2m:[0m [READER] decode: stream ended while waiting for data (have=0 bytes, need=1)
test-client-1  |   ---
test-client-1  |   duration_ms: 2003
test-client-1  |   connection_id: 703709deda8d485dfbdda1d153249d08
test-client-1  |   ...
test-client-1  | [2m2026-07-19T01:00:51.000498Z[0m [33m WARN[0m [2mmoq_transport::session::reader[0m[2m:[0m [READER] decode: stream ended while waiting for data (have=0 bytes, need=1)
relay-1        | [2m2026-07-19T01:00:51.000483Z[0m [33m WARN[0m [2mmoq_relay_ietf::relay[0m[2m:[0m MoQ session error: decode error: fill buffer [3merror[0m[2m=[0mdecode error: fill buffer
test-client-1  | [2m2026-07-19T01:00:51.000987Z[0m [32m INFO[0m [2mmoq_native_ietf::quic[0m[2m:[0m UDP socket bound [3mbind[0m[2m=[0m[::]:0 [3mlocal[0m[2m=[0m[::]:34680 [3mdual_stack[0m[2m=[0mtrue
relay-1        | [2m2026-07-19T01:00:51.002905Z[0m [33m WARN[0m [2mmoq_transport::session[0m[2m:[0m Failed to create mlog: Permission denied (os error 13)
test-client-1  | [2m2026-07-19T01:00:51.003222Z[0m [32m INFO[0m [2mmoq_test_client::scenarios[0m[2m:[0m Subscribing to non-existent track: nonexistent/namespace/test-track
relay-1        | [2m2026-07-19T01:00:51.003451Z[0m [32m INFO[0m [2mmoq_relay_ietf::producer[0m[2m:[0m serving subscribe: SubscribeInfo { id: 0, track_namespace: /nonexistent/namespace, track_name: test-track, subscriber_priority: 128, group_order: Publisher, forward: true, filter_type: AbsoluteStart, start_location: None, end_group_id: None, filter: None, params: {  }, track_status: false } [3mnamespace[0m[2m=[0m/nonexistent/namespace [3mtrack[0m[2m=[0mtest-track
relay-1        | [2m2026-07-19T01:00:51.003579Z[0m [33m WARN[0m [2mmoq_transport::serve::error[0m[2m:[0m [b6120274-778b-4401-8c1f-e7d034e201ea] Not found: track '/nonexistent/namespace/test-track' not found in local or remote tracks at /build/moq-relay-ietf/src/producer.rs:168
relay-1        | [2m2026-07-19T01:00:51.003599Z[0m [33m WARN[0m [2mmoq_relay_ietf::producer[0m[2m:[0m failed serving subscribe [3mnamespace[0m[2m=[0m/nonexistent/namespace [3mtrack[0m[2m=[0mtest-track [3msubscribe_info[0m[2m=[0mSubscribeInfo { id: 0, track_namespace: /nonexistent/namespace, track_name: test-track, subscriber_priority: 128, group_order: Publisher, forward: true, filter_type: AbsoluteStart, start_location: None, end_group_id: None, filter: None, params: {  }, track_status: false } [3merror[0m[2m=[0mnot found: Track not found [error:b6120274-778b-4401-8c1f-e7d034e201ea]
test-client-1  | [2m2026-07-19T01:00:51.003806Z[0m [33m WARN[0m [2mmoq_transport::serve::error[0m[2m:[0m [752a5de3-0115-4748-aec8-4d71371b5aef] Not found: not found: Track not found [error:b6120274-778b-4401-8c1f-e7d034e201ea] at moq-transport/src/session/subscriber.rs:455
test-client-1  | [2m2026-07-19T01:00:51.003876Z[0m [32m INFO[0m [2mmoq_test_client::scenarios[0m[2m:[0m Got expected 'not found' error: not found: Track not found [error:752a5de3-0115-4748-aec8-4d71371b5aef]
test-client-1  | ok 3 - subscribe-error
test-client-1  |   ---
test-client-1  |   duration_ms: 3
test-client-1  |   connection_id: 80d7c601656a756ddff1861f608a76a6
test-client-1  |   ...
relay-1        | [2m2026-07-19T01:00:51.003986Z[0m [33m WARN[0m [2mmoq_transport::session::reader[0m[2m:[0m [READER] decode: stream ended while waiting for data (have=0 bytes, need=1)
relay-1        | [2m2026-07-19T01:00:51.004038Z[0m [33m WARN[0m [2mmoq_relay_ietf::relay[0m[2m:[0m MoQ session error: decode error: fill buffer [3merror[0m[2m=[0mdecode error: fill buffer
test-client-1  | [2m2026-07-19T01:00:51.004107Z[0m [33m WARN[0m [2mmoq_transport::session::reader[0m[2m:[0m [READER] decode: stream ended while waiting for data (have=0 bytes, need=1)
test-client-1  | [2m2026-07-19T01:00:51.004672Z[0m [32m INFO[0m [2mmoq_native_ietf::quic[0m[2m:[0m UDP socket bound [3mbind[0m[2m=[0m[::]:0 [3mlocal[0m[2m=[0m[::]:41781 [3mdual_stack[0m[2m=[0mtrue
relay-1        | [2m2026-07-19T01:00:51.006203Z[0m [33m WARN[0m [2mmoq_transport::session[0m[2m:[0m Failed to create mlog: Permission denied (os error 13)
test-client-1  | [2m2026-07-19T01:00:51.007164Z[0m [32m INFO[0m [2mmoq_native_ietf::quic[0m[2m:[0m UDP socket bound [3mbind[0m[2m=[0m[::]:0 [3mlocal[0m[2m=[0m[::]:38362 [3mdual_stack[0m[2m=[0mtrue
relay-1        | [2m2026-07-19T01:00:51.008768Z[0m [33m WARN[0m [2mmoq_transport::session[0m[2m:[0m Failed to create mlog: Permission denied (os error 13)
test-client-1  | [2m2026-07-19T01:00:51.009071Z[0m [32m INFO[0m [2mmoq_test_client::scenarios[0m[2m:[0m Publisher sending PUBLISH_NAMESPACE: moq-test/interop
test-client-1  | [2m2026-07-19T01:00:51.009083Z[0m [32m INFO[0m [2mmoq_test_client::scenarios[0m[2m:[0m Subscriber subscribing to track: moq-test/interop/test-track
relay-1        | [2m2026-07-19T01:00:51.009303Z[0m [32m INFO[0m [2mmoq_relay_ietf::consumer[0m[2m:[0m serving PUBLISH_NAMESPACE: PublishNamespaceInfo { request_id: 0, namespace: /moq-test/interop } [3mnamespace[0m[2m=[0m/moq-test/interop
relay-1        | [2m2026-07-19T01:00:51.009373Z[0m [32m INFO[0m [2mmoq_relay_ietf::file_coordinator[0m[2m:[0m registering namespace: /moq-test/interop -> https://0.0.0.0:4443/ [3mnamespace[0m[2m=[0m/moq-test/interop [3mscope[0m[2m=[0m [3mrelay_url[0m[2m=[0mhttps://0.0.0.0:4443/
relay-1        | [2m2026-07-19T01:00:51.009385Z[0m [32m INFO[0m [2mmoq_relay_ietf::producer[0m[2m:[0m serving subscribe: SubscribeInfo { id: 0, track_namespace: /moq-test/interop, track_name: test-track, subscriber_priority: 128, group_order: Publisher, forward: true, filter_type: AbsoluteStart, start_location: None, end_group_id: None, filter: None, params: {  }, track_status: false } [3mnamespace[0m[2m=[0m/moq-test/interop [3mtrack[0m[2m=[0mtest-track
relay-1        | [2m2026-07-19T01:00:51.009401Z[0m [32m INFO[0m [2mmoq_relay_ietf::producer[0m[2m:[0m serving subscribe from local: Track { namespace: /moq-test/interop, name: test-track } [3mnamespace[0m[2m=[0m/moq-test/interop [3mtrack[0m[2m=[0mtest-track [3msource[0m[2m=[0m"local"
relay-1        | [2m2026-07-19T01:00:51.009527Z[0m [32m INFO[0m [2mmoq_relay_ietf::consumer[0m[2m:[0m forwarding subscribe: Track { namespace: /moq-test/interop, name: test-track } [3mnamespace[0m[2m=[0m/moq-test/interop [3mtrack[0m[2m=[0mtest-track
test-client-1  | [2m2026-07-19T01:00:54.009937Z[0m [32m INFO[0m [2mmoq_test_client::scenarios[0m[2m:[0m Test timeout reached - subscription routing may still be in progress
test-client-1  | ok 4 - publish-namespace-subscribe
test-client-1  |   ---
test-client-1  |   duration_ms: 3006
test-client-1  |   publisher_connection_id: 31f37335927a411a8c06283f0b19cf4a
test-client-1  |   subscriber_connection_id: d4842b1faf8c65cf2d50980527b4213f
test-client-1  |   ...
relay-1        | [2m2026-07-19T01:00:54.010083Z[0m [33m WARN[0m [2mmoq_transport::session::reader[0m[2m:[0m [READER] decode: stream ended while waiting for data (have=0 bytes, need=1)
relay-1        | [2m2026-07-19T01:00:54.010199Z[0m [33m WARN[0m [2mmoq_transport::session::reader[0m[2m:[0m [READER] decode: stream ended while waiting for data (have=0 bytes, need=1)
test-client-1  | [2m2026-07-19T01:00:54.010478Z[0m [33m WARN[0m [2mmoq_transport::session::reader[0m[2m:[0m [READER] decode: stream ended while waiting for data (have=0 bytes, need=1)
relay-1        | [2m2026-07-19T01:00:54.010500Z[0m [33m WARN[0m [2mmoq_relay_ietf::relay[0m[2m:[0m MoQ session error: decode error: fill buffer [3merror[0m[2m=[0mdecode error: fill buffer
relay-1        | [2m2026-07-19T01:00:54.010592Z[0m [33m WARN[0m [2mmoq_transport::session::reader[0m[2m:[0m [READER] decode: stream ended while waiting for data (have=0 bytes, need=1)
relay-1        | [2m2026-07-19T01:00:54.010742Z[0m [33m WARN[0m [2mmoq_relay_ietf::relay[0m[2m:[0m MoQ session error: decode error: fill buffer [3merror[0m[2m=[0mdecode error: fill buffer
test-client-1  | [2m2026-07-19T01:00:54.010940Z[0m [33m WARN[0m [2mmoq_transport::session::reader[0m[2m:[0m [READER] decode: stream ended while waiting for data (have=0 bytes, need=1)
test-client-1  | [2m2026-07-19T01:00:54.011234Z[0m [32m INFO[0m [2mmoq_native_ietf::quic[0m[2m:[0m UDP socket bound [3mbind[0m[2m=[0m[::]:0 [3mlocal[0m[2m=[0m[::]:39614 [3mdual_stack[0m[2m=[0mtrue
relay-1        | [2m2026-07-19T01:00:54.013464Z[0m [33m WARN[0m [2mmoq_transport::session[0m[2m:[0m Failed to create mlog: Permission denied (os error 13)
test-client-1  | [2m2026-07-19T01:00:54.013786Z[0m [32m INFO[0m [2mmoq_test_client::scenarios[0m[2m:[0m Subscriber subscribing BEFORE PUBLISH_NAMESPACE: moq-test/interop/test-track
relay-1        | [2m2026-07-19T01:00:54.014039Z[0m [32m INFO[0m [2mmoq_relay_ietf::producer[0m[2m:[0m serving subscribe: SubscribeInfo { id: 0, track_namespace: /moq-test/interop, track_name: test-track, subscriber_priority: 128, group_order: Publisher, forward: true, filter_type: AbsoluteStart, start_location: None, end_group_id: None, filter: None, params: {  }, track_status: false } [3mnamespace[0m[2m=[0m/moq-test/interop [3mtrack[0m[2m=[0mtest-track
relay-1        | [2m2026-07-19T01:00:54.014133Z[0m [33m WARN[0m [2mmoq_transport::serve::error[0m[2m:[0m [13e23bcc-6e90-4b4a-a012-6fb5d00e6d8f] Not found: track '/moq-test/interop/test-track' not found in local or remote tracks at /build/moq-relay-ietf/src/producer.rs:168
relay-1        | [2m2026-07-19T01:00:54.014174Z[0m [33m WARN[0m [2mmoq_relay_ietf::producer[0m[2m:[0m failed serving subscribe [3mnamespace[0m[2m=[0m/moq-test/interop [3mtrack[0m[2m=[0mtest-track [3msubscribe_info[0m[2m=[0mSubscribeInfo { id: 0, track_namespace: /moq-test/interop, track_name: test-track, subscriber_priority: 128, group_order: Publisher, forward: true, filter_type: AbsoluteStart, start_location: None, end_group_id: None, filter: None, params: {  }, track_status: false } [3merror[0m[2m=[0mnot found: Track not found [error:13e23bcc-6e90-4b4a-a012-6fb5d00e6d8f]
test-client-1  | [2m2026-07-19T01:00:54.014313Z[0m [33m WARN[0m [2mmoq_transport::serve::error[0m[2m:[0m [7b3d9808-4112-4d97-8504-ba7acab17036] Not found: not found: Track not found [error:13e23bcc-6e90-4b4a-a012-6fb5d00e6d8f] at moq-transport/src/session/subscriber.rs:455
relay-1        | [2m2026-07-19T01:00:54.014481Z[0m [33m WARN[0m [2mmoq_transport::session::reader[0m[2m:[0m [READER] decode: stream ended while waiting for data (have=0 bytes, need=1)
relay-1        | [2m2026-07-19T01:00:54.014587Z[0m [33m WARN[0m [2mmoq_relay_ietf::relay[0m[2m:[0m MoQ session error: decode error: fill buffer [3merror[0m[2m=[0mdecode error: fill buffer
test-client-1  | [2m2026-07-19T01:00:54.014593Z[0m [33m WARN[0m [2mmoq_transport::session::reader[0m[2m:[0m [READER] decode: stream ended while waiting for data (have=0 bytes, need=1)
test-client-1  | [2m2026-07-19T01:00:54.515763Z[0m [32m INFO[0m [2mmoq_native_ietf::quic[0m[2m:[0m UDP socket bound [3mbind[0m[2m=[0m[::]:0 [3mlocal[0m[2m=[0m[::]:40197 [3mdual_stack[0m[2m=[0mtrue
relay-1        | [2m2026-07-19T01:00:54.518030Z[0m [33m WARN[0m [2mmoq_transport::session[0m[2m:[0m Failed to create mlog: Permission denied (os error 13)
test-client-1  | [2m2026-07-19T01:00:54.518415Z[0m [32m INFO[0m [2mmoq_test_client::scenarios[0m[2m:[0m Publisher sending PUBLISH_NAMESPACE (after subscriber): moq-test/interop
relay-1        | [2m2026-07-19T01:00:54.518702Z[0m [32m INFO[0m [2mmoq_relay_ietf::consumer[0m[2m:[0m serving PUBLISH_NAMESPACE: PublishNamespaceInfo { request_id: 0, namespace: /moq-test/interop } [3mnamespace[0m[2m=[0m/moq-test/interop
relay-1        | [2m2026-07-19T01:00:54.518762Z[0m [32m INFO[0m [2mmoq_relay_ietf::file_coordinator[0m[2m:[0m registering namespace: /moq-test/interop -> https://0.0.0.0:4443/ [3mnamespace[0m[2m=[0m/moq-test/interop [3mscope[0m[2m=[0m [3mrelay_url[0m[2m=[0mhttps://0.0.0.0:4443/
test-client-1  | [2m2026-07-19T01:00:57.519576Z[0m [32m INFO[0m [2mmoq_test_client::scenarios[0m[2m:[0m Publisher PUBLISH_NAMESPACE timeout (expected)
test-client-1  | [2m2026-07-19T01:00:57.519594Z[0m [32m INFO[0m [2mmoq_test_client::scenarios[0m[2m:[0m Subscriber got error: not found: Track not found [error:7b3d9808-4112-4d97-8504-ba7acab17036] (may be expected)
test-client-1  | ok 5 - subscribe-before-publish-namespace
test-client-1  |   ---
test-client-1  |   duration_ms: 3509
test-client-1  |   subscriber_connection_id: a81efe2e983a5e1de80d5082492dd8dc
test-client-1  |   publisher_connection_id: 970e8d24884c6c3014d1bda83906d27b
test-client-1  |   ...
relay-1        | [2m2026-07-19T01:00:57.519692Z[0m [33m WARN[0m [2mmoq_transport::session::reader[0m[2m:[0m [READER] decode: stream ended while waiting for data (have=0 bytes, need=1)
relay-1        | [2m2026-07-19T01:00:57.519950Z[0m [33m WARN[0m [2mmoq_relay_ietf::relay[0m[2m:[0m MoQ session error: decode error: fill buffer [3merror[0m[2m=[0mdecode error: fill buffer
test-client-1  | [2m2026-07-19T01:00:57.520213Z[0m [33m WARN[0m [2mmoq_transport::session::reader[0m[2m:[0m [READER] decode: stream ended while waiting for data (have=0 bytes, need=1)
relay-1        | [2m2026-07-19T01:00:57.520298Z[0m [33m WARN[0m [2mweb_transport_quinn::session[0m[2m:[0m failed to read capsule [3me[0m[2m=[0mUnexpectedEnd
test-client-1  | [2m2026-07-19T01:00:57.520687Z[0m [32m INFO[0m [2mmoq_native_ietf::quic[0m[2m:[0m UDP socket bound [3mbind[0m[2m=[0m[::]:0 [3mlocal[0m[2m=[0m[::]:59755 [3mdual_stack[0m[2m=[0mtrue
relay-1        | [2m2026-07-19T01:00:57.523713Z[0m [33m WARN[0m [2mmoq_transport::session[0m[2m:[0m Failed to create mlog: Permission denied (os error 13)
test-client-1  | [2m2026-07-19T01:00:57.524087Z[0m [32m INFO[0m [2mmoq_test_client::scenarios[0m[2m:[0m Sending PUBLISH_NAMESPACE: moq-test/interop
relay-1        | [2m2026-07-19T01:00:57.524269Z[0m [32m INFO[0m [2mmoq_relay_ietf::consumer[0m[2m:[0m serving PUBLISH_NAMESPACE: PublishNamespaceInfo { request_id: 0, namespace: /moq-test/interop } [3mnamespace[0m[2m=[0m/moq-test/interop
relay-1        | [2m2026-07-19T01:00:57.524352Z[0m [32m INFO[0m [2mmoq_relay_ietf::file_coordinator[0m[2m:[0m registering namespace: /moq-test/interop -> https://0.0.0.0:4443/ [3mnamespace[0m[2m=[0m/moq-test/interop [3mscope[0m[2m=[0m [3mrelay_url[0m[2m=[0mhttps://0.0.0.0:4443/
test-client-1  | [2m2026-07-19T01:00:59.525487Z[0m [32m INFO[0m [2mmoq_test_client::scenarios[0m[2m:[0m PUBLISH_NAMESPACE active; sending PUBLISH_NAMESPACE_DONE
relay-1        | [2m2026-07-19T01:00:59.525587Z[0m [33m WARN[0m [2mmoq_transport::session::reader[0m[2m:[0m [READER] decode: stream ended while waiting for data (have=0 bytes, need=1)
relay-1        | [2m2026-07-19T01:00:59.525949Z[0m [33m WARN[0m [2mmoq_relay_ietf::relay[0m[2m:[0m MoQ session error: decode error: fill buffer [3merror[0m[2m=[0mdecode error: fill buffer
test-client-1  | [2m2026-07-19T01:00:59.526129Z[0m [33m WARN[0m [2mmoq_transport::session::reader[0m[2m:[0m [READER] decode: stream ended while waiting for data (have=0 bytes, need=1)
relay-1        | [2m2026-07-19T01:00:59.526230Z[0m [33m WARN[0m [2mweb_transport_quinn::session[0m[2m:[0m failed to read capsule [3me[0m[2m=[0mUnexpectedEnd
test-client-1  | [2m2026-07-19T01:00:59.625699Z[0m [32m INFO[0m [2mmoq_test_client::scenarios[0m[2m:[0m PUBLISH_NAMESPACE_DONE sent successfully
test-client-1  | ok 6 - publish-namespace-done
test-client-1  |   ---
test-client-1  |   duration_ms: 2106
test-client-1  |   connection_id: 2e2d9fe990a3c42470eb8c74d45c09c3
test-client-1  |   ...
[Ktest-client-1 exited with code 0
Aborting on container exit...
 Container main-test-client-1  Stopping
 Container main-test-client-1  Stopped
 Container main-relay-1  Stopping
 Container main-relay-1  Stopped

Test results in mlog/
make[1]: Leaving directory '/home/runner/work/moq-interop-runner/moq-interop-runner/main'
