make[1]: Entering directory '/home/runner/work/moq-interop-runner/moq-interop-runner/main'
Running tests against https://draft-18-interop.cloudflare.mediaoverquic.com:443/moq...
  Client: ghcr.io/englishm/moq-interop-runner-moq-test-client-draft-18:latest
docker run --rm \
	 \
	--network host \
	-e RELAY_URL=https://draft-18-interop.cloudflare.mediaoverquic.com:443/moq \
	-e TLS_DISABLE_VERIFY=false \
	ghcr.io/englishm/moq-interop-runner-moq-test-client-draft-18:latest
TAP version 14
# moq-test-client v0.1.12
# Relay: https://draft-18-interop.cloudflare.mediaoverquic.com/moq
1..9
[2m2026-09-08T00:47:18.594523Z[0m [32m INFO[0m [2mmoq_native_ietf::quic[0m[2m:[0m UDP socket bound [3mbind[0m[2m=[0m[::]:0 [3mlocal[0m[2m=[0m[::]:42007 [3mdual_stack[0m[2m=[0mtrue
ok 1 - setup-only
  ---
  duration_ms: 84
  connection_id: 58d5af5145c2d1bfc26c3a569fc9c3aa
  ...
[2m2026-09-08T00:47:18.677972Z[0m [32m INFO[0m [2mmoq_test_client::scenarios[0m[2m:[0m SETUP exchange completed successfully
[2m2026-09-08T00:47:18.678684Z[0m [32m INFO[0m [2mmoq_native_ietf::quic[0m[2m:[0m UDP socket bound [3mbind[0m[2m=[0m[::]:0 [3mlocal[0m[2m=[0m[::]:36432 [3mdual_stack[0m[2m=[0mtrue
[2m2026-09-08T00:47:18.692993Z[0m [33m WARN[0m [2mweb_transport_quinn::session[0m[2m:[0m failed to read capsule [3me[0m[2m=[0mUnexpectedEnd
[2m2026-09-08T00:47:18.775641Z[0m [32m INFO[0m [2mmoq_test_client::scenarios[0m[2m:[0m Sending PUBLISH_NAMESPACE for: moq-test/interop
ok 2 - publish-namespace-only
  ---
  duration_ms: 2098
  connection_id: d53d7a17f62d7952d85ac22ff50b9d04
  ...
[2m2026-09-08T00:47:20.776488Z[0m [32m INFO[0m [2mmoq_test_client::scenarios[0m[2m:[0m PUBLISH_NAMESPACE succeeded (REQUEST_OK received, waiting for subscribers)
[2m2026-09-08T00:47:20.777169Z[0m [32m INFO[0m [2mmoq_native_ietf::quic[0m[2m:[0m UDP socket bound [3mbind[0m[2m=[0m[::]:0 [3mlocal[0m[2m=[0m[::]:42951 [3mdual_stack[0m[2m=[0mtrue
[2m2026-09-08T00:47:20.793495Z[0m [33m WARN[0m [2mweb_transport_quinn::session[0m[2m:[0m failed to read capsule [3me[0m[2m=[0mUnexpectedEnd
[2m2026-09-08T00:47:20.857829Z[0m [32m INFO[0m [2mmoq_test_client::scenarios[0m[2m:[0m Subscribing to non-existent track: nonexistent/namespace/test-track
[2m2026-09-08T00:47:20.872826Z[0m [33m WARN[0m [2mmoq_transport::serve::error[0m[2m:[0m [62c0565e-0d06-47cb-982a-a680b3f3b64b] Not found: not found: Track not found [error:b3911ac2-782c-4386-8b46-25a511dd6abc] at moq-transport/src/session/subscriber.rs:1653
[2m2026-09-08T00:47:20.872906Z[0m [32m INFO[0m [2mmoq_test_client::scenarios[0m[2m:[0m Got expected 'not found' error: not found: Track not found [error:62c0565e-0d06-47cb-982a-a680b3f3b64b]
ok 3 - subscribe-error
  ---
  duration_ms: 96
  connection_id: 3764695325937b75c2d5fbcf94e25c92
  ...
[2m2026-09-08T00:47:20.873699Z[0m [32m INFO[0m [2mmoq_native_ietf::quic[0m[2m:[0m UDP socket bound [3mbind[0m[2m=[0m[::]:0 [3mlocal[0m[2m=[0m[::]:54176 [3mdual_stack[0m[2m=[0mtrue
[2m2026-09-08T00:47:20.886538Z[0m [33m WARN[0m [2mweb_transport_quinn::session[0m[2m:[0m failed to read capsule [3me[0m[2m=[0mUnexpectedEnd
[2m2026-09-08T00:47:20.954029Z[0m [32m INFO[0m [2mmoq_native_ietf::quic[0m[2m:[0m UDP socket bound [3mbind[0m[2m=[0m[::]:0 [3mlocal[0m[2m=[0m[::]:52689 [3mdual_stack[0m[2m=[0mtrue
[2m2026-09-08T00:47:21.053354Z[0m [32m INFO[0m [2mmoq_test_client::scenarios[0m[2m:[0m Publisher sending PUBLISH_NAMESPACE: moq-test/interop
[2m2026-09-08T00:47:21.053373Z[0m [32m INFO[0m [2mmoq_test_client::scenarios[0m[2m:[0m Subscriber subscribing to track: moq-test/interop/test-track
[2m2026-09-08T00:47:24.055027Z[0m [32m INFO[0m [2mmoq_test_client::scenarios[0m[2m:[0m Test timeout reached - subscription routing may still be in progress
ok 4 - publish-namespace-subscribe
  ---
  duration_ms: 3182
  publisher_connection_id: db03ecc1590d9e65401cf3baef2c61a2
  subscriber_connection_id: 612adec2d4ebba3d65599f94319ddd1b
  ...
[2m2026-09-08T00:47:24.055707Z[0m [32m INFO[0m [2mmoq_native_ietf::quic[0m[2m:[0m UDP socket bound [3mbind[0m[2m=[0m[::]:0 [3mlocal[0m[2m=[0m[::]:36935 [3mdual_stack[0m[2m=[0mtrue
[2m2026-09-08T00:47:24.069522Z[0m [33m WARN[0m [2mweb_transport_quinn::session[0m[2m:[0m failed to read capsule [3me[0m[2m=[0mUnexpectedEnd
[2m2026-09-08T00:47:24.072088Z[0m [33m WARN[0m [2mweb_transport_quinn::session[0m[2m:[0m failed to read capsule [3me[0m[2m=[0mUnexpectedEnd
[2m2026-09-08T00:47:24.137672Z[0m [32m INFO[0m [2mmoq_test_client::scenarios[0m[2m:[0m Subscriber subscribing BEFORE PUBLISH_NAMESPACE: moq-test/interop/test-track
[2m2026-09-08T00:47:24.153108Z[0m [33m WARN[0m [2mmoq_transport::serve::error[0m[2m:[0m [7150c2fd-6d00-4045-8979-cfa611de78f7] Not found: not found: Track not found [error:7d78af74-4e53-42a9-bcdf-74df975502b5] at moq-transport/src/session/subscriber.rs:1653
[2m2026-09-08T00:47:24.168088Z[0m [33m WARN[0m [2mweb_transport_quinn::session[0m[2m:[0m failed to read capsule [3me[0m[2m=[0mUnexpectedEnd
[2m2026-09-08T00:47:24.640148Z[0m [32m INFO[0m [2mmoq_native_ietf::quic[0m[2m:[0m UDP socket bound [3mbind[0m[2m=[0m[::]:0 [3mlocal[0m[2m=[0m[::]:36233 [3mdual_stack[0m[2m=[0mtrue
[2m2026-09-08T00:47:24.797203Z[0m [32m INFO[0m [2mmoq_test_client::scenarios[0m[2m:[0m Publisher sending PUBLISH_NAMESPACE (after subscriber): moq-test/interop
[2m2026-09-08T00:47:27.798597Z[0m [32m INFO[0m [2mmoq_test_client::scenarios[0m[2m:[0m Publisher PUBLISH_NAMESPACE timeout (expected)
[2m2026-09-08T00:47:27.798622Z[0m [32m INFO[0m [2mmoq_test_client::scenarios[0m[2m:[0m Subscriber got error: not found: Track not found [error:7150c2fd-6d00-4045-8979-cfa611de78f7] (may be expected)
ok 5 - subscribe-before-publish-namespace
  ---
  duration_ms: 3743
  subscriber_connection_id: 0d72d8894ed0042c882c08459fac306e
  publisher_connection_id: 2e6f6e9d9fbc96e0cd224a5d5ac62a80
  ...
[2m2026-09-08T00:47:27.799392Z[0m [32m INFO[0m [2mmoq_native_ietf::quic[0m[2m:[0m UDP socket bound [3mbind[0m[2m=[0m[::]:0 [3mlocal[0m[2m=[0m[::]:45377 [3mdual_stack[0m[2m=[0mtrue
[2m2026-09-08T00:47:27.815061Z[0m [33m WARN[0m [2mweb_transport_quinn::session[0m[2m:[0m failed to read capsule [3me[0m[2m=[0mUnexpectedEnd
[2m2026-09-08T00:47:27.890839Z[0m [32m INFO[0m [2mmoq_test_client::scenarios[0m[2m:[0m Sending PUBLISH_NAMESPACE: moq-test/interop
[2m2026-09-08T00:47:29.892036Z[0m [32m INFO[0m [2mmoq_test_client::scenarios[0m[2m:[0m PUBLISH_NAMESPACE active; sending PUBLISH_NAMESPACE_DONE
[2m2026-09-08T00:47:29.993057Z[0m [32m INFO[0m [2mmoq_test_client::scenarios[0m[2m:[0m PUBLISH_NAMESPACE_DONE sent successfully
ok 6 - publish-namespace-done
  ---
  duration_ms: 2194
  connection_id: 9cfe1fe0bef54038f859d795c7266ac5
  ...
[2m2026-09-08T00:47:29.993739Z[0m [32m INFO[0m [2mmoq_native_ietf::quic[0m[2m:[0m UDP socket bound [3mbind[0m[2m=[0m[::]:0 [3mlocal[0m[2m=[0m[::]:48065 [3mdual_stack[0m[2m=[0mtrue
[2m2026-09-08T00:47:30.081457Z[0m [32m INFO[0m [2mmoq_test_client::scenarios[0m[2m:[0m Publisher sending direct PUBLISH [3mnamespace[0m[2m=[0m/moq-test/publish [3mtrack[0m[2m=[0m"published-track"
[2m2026-09-08T00:47:30.097619Z[0m [32m INFO[0m [2mmoq_test_client::scenarios[0m[2m:[0m PUBLISH accepted [3mnamespace[0m[2m=[0m/moq-test/publish [3mtrack[0m[2m=[0m"published-track"
ok 7 - publish-track-only
  ---
  duration_ms: 104
  connection_id: 550791a8e7962af9b6ce6f27ea443fa4
  ...
[2m2026-09-08T00:47:30.097810Z[0m [32m INFO[0m [2mmoq_test_client::scenarios[0m[2m:[0m PUBLISH completed [3mnamespace[0m[2m=[0m/moq-test/publish [3mtrack[0m[2m=[0m"published-track"
[2m2026-09-08T00:47:30.098476Z[0m [32m INFO[0m [2mmoq_native_ietf::quic[0m[2m:[0m UDP socket bound [3mbind[0m[2m=[0m[::]:0 [3mlocal[0m[2m=[0m[::]:36484 [3mdual_stack[0m[2m=[0mtrue
[2m2026-09-08T00:47:30.112501Z[0m [33m WARN[0m [2mweb_transport_quinn::session[0m[2m:[0m failed to read capsule [3me[0m[2m=[0mUnexpectedEnd
[2m2026-09-08T00:47:30.182373Z[0m [32m INFO[0m [2mmoq_native_ietf::quic[0m[2m:[0m UDP socket bound [3mbind[0m[2m=[0m[::]:0 [3mlocal[0m[2m=[0m[::]:40417 [3mdual_stack[0m[2m=[0mtrue
[2m2026-09-08T00:47:30.310826Z[0m [32m INFO[0m [2mmoq_test_client::scenarios[0m[2m:[0m Publisher sending direct PUBLISH before subscriber subscribes [3mnamespace[0m[2m=[0m/moq-test/publish [3mtrack[0m[2m=[0m"published-track"
[2m2026-09-08T00:47:30.327150Z[0m [32m INFO[0m [2mmoq_test_client::scenarios[0m[2m:[0m PUBLISH accepted; starting subscriber [3mnamespace[0m[2m=[0m/moq-test/publish [3mtrack[0m[2m=[0m"published-track"
[2m2026-09-08T00:47:30.444938Z[0m [32m INFO[0m [2mmoq_test_client::scenarios[0m[2m:[0m Subscriber received direct PUBLISH track [3mnamespace[0m[2m=[0m/moq-test/publish [3mtrack[0m[2m=[0m"published-track"
ok 8 - publish-track-subscribe
  ---
  duration_ms: 347
  publisher_connection_id: d2f551d4711a74751d0ca31b1d8999b8
  subscriber_connection_id: 179b73a133ea73d3df0130621d8f2a19
  ...
[2m2026-09-08T00:47:30.445719Z[0m [32m INFO[0m [2mmoq_native_ietf::quic[0m[2m:[0m UDP socket bound [3mbind[0m[2m=[0m[::]:0 [3mlocal[0m[2m=[0m[::]:43367 [3mdual_stack[0m[2m=[0mtrue
[2m2026-09-08T00:47:30.459695Z[0m [33m WARN[0m [2mweb_transport_quinn::session[0m[2m:[0m failed to read capsule [3me[0m[2m=[0mUnexpectedEnd
[2m2026-09-08T00:47:30.462363Z[0m [33m WARN[0m [2mweb_transport_quinn::session[0m[2m:[0m failed to read capsule [3me[0m[2m=[0mUnexpectedEnd
[2m2026-09-08T00:47:30.532082Z[0m [32m INFO[0m [2mmoq_test_client::scenarios[0m[2m:[0m Subscribing with RENDEZVOUS_TIMEOUT to a track with no publisher [3mtimeout_ms[0m[2m=[0m500
ok 9 - rendezvous-timeout
  ---
  duration_ms: 604
  connection_id: 2faacea749b5dabb30ba15e49f2a7b77
  ...
[2m2026-09-08T00:47:31.049586Z[0m [32m INFO[0m [2mmoq_test_client::scenarios[0m[2m:[0m Received expected REQUEST_ERROR TIMEOUT
[2m2026-09-08T00:47:31.049654Z[0m [33m WARN[0m [2mweb_transport_quinn::session[0m[2m:[0m failed to read capsule [3me[0m[2m=[0mUnexpectedEnd
make[1]: Leaving directory '/home/runner/work/moq-interop-runner/moq-interop-runner/main'
