make[1]: Entering directory '/home/runner/work/moq-interop-runner/moq-interop-runner/main'
Running tests against https://moqx-main.ci.openmoq.org:4433/moq-relay...
  Client: ghcr.io/englishm/moq-interop-runner-moq-test-client-draft-18:latest
docker run --rm \
	 \
	--network host \
	-e RELAY_URL=https://moqx-main.ci.openmoq.org:4433/moq-relay \
	-e TLS_DISABLE_VERIFY=false \
	ghcr.io/englishm/moq-interop-runner-moq-test-client-draft-18:latest
TAP version 14
# moq-test-client v0.1.12
# Relay: https://moqx-main.ci.openmoq.org:4433/moq-relay
1..9
[2m2026-09-08T00:49:07.369977Z[0m [32m INFO[0m [2mmoq_native_ietf::quic[0m[2m:[0m UDP socket bound [3mbind[0m[2m=[0m[::]:0 [3mlocal[0m[2m=[0m[::]:34213 [3mdual_stack[0m[2m=[0mtrue
[2m2026-09-08T00:49:07.807885Z[0m [32m INFO[0m [2mmoq_test_client::scenarios[0m[2m:[0m SETUP exchange completed successfully
ok 1 - setup-only
  ---
  duration_ms: 438
  connection_id: c68a206c722664df1e621e5257bf486e
  ...
[2m2026-09-08T00:49:07.808621Z[0m [32m INFO[0m [2mmoq_native_ietf::quic[0m[2m:[0m UDP socket bound [3mbind[0m[2m=[0m[::]:0 [3mlocal[0m[2m=[0m[::]:38444 [3mdual_stack[0m[2m=[0mtrue
[2m2026-09-08T00:49:07.856789Z[0m [33m WARN[0m [2mweb_transport_quinn::session[0m[2m:[0m failed to read capsule [3me[0m[2m=[0mUnexpectedEnd
[2m2026-09-08T00:49:07.943463Z[0m [32m INFO[0m [2mmoq_test_client::scenarios[0m[2m:[0m Sending PUBLISH_NAMESPACE for: moq-test/interop
ok 2 - publish-namespace-only
  ---
  duration_ms: 2136
  connection_id: c5d41bc400e1829094eccdea02052892
  ...
[2m2026-09-08T00:49:09.944691Z[0m [32m INFO[0m [2mmoq_test_client::scenarios[0m[2m:[0m PUBLISH_NAMESPACE succeeded (REQUEST_OK received, waiting for subscribers)
[2m2026-09-08T00:49:09.945419Z[0m [32m INFO[0m [2mmoq_native_ietf::quic[0m[2m:[0m UDP socket bound [3mbind[0m[2m=[0m[::]:0 [3mlocal[0m[2m=[0m[::]:39152 [3mdual_stack[0m[2m=[0mtrue
[2m2026-09-08T00:49:09.995698Z[0m [33m WARN[0m [2mweb_transport_quinn::session[0m[2m:[0m failed to read capsule [3me[0m[2m=[0mUnexpectedEnd
[2m2026-09-08T00:49:10.230987Z[0m [32m INFO[0m [2mmoq_test_client::scenarios[0m[2m:[0m Subscribing to non-existent track: nonexistent/namespace/test-track
[2m2026-09-08T00:49:10.282067Z[0m [33m WARN[0m [2mmoq_transport::serve::error[0m[2m:[0m [d9916123-f07e-4957-8321-1d167b7611c5] Not found: no such namespace or track at moq-transport/src/session/subscriber.rs:1653
[2m2026-09-08T00:49:10.282128Z[0m [32m INFO[0m [2mmoq_test_client::scenarios[0m[2m:[0m Got expected 'not found' error: not found: Track not found [error:d9916123-f07e-4957-8321-1d167b7611c5]
ok 3 - subscribe-error
  ---
  duration_ms: 337
  connection_id: bdf56f5572fca57a93a549d0a794d8d1
  ...
[2m2026-09-08T00:49:10.282936Z[0m [32m INFO[0m [2mmoq_native_ietf::quic[0m[2m:[0m UDP socket bound [3mbind[0m[2m=[0m[::]:0 [3mlocal[0m[2m=[0m[::]:57799 [3mdual_stack[0m[2m=[0mtrue
[2m2026-09-08T00:49:10.333401Z[0m [33m WARN[0m [2mweb_transport_quinn::session[0m[2m:[0m failed to read capsule [3me[0m[2m=[0mUnexpectedEnd
[2m2026-09-08T00:49:10.390974Z[0m [32m INFO[0m [2mmoq_native_ietf::quic[0m[2m:[0m UDP socket bound [3mbind[0m[2m=[0m[::]:0 [3mlocal[0m[2m=[0m[::]:44450 [3mdual_stack[0m[2m=[0mtrue
[2m2026-09-08T00:49:10.520746Z[0m [32m INFO[0m [2mmoq_test_client::scenarios[0m[2m:[0m Publisher sending PUBLISH_NAMESPACE: moq-test/interop
[2m2026-09-08T00:49:10.520760Z[0m [32m INFO[0m [2mmoq_test_client::scenarios[0m[2m:[0m Subscriber subscribing to track: moq-test/interop/test-track
[2m2026-09-08T00:49:10.569614Z[0m [33m WARN[0m [2mmoq_transport::serve::error[0m[2m:[0m [16f52705-515b-4bd7-accb-2e190a011320] Not found: no such namespace or track at moq-transport/src/session/subscriber.rs:1653
[2m2026-09-08T00:49:10.569793Z[0m [32m INFO[0m [2mmoq_test_client::scenarios[0m[2m:[0m Subscriber got error: not found: Track not found [error:16f52705-515b-4bd7-accb-2e190a011320] - subscription was processed
ok 4 - publish-namespace-subscribe
  ---
  duration_ms: 287
  publisher_connection_id: 15e465ed92e4bc125731784a147ba3f9
  subscriber_connection_id: 7cc4ee3b66fe75a95b9a05a4c9a607c0
  ...
[2m2026-09-08T00:49:10.570529Z[0m [32m INFO[0m [2mmoq_native_ietf::quic[0m[2m:[0m UDP socket bound [3mbind[0m[2m=[0m[::]:0 [3mlocal[0m[2m=[0m[::]:44500 [3mdual_stack[0m[2m=[0mtrue
[2m2026-09-08T00:49:10.618486Z[0m [33m WARN[0m [2mweb_transport_quinn::session[0m[2m:[0m failed to read capsule [3me[0m[2m=[0mUnexpectedEnd
[2m2026-09-08T00:49:10.621140Z[0m [33m WARN[0m [2mweb_transport_quinn::session[0m[2m:[0m failed to read capsule [3me[0m[2m=[0mUnexpectedEnd
[2m2026-09-08T00:49:10.710182Z[0m [32m INFO[0m [2mmoq_test_client::scenarios[0m[2m:[0m Subscriber subscribing BEFORE PUBLISH_NAMESPACE: moq-test/interop/test-track
[2m2026-09-08T00:49:10.761748Z[0m [33m WARN[0m [2mmoq_transport::serve::error[0m[2m:[0m [fde731ab-2eae-4761-8f85-5a36d043db35] Not found: no such namespace or track at moq-transport/src/session/subscriber.rs:1653
[2m2026-09-08T00:49:10.813211Z[0m [33m WARN[0m [2mweb_transport_quinn::session[0m[2m:[0m failed to read capsule [3me[0m[2m=[0mUnexpectedEnd
[2m2026-09-08T00:49:11.212699Z[0m [32m INFO[0m [2mmoq_native_ietf::quic[0m[2m:[0m UDP socket bound [3mbind[0m[2m=[0m[::]:0 [3mlocal[0m[2m=[0m[::]:37172 [3mdual_stack[0m[2m=[0mtrue
[2m2026-09-08T00:49:11.327223Z[0m [32m INFO[0m [2mmoq_test_client::scenarios[0m[2m:[0m Publisher sending PUBLISH_NAMESPACE (after subscriber): moq-test/interop
[2m2026-09-08T00:49:14.329425Z[0m [32m INFO[0m [2mmoq_test_client::scenarios[0m[2m:[0m Publisher PUBLISH_NAMESPACE timeout (expected)
[2m2026-09-08T00:49:14.329453Z[0m [32m INFO[0m [2mmoq_test_client::scenarios[0m[2m:[0m Subscriber got error: not found: Track not found [error:fde731ab-2eae-4761-8f85-5a36d043db35] (may be expected)
ok 5 - subscribe-before-publish-namespace
  ---
  duration_ms: 3759
  subscriber_connection_id: b4372eabda6afe42b352710b6b1d397b
  publisher_connection_id: 6d962f72f0f52019d4e1effe755caba5
  ...
[2m2026-09-08T00:49:14.330211Z[0m [32m INFO[0m [2mmoq_native_ietf::quic[0m[2m:[0m UDP socket bound [3mbind[0m[2m=[0m[::]:0 [3mlocal[0m[2m=[0m[::]:41468 [3mdual_stack[0m[2m=[0mtrue
[2m2026-09-08T00:49:14.378562Z[0m [33m WARN[0m [2mweb_transport_quinn::session[0m[2m:[0m failed to read capsule [3me[0m[2m=[0mUnexpectedEnd
[2m2026-09-08T00:49:14.434323Z[0m [32m INFO[0m [2mmoq_test_client::scenarios[0m[2m:[0m Sending PUBLISH_NAMESPACE: moq-test/interop
[2m2026-09-08T00:49:16.435779Z[0m [32m INFO[0m [2mmoq_test_client::scenarios[0m[2m:[0m PUBLISH_NAMESPACE active; sending PUBLISH_NAMESPACE_DONE
ok 6 - publish-namespace-done
  ---
  duration_ms: 2207
  connection_id: 515cc4aebbce85a19d27e21c5e8a525c
  ...
[2m2026-09-08T00:49:16.536846Z[0m [32m INFO[0m [2mmoq_test_client::scenarios[0m[2m:[0m PUBLISH_NAMESPACE_DONE sent successfully
[2m2026-09-08T00:49:16.537550Z[0m [32m INFO[0m [2mmoq_native_ietf::quic[0m[2m:[0m UDP socket bound [3mbind[0m[2m=[0m[::]:0 [3mlocal[0m[2m=[0m[::]:38013 [3mdual_stack[0m[2m=[0mtrue
[2m2026-09-08T00:49:16.595131Z[0m [33m WARN[0m [2mweb_transport_quinn::session[0m[2m:[0m failed to read capsule [3me[0m[2m=[0mUnexpectedEnd
[2m2026-09-08T00:49:16.825486Z[0m [32m INFO[0m [2mmoq_test_client::scenarios[0m[2m:[0m Publisher sending direct PUBLISH [3mnamespace[0m[2m=[0m/moq-test/publish [3mtrack[0m[2m=[0m"published-track"
[2m2026-09-08T00:49:16.884827Z[0m [32m INFO[0m [2mmoq_test_client::scenarios[0m[2m:[0m PUBLISH accepted [3mnamespace[0m[2m=[0m/moq-test/publish [3mtrack[0m[2m=[0m"published-track"
[2m2026-09-08T00:49:16.884886Z[0m [32m INFO[0m [2mmoq_test_client::scenarios[0m[2m:[0m PUBLISH completed [3mnamespace[0m[2m=[0m/moq-test/publish [3mtrack[0m[2m=[0m"published-track"
ok 7 - publish-track-only
  ---
  duration_ms: 348
  connection_id: a3e85fcc4a325c54c6c56fc4aa0c734b
  ...
[2m2026-09-08T00:49:16.885642Z[0m [32m INFO[0m [2mmoq_native_ietf::quic[0m[2m:[0m UDP socket bound [3mbind[0m[2m=[0m[::]:0 [3mlocal[0m[2m=[0m[::]:40427 [3mdual_stack[0m[2m=[0mtrue
[2m2026-09-08T00:49:16.936731Z[0m [33m WARN[0m [2mweb_transport_quinn::session[0m[2m:[0m failed to read capsule [3me[0m[2m=[0mUnexpectedEnd
[2m2026-09-08T00:49:17.018292Z[0m [32m INFO[0m [2mmoq_native_ietf::quic[0m[2m:[0m UDP socket bound [3mbind[0m[2m=[0m[::]:0 [3mlocal[0m[2m=[0m[::]:46325 [3mdual_stack[0m[2m=[0mtrue
[2m2026-09-08T00:49:17.120891Z[0m [32m INFO[0m [2mmoq_test_client::scenarios[0m[2m:[0m Publisher sending direct PUBLISH before subscriber subscribes [3mnamespace[0m[2m=[0m/moq-test/publish [3mtrack[0m[2m=[0m"published-track"
[2m2026-09-08T00:49:17.170148Z[0m [32m INFO[0m [2mmoq_test_client::scenarios[0m[2m:[0m PUBLISH accepted; starting subscriber [3mnamespace[0m[2m=[0m/moq-test/publish [3mtrack[0m[2m=[0m"published-track"
[2m2026-09-08T00:49:17.219284Z[0m [33m WARN[0m [2mmoq_transport::session[0m[2m:[0m unexpected bidi response message type [3mmsg_type[0m[2m=[0m2
[2m2026-09-08T00:49:17.219308Z[0m [33m WARN[0m [2mmoq_transport::serve::error[0m[2m:[0m [cd203d6e-d3f0-4630-9d9a-b915731bd81d] Not implemented: bidi response type 0x2 at moq-transport/src/session/error.rs:89
not ok 8 - publish-track-subscribe
  ---
  duration_ms: 386
  message: "failed serving PUBLISH track: serve error: cancelled: cancelled"
  ...
[2m2026-09-08T00:49:17.271684Z[0m [32m INFO[0m [2mmoq_native_ietf::quic[0m[2m:[0m UDP socket bound [3mbind[0m[2m=[0m[::]:0 [3mlocal[0m[2m=[0m[::]:58200 [3mdual_stack[0m[2m=[0mtrue
[2m2026-09-08T00:49:17.320106Z[0m [33m WARN[0m [2mweb_transport_quinn::session[0m[2m:[0m failed to read capsule [3me[0m[2m=[0mUnexpectedEnd
[2m2026-09-08T00:49:17.320113Z[0m [33m WARN[0m [2mweb_transport_quinn::session[0m[2m:[0m failed to read capsule [3me[0m[2m=[0mUnexpectedEnd
[2m2026-09-08T00:49:17.373890Z[0m [32m INFO[0m [2mmoq_test_client::scenarios[0m[2m:[0m Subscribing with RENDEZVOUS_TIMEOUT to a track with no publisher [3mtimeout_ms[0m[2m=[0m500
[2m2026-09-08T00:49:17.422905Z[0m [33m WARN[0m [2mmoq_transport::serve::error[0m[2m:[0m [dc32e049-3cfa-4808-ae5d-9e4ff97d2592] Not found: no such namespace or track at moq-transport/src/session/subscriber.rs:1653
not ok 9 - rendezvous-timeout
  ---
  duration_ms: 151
  message: "expected REQUEST_ERROR TIMEOUT, got: not found: Track not found [error:dc32e049-3cfa-4808-ae5d-9e4ff97d2592]"
  ...
make[1]: *** [Makefile:122: test-external] Error 1
make[1]: Leaving directory '/home/runner/work/moq-interop-runner/moq-interop-runner/main'
