make[1]: Entering directory '/home/runner/work/moq-interop-runner/moq-interop-runner/main'
Running tests against moqt://fb.mvfst.net:9448...
  Client: ghcr.io/englishm/moq-interop-runner-moq-test-client-draft-18:latest
docker run --rm \
	 \
	--network host \
	-e RELAY_URL=moqt://fb.mvfst.net:9448 \
	-e TLS_DISABLE_VERIFY=1 \
	ghcr.io/englishm/moq-interop-runner-moq-test-client-draft-18:latest
TAP version 14
# moq-test-client v0.1.12
# Relay: moqt://fb.mvfst.net:9448
1..9
[2m2026-09-08T00:50:09.247133Z[0m [32m INFO[0m [2mmoq_native_ietf::quic[0m[2m:[0m UDP socket bound [3mbind[0m[2m=[0m[::]:0 [3mlocal[0m[2m=[0m[::]:51875 [3mdual_stack[0m[2m=[0mtrue
[2m2026-09-08T00:50:09.336042Z[0m [32m INFO[0m [2mmoq_test_client::scenarios[0m[2m:[0m SETUP exchange completed successfully
ok 1 - setup-only
  ---
  duration_ms: 89
  connection_id: b3d7eb691176d4ea571cb7a65428a8fa
  ...
[2m2026-09-08T00:50:09.336717Z[0m [32m INFO[0m [2mmoq_native_ietf::quic[0m[2m:[0m UDP socket bound [3mbind[0m[2m=[0m[::]:0 [3mlocal[0m[2m=[0m[::]:46796 [3mdual_stack[0m[2m=[0mtrue
[2m2026-09-08T00:50:09.490440Z[0m [32m INFO[0m [2mmoq_test_client::scenarios[0m[2m:[0m Sending PUBLISH_NAMESPACE for: moq-test/interop
[2m2026-09-08T00:50:11.491771Z[0m [32m INFO[0m [2mmoq_test_client::scenarios[0m[2m:[0m PUBLISH_NAMESPACE succeeded (REQUEST_OK received, waiting for subscribers)
ok 2 - publish-namespace-only
  ---
  duration_ms: 2155
  connection_id: 9f3a75153aaae402d3bb3072b38ad58a
  ...
[2m2026-09-08T00:50:11.492574Z[0m [32m INFO[0m [2mmoq_native_ietf::quic[0m[2m:[0m UDP socket bound [3mbind[0m[2m=[0m[::]:0 [3mlocal[0m[2m=[0m[::]:41908 [3mdual_stack[0m[2m=[0mtrue
[2m2026-09-08T00:50:11.581687Z[0m [32m INFO[0m [2mmoq_test_client::scenarios[0m[2m:[0m Subscribing to non-existent track: nonexistent/namespace/test-track
[2m2026-09-08T00:50:11.659367Z[0m [33m WARN[0m [2mmoq_transport::serve::error[0m[2m:[0m [fd16366f-8e0c-4a98-96e9-3e2da4c2b0f9] Not found: no such namespace or track at moq-transport/src/session/subscriber.rs:1653
[2m2026-09-08T00:50:11.659501Z[0m [32m INFO[0m [2mmoq_test_client::scenarios[0m[2m:[0m Got expected 'not found' error: not found: Track not found [error:fd16366f-8e0c-4a98-96e9-3e2da4c2b0f9]
ok 3 - subscribe-error
  ---
  duration_ms: 167
  connection_id: 68f1c018aa5ff1d2d1db637306461c09
  ...
[2m2026-09-08T00:50:11.660176Z[0m [32m INFO[0m [2mmoq_native_ietf::quic[0m[2m:[0m UDP socket bound [3mbind[0m[2m=[0m[::]:0 [3mlocal[0m[2m=[0m[::]:57005 [3mdual_stack[0m[2m=[0mtrue
[2m2026-09-08T00:50:11.739978Z[0m [32m INFO[0m [2mmoq_native_ietf::quic[0m[2m:[0m UDP socket bound [3mbind[0m[2m=[0m[::]:0 [3mlocal[0m[2m=[0m[::]:60318 [3mdual_stack[0m[2m=[0mtrue
[2m2026-09-08T00:50:11.823424Z[0m [32m INFO[0m [2mmoq_test_client::scenarios[0m[2m:[0m Publisher sending PUBLISH_NAMESPACE: moq-test/interop
[2m2026-09-08T00:50:11.823440Z[0m [32m INFO[0m [2mmoq_test_client::scenarios[0m[2m:[0m Subscriber subscribing to track: moq-test/interop/test-track
[2m2026-09-08T00:50:11.901456Z[0m [33m WARN[0m [2mmoq_transport::serve::error[0m[2m:[0m [24e93e30-7bfb-41a0-bfa2-879bd8da5663] Not found: no such namespace or track at moq-transport/src/session/subscriber.rs:1653
[2m2026-09-08T00:50:11.901570Z[0m [32m INFO[0m [2mmoq_test_client::scenarios[0m[2m:[0m Subscriber got error: not found: Track not found [error:24e93e30-7bfb-41a0-bfa2-879bd8da5663] - subscription was processed
[2m2026-09-08T00:50:11.902250Z[0m [32m INFO[0m [2mmoq_native_ietf::quic[0m[2m:[0m UDP socket bound [3mbind[0m[2m=[0m[::]:0 [3mlocal[0m[2m=[0m[::]:53959 [3mdual_stack[0m[2m=[0mtrue
ok 4 - publish-namespace-subscribe
  ---
  duration_ms: 242
  publisher_connection_id: 2436b812d6de82174d4f2b9070cd06a7
  subscriber_connection_id: 72687f3cdab534096859e654ea08ec16
  ...
[2m2026-09-08T00:50:11.983562Z[0m [32m INFO[0m [2mmoq_test_client::scenarios[0m[2m:[0m Subscriber subscribing BEFORE PUBLISH_NAMESPACE: moq-test/interop/test-track
[2m2026-09-08T00:50:12.056892Z[0m [33m WARN[0m [2mmoq_transport::serve::error[0m[2m:[0m [38cb4403-8431-4c67-99a5-252207a97525] Not found: no such namespace or track at moq-transport/src/session/subscriber.rs:1653
[2m2026-09-08T00:50:12.485809Z[0m [32m INFO[0m [2mmoq_native_ietf::quic[0m[2m:[0m UDP socket bound [3mbind[0m[2m=[0m[::]:0 [3mlocal[0m[2m=[0m[::]:36958 [3mdual_stack[0m[2m=[0mtrue
[2m2026-09-08T00:50:12.585929Z[0m [32m INFO[0m [2mmoq_test_client::scenarios[0m[2m:[0m Publisher sending PUBLISH_NAMESPACE (after subscriber): moq-test/interop
[2m2026-09-08T00:50:15.587271Z[0m [32m INFO[0m [2mmoq_test_client::scenarios[0m[2m:[0m Publisher PUBLISH_NAMESPACE timeout (expected)
[2m2026-09-08T00:50:15.587304Z[0m [32m INFO[0m [2mmoq_test_client::scenarios[0m[2m:[0m Subscriber got error: not found: Track not found [error:38cb4403-8431-4c67-99a5-252207a97525] (may be expected)
[2m2026-09-08T00:50:15.588013Z[0m [32m INFO[0m [2mmoq_native_ietf::quic[0m[2m:[0m UDP socket bound [3mbind[0m[2m=[0m[::]:0 [3mlocal[0m[2m=[0m[::]:58126 [3mdual_stack[0m[2m=[0mtrue
ok 5 - subscribe-before-publish-namespace
  ---
  duration_ms: 3685
  subscriber_connection_id: 0c534f18a2a3ca2f3a2e4941762e0f19
  publisher_connection_id: a3614d46e754161735f025ba636830d4
  ...
[2m2026-09-08T00:50:15.670666Z[0m [32m INFO[0m [2mmoq_test_client::scenarios[0m[2m:[0m Sending PUBLISH_NAMESPACE: moq-test/interop
[2m2026-09-08T00:50:17.672456Z[0m [32m INFO[0m [2mmoq_test_client::scenarios[0m[2m:[0m PUBLISH_NAMESPACE active; sending PUBLISH_NAMESPACE_DONE
ok 6 - publish-namespace-done
  ---
  duration_ms: 2186
  connection_id: f2db30c898edb4a9d58226746531a3c6
  ...
[2m2026-09-08T00:50:17.773678Z[0m [32m INFO[0m [2mmoq_test_client::scenarios[0m[2m:[0m PUBLISH_NAMESPACE_DONE sent successfully
[2m2026-09-08T00:50:17.774383Z[0m [32m INFO[0m [2mmoq_native_ietf::quic[0m[2m:[0m UDP socket bound [3mbind[0m[2m=[0m[::]:0 [3mlocal[0m[2m=[0m[::]:58727 [3mdual_stack[0m[2m=[0mtrue
[2m2026-09-08T00:50:17.854742Z[0m [32m INFO[0m [2mmoq_test_client::scenarios[0m[2m:[0m Publisher sending direct PUBLISH [3mnamespace[0m[2m=[0m/moq-test/publish [3mtrack[0m[2m=[0m"published-track"
[2m2026-09-08T00:50:17.930477Z[0m [32m INFO[0m [2mmoq_test_client::scenarios[0m[2m:[0m PUBLISH accepted [3mnamespace[0m[2m=[0m/moq-test/publish [3mtrack[0m[2m=[0m"published-track"
[2m2026-09-08T00:50:17.930544Z[0m [32m INFO[0m [2mmoq_test_client::scenarios[0m[2m:[0m PUBLISH completed [3mnamespace[0m[2m=[0m/moq-test/publish [3mtrack[0m[2m=[0m"published-track"
ok 7 - publish-track-only
  ---
  duration_ms: 156
  connection_id: 2296fd23f88f47c6975364c2c667ea2f
  ...
[2m2026-09-08T00:50:17.931176Z[0m [32m INFO[0m [2mmoq_native_ietf::quic[0m[2m:[0m UDP socket bound [3mbind[0m[2m=[0m[::]:0 [3mlocal[0m[2m=[0m[::]:40324 [3mdual_stack[0m[2m=[0mtrue
[2m2026-09-08T00:50:18.011279Z[0m [32m INFO[0m [2mmoq_native_ietf::quic[0m[2m:[0m UDP socket bound [3mbind[0m[2m=[0m[::]:0 [3mlocal[0m[2m=[0m[::]:39970 [3mdual_stack[0m[2m=[0mtrue
[2m2026-09-08T00:50:18.093060Z[0m [32m INFO[0m [2mmoq_test_client::scenarios[0m[2m:[0m Publisher sending direct PUBLISH before subscriber subscribes [3mnamespace[0m[2m=[0m/moq-test/publish [3mtrack[0m[2m=[0m"published-track"
[2m2026-09-08T00:50:18.166068Z[0m [32m INFO[0m [2mmoq_test_client::scenarios[0m[2m:[0m PUBLISH accepted; starting subscriber [3mnamespace[0m[2m=[0m/moq-test/publish [3mtrack[0m[2m=[0m"published-track"
[2m2026-09-08T00:50:18.235402Z[0m [33m WARN[0m [2mmoq_transport::session[0m[2m:[0m unexpected bidi response message type [3mmsg_type[0m[2m=[0m2
[2m2026-09-08T00:50:18.235429Z[0m [33m WARN[0m [2mmoq_transport::serve::error[0m[2m:[0m [d1f27ac8-10dc-4c89-b07b-1200b35bebc9] Not implemented: bidi response type 0x2 at moq-transport/src/session/error.rs:89
not ok 8 - publish-track-subscribe
  ---
  duration_ms: 335
  message: "failed serving PUBLISH track: serve error: cancelled: cancelled"
  ...
[2m2026-09-08T00:50:18.267177Z[0m [32m INFO[0m [2mmoq_native_ietf::quic[0m[2m:[0m UDP socket bound [3mbind[0m[2m=[0m[::]:0 [3mlocal[0m[2m=[0m[::]:38863 [3mdual_stack[0m[2m=[0mtrue
[2m2026-09-08T00:50:18.351248Z[0m [32m INFO[0m [2mmoq_test_client::scenarios[0m[2m:[0m Subscribing with RENDEZVOUS_TIMEOUT to a track with no publisher [3mtimeout_ms[0m[2m=[0m500
ok 9 - rendezvous-timeout
  ---
  duration_ms: 661
  connection_id: 8d819d99ca3629e3d7c2100c53bad221
  ...
[2m2026-09-08T00:50:18.928034Z[0m [32m INFO[0m [2mmoq_test_client::scenarios[0m[2m:[0m Received expected REQUEST_ERROR TIMEOUT
make[1]: *** [Makefile:122: test-external] Error 1
make[1]: Leaving directory '/home/runner/work/moq-interop-runner/moq-interop-runner/main'
