make[1]: Entering directory '/home/runner/work/moq-interop-runner/moq-interop-runner/main'
Running tests against moqt://us-west-2.relay.quicr.org:33437...
  Client: ghcr.io/facebookexperimental/moxygen-interop-client:latest-amd64
docker run --rm \
	 \
	--network host \
	-e RELAY_URL=moqt://us-west-2.relay.quicr.org:33437 \
	-e TLS_DISABLE_VERIFY=1 \
	ghcr.io/facebookexperimental/moxygen-interop-client:latest-amd64
TAP version 14
# moxygen interop test client
# Relay: moqt://us-west-2.relay.quicr.org:33437
# Transport: QUIC
# Offered ALPNs: moqt-18, moqt-16, moqt-15, moq-00
1..6
ok 1 - setup-only
  ---
  duration_ms: 47
  negotiated_version: draft-16
  info: SETUP exchange completed successfully
  ...
W0908 01:46:08.144203     1 MoQSession.cpp:6046] Issuing request that will fail; nextRequestID_=0 peerMaxRequestID_=0 sess=0x556d59585a80
E0908 01:46:08.164252     1 MoQRelaySession.cpp:1116] PublishNamespaceDone for unknown publishNamespace, sess=0x556d59585a80
ok 2 - announce-only
  ---
  duration_ms: 63
  negotiated_version: draft-16
  info: PUBLISH_NAMESPACE completed successfully
  ...
W0908 01:46:08.207409     1 MoQSession.cpp:6046] Issuing request that will fail; nextRequestID_=0 peerMaxRequestID_=0 sess=0x556d595853a0
E0908 01:46:08.227045     1 MoQCodec.cpp:126] Conn error=3
E0908 01:46:08.227062     1 MoQSession.cpp:5831] MoQCodec control stream parse error err=3
ok 3 - subscribe-error
  ---
  duration_ms: 62
  negotiated_version: draft-16
  info: Subscribe correctly returned error: Session closed
  ...
W0908 01:46:08.275857     1 MoQSession.cpp:6046] Issuing request that will fail; nextRequestID_=0 peerMaxRequestID_=0 sess=0x556d595937a0
W0908 01:46:08.341229     1 MoQSession.cpp:6046] Issuing request that will fail; nextRequestID_=0 peerMaxRequestID_=0 sess=0x556d59575e10
E0908 01:46:08.361594     1 MoQCodec.cpp:126] Conn error=3
E0908 01:46:08.361612     1 MoQSession.cpp:5831] MoQCodec control stream parse error err=3
not ok 4 - announce-subscribe
  ---
  duration_ms: 134
  negotiated_version: draft-16
  error: Subscribe failed: Session closed
  ...
W0908 01:46:08.406995     1 MoQSession.cpp:6046] Issuing request that will fail; nextRequestID_=0 peerMaxRequestID_=0 sess=0x556d5959d330
ok 5 - publish-namespace-done
  ---
  duration_ms: 65
  negotiated_version: draft-16
  info: PUBLISH_NAMESPACE_OK received, PUBLISH_NAMESPACE_DONE sent
  ...
W0908 01:46:08.472612     1 MoQSession.cpp:6046] Issuing request that will fail; nextRequestID_=0 peerMaxRequestID_=0 sess=0x556d5957ed40
E0908 01:46:08.492954     1 MoQCodec.cpp:126] Conn error=3
E0908 01:46:08.492973     1 MoQSession.cpp:5831] MoQCodec control stream parse error err=3
W0908 01:46:09.039508     1 MoQSession.cpp:6046] Issuing request that will fail; nextRequestID_=0 peerMaxRequestID_=0 sess=0x556d5959d330
ok 6 - subscribe-before-announce
  ---
  duration_ms: 632
  negotiated_version: draft-16
  info: Subscribe returned error (relay doesn't buffer pending subscriptions): Session closed
  ...
make[1]: *** [Makefile:122: test-external] Error 1
make[1]: Leaving directory '/home/runner/work/moq-interop-runner/moq-interop-runner/main'
