make[1]: Entering directory '/home/runner/work/moq-interop-runner/moq-interop-runner/main'
Running tests against https://us-west-2.relay.quicr.org:33437/relay...
  Client: ghcr.io/facebookexperimental/moxygen-interop-client:latest-amd64
docker run --rm \
	 \
	--network host \
	-e RELAY_URL=https://us-west-2.relay.quicr.org:33437/relay \
	-e TLS_DISABLE_VERIFY=1 \
	ghcr.io/facebookexperimental/moxygen-interop-client:latest-amd64
TAP version 14
# moxygen interop test client
# Relay: https://us-west-2.relay.quicr.org:33437/relay
# Transport: WebTransport
# Offered ALPNs: moqt-18, moqt-16, moqt-15, moq-00
1..6
W0908 01:46:06.064275     1 MoQWebTransportClient.cpp:175] WebTransport: No WT-Protocol header in response, will use legacy version negotiation
E0908 01:46:06.084905     1 MoQFramer.cpp:1041] Server selected version draft-1 but we only offer draft-14 in legacy mode
E0908 01:46:06.084917     1 MoQCodec.cpp:126] Conn error=21
E0908 01:46:06.084919     1 MoQSession.cpp:5831] MoQCodec control stream parse error err=21
not ok 1 - setup-only
  ---
  duration_ms: 68
  error: coroutine operation cancelled
  ...
W0908 01:46:06.134014     1 MoQWebTransportClient.cpp:175] WebTransport: No WT-Protocol header in response, will use legacy version negotiation
E0908 01:46:06.154718     1 MoQFramer.cpp:1041] Server selected version draft-1 but we only offer draft-14 in legacy mode
E0908 01:46:06.154734     1 MoQCodec.cpp:126] Conn error=21
E0908 01:46:06.154737     1 MoQSession.cpp:5831] MoQCodec control stream parse error err=21
not ok 2 - announce-only
  ---
  duration_ms: 69
  error: coroutine operation cancelled
  ...
W0908 01:46:06.437715     1 MoQWebTransportClient.cpp:175] WebTransport: No WT-Protocol header in response, will use legacy version negotiation
E0908 01:46:06.458007     1 MoQFramer.cpp:1041] Server selected version draft-1 but we only offer draft-14 in legacy mode
E0908 01:46:06.458026     1 MoQCodec.cpp:126] Conn error=21
E0908 01:46:06.458030     1 MoQSession.cpp:5831] MoQCodec control stream parse error err=21
not ok 3 - subscribe-error
  ---
  duration_ms: 303
  error: coroutine operation cancelled
  ...
W0908 01:46:06.517994     1 MoQWebTransportClient.cpp:175] WebTransport: No WT-Protocol header in response, will use legacy version negotiation
E0908 01:46:06.538215     1 MoQFramer.cpp:1041] Server selected version draft-1 but we only offer draft-14 in legacy mode
E0908 01:46:06.538228     1 MoQCodec.cpp:126] Conn error=21
E0908 01:46:06.538231     1 MoQSession.cpp:5831] MoQCodec control stream parse error err=21
not ok 4 - announce-subscribe
  ---
  duration_ms: 80
  error: coroutine operation cancelled
  ...
W0908 01:46:06.743157     1 MoQWebTransportClient.cpp:175] WebTransport: No WT-Protocol header in response, will use legacy version negotiation
E0908 01:46:06.763443     1 MoQFramer.cpp:1041] Server selected version draft-1 but we only offer draft-14 in legacy mode
E0908 01:46:06.763457     1 MoQCodec.cpp:126] Conn error=21
E0908 01:46:06.763460     1 MoQSession.cpp:5831] MoQCodec control stream parse error err=21
not ok 5 - publish-namespace-done
  ---
  duration_ms: 225
  error: coroutine operation cancelled
  ...
W0908 01:46:06.808192     1 MoQWebTransportClient.cpp:175] WebTransport: No WT-Protocol header in response, will use legacy version negotiation
E0908 01:46:06.828451     1 MoQFramer.cpp:1041] Server selected version draft-1 but we only offer draft-14 in legacy mode
E0908 01:46:06.828466     1 MoQCodec.cpp:126] Conn error=21
E0908 01:46:06.828469     1 MoQSession.cpp:5831] MoQCodec control stream parse error err=21
not ok 6 - subscribe-before-announce
  ---
  duration_ms: 64
  error: coroutine operation cancelled
  ...
make[1]: *** [Makefile:122: test-external] Error 1
make[1]: Leaving directory '/home/runner/work/moq-interop-runner/moq-interop-runner/main'
