make[1]: Entering directory '/home/runner/work/moq-interop-runner/moq-interop-runner/main'
Running tests against moqt://lminiero.it:9000...
  Client: ghcr.io/englishm/moq-interop-runner-moq-test-client:latest
docker run --rm \
	 \
	--network host \
	-e RELAY_URL=moqt://lminiero.it:9000 \
	-e TLS_DISABLE_VERIFY=false \
	ghcr.io/englishm/moq-interop-runner-moq-test-client:latest
TAP version 14
# moq-test-client v0.1.11
# Relay: moqt://lminiero.it:9000
1..8
[2m2026-08-15T01:05:24.793449Z[0m [32m INFO[0m [2mmoq_native_ietf::quic[0m[2m:[0m UDP socket bound [3mbind[0m[2m=[0m[::]:0 [3mlocal[0m[2m=[0m[::]:36457 [3mdual_stack[0m[2m=[0mtrue
[2m2026-08-15T01:05:25.479459Z[0m [31mERROR[0m [2mmoq_transport::session::reader[0m[2m:[0m [READER] decode: ERROR decoding moq_transport::setup::server::Server - InvalidMessage(33) (buffer_len=25)
not ok 1 - setup-only
  ---
  duration_ms: 686
  message: "SETUP exchange failed: decode error: invalid message: 33: invalid message: 33"
  ...
[2m2026-08-15T01:05:25.480399Z[0m [32m INFO[0m [2mmoq_native_ietf::quic[0m[2m:[0m UDP socket bound [3mbind[0m[2m=[0m[::]:0 [3mlocal[0m[2m=[0m[::]:43264 [3mdual_stack[0m[2m=[0mtrue
[2m2026-08-15T01:05:25.883081Z[0m [31mERROR[0m [2mmoq_transport::session::reader[0m[2m:[0m [READER] decode: ERROR decoding moq_transport::setup::server::Server - InvalidMessage(33) (buffer_len=25)
not ok 2 - publish-namespace-only
  ---
  duration_ms: 403
  message: "SETUP exchange failed: decode error: invalid message: 33: invalid message: 33"
  ...
[2m2026-08-15T01:05:25.884091Z[0m [32m INFO[0m [2mmoq_native_ietf::quic[0m[2m:[0m UDP socket bound [3mbind[0m[2m=[0m[::]:0 [3mlocal[0m[2m=[0m[::]:54863 [3mdual_stack[0m[2m=[0mtrue
[2m2026-08-15T01:05:26.702739Z[0m [31mERROR[0m [2mmoq_transport::session::reader[0m[2m:[0m [READER] decode: ERROR decoding moq_transport::setup::server::Server - InvalidMessage(33) (buffer_len=25)
not ok 3 - subscribe-error
  ---
  duration_ms: 819
  message: "SETUP exchange failed: decode error: invalid message: 33: invalid message: 33"
  ...
[2m2026-08-15T01:05:26.703631Z[0m [32m INFO[0m [2mmoq_native_ietf::quic[0m[2m:[0m UDP socket bound [3mbind[0m[2m=[0m[::]:0 [3mlocal[0m[2m=[0m[::]:57909 [3mdual_stack[0m[2m=[0mtrue
[2m2026-08-15T01:05:27.495659Z[0m [31mERROR[0m [2mmoq_transport::session::reader[0m[2m:[0m [READER] decode: ERROR decoding moq_transport::setup::server::Server - InvalidMessage(33) (buffer_len=25)
not ok 4 - publish-namespace-subscribe
  ---
  duration_ms: 792
  message: "publisher SETUP failed: decode error: invalid message: 33: invalid message: 33"
  ...
[2m2026-08-15T01:05:27.496647Z[0m [32m INFO[0m [2mmoq_native_ietf::quic[0m[2m:[0m UDP socket bound [3mbind[0m[2m=[0m[::]:0 [3mlocal[0m[2m=[0m[::]:35321 [3mdual_stack[0m[2m=[0mtrue
[2m2026-08-15T01:05:28.165173Z[0m [31mERROR[0m [2mmoq_transport::session::reader[0m[2m:[0m [READER] decode: ERROR decoding moq_transport::setup::server::Server - InvalidMessage(33) (buffer_len=25)
not ok 5 - subscribe-before-publish-namespace
  ---
  duration_ms: 669
  message: "subscriber SETUP failed: decode error: invalid message: 33: invalid message: 33"
  ...
[2m2026-08-15T01:05:28.166051Z[0m [32m INFO[0m [2mmoq_native_ietf::quic[0m[2m:[0m UDP socket bound [3mbind[0m[2m=[0m[::]:0 [3mlocal[0m[2m=[0m[::]:53116 [3mdual_stack[0m[2m=[0mtrue
[2m2026-08-15T01:05:28.565273Z[0m [31mERROR[0m [2mmoq_transport::session::reader[0m[2m:[0m [READER] decode: ERROR decoding moq_transport::setup::server::Server - InvalidMessage(33) (buffer_len=25)
not ok 6 - publish-namespace-done
  ---
  duration_ms: 400
  message: "SETUP exchange failed: decode error: invalid message: 33: invalid message: 33"
  ...
[2m2026-08-15T01:05:28.566177Z[0m [32m INFO[0m [2mmoq_native_ietf::quic[0m[2m:[0m UDP socket bound [3mbind[0m[2m=[0m[::]:0 [3mlocal[0m[2m=[0m[::]:45543 [3mdual_stack[0m[2m=[0mtrue
[2m2026-08-15T01:05:28.959379Z[0m [31mERROR[0m [2mmoq_transport::session::reader[0m[2m:[0m [READER] decode: ERROR decoding moq_transport::setup::server::Server - InvalidMessage(33) (buffer_len=25)
not ok 7 - publish-track-only
  ---
  duration_ms: 394
  message: "publisher SETUP failed: decode error: invalid message: 33: invalid message: 33"
  ...
[2m2026-08-15T01:05:28.960382Z[0m [32m INFO[0m [2mmoq_native_ietf::quic[0m[2m:[0m UDP socket bound [3mbind[0m[2m=[0m[::]:0 [3mlocal[0m[2m=[0m[::]:60116 [3mdual_stack[0m[2m=[0mtrue
[2m2026-08-15T01:05:29.375953Z[0m [31mERROR[0m [2mmoq_transport::session::reader[0m[2m:[0m [READER] decode: ERROR decoding moq_transport::setup::server::Server - InvalidMessage(33) (buffer_len=25)
not ok 8 - publish-track-subscribe
  ---
  duration_ms: 416
  message: "publisher SETUP failed: decode error: invalid message: 33: invalid message: 33"
  ...
make[1]: *** [Makefile:122: test-external] Error 1
make[1]: Leaving directory '/home/runner/work/moq-interop-runner/moq-interop-runner/main'
