make[1]: Entering directory '/home/runner/work/moq-interop-runner/moq-interop-runner/main'
Running tests against moqt://draft-18-interop.cloudflare.mediaoverquic.com:443...
  Client: ghcr.io/englishm/moq-interop-runner-moq-test-client-draft-18:latest
docker run --rm \
	 \
	--network host \
	-e RELAY_URL=moqt://draft-18-interop.cloudflare.mediaoverquic.com:443 \
	-e TLS_DISABLE_VERIFY=false \
	ghcr.io/englishm/moq-interop-runner-moq-test-client-draft-18:latest
TAP version 14
# moq-test-client v0.1.10
# Relay: moqt://draft-18-interop.cloudflare.mediaoverquic.com:443
1..6
[2m2026-08-15T00:40:55.748427Z[0m [32m INFO[0m [2mmoq_native_ietf::quic[0m[2m:[0m UDP socket bound [3mbind[0m[2m=[0m[::]:0 [3mlocal[0m[2m=[0m[::]:58265 [3mdual_stack[0m[2m=[0mtrue
[2m2026-08-15T00:40:56.060015Z[0m [32m INFO[0m [2mmoq_test_client::scenarios[0m[2m:[0m SETUP exchange completed successfully
ok 1 - setup-only
  ---
  duration_ms: 312
  connection_id: 9e8df9dc0e62ace72a0a7ee1f152326b
  ...
[2m2026-08-15T00:40:56.060918Z[0m [32m INFO[0m [2mmoq_native_ietf::quic[0m[2m:[0m UDP socket bound [3mbind[0m[2m=[0m[::]:0 [3mlocal[0m[2m=[0m[::]:56779 [3mdual_stack[0m[2m=[0mtrue
[2m2026-08-15T00:40:56.284318Z[0m [32m INFO[0m [2mmoq_test_client::scenarios[0m[2m:[0m Sending PUBLISH_NAMESPACE for: moq-test/interop
[2m2026-08-15T00:40:58.284980Z[0m [32m INFO[0m [2mmoq_test_client::scenarios[0m[2m:[0m PUBLISH_NAMESPACE succeeded (REQUEST_OK received, waiting for subscribers)
ok 2 - publish-namespace-only
  ---
  duration_ms: 2225
  connection_id: 98abf5a3d7b7012a6205f7e282fc1ab9
  ...
[2m2026-08-15T00:40:58.286135Z[0m [32m INFO[0m [2mmoq_native_ietf::quic[0m[2m:[0m UDP socket bound [3mbind[0m[2m=[0m[::]:0 [3mlocal[0m[2m=[0m[::]:39967 [3mdual_stack[0m[2m=[0mtrue
[2m2026-08-15T00:40:58.439516Z[0m [32m INFO[0m [2mmoq_test_client::scenarios[0m[2m:[0m Subscribing to non-existent track: nonexistent/namespace/test-track
[2m2026-08-15T00:40:58.486309Z[0m [33m WARN[0m [2mmoq_transport::serve::error[0m[2m:[0m [27a29daa-4048-4a0b-9564-58040f007c10] Not found: not found: Track not found [error:727a8f66-b48e-4221-9802-fef1989ebbd4] at moq-transport/src/session/subscriber.rs:483
[2m2026-08-15T00:40:58.486513Z[0m [32m INFO[0m [2mmoq_test_client::scenarios[0m[2m:[0m Got expected 'not found' error: not found: Track not found [error:27a29daa-4048-4a0b-9564-58040f007c10]
ok 3 - subscribe-error
  ---
  duration_ms: 201
  connection_id: 72ffdc1792792eb32b8b5876ab40e0c6
  ...
[2m2026-08-15T00:40:58.487322Z[0m [32m INFO[0m [2mmoq_native_ietf::quic[0m[2m:[0m UDP socket bound [3mbind[0m[2m=[0m[::]:0 [3mlocal[0m[2m=[0m[::]:39282 [3mdual_stack[0m[2m=[0mtrue
[2m2026-08-15T00:40:58.719373Z[0m [32m INFO[0m [2mmoq_native_ietf::quic[0m[2m:[0m UDP socket bound [3mbind[0m[2m=[0m[::]:0 [3mlocal[0m[2m=[0m[::]:54979 [3mdual_stack[0m[2m=[0mtrue
[2m2026-08-15T00:40:58.990949Z[0m [32m INFO[0m [2mmoq_test_client::scenarios[0m[2m:[0m Publisher sending PUBLISH_NAMESPACE: moq-test/interop
[2m2026-08-15T00:40:58.990979Z[0m [32m INFO[0m [2mmoq_test_client::scenarios[0m[2m:[0m Subscriber subscribing to track: moq-test/interop/test-track
[2m2026-08-15T00:40:59.037132Z[0m [33m WARN[0m [2mmoq_transport::serve::error[0m[2m:[0m [82d061d7-fbbb-4c0b-a33c-f688176215b8] Not found: not found: Track not found [error:98fb9a97-2f39-4dee-91c2-bdac7ce3b5e6] at moq-transport/src/session/subscriber.rs:483
[2m2026-08-15T00:40:59.037352Z[0m [32m INFO[0m [2mmoq_test_client::scenarios[0m[2m:[0m Subscriber got error: not found: Track not found [error:82d061d7-fbbb-4c0b-a33c-f688176215b8] - subscription was processed
ok 4 - publish-namespace-subscribe
  ---
  duration_ms: 550
  publisher_connection_id: bd3be7b1f0a67e68a1231d0a3e8268b3
  subscriber_connection_id: bb22cc8998aadc4db8517d7f35fb0c84
  ...
[2m2026-08-15T00:40:59.038219Z[0m [32m INFO[0m [2mmoq_native_ietf::quic[0m[2m:[0m UDP socket bound [3mbind[0m[2m=[0m[::]:0 [3mlocal[0m[2m=[0m[::]:51889 [3mdual_stack[0m[2m=[0mtrue
[2m2026-08-15T00:40:59.239252Z[0m [32m INFO[0m [2mmoq_test_client::scenarios[0m[2m:[0m Subscriber subscribing BEFORE PUBLISH_NAMESPACE: moq-test/interop/test-track
[2m2026-08-15T00:40:59.284768Z[0m [33m WARN[0m [2mmoq_transport::serve::error[0m[2m:[0m [c92241d5-9585-4f17-8b23-fa49dbafb31b] Not found: not found: Track not found [error:a1fdf09b-3b8f-4720-8da2-0494dcdb1a90] at moq-transport/src/session/subscriber.rs:483
[2m2026-08-15T00:40:59.741337Z[0m [32m INFO[0m [2mmoq_native_ietf::quic[0m[2m:[0m UDP socket bound [3mbind[0m[2m=[0m[::]:0 [3mlocal[0m[2m=[0m[::]:55733 [3mdual_stack[0m[2m=[0mtrue
[2m2026-08-15T00:40:59.940169Z[0m [32m INFO[0m [2mmoq_test_client::scenarios[0m[2m:[0m Publisher sending PUBLISH_NAMESPACE (after subscriber): moq-test/interop
[2m2026-08-15T00:41:02.940943Z[0m [32m INFO[0m [2mmoq_test_client::scenarios[0m[2m:[0m Publisher PUBLISH_NAMESPACE timeout (expected)
[2m2026-08-15T00:41:02.940973Z[0m [32m INFO[0m [2mmoq_test_client::scenarios[0m[2m:[0m Subscriber got error: not found: Track not found [error:c92241d5-9585-4f17-8b23-fa49dbafb31b] (may be expected)
ok 5 - subscribe-before-publish-namespace
  ---
  duration_ms: 3903
  subscriber_connection_id: 6527666c62ead21ab4336841acf7f9e3
  publisher_connection_id: 23fbee1e7209cbf632cf4498d4b47c91
  ...
[2m2026-08-15T00:41:02.942063Z[0m [32m INFO[0m [2mmoq_native_ietf::quic[0m[2m:[0m UDP socket bound [3mbind[0m[2m=[0m[::]:0 [3mlocal[0m[2m=[0m[::]:36225 [3mdual_stack[0m[2m=[0mtrue
[2m2026-08-15T00:41:03.223487Z[0m [32m INFO[0m [2mmoq_test_client::scenarios[0m[2m:[0m Sending PUBLISH_NAMESPACE: moq-test/interop
[2m2026-08-15T00:41:05.225174Z[0m [32m INFO[0m [2mmoq_test_client::scenarios[0m[2m:[0m PUBLISH_NAMESPACE active; sending PUBLISH_NAMESPACE_DONE
[2m2026-08-15T00:41:05.326155Z[0m [32m INFO[0m [2mmoq_test_client::scenarios[0m[2m:[0m PUBLISH_NAMESPACE_DONE sent successfully
ok 6 - publish-namespace-done
  ---
  duration_ms: 2385
  connection_id: e0936d97c46264590285dc47d2d79201
  ...
make[1]: Leaving directory '/home/runner/work/moq-interop-runner/moq-interop-runner/main'
