make[1]: Entering directory '/home/runner/work/moq-interop-runner/moq-interop-runner/main'
Running tests against https://lminiero.it:9000...
  Client: ghcr.io/englishm/moq-interop-runner-moq-test-client-draft-18:latest
docker run --rm \
	 \
	--network host \
	-e RELAY_URL=https://lminiero.it:9000 \
	-e TLS_DISABLE_VERIFY=false \
	ghcr.io/englishm/moq-interop-runner-moq-test-client-draft-18:latest
TAP version 14
# moq-test-client v0.1.10
# Relay: https://lminiero.it:9000/
1..6
[2m2026-08-15T00:39:25.948933Z[0m [32m INFO[0m [2mmoq_native_ietf::quic[0m[2m:[0m UDP socket bound [3mbind[0m[2m=[0m[::]:0 [3mlocal[0m[2m=[0m[::]:45968 [3mdual_stack[0m[2m=[0mtrue
[2m2026-08-15T00:39:26.790300Z[0m [32m INFO[0m [2mmoq_test_client::scenarios[0m[2m:[0m SETUP exchange completed successfully
ok 1 - setup-only
  ---
  duration_ms: 842
  connection_id: 3e13f8ddaaec5c5637aee01d1f86f548
  ...
[2m2026-08-15T00:39:26.791331Z[0m [32m INFO[0m [2mmoq_native_ietf::quic[0m[2m:[0m UDP socket bound [3mbind[0m[2m=[0m[::]:0 [3mlocal[0m[2m=[0m[::]:37193 [3mdual_stack[0m[2m=[0mtrue
[2m2026-08-15T00:39:27.584694Z[0m [32m INFO[0m [2mmoq_test_client::scenarios[0m[2m:[0m Sending PUBLISH_NAMESPACE for: moq-test/interop
[2m2026-08-15T00:39:29.585966Z[0m [32m INFO[0m [2mmoq_test_client::scenarios[0m[2m:[0m PUBLISH_NAMESPACE succeeded (REQUEST_OK received, waiting for subscribers)
ok 2 - publish-namespace-only
  ---
  duration_ms: 2795
  connection_id: cc0238c299b68375579c23c2ad292a81
  ...
[2m2026-08-15T00:39:29.587003Z[0m [32m INFO[0m [2mmoq_native_ietf::quic[0m[2m:[0m UDP socket bound [3mbind[0m[2m=[0m[::]:0 [3mlocal[0m[2m=[0m[::]:44280 [3mdual_stack[0m[2m=[0mtrue
[2m2026-08-15T00:39:30.528042Z[0m [32m INFO[0m [2mmoq_test_client::scenarios[0m[2m:[0m Subscribing to non-existent track: nonexistent/namespace/test-track
[2m2026-08-15T00:39:30.683943Z[0m [33m WARN[0m [2mmoq_transport::serve::error[0m[2m:[0m [36f82423-302d-452e-b23d-77326cf693bd] Not found: Namespace not found at moq-transport/src/session/subscriber.rs:483
[2m2026-08-15T00:39:30.683969Z[0m [33m WARN[0m [2mmoq_transport::session::reader[0m[2m:[0m [READER] decode: stream ended while waiting for data (have=0 bytes, need=1)
[2m2026-08-15T00:39:30.684012Z[0m [32m INFO[0m [2mmoq_test_client::scenarios[0m[2m:[0m Got expected 'not found' error: not found: Track not found [error:36f82423-302d-452e-b23d-77326cf693bd]
ok 3 - subscribe-error
  ---
  duration_ms: 1097
  connection_id: 1eb3112f8e931b04ef5223dd4a7d467e
  ...
[2m2026-08-15T00:39:30.684955Z[0m [32m INFO[0m [2mmoq_native_ietf::quic[0m[2m:[0m UDP socket bound [3mbind[0m[2m=[0m[::]:0 [3mlocal[0m[2m=[0m[::]:42680 [3mdual_stack[0m[2m=[0mtrue
[2m2026-08-15T00:39:31.499445Z[0m [32m INFO[0m [2mmoq_native_ietf::quic[0m[2m:[0m UDP socket bound [3mbind[0m[2m=[0m[::]:0 [3mlocal[0m[2m=[0m[::]:33922 [3mdual_stack[0m[2m=[0mtrue
[2m2026-08-15T00:39:32.066857Z[0m [32m INFO[0m [2mmoq_test_client::scenarios[0m[2m:[0m Publisher sending PUBLISH_NAMESPACE: moq-test/interop
[2m2026-08-15T00:39:32.066887Z[0m [32m INFO[0m [2mmoq_test_client::scenarios[0m[2m:[0m Subscriber subscribing to track: moq-test/interop/test-track
[2m2026-08-15T00:39:35.067480Z[0m [32m INFO[0m [2mmoq_test_client::scenarios[0m[2m:[0m Test timeout reached - subscription routing may still be in progress
ok 4 - publish-namespace-subscribe
  ---
  duration_ms: 4383
  publisher_connection_id: 5cff654b7407feb12f83d5df543fb55d
  subscriber_connection_id: 80bc072a9fac9e59560dcab5a8ddeb01
  ...
[2m2026-08-15T00:39:35.068720Z[0m [32m INFO[0m [2mmoq_native_ietf::quic[0m[2m:[0m UDP socket bound [3mbind[0m[2m=[0m[::]:0 [3mlocal[0m[2m=[0m[::]:45866 [3mdual_stack[0m[2m=[0mtrue
[2m2026-08-15T00:39:35.978084Z[0m [32m INFO[0m [2mmoq_test_client::scenarios[0m[2m:[0m Subscriber subscribing BEFORE PUBLISH_NAMESPACE: moq-test/interop/test-track
[2m2026-08-15T00:39:36.115579Z[0m [33m WARN[0m [2mmoq_transport::serve::error[0m[2m:[0m [e79389c1-b807-43b2-b98c-747e9e8b7200] Not found: Namespace not found at moq-transport/src/session/subscriber.rs:483
[2m2026-08-15T00:39:36.115606Z[0m [33m WARN[0m [2mmoq_transport::session::reader[0m[2m:[0m [READER] decode: stream ended while waiting for data (have=0 bytes, need=1)
[2m2026-08-15T00:39:36.480495Z[0m [32m INFO[0m [2mmoq_native_ietf::quic[0m[2m:[0m UDP socket bound [3mbind[0m[2m=[0m[::]:0 [3mlocal[0m[2m=[0m[::]:36989 [3mdual_stack[0m[2m=[0mtrue
[2m2026-08-15T00:39:37.284948Z[0m [32m INFO[0m [2mmoq_test_client::scenarios[0m[2m:[0m Publisher sending PUBLISH_NAMESPACE (after subscriber): moq-test/interop
[2m2026-08-15T00:39:40.286179Z[0m [32m INFO[0m [2mmoq_test_client::scenarios[0m[2m:[0m Publisher PUBLISH_NAMESPACE timeout (expected)
[2m2026-08-15T00:39:40.286207Z[0m [32m INFO[0m [2mmoq_test_client::scenarios[0m[2m:[0m Subscriber got error: not found: Track not found [error:e79389c1-b807-43b2-b98c-747e9e8b7200] (may be expected)
ok 5 - subscribe-before-publish-namespace
  ---
  duration_ms: 5218
  subscriber_connection_id: 8f1d12e0e73598d71d5dd0155089d9dc
  publisher_connection_id: 5dc68f92755b852966d0bfe15abb35d1
  ...
[2m2026-08-15T00:39:40.287386Z[0m [32m INFO[0m [2mmoq_native_ietf::quic[0m[2m:[0m UDP socket bound [3mbind[0m[2m=[0m[::]:0 [3mlocal[0m[2m=[0m[::]:35172 [3mdual_stack[0m[2m=[0mtrue
[2m2026-08-15T00:39:40.850029Z[0m [32m INFO[0m [2mmoq_test_client::scenarios[0m[2m:[0m Sending PUBLISH_NAMESPACE: moq-test/interop
[2m2026-08-15T00:39:42.851846Z[0m [32m INFO[0m [2mmoq_test_client::scenarios[0m[2m:[0m PUBLISH_NAMESPACE active; sending PUBLISH_NAMESPACE_DONE
[2m2026-08-15T00:39:42.952281Z[0m [32m INFO[0m [2mmoq_test_client::scenarios[0m[2m:[0m PUBLISH_NAMESPACE_DONE sent successfully
ok 6 - publish-namespace-done
  ---
  duration_ms: 2665
  connection_id: 5ce5ed1bab50b976db7d9025bb51d69f
  ...
make[1]: Leaving directory '/home/runner/work/moq-interop-runner/moq-interop-runner/main'
