make[1]: Entering directory '/home/runner/work/moq-interop-runner/moq-interop-runner/main'
Running tests against moqt://fb.mvfst.net:9448...
  Client: ghcr.io/englishm/moq-interop-runner-moq-test-client-draft-18:latest
docker run --rm \
	 \
	--network host \
	-e RELAY_URL=moqt://fb.mvfst.net:9448 \
	-e TLS_DISABLE_VERIFY=1 \
	ghcr.io/englishm/moq-interop-runner-moq-test-client-draft-18:latest
TAP version 14
# moq-test-client v0.1.12
# Relay: moqt://fb.mvfst.net:9448
1..18
[2m2026-09-27T00:55:02.836509Z[0m [32m INFO[0m [2mmoq_native_ietf::quic[0m[2m:[0m UDP socket bound [3mbind[0m[2m=[0m[::]:0 [3mlocal[0m[2m=[0m[::]:44941 [3mdual_stack[0m[2m=[0mtrue
[2m2026-09-27T00:55:02.908072Z[0m [32m INFO[0m [2mmoq_test_client::scenarios[0m[2m:[0m SETUP exchange completed successfully
ok 1 - setup-only
  ---
  duration_ms: 72
  connection_id: e169c0f8922ebad552f5b0e28a9f94d3
  ...
[2m2026-09-27T00:55:02.908790Z[0m [32m INFO[0m [2mmoq_native_ietf::quic[0m[2m:[0m UDP socket bound [3mbind[0m[2m=[0m[::]:0 [3mlocal[0m[2m=[0m[::]:40110 [3mdual_stack[0m[2m=[0mtrue
[2m2026-09-27T00:55:02.980357Z[0m [32m INFO[0m [2mmoq_test_client::scenarios[0m[2m:[0m Sending PUBLISH_NAMESPACE for: moq-test/interop
[2m2026-09-27T00:55:04.981911Z[0m [32m INFO[0m [2mmoq_test_client::scenarios[0m[2m:[0m PUBLISH_NAMESPACE succeeded (REQUEST_OK received, waiting for subscribers)
ok 2 - publish-namespace-only
  ---
  duration_ms: 2073
  connection_id: 41733db5cc0a821ccdb18a8cad913e67
  ...
[2m2026-09-27T00:55:04.982723Z[0m [32m INFO[0m [2mmoq_native_ietf::quic[0m[2m:[0m UDP socket bound [3mbind[0m[2m=[0m[::]:0 [3mlocal[0m[2m=[0m[::]:35614 [3mdual_stack[0m[2m=[0mtrue
[2m2026-09-27T00:55:05.052878Z[0m [32m INFO[0m [2mmoq_test_client::scenarios[0m[2m:[0m Subscribing to non-existent track: nonexistent/namespace/test-track
[2m2026-09-27T00:55:05.117509Z[0m [33m WARN[0m [2mmoq_transport::serve::error[0m[2m:[0m [e099609d-5f5e-41d0-b131-f88d4b0e7163] Not found: no such namespace or track at moq-transport/src/session/subscriber.rs:1653
[2m2026-09-27T00:55:05.117569Z[0m [32m INFO[0m [2mmoq_test_client::scenarios[0m[2m:[0m Got expected 'not found' error: not found: Track not found [error:e099609d-5f5e-41d0-b131-f88d4b0e7163]
ok 3 - subscribe-error
  ---
  duration_ms: 135
  connection_id: 7d29c5753ba8321c7d39f6c92cf9c4ff
  ...
[2m2026-09-27T00:55:05.118318Z[0m [32m INFO[0m [2mmoq_native_ietf::quic[0m[2m:[0m UDP socket bound [3mbind[0m[2m=[0m[::]:0 [3mlocal[0m[2m=[0m[::]:35196 [3mdual_stack[0m[2m=[0mtrue
[2m2026-09-27T00:55:05.191595Z[0m [32m INFO[0m [2mmoq_native_ietf::quic[0m[2m:[0m UDP socket bound [3mbind[0m[2m=[0m[::]:0 [3mlocal[0m[2m=[0m[::]:56851 [3mdual_stack[0m[2m=[0mtrue
[2m2026-09-27T00:55:05.271245Z[0m [32m INFO[0m [2mmoq_test_client::scenarios[0m[2m:[0m Publisher sending PUBLISH_NAMESPACE: moq-test/interop
[2m2026-09-27T00:55:05.271258Z[0m [32m INFO[0m [2mmoq_test_client::scenarios[0m[2m:[0m Subscriber subscribing to track: moq-test/interop/test-track
[2m2026-09-27T00:55:08.272307Z[0m [32m INFO[0m [2mmoq_test_client::scenarios[0m[2m:[0m Test timeout reached - subscription routing may still be in progress
ok 4 - publish-namespace-subscribe
  ---
  duration_ms: 3154
  publisher_connection_id: 696ed952b2c222e387d499a757602748
  subscriber_connection_id: abfcf2ce21396b52b9002112ca807ec7
  ...
[2m2026-09-27T00:55:08.272989Z[0m [32m INFO[0m [2mmoq_native_ietf::quic[0m[2m:[0m UDP socket bound [3mbind[0m[2m=[0m[::]:0 [3mlocal[0m[2m=[0m[::]:37630 [3mdual_stack[0m[2m=[0mtrue
[2m2026-09-27T00:55:08.372822Z[0m [32m INFO[0m [2mmoq_test_client::scenarios[0m[2m:[0m Subscriber subscribing BEFORE PUBLISH_NAMESPACE: moq-test/interop/test-track
[2m2026-09-27T00:55:08.437594Z[0m [33m WARN[0m [2mmoq_transport::serve::error[0m[2m:[0m [1624e5f4-ac14-4787-9643-7c4c41c3bd87] Not found: no such namespace or track at moq-transport/src/session/subscriber.rs:1653
[2m2026-09-27T00:55:08.874720Z[0m [32m INFO[0m [2mmoq_native_ietf::quic[0m[2m:[0m UDP socket bound [3mbind[0m[2m=[0m[::]:0 [3mlocal[0m[2m=[0m[::]:58483 [3mdual_stack[0m[2m=[0mtrue
[2m2026-09-27T00:55:08.945302Z[0m [32m INFO[0m [2mmoq_test_client::scenarios[0m[2m:[0m Publisher sending PUBLISH_NAMESPACE (after subscriber): moq-test/interop
[2m2026-09-27T00:55:11.946587Z[0m [32m INFO[0m [2mmoq_test_client::scenarios[0m[2m:[0m Publisher PUBLISH_NAMESPACE timeout (expected)
[2m2026-09-27T00:55:11.946624Z[0m [32m INFO[0m [2mmoq_test_client::scenarios[0m[2m:[0m Subscriber got error: not found: Track not found [error:1624e5f4-ac14-4787-9643-7c4c41c3bd87] (may be expected)
ok 5 - subscribe-before-publish-namespace
  ---
  duration_ms: 3674
  subscriber_connection_id: 29120e8fb2357aaffad0713ceda159fb
  publisher_connection_id: 123f0341106f485df5f52edf5dbcd756
  ...
[2m2026-09-27T00:55:11.947428Z[0m [32m INFO[0m [2mmoq_native_ietf::quic[0m[2m:[0m UDP socket bound [3mbind[0m[2m=[0m[::]:0 [3mlocal[0m[2m=[0m[::]:35038 [3mdual_stack[0m[2m=[0mtrue
[2m2026-09-27T00:55:12.020049Z[0m [32m INFO[0m [2mmoq_test_client::scenarios[0m[2m:[0m Sending PUBLISH_NAMESPACE: moq-test/interop
[2m2026-09-27T00:55:14.021373Z[0m [32m INFO[0m [2mmoq_test_client::scenarios[0m[2m:[0m PUBLISH_NAMESPACE active; sending PUBLISH_NAMESPACE_DONE
ok 6 - publish-namespace-done
  ---
  duration_ms: 2175
  connection_id: d4e7fb17644588fd4c8bff377eda1f76
  ...
[2m2026-09-27T00:55:14.122355Z[0m [32m INFO[0m [2mmoq_test_client::scenarios[0m[2m:[0m PUBLISH_NAMESPACE_DONE sent successfully
[2m2026-09-27T00:55:14.123065Z[0m [32m INFO[0m [2mmoq_native_ietf::quic[0m[2m:[0m UDP socket bound [3mbind[0m[2m=[0m[::]:0 [3mlocal[0m[2m=[0m[::]:60772 [3mdual_stack[0m[2m=[0mtrue
[2m2026-09-27T00:55:14.197411Z[0m [32m INFO[0m [2mmoq_test_client::scenarios[0m[2m:[0m Publisher sending direct PUBLISH [3mnamespace[0m[2m=[0m/moq-test/publish [3mtrack[0m[2m=[0m"published-track"
[2m2026-09-27T00:55:14.262789Z[0m [32m INFO[0m [2mmoq_test_client::scenarios[0m[2m:[0m PUBLISH accepted [3mnamespace[0m[2m=[0m/moq-test/publish [3mtrack[0m[2m=[0m"published-track"
[2m2026-09-27T00:55:14.262861Z[0m [32m INFO[0m [2mmoq_test_client::scenarios[0m[2m:[0m PUBLISH completed [3mnamespace[0m[2m=[0m/moq-test/publish [3mtrack[0m[2m=[0m"published-track"
ok 7 - publish-track-only
  ---
  duration_ms: 140
  connection_id: 3c0d48e6e10a19ecc3a6bf5d1a177d71
  ...
[2m2026-09-27T00:55:14.263553Z[0m [32m INFO[0m [2mmoq_native_ietf::quic[0m[2m:[0m UDP socket bound [3mbind[0m[2m=[0m[::]:0 [3mlocal[0m[2m=[0m[::]:45822 [3mdual_stack[0m[2m=[0mtrue
[2m2026-09-27T00:55:14.335634Z[0m [32m INFO[0m [2mmoq_native_ietf::quic[0m[2m:[0m UDP socket bound [3mbind[0m[2m=[0m[::]:0 [3mlocal[0m[2m=[0m[::]:45513 [3mdual_stack[0m[2m=[0mtrue
[2m2026-09-27T00:55:14.409852Z[0m [32m INFO[0m [2mmoq_test_client::scenarios[0m[2m:[0m Publisher sending direct PUBLISH before subscriber subscribes [3mnamespace[0m[2m=[0m/moq-test/publish [3mtrack[0m[2m=[0m"published-track"
[2m2026-09-27T00:55:14.476111Z[0m [32m INFO[0m [2mmoq_test_client::scenarios[0m[2m:[0m PUBLISH accepted; starting subscriber [3mnamespace[0m[2m=[0m/moq-test/publish [3mtrack[0m[2m=[0m"published-track"
[2m2026-09-27T00:55:14.538819Z[0m [33m WARN[0m [2mmoq_transport::session[0m[2m:[0m unexpected bidi response message type [3mmsg_type[0m[2m=[0m2
[2m2026-09-27T00:55:14.538846Z[0m [33m WARN[0m [2mmoq_transport::serve::error[0m[2m:[0m [227d71df-0d97-4601-9f0b-b65e68f11d30] Not implemented: bidi response type 0x2 at moq-transport/src/session/error.rs:89
not ok 8 - publish-track-subscribe
  ---
  duration_ms: 314
  message: "failed serving PUBLISH track: serve error: cancelled: cancelled"
  ...
[2m2026-09-27T00:55:14.577838Z[0m [32m INFO[0m [2mmoq_native_ietf::quic[0m[2m:[0m UDP socket bound [3mbind[0m[2m=[0m[::]:0 [3mlocal[0m[2m=[0m[::]:59574 [3mdual_stack[0m[2m=[0mtrue
[2m2026-09-27T00:55:14.656899Z[0m [32m INFO[0m [2mmoq_test_client::scenarios[0m[2m:[0m Subscribing with RENDEZVOUS_TIMEOUT to a track with no publisher [3mtimeout_ms[0m[2m=[0m500
ok 9 - rendezvous-timeout
  ---
  duration_ms: 649
  connection_id: 736fc36759f46174bbebddf8959d7e20
  ...
[2m2026-09-27T00:55:15.226210Z[0m [32m INFO[0m [2mmoq_test_client::scenarios[0m[2m:[0m Received expected REQUEST_ERROR TIMEOUT
[2m2026-09-27T00:55:15.226912Z[0m [32m INFO[0m [2mmoq_native_ietf::quic[0m[2m:[0m UDP socket bound [3mbind[0m[2m=[0m[::]:0 [3mlocal[0m[2m=[0m[::]:39608 [3mdual_stack[0m[2m=[0mtrue
[2m2026-09-27T00:55:15.502110Z[0m [32m INFO[0m [2mmoq_native_ietf::quic[0m[2m:[0m UDP socket bound [3mbind[0m[2m=[0m[::]:0 [3mlocal[0m[2m=[0m[::]:38476 [3mdual_stack[0m[2m=[0mtrue
[2m2026-09-27T00:55:15.641128Z[0m [33m WARN[0m [2mmoq_transport::session[0m[2m:[0m unexpected bidi response message type [3mmsg_type[0m[2m=[0m2
[2m2026-09-27T00:55:15.641151Z[0m [33m WARN[0m [2mmoq_transport::serve::error[0m[2m:[0m [8617d102-f117-404c-858c-c460ca374ade] Not implemented: bidi response type 0x2 at moq-transport/src/session/error.rs:89
[2m2026-09-27T00:55:15.644035Z[0m [32m INFO[0m [2mmoq_test_client::moqtest[0m[2m:[0m PUBLISH accepted and subscription bound; generating objects [3mobjects[0m[2m=[0m15 [3mstreams[0m[2m=[0m3
not ok 10 - moq-test-subgroup-per-group
  ---
  duration_ms: 433
  message: "failed to create subgroup: cancelled"
  ...
[2m2026-09-27T00:55:15.660401Z[0m [32m INFO[0m [2mmoq_native_ietf::quic[0m[2m:[0m UDP socket bound [3mbind[0m[2m=[0m[::]:0 [3mlocal[0m[2m=[0m[::]:45089 [3mdual_stack[0m[2m=[0mtrue
[2m2026-09-27T00:55:15.934420Z[0m [32m INFO[0m [2mmoq_native_ietf::quic[0m[2m:[0m UDP socket bound [3mbind[0m[2m=[0m[::]:0 [3mlocal[0m[2m=[0m[::]:45911 [3mdual_stack[0m[2m=[0mtrue
[2m2026-09-27T00:55:16.072731Z[0m [32m INFO[0m [2mmoq_test_client::moqtest[0m[2m:[0m PUBLISH accepted and subscription bound; generating objects [3mobjects[0m[2m=[0m15 [3mstreams[0m[2m=[0m3
not ok 11 - moq-test-subgroup-per-group-eog
  ---
  duration_ms: 432
  message: "failed to create subgroup: cancelled"
  ...
[2m2026-09-27T00:55:16.093035Z[0m [32m INFO[0m [2mmoq_native_ietf::quic[0m[2m:[0m UDP socket bound [3mbind[0m[2m=[0m[::]:0 [3mlocal[0m[2m=[0m[::]:54151 [3mdual_stack[0m[2m=[0mtrue
[2m2026-09-27T00:55:16.368109Z[0m [32m INFO[0m [2mmoq_native_ietf::quic[0m[2m:[0m UDP socket bound [3mbind[0m[2m=[0m[::]:0 [3mlocal[0m[2m=[0m[::]:33665 [3mdual_stack[0m[2m=[0mtrue
[2m2026-09-27T00:55:16.507344Z[0m [32m INFO[0m [2mmoq_test_client::moqtest[0m[2m:[0m PUBLISH accepted and subscription bound; generating objects [3mobjects[0m[2m=[0m8 [3mstreams[0m[2m=[0m8
not ok 12 - moq-test-subgroup-per-object
  ---
  duration_ms: 418
  message: "failed to create subgroup: cancelled"
  ...
[2m2026-09-27T00:55:16.511192Z[0m [32m INFO[0m [2mmoq_native_ietf::quic[0m[2m:[0m UDP socket bound [3mbind[0m[2m=[0m[::]:0 [3mlocal[0m[2m=[0m[::]:58777 [3mdual_stack[0m[2m=[0mtrue
[2m2026-09-27T00:55:16.786395Z[0m [32m INFO[0m [2mmoq_native_ietf::quic[0m[2m:[0m UDP socket bound [3mbind[0m[2m=[0m[::]:0 [3mlocal[0m[2m=[0m[::]:33670 [3mdual_stack[0m[2m=[0mtrue
[2m2026-09-27T00:55:16.928656Z[0m [32m INFO[0m [2mmoq_test_client::moqtest[0m[2m:[0m PUBLISH accepted and subscription bound; generating objects [3mobjects[0m[2m=[0m18 [3mstreams[0m[2m=[0m6
not ok 13 - moq-test-two-subgroups-eog
  ---
  duration_ms: 439
  message: "failed to create subgroup 0: cancelled"
  ...
[2m2026-09-27T00:55:16.950301Z[0m [32m INFO[0m [2mmoq_native_ietf::quic[0m[2m:[0m UDP socket bound [3mbind[0m[2m=[0m[::]:0 [3mlocal[0m[2m=[0m[::]:54091 [3mdual_stack[0m[2m=[0mtrue
[2m2026-09-27T00:55:17.227206Z[0m [32m INFO[0m [2mmoq_native_ietf::quic[0m[2m:[0m UDP socket bound [3mbind[0m[2m=[0m[::]:0 [3mlocal[0m[2m=[0m[::]:33532 [3mdual_stack[0m[2m=[0mtrue
[2m2026-09-27T00:55:17.365517Z[0m [33m WARN[0m [2mmoq_transport::session[0m[2m:[0m unexpected bidi response message type [3mmsg_type[0m[2m=[0m2
[2m2026-09-27T00:55:17.365541Z[0m [33m WARN[0m [2mmoq_transport::serve::error[0m[2m:[0m [b7aebb70-1989-4331-a60e-ef46800b4f30] Not implemented: bidi response type 0x2 at moq-transport/src/session/error.rs:89
[2m2026-09-27T00:55:17.367715Z[0m [32m INFO[0m [2mmoq_test_client::moqtest[0m[2m:[0m PUBLISH accepted and subscription bound; generating objects [3mobjects[0m[2m=[0m15 [3mstreams[0m[2m=[0m0
not ok 14 - moq-test-datagram
  ---
  duration_ms: 438
  message: "failed to write datagram: cancelled"
  ...
[2m2026-09-27T00:55:17.388559Z[0m [32m INFO[0m [2mmoq_native_ietf::quic[0m[2m:[0m UDP socket bound [3mbind[0m[2m=[0m[::]:0 [3mlocal[0m[2m=[0m[::]:42351 [3mdual_stack[0m[2m=[0mtrue
[2m2026-09-27T00:55:17.664687Z[0m [32m INFO[0m [2mmoq_native_ietf::quic[0m[2m:[0m UDP socket bound [3mbind[0m[2m=[0m[::]:0 [3mlocal[0m[2m=[0m[::]:46574 [3mdual_stack[0m[2m=[0mtrue
[2m2026-09-27T00:55:17.800828Z[0m [33m WARN[0m [2mmoq_transport::session[0m[2m:[0m unexpected bidi response message type [3mmsg_type[0m[2m=[0m2
[2m2026-09-27T00:55:17.800848Z[0m [33m WARN[0m [2mmoq_transport::serve::error[0m[2m:[0m [e6ec6adb-0d66-4bd5-a289-5da24d840e78] Not implemented: bidi response type 0x2 at moq-transport/src/session/error.rs:89
[2m2026-09-27T00:55:17.802951Z[0m [32m INFO[0m [2mmoq_test_client::moqtest[0m[2m:[0m PUBLISH accepted and subscription bound; generating objects [3mobjects[0m[2m=[0m15 [3mstreams[0m[2m=[0m0
not ok 15 - moq-test-datagram-eog
  ---
  duration_ms: 436
  message: "failed to write datagram: cancelled"
  ...
[2m2026-09-27T00:55:17.824868Z[0m [32m INFO[0m [2mmoq_native_ietf::quic[0m[2m:[0m UDP socket bound [3mbind[0m[2m=[0m[::]:0 [3mlocal[0m[2m=[0m[::]:46007 [3mdual_stack[0m[2m=[0mtrue
[2m2026-09-27T00:55:18.465167Z[0m [32m INFO[0m [2mmoq_native_ietf::quic[0m[2m:[0m UDP socket bound [3mbind[0m[2m=[0m[::]:0 [3mlocal[0m[2m=[0m[::]:50471 [3mdual_stack[0m[2m=[0mtrue
[2m2026-09-27T00:55:18.600779Z[0m [32m INFO[0m [2mmoq_test_client::moqtest[0m[2m:[0m PUBLISH accepted and subscription bound; generating objects [3mobjects[0m[2m=[0m15 [3mstreams[0m[2m=[0m3
not ok 16 - moq-test-extensions
  ---
  duration_ms: 796
  message: "failed to create subgroup: cancelled"
  ...
[2m2026-09-27T00:55:18.621224Z[0m [32m INFO[0m [2mmoq_native_ietf::quic[0m[2m:[0m UDP socket bound [3mbind[0m[2m=[0m[::]:0 [3mlocal[0m[2m=[0m[::]:41546 [3mdual_stack[0m[2m=[0mtrue
[2m2026-09-27T00:55:18.893689Z[0m [32m INFO[0m [2mmoq_native_ietf::quic[0m[2m:[0m UDP socket bound [3mbind[0m[2m=[0m[::]:0 [3mlocal[0m[2m=[0m[::]:37660 [3mdual_stack[0m[2m=[0mtrue
[2m2026-09-27T00:55:19.032934Z[0m [32m INFO[0m [2mmoq_test_client::moqtest[0m[2m:[0m PUBLISH accepted and subscription bound; generating objects [3mobjects[0m[2m=[0m9 [3mstreams[0m[2m=[0m3
not ok 17 - moq-test-increments
  ---
  duration_ms: 421
  message: "failed to create subgroup: cancelled"
  ...
[2m2026-09-27T00:55:19.042947Z[0m [32m INFO[0m [2mmoq_native_ietf::quic[0m[2m:[0m UDP socket bound [3mbind[0m[2m=[0m[::]:0 [3mlocal[0m[2m=[0m[::]:37965 [3mdual_stack[0m[2m=[0mtrue
[2m2026-09-27T00:55:19.326312Z[0m [32m INFO[0m [2mmoq_native_ietf::quic[0m[2m:[0m UDP socket bound [3mbind[0m[2m=[0m[::]:0 [3mlocal[0m[2m=[0m[::]:54559 [3mdual_stack[0m[2m=[0mtrue
[2m2026-09-27T00:55:19.474687Z[0m [32m INFO[0m [2mmoq_test_client::moqtest[0m[2m:[0m PUBLISH accepted and subscription bound; generating objects [3mobjects[0m[2m=[0m6 [3mstreams[0m[2m=[0m2
not ok 18 - moq-test-forward-zero
  ---
  duration_ms: 440
  message: "failed to create subgroup: cancelled"
  ...
make[1]: *** [Makefile:122: test-external] Error 1
make[1]: Leaving directory '/home/runner/work/moq-interop-runner/moq-interop-runner/main'
