make[1]: Entering directory '/home/runner/work/moq-interop-runner/moq-interop-runner/main'
Running tests against https://fb.mvfst.net:9448/moq-relay...
  Client: ghcr.io/englishm/moq-interop-runner-moq-test-client-draft-18:latest
docker run --rm \
	 \
	--network host \
	-e RELAY_URL=https://fb.mvfst.net:9448/moq-relay \
	-e TLS_DISABLE_VERIFY=1 \
	ghcr.io/englishm/moq-interop-runner-moq-test-client-draft-18:latest
TAP version 14
# moq-test-client v0.1.12
# Relay: https://fb.mvfst.net:9448/moq-relay
1..18
[2m2026-09-17T00:54:02.475620Z[0m [32m INFO[0m [2mmoq_native_ietf::quic[0m[2m:[0m UDP socket bound [3mbind[0m[2m=[0m[::]:0 [3mlocal[0m[2m=[0m[::]:49566 [3mdual_stack[0m[2m=[0mtrue
[2m2026-09-17T00:54:02.600599Z[0m [32m INFO[0m [2mmoq_test_client::scenarios[0m[2m:[0m SETUP exchange completed successfully
ok 1 - setup-only
  ---
  duration_ms: 125
  connection_id: 936d6bbdd926737c1a51073055942f15
  ...
[2m2026-09-17T00:54:02.601234Z[0m [32m INFO[0m [2mmoq_native_ietf::quic[0m[2m:[0m UDP socket bound [3mbind[0m[2m=[0m[::]:0 [3mlocal[0m[2m=[0m[::]:54720 [3mdual_stack[0m[2m=[0mtrue
[2m2026-09-17T00:54:02.625005Z[0m [33m WARN[0m [2mweb_transport_quinn::session[0m[2m:[0m failed to read capsule [3me[0m[2m=[0mUnexpectedEnd
[2m2026-09-17T00:54:02.720155Z[0m [32m INFO[0m [2mmoq_test_client::scenarios[0m[2m:[0m Sending PUBLISH_NAMESPACE for: moq-test/interop
[2m2026-09-17T00:54:04.722337Z[0m [32m INFO[0m [2mmoq_test_client::scenarios[0m[2m:[0m PUBLISH_NAMESPACE succeeded (REQUEST_OK received, waiting for subscribers)
ok 2 - publish-namespace-only
  ---
  duration_ms: 2121
  connection_id: ff4736e0a926abe1a89f98d8c0c23f55
  ...
[2m2026-09-17T00:54:04.723015Z[0m [32m INFO[0m [2mmoq_native_ietf::quic[0m[2m:[0m UDP socket bound [3mbind[0m[2m=[0m[::]:0 [3mlocal[0m[2m=[0m[::]:51283 [3mdual_stack[0m[2m=[0mtrue
[2m2026-09-17T00:54:04.744176Z[0m [33m WARN[0m [2mweb_transport_quinn::session[0m[2m:[0m failed to read capsule [3me[0m[2m=[0mUnexpectedEnd
[2m2026-09-17T00:54:04.836655Z[0m [32m INFO[0m [2mmoq_test_client::scenarios[0m[2m:[0m Subscribing to non-existent track: nonexistent/namespace/test-track
[2m2026-09-17T00:54:04.859404Z[0m [33m WARN[0m [2mmoq_transport::serve::error[0m[2m:[0m [901da8da-d063-4aeb-9c15-bec1638f2d2e] Not found: no such namespace or track at moq-transport/src/session/subscriber.rs:1653
[2m2026-09-17T00:54:04.859486Z[0m [32m INFO[0m [2mmoq_test_client::scenarios[0m[2m:[0m Got expected 'not found' error: not found: Track not found [error:901da8da-d063-4aeb-9c15-bec1638f2d2e]
ok 3 - subscribe-error
  ---
  duration_ms: 137
  connection_id: fa10a52a907d0edecd7be0a5d619a49c
  ...
[2m2026-09-17T00:54:04.860046Z[0m [32m INFO[0m [2mmoq_native_ietf::quic[0m[2m:[0m UDP socket bound [3mbind[0m[2m=[0m[::]:0 [3mlocal[0m[2m=[0m[::]:60228 [3mdual_stack[0m[2m=[0mtrue
[2m2026-09-17T00:54:04.880807Z[0m [33m WARN[0m [2mweb_transport_quinn::session[0m[2m:[0m failed to read capsule [3me[0m[2m=[0mUnexpectedEnd
[2m2026-09-17T00:54:05.060760Z[0m [32m INFO[0m [2mmoq_native_ietf::quic[0m[2m:[0m UDP socket bound [3mbind[0m[2m=[0m[::]:0 [3mlocal[0m[2m=[0m[::]:56583 [3mdual_stack[0m[2m=[0mtrue
[2m2026-09-17T00:54:05.248309Z[0m [32m INFO[0m [2mmoq_test_client::scenarios[0m[2m:[0m Publisher sending PUBLISH_NAMESPACE: moq-test/interop
[2m2026-09-17T00:54:05.248324Z[0m [32m INFO[0m [2mmoq_test_client::scenarios[0m[2m:[0m Subscriber subscribing to track: moq-test/interop/test-track
[2m2026-09-17T00:54:08.250089Z[0m [32m INFO[0m [2mmoq_test_client::scenarios[0m[2m:[0m Test timeout reached - subscription routing may still be in progress
ok 4 - publish-namespace-subscribe
  ---
  duration_ms: 3390
  publisher_connection_id: b158696d8c50056dec1c3b81475a625b
  subscriber_connection_id: 35268979cf34fcd61e4afde4de5b1b4e
  ...
[2m2026-09-17T00:54:08.250815Z[0m [32m INFO[0m [2mmoq_native_ietf::quic[0m[2m:[0m UDP socket bound [3mbind[0m[2m=[0m[::]:0 [3mlocal[0m[2m=[0m[::]:35959 [3mdual_stack[0m[2m=[0mtrue
[2m2026-09-17T00:54:08.272700Z[0m [33m WARN[0m [2mweb_transport_quinn::session[0m[2m:[0m failed to read capsule [3me[0m[2m=[0mUnexpectedEnd
[2m2026-09-17T00:54:08.277041Z[0m [33m WARN[0m [2mweb_transport_quinn::session[0m[2m:[0m failed to read capsule [3me[0m[2m=[0mUnexpectedEnd
[2m2026-09-17T00:54:08.371304Z[0m [32m INFO[0m [2mmoq_test_client::scenarios[0m[2m:[0m Subscriber subscribing BEFORE PUBLISH_NAMESPACE: moq-test/interop/test-track
[2m2026-09-17T00:54:08.396856Z[0m [33m WARN[0m [2mmoq_transport::serve::error[0m[2m:[0m [5a92ebc0-64fe-4fd5-be3f-56381c7cbe65] Not found: no such namespace or track at moq-transport/src/session/subscriber.rs:1653
[2m2026-09-17T00:54:08.421131Z[0m [33m WARN[0m [2mweb_transport_quinn::session[0m[2m:[0m failed to read capsule [3me[0m[2m=[0mUnexpectedEnd
[2m2026-09-17T00:54:08.873650Z[0m [32m INFO[0m [2mmoq_native_ietf::quic[0m[2m:[0m UDP socket bound [3mbind[0m[2m=[0m[::]:0 [3mlocal[0m[2m=[0m[::]:56006 [3mdual_stack[0m[2m=[0mtrue
[2m2026-09-17T00:54:08.951826Z[0m [32m INFO[0m [2mmoq_test_client::scenarios[0m[2m:[0m Publisher sending PUBLISH_NAMESPACE (after subscriber): moq-test/interop
ok 5 - subscribe-before-publish-namespace
  ---
  duration_ms: 3703
  subscriber_connection_id: 2ebbc61f6a3404f42b0e83882f6aaf0e
  publisher_connection_id: b830e419037e8ec5aca60dfb8bc99a78
  ...
[2m2026-09-17T00:54:11.953124Z[0m [32m INFO[0m [2mmoq_test_client::scenarios[0m[2m:[0m Publisher PUBLISH_NAMESPACE timeout (expected)
[2m2026-09-17T00:54:11.953146Z[0m [32m INFO[0m [2mmoq_test_client::scenarios[0m[2m:[0m Subscriber got error: not found: Track not found [error:5a92ebc0-64fe-4fd5-be3f-56381c7cbe65] (may be expected)
[2m2026-09-17T00:54:11.953796Z[0m [32m INFO[0m [2mmoq_native_ietf::quic[0m[2m:[0m UDP socket bound [3mbind[0m[2m=[0m[::]:0 [3mlocal[0m[2m=[0m[::]:35448 [3mdual_stack[0m[2m=[0mtrue
[2m2026-09-17T00:54:11.976444Z[0m [33m WARN[0m [2mweb_transport_quinn::session[0m[2m:[0m failed to read capsule [3me[0m[2m=[0mUnexpectedEnd
[2m2026-09-17T00:54:12.170574Z[0m [32m INFO[0m [2mmoq_test_client::scenarios[0m[2m:[0m Sending PUBLISH_NAMESPACE: moq-test/interop
[2m2026-09-17T00:54:14.171721Z[0m [32m INFO[0m [2mmoq_test_client::scenarios[0m[2m:[0m PUBLISH_NAMESPACE active; sending PUBLISH_NAMESPACE_DONE
ok 6 - publish-namespace-done
  ---
  duration_ms: 2319
  connection_id: 9e42ebb9ecc440d4d99cbad0e5d43150
  ...
[2m2026-09-17T00:54:14.272796Z[0m [32m INFO[0m [2mmoq_test_client::scenarios[0m[2m:[0m PUBLISH_NAMESPACE_DONE sent successfully
[2m2026-09-17T00:54:14.273489Z[0m [32m INFO[0m [2mmoq_native_ietf::quic[0m[2m:[0m UDP socket bound [3mbind[0m[2m=[0m[::]:0 [3mlocal[0m[2m=[0m[::]:37108 [3mdual_stack[0m[2m=[0mtrue
[2m2026-09-17T00:54:14.298337Z[0m [33m WARN[0m [2mweb_transport_quinn::session[0m[2m:[0m failed to read capsule [3me[0m[2m=[0mUnexpectedEnd
[2m2026-09-17T00:54:14.335666Z[0m [32m INFO[0m [2mmoq_test_client::scenarios[0m[2m:[0m Publisher sending direct PUBLISH [3mnamespace[0m[2m=[0m/moq-test/publish [3mtrack[0m[2m=[0m"published-track"
ok 7 - publish-track-only
  ---
  duration_ms: 83
  connection_id: 77bab34ac470929b7a5f0e65e9cd4059
  ...
[2m2026-09-17T00:54:14.356031Z[0m [32m INFO[0m [2mmoq_test_client::scenarios[0m[2m:[0m PUBLISH accepted [3mnamespace[0m[2m=[0m/moq-test/publish [3mtrack[0m[2m=[0m"published-track"
[2m2026-09-17T00:54:14.356140Z[0m [32m INFO[0m [2mmoq_test_client::scenarios[0m[2m:[0m PUBLISH completed [3mnamespace[0m[2m=[0m/moq-test/publish [3mtrack[0m[2m=[0m"published-track"
[2m2026-09-17T00:54:14.356715Z[0m [32m INFO[0m [2mmoq_native_ietf::quic[0m[2m:[0m UDP socket bound [3mbind[0m[2m=[0m[::]:0 [3mlocal[0m[2m=[0m[::]:57664 [3mdual_stack[0m[2m=[0mtrue
[2m2026-09-17T00:54:14.375994Z[0m [33m WARN[0m [2mweb_transport_quinn::session[0m[2m:[0m failed to read capsule [3me[0m[2m=[0mUnexpectedEnd
[2m2026-09-17T00:54:14.482731Z[0m [32m INFO[0m [2mmoq_native_ietf::quic[0m[2m:[0m UDP socket bound [3mbind[0m[2m=[0m[::]:0 [3mlocal[0m[2m=[0m[::]:40720 [3mdual_stack[0m[2m=[0mtrue
[2m2026-09-17T00:54:14.651574Z[0m [32m INFO[0m [2mmoq_test_client::scenarios[0m[2m:[0m Publisher sending direct PUBLISH before subscriber subscribes [3mnamespace[0m[2m=[0m/moq-test/publish [3mtrack[0m[2m=[0m"published-track"
[2m2026-09-17T00:54:14.675015Z[0m [32m INFO[0m [2mmoq_test_client::scenarios[0m[2m:[0m PUBLISH accepted; starting subscriber [3mnamespace[0m[2m=[0m/moq-test/publish [3mtrack[0m[2m=[0m"published-track"
[2m2026-09-17T00:54:14.697871Z[0m [33m WARN[0m [2mmoq_transport::session[0m[2m:[0m unexpected bidi response message type [3mmsg_type[0m[2m=[0m2
[2m2026-09-17T00:54:14.697884Z[0m [33m WARN[0m [2mmoq_transport::serve::error[0m[2m:[0m [9bac4f3d-08af-4cba-a84a-5f653d3e4250] Not implemented: bidi response type 0x2 at moq-transport/src/session/error.rs:89
not ok 8 - publish-track-subscribe
  ---
  duration_ms: 420
  message: "failed serving PUBLISH track: serve error: cancelled: cancelled"
  ...
[2m2026-09-17T00:54:14.777508Z[0m [32m INFO[0m [2mmoq_native_ietf::quic[0m[2m:[0m UDP socket bound [3mbind[0m[2m=[0m[::]:0 [3mlocal[0m[2m=[0m[::]:40356 [3mdual_stack[0m[2m=[0mtrue
[2m2026-09-17T00:54:14.800620Z[0m [33m WARN[0m [2mweb_transport_quinn::session[0m[2m:[0m failed to read capsule [3me[0m[2m=[0mUnexpectedEnd
[2m2026-09-17T00:54:14.804240Z[0m [33m WARN[0m [2mweb_transport_quinn::session[0m[2m:[0m failed to read capsule [3me[0m[2m=[0mUnexpectedEnd
[2m2026-09-17T00:54:14.920303Z[0m [32m INFO[0m [2mmoq_test_client::scenarios[0m[2m:[0m Subscribing with RENDEZVOUS_TIMEOUT to a track with no publisher [3mtimeout_ms[0m[2m=[0m500
ok 9 - rendezvous-timeout
  ---
  duration_ms: 667
  connection_id: d4ec414c6b64cf68e8fdb106c2ff30c9
  ...
[2m2026-09-17T00:54:15.444439Z[0m [32m INFO[0m [2mmoq_test_client::scenarios[0m[2m:[0m Received expected REQUEST_ERROR TIMEOUT
[2m2026-09-17T00:54:15.445107Z[0m [32m INFO[0m [2mmoq_native_ietf::quic[0m[2m:[0m UDP socket bound [3mbind[0m[2m=[0m[::]:0 [3mlocal[0m[2m=[0m[::]:45997 [3mdual_stack[0m[2m=[0mtrue
[2m2026-09-17T00:54:15.465899Z[0m [33m WARN[0m [2mweb_transport_quinn::session[0m[2m:[0m failed to read capsule [3me[0m[2m=[0mUnexpectedEnd
[2m2026-09-17T00:54:15.826219Z[0m [32m INFO[0m [2mmoq_native_ietf::quic[0m[2m:[0m UDP socket bound [3mbind[0m[2m=[0m[::]:0 [3mlocal[0m[2m=[0m[::]:36057 [3mdual_stack[0m[2m=[0mtrue
[2m2026-09-17T00:54:15.953224Z[0m [32m INFO[0m [2mmoq_test_client::moqtest[0m[2m:[0m PUBLISH accepted and subscription bound; generating objects [3mobjects[0m[2m=[0m15 [3mstreams[0m[2m=[0m3
not ok 10 - moq-test-subgroup-per-group
  ---
  duration_ms: 525
  message: "failed to create subgroup: cancelled"
  ...
[2m2026-09-17T00:54:15.970217Z[0m [32m INFO[0m [2mmoq_native_ietf::quic[0m[2m:[0m UDP socket bound [3mbind[0m[2m=[0m[::]:0 [3mlocal[0m[2m=[0m[::]:37129 [3mdual_stack[0m[2m=[0mtrue
[2m2026-09-17T00:54:15.993328Z[0m [33m WARN[0m [2mweb_transport_quinn::session[0m[2m:[0m failed to read capsule [3me[0m[2m=[0mUnexpectedEnd
[2m2026-09-17T00:54:15.996657Z[0m [33m WARN[0m [2mweb_transport_quinn::session[0m[2m:[0m failed to read capsule [3me[0m[2m=[0mUnexpectedEnd
[2m2026-09-17T00:54:16.235223Z[0m [32m INFO[0m [2mmoq_native_ietf::quic[0m[2m:[0m UDP socket bound [3mbind[0m[2m=[0m[::]:0 [3mlocal[0m[2m=[0m[::]:42897 [3mdual_stack[0m[2m=[0mtrue
[2m2026-09-17T00:54:16.440122Z[0m [32m INFO[0m [2mmoq_test_client::moqtest[0m[2m:[0m PUBLISH accepted and subscription bound; generating objects [3mobjects[0m[2m=[0m15 [3mstreams[0m[2m=[0m3
not ok 11 - moq-test-subgroup-per-group-eog
  ---
  duration_ms: 489
  message: "failed to create subgroup: cancelled"
  ...
[2m2026-09-17T00:54:16.459617Z[0m [32m INFO[0m [2mmoq_native_ietf::quic[0m[2m:[0m UDP socket bound [3mbind[0m[2m=[0m[::]:0 [3mlocal[0m[2m=[0m[::]:41202 [3mdual_stack[0m[2m=[0mtrue
[2m2026-09-17T00:54:16.480190Z[0m [33m WARN[0m [2mweb_transport_quinn::session[0m[2m:[0m failed to read capsule [3me[0m[2m=[0mUnexpectedEnd
[2m2026-09-17T00:54:16.483753Z[0m [33m WARN[0m [2mweb_transport_quinn::session[0m[2m:[0m failed to read capsule [3me[0m[2m=[0mUnexpectedEnd
[2m2026-09-17T00:54:16.728420Z[0m [32m INFO[0m [2mmoq_native_ietf::quic[0m[2m:[0m UDP socket bound [3mbind[0m[2m=[0m[::]:0 [3mlocal[0m[2m=[0m[::]:51006 [3mdual_stack[0m[2m=[0mtrue
[2m2026-09-17T00:54:16.837456Z[0m [32m INFO[0m [2mmoq_test_client::moqtest[0m[2m:[0m PUBLISH accepted and subscription bound; generating objects [3mobjects[0m[2m=[0m8 [3mstreams[0m[2m=[0m8
not ok 12 - moq-test-subgroup-per-object
  ---
  duration_ms: 381
  message: "failed to create subgroup: cancelled"
  ...
[2m2026-09-17T00:54:16.841064Z[0m [32m INFO[0m [2mmoq_native_ietf::quic[0m[2m:[0m UDP socket bound [3mbind[0m[2m=[0m[::]:0 [3mlocal[0m[2m=[0m[::]:59459 [3mdual_stack[0m[2m=[0mtrue
[2m2026-09-17T00:54:16.865957Z[0m [33m WARN[0m [2mweb_transport_quinn::session[0m[2m:[0m failed to read capsule [3me[0m[2m=[0mUnexpectedEnd
[2m2026-09-17T00:54:16.867263Z[0m [33m WARN[0m [2mweb_transport_quinn::session[0m[2m:[0m failed to read capsule [3me[0m[2m=[0mUnexpectedEnd
[2m2026-09-17T00:54:17.121192Z[0m [32m INFO[0m [2mmoq_native_ietf::quic[0m[2m:[0m UDP socket bound [3mbind[0m[2m=[0m[::]:0 [3mlocal[0m[2m=[0m[::]:40110 [3mdual_stack[0m[2m=[0mtrue
[2m2026-09-17T00:54:17.377265Z[0m [32m INFO[0m [2mmoq_test_client::moqtest[0m[2m:[0m PUBLISH accepted and subscription bound; generating objects [3mobjects[0m[2m=[0m18 [3mstreams[0m[2m=[0m6
not ok 13 - moq-test-two-subgroups-eog
  ---
  duration_ms: 558
  message: "failed to create subgroup 0: cancelled"
  ...
[2m2026-09-17T00:54:17.399427Z[0m [32m INFO[0m [2mmoq_native_ietf::quic[0m[2m:[0m UDP socket bound [3mbind[0m[2m=[0m[::]:0 [3mlocal[0m[2m=[0m[::]:37332 [3mdual_stack[0m[2m=[0mtrue
[2m2026-09-17T00:54:17.421843Z[0m [33m WARN[0m [2mweb_transport_quinn::session[0m[2m:[0m failed to read capsule [3me[0m[2m=[0mUnexpectedEnd
[2m2026-09-17T00:54:17.423031Z[0m [33m WARN[0m [2mweb_transport_quinn::session[0m[2m:[0m failed to read capsule [3me[0m[2m=[0mUnexpectedEnd
[2m2026-09-17T00:54:17.788728Z[0m [32m INFO[0m [2mmoq_native_ietf::quic[0m[2m:[0m UDP socket bound [3mbind[0m[2m=[0m[::]:0 [3mlocal[0m[2m=[0m[::]:55130 [3mdual_stack[0m[2m=[0mtrue
[2m2026-09-17T00:54:17.892778Z[0m [32m INFO[0m [2mmoq_test_client::moqtest[0m[2m:[0m PUBLISH accepted and subscription bound; generating objects [3mobjects[0m[2m=[0m15 [3mstreams[0m[2m=[0m0
not ok 14 - moq-test-datagram
  ---
  duration_ms: 514
  message: "failed to write datagram: cancelled"
  ...
[2m2026-09-17T00:54:17.913882Z[0m [32m INFO[0m [2mmoq_native_ietf::quic[0m[2m:[0m UDP socket bound [3mbind[0m[2m=[0m[::]:0 [3mlocal[0m[2m=[0m[::]:35755 [3mdual_stack[0m[2m=[0mtrue
[2m2026-09-17T00:54:17.936816Z[0m [33m WARN[0m [2mweb_transport_quinn::session[0m[2m:[0m failed to read capsule [3me[0m[2m=[0mUnexpectedEnd
[2m2026-09-17T00:54:17.938152Z[0m [33m WARN[0m [2mweb_transport_quinn::session[0m[2m:[0m failed to read capsule [3me[0m[2m=[0mUnexpectedEnd
[2m2026-09-17T00:54:18.200043Z[0m [32m INFO[0m [2mmoq_native_ietf::quic[0m[2m:[0m UDP socket bound [3mbind[0m[2m=[0m[::]:0 [3mlocal[0m[2m=[0m[::]:35801 [3mdual_stack[0m[2m=[0mtrue
[2m2026-09-17T00:54:18.438899Z[0m [32m INFO[0m [2mmoq_test_client::moqtest[0m[2m:[0m PUBLISH accepted and subscription bound; generating objects [3mobjects[0m[2m=[0m15 [3mstreams[0m[2m=[0m0
not ok 15 - moq-test-datagram-eog
  ---
  duration_ms: 546
  message: "failed to write datagram: cancelled"
  ...
[2m2026-09-17T00:54:18.460385Z[0m [32m INFO[0m [2mmoq_native_ietf::quic[0m[2m:[0m UDP socket bound [3mbind[0m[2m=[0m[::]:0 [3mlocal[0m[2m=[0m[::]:39171 [3mdual_stack[0m[2m=[0mtrue
[2m2026-09-17T00:54:18.485177Z[0m [33m WARN[0m [2mweb_transport_quinn::session[0m[2m:[0m failed to read capsule [3me[0m[2m=[0mUnexpectedEnd
[2m2026-09-17T00:54:18.486368Z[0m [33m WARN[0m [2mweb_transport_quinn::session[0m[2m:[0m failed to read capsule [3me[0m[2m=[0mUnexpectedEnd
[2m2026-09-17T00:54:18.729311Z[0m [32m INFO[0m [2mmoq_native_ietf::quic[0m[2m:[0m UDP socket bound [3mbind[0m[2m=[0m[::]:0 [3mlocal[0m[2m=[0m[::]:60406 [3mdual_stack[0m[2m=[0mtrue
[2m2026-09-17T00:54:18.822036Z[0m [32m INFO[0m [2mmoq_test_client::moqtest[0m[2m:[0m PUBLISH accepted and subscription bound; generating objects [3mobjects[0m[2m=[0m15 [3mstreams[0m[2m=[0m3
not ok 16 - moq-test-extensions
  ---
  duration_ms: 381
  message: "failed to create subgroup: cancelled"
  ...
[2m2026-09-17T00:54:18.841467Z[0m [32m INFO[0m [2mmoq_native_ietf::quic[0m[2m:[0m UDP socket bound [3mbind[0m[2m=[0m[::]:0 [3mlocal[0m[2m=[0m[::]:60758 [3mdual_stack[0m[2m=[0mtrue
[2m2026-09-17T00:54:18.864151Z[0m [33m WARN[0m [2mweb_transport_quinn::session[0m[2m:[0m failed to read capsule [3me[0m[2m=[0mUnexpectedEnd
[2m2026-09-17T00:54:18.865311Z[0m [33m WARN[0m [2mweb_transport_quinn::session[0m[2m:[0m failed to read capsule [3me[0m[2m=[0mUnexpectedEnd
[2m2026-09-17T00:54:19.119275Z[0m [32m INFO[0m [2mmoq_native_ietf::quic[0m[2m:[0m UDP socket bound [3mbind[0m[2m=[0m[::]:0 [3mlocal[0m[2m=[0m[::]:36823 [3mdual_stack[0m[2m=[0mtrue
[2m2026-09-17T00:54:19.212572Z[0m [33m WARN[0m [2mmoq_transport::session[0m[2m:[0m unexpected bidi response message type [3mmsg_type[0m[2m=[0m2
[2m2026-09-17T00:54:19.212591Z[0m [33m WARN[0m [2mmoq_transport::serve::error[0m[2m:[0m [7a73b774-e6d1-44e6-b2e3-c2d520f35b67] Not implemented: bidi response type 0x2 at moq-transport/src/session/error.rs:89
[2m2026-09-17T00:54:19.214213Z[0m [32m INFO[0m [2mmoq_test_client::moqtest[0m[2m:[0m PUBLISH accepted and subscription bound; generating objects [3mobjects[0m[2m=[0m9 [3mstreams[0m[2m=[0m3
not ok 17 - moq-test-increments
  ---
  duration_ms: 382
  message: "failed to create subgroup: cancelled"
  ...
[2m2026-09-17T00:54:19.224270Z[0m [32m INFO[0m [2mmoq_native_ietf::quic[0m[2m:[0m UDP socket bound [3mbind[0m[2m=[0m[::]:0 [3mlocal[0m[2m=[0m[::]:47019 [3mdual_stack[0m[2m=[0mtrue
[2m2026-09-17T00:54:19.248385Z[0m [33m WARN[0m [2mweb_transport_quinn::session[0m[2m:[0m failed to read capsule [3me[0m[2m=[0mUnexpectedEnd
[2m2026-09-17T00:54:19.252283Z[0m [33m WARN[0m [2mweb_transport_quinn::session[0m[2m:[0m failed to read capsule [3me[0m[2m=[0mUnexpectedEnd
[2m2026-09-17T00:54:19.570836Z[0m [32m INFO[0m [2mmoq_native_ietf::quic[0m[2m:[0m UDP socket bound [3mbind[0m[2m=[0m[::]:0 [3mlocal[0m[2m=[0m[::]:33301 [3mdual_stack[0m[2m=[0mtrue
[2m2026-09-17T00:54:19.677504Z[0m [32m INFO[0m [2mmoq_test_client::moqtest[0m[2m:[0m PUBLISH accepted and subscription bound; generating objects [3mobjects[0m[2m=[0m6 [3mstreams[0m[2m=[0m2
not ok 18 - moq-test-forward-zero
  ---
  duration_ms: 463
  message: "failed to create subgroup: cancelled"
  ...
make[1]: *** [Makefile:122: test-external] Error 1
make[1]: Leaving directory '/home/runner/work/moq-interop-runner/moq-interop-runner/main'
