make[1]: Entering directory '/home/runner/work/moq-interop-runner/moq-interop-runner/main'
Running tests against moqt://fb.mvfst.net:9448...
  Client: ghcr.io/englishm/moq-interop-runner-moq-test-client-draft-18:latest
docker run --rm \
	 \
	--network host \
	-e RELAY_URL=moqt://fb.mvfst.net:9448 \
	-e TLS_DISABLE_VERIFY=1 \
	ghcr.io/englishm/moq-interop-runner-moq-test-client-draft-18:latest
TAP version 14
# moq-test-client v0.1.12
# Relay: moqt://fb.mvfst.net:9448
1..18
[2m2026-09-17T00:54:20.178479Z[0m [32m INFO[0m [2mmoq_native_ietf::quic[0m[2m:[0m UDP socket bound [3mbind[0m[2m=[0m[::]:0 [3mlocal[0m[2m=[0m[::]:36205 [3mdual_stack[0m[2m=[0mtrue
ok 1 - setup-only
  ---
  duration_ms: 38
  connection_id: 79c879d187cb09a0bacc926b83e79c86
  ...
[2m2026-09-17T00:54:20.216040Z[0m [32m INFO[0m [2mmoq_test_client::scenarios[0m[2m:[0m SETUP exchange completed successfully
[2m2026-09-17T00:54:20.216580Z[0m [32m INFO[0m [2mmoq_native_ietf::quic[0m[2m:[0m UDP socket bound [3mbind[0m[2m=[0m[::]:0 [3mlocal[0m[2m=[0m[::]:56930 [3mdual_stack[0m[2m=[0mtrue
[2m2026-09-17T00:54:20.255166Z[0m [32m INFO[0m [2mmoq_test_client::scenarios[0m[2m:[0m Sending PUBLISH_NAMESPACE for: moq-test/interop
[2m2026-09-17T00:54:22.256425Z[0m [32m INFO[0m [2mmoq_test_client::scenarios[0m[2m:[0m PUBLISH_NAMESPACE succeeded (REQUEST_OK received, waiting for subscribers)
ok 2 - publish-namespace-only
  ---
  duration_ms: 2040
  connection_id: a044e506fa180e8008742f642733f243
  ...
[2m2026-09-17T00:54:22.257145Z[0m [32m INFO[0m [2mmoq_native_ietf::quic[0m[2m:[0m UDP socket bound [3mbind[0m[2m=[0m[::]:0 [3mlocal[0m[2m=[0m[::]:51177 [3mdual_stack[0m[2m=[0mtrue
[2m2026-09-17T00:54:22.298210Z[0m [32m INFO[0m [2mmoq_test_client::scenarios[0m[2m:[0m Subscribing to non-existent track: nonexistent/namespace/test-track
ok 3 - subscribe-error
  ---
  duration_ms: 70
  connection_id: a5325f1112f1fb3a764552d4b584cb5a
  ...
[2m2026-09-17T00:54:22.327315Z[0m [33m WARN[0m [2mmoq_transport::serve::error[0m[2m:[0m [b8aae8f7-0c90-4ee2-8307-e0680d628b63] Not found: no such namespace or track at moq-transport/src/session/subscriber.rs:1653
[2m2026-09-17T00:54:22.327356Z[0m [32m INFO[0m [2mmoq_test_client::scenarios[0m[2m:[0m Got expected 'not found' error: not found: Track not found [error:b8aae8f7-0c90-4ee2-8307-e0680d628b63]
[2m2026-09-17T00:54:22.327924Z[0m [32m INFO[0m [2mmoq_native_ietf::quic[0m[2m:[0m UDP socket bound [3mbind[0m[2m=[0m[::]:0 [3mlocal[0m[2m=[0m[::]:35828 [3mdual_stack[0m[2m=[0mtrue
[2m2026-09-17T00:54:22.467099Z[0m [32m INFO[0m [2mmoq_native_ietf::quic[0m[2m:[0m UDP socket bound [3mbind[0m[2m=[0m[::]:0 [3mlocal[0m[2m=[0m[::]:48164 [3mdual_stack[0m[2m=[0mtrue
[2m2026-09-17T00:54:22.507831Z[0m [32m INFO[0m [2mmoq_test_client::scenarios[0m[2m:[0m Publisher sending PUBLISH_NAMESPACE: moq-test/interop
[2m2026-09-17T00:54:22.507842Z[0m [32m INFO[0m [2mmoq_test_client::scenarios[0m[2m:[0m Subscriber subscribing to track: moq-test/interop/test-track
[2m2026-09-17T00:54:22.538292Z[0m [33m WARN[0m [2mmoq_transport::serve::error[0m[2m:[0m [b935979d-4d20-4fda-a8bc-7a6dfe897d07] Not found: no such namespace or track at moq-transport/src/session/subscriber.rs:1653
[2m2026-09-17T00:54:22.538350Z[0m [32m INFO[0m [2mmoq_test_client::scenarios[0m[2m:[0m Subscriber got error: not found: Track not found [error:b935979d-4d20-4fda-a8bc-7a6dfe897d07] - subscription was processed
ok 4 - publish-namespace-subscribe
  ---
  duration_ms: 210
  publisher_connection_id: 771db344d2198327545da3c96a2a0fc6
  subscriber_connection_id: 58ab77f749b3732911629f821d5f940c
  ...
[2m2026-09-17T00:54:22.538905Z[0m [32m INFO[0m [2mmoq_native_ietf::quic[0m[2m:[0m UDP socket bound [3mbind[0m[2m=[0m[::]:0 [3mlocal[0m[2m=[0m[::]:41701 [3mdual_stack[0m[2m=[0mtrue
[2m2026-09-17T00:54:22.583452Z[0m [32m INFO[0m [2mmoq_test_client::scenarios[0m[2m:[0m Subscriber subscribing BEFORE PUBLISH_NAMESPACE: moq-test/interop/test-track
[2m2026-09-17T00:54:22.613953Z[0m [33m WARN[0m [2mmoq_transport::serve::error[0m[2m:[0m [263e852e-4695-41a8-b8ff-cafde7f59266] Not found: no such namespace or track at moq-transport/src/session/subscriber.rs:1653
[2m2026-09-17T00:54:23.084980Z[0m [32m INFO[0m [2mmoq_native_ietf::quic[0m[2m:[0m UDP socket bound [3mbind[0m[2m=[0m[::]:0 [3mlocal[0m[2m=[0m[::]:38383 [3mdual_stack[0m[2m=[0mtrue
[2m2026-09-17T00:54:23.131014Z[0m [32m INFO[0m [2mmoq_test_client::scenarios[0m[2m:[0m Publisher sending PUBLISH_NAMESPACE (after subscriber): moq-test/interop
[2m2026-09-17T00:54:26.133061Z[0m [32m INFO[0m [2mmoq_test_client::scenarios[0m[2m:[0m Publisher PUBLISH_NAMESPACE timeout (expected)
[2m2026-09-17T00:54:26.133082Z[0m [32m INFO[0m [2mmoq_test_client::scenarios[0m[2m:[0m Subscriber got error: not found: Track not found [error:263e852e-4695-41a8-b8ff-cafde7f59266] (may be expected)
ok 5 - subscribe-before-publish-namespace
  ---
  duration_ms: 3594
  subscriber_connection_id: d86580edab079fc7052aaad80f27e89f
  publisher_connection_id: 648ee34961dd0f6a5f4bdcd40bd46b06
  ...
[2m2026-09-17T00:54:26.133698Z[0m [32m INFO[0m [2mmoq_native_ietf::quic[0m[2m:[0m UDP socket bound [3mbind[0m[2m=[0m[::]:0 [3mlocal[0m[2m=[0m[::]:46876 [3mdual_stack[0m[2m=[0mtrue
[2m2026-09-17T00:54:26.177095Z[0m [32m INFO[0m [2mmoq_test_client::scenarios[0m[2m:[0m Sending PUBLISH_NAMESPACE: moq-test/interop
[2m2026-09-17T00:54:28.179942Z[0m [32m INFO[0m [2mmoq_test_client::scenarios[0m[2m:[0m PUBLISH_NAMESPACE active; sending PUBLISH_NAMESPACE_DONE
ok 6 - publish-namespace-done
  ---
  duration_ms: 2148
  connection_id: 49ea245892caeebf12bcd52b03a1737a
  ...
[2m2026-09-17T00:54:28.281617Z[0m [32m INFO[0m [2mmoq_test_client::scenarios[0m[2m:[0m PUBLISH_NAMESPACE_DONE sent successfully
[2m2026-09-17T00:54:28.282248Z[0m [32m INFO[0m [2mmoq_native_ietf::quic[0m[2m:[0m UDP socket bound [3mbind[0m[2m=[0m[::]:0 [3mlocal[0m[2m=[0m[::]:43940 [3mdual_stack[0m[2m=[0mtrue
[2m2026-09-17T00:54:28.327670Z[0m [32m INFO[0m [2mmoq_test_client::scenarios[0m[2m:[0m Publisher sending direct PUBLISH [3mnamespace[0m[2m=[0m/moq-test/publish [3mtrack[0m[2m=[0m"published-track"
ok 7 - publish-track-only
  ---
  duration_ms: 74
  connection_id: 2526e700c350d8659978fe55741b864e
  ...
[2m2026-09-17T00:54:28.355626Z[0m [32m INFO[0m [2mmoq_test_client::scenarios[0m[2m:[0m PUBLISH accepted [3mnamespace[0m[2m=[0m/moq-test/publish [3mtrack[0m[2m=[0m"published-track"
[2m2026-09-17T00:54:28.355684Z[0m [32m INFO[0m [2mmoq_test_client::scenarios[0m[2m:[0m PUBLISH completed [3mnamespace[0m[2m=[0m/moq-test/publish [3mtrack[0m[2m=[0m"published-track"
[2m2026-09-17T00:54:28.356234Z[0m [32m INFO[0m [2mmoq_native_ietf::quic[0m[2m:[0m UDP socket bound [3mbind[0m[2m=[0m[::]:0 [3mlocal[0m[2m=[0m[::]:48193 [3mdual_stack[0m[2m=[0mtrue
[2m2026-09-17T00:54:28.445967Z[0m [32m INFO[0m [2mmoq_native_ietf::quic[0m[2m:[0m UDP socket bound [3mbind[0m[2m=[0m[::]:0 [3mlocal[0m[2m=[0m[::]:47536 [3mdual_stack[0m[2m=[0mtrue
[2m2026-09-17T00:54:28.572630Z[0m [32m INFO[0m [2mmoq_test_client::scenarios[0m[2m:[0m Publisher sending direct PUBLISH before subscriber subscribes [3mnamespace[0m[2m=[0m/moq-test/publish [3mtrack[0m[2m=[0m"published-track"
[2m2026-09-17T00:54:28.602599Z[0m [32m INFO[0m [2mmoq_test_client::scenarios[0m[2m:[0m PUBLISH accepted; starting subscriber [3mnamespace[0m[2m=[0m/moq-test/publish [3mtrack[0m[2m=[0m"published-track"
[2m2026-09-17T00:54:28.629201Z[0m [33m WARN[0m [2mmoq_transport::session[0m[2m:[0m unexpected bidi response message type [3mmsg_type[0m[2m=[0m2
[2m2026-09-17T00:54:28.629215Z[0m [33m WARN[0m [2mmoq_transport::serve::error[0m[2m:[0m [459ccb92-55a2-400b-8c82-37f6609a0dae] Not implemented: bidi response type 0x2 at moq-transport/src/session/error.rs:89
not ok 8 - publish-track-subscribe
  ---
  duration_ms: 347
  message: "failed serving PUBLISH track: serve error: cancelled: cancelled"
  ...
[2m2026-09-17T00:54:28.703702Z[0m [32m INFO[0m [2mmoq_native_ietf::quic[0m[2m:[0m UDP socket bound [3mbind[0m[2m=[0m[::]:0 [3mlocal[0m[2m=[0m[::]:53759 [3mdual_stack[0m[2m=[0mtrue
[2m2026-09-17T00:54:28.752537Z[0m [32m INFO[0m [2mmoq_test_client::scenarios[0m[2m:[0m Subscribing with RENDEZVOUS_TIMEOUT to a track with no publisher [3mtimeout_ms[0m[2m=[0m500
[2m2026-09-17T00:54:29.282215Z[0m [32m INFO[0m [2mmoq_test_client::scenarios[0m[2m:[0m Received expected REQUEST_ERROR TIMEOUT
ok 9 - rendezvous-timeout
  ---
  duration_ms: 579
  connection_id: c2f3f3e27ceb010b829d8bbb57b79350
  ...
[2m2026-09-17T00:54:29.282722Z[0m [32m INFO[0m [2mmoq_native_ietf::quic[0m[2m:[0m UDP socket bound [3mbind[0m[2m=[0m[::]:0 [3mlocal[0m[2m=[0m[::]:54045 [3mdual_stack[0m[2m=[0mtrue
[2m2026-09-17T00:54:29.565007Z[0m [32m INFO[0m [2mmoq_native_ietf::quic[0m[2m:[0m UDP socket bound [3mbind[0m[2m=[0m[::]:0 [3mlocal[0m[2m=[0m[::]:52020 [3mdual_stack[0m[2m=[0mtrue
[2m2026-09-17T00:54:29.632543Z[0m [32m INFO[0m [2mmoq_test_client::moqtest[0m[2m:[0m PUBLISH accepted and subscription bound; generating objects [3mobjects[0m[2m=[0m15 [3mstreams[0m[2m=[0m3
not ok 10 - moq-test-subgroup-per-group
  ---
  duration_ms: 366
  message: "failed to create subgroup: cancelled"
  ...
[2m2026-09-17T00:54:29.648978Z[0m [32m INFO[0m [2mmoq_native_ietf::quic[0m[2m:[0m UDP socket bound [3mbind[0m[2m=[0m[::]:0 [3mlocal[0m[2m=[0m[::]:59518 [3mdual_stack[0m[2m=[0mtrue
[2m2026-09-17T00:54:29.896941Z[0m [32m INFO[0m [2mmoq_native_ietf::quic[0m[2m:[0m UDP socket bound [3mbind[0m[2m=[0m[::]:0 [3mlocal[0m[2m=[0m[::]:58447 [3mdual_stack[0m[2m=[0mtrue
[2m2026-09-17T00:54:29.961415Z[0m [32m INFO[0m [2mmoq_test_client::moqtest[0m[2m:[0m PUBLISH accepted and subscription bound; generating objects [3mobjects[0m[2m=[0m15 [3mstreams[0m[2m=[0m3
not ok 11 - moq-test-subgroup-per-group-eog
  ---
  duration_ms: 331
  message: "failed to create subgroup: cancelled"
  ...
[2m2026-09-17T00:54:29.980727Z[0m [32m INFO[0m [2mmoq_native_ietf::quic[0m[2m:[0m UDP socket bound [3mbind[0m[2m=[0m[::]:0 [3mlocal[0m[2m=[0m[::]:53453 [3mdual_stack[0m[2m=[0mtrue
[2m2026-09-17T00:54:30.220817Z[0m [32m INFO[0m [2mmoq_native_ietf::quic[0m[2m:[0m UDP socket bound [3mbind[0m[2m=[0m[::]:0 [3mlocal[0m[2m=[0m[::]:47572 [3mdual_stack[0m[2m=[0mtrue
[2m2026-09-17T00:54:30.365395Z[0m [32m INFO[0m [2mmoq_test_client::moqtest[0m[2m:[0m PUBLISH accepted and subscription bound; generating objects [3mobjects[0m[2m=[0m8 [3mstreams[0m[2m=[0m8
not ok 12 - moq-test-subgroup-per-object
  ---
  duration_ms: 388
  message: "failed to create subgroup: cancelled"
  ...
[2m2026-09-17T00:54:30.368974Z[0m [32m INFO[0m [2mmoq_native_ietf::quic[0m[2m:[0m UDP socket bound [3mbind[0m[2m=[0m[::]:0 [3mlocal[0m[2m=[0m[::]:34031 [3mdual_stack[0m[2m=[0mtrue
[2m2026-09-17T00:54:30.608493Z[0m [32m INFO[0m [2mmoq_native_ietf::quic[0m[2m:[0m UDP socket bound [3mbind[0m[2m=[0m[::]:0 [3mlocal[0m[2m=[0m[::]:41660 [3mdual_stack[0m[2m=[0mtrue
[2m2026-09-17T00:54:30.671041Z[0m [33m WARN[0m [2mmoq_transport::session[0m[2m:[0m unexpected bidi response message type [3mmsg_type[0m[2m=[0m2
[2m2026-09-17T00:54:30.671054Z[0m [33m WARN[0m [2mmoq_transport::serve::error[0m[2m:[0m [1598f277-fa01-4dd9-bce9-60d24aa4d0f9] Not implemented: bidi response type 0x2 at moq-transport/src/session/error.rs:89
[2m2026-09-17T00:54:30.672801Z[0m [32m INFO[0m [2mmoq_test_client::moqtest[0m[2m:[0m PUBLISH accepted and subscription bound; generating objects [3mobjects[0m[2m=[0m18 [3mstreams[0m[2m=[0m6
not ok 13 - moq-test-two-subgroups-eog
  ---
  duration_ms: 325
  message: "failed to create subgroup 0: cancelled"
  ...
[2m2026-09-17T00:54:30.694636Z[0m [32m INFO[0m [2mmoq_native_ietf::quic[0m[2m:[0m UDP socket bound [3mbind[0m[2m=[0m[::]:0 [3mlocal[0m[2m=[0m[::]:33980 [3mdual_stack[0m[2m=[0mtrue
[2m2026-09-17T00:54:30.934417Z[0m [32m INFO[0m [2mmoq_native_ietf::quic[0m[2m:[0m UDP socket bound [3mbind[0m[2m=[0m[::]:0 [3mlocal[0m[2m=[0m[::]:55614 [3mdual_stack[0m[2m=[0mtrue
[2m2026-09-17T00:54:31.128980Z[0m [32m INFO[0m [2mmoq_test_client::moqtest[0m[2m:[0m PUBLISH accepted and subscription bound; generating objects [3mobjects[0m[2m=[0m15 [3mstreams[0m[2m=[0m0
not ok 14 - moq-test-datagram
  ---
  duration_ms: 456
  message: "failed to write datagram: cancelled"
  ...
[2m2026-09-17T00:54:31.151237Z[0m [32m INFO[0m [2mmoq_native_ietf::quic[0m[2m:[0m UDP socket bound [3mbind[0m[2m=[0m[::]:0 [3mlocal[0m[2m=[0m[::]:46514 [3mdual_stack[0m[2m=[0mtrue
[2m2026-09-17T00:54:31.396116Z[0m [32m INFO[0m [2mmoq_native_ietf::quic[0m[2m:[0m UDP socket bound [3mbind[0m[2m=[0m[::]:0 [3mlocal[0m[2m=[0m[::]:43872 [3mdual_stack[0m[2m=[0mtrue
[2m2026-09-17T00:54:31.471432Z[0m [33m WARN[0m [2mmoq_transport::session[0m[2m:[0m unexpected bidi response message type [3mmsg_type[0m[2m=[0m2
[2m2026-09-17T00:54:31.471447Z[0m [33m WARN[0m [2mmoq_transport::serve::error[0m[2m:[0m [3a3c3037-ed92-4fb7-8e55-174e8e99b776] Not implemented: bidi response type 0x2 at moq-transport/src/session/error.rs:89
[2m2026-09-17T00:54:31.473281Z[0m [32m INFO[0m [2mmoq_test_client::moqtest[0m[2m:[0m PUBLISH accepted and subscription bound; generating objects [3mobjects[0m[2m=[0m15 [3mstreams[0m[2m=[0m0
not ok 15 - moq-test-datagram-eog
  ---
  duration_ms: 344
  message: "failed to write datagram: cancelled"
  ...
[2m2026-09-17T00:54:31.495353Z[0m [32m INFO[0m [2mmoq_native_ietf::quic[0m[2m:[0m UDP socket bound [3mbind[0m[2m=[0m[::]:0 [3mlocal[0m[2m=[0m[::]:34587 [3mdual_stack[0m[2m=[0mtrue
[2m2026-09-17T00:54:31.740471Z[0m [32m INFO[0m [2mmoq_native_ietf::quic[0m[2m:[0m UDP socket bound [3mbind[0m[2m=[0m[::]:0 [3mlocal[0m[2m=[0m[::]:44449 [3mdual_stack[0m[2m=[0mtrue
[2m2026-09-17T00:54:31.817215Z[0m [32m INFO[0m [2mmoq_test_client::moqtest[0m[2m:[0m PUBLISH accepted and subscription bound; generating objects [3mobjects[0m[2m=[0m15 [3mstreams[0m[2m=[0m3
not ok 16 - moq-test-extensions
  ---
  duration_ms: 341
  message: "failed to create subgroup: cancelled"
  ...
[2m2026-09-17T00:54:31.836776Z[0m [32m INFO[0m [2mmoq_native_ietf::quic[0m[2m:[0m UDP socket bound [3mbind[0m[2m=[0m[::]:0 [3mlocal[0m[2m=[0m[::]:35661 [3mdual_stack[0m[2m=[0mtrue
[2m2026-09-17T00:54:32.129027Z[0m [32m INFO[0m [2mmoq_native_ietf::quic[0m[2m:[0m UDP socket bound [3mbind[0m[2m=[0m[::]:0 [3mlocal[0m[2m=[0m[::]:57258 [3mdual_stack[0m[2m=[0mtrue
[2m2026-09-17T00:54:32.191133Z[0m [32m INFO[0m [2mmoq_test_client::moqtest[0m[2m:[0m PUBLISH accepted and subscription bound; generating objects [3mobjects[0m[2m=[0m9 [3mstreams[0m[2m=[0m3
not ok 17 - moq-test-increments
  ---
  duration_ms: 364
  message: "failed to create subgroup: cancelled"
  ...
[2m2026-09-17T00:54:32.200809Z[0m [32m INFO[0m [2mmoq_native_ietf::quic[0m[2m:[0m UDP socket bound [3mbind[0m[2m=[0m[::]:0 [3mlocal[0m[2m=[0m[::]:46946 [3mdual_stack[0m[2m=[0mtrue
[2m2026-09-17T00:54:32.443986Z[0m [32m INFO[0m [2mmoq_native_ietf::quic[0m[2m:[0m UDP socket bound [3mbind[0m[2m=[0m[::]:0 [3mlocal[0m[2m=[0m[::]:54273 [3mdual_stack[0m[2m=[0mtrue
[2m2026-09-17T00:54:32.519325Z[0m [32m INFO[0m [2mmoq_test_client::moqtest[0m[2m:[0m PUBLISH accepted and subscription bound; generating objects [3mobjects[0m[2m=[0m6 [3mstreams[0m[2m=[0m2
not ok 18 - moq-test-forward-zero
  ---
  duration_ms: 328
  message: "failed to create subgroup: cancelled"
  ...
make[1]: *** [Makefile:122: test-external] Error 1
make[1]: Leaving directory '/home/runner/work/moq-interop-runner/moq-interop-runner/main'
