make[1]: Entering directory '/home/runner/work/moq-interop-runner/moq-interop-runner/main'
Running tests against moqt://moqt.nokiaresearch.com:4443/moq...
  Client: ghcr.io/englishm/moq-interop-runner-moq-test-client-draft-18:latest
docker run --rm \
	 \
	--network host \
	-e RELAY_URL=moqt://moqt.nokiaresearch.com:4443/moq \
	-e TLS_DISABLE_VERIFY=false \
	ghcr.io/englishm/moq-interop-runner-moq-test-client-draft-18:latest
TAP version 14
# moq-test-client v0.1.12
# Relay: moqt://moqt.nokiaresearch.com:4443/moq
1..18
[2m2026-09-17T00:51:52.295613Z[0m [32m INFO[0m [2mmoq_native_ietf::quic[0m[2m:[0m UDP socket bound [3mbind[0m[2m=[0m[::]:0 [3mlocal[0m[2m=[0m[::]:46358 [3mdual_stack[0m[2m=[0mtrue
[2m2026-09-17T00:51:52.686143Z[0m [32m INFO[0m [2mmoq_test_client::scenarios[0m[2m:[0m SETUP exchange completed successfully
ok 1 - setup-only
  ---
  duration_ms: 391
  connection_id: ab10d5934edb355b92b092ec7e3bf0e1
  ...
[2m2026-09-17T00:51:52.686812Z[0m [32m INFO[0m [2mmoq_native_ietf::quic[0m[2m:[0m UDP socket bound [3mbind[0m[2m=[0m[::]:0 [3mlocal[0m[2m=[0m[::]:34373 [3mdual_stack[0m[2m=[0mtrue
[2m2026-09-17T00:51:53.091648Z[0m [32m INFO[0m [2mmoq_test_client::scenarios[0m[2m:[0m Sending PUBLISH_NAMESPACE for: moq-test/interop
[2m2026-09-17T00:51:55.093129Z[0m [32m INFO[0m [2mmoq_test_client::scenarios[0m[2m:[0m PUBLISH_NAMESPACE succeeded (REQUEST_OK received, waiting for subscribers)
[2m2026-09-17T00:51:55.093838Z[0m [32m INFO[0m [2mmoq_native_ietf::quic[0m[2m:[0m UDP socket bound [3mbind[0m[2m=[0m[::]:0 [3mlocal[0m[2m=[0m[::]:37945 [3mdual_stack[0m[2m=[0mtrue
ok 2 - publish-namespace-only
  ---
  duration_ms: 2407
  connection_id: c31e07a153b872a7cd0451fb145469db
  ...
[2m2026-09-17T00:51:55.492286Z[0m [32m INFO[0m [2mmoq_test_client::scenarios[0m[2m:[0m Subscribing to non-existent track: nonexistent/namespace/test-track
[2m2026-09-17T00:51:55.622779Z[0m [33m WARN[0m [2mmoq_transport::serve::error[0m[2m:[0m [46ce1f2b-6590-439f-a7f8-9e624a9fe6a9] Not found: Track /nonexistent/namespace/test-track does not exist at moq-transport/src/session/subscriber.rs:1653
[2m2026-09-17T00:51:55.623001Z[0m [32m INFO[0m [2mmoq_test_client::scenarios[0m[2m:[0m Got expected 'not found' error: not found: Track not found [error:46ce1f2b-6590-439f-a7f8-9e624a9fe6a9]
[2m2026-09-17T00:51:55.623634Z[0m [32m INFO[0m [2mmoq_native_ietf::quic[0m[2m:[0m UDP socket bound [3mbind[0m[2m=[0m[::]:0 [3mlocal[0m[2m=[0m[::]:52060 [3mdual_stack[0m[2m=[0mtrue
ok 3 - subscribe-error
  ---
  duration_ms: 529
  connection_id: 9ae923cf01dcf3c7536087c541123095
  ...
[2m2026-09-17T00:51:56.024335Z[0m [32m INFO[0m [2mmoq_native_ietf::quic[0m[2m:[0m UDP socket bound [3mbind[0m[2m=[0m[::]:0 [3mlocal[0m[2m=[0m[::]:35315 [3mdual_stack[0m[2m=[0mtrue
[2m2026-09-17T00:51:56.569911Z[0m [32m INFO[0m [2mmoq_test_client::scenarios[0m[2m:[0m Publisher sending PUBLISH_NAMESPACE: moq-test/interop
[2m2026-09-17T00:51:56.569931Z[0m [32m INFO[0m [2mmoq_test_client::scenarios[0m[2m:[0m Subscriber subscribing to track: moq-test/interop/test-track
ok 4 - publish-namespace-subscribe
  ---
  duration_ms: 3947
  publisher_connection_id: 4d2a67dc86ff52cf0e3de2ebc078259b
  subscriber_connection_id: f34d63219b8bc0059d97ee2d25980712
  ...
[2m2026-09-17T00:51:59.570905Z[0m [32m INFO[0m [2mmoq_test_client::scenarios[0m[2m:[0m Test timeout reached - subscription routing may still be in progress
[2m2026-09-17T00:51:59.571568Z[0m [32m INFO[0m [2mmoq_native_ietf::quic[0m[2m:[0m UDP socket bound [3mbind[0m[2m=[0m[::]:0 [3mlocal[0m[2m=[0m[::]:48695 [3mdual_stack[0m[2m=[0mtrue
[2m2026-09-17T00:51:59.961564Z[0m [32m INFO[0m [2mmoq_test_client::scenarios[0m[2m:[0m Subscriber subscribing BEFORE PUBLISH_NAMESPACE: moq-test/interop/test-track
[2m2026-09-17T00:52:00.088808Z[0m [33m WARN[0m [2mmoq_transport::serve::error[0m[2m:[0m [0ecb793e-2603-4a97-90ec-463834657476] Not found: Track /moq-test/interop/test-track does not exist at moq-transport/src/session/subscriber.rs:1653
[2m2026-09-17T00:52:00.462845Z[0m [32m INFO[0m [2mmoq_native_ietf::quic[0m[2m:[0m UDP socket bound [3mbind[0m[2m=[0m[::]:0 [3mlocal[0m[2m=[0m[::]:59815 [3mdual_stack[0m[2m=[0mtrue
[2m2026-09-17T00:52:00.914705Z[0m [32m INFO[0m [2mmoq_test_client::scenarios[0m[2m:[0m Publisher sending PUBLISH_NAMESPACE (after subscriber): moq-test/interop
[2m2026-09-17T00:52:03.915848Z[0m [32m INFO[0m [2mmoq_test_client::scenarios[0m[2m:[0m Publisher PUBLISH_NAMESPACE timeout (expected)
[2m2026-09-17T00:52:03.915871Z[0m [32m INFO[0m [2mmoq_test_client::scenarios[0m[2m:[0m Subscriber got error: not found: Track not found [error:0ecb793e-2603-4a97-90ec-463834657476] (may be expected)
ok 5 - subscribe-before-publish-namespace
  ---
  duration_ms: 4344
  subscriber_connection_id: cbbec5e3bf58695476bed1c056e0cd93
  publisher_connection_id: 7eccda1617b217f45f529094fad4a434
  ...
[2m2026-09-17T00:52:03.916519Z[0m [32m INFO[0m [2mmoq_native_ietf::quic[0m[2m:[0m UDP socket bound [3mbind[0m[2m=[0m[::]:0 [3mlocal[0m[2m=[0m[::]:53524 [3mdual_stack[0m[2m=[0mtrue
[2m2026-09-17T00:52:04.317031Z[0m [32m INFO[0m [2mmoq_test_client::scenarios[0m[2m:[0m Sending PUBLISH_NAMESPACE: moq-test/interop
[2m2026-09-17T00:52:06.319225Z[0m [32m INFO[0m [2mmoq_test_client::scenarios[0m[2m:[0m PUBLISH_NAMESPACE active; sending PUBLISH_NAMESPACE_DONE
ok 6 - publish-namespace-done
  ---
  duration_ms: 2505
  connection_id: 19235d16c7ca052dd47f03cedf13bc67
  ...
[2m2026-09-17T00:52:06.420835Z[0m [32m INFO[0m [2mmoq_test_client::scenarios[0m[2m:[0m PUBLISH_NAMESPACE_DONE sent successfully
[2m2026-09-17T00:52:06.421537Z[0m [32m INFO[0m [2mmoq_native_ietf::quic[0m[2m:[0m UDP socket bound [3mbind[0m[2m=[0m[::]:0 [3mlocal[0m[2m=[0m[::]:52249 [3mdual_stack[0m[2m=[0mtrue
[2m2026-09-17T00:52:06.806793Z[0m [32m INFO[0m [2mmoq_test_client::scenarios[0m[2m:[0m Publisher sending direct PUBLISH [3mnamespace[0m[2m=[0m/moq-test/publish [3mtrack[0m[2m=[0m"published-track"
[2m2026-09-17T00:52:06.933721Z[0m [32m INFO[0m [2mmoq_test_client::scenarios[0m[2m:[0m PUBLISH accepted [3mnamespace[0m[2m=[0m/moq-test/publish [3mtrack[0m[2m=[0m"published-track"
[2m2026-09-17T00:52:06.933929Z[0m [32m INFO[0m [2mmoq_test_client::scenarios[0m[2m:[0m PUBLISH completed [3mnamespace[0m[2m=[0m/moq-test/publish [3mtrack[0m[2m=[0m"published-track"
ok 7 - publish-track-only
  ---
  duration_ms: 513
  connection_id: 7559a90dc0e14d7406db91c280066816
  ...
[2m2026-09-17T00:52:06.934526Z[0m [32m INFO[0m [2mmoq_native_ietf::quic[0m[2m:[0m UDP socket bound [3mbind[0m[2m=[0m[::]:0 [3mlocal[0m[2m=[0m[::]:52340 [3mdual_stack[0m[2m=[0mtrue
[2m2026-09-17T00:52:07.356370Z[0m [32m INFO[0m [2mmoq_native_ietf::quic[0m[2m:[0m UDP socket bound [3mbind[0m[2m=[0m[::]:0 [3mlocal[0m[2m=[0m[::]:57190 [3mdual_stack[0m[2m=[0mtrue
[2m2026-09-17T00:52:07.836143Z[0m [32m INFO[0m [2mmoq_test_client::scenarios[0m[2m:[0m Publisher sending direct PUBLISH before subscriber subscribes [3mnamespace[0m[2m=[0m/moq-test/publish [3mtrack[0m[2m=[0m"published-track"
[2m2026-09-17T00:52:07.968027Z[0m [32m INFO[0m [2mmoq_test_client::scenarios[0m[2m:[0m PUBLISH accepted; starting subscriber [3mnamespace[0m[2m=[0m/moq-test/publish [3mtrack[0m[2m=[0m"published-track"
not ok 8 - publish-track-subscribe
  ---
  duration_ms: 6266
  message: "subscriber track mode failed: closed, code=2"
  ...
[2m2026-09-17T00:52:13.200647Z[0m [33m WARN[0m [2mmoq_transport::session::subscriber[0m[2m:[0m PUBLISH_DONE Stream Count was never reached; ending subscription on timer [3mrequest_id[0m[2m=[0m0 [3mtimeout_ms[0m[2m=[0m5000
[2m2026-09-17T00:52:13.201404Z[0m [32m INFO[0m [2mmoq_native_ietf::quic[0m[2m:[0m UDP socket bound [3mbind[0m[2m=[0m[::]:0 [3mlocal[0m[2m=[0m[::]:36564 [3mdual_stack[0m[2m=[0mtrue
[2m2026-09-17T00:52:13.585358Z[0m [32m INFO[0m [2mmoq_test_client::scenarios[0m[2m:[0m Subscribing with RENDEZVOUS_TIMEOUT to a track with no publisher [3mtimeout_ms[0m[2m=[0m500
ok 9 - rendezvous-timeout
  ---
  duration_ms: 1010
  connection_id: b998f0b9eaba5f739ff07129350f4d91
  ...
[2m2026-09-17T00:52:14.211552Z[0m [32m INFO[0m [2mmoq_test_client::scenarios[0m[2m:[0m Received expected REQUEST_ERROR TIMEOUT
[2m2026-09-17T00:52:14.212180Z[0m [32m INFO[0m [2mmoq_native_ietf::quic[0m[2m:[0m UDP socket bound [3mbind[0m[2m=[0m[::]:0 [3mlocal[0m[2m=[0m[::]:37281 [3mdual_stack[0m[2m=[0mtrue
[2m2026-09-17T00:52:14.815146Z[0m [32m INFO[0m [2mmoq_native_ietf::quic[0m[2m:[0m UDP socket bound [3mbind[0m[2m=[0m[::]:0 [3mlocal[0m[2m=[0m[::]:48618 [3mdual_stack[0m[2m=[0mtrue
[2m2026-09-17T00:52:15.347024Z[0m [32m INFO[0m [2mmoq_test_client::moqtest[0m[2m:[0m PUBLISH accepted and subscription bound; generating objects [3mobjects[0m[2m=[0m15 [3mstreams[0m[2m=[0m3
[2m2026-09-17T00:52:15.395837Z[0m [32m INFO[0m [2mmoq_test_client::moqtest[0m[2m:[0m PUBLISH completed
not ok 10 - moq-test-subgroup-per-group
  ---
  duration_ms: 6315
  message: "moq-test verification failed: PUBLISH_DONE stream count 4611686018427387903 != expected 3"
  ...
[2m2026-09-17T00:52:20.526621Z[0m [33m WARN[0m [2mmoq_transport::session::subscriber[0m[2m:[0m PUBLISH_DONE Stream Count was never reached; ending subscription on timer [3mrequest_id[0m[2m=[0m0 [3mtimeout_ms[0m[2m=[0m5000
[2m2026-09-17T00:52:20.527575Z[0m [32m INFO[0m [2mmoq_native_ietf::quic[0m[2m:[0m UDP socket bound [3mbind[0m[2m=[0m[::]:0 [3mlocal[0m[2m=[0m[::]:46814 [3mdual_stack[0m[2m=[0mtrue
[2m2026-09-17T00:52:21.133941Z[0m [32m INFO[0m [2mmoq_native_ietf::quic[0m[2m:[0m UDP socket bound [3mbind[0m[2m=[0m[::]:0 [3mlocal[0m[2m=[0m[::]:53843 [3mdual_stack[0m[2m=[0mtrue
[2m2026-09-17T00:52:21.666503Z[0m [32m INFO[0m [2mmoq_test_client::moqtest[0m[2m:[0m PUBLISH accepted and subscription bound; generating objects [3mobjects[0m[2m=[0m15 [3mstreams[0m[2m=[0m3
[2m2026-09-17T00:52:21.722173Z[0m [32m INFO[0m [2mmoq_test_client::moqtest[0m[2m:[0m PUBLISH completed
[2m2026-09-17T00:52:26.852919Z[0m [33m WARN[0m [2mmoq_transport::session::subscriber[0m[2m:[0m PUBLISH_DONE Stream Count was never reached; ending subscription on timer [3mrequest_id[0m[2m=[0m0 [3mtimeout_ms[0m[2m=[0m5000
[2m2026-09-17T00:52:26.853786Z[0m [32m INFO[0m [2mmoq_native_ietf::quic[0m[2m:[0m UDP socket bound [3mbind[0m[2m=[0m[::]:0 [3mlocal[0m[2m=[0m[::]:54247 [3mdual_stack[0m[2m=[0mtrue
not ok 11 - moq-test-subgroup-per-group-eog
  ---
  duration_ms: 6326
  message: "moq-test verification failed: PUBLISH_DONE stream count 4611686018427387903 != expected 3"
  ...
[2m2026-09-17T00:52:27.457334Z[0m [32m INFO[0m [2mmoq_native_ietf::quic[0m[2m:[0m UDP socket bound [3mbind[0m[2m=[0m[::]:0 [3mlocal[0m[2m=[0m[::]:49400 [3mdual_stack[0m[2m=[0mtrue
[2m2026-09-17T00:52:27.987870Z[0m [32m INFO[0m [2mmoq_test_client::moqtest[0m[2m:[0m PUBLISH accepted and subscription bound; generating objects [3mobjects[0m[2m=[0m8 [3mstreams[0m[2m=[0m8
[2m2026-09-17T00:52:28.013262Z[0m [32m INFO[0m [2mmoq_test_client::moqtest[0m[2m:[0m PUBLISH completed
ok 12 - moq-test-subgroup-per-object
  ---
  duration_ms: 1289
  subscriber_connection_id: e0852fcdb01e7de52f33333b988d1d44
  publisher_connection_id: 2738743e13298ccd5049d99dbfec6007
  ...
[2m2026-09-17T00:52:28.142995Z[0m [32m INFO[0m [2mmoq_test_client[0m[2m:[0m moq-test passed: objects 8/8, eog 0/0, streams 8, publish_done status=2 stream_count=8 reason=ReasonPhrase("publish ended")
[2m2026-09-17T00:52:28.143564Z[0m [32m INFO[0m [2mmoq_native_ietf::quic[0m[2m:[0m UDP socket bound [3mbind[0m[2m=[0m[::]:0 [3mlocal[0m[2m=[0m[::]:34025 [3mdual_stack[0m[2m=[0mtrue
[2m2026-09-17T00:52:28.752492Z[0m [32m INFO[0m [2mmoq_native_ietf::quic[0m[2m:[0m UDP socket bound [3mbind[0m[2m=[0m[::]:0 [3mlocal[0m[2m=[0m[::]:40837 [3mdual_stack[0m[2m=[0mtrue
[2m2026-09-17T00:52:29.272275Z[0m [32m INFO[0m [2mmoq_test_client::moqtest[0m[2m:[0m PUBLISH accepted and subscription bound; generating objects [3mobjects[0m[2m=[0m18 [3mstreams[0m[2m=[0m6
[2m2026-09-17T00:52:29.338323Z[0m [32m INFO[0m [2mmoq_test_client::moqtest[0m[2m:[0m PUBLISH completed
ok 13 - moq-test-two-subgroups-eog
  ---
  duration_ms: 1325
  subscriber_connection_id: a88b70ba373d6e89bda177aca9a7db28
  publisher_connection_id: 79ead6a93b4dbe258680298a085281d9
  ...
[2m2026-09-17T00:52:29.468170Z[0m [32m INFO[0m [2mmoq_test_client[0m[2m:[0m moq-test passed: objects 18/18, eog 3/3, streams 6, publish_done status=2 stream_count=6 reason=ReasonPhrase("publish ended")
[2m2026-09-17T00:52:29.468750Z[0m [32m INFO[0m [2mmoq_native_ietf::quic[0m[2m:[0m UDP socket bound [3mbind[0m[2m=[0m[::]:0 [3mlocal[0m[2m=[0m[::]:60513 [3mdual_stack[0m[2m=[0mtrue
[2m2026-09-17T00:52:30.134863Z[0m [32m INFO[0m [2mmoq_native_ietf::quic[0m[2m:[0m UDP socket bound [3mbind[0m[2m=[0m[::]:0 [3mlocal[0m[2m=[0m[::]:60543 [3mdual_stack[0m[2m=[0mtrue
[2m2026-09-17T00:52:30.671377Z[0m [32m INFO[0m [2mmoq_test_client::moqtest[0m[2m:[0m PUBLISH accepted and subscription bound; generating objects [3mobjects[0m[2m=[0m15 [3mstreams[0m[2m=[0m0
[2m2026-09-17T00:52:30.990044Z[0m [32m INFO[0m [2mmoq_test_client::moqtest[0m[2m:[0m PUBLISH completed
ok 14 - moq-test-datagram
  ---
  duration_ms: 1652
  subscriber_connection_id: 01048c00b9d15e6aa11021aa00731713
  publisher_connection_id: 602a3314fefc2739e73890377a93100e
  ...
[2m2026-09-17T00:52:31.120831Z[0m [32m INFO[0m [2mmoq_test_client[0m[2m:[0m moq-test passed: objects 15/15, eog 0/0, streams 0, publish_done status=2 stream_count=0 reason=ReasonPhrase("publish ended")
[2m2026-09-17T00:52:31.121459Z[0m [32m INFO[0m [2mmoq_native_ietf::quic[0m[2m:[0m UDP socket bound [3mbind[0m[2m=[0m[::]:0 [3mlocal[0m[2m=[0m[::]:60856 [3mdual_stack[0m[2m=[0mtrue
[2m2026-09-17T00:52:31.708336Z[0m [32m INFO[0m [2mmoq_native_ietf::quic[0m[2m:[0m UDP socket bound [3mbind[0m[2m=[0m[::]:0 [3mlocal[0m[2m=[0m[::]:60617 [3mdual_stack[0m[2m=[0mtrue
[2m2026-09-17T00:52:32.230400Z[0m [32m INFO[0m [2mmoq_test_client::moqtest[0m[2m:[0m PUBLISH accepted and subscription bound; generating objects [3mobjects[0m[2m=[0m15 [3mstreams[0m[2m=[0m0
[2m2026-09-17T00:52:32.612209Z[0m [32m INFO[0m [2mmoq_test_client::moqtest[0m[2m:[0m PUBLISH completed
[2m2026-09-17T00:52:37.738799Z[0m [33m WARN[0m [2mmoq_transport::session::subscriber[0m[2m:[0m PUBLISH_DONE Stream Count was never reached; ending subscription on timer [3mrequest_id[0m[2m=[0m0 [3mtimeout_ms[0m[2m=[0m5000
not ok 15 - moq-test-datagram-eog
  ---
  duration_ms: 6618
  message: "moq-test verification failed: PUBLISH_DONE stream count 4611686018427387903 != expected 0"
  ...
[2m2026-09-17T00:52:37.739694Z[0m [32m INFO[0m [2mmoq_native_ietf::quic[0m[2m:[0m UDP socket bound [3mbind[0m[2m=[0m[::]:0 [3mlocal[0m[2m=[0m[::]:42326 [3mdual_stack[0m[2m=[0mtrue
[2m2026-09-17T00:52:38.327038Z[0m [32m INFO[0m [2mmoq_native_ietf::quic[0m[2m:[0m UDP socket bound [3mbind[0m[2m=[0m[::]:0 [3mlocal[0m[2m=[0m[::]:56212 [3mdual_stack[0m[2m=[0mtrue
[2m2026-09-17T00:52:38.829180Z[0m [32m INFO[0m [2mmoq_test_client::moqtest[0m[2m:[0m PUBLISH accepted and subscription bound; generating objects [3mobjects[0m[2m=[0m15 [3mstreams[0m[2m=[0m3
[2m2026-09-17T00:52:38.887535Z[0m [32m INFO[0m [2mmoq_test_client::moqtest[0m[2m:[0m PUBLISH completed
ok 16 - moq-test-extensions
  ---
  duration_ms: 1270
  subscriber_connection_id: 7f2dee2fbd4e33cf4902553612c601ab
  publisher_connection_id: 4f932b5f1e4ab9209cf402a881e1583c
  ...
[2m2026-09-17T00:52:39.009998Z[0m [32m INFO[0m [2mmoq_test_client[0m[2m:[0m moq-test passed: objects 15/15, eog 3/3, streams 3, publish_done status=2 stream_count=3 reason=ReasonPhrase("publish ended")
[2m2026-09-17T00:52:39.010614Z[0m [32m INFO[0m [2mmoq_native_ietf::quic[0m[2m:[0m UDP socket bound [3mbind[0m[2m=[0m[::]:0 [3mlocal[0m[2m=[0m[::]:49693 [3mdual_stack[0m[2m=[0mtrue
[2m2026-09-17T00:52:39.594547Z[0m [32m INFO[0m [2mmoq_native_ietf::quic[0m[2m:[0m UDP socket bound [3mbind[0m[2m=[0m[::]:0 [3mlocal[0m[2m=[0m[::]:45256 [3mdual_stack[0m[2m=[0mtrue
[2m2026-09-17T00:52:40.112347Z[0m [32m INFO[0m [2mmoq_test_client::moqtest[0m[2m:[0m PUBLISH accepted and subscription bound; generating objects [3mobjects[0m[2m=[0m9 [3mstreams[0m[2m=[0m3
[2m2026-09-17T00:52:40.142095Z[0m [32m INFO[0m [2mmoq_test_client::moqtest[0m[2m:[0m PUBLISH completed
ok 17 - moq-test-increments
  ---
  duration_ms: 1257
  subscriber_connection_id: e7e51f6ce7372c06b0a7ed498844bbcf
  publisher_connection_id: ff623f38292924f72b90c82043818445
  ...
[2m2026-09-17T00:52:40.267218Z[0m [32m INFO[0m [2mmoq_test_client[0m[2m:[0m moq-test passed: objects 9/9, eog 0/0, streams 3, publish_done status=2 stream_count=3 reason=ReasonPhrase("publish ended")
[2m2026-09-17T00:52:40.267833Z[0m [32m INFO[0m [2mmoq_native_ietf::quic[0m[2m:[0m UDP socket bound [3mbind[0m[2m=[0m[::]:0 [3mlocal[0m[2m=[0m[::]:59163 [3mdual_stack[0m[2m=[0mtrue
[2m2026-09-17T00:52:40.866094Z[0m [32m INFO[0m [2mmoq_native_ietf::quic[0m[2m:[0m UDP socket bound [3mbind[0m[2m=[0m[::]:0 [3mlocal[0m[2m=[0m[::]:42930 [3mdual_stack[0m[2m=[0mtrue
[2m2026-09-17T00:52:41.393264Z[0m [32m INFO[0m [2mmoq_test_client::moqtest[0m[2m:[0m PUBLISH accepted and subscription bound; generating objects [3mobjects[0m[2m=[0m6 [3mstreams[0m[2m=[0m2
[2m2026-09-17T00:52:41.414122Z[0m [32m INFO[0m [2mmoq_test_client::moqtest[0m[2m:[0m PUBLISH completed
not ok 18 - moq-test-forward-zero
  ---
  duration_ms: 6277
  message: "moq-test verification failed: PUBLISH_DONE stream count 2 != expected 0"
  ...
[2m2026-09-17T00:52:46.544377Z[0m [33m WARN[0m [2mmoq_transport::session::subscriber[0m[2m:[0m PUBLISH_DONE Stream Count was never reached; ending subscription on timer [3mrequest_id[0m[2m=[0m0 [3mtimeout_ms[0m[2m=[0m5000
make[1]: *** [Makefile:122: test-external] Error 1
make[1]: Leaving directory '/home/runner/work/moq-interop-runner/moq-interop-runner/main'
