make[1]: Entering directory '/home/runner/work/moq-interop-runner/moq-interop-runner/main'
Running tests against https://us-west-2.relay.quicr.org:33437/relay...
  Client: ghcr.io/openmoq/moqx-interop-client:latest
docker run --rm \
	 \
	--network host \
	-e RELAY_URL=https://us-west-2.relay.quicr.org:33437/relay \
	-e TLS_DISABLE_VERIFY=1 \
	ghcr.io/openmoq/moqx-interop-client:latest
TAP version 14
# moxygen interop test client
# Relay: https://us-west-2.relay.quicr.org:33437/relay
# Transport: WebTransport
# Offered ALPNs: moqt-18, moqt-16, moqt-15, moq-00
1..6
W0917 01:54:31.622888     1 MoQWebTransportClient.cpp:175] WebTransport: No WT-Protocol header in response, will use legacy version negotiation
E0917 01:54:31.675492     1 MoQFramer.cpp:1148] Server selected version draft-1 but we only offer draft-14 in legacy mode
E0917 01:54:31.675513     1 MoQCodec.cpp:126] Conn error=21
E0917 01:54:31.675516     1 MoQSession.cpp:5836] MoQCodec control stream parse error err=21
not ok 1 - setup-only
  ---
  duration_ms: 244
  error: coroutine operation cancelled
  ...
W0917 01:54:31.970064     1 MoQWebTransportClient.cpp:175] WebTransport: No WT-Protocol header in response, will use legacy version negotiation
E0917 01:54:32.026282     1 MoQFramer.cpp:1148] Server selected version draft-1 but we only offer draft-14 in legacy mode
E0917 01:54:32.026304     1 MoQCodec.cpp:126] Conn error=21
E0917 01:54:32.026306     1 MoQSession.cpp:5836] MoQCodec control stream parse error err=21
not ok 2 - announce-only
  ---
  duration_ms: 350
  error: coroutine operation cancelled
  ...
W0917 01:54:32.325412     1 MoQWebTransportClient.cpp:175] WebTransport: No WT-Protocol header in response, will use legacy version negotiation
E0917 01:54:32.378733     1 MoQFramer.cpp:1148] Server selected version draft-1 but we only offer draft-14 in legacy mode
E0917 01:54:32.378779     1 MoQCodec.cpp:126] Conn error=21
E0917 01:54:32.378781     1 MoQSession.cpp:5836] MoQCodec control stream parse error err=21
not ok 3 - subscribe-error
  ---
  duration_ms: 352
  error: coroutine operation cancelled
  ...
W0917 01:54:32.681901     1 MoQWebTransportClient.cpp:175] WebTransport: No WT-Protocol header in response, will use legacy version negotiation
E0917 01:54:32.737578     1 MoQFramer.cpp:1148] Server selected version draft-1 but we only offer draft-14 in legacy mode
E0917 01:54:32.737592     1 MoQCodec.cpp:126] Conn error=21
E0917 01:54:32.737595     1 MoQSession.cpp:5836] MoQCodec control stream parse error err=21
not ok 4 - announce-subscribe
  ---
  duration_ms: 358
  error: coroutine operation cancelled
  ...
W0917 01:54:32.892427     1 MoQWebTransportClient.cpp:175] WebTransport: No WT-Protocol header in response, will use legacy version negotiation
E0917 01:54:32.945550     1 MoQFramer.cpp:1148] Server selected version draft-1 but we only offer draft-14 in legacy mode
E0917 01:54:32.945579     1 MoQCodec.cpp:126] Conn error=21
E0917 01:54:32.945582     1 MoQSession.cpp:5836] MoQCodec control stream parse error err=21
not ok 5 - publish-namespace-done
  ---
  duration_ms: 207
  error: coroutine operation cancelled
  ...
W0917 01:54:33.062522     1 MoQWebTransportClient.cpp:175] WebTransport: No WT-Protocol header in response, will use legacy version negotiation
E0917 01:54:33.115695     1 MoQFramer.cpp:1148] Server selected version draft-1 but we only offer draft-14 in legacy mode
E0917 01:54:33.115715     1 MoQCodec.cpp:126] Conn error=21
E0917 01:54:33.115718     1 MoQSession.cpp:5836] MoQCodec control stream parse error err=21
not ok 6 - subscribe-before-announce
  ---
  duration_ms: 169
  error: coroutine operation cancelled
  ...
make[1]: *** [Makefile:122: test-external] Error 1
make[1]: Leaving directory '/home/runner/work/moq-interop-runner/moq-interop-runner/main'
