make[1]: Entering directory '/home/runner/work/moq-interop-runner/moq-interop-runner/main'
Running tests against https://us-west-2.relay.quicr.org:33437/relay...
  Client: ghcr.io/facebookexperimental/moxygen-interop-client:latest-amd64
docker run --rm \
	 \
	--network host \
	-e RELAY_URL=https://us-west-2.relay.quicr.org:33437/relay \
	-e TLS_DISABLE_VERIFY=1 \
	ghcr.io/facebookexperimental/moxygen-interop-client:latest-amd64
TAP version 14
# moxygen interop test client
# Relay: https://us-west-2.relay.quicr.org:33437/relay
# Transport: WebTransport
# Offered ALPNs: moqt-18, moqt-16, moqt-15, moq-00
1..6
W0917 01:56:20.564537     1 MoQWebTransportClient.cpp:178] WebTransport: No WT-Protocol header in response, will use legacy version negotiation
E0917 01:56:20.617474     1 MoQFramer.cpp:1041] Server selected version draft-1 but we only offer draft-14 in legacy mode
E0917 01:56:20.617492     1 MoQCodec.cpp:126] Conn error=21
E0917 01:56:20.617494     1 MoQSession.cpp:5888] MoQCodec control stream parse error err=21
not ok 1 - setup-only
  ---
  duration_ms: 240
  error: coroutine operation cancelled
  ...
W0917 01:56:20.736543     1 MoQWebTransportClient.cpp:178] WebTransport: No WT-Protocol header in response, will use legacy version negotiation
not ok 2 - announce-only
  ---
  duration_ms: 176
  error: coroutine operation cancelled
  ...
E0917 01:56:20.794202     1 MoQFramer.cpp:1041] Server selected version draft-1 but we only offer draft-14 in legacy mode
E0917 01:56:20.794219     1 MoQCodec.cpp:126] Conn error=21
E0917 01:56:20.794221     1 MoQSession.cpp:5888] MoQCodec control stream parse error err=21
W0917 01:56:21.121606     1 MoQWebTransportClient.cpp:178] WebTransport: No WT-Protocol header in response, will use legacy version negotiation
E0917 01:56:21.174708     1 MoQFramer.cpp:1041] Server selected version draft-1 but we only offer draft-14 in legacy mode
E0917 01:56:21.174726     1 MoQCodec.cpp:126] Conn error=21
E0917 01:56:21.174728     1 MoQSession.cpp:5888] MoQCodec control stream parse error err=21
not ok 3 - subscribe-error
  ---
  duration_ms: 380
  error: coroutine operation cancelled
  ...
W0917 01:56:21.293172     1 MoQWebTransportClient.cpp:178] WebTransport: No WT-Protocol header in response, will use legacy version negotiation
E0917 01:56:21.346504     1 MoQFramer.cpp:1041] Server selected version draft-1 but we only offer draft-14 in legacy mode
E0917 01:56:21.346525     1 MoQCodec.cpp:126] Conn error=21
E0917 01:56:21.346528     1 MoQSession.cpp:5888] MoQCodec control stream parse error err=21
not ok 4 - announce-subscribe
  ---
  duration_ms: 171
  error: coroutine operation cancelled
  ...
W0917 01:56:21.522223     1 MoQWebTransportClient.cpp:178] WebTransport: No WT-Protocol header in response, will use legacy version negotiation
E0917 01:56:21.579475     1 MoQFramer.cpp:1041] Server selected version draft-1 but we only offer draft-14 in legacy mode
E0917 01:56:21.579494     1 MoQCodec.cpp:126] Conn error=21
E0917 01:56:21.579497     1 MoQSession.cpp:5888] MoQCodec control stream parse error err=21
not ok 5 - publish-namespace-done
  ---
  duration_ms: 232
  error: coroutine operation cancelled
  ...
W0917 01:56:21.771478     1 MoQWebTransportClient.cpp:178] WebTransport: No WT-Protocol header in response, will use legacy version negotiation
E0917 01:56:21.824256     1 MoQFramer.cpp:1041] Server selected version draft-1 but we only offer draft-14 in legacy mode
E0917 01:56:21.824272     1 MoQCodec.cpp:126] Conn error=21
E0917 01:56:21.824274     1 MoQSession.cpp:5888] MoQCodec control stream parse error err=21
not ok 6 - subscribe-before-announce
  ---
  duration_ms: 244
  error: coroutine operation cancelled
  ...
make[1]: *** [Makefile:122: test-external] Error 1
make[1]: Leaving directory '/home/runner/work/moq-interop-runner/moq-interop-runner/main'
