make[1]: Entering directory '/home/runner/work/moq-interop-runner/moq-interop-runner/main'
Running tests against moqt://moqt.nokiaresearch.com:4443/moq...
  Client: ghcr.io/englishm/moq-interop-runner-moq-test-client-draft-18:latest
docker run --rm \
	 \
	--network host \
	-e RELAY_URL=moqt://moqt.nokiaresearch.com:4443/moq \
	-e TLS_DISABLE_VERIFY=false \
	ghcr.io/englishm/moq-interop-runner-moq-test-client-draft-18:latest
TAP version 14
# moq-test-client v0.1.10
# Relay: moqt://moqt.nokiaresearch.com:4443/moq
1..6
[2m2026-08-12T00:50:58.734226Z[0m [32m INFO[0m [2mmoq_native_ietf::quic[0m[2m:[0m UDP socket bound [3mbind[0m[2m=[0m[::]:0 [3mlocal[0m[2m=[0m[::]:39683 [3mdual_stack[0m[2m=[0mtrue
[2m2026-08-12T00:50:59.129837Z[0m [32m INFO[0m [2mmoq_test_client::scenarios[0m[2m:[0m SETUP exchange completed successfully
ok 1 - setup-only
  ---
  duration_ms: 396
  connection_id: 373c8945655d5d22db40aa6b73fe673a
  ...
[2m2026-08-12T00:50:59.130700Z[0m [32m INFO[0m [2mmoq_native_ietf::quic[0m[2m:[0m UDP socket bound [3mbind[0m[2m=[0m[::]:0 [3mlocal[0m[2m=[0m[::]:44430 [3mdual_stack[0m[2m=[0mtrue
[2m2026-08-12T00:50:59.445051Z[0m [32m INFO[0m [2mmoq_test_client::scenarios[0m[2m:[0m Sending PUBLISH_NAMESPACE for: moq-test/interop
[2m2026-08-12T00:51:01.447201Z[0m [32m INFO[0m [2mmoq_test_client::scenarios[0m[2m:[0m PUBLISH_NAMESPACE succeeded (REQUEST_OK received, waiting for subscribers)
ok 2 - publish-namespace-only
  ---
  duration_ms: 2317
  connection_id: dd7ce71c48a1e23af95e312fee7a373f
  ...
[2m2026-08-12T00:51:01.448024Z[0m [32m INFO[0m [2mmoq_native_ietf::quic[0m[2m:[0m UDP socket bound [3mbind[0m[2m=[0m[::]:0 [3mlocal[0m[2m=[0m[::]:40308 [3mdual_stack[0m[2m=[0mtrue
[2m2026-08-12T00:51:01.767189Z[0m [32m INFO[0m [2mmoq_test_client::scenarios[0m[2m:[0m Subscribing to non-existent track: nonexistent/namespace/test-track
[2m2026-08-12T00:51:01.868365Z[0m [33m WARN[0m [2mmoq_transport::serve::error[0m[2m:[0m [b236d926-baf0-422c-9626-d640a03831bb] Not found: Track /nonexistent/namespace/test-track does not exist at moq-transport/src/session/subscriber.rs:483
[2m2026-08-12T00:51:01.868391Z[0m [33m WARN[0m [2mmoq_transport::session::reader[0m[2m:[0m [READER] decode: stream ended while waiting for data (have=0 bytes, need=1)
[2m2026-08-12T00:51:01.868427Z[0m [32m INFO[0m [2mmoq_test_client::scenarios[0m[2m:[0m Got expected 'not found' error: not found: Track not found [error:b236d926-baf0-422c-9626-d640a03831bb]
ok 3 - subscribe-error
  ---
  duration_ms: 421
  connection_id: cce7fcd7295fa371984a0800f1811640
  ...
[2m2026-08-12T00:51:01.869395Z[0m [32m INFO[0m [2mmoq_native_ietf::quic[0m[2m:[0m UDP socket bound [3mbind[0m[2m=[0m[::]:0 [3mlocal[0m[2m=[0m[::]:59103 [3mdual_stack[0m[2m=[0mtrue
[2m2026-08-12T00:51:02.223713Z[0m [32m INFO[0m [2mmoq_native_ietf::quic[0m[2m:[0m UDP socket bound [3mbind[0m[2m=[0m[::]:0 [3mlocal[0m[2m=[0m[::]:54786 [3mdual_stack[0m[2m=[0mtrue
[2m2026-08-12T00:51:02.537565Z[0m [32m INFO[0m [2mmoq_test_client::scenarios[0m[2m:[0m Publisher sending PUBLISH_NAMESPACE: moq-test/interop
[2m2026-08-12T00:51:02.537589Z[0m [32m INFO[0m [2mmoq_test_client::scenarios[0m[2m:[0m Subscriber subscribing to track: moq-test/interop/test-track
[2m2026-08-12T00:51:02.639053Z[0m [33m WARN[0m [2mmoq_transport::session::reader[0m[2m:[0m [READER] decode: stream ended while waiting for data (have=0 bytes, need=1)
[2m2026-08-12T00:51:05.538605Z[0m [32m INFO[0m [2mmoq_test_client::scenarios[0m[2m:[0m Test timeout reached - subscription routing may still be in progress
ok 4 - publish-namespace-subscribe
  ---
  duration_ms: 3670
  publisher_connection_id: ff399b86f6aabecba29307a665a332d4
  subscriber_connection_id: 10f7b98de5dc567653c5307e3dae4457
  ...
[2m2026-08-12T00:51:05.539442Z[0m [32m INFO[0m [2mmoq_native_ietf::quic[0m[2m:[0m UDP socket bound [3mbind[0m[2m=[0m[::]:0 [3mlocal[0m[2m=[0m[::]:40554 [3mdual_stack[0m[2m=[0mtrue
[2m2026-08-12T00:51:05.849000Z[0m [32m INFO[0m [2mmoq_test_client::scenarios[0m[2m:[0m Subscriber subscribing BEFORE PUBLISH_NAMESPACE: moq-test/interop/test-track
[2m2026-08-12T00:51:05.950020Z[0m [33m WARN[0m [2mmoq_transport::serve::error[0m[2m:[0m [ecb32977-dc63-416a-b87d-3a72e3fdc754] Not found: Track /moq-test/interop/test-track does not exist at moq-transport/src/session/subscriber.rs:483
[2m2026-08-12T00:51:05.950045Z[0m [33m WARN[0m [2mmoq_transport::session::reader[0m[2m:[0m [READER] decode: stream ended while waiting for data (have=0 bytes, need=1)
[2m2026-08-12T00:51:06.349989Z[0m [32m INFO[0m [2mmoq_native_ietf::quic[0m[2m:[0m UDP socket bound [3mbind[0m[2m=[0m[::]:0 [3mlocal[0m[2m=[0m[::]:43395 [3mdual_stack[0m[2m=[0mtrue
[2m2026-08-12T00:51:06.668132Z[0m [32m INFO[0m [2mmoq_test_client::scenarios[0m[2m:[0m Publisher sending PUBLISH_NAMESPACE (after subscriber): moq-test/interop
[2m2026-08-12T00:51:09.669676Z[0m [32m INFO[0m [2mmoq_test_client::scenarios[0m[2m:[0m Publisher PUBLISH_NAMESPACE timeout (expected)
[2m2026-08-12T00:51:09.669707Z[0m [32m INFO[0m [2mmoq_test_client::scenarios[0m[2m:[0m Subscriber got error: not found: Track not found [error:ecb32977-dc63-416a-b87d-3a72e3fdc754] (may be expected)
ok 5 - subscribe-before-publish-namespace
  ---
  duration_ms: 4131
  subscriber_connection_id: 7a87859222371859c13c091cb0da422e
  publisher_connection_id: b665899d33955de3435d2d46a9abf163
  ...
[2m2026-08-12T00:51:09.670603Z[0m [32m INFO[0m [2mmoq_native_ietf::quic[0m[2m:[0m UDP socket bound [3mbind[0m[2m=[0m[::]:0 [3mlocal[0m[2m=[0m[::]:43411 [3mdual_stack[0m[2m=[0mtrue
[2m2026-08-12T00:51:09.980836Z[0m [32m INFO[0m [2mmoq_test_client::scenarios[0m[2m:[0m Sending PUBLISH_NAMESPACE: moq-test/interop
[2m2026-08-12T00:51:11.981526Z[0m [32m INFO[0m [2mmoq_test_client::scenarios[0m[2m:[0m PUBLISH_NAMESPACE active; sending PUBLISH_NAMESPACE_DONE
[2m2026-08-12T00:51:12.082832Z[0m [32m INFO[0m [2mmoq_test_client::scenarios[0m[2m:[0m PUBLISH_NAMESPACE_DONE sent successfully
ok 6 - publish-namespace-done
  ---
  duration_ms: 2413
  connection_id: 07be0155c65a2a17bc0c1900e45628e1
  ...
make[1]: Leaving directory '/home/runner/work/moq-interop-runner/moq-interop-runner/main'
