make[1]: Entering directory '/home/runner/work/moq-interop-runner/moq-interop-runner/main'
Running tests against moqt://us-west-2.relay.quicr.org:33437...
  Client: ghcr.io/englishm/moq-interop-runner-moq-test-client-draft-16:latest
docker run --rm \
	 \
	--network host \
	-e RELAY_URL=moqt://us-west-2.relay.quicr.org:33437 \
	-e TLS_DISABLE_VERIFY=1 \
	ghcr.io/englishm/moq-interop-runner-moq-test-client-draft-16:latest
TAP version 14
# moq-test-client v0.1.0
# Relay: moqt://us-west-2.relay.quicr.org:33437
1..6
ok 1 - setup-only
  ---
  duration_ms: 160
  connection_id: 2467bf3f01d81142b2044151cc5c6c11
  ...
ok 2 - announce-only
  ---
  duration_ms: 2161
  connection_id: a86fa65f6ac33a8dd2db9919cc41671c
  ...
not ok 3 - subscribe-error
  ---
  duration_ms: 378
  message: "session error: decode error: invalid message: 1: invalid message: 1"
  ...
[2026-08-12T01:20:42Z ERROR moq_transport::session::reader] [READER] decode: ERROR decoding moq_transport::message::Message - InvalidMessage(1) (buffer_len=5)
not ok 4 - announce-subscribe
  ---
  duration_ms: 573
  message: "subscriber session error: decode error: invalid message: 1: invalid message: 1"
  ...
[2026-08-12T01:20:43Z ERROR moq_transport::session::reader] [READER] decode: ERROR decoding moq_transport::message::Message - InvalidMessage(1) (buffer_len=5)
[2026-08-12T01:20:43Z ERROR moq_transport::session::reader] [READER] decode: ERROR decoding moq_transport::message::Message - InvalidMessage(1) (buffer_len=5)
ok 5 - subscribe-before-announce
  ---
  duration_ms: 3923
  subscriber_connection_id: 50a25fb4a3de4e5bcb0c4adb85c3b0ae
  publisher_connection_id: 10a3a25d06ee6ef5a25d08f415fdc00e
  ...
ok 6 - publish-namespace-done
  ---
  duration_ms: 2270
  connection_id: 169f69fc1fa1f35a1e744db07d73b728
  ...
make[1]: *** [Makefile:122: test-external] Error 1
make[1]: Leaving directory '/home/runner/work/moq-interop-runner/moq-interop-runner/main'
