make[1]: Entering directory '/home/runner/work/moq-interop-runner/moq-interop-runner/main'
Running tests against https://moqt.nokiaresearch.com:4443/moq...
  Client: ghcr.io/englishm/moq-interop-runner-moq-test-client-draft-18:latest
docker run --rm \
	 \
	--network host \
	-e RELAY_URL=https://moqt.nokiaresearch.com:4443/moq \
	-e TLS_DISABLE_VERIFY=false \
	ghcr.io/englishm/moq-interop-runner-moq-test-client-draft-18:latest
TAP version 14
# moq-test-client v0.1.10
# Relay: https://moqt.nokiaresearch.com:4443/moq
1..6
[2m2026-08-12T00:51:12.231144Z[0m [32m INFO[0m [2mmoq_native_ietf::quic[0m[2m:[0m UDP socket bound [3mbind[0m[2m=[0m[::]:0 [3mlocal[0m[2m=[0m[::]:39949 [3mdual_stack[0m[2m=[0mtrue
[2m2026-08-12T00:51:12.859736Z[0m [32m INFO[0m [2mmoq_test_client::scenarios[0m[2m:[0m SETUP exchange completed successfully
ok 1 - setup-only
  ---
  duration_ms: 629
  connection_id: 7414547c9fcd6bcd08e86c4b83000f3d
  ...
[2m2026-08-12T00:51:12.860629Z[0m [32m INFO[0m [2mmoq_native_ietf::quic[0m[2m:[0m UDP socket bound [3mbind[0m[2m=[0m[::]:0 [3mlocal[0m[2m=[0m[::]:57628 [3mdual_stack[0m[2m=[0mtrue
[2m2026-08-12T00:51:13.385605Z[0m [32m INFO[0m [2mmoq_test_client::scenarios[0m[2m:[0m Sending PUBLISH_NAMESPACE for: moq-test/interop
[2m2026-08-12T00:51:15.386449Z[0m [32m INFO[0m [2mmoq_test_client::scenarios[0m[2m:[0m PUBLISH_NAMESPACE succeeded (REQUEST_OK received, waiting for subscribers)
ok 2 - publish-namespace-only
  ---
  duration_ms: 2526
  connection_id: 31e206fd800e1fbdee8cb84f52630976
  ...
[2m2026-08-12T00:51:15.387497Z[0m [32m INFO[0m [2mmoq_native_ietf::quic[0m[2m:[0m UDP socket bound [3mbind[0m[2m=[0m[::]:0 [3mlocal[0m[2m=[0m[::]:52487 [3mdual_stack[0m[2m=[0mtrue
[2m2026-08-12T00:51:15.916011Z[0m [32m INFO[0m [2mmoq_test_client::scenarios[0m[2m:[0m Subscribing to non-existent track: nonexistent/namespace/test-track
[2m2026-08-12T00:51:16.018292Z[0m [33m WARN[0m [2mmoq_transport::serve::error[0m[2m:[0m [5adfa4bb-017d-4987-b57a-5b07a36ed474] Not found: Track /nonexistent/namespace/test-track does not exist at moq-transport/src/session/subscriber.rs:483
[2m2026-08-12T00:51:16.018320Z[0m [33m WARN[0m [2mmoq_transport::session::reader[0m[2m:[0m [READER] decode: stream ended while waiting for data (have=0 bytes, need=1)
[2m2026-08-12T00:51:16.018363Z[0m [32m INFO[0m [2mmoq_test_client::scenarios[0m[2m:[0m Got expected 'not found' error: not found: Track not found [error:5adfa4bb-017d-4987-b57a-5b07a36ed474]
ok 3 - subscribe-error
  ---
  duration_ms: 631
  connection_id: e8361efd724479b4a33d4b39674a7631
  ...
[2m2026-08-12T00:51:16.019336Z[0m [32m INFO[0m [2mmoq_native_ietf::quic[0m[2m:[0m UDP socket bound [3mbind[0m[2m=[0m[::]:0 [3mlocal[0m[2m=[0m[::]:50943 [3mdual_stack[0m[2m=[0mtrue
[2m2026-08-12T00:51:16.698445Z[0m [32m INFO[0m [2mmoq_native_ietf::quic[0m[2m:[0m UDP socket bound [3mbind[0m[2m=[0m[::]:0 [3mlocal[0m[2m=[0m[::]:51398 [3mdual_stack[0m[2m=[0mtrue
[2m2026-08-12T00:51:17.330021Z[0m [32m INFO[0m [2mmoq_test_client::scenarios[0m[2m:[0m Publisher sending PUBLISH_NAMESPACE: moq-test/interop
[2m2026-08-12T00:51:17.330038Z[0m [32m INFO[0m [2mmoq_test_client::scenarios[0m[2m:[0m Subscriber subscribing to track: moq-test/interop/test-track
[2m2026-08-12T00:51:17.431998Z[0m [33m WARN[0m [2mmoq_transport::session::reader[0m[2m:[0m [READER] decode: stream ended while waiting for data (have=0 bytes, need=1)
[2m2026-08-12T00:51:20.332004Z[0m [32m INFO[0m [2mmoq_test_client::scenarios[0m[2m:[0m Test timeout reached - subscription routing may still be in progress
ok 4 - publish-namespace-subscribe
  ---
  duration_ms: 4313
  publisher_connection_id: 2328145704561cb672ca5bd893f198bc
  subscriber_connection_id: 4ac100cfe14ff55366d25e734fff9472
  ...
[2m2026-08-12T00:51:20.332865Z[0m [32m INFO[0m [2mmoq_native_ietf::quic[0m[2m:[0m UDP socket bound [3mbind[0m[2m=[0m[::]:0 [3mlocal[0m[2m=[0m[::]:48783 [3mdual_stack[0m[2m=[0mtrue
[2m2026-08-12T00:51:20.856448Z[0m [32m INFO[0m [2mmoq_test_client::scenarios[0m[2m:[0m Subscriber subscribing BEFORE PUBLISH_NAMESPACE: moq-test/interop/test-track
[2m2026-08-12T00:51:20.958331Z[0m [33m WARN[0m [2mmoq_transport::serve::error[0m[2m:[0m [9d21535c-46e9-4e63-a84d-2cff67d6d7a4] Not found: Track /moq-test/interop/test-track does not exist at moq-transport/src/session/subscriber.rs:483
[2m2026-08-12T00:51:20.958352Z[0m [33m WARN[0m [2mmoq_transport::session::reader[0m[2m:[0m [READER] decode: stream ended while waiting for data (have=0 bytes, need=1)
[2m2026-08-12T00:51:21.358704Z[0m [32m INFO[0m [2mmoq_native_ietf::quic[0m[2m:[0m UDP socket bound [3mbind[0m[2m=[0m[::]:0 [3mlocal[0m[2m=[0m[::]:60127 [3mdual_stack[0m[2m=[0mtrue
[2m2026-08-12T00:51:21.956390Z[0m [32m INFO[0m [2mmoq_test_client::scenarios[0m[2m:[0m Publisher sending PUBLISH_NAMESPACE (after subscriber): moq-test/interop
[2m2026-08-12T00:51:24.958124Z[0m [32m INFO[0m [2mmoq_test_client::scenarios[0m[2m:[0m Publisher PUBLISH_NAMESPACE timeout (expected)
[2m2026-08-12T00:51:24.958147Z[0m [32m INFO[0m [2mmoq_test_client::scenarios[0m[2m:[0m Subscriber got error: not found: Track not found [error:9d21535c-46e9-4e63-a84d-2cff67d6d7a4] (may be expected)
ok 5 - subscribe-before-publish-namespace
  ---
  duration_ms: 4626
  subscriber_connection_id: f8301964075fb9a5d6feeb0854db6dc8
  publisher_connection_id: f8658d805f8eb1086cb8377dc42946de
  ...
[2m2026-08-12T00:51:24.959024Z[0m [32m INFO[0m [2mmoq_native_ietf::quic[0m[2m:[0m UDP socket bound [3mbind[0m[2m=[0m[::]:0 [3mlocal[0m[2m=[0m[::]:33092 [3mdual_stack[0m[2m=[0mtrue
[2m2026-08-12T00:51:25.480286Z[0m [32m INFO[0m [2mmoq_test_client::scenarios[0m[2m:[0m Sending PUBLISH_NAMESPACE: moq-test/interop
[2m2026-08-12T00:51:27.481473Z[0m [32m INFO[0m [2mmoq_test_client::scenarios[0m[2m:[0m PUBLISH_NAMESPACE active; sending PUBLISH_NAMESPACE_DONE
[2m2026-08-12T00:51:27.582851Z[0m [32m INFO[0m [2mmoq_test_client::scenarios[0m[2m:[0m PUBLISH_NAMESPACE_DONE sent successfully
ok 6 - publish-namespace-done
  ---
  duration_ms: 2624
  connection_id: c26a618925a66fd077a21e68a2207d97
  ...
make[1]: Leaving directory '/home/runner/work/moq-interop-runner/moq-interop-runner/main'
