make[1]: Entering directory '/home/runner/work/moq-interop-runner/moq-interop-runner/main'
Running tests against moqt://lminiero.it:9000...
  Client: ghcr.io/englishm/moq-interop-runner-moq-test-client-draft-18:latest
docker run --rm \
	 \
	--network host \
	-e RELAY_URL=moqt://lminiero.it:9000 \
	-e TLS_DISABLE_VERIFY=false \
	ghcr.io/englishm/moq-interop-runner-moq-test-client-draft-18:latest
TAP version 14
# moq-test-client v0.1.10
# Relay: moqt://lminiero.it:9000
1..6
[2m2026-08-12T00:49:29.030206Z[0m [32m INFO[0m [2mmoq_native_ietf::quic[0m[2m:[0m UDP socket bound [3mbind[0m[2m=[0m[::]:0 [3mlocal[0m[2m=[0m[::]:53088 [3mdual_stack[0m[2m=[0mtrue
[2m2026-08-12T00:49:29.385863Z[0m [32m INFO[0m [2mmoq_test_client::scenarios[0m[2m:[0m SETUP exchange completed successfully
ok 1 - setup-only
  ---
  duration_ms: 356
  connection_id: 7710b00e89d4235bd5b130a389757eca
  ...
[2m2026-08-12T00:49:29.386702Z[0m [32m INFO[0m [2mmoq_native_ietf::quic[0m[2m:[0m UDP socket bound [3mbind[0m[2m=[0m[::]:0 [3mlocal[0m[2m=[0m[::]:56374 [3mdual_stack[0m[2m=[0mtrue
[2m2026-08-12T00:49:29.723169Z[0m [32m INFO[0m [2mmoq_test_client::scenarios[0m[2m:[0m Sending PUBLISH_NAMESPACE for: moq-test/interop
[2m2026-08-12T00:49:31.725230Z[0m [32m INFO[0m [2mmoq_test_client::scenarios[0m[2m:[0m PUBLISH_NAMESPACE succeeded (REQUEST_OK received, waiting for subscribers)
ok 2 - publish-namespace-only
  ---
  duration_ms: 2339
  connection_id: fe9b870e8fd1ce61a180816ac91065f2
  ...
[2m2026-08-12T00:49:31.726054Z[0m [32m INFO[0m [2mmoq_native_ietf::quic[0m[2m:[0m UDP socket bound [3mbind[0m[2m=[0m[::]:0 [3mlocal[0m[2m=[0m[::]:57438 [3mdual_stack[0m[2m=[0mtrue
[2m2026-08-12T00:49:32.090854Z[0m [32m INFO[0m [2mmoq_test_client::scenarios[0m[2m:[0m Subscribing to non-existent track: nonexistent/namespace/test-track
[2m2026-08-12T00:49:32.212619Z[0m [33m WARN[0m [2mmoq_transport::serve::error[0m[2m:[0m [ee371204-8c2e-41c0-97c8-b33686e03c2e] Not found: Namespace not found at moq-transport/src/session/subscriber.rs:483
[2m2026-08-12T00:49:32.212646Z[0m [33m WARN[0m [2mmoq_transport::session::reader[0m[2m:[0m [READER] decode: stream ended while waiting for data (have=0 bytes, need=1)
[2m2026-08-12T00:49:32.212689Z[0m [32m INFO[0m [2mmoq_test_client::scenarios[0m[2m:[0m Got expected 'not found' error: not found: Track not found [error:ee371204-8c2e-41c0-97c8-b33686e03c2e]
ok 3 - subscribe-error
  ---
  duration_ms: 487
  connection_id: c0fa44f00df0ba28433147e80001e3d3
  ...
[2m2026-08-12T00:49:32.213653Z[0m [32m INFO[0m [2mmoq_native_ietf::quic[0m[2m:[0m UDP socket bound [3mbind[0m[2m=[0m[::]:0 [3mlocal[0m[2m=[0m[::]:57432 [3mdual_stack[0m[2m=[0mtrue
[2m2026-08-12T00:49:32.566621Z[0m [32m INFO[0m [2mmoq_native_ietf::quic[0m[2m:[0m UDP socket bound [3mbind[0m[2m=[0m[::]:0 [3mlocal[0m[2m=[0m[::]:32776 [3mdual_stack[0m[2m=[0mtrue
[2m2026-08-12T00:49:32.912165Z[0m [32m INFO[0m [2mmoq_test_client::scenarios[0m[2m:[0m Publisher sending PUBLISH_NAMESPACE: moq-test/interop
[2m2026-08-12T00:49:32.912188Z[0m [32m INFO[0m [2mmoq_test_client::scenarios[0m[2m:[0m Subscriber subscribing to track: moq-test/interop/test-track
[2m2026-08-12T00:49:33.044148Z[0m [33m WARN[0m [2mmoq_transport::serve::error[0m[2m:[0m [e4d56854-a2f2-438c-bb3f-1e8210d4a0fe] Not found: Namespace not found at moq-transport/src/session/subscriber.rs:483
[2m2026-08-12T00:49:33.044170Z[0m [33m WARN[0m [2mmoq_transport::session::reader[0m[2m:[0m [READER] decode: stream ended while waiting for data (have=0 bytes, need=1)
[2m2026-08-12T00:49:33.044334Z[0m [32m INFO[0m [2mmoq_test_client::scenarios[0m[2m:[0m Subscriber got error: not found: Track not found [error:e4d56854-a2f2-438c-bb3f-1e8210d4a0fe] - subscription was processed
ok 4 - publish-namespace-subscribe
  ---
  duration_ms: 831
  publisher_connection_id: f6bf69a781aa9537408f536eac0abbbe
  subscriber_connection_id: b6cca3a4b71d3ded530fdeb51b08942b
  ...
[2m2026-08-12T00:49:33.045205Z[0m [32m INFO[0m [2mmoq_native_ietf::quic[0m[2m:[0m UDP socket bound [3mbind[0m[2m=[0m[::]:0 [3mlocal[0m[2m=[0m[::]:58075 [3mdual_stack[0m[2m=[0mtrue
[2m2026-08-12T00:49:33.300879Z[0m [32m INFO[0m [2mmoq_test_client::scenarios[0m[2m:[0m Subscriber subscribing BEFORE PUBLISH_NAMESPACE: moq-test/interop/test-track
[2m2026-08-12T00:49:33.418291Z[0m [33m WARN[0m [2mmoq_transport::serve::error[0m[2m:[0m [118be764-1e42-49c9-a97f-41cf5e9b6df7] Not found: Namespace not found at moq-transport/src/session/subscriber.rs:483
[2m2026-08-12T00:49:33.418322Z[0m [33m WARN[0m [2mmoq_transport::session::reader[0m[2m:[0m [READER] decode: stream ended while waiting for data (have=0 bytes, need=1)
[2m2026-08-12T00:49:33.802399Z[0m [32m INFO[0m [2mmoq_native_ietf::quic[0m[2m:[0m UDP socket bound [3mbind[0m[2m=[0m[::]:0 [3mlocal[0m[2m=[0m[::]:53249 [3mdual_stack[0m[2m=[0mtrue
[2m2026-08-12T00:49:34.052458Z[0m [32m INFO[0m [2mmoq_test_client::scenarios[0m[2m:[0m Publisher sending PUBLISH_NAMESPACE (after subscriber): moq-test/interop
[2m2026-08-12T00:49:37.054417Z[0m [32m INFO[0m [2mmoq_test_client::scenarios[0m[2m:[0m Publisher PUBLISH_NAMESPACE timeout (expected)
[2m2026-08-12T00:49:37.054441Z[0m [32m INFO[0m [2mmoq_test_client::scenarios[0m[2m:[0m Subscriber got error: not found: Track not found [error:118be764-1e42-49c9-a97f-41cf5e9b6df7] (may be expected)
ok 5 - subscribe-before-publish-namespace
  ---
  duration_ms: 4010
  subscriber_connection_id: aa190d28b08c5014ac397559b14c377d
  publisher_connection_id: 87d3d4ed54af0101a8c2040d8d69e9f3
  ...
[2m2026-08-12T00:49:37.055184Z[0m [32m INFO[0m [2mmoq_native_ietf::quic[0m[2m:[0m UDP socket bound [3mbind[0m[2m=[0m[::]:0 [3mlocal[0m[2m=[0m[::]:33387 [3mdual_stack[0m[2m=[0mtrue
[2m2026-08-12T00:49:37.316415Z[0m [32m INFO[0m [2mmoq_test_client::scenarios[0m[2m:[0m Sending PUBLISH_NAMESPACE: moq-test/interop
[2m2026-08-12T00:49:39.318122Z[0m [32m INFO[0m [2mmoq_test_client::scenarios[0m[2m:[0m PUBLISH_NAMESPACE active; sending PUBLISH_NAMESPACE_DONE
[2m2026-08-12T00:49:39.419448Z[0m [32m INFO[0m [2mmoq_test_client::scenarios[0m[2m:[0m PUBLISH_NAMESPACE_DONE sent successfully
ok 6 - publish-namespace-done
  ---
  duration_ms: 2365
  connection_id: 6c509a6e9c2b9c0bb9b5847e3348358d
  ...
make[1]: Leaving directory '/home/runner/work/moq-interop-runner/moq-interop-runner/main'
