make[1]: Entering directory '/home/runner/work/moq-interop-runner/moq-interop-runner/main'
Running tests against https://draft-18-interop.cloudflare.mediaoverquic.com:443/moq...
  Client: ghcr.io/openmoq/moqx-interop-client:latest
docker run --rm \
	 \
	--network host \
	-e RELAY_URL=https://draft-18-interop.cloudflare.mediaoverquic.com:443/moq \
	-e TLS_DISABLE_VERIFY=false \
	ghcr.io/openmoq/moqx-interop-client:latest
TAP version 14
# moxygen interop test client
# Relay: https://draft-18-interop.cloudflare.mediaoverquic.com:443/moq
# Transport: WebTransport
1..6
E0812 00:54:58.858157     1 MoQWebTransportClient.cpp:147] std::runtime_error: Error setting up WebTransport: proxygen::HTTPException: Got error=ApplicationError: No Error, Client closed by peer reason=
not ok 1 - setup-only
  ---
  duration_ms: 247
  error: Error setting up WebTransport: proxygen::HTTPException: Got error=ApplicationError: No Error, Client closed by peer reason=
  ...
E20260812 00:54:58.858474     1 HQSession.cpp:1872] Got error=Stream does not exist streamID=10 bufLen=1 readEOF=0
E0812 00:54:59.099615     1 MoQWebTransportClient.cpp:147] std::runtime_error: Error setting up WebTransport: proxygen::HTTPException: Got error=ApplicationError: No Error, Client closed by peer reason=
not ok 2 - announce-only
  ---
  duration_ms: 240
  error: Error setting up WebTransport: proxygen::HTTPException: Got error=ApplicationError: No Error, Client closed by peer reason=
  ...
E20260812 00:54:59.100019     1 HQSession.cpp:1872] Got error=Stream does not exist streamID=10 bufLen=1 readEOF=0
E0812 00:54:59.250465     1 MoQWebTransportClient.cpp:147] std::runtime_error: Error setting up WebTransport: proxygen::HTTPException: Got error=ApplicationError: No Error, Client closed by peer reason=
E20260812 00:54:59.250865     1 HQSession.cpp:1872] Got error=Stream does not exist streamID=10 bufLen=1 readEOF=0
not ok 3 - subscribe-error
  ---
  duration_ms: 150
  error: Error setting up WebTransport: proxygen::HTTPException: Got error=ApplicationError: No Error, Client closed by peer reason=
  ...
E0812 00:54:59.406377     1 MoQWebTransportClient.cpp:147] std::runtime_error: Error setting up WebTransport: proxygen::HTTPException: Got error=ApplicationError: No Error, Client closed by peer reason=
not ok 4 - announce-subscribe
  ---
  duration_ms: 155
  error: Error setting up WebTransport: proxygen::HTTPException: Got error=ApplicationError: No Error, Client closed by peer reason=
  ...
E20260812 00:54:59.406770     1 HQSession.cpp:1872] Got error=Stream does not exist streamID=10 bufLen=1 readEOF=0
E0812 00:54:59.637187     1 MoQWebTransportClient.cpp:147] std::runtime_error: Error setting up WebTransport: proxygen::HTTPException: Got error=ApplicationError: No Error, Client closed by peer reason=
not ok 5 - publish-namespace-done
  ---
  duration_ms: 230
  error: Error setting up WebTransport: proxygen::HTTPException: Got error=ApplicationError: No Error, Client closed by peer reason=
  ...
E0812 00:54:59.786402     1 MoQWebTransportClient.cpp:147] std::runtime_error: Error setting up WebTransport: proxygen::HTTPException: Got error=ApplicationError: No Error, Client closed by peer reason=
not ok 6 - subscribe-before-announce
  ---
  duration_ms: 149
  error: Error setting up WebTransport: proxygen::HTTPException: Got error=ApplicationError: No Error, Client closed by peer reason=
  ...
make[1]: *** [Makefile:122: test-external] Error 1
make[1]: Leaving directory '/home/runner/work/moq-interop-runner/moq-interop-runner/main'
