make[1]: Entering directory '/home/runner/work/moq-interop-runner/moq-interop-runner/main'
Running tests against moqt://lminiero.it:9000...
  Client: ghcr.io/englishm/moq-interop-runner-moq-test-client-draft-18:latest
docker run --rm \
	 \
	--network host \
	-e RELAY_URL=moqt://lminiero.it:9000 \
	-e TLS_DISABLE_VERIFY=false \
	ghcr.io/englishm/moq-interop-runner-moq-test-client-draft-18:latest
TAP version 14
# moq-test-client v0.1.12
# Relay: moqt://lminiero.it:9000
1..9
[2m2026-09-03T00:45:22.490114Z[0m [32m INFO[0m [2mmoq_native_ietf::quic[0m[2m:[0m UDP socket bound [3mbind[0m[2m=[0m[::]:0 [3mlocal[0m[2m=[0m[::]:52261 [3mdual_stack[0m[2m=[0mtrue
ok 1 - setup-only
  ---
  duration_ms: 270
  connection_id: b4851dad0c3ed3f1f778d6b7dc15c6c1
  ...
[2m2026-09-03T00:45:22.759504Z[0m [32m INFO[0m [2mmoq_test_client::scenarios[0m[2m:[0m SETUP exchange completed successfully
[2m2026-09-03T00:45:22.760456Z[0m [32m INFO[0m [2mmoq_native_ietf::quic[0m[2m:[0m UDP socket bound [3mbind[0m[2m=[0m[::]:0 [3mlocal[0m[2m=[0m[::]:38349 [3mdual_stack[0m[2m=[0mtrue
[2m2026-09-03T00:45:23.227463Z[0m [32m INFO[0m [2mmoq_test_client::scenarios[0m[2m:[0m Sending PUBLISH_NAMESPACE for: moq-test/interop
ok 2 - publish-namespace-only
  ---
  duration_ms: 2469
  connection_id: 77484ddd45d27b323a5e9ead5ef8258b
  ...
[2m2026-09-03T00:45:25.228900Z[0m [32m INFO[0m [2mmoq_test_client::scenarios[0m[2m:[0m PUBLISH_NAMESPACE succeeded (REQUEST_OK received, waiting for subscribers)
[2m2026-09-03T00:45:25.229857Z[0m [32m INFO[0m [2mmoq_native_ietf::quic[0m[2m:[0m UDP socket bound [3mbind[0m[2m=[0m[::]:0 [3mlocal[0m[2m=[0m[::]:37812 [3mdual_stack[0m[2m=[0mtrue
[2m2026-09-03T00:45:25.466204Z[0m [32m INFO[0m [2mmoq_test_client::scenarios[0m[2m:[0m Subscribing to non-existent track: nonexistent/namespace/test-track
[2m2026-09-03T00:45:25.578450Z[0m [33m WARN[0m [2mmoq_transport::serve::error[0m[2m:[0m [dc6a58ff-a61b-4ccd-8212-897da9c6a268] Not found: Namespace not found at moq-transport/src/session/subscriber.rs:1646
ok 3 - subscribe-error
  ---
  duration_ms: 349
[2m2026-09-03T00:45:25.578597Z[0m [32m INFO[0m [2mmoq_test_client::scenarios[0m[2m:[0m Got expected 'not found' error: not found: Track not found [error:dc6a58ff-a61b-4ccd-8212-897da9c6a268]
  connection_id: f5a0bd1979a734631a4ae8a1b587cabd
  ...
[2m2026-09-03T00:45:25.579643Z[0m [32m INFO[0m [2mmoq_native_ietf::quic[0m[2m:[0m UDP socket bound [3mbind[0m[2m=[0m[::]:0 [3mlocal[0m[2m=[0m[::]:43095 [3mdual_stack[0m[2m=[0mtrue
[2m2026-09-03T00:45:26.031621Z[0m [32m INFO[0m [2mmoq_native_ietf::quic[0m[2m:[0m UDP socket bound [3mbind[0m[2m=[0m[::]:0 [3mlocal[0m[2m=[0m[::]:46847 [3mdual_stack[0m[2m=[0mtrue
[2m2026-09-03T00:45:26.277963Z[0m [32m INFO[0m [2mmoq_test_client::scenarios[0m[2m:[0m Publisher sending PUBLISH_NAMESPACE: moq-test/interop
[2m2026-09-03T00:45:26.277985Z[0m [32m INFO[0m [2mmoq_test_client::scenarios[0m[2m:[0m Subscriber subscribing to track: moq-test/interop/test-track
[2m2026-09-03T00:45:29.280028Z[0m [32m INFO[0m [2mmoq_test_client::scenarios[0m[2m:[0m Test timeout reached - subscription routing may still be in progress
ok 4 - publish-namespace-subscribe
  ---
  duration_ms: 3701
  publisher_connection_id: 57198655252d1be0ece38d969df04774
  subscriber_connection_id: 6affdf5ca2c6eece8afe2e10509ca332
  ...
[2m2026-09-03T00:45:29.281139Z[0m [32m INFO[0m [2mmoq_native_ietf::quic[0m[2m:[0m UDP socket bound [3mbind[0m[2m=[0m[::]:0 [3mlocal[0m[2m=[0m[::]:37429 [3mdual_stack[0m[2m=[0mtrue
[2m2026-09-03T00:45:29.749673Z[0m [32m INFO[0m [2mmoq_test_client::scenarios[0m[2m:[0m Subscriber subscribing BEFORE PUBLISH_NAMESPACE: moq-test/interop/test-track
[2m2026-09-03T00:45:29.863373Z[0m [33m WARN[0m [2mmoq_transport::serve::error[0m[2m:[0m [0ec01b84-8f7b-4d3f-927e-b5949c528aff] Not found: Namespace not found at moq-transport/src/session/subscriber.rs:1646
[2m2026-09-03T00:45:30.251078Z[0m [32m INFO[0m [2mmoq_native_ietf::quic[0m[2m:[0m UDP socket bound [3mbind[0m[2m=[0m[::]:0 [3mlocal[0m[2m=[0m[::]:41226 [3mdual_stack[0m[2m=[0mtrue
[2m2026-09-03T00:45:30.496745Z[0m [32m INFO[0m [2mmoq_test_client::scenarios[0m[2m:[0m Publisher sending PUBLISH_NAMESPACE (after subscriber): moq-test/interop
[2m2026-09-03T00:45:33.499287Z[0m [32m INFO[0m [2mmoq_test_client::scenarios[0m[2m:[0m Publisher PUBLISH_NAMESPACE timeout (expected)
[2m2026-09-03T00:45:33.499308Z[0m [32m INFO[0m [2mmoq_test_client::scenarios[0m[2m:[0m Subscriber got error: not found: Track not found [error:0ec01b84-8f7b-4d3f-927e-b5949c528aff] (may be expected)
ok 5 - subscribe-before-publish-namespace
  ---
  duration_ms: 4219
  subscriber_connection_id: d5ea3384dd128834cb1870d21a4af508
  publisher_connection_id: bce4ce962bfd839f4ef888633faa068a
  ...
[2m2026-09-03T00:45:33.500246Z[0m [32m INFO[0m [2mmoq_native_ietf::quic[0m[2m:[0m UDP socket bound [3mbind[0m[2m=[0m[::]:0 [3mlocal[0m[2m=[0m[::]:39193 [3mdual_stack[0m[2m=[0mtrue
[2m2026-09-03T00:45:34.098709Z[0m [32m INFO[0m [2mmoq_test_client::scenarios[0m[2m:[0m Sending PUBLISH_NAMESPACE: moq-test/interop
[2m2026-09-03T00:45:36.099871Z[0m [32m INFO[0m [2mmoq_test_client::scenarios[0m[2m:[0m PUBLISH_NAMESPACE active; sending PUBLISH_NAMESPACE_DONE
[2m2026-09-03T00:45:36.201349Z[0m [32m INFO[0m [2mmoq_test_client::scenarios[0m[2m:[0m PUBLISH_NAMESPACE_DONE sent successfully
ok 6 - publish-namespace-done
  ---
  duration_ms: 2702
  connection_id: 4322c98de89410f688caf52c7bafcbed
  ...
[2m2026-09-03T00:45:36.202330Z[0m [32m INFO[0m [2mmoq_native_ietf::quic[0m[2m:[0m UDP socket bound [3mbind[0m[2m=[0m[::]:0 [3mlocal[0m[2m=[0m[::]:56213 [3mdual_stack[0m[2m=[0mtrue
[2m2026-09-03T00:45:36.782273Z[0m [32m INFO[0m [2mmoq_test_client::scenarios[0m[2m:[0m Publisher sending direct PUBLISH [3mnamespace[0m[2m=[0m/moq-test/publish [3mtrack[0m[2m=[0m"published-track"
[2m2026-09-03T00:45:36.895978Z[0m [32m INFO[0m [2mmoq_test_client::scenarios[0m[2m:[0m PUBLISH accepted [3mnamespace[0m[2m=[0m/moq-test/publish [3mtrack[0m[2m=[0m"published-track"
[2m2026-09-03T00:45:36.896277Z[0m [32m INFO[0m [2mmoq_test_client::scenarios[0m[2m:[0m PUBLISH completed [3mnamespace[0m[2m=[0m/moq-test/publish [3mtrack[0m[2m=[0m"published-track"
ok 7 - publish-track-only
  ---
  duration_ms: 694
  connection_id: 2df246cddf13ad7c63e1df8d8e1abf39
  ...
[2m2026-09-03T00:45:36.897170Z[0m [32m INFO[0m [2mmoq_native_ietf::quic[0m[2m:[0m UDP socket bound [3mbind[0m[2m=[0m[::]:0 [3mlocal[0m[2m=[0m[::]:41445 [3mdual_stack[0m[2m=[0mtrue
[2m2026-09-03T00:45:37.491516Z[0m [32m INFO[0m [2mmoq_native_ietf::quic[0m[2m:[0m UDP socket bound [3mbind[0m[2m=[0m[::]:0 [3mlocal[0m[2m=[0m[::]:51492 [3mdual_stack[0m[2m=[0mtrue
[2m2026-09-03T00:45:38.178003Z[0m [32m INFO[0m [2mmoq_test_client::scenarios[0m[2m:[0m Publisher sending direct PUBLISH before subscriber subscribes [3mnamespace[0m[2m=[0m/moq-test/publish [3mtrack[0m[2m=[0m"published-track"
[2m2026-09-03T00:45:38.295123Z[0m [32m INFO[0m [2mmoq_test_client::scenarios[0m[2m:[0m PUBLISH accepted; starting subscriber [3mnamespace[0m[2m=[0m/moq-test/publish [3mtrack[0m[2m=[0m"published-track"
not ok 8 - publish-track-subscribe
  ---
  duration_ms: 1617
  message: "subscriber failed to receive direct PUBLISH track: closed, code=3"
  ...
[2m2026-09-03T00:45:38.514808Z[0m [32m INFO[0m [2mmoq_native_ietf::quic[0m[2m:[0m UDP socket bound [3mbind[0m[2m=[0m[::]:0 [3mlocal[0m[2m=[0m[::]:38443 [3mdual_stack[0m[2m=[0mtrue
[2m2026-09-03T00:45:39.183892Z[0m [32m INFO[0m [2mmoq_test_client::scenarios[0m[2m:[0m Subscribing with RENDEZVOUS_TIMEOUT to a track with no publisher [3mtimeout_ms[0m[2m=[0m500
[2m2026-09-03T00:45:39.299718Z[0m [33m WARN[0m [2mmoq_transport::serve::error[0m[2m:[0m [4c837718-9335-4ffa-ba75-98133e0c048e] Not found: Namespace not found at moq-transport/src/session/subscriber.rs:1646
not ok 9 - rendezvous-timeout
  ---
  duration_ms: 786
  message: "expected REQUEST_ERROR TIMEOUT, got: not found: Track not found [error:4c837718-9335-4ffa-ba75-98133e0c048e]"
  ...
make[1]: *** [Makefile:122: test-external] Error 1
make[1]: Leaving directory '/home/runner/work/moq-interop-runner/moq-interop-runner/main'
