make[1]: Entering directory '/home/runner/work/moq-interop-runner/moq-interop-runner/main'
Running tests against moqt://draft-14.cloudflare.mediaoverquic.com:443...
  Client: ghcr.io/englishm/moq-interop-runner-moq-test-client-draft-14:latest
docker run --rm \
	 \
	--network host \
	-e RELAY_URL=moqt://draft-14.cloudflare.mediaoverquic.com:443 \
	-e TLS_DISABLE_VERIFY=false \
	ghcr.io/englishm/moq-interop-runner-moq-test-client-draft-14:latest
TAP version 14
# moq-test-client v0.1.7
# Relay: moqt://draft-14.cloudflare.mediaoverquic.com:443
1..6
[2m2026-09-03T01:36:56.910737Z[0m [32m INFO[0m [2mmoq_native_ietf::quic[0m[2m:[0m UDP socket bound [3mbind[0m[2m=[0m[::]:0 [3mlocal[0m[2m=[0m[::]:58922 [3mdual_stack[0m[2m=[0mtrue
[2m2026-09-03T01:36:57.031567Z[0m [32m INFO[0m [2mmoq_test_client::scenarios[0m[2m:[0m SETUP exchange completed successfully
ok 1 - setup-only
  ---
  duration_ms: 121
  connection_id: 098cdc11ef90c18f7001ee609241c962
  ...
[2m2026-09-03T01:36:57.032438Z[0m [32m INFO[0m [2mmoq_native_ietf::quic[0m[2m:[0m UDP socket bound [3mbind[0m[2m=[0m[::]:0 [3mlocal[0m[2m=[0m[::]:56584 [3mdual_stack[0m[2m=[0mtrue
[2m2026-09-03T01:36:57.044095Z[0m [32m INFO[0m [2mmoq_test_client::scenarios[0m[2m:[0m Announcing namespace: moq-test/interop
[2m2026-09-03T01:36:59.045127Z[0m [32m INFO[0m [2mmoq_test_client::scenarios[0m[2m:[0m Announce succeeded (no error received, waiting for subscriptions timed out)
ok 2 - announce-only
  ---
  duration_ms: 2013
  connection_id: 0b421c1ca7f87f5e1cacc388ace2f460
  ...
[2m2026-09-03T01:36:59.045964Z[0m [32m INFO[0m [2mmoq_native_ietf::quic[0m[2m:[0m UDP socket bound [3mbind[0m[2m=[0m[::]:0 [3mlocal[0m[2m=[0m[::]:48243 [3mdual_stack[0m[2m=[0mtrue
[2m2026-09-03T01:36:59.059434Z[0m [32m INFO[0m [2mmoq_test_client::scenarios[0m[2m:[0m Subscribing to non-existent track: nonexistent/namespace/test-track
[2m2026-09-03T01:36:59.170856Z[0m [33m WARN[0m [2mmoq_test_client::scenarios[0m[2m:[0m Got error but not clearly 'not found': closed, code=4. This may indicate a different error type than expected.
ok 3 - subscribe-error
  ---
  duration_ms: 125
  connection_id: e531bada263ec7a9d039fc4366a27aee
  ...
[2m2026-09-03T01:36:59.172003Z[0m [32m INFO[0m [2mmoq_native_ietf::quic[0m[2m:[0m UDP socket bound [3mbind[0m[2m=[0m[::]:0 [3mlocal[0m[2m=[0m[::]:59350 [3mdual_stack[0m[2m=[0mtrue
[2m2026-09-03T01:36:59.187517Z[0m [32m INFO[0m [2mmoq_native_ietf::quic[0m[2m:[0m UDP socket bound [3mbind[0m[2m=[0m[::]:0 [3mlocal[0m[2m=[0m[::]:42881 [3mdual_stack[0m[2m=[0mtrue
[2m2026-09-03T01:36:59.199037Z[0m [32m INFO[0m [2mmoq_test_client::scenarios[0m[2m:[0m Publisher announcing namespace: moq-test/interop
[2m2026-09-03T01:36:59.199056Z[0m [32m INFO[0m [2mmoq_test_client::scenarios[0m[2m:[0m Subscriber subscribing to track: moq-test/interop/test-track
[2m2026-09-03T01:36:59.310445Z[0m [32m INFO[0m [2mmoq_test_client::scenarios[0m[2m:[0m Subscriber got error: closed, code=4 - subscription was processed
ok 4 - announce-subscribe
  ---
  duration_ms: 139
  publisher_connection_id: 12ee6350f77fc3886261d4f354f75ffd
  subscriber_connection_id: 3e486773cab63463eb3a9d59180e54b6
  ...
[2m2026-09-03T01:36:59.311470Z[0m [32m INFO[0m [2mmoq_native_ietf::quic[0m[2m:[0m UDP socket bound [3mbind[0m[2m=[0m[::]:0 [3mlocal[0m[2m=[0m[::]:44354 [3mdual_stack[0m[2m=[0mtrue
[2m2026-09-03T01:36:59.324071Z[0m [32m INFO[0m [2mmoq_test_client::scenarios[0m[2m:[0m Subscriber subscribing BEFORE announce: moq-test/interop/test-track
[2m2026-09-03T01:36:59.825219Z[0m [32m INFO[0m [2mmoq_native_ietf::quic[0m[2m:[0m UDP socket bound [3mbind[0m[2m=[0m[::]:0 [3mlocal[0m[2m=[0m[::]:40857 [3mdual_stack[0m[2m=[0mtrue
[2m2026-09-03T01:36:59.840627Z[0m [32m INFO[0m [2mmoq_test_client::scenarios[0m[2m:[0m Publisher announcing namespace (after subscriber): moq-test/interop
[2m2026-09-03T01:37:02.841791Z[0m [32m INFO[0m [2mmoq_test_client::scenarios[0m[2m:[0m Publisher announce timeout (expected)
[2m2026-09-03T01:37:02.841825Z[0m [32m INFO[0m [2mmoq_test_client::scenarios[0m[2m:[0m Subscriber got error: closed, code=0 (may be expected)
ok 5 - subscribe-before-announce
  ---
  duration_ms: 3531
  subscriber_connection_id: 95b300be0b27ae692ae94c9045a8d930
  publisher_connection_id: 687ee9f7081c38e2189a5a2f0e95072b
  ...
[2m2026-09-03T01:37:02.843012Z[0m [32m INFO[0m [2mmoq_native_ietf::quic[0m[2m:[0m UDP socket bound [3mbind[0m[2m=[0m[::]:0 [3mlocal[0m[2m=[0m[::]:35472 [3mdual_stack[0m[2m=[0mtrue
[2m2026-09-03T01:37:02.854420Z[0m [32m INFO[0m [2mmoq_test_client::scenarios[0m[2m:[0m Announcing namespace: moq-test/interop
[2m2026-09-03T01:37:04.856266Z[0m [32m INFO[0m [2mmoq_test_client::scenarios[0m[2m:[0m Announce active, now sending PUBLISH_NAMESPACE_DONE
[2m2026-09-03T01:37:04.957287Z[0m [32m INFO[0m [2mmoq_test_client::scenarios[0m[2m:[0m PUBLISH_NAMESPACE_DONE sent successfully
ok 6 - publish-namespace-done
  ---
  duration_ms: 2115
  connection_id: 2e521d689e6e214553467e14881675a9
  ...
make[1]: Leaving directory '/home/runner/work/moq-interop-runner/moq-interop-runner/main'
