make[1]: Entering directory '/home/runner/work/moq-interop-runner/moq-interop-runner/main'
Running tests against https://lminiero.it:9000...
  Client: ghcr.io/englishm/moq-interop-runner-moq-test-client-draft-18:latest
docker run --rm \
	 \
	--network host \
	-e RELAY_URL=https://lminiero.it:9000 \
	-e TLS_DISABLE_VERIFY=false \
	ghcr.io/englishm/moq-interop-runner-moq-test-client-draft-18:latest
TAP version 14
# moq-test-client v0.1.10
# Relay: https://lminiero.it:9000/
1..6
[2m2026-07-31T01:01:22.216212Z[0m [32m INFO[0m [2mmoq_native_ietf::quic[0m[2m:[0m UDP socket bound [3mbind[0m[2m=[0m[::]:0 [3mlocal[0m[2m=[0m[::]:34080 [3mdual_stack[0m[2m=[0mtrue
[2m2026-07-31T01:01:22.880247Z[0m [32m INFO[0m [2mmoq_test_client::scenarios[0m[2m:[0m SETUP exchange completed successfully
ok 1 - setup-only
  ---
  duration_ms: 664
  connection_id: 27daff241d07112b46ac4257475f2be5
  ...
[2m2026-07-31T01:01:22.880950Z[0m [32m INFO[0m [2mmoq_native_ietf::quic[0m[2m:[0m UDP socket bound [3mbind[0m[2m=[0m[::]:0 [3mlocal[0m[2m=[0m[::]:41332 [3mdual_stack[0m[2m=[0mtrue
[2m2026-07-31T01:01:23.591394Z[0m [32m INFO[0m [2mmoq_test_client::scenarios[0m[2m:[0m Sending PUBLISH_NAMESPACE for: moq-test/interop
[2m2026-07-31T01:01:25.592493Z[0m [32m INFO[0m [2mmoq_test_client::scenarios[0m[2m:[0m PUBLISH_NAMESPACE succeeded (REQUEST_OK received, waiting for subscribers)
ok 2 - publish-namespace-only
  ---
  duration_ms: 2712
  connection_id: 05f3cdbb53254c337e4a8d58022095fc
  ...
[2m2026-07-31T01:01:25.593198Z[0m [32m INFO[0m [2mmoq_native_ietf::quic[0m[2m:[0m UDP socket bound [3mbind[0m[2m=[0m[::]:0 [3mlocal[0m[2m=[0m[::]:49599 [3mdual_stack[0m[2m=[0mtrue
[2m2026-07-31T01:01:26.268433Z[0m [32m INFO[0m [2mmoq_test_client::scenarios[0m[2m:[0m Subscribing to non-existent track: nonexistent/namespace/test-track
[2m2026-07-31T01:01:26.414848Z[0m [33m WARN[0m [2mmoq_transport::serve::error[0m[2m:[0m [1079b551-b3ec-4b95-9115-0e50c602e818] Not found: Namespace not found at moq-transport/src/session/subscriber.rs:483
[2m2026-07-31T01:01:26.414871Z[0m [33m WARN[0m [2mmoq_transport::session::reader[0m[2m:[0m [READER] decode: stream ended while waiting for data (have=0 bytes, need=1)
[2m2026-07-31T01:01:26.414915Z[0m [32m INFO[0m [2mmoq_test_client::scenarios[0m[2m:[0m Got expected 'not found' error: not found: Track not found [error:1079b551-b3ec-4b95-9115-0e50c602e818]
ok 3 - subscribe-error
  ---
  duration_ms: 822
  connection_id: 3059f9aa5242f87c89cc89eaa3f0d5da
  ...
[2m2026-07-31T01:01:26.415664Z[0m [32m INFO[0m [2mmoq_native_ietf::quic[0m[2m:[0m UDP socket bound [3mbind[0m[2m=[0m[::]:0 [3mlocal[0m[2m=[0m[::]:32811 [3mdual_stack[0m[2m=[0mtrue
[2m2026-07-31T01:01:27.090523Z[0m [32m INFO[0m [2mmoq_native_ietf::quic[0m[2m:[0m UDP socket bound [3mbind[0m[2m=[0m[::]:0 [3mlocal[0m[2m=[0m[::]:56213 [3mdual_stack[0m[2m=[0mtrue
[2m2026-07-31T01:01:27.790335Z[0m [32m INFO[0m [2mmoq_test_client::scenarios[0m[2m:[0m Publisher sending PUBLISH_NAMESPACE: moq-test/interop
[2m2026-07-31T01:01:27.790351Z[0m [32m INFO[0m [2mmoq_test_client::scenarios[0m[2m:[0m Subscriber subscribing to track: moq-test/interop/test-track
[2m2026-07-31T01:01:27.939647Z[0m [33m WARN[0m [2mmoq_transport::serve::error[0m[2m:[0m [6e0af496-a915-40e1-86d1-7e1c4f3cccb1] Not found: Namespace not found at moq-transport/src/session/subscriber.rs:483
[2m2026-07-31T01:01:27.939671Z[0m [33m WARN[0m [2mmoq_transport::session::reader[0m[2m:[0m [READER] decode: stream ended while waiting for data (have=0 bytes, need=1)
[2m2026-07-31T01:01:27.939729Z[0m [32m INFO[0m [2mmoq_test_client::scenarios[0m[2m:[0m Subscriber got error: not found: Track not found [error:6e0af496-a915-40e1-86d1-7e1c4f3cccb1] - subscription was processed
ok 4 - publish-namespace-subscribe
  ---
  duration_ms: 1524
  publisher_connection_id: 06ecc01fb90ab6f1ea8bb1118e0804e1
  subscriber_connection_id: a9581eb3bedfb246900357ae578fbb48
  ...
[2m2026-07-31T01:01:27.940444Z[0m [32m INFO[0m [2mmoq_native_ietf::quic[0m[2m:[0m UDP socket bound [3mbind[0m[2m=[0m[::]:0 [3mlocal[0m[2m=[0m[::]:41536 [3mdual_stack[0m[2m=[0mtrue
[2m2026-07-31T01:01:28.626188Z[0m [32m INFO[0m [2mmoq_test_client::scenarios[0m[2m:[0m Subscriber subscribing BEFORE PUBLISH_NAMESPACE: moq-test/interop/test-track
[2m2026-07-31T01:01:28.768476Z[0m [33m WARN[0m [2mmoq_transport::serve::error[0m[2m:[0m [365b8fc3-be94-4660-b66a-b957ef817418] Not found: Namespace not found at moq-transport/src/session/subscriber.rs:483
[2m2026-07-31T01:01:28.768498Z[0m [33m WARN[0m [2mmoq_transport::session::reader[0m[2m:[0m [READER] decode: stream ended while waiting for data (have=0 bytes, need=1)
[2m2026-07-31T01:01:29.127832Z[0m [32m INFO[0m [2mmoq_native_ietf::quic[0m[2m:[0m UDP socket bound [3mbind[0m[2m=[0m[::]:0 [3mlocal[0m[2m=[0m[::]:41919 [3mdual_stack[0m[2m=[0mtrue
[2m2026-07-31T01:01:29.803502Z[0m [32m INFO[0m [2mmoq_test_client::scenarios[0m[2m:[0m Publisher sending PUBLISH_NAMESPACE (after subscriber): moq-test/interop
[2m2026-07-31T01:01:32.804023Z[0m [32m INFO[0m [2mmoq_test_client::scenarios[0m[2m:[0m Publisher PUBLISH_NAMESPACE timeout (expected)
[2m2026-07-31T01:01:32.804043Z[0m [32m INFO[0m [2mmoq_test_client::scenarios[0m[2m:[0m Subscriber got error: not found: Track not found [error:365b8fc3-be94-4660-b66a-b957ef817418] (may be expected)
ok 5 - subscribe-before-publish-namespace
  ---
  duration_ms: 4864
  subscriber_connection_id: 2908f65a758cf85af08f0498d877dbd0
  publisher_connection_id: eabc6c073f80571759f14360f2160b4e
  ...
[2m2026-07-31T01:01:32.804782Z[0m [32m INFO[0m [2mmoq_native_ietf::quic[0m[2m:[0m UDP socket bound [3mbind[0m[2m=[0m[::]:0 [3mlocal[0m[2m=[0m[::]:60339 [3mdual_stack[0m[2m=[0mtrue
[2m2026-07-31T01:01:33.473391Z[0m [32m INFO[0m [2mmoq_test_client::scenarios[0m[2m:[0m Sending PUBLISH_NAMESPACE: moq-test/interop
[2m2026-07-31T01:01:35.474686Z[0m [32m INFO[0m [2mmoq_test_client::scenarios[0m[2m:[0m PUBLISH_NAMESPACE active; sending PUBLISH_NAMESPACE_DONE
[2m2026-07-31T01:01:35.575906Z[0m [32m INFO[0m [2mmoq_test_client::scenarios[0m[2m:[0m PUBLISH_NAMESPACE_DONE sent successfully
ok 6 - publish-namespace-done
  ---
  duration_ms: 2771
  connection_id: d54dce418aeb6ff917e8106a688e3839
  ...
make[1]: Leaving directory '/home/runner/work/moq-interop-runner/moq-interop-runner/main'
