make[1]: Entering directory '/home/runner/work/moq-interop-runner/moq-interop-runner/main'
Running tests against https://us-west-2.relay.quicr.org:33437/relay...
  Client: ghcr.io/openmoq/moqx-interop-client:latest
docker run --rm \
	 \
	--network host \
	-e RELAY_URL=https://us-west-2.relay.quicr.org:33437/relay \
	-e TLS_DISABLE_VERIFY=1 \
	ghcr.io/openmoq/moqx-interop-client:latest
TAP version 14
# moxygen interop test client
# Relay: https://us-west-2.relay.quicr.org:33437/relay
# Transport: WebTransport
1..6
W0731 01:43:16.896091     1 MoQWebTransportClient.cpp:175] WebTransport: No WT-Protocol header in response, will use legacy version negotiation
E0731 01:43:16.949164     1 MoQFramer.cpp:1140] Server selected version draft-1 but we only offer draft-14 in legacy mode
E0731 01:43:16.949181     1 MoQCodec.cpp:126] Conn error=21
E0731 01:43:16.949184     1 MoQSession.cpp:5314] MoQCodec control stream parse error err=21
not ok 1 - setup-only
  ---
  duration_ms: 238
  error: coroutine operation cancelled
  ...
W0731 01:43:17.163688     1 MoQWebTransportClient.cpp:175] WebTransport: No WT-Protocol header in response, will use legacy version negotiation
E0731 01:43:17.216354     1 MoQFramer.cpp:1140] Server selected version draft-1 but we only offer draft-14 in legacy mode
E0731 01:43:17.216372     1 MoQCodec.cpp:126] Conn error=21
E0731 01:43:17.216374     1 MoQSession.cpp:5314] MoQCodec control stream parse error err=21
not ok 2 - announce-only
  ---
  duration_ms: 267
  error: coroutine operation cancelled
  ...
W0731 01:43:17.587766     1 MoQWebTransportClient.cpp:175] WebTransport: No WT-Protocol header in response, will use legacy version negotiation
E0731 01:43:17.640272     1 MoQFramer.cpp:1140] Server selected version draft-1 but we only offer draft-14 in legacy mode
E0731 01:43:17.640290     1 MoQCodec.cpp:126] Conn error=21
E0731 01:43:17.640292     1 MoQSession.cpp:5314] MoQCodec control stream parse error err=21
not ok 3 - subscribe-error
  ---
  duration_ms: 423
  error: coroutine operation cancelled
  ...
W0731 01:43:17.848877     1 MoQWebTransportClient.cpp:175] WebTransport: No WT-Protocol header in response, will use legacy version negotiation
E0731 01:43:17.901955     1 MoQFramer.cpp:1140] Server selected version draft-1 but we only offer draft-14 in legacy mode
E0731 01:43:17.901970     1 MoQCodec.cpp:126] Conn error=21
E0731 01:43:17.901974     1 MoQSession.cpp:5314] MoQCodec control stream parse error err=21
not ok 4 - announce-subscribe
  ---
  duration_ms: 261
  error: coroutine operation cancelled
  ...
W0731 01:43:18.120569     1 MoQWebTransportClient.cpp:175] WebTransport: No WT-Protocol header in response, will use legacy version negotiation
E0731 01:43:18.173282     1 MoQFramer.cpp:1140] Server selected version draft-1 but we only offer draft-14 in legacy mode
E0731 01:43:18.173299     1 MoQCodec.cpp:126] Conn error=21
E0731 01:43:18.173302     1 MoQSession.cpp:5314] MoQCodec control stream parse error err=21
not ok 5 - publish-namespace-done
  ---
  duration_ms: 271
  error: coroutine operation cancelled
  ...
W0731 01:43:18.301599     1 MoQWebTransportClient.cpp:175] WebTransport: No WT-Protocol header in response, will use legacy version negotiation
E0731 01:43:18.354469     1 MoQFramer.cpp:1140] Server selected version draft-1 but we only offer draft-14 in legacy mode
E0731 01:43:18.354484     1 MoQCodec.cpp:126] Conn error=21
E0731 01:43:18.354487     1 MoQSession.cpp:5314] MoQCodec control stream parse error err=21
not ok 6 - subscribe-before-announce
  ---
  duration_ms: 181
  error: coroutine operation cancelled
  ...
make[1]: *** [Makefile:122: test-external] Error 1
make[1]: Leaving directory '/home/runner/work/moq-interop-runner/moq-interop-runner/main'
