make[1]: Entering directory '/home/runner/work/moq-interop-runner/moq-interop-runner/main'
Running tests against https://relay.moqtail.dev...
  Client: ghcr.io/facebookexperimental/moxygen-interop-client:latest-amd64
docker run --rm \
	 \
	--network host \
	-e RELAY_URL=https://relay.moqtail.dev \
	-e TLS_DISABLE_VERIFY=false \
	ghcr.io/facebookexperimental/moxygen-interop-client:latest-amd64
TAP version 14
# moxygen interop test client
# Relay: https://relay.moqtail.dev
# Transport: WebTransport
1..6
E20260731 01:45:47.254427     1 StructuredHeadersBuffer.cpp:287] Error message: Invalid character. Number of characters parsed before error:0. Header Content:moqt-16
W0731 01:45:47.255105     1 MoQWebTransportClient.cpp:175] WebTransport: No WT-Protocol header in response, will use legacy version negotiation
E0731 01:45:47.277752     1 MoQWebTransportClient.cpp:200] proxygen::HTTPException: Got error=ApplicationError: No Error, Client closed by peer reason=Setup failed
not ok 1 - setup-only
  ---
  duration_ms: 165
  error: coroutine operation cancelled
  ...
W0731 01:45:47.384199     1 MoQWebTransportClient.cpp:175] WebTransport: No WT-Protocol header in response, will use legacy version negotiation
E0731 01:45:47.406902     1 MoQWebTransportClient.cpp:200] proxygen::HTTPException: Got error=ApplicationError: No Error, Client closed by peer reason=Setup failed
not ok 2 - announce-only
  ---
  duration_ms: 129
  error: coroutine operation cancelled
  ...
E20260731 01:45:47.629259     1 HQStreamCodec.cpp:194] Failed parsing header list for stream=0, error=Pseudo headers forbidden in trailers.
E0731 01:45:47.629326     1 MoQWebTransportClient.cpp:147] std::runtime_error: Error setting up WebTransport: proxygen::HTTPException: HQStreamCodec stream error: stream=0 status=400 error:Pseudo headers forbidden in trailers.
not ok 3 - subscribe-error
  ---
  duration_ms: 222
  error: Error setting up WebTransport: proxygen::HTTPException: HQStreamCodec stream error: stream=0 status=400 error:Pseudo headers forbidden in trailers.
  ...
W0731 01:45:47.667654     1 MoQWebTransportClient.cpp:175] WebTransport: No WT-Protocol header in response, will use legacy version negotiation
E0731 01:45:47.679881     1 MoQWebTransportClient.cpp:200] proxygen::HTTPException: Got error=ApplicationError: No Error, Client closed by peer reason=Setup failed
not ok 4 - announce-subscribe
  ---
  duration_ms: 50
  error: coroutine operation cancelled
  ...
W0731 01:45:47.808457     1 MoQWebTransportClient.cpp:175] WebTransport: No WT-Protocol header in response, will use legacy version negotiation
not ok 5 - publish-namespace-done
  ---
  duration_ms: 153
  error: coroutine operation cancelled
  ...
E0731 01:45:47.833595     1 MoQWebTransportClient.cpp:200] proxygen::HTTPException: Got error=ApplicationError: No Error, Client closed by peer reason=Setup failed
W0731 01:45:48.031969     1 MoQWebTransportClient.cpp:175] WebTransport: No WT-Protocol header in response, will use legacy version negotiation
E0731 01:45:48.054575     1 MoQWebTransportClient.cpp:200] proxygen::HTTPException: Got error=ApplicationError: No Error, Client closed by peer reason=Setup failed
not ok 6 - subscribe-before-announce
  ---
  duration_ms: 220
  error: coroutine operation cancelled
  ...
E20260731 01:45:49.056413     1 EventHandler.cpp:90] EventBase: failed to register event handler for fd 14: No such file or directory
make[1]: *** [Makefile:122: test-external] Error 1
make[1]: Leaving directory '/home/runner/work/moq-interop-runner/moq-interop-runner/main'
