make[1]: Entering directory '/home/runner/work/moq-interop-runner/moq-interop-runner/main'
Running tests against https://lminiero.it:9000...
  Client: ghcr.io/englishm/moq-interop-runner-moq-test-client-draft-18:latest
docker run --rm \
	 \
	--network host \
	-e RELAY_URL=https://lminiero.it:9000 \
	-e TLS_DISABLE_VERIFY=false \
	ghcr.io/englishm/moq-interop-runner-moq-test-client-draft-18:latest
TAP version 14
# moq-test-client v0.1.10
# Relay: https://lminiero.it:9000/
1..6
[2m2026-08-10T00:46:38.865457Z[0m [32m INFO[0m [2mmoq_native_ietf::quic[0m[2m:[0m UDP socket bound [3mbind[0m[2m=[0m[::]:0 [3mlocal[0m[2m=[0m[::]:37628 [3mdual_stack[0m[2m=[0mtrue
[2m2026-08-10T00:46:39.883326Z[0m [32m INFO[0m [2mmoq_test_client::scenarios[0m[2m:[0m SETUP exchange completed successfully
ok 1 - setup-only
  ---
  duration_ms: 1018
  connection_id: ddaae811d2ac8968f5f985f1d3ef00c7
  ...
[2m2026-08-10T00:46:39.884280Z[0m [32m INFO[0m [2mmoq_native_ietf::quic[0m[2m:[0m UDP socket bound [3mbind[0m[2m=[0m[::]:0 [3mlocal[0m[2m=[0m[::]:54988 [3mdual_stack[0m[2m=[0mtrue
[2m2026-08-10T00:46:40.894242Z[0m [32m INFO[0m [2mmoq_test_client::scenarios[0m[2m:[0m Sending PUBLISH_NAMESPACE for: moq-test/interop
[2m2026-08-10T00:46:42.897531Z[0m [32m INFO[0m [2mmoq_test_client::scenarios[0m[2m:[0m PUBLISH_NAMESPACE succeeded (REQUEST_OK received, waiting for subscribers)
ok 2 - publish-namespace-only
  ---
  duration_ms: 3014
  connection_id: 67219b41f8da65aec16f00d3f31e812a
  ...
[2m2026-08-10T00:46:42.898666Z[0m [32m INFO[0m [2mmoq_native_ietf::quic[0m[2m:[0m UDP socket bound [3mbind[0m[2m=[0m[::]:0 [3mlocal[0m[2m=[0m[::]:36639 [3mdual_stack[0m[2m=[0mtrue
[2m2026-08-10T00:46:44.058001Z[0m [32m INFO[0m [2mmoq_test_client::scenarios[0m[2m:[0m Subscribing to non-existent track: nonexistent/namespace/test-track
[2m2026-08-10T00:46:44.240760Z[0m [33m WARN[0m [2mmoq_transport::serve::error[0m[2m:[0m [4326f717-e9e7-4c12-82e1-ebd5681fccb4] Not found: Namespace not found at moq-transport/src/session/subscriber.rs:483
[2m2026-08-10T00:46:44.240784Z[0m [33m WARN[0m [2mmoq_transport::session::reader[0m[2m:[0m [READER] decode: stream ended while waiting for data (have=0 bytes, need=1)
[2m2026-08-10T00:46:44.240879Z[0m [32m INFO[0m [2mmoq_test_client::scenarios[0m[2m:[0m Got expected 'not found' error: not found: Track not found [error:4326f717-e9e7-4c12-82e1-ebd5681fccb4]
ok 3 - subscribe-error
  ---
  duration_ms: 1343
  connection_id: c5ae7dc3d77505529aae197cf569d6fd
  ...
[2m2026-08-10T00:46:44.241750Z[0m [32m INFO[0m [2mmoq_native_ietf::quic[0m[2m:[0m UDP socket bound [3mbind[0m[2m=[0m[::]:0 [3mlocal[0m[2m=[0m[::]:40521 [3mdual_stack[0m[2m=[0mtrue
[2m2026-08-10T00:46:44.944684Z[0m [32m INFO[0m [2mmoq_native_ietf::quic[0m[2m:[0m UDP socket bound [3mbind[0m[2m=[0m[::]:0 [3mlocal[0m[2m=[0m[::]:56455 [3mdual_stack[0m[2m=[0mtrue
[2m2026-08-10T00:46:46.087886Z[0m [32m INFO[0m [2mmoq_test_client::scenarios[0m[2m:[0m Publisher sending PUBLISH_NAMESPACE: moq-test/interop
[2m2026-08-10T00:46:46.087904Z[0m [32m INFO[0m [2mmoq_test_client::scenarios[0m[2m:[0m Subscriber subscribing to track: moq-test/interop/test-track
[2m2026-08-10T00:46:46.260943Z[0m [33m WARN[0m [2mmoq_transport::serve::error[0m[2m:[0m [13b062dd-8ead-4de6-b4ec-c83d4b387a74] Not found: Namespace not found at moq-transport/src/session/subscriber.rs:483
[2m2026-08-10T00:46:46.260982Z[0m [33m WARN[0m [2mmoq_transport::session::reader[0m[2m:[0m [READER] decode: stream ended while waiting for data (have=0 bytes, need=1)
[2m2026-08-10T00:46:46.261060Z[0m [32m INFO[0m [2mmoq_test_client::scenarios[0m[2m:[0m Subscriber got error: not found: Track not found [error:13b062dd-8ead-4de6-b4ec-c83d4b387a74] - subscription was processed
ok 4 - publish-namespace-subscribe
  ---
  duration_ms: 2020
  publisher_connection_id: 4d14c794504cf9dd3e076d311552e257
  subscriber_connection_id: 5a5f8141cca754b3f22ba118f4427485
  ...
[2m2026-08-10T00:46:46.262157Z[0m [32m INFO[0m [2mmoq_native_ietf::quic[0m[2m:[0m UDP socket bound [3mbind[0m[2m=[0m[::]:0 [3mlocal[0m[2m=[0m[::]:55867 [3mdual_stack[0m[2m=[0mtrue
[2m2026-08-10T00:46:47.268527Z[0m [32m INFO[0m [2mmoq_test_client::scenarios[0m[2m:[0m Subscriber subscribing BEFORE PUBLISH_NAMESPACE: moq-test/interop/test-track
[2m2026-08-10T00:46:47.440709Z[0m [33m WARN[0m [2mmoq_transport::serve::error[0m[2m:[0m [8240825c-5737-4b39-a616-88efffab5a7f] Not found: Namespace not found at moq-transport/src/session/subscriber.rs:483
[2m2026-08-10T00:46:47.440745Z[0m [33m WARN[0m [2mmoq_transport::session::reader[0m[2m:[0m [READER] decode: stream ended while waiting for data (have=0 bytes, need=1)
[2m2026-08-10T00:46:47.770608Z[0m [32m INFO[0m [2mmoq_native_ietf::quic[0m[2m:[0m UDP socket bound [3mbind[0m[2m=[0m[::]:0 [3mlocal[0m[2m=[0m[::]:39556 [3mdual_stack[0m[2m=[0mtrue
[2m2026-08-10T00:46:48.765423Z[0m [32m INFO[0m [2mmoq_test_client::scenarios[0m[2m:[0m Publisher sending PUBLISH_NAMESPACE (after subscriber): moq-test/interop
[2m2026-08-10T00:46:51.767228Z[0m [32m INFO[0m [2mmoq_test_client::scenarios[0m[2m:[0m Publisher PUBLISH_NAMESPACE timeout (expected)
[2m2026-08-10T00:46:51.767253Z[0m [32m INFO[0m [2mmoq_test_client::scenarios[0m[2m:[0m Subscriber got error: not found: Track not found [error:8240825c-5737-4b39-a616-88efffab5a7f] (may be expected)
ok 5 - subscribe-before-publish-namespace
  ---
  duration_ms: 5506
  subscriber_connection_id: 1f1d82349c453b9c915dee0d2611fbf4
  publisher_connection_id: 696ac374ba2da41246940ccd0025e410
  ...
[2m2026-08-10T00:46:51.768401Z[0m [32m INFO[0m [2mmoq_native_ietf::quic[0m[2m:[0m UDP socket bound [3mbind[0m[2m=[0m[::]:0 [3mlocal[0m[2m=[0m[::]:57529 [3mdual_stack[0m[2m=[0mtrue
[2m2026-08-10T00:46:52.789596Z[0m [32m INFO[0m [2mmoq_test_client::scenarios[0m[2m:[0m Sending PUBLISH_NAMESPACE: moq-test/interop
[2m2026-08-10T00:46:54.791443Z[0m [32m INFO[0m [2mmoq_test_client::scenarios[0m[2m:[0m PUBLISH_NAMESPACE active; sending PUBLISH_NAMESPACE_DONE
[2m2026-08-10T00:46:54.892746Z[0m [32m INFO[0m [2mmoq_test_client::scenarios[0m[2m:[0m PUBLISH_NAMESPACE_DONE sent successfully
ok 6 - publish-namespace-done
  ---
  duration_ms: 3125
  connection_id: 0a2d16fbdfa94b5d1ddbada48892c02e
  ...
make[1]: Leaving directory '/home/runner/work/moq-interop-runner/moq-interop-runner/main'
