make[1]: Entering directory '/home/runner/work/moq-interop-runner/moq-interop-runner/main'
Running tests against moqt://lminiero.it:9000...
  Client: ghcr.io/englishm/moq-interop-runner-moq-test-client:latest
docker run --rm \
	 \
	--network host \
	-e RELAY_URL=moqt://lminiero.it:9000 \
	-e TLS_DISABLE_VERIFY=false \
	ghcr.io/englishm/moq-interop-runner-moq-test-client:latest
TAP version 14
# moq-test-client v0.1.11
# Relay: moqt://lminiero.it:9000
1..8
[2m2026-08-10T01:13:16.087108Z[0m [32m INFO[0m [2mmoq_native_ietf::quic[0m[2m:[0m UDP socket bound [3mbind[0m[2m=[0m[::]:0 [3mlocal[0m[2m=[0m[::]:53213 [3mdual_stack[0m[2m=[0mtrue
[2m2026-08-10T01:13:16.773676Z[0m [31mERROR[0m [2mmoq_transport::session::reader[0m[2m:[0m [READER] decode: ERROR decoding moq_transport::setup::server::Server - InvalidMessage(33) (buffer_len=25)
not ok 1 - setup-only
  ---
  duration_ms: 687
  message: "SETUP exchange failed: decode error: invalid message: 33: invalid message: 33"
  ...
[2m2026-08-10T01:13:16.774637Z[0m [32m INFO[0m [2mmoq_native_ietf::quic[0m[2m:[0m UDP socket bound [3mbind[0m[2m=[0m[::]:0 [3mlocal[0m[2m=[0m[::]:45466 [3mdual_stack[0m[2m=[0mtrue
[2m2026-08-10T01:13:17.612505Z[0m [31mERROR[0m [2mmoq_transport::session::reader[0m[2m:[0m [READER] decode: ERROR decoding moq_transport::setup::server::Server - InvalidMessage(33) (buffer_len=25)
not ok 2 - publish-namespace-only
  ---
  duration_ms: 838
  message: "SETUP exchange failed: decode error: invalid message: 33: invalid message: 33"
  ...
[2m2026-08-10T01:13:17.613389Z[0m [32m INFO[0m [2mmoq_native_ietf::quic[0m[2m:[0m UDP socket bound [3mbind[0m[2m=[0m[::]:0 [3mlocal[0m[2m=[0m[::]:40883 [3mdual_stack[0m[2m=[0mtrue
[2m2026-08-10T01:13:18.150064Z[0m [31mERROR[0m [2mmoq_transport::session::reader[0m[2m:[0m [READER] decode: ERROR decoding moq_transport::setup::server::Server - InvalidMessage(33) (buffer_len=25)
not ok 3 - subscribe-error
  ---
  duration_ms: 537
  message: "SETUP exchange failed: decode error: invalid message: 33: invalid message: 33"
  ...
[2m2026-08-10T01:13:18.151059Z[0m [32m INFO[0m [2mmoq_native_ietf::quic[0m[2m:[0m UDP socket bound [3mbind[0m[2m=[0m[::]:0 [3mlocal[0m[2m=[0m[::]:38857 [3mdual_stack[0m[2m=[0mtrue
[2m2026-08-10T01:13:18.679548Z[0m [31mERROR[0m [2mmoq_transport::session::reader[0m[2m:[0m [READER] decode: ERROR decoding moq_transport::setup::server::Server - InvalidMessage(33) (buffer_len=25)
not ok 4 - publish-namespace-subscribe
  ---
  duration_ms: 529
  message: "publisher SETUP failed: decode error: invalid message: 33: invalid message: 33"
  ...
[2m2026-08-10T01:13:18.680476Z[0m [32m INFO[0m [2mmoq_native_ietf::quic[0m[2m:[0m UDP socket bound [3mbind[0m[2m=[0m[::]:0 [3mlocal[0m[2m=[0m[::]:47437 [3mdual_stack[0m[2m=[0mtrue
[2m2026-08-10T01:13:19.715567Z[0m [31mERROR[0m [2mmoq_transport::session::reader[0m[2m:[0m [READER] decode: ERROR decoding moq_transport::setup::server::Server - InvalidMessage(33) (buffer_len=25)
not ok 5 - subscribe-before-publish-namespace
  ---
  duration_ms: 1035
  message: "subscriber SETUP failed: decode error: invalid message: 33: invalid message: 33"
  ...
[2m2026-08-10T01:13:19.716446Z[0m [32m INFO[0m [2mmoq_native_ietf::quic[0m[2m:[0m UDP socket bound [3mbind[0m[2m=[0m[::]:0 [3mlocal[0m[2m=[0m[::]:36900 [3mdual_stack[0m[2m=[0mtrue
[2m2026-08-10T01:13:20.235267Z[0m [31mERROR[0m [2mmoq_transport::session::reader[0m[2m:[0m [READER] decode: ERROR decoding moq_transport::setup::server::Server - InvalidMessage(33) (buffer_len=25)
not ok 6 - publish-namespace-done
  ---
  duration_ms: 519
  message: "SETUP exchange failed: decode error: invalid message: 33: invalid message: 33"
  ...
[2m2026-08-10T01:13:20.236092Z[0m [32m INFO[0m [2mmoq_native_ietf::quic[0m[2m:[0m UDP socket bound [3mbind[0m[2m=[0m[::]:0 [3mlocal[0m[2m=[0m[::]:56852 [3mdual_stack[0m[2m=[0mtrue
[2m2026-08-10T01:13:21.083490Z[0m [31mERROR[0m [2mmoq_transport::session::reader[0m[2m:[0m [READER] decode: ERROR decoding moq_transport::setup::server::Server - InvalidMessage(33) (buffer_len=25)
not ok 7 - publish-track-only
  ---
  duration_ms: 848
  message: "publisher SETUP failed: decode error: invalid message: 33: invalid message: 33"
  ...
[2m2026-08-10T01:13:21.084360Z[0m [32m INFO[0m [2mmoq_native_ietf::quic[0m[2m:[0m UDP socket bound [3mbind[0m[2m=[0m[::]:0 [3mlocal[0m[2m=[0m[::]:41552 [3mdual_stack[0m[2m=[0mtrue
[2m2026-08-10T01:13:21.618723Z[0m [31mERROR[0m [2mmoq_transport::session::reader[0m[2m:[0m [READER] decode: ERROR decoding moq_transport::setup::server::Server - InvalidMessage(33) (buffer_len=25)
not ok 8 - publish-track-subscribe
  ---
  duration_ms: 535
  message: "publisher SETUP failed: decode error: invalid message: 33: invalid message: 33"
  ...
make[1]: *** [Makefile:122: test-external] Error 1
make[1]: Leaving directory '/home/runner/work/moq-interop-runner/moq-interop-runner/main'
