make[1]: Entering directory '/home/runner/work/moq-interop-runner/moq-interop-runner/main'
Running tests against https://moqx-main.ci.openmoq.org:4433/moq-relay...
  Client: ghcr.io/englishm/moq-interop-runner-moq-test-client-draft-16:latest
docker run --rm \
	 \
	--network host \
	-e RELAY_URL=https://moqx-main.ci.openmoq.org:4433/moq-relay \
	-e TLS_DISABLE_VERIFY=false \
	ghcr.io/englishm/moq-interop-runner-moq-test-client-draft-16:latest
TAP version 14
# moq-test-client v0.1.0
# Relay: https://moqx-main.ci.openmoq.org:4433/moq-relay
1..6
ok 1 - setup-only
  ---
  duration_ms: 302
  connection_id: d2b32e4d172a5beffb8bf7867c663bea
  ...
ok 2 - announce-only
  ---
  duration_ms: 2442
  connection_id: 13975965a931f6d5a51c236889b48bbd
  ...
ok 3 - subscribe-error
  ---
  duration_ms: 334
  connection_id: 1b7142167ecf7f53d01cbdf6382bca7c
  ...
ok 4 - announce-subscribe
  ---
  duration_ms: 3952
  publisher_connection_id: 2a38f74de16fa71986fe6abcfb08aa4a
  subscriber_connection_id: 3829353b7192b1ab149c1281afc718b6
  ...
ok 5 - subscribe-before-announce
  ---
  duration_ms: 4853
  subscriber_connection_id: a584d8c2d130c0a5aeaf8270e9d70f92
  publisher_connection_id: 7cc24da5b36418a4ad21e7c1bdec59fd
  ...
ok 6 - publish-namespace-done
  ---
  duration_ms: 2418
  connection_id: 94048a2c01a1923eac8b00bac2897c94
  ...
make[1]: Leaving directory '/home/runner/work/moq-interop-runner/moq-interop-runner/main'
