make[1]: Entering directory '/home/runner/work/moq-interop-runner/moq-interop-runner/main'
Running tests against moqt://fb.mvfst.net:9448...
  Client: ghcr.io/englishm/moq-interop-runner-moq-test-client-draft-18:latest
docker run --rm \
	 \
	--network host \
	-e RELAY_URL=moqt://fb.mvfst.net:9448 \
	-e TLS_DISABLE_VERIFY=1 \
	ghcr.io/englishm/moq-interop-runner-moq-test-client-draft-18:latest
TAP version 14
# moq-test-client v0.1.10
# Relay: moqt://fb.mvfst.net:9448
1..6
[2m2026-08-10T00:50:19.271195Z[0m [32m INFO[0m [2mmoq_native_ietf::quic[0m[2m:[0m UDP socket bound [3mbind[0m[2m=[0m[::]:0 [3mlocal[0m[2m=[0m[::]:59075 [3mdual_stack[0m[2m=[0mtrue
[2m2026-08-10T00:50:19.357637Z[0m [32m INFO[0m [2mmoq_test_client::scenarios[0m[2m:[0m SETUP exchange completed successfully
ok 1 - setup-only
  ---
  duration_ms: 87
  connection_id: b0197fe4c3f44a226b7474d1f134e0ef
  ...
[2m2026-08-10T00:50:19.358529Z[0m [32m INFO[0m [2mmoq_native_ietf::quic[0m[2m:[0m UDP socket bound [3mbind[0m[2m=[0m[::]:0 [3mlocal[0m[2m=[0m[::]:49170 [3mdual_stack[0m[2m=[0mtrue
[2m2026-08-10T00:50:19.437407Z[0m [32m INFO[0m [2mmoq_test_client::scenarios[0m[2m:[0m Sending PUBLISH_NAMESPACE for: moq-test/interop
[2m2026-08-10T00:50:21.439286Z[0m [32m INFO[0m [2mmoq_test_client::scenarios[0m[2m:[0m PUBLISH_NAMESPACE succeeded (REQUEST_OK received, waiting for subscribers)
ok 2 - publish-namespace-only
  ---
  duration_ms: 2081
  connection_id: 148fa7299ac3e1af4e63a8c5ff2e6e09
  ...
[2m2026-08-10T00:50:21.440330Z[0m [32m INFO[0m [2mmoq_native_ietf::quic[0m[2m:[0m UDP socket bound [3mbind[0m[2m=[0m[::]:0 [3mlocal[0m[2m=[0m[::]:38030 [3mdual_stack[0m[2m=[0mtrue
[2m2026-08-10T00:50:21.527892Z[0m [32m INFO[0m [2mmoq_test_client::scenarios[0m[2m:[0m Subscribing to non-existent track: nonexistent/namespace/test-track
[2m2026-08-10T00:50:21.594085Z[0m [33m WARN[0m [2mmoq_transport::serve::error[0m[2m:[0m [1ca2edc2-64ba-4fe2-b146-8826b82efa13] Not found: no such namespace or track at moq-transport/src/session/subscriber.rs:483
[2m2026-08-10T00:50:21.594120Z[0m [33m WARN[0m [2mmoq_transport::session::reader[0m[2m:[0m [READER] decode: stream ended while waiting for data (have=0 bytes, need=1)
[2m2026-08-10T00:50:21.594173Z[0m [32m INFO[0m [2mmoq_test_client::scenarios[0m[2m:[0m Got expected 'not found' error: not found: Track not found [error:1ca2edc2-64ba-4fe2-b146-8826b82efa13]
ok 3 - subscribe-error
  ---
  duration_ms: 154
  connection_id: d1c56bd53083cf8acb3a6ce5bc825e9c
  ...
[2m2026-08-10T00:50:21.595160Z[0m [32m INFO[0m [2mmoq_native_ietf::quic[0m[2m:[0m UDP socket bound [3mbind[0m[2m=[0m[::]:0 [3mlocal[0m[2m=[0m[::]:43980 [3mdual_stack[0m[2m=[0mtrue
[2m2026-08-10T00:50:21.670767Z[0m [32m INFO[0m [2mmoq_native_ietf::quic[0m[2m:[0m UDP socket bound [3mbind[0m[2m=[0m[::]:0 [3mlocal[0m[2m=[0m[::]:41949 [3mdual_stack[0m[2m=[0mtrue
[2m2026-08-10T00:50:21.748923Z[0m [32m INFO[0m [2mmoq_test_client::scenarios[0m[2m:[0m Publisher sending PUBLISH_NAMESPACE: moq-test/interop
[2m2026-08-10T00:50:21.748943Z[0m [32m INFO[0m [2mmoq_test_client::scenarios[0m[2m:[0m Subscriber subscribing to track: moq-test/interop/test-track
[2m2026-08-10T00:50:21.816378Z[0m [33m WARN[0m [2mmoq_transport::serve::error[0m[2m:[0m [5e5519cd-35aa-4181-bcad-d1a8e89030c9] Not found: no such namespace or track at moq-transport/src/session/subscriber.rs:483
[2m2026-08-10T00:50:21.816402Z[0m [33m WARN[0m [2mmoq_transport::session::reader[0m[2m:[0m [READER] decode: stream ended while waiting for data (have=0 bytes, need=1)
[2m2026-08-10T00:50:21.816462Z[0m [32m INFO[0m [2mmoq_test_client::scenarios[0m[2m:[0m Subscriber got error: not found: Track not found [error:5e5519cd-35aa-4181-bcad-d1a8e89030c9] - subscription was processed
ok 4 - publish-namespace-subscribe
  ---
  duration_ms: 222
  publisher_connection_id: 28525268c5dffedc802c74856ae6bde0
  subscriber_connection_id: 0365aeb521974b6b004196c7c0ff061b
  ...
[2m2026-08-10T00:50:21.817554Z[0m [32m INFO[0m [2mmoq_native_ietf::quic[0m[2m:[0m UDP socket bound [3mbind[0m[2m=[0m[::]:0 [3mlocal[0m[2m=[0m[::]:36117 [3mdual_stack[0m[2m=[0mtrue
[2m2026-08-10T00:50:21.893729Z[0m [32m INFO[0m [2mmoq_test_client::scenarios[0m[2m:[0m Subscriber subscribing BEFORE PUBLISH_NAMESPACE: moq-test/interop/test-track
[2m2026-08-10T00:50:21.962038Z[0m [33m WARN[0m [2mmoq_transport::serve::error[0m[2m:[0m [d588960a-d7a7-42ee-89d5-206de78225d0] Not found: no such namespace or track at moq-transport/src/session/subscriber.rs:483
[2m2026-08-10T00:50:21.962073Z[0m [33m WARN[0m [2mmoq_transport::session::reader[0m[2m:[0m [READER] decode: stream ended while waiting for data (have=0 bytes, need=1)
[2m2026-08-10T00:50:22.395756Z[0m [32m INFO[0m [2mmoq_native_ietf::quic[0m[2m:[0m UDP socket bound [3mbind[0m[2m=[0m[::]:0 [3mlocal[0m[2m=[0m[::]:56325 [3mdual_stack[0m[2m=[0mtrue
[2m2026-08-10T00:50:22.504422Z[0m [32m INFO[0m [2mmoq_test_client::scenarios[0m[2m:[0m Publisher sending PUBLISH_NAMESPACE (after subscriber): moq-test/interop
[2m2026-08-10T00:50:25.506035Z[0m [32m INFO[0m [2mmoq_test_client::scenarios[0m[2m:[0m Publisher PUBLISH_NAMESPACE timeout (expected)
[2m2026-08-10T00:50:25.506058Z[0m [32m INFO[0m [2mmoq_test_client::scenarios[0m[2m:[0m Subscriber got error: not found: Track not found [error:d588960a-d7a7-42ee-89d5-206de78225d0] (may be expected)
ok 5 - subscribe-before-publish-namespace
  ---
  duration_ms: 3689
  subscriber_connection_id: 1483c30d20fe065c2c8af1fb1f4e611a
  publisher_connection_id: 0c653fc0b5975ac1aafc42c46dc2be5a
  ...
[2m2026-08-10T00:50:25.506893Z[0m [32m INFO[0m [2mmoq_native_ietf::quic[0m[2m:[0m UDP socket bound [3mbind[0m[2m=[0m[::]:0 [3mlocal[0m[2m=[0m[::]:49886 [3mdual_stack[0m[2m=[0mtrue
[2m2026-08-10T00:50:25.602885Z[0m [32m INFO[0m [2mmoq_test_client::scenarios[0m[2m:[0m Sending PUBLISH_NAMESPACE: moq-test/interop
[2m2026-08-10T00:50:27.604065Z[0m [32m INFO[0m [2mmoq_test_client::scenarios[0m[2m:[0m PUBLISH_NAMESPACE active; sending PUBLISH_NAMESPACE_DONE
[2m2026-08-10T00:50:27.705673Z[0m [32m INFO[0m [2mmoq_test_client::scenarios[0m[2m:[0m PUBLISH_NAMESPACE_DONE sent successfully
ok 6 - publish-namespace-done
  ---
  duration_ms: 2199
  connection_id: a23240c3fc2af6a1aa263de8236e70a9
  ...
make[1]: Leaving directory '/home/runner/work/moq-interop-runner/moq-interop-runner/main'
