make[1]: Entering directory '/home/runner/work/moq-interop-runner/moq-interop-runner/main'
Running tests against moqt://us-west-2.relay.quicr.org:33437...
  Client: ghcr.io/openmoq/moqx-interop-client:latest
docker run --rm \
	 \
	--network host \
	-e RELAY_URL=moqt://us-west-2.relay.quicr.org:33437 \
	-e TLS_DISABLE_VERIFY=1 \
	ghcr.io/openmoq/moqx-interop-client:latest
TAP version 14
# moxygen interop test client
# Relay: moqt://us-west-2.relay.quicr.org:33437
# Transport: QUIC
1..6
ok 1 - setup-only
  ---
  duration_ms: 200
  info: SETUP exchange completed successfully
  ...
W0810 01:27:58.964661     1 MoQSession.cpp:5628] Issuing request that will fail; nextRequestID_=0 peerMaxRequestID_=0 sess=0x56484a0a9000
E0810 01:27:58.985432     1 MoQRelaySession.cpp:1116] PublishNamespaceDone for unknown publishNamespace, sess=0x56484a0a9000
ok 2 - announce-only
  ---
  duration_ms: 234
  info: PUBLISH_NAMESPACE completed successfully
  ...
W0810 01:27:59.203344     1 MoQSession.cpp:5628] Issuing request that will fail; nextRequestID_=0 peerMaxRequestID_=0 sess=0x56484a0c8230
E0810 01:27:59.223737     1 MoQCodec.cpp:126] Conn error=3
E0810 01:27:59.223765     1 MoQSession.cpp:5412] MoQCodec control stream parse error err=3
ok 3 - subscribe-error
  ---
  duration_ms: 238
  info: Subscribe correctly returned error: Session closed
  ...
W0810 01:27:59.437035     1 MoQSession.cpp:5628] Issuing request that will fail; nextRequestID_=0 peerMaxRequestID_=0 sess=0x56484a0d1e80
W0810 01:27:59.663621     1 MoQSession.cpp:5628] Issuing request that will fail; nextRequestID_=0 peerMaxRequestID_=0 sess=0x56484a0d13b0
E0810 01:27:59.684015     1 MoQCodec.cpp:126] Conn error=3
E0810 01:27:59.684050     1 MoQSession.cpp:5412] MoQCodec control stream parse error err=3
not ok 4 - announce-subscribe
  ---
  duration_ms: 460
  error: Subscribe failed: Session closed
  ...
W0810 01:27:59.730146     1 MoQSession.cpp:5628] Issuing request that will fail; nextRequestID_=0 peerMaxRequestID_=0 sess=0x56484a0e9a30
ok 5 - publish-namespace-done
  ---
  duration_ms: 66
  info: PUBLISH_NAMESPACE_OK received, PUBLISH_NAMESPACE_DONE sent
  ...
W0810 01:27:59.823371     1 MoQSession.cpp:5628] Issuing request that will fail; nextRequestID_=0 peerMaxRequestID_=0 sess=0x56484a0e9340
E0810 01:27:59.843956     1 MoQCodec.cpp:126] Conn error=3
E0810 01:27:59.843988     1 MoQSession.cpp:5412] MoQCodec control stream parse error err=3
W0810 01:28:00.371430     1 MoQSession.cpp:5628] Issuing request that will fail; nextRequestID_=0 peerMaxRequestID_=0 sess=0x56484a0f86f0
ok 6 - subscribe-before-announce
  ---
  duration_ms: 641
  info: Subscribe returned error (relay doesn't buffer pending subscriptions): Session closed
  ...
make[1]: *** [Makefile:122: test-external] Error 1
make[1]: Leaving directory '/home/runner/work/moq-interop-runner/moq-interop-runner/main'
