make[1]: Entering directory '/home/runner/work/moq-interop-runner/moq-interop-runner/main'
Running tests against https://us-west-2.relay.quicr.org:33437/relay...
  Client: ghcr.io/openmoq/moqx-interop-client:latest
docker run --rm \
	 \
	--network host \
	-e RELAY_URL=https://us-west-2.relay.quicr.org:33437/relay \
	-e TLS_DISABLE_VERIFY=1 \
	ghcr.io/openmoq/moqx-interop-client:latest
TAP version 14
# moxygen interop test client
# Relay: https://us-west-2.relay.quicr.org:33437/relay
# Transport: WebTransport
1..6
W0810 01:27:56.608683     1 MoQWebTransportClient.cpp:175] WebTransport: No WT-Protocol header in response, will use legacy version negotiation
E0810 01:27:56.629476     1 MoQFramer.cpp:1140] Server selected version draft-1 but we only offer draft-14 in legacy mode
E0810 01:27:56.629503     1 MoQCodec.cpp:126] Conn error=21
E0810 01:27:56.629507     1 MoQSession.cpp:5412] MoQCodec control stream parse error err=21
not ok 1 - setup-only
  ---
  duration_ms: 223
  error: coroutine operation cancelled
  ...
W0810 01:27:56.843156     1 MoQWebTransportClient.cpp:175] WebTransport: No WT-Protocol header in response, will use legacy version negotiation
E0810 01:27:56.863750     1 MoQFramer.cpp:1140] Server selected version draft-1 but we only offer draft-14 in legacy mode
E0810 01:27:56.863776     1 MoQCodec.cpp:126] Conn error=21
E0810 01:27:56.863781     1 MoQSession.cpp:5412] MoQCodec control stream parse error err=21
not ok 2 - announce-only
  ---
  duration_ms: 234
  error: coroutine operation cancelled
  ...
W0810 01:27:56.947212     1 MoQWebTransportClient.cpp:175] WebTransport: No WT-Protocol header in response, will use legacy version negotiation
E0810 01:27:56.967686     1 MoQFramer.cpp:1140] Server selected version draft-1 but we only offer draft-14 in legacy mode
E0810 01:27:56.967713     1 MoQCodec.cpp:126] Conn error=21
E0810 01:27:56.967718     1 MoQSession.cpp:5412] MoQCodec control stream parse error err=21
not ok 3 - subscribe-error
  ---
  duration_ms: 103
  error: coroutine operation cancelled
  ...
W0810 01:27:57.053302     1 MoQWebTransportClient.cpp:175] WebTransport: No WT-Protocol header in response, will use legacy version negotiation
E0810 01:27:57.073742     1 MoQFramer.cpp:1140] Server selected version draft-1 but we only offer draft-14 in legacy mode
E0810 01:27:57.073778     1 MoQCodec.cpp:126] Conn error=21
E0810 01:27:57.073782     1 MoQSession.cpp:5412] MoQCodec control stream parse error err=21
not ok 4 - announce-subscribe
  ---
  duration_ms: 105
  error: coroutine operation cancelled
  ...
W0810 01:27:57.288253     1 MoQWebTransportClient.cpp:175] WebTransport: No WT-Protocol header in response, will use legacy version negotiation
E0810 01:27:57.308765     1 MoQFramer.cpp:1140] Server selected version draft-1 but we only offer draft-14 in legacy mode
E0810 01:27:57.308793     1 MoQCodec.cpp:126] Conn error=21
E0810 01:27:57.308797     1 MoQSession.cpp:5412] MoQCodec control stream parse error err=21
not ok 5 - publish-namespace-done
  ---
  duration_ms: 234
  error: coroutine operation cancelled
  ...
W0810 01:27:57.355350     1 MoQWebTransportClient.cpp:175] WebTransport: No WT-Protocol header in response, will use legacy version negotiation
E0810 01:27:57.375949     1 MoQFramer.cpp:1140] Server selected version draft-1 but we only offer draft-14 in legacy mode
E0810 01:27:57.375975     1 MoQCodec.cpp:126] Conn error=21
E0810 01:27:57.375982     1 MoQSession.cpp:5412] MoQCodec control stream parse error err=21
not ok 6 - subscribe-before-announce
  ---
  duration_ms: 66
  error: coroutine operation cancelled
  ...
make[1]: *** [Makefile:122: test-external] Error 1
make[1]: Leaving directory '/home/runner/work/moq-interop-runner/moq-interop-runner/main'
