make[1]: Entering directory '/home/runner/work/moq-interop-runner/moq-interop-runner/main'
Running tests against https://fb.mvfst.net:9448/moq-relay...
  Client: ghcr.io/englishm/moq-interop-runner-moq-test-client-draft-18:latest
docker run --rm \
	 \
	--network host \
	-e RELAY_URL=https://fb.mvfst.net:9448/moq-relay \
	-e TLS_DISABLE_VERIFY=1 \
	ghcr.io/englishm/moq-interop-runner-moq-test-client-draft-18:latest
TAP version 14
# moq-test-client v0.1.10
# Relay: https://fb.mvfst.net:9448/moq-relay
1..6
[2m2026-08-07T01:44:53.316519Z[0m [32m INFO[0m [2mmoq_native_ietf::quic[0m[2m:[0m UDP socket bound [3mbind[0m[2m=[0m[::]:0 [3mlocal[0m[2m=[0m[::]:57083 [3mdual_stack[0m[2m=[0mtrue
[2m2026-08-07T01:44:53.426556Z[0m [32m INFO[0m [2mmoq_test_client::scenarios[0m[2m:[0m SETUP exchange completed successfully
ok 1 - setup-only
  ---
  duration_ms: 110
  connection_id: 7dba8f43bbeaf453a82fa4205994f575
  ...
[2m2026-08-07T01:44:53.427381Z[0m [32m INFO[0m [2mmoq_native_ietf::quic[0m[2m:[0m UDP socket bound [3mbind[0m[2m=[0m[::]:0 [3mlocal[0m[2m=[0m[::]:47927 [3mdual_stack[0m[2m=[0mtrue
[2m2026-08-07T01:44:53.442006Z[0m [33m WARN[0m [2mweb_transport_quinn::session[0m[2m:[0m failed to read capsule [3me[0m[2m=[0mUnexpectedEnd
[2m2026-08-07T01:44:53.549900Z[0m [32m INFO[0m [2mmoq_test_client::scenarios[0m[2m:[0m Sending PUBLISH_NAMESPACE for: moq-test/interop
[2m2026-08-07T01:44:55.550907Z[0m [32m INFO[0m [2mmoq_test_client::scenarios[0m[2m:[0m PUBLISH_NAMESPACE succeeded (REQUEST_OK received, waiting for subscribers)
ok 2 - publish-namespace-only
  ---
  duration_ms: 2124
  connection_id: fcb4223bbb99ffbfd522822c62b20566
  ...
[2m2026-08-07T01:44:55.551861Z[0m [32m INFO[0m [2mmoq_native_ietf::quic[0m[2m:[0m UDP socket bound [3mbind[0m[2m=[0m[::]:0 [3mlocal[0m[2m=[0m[::]:33563 [3mdual_stack[0m[2m=[0mtrue
[2m2026-08-07T01:44:55.565444Z[0m [33m WARN[0m [2mweb_transport_quinn::session[0m[2m:[0m failed to read capsule [3me[0m[2m=[0mUnexpectedEnd
[2m2026-08-07T01:44:55.688164Z[0m [32m INFO[0m [2mmoq_test_client::scenarios[0m[2m:[0m Subscribing to non-existent track: nonexistent/namespace/test-track
[2m2026-08-07T01:44:55.703676Z[0m [33m WARN[0m [2mmoq_transport::serve::error[0m[2m:[0m [e5b25540-c8bf-4a40-bfaa-6578d5705d2a] Not found: no such namespace or track at moq-transport/src/session/subscriber.rs:483
[2m2026-08-07T01:44:55.703696Z[0m [33m WARN[0m [2mmoq_transport::session::reader[0m[2m:[0m [READER] decode: stream ended while waiting for data (have=0 bytes, need=1)
[2m2026-08-07T01:44:55.703729Z[0m [32m INFO[0m [2mmoq_test_client::scenarios[0m[2m:[0m Got expected 'not found' error: not found: Track not found [error:e5b25540-c8bf-4a40-bfaa-6578d5705d2a]
ok 3 - subscribe-error
  ---
  duration_ms: 152
  connection_id: c6ff8a25dab7a966b4d932a7fdfc308b
  ...
[2m2026-08-07T01:44:55.704641Z[0m [32m INFO[0m [2mmoq_native_ietf::quic[0m[2m:[0m UDP socket bound [3mbind[0m[2m=[0m[::]:0 [3mlocal[0m[2m=[0m[::]:47481 [3mdual_stack[0m[2m=[0mtrue
[2m2026-08-07T01:44:55.717768Z[0m [33m WARN[0m [2mweb_transport_quinn::session[0m[2m:[0m failed to read capsule [3me[0m[2m=[0mUnexpectedEnd
[2m2026-08-07T01:44:55.789878Z[0m [32m INFO[0m [2mmoq_native_ietf::quic[0m[2m:[0m UDP socket bound [3mbind[0m[2m=[0m[::]:0 [3mlocal[0m[2m=[0m[::]:36820 [3mdual_stack[0m[2m=[0mtrue
[2m2026-08-07T01:44:55.867695Z[0m [32m INFO[0m [2mmoq_test_client::scenarios[0m[2m:[0m Publisher sending PUBLISH_NAMESPACE: moq-test/interop
[2m2026-08-07T01:44:55.867713Z[0m [32m INFO[0m [2mmoq_test_client::scenarios[0m[2m:[0m Subscriber subscribing to track: moq-test/interop/test-track
[2m2026-08-07T01:44:55.882862Z[0m [33m WARN[0m [2mmoq_transport::serve::error[0m[2m:[0m [1f50ab42-bbc3-41ab-91e9-31812e227319] Not found: no such namespace or track at moq-transport/src/session/subscriber.rs:483
[2m2026-08-07T01:44:55.882881Z[0m [33m WARN[0m [2mmoq_transport::session::reader[0m[2m:[0m [READER] decode: stream ended while waiting for data (have=0 bytes, need=1)
[2m2026-08-07T01:44:55.883016Z[0m [32m INFO[0m [2mmoq_test_client::scenarios[0m[2m:[0m Subscriber got error: not found: Track not found [error:1f50ab42-bbc3-41ab-91e9-31812e227319] - subscription was processed
ok 4 - publish-namespace-subscribe
  ---
  duration_ms: 179
  publisher_connection_id: 32219dd5b48baa16307b468c3e14fd5b
  subscriber_connection_id: 16b2adc49e7d2327495ff55b5553e1f2
  ...
[2m2026-08-07T01:44:55.883875Z[0m [32m INFO[0m [2mmoq_native_ietf::quic[0m[2m:[0m UDP socket bound [3mbind[0m[2m=[0m[::]:0 [3mlocal[0m[2m=[0m[::]:39154 [3mdual_stack[0m[2m=[0mtrue
[2m2026-08-07T01:44:55.896956Z[0m [33m WARN[0m [2mweb_transport_quinn::session[0m[2m:[0m failed to read capsule [3me[0m[2m=[0mUnexpectedEnd
[2m2026-08-07T01:44:55.897948Z[0m [33m WARN[0m [2mweb_transport_quinn::session[0m[2m:[0m failed to read capsule [3me[0m[2m=[0mUnexpectedEnd
[2m2026-08-07T01:44:56.039429Z[0m [32m INFO[0m [2mmoq_test_client::scenarios[0m[2m:[0m Subscriber subscribing BEFORE PUBLISH_NAMESPACE: moq-test/interop/test-track
[2m2026-08-07T01:44:56.054570Z[0m [33m WARN[0m [2mmoq_transport::serve::error[0m[2m:[0m [6a6d76b6-fa50-4949-9f8c-96303ca4ef2c] Not found: no such namespace or track at moq-transport/src/session/subscriber.rs:483
[2m2026-08-07T01:44:56.054589Z[0m [33m WARN[0m [2mmoq_transport::session::reader[0m[2m:[0m [READER] decode: stream ended while waiting for data (have=0 bytes, need=1)
[2m2026-08-07T01:44:56.068252Z[0m [33m WARN[0m [2mweb_transport_quinn::session[0m[2m:[0m failed to read capsule [3me[0m[2m=[0mUnexpectedEnd
[2m2026-08-07T01:44:56.541505Z[0m [32m INFO[0m [2mmoq_native_ietf::quic[0m[2m:[0m UDP socket bound [3mbind[0m[2m=[0m[::]:0 [3mlocal[0m[2m=[0m[::]:36412 [3mdual_stack[0m[2m=[0mtrue
[2m2026-08-07T01:44:56.765869Z[0m [32m INFO[0m [2mmoq_test_client::scenarios[0m[2m:[0m Publisher sending PUBLISH_NAMESPACE (after subscriber): moq-test/interop
[2m2026-08-07T01:44:59.767108Z[0m [32m INFO[0m [2mmoq_test_client::scenarios[0m[2m:[0m Publisher PUBLISH_NAMESPACE timeout (expected)
[2m2026-08-07T01:44:59.767135Z[0m [32m INFO[0m [2mmoq_test_client::scenarios[0m[2m:[0m Subscriber got error: not found: Track not found [error:6a6d76b6-fa50-4949-9f8c-96303ca4ef2c] (may be expected)
ok 5 - subscribe-before-publish-namespace
  ---
  duration_ms: 3884
  subscriber_connection_id: 585a1123617106a9e37ce2e987d72d84
  publisher_connection_id: c45c9c5cca672845b45690c8e41fcf4f
  ...
[2m2026-08-07T01:44:59.768053Z[0m [32m INFO[0m [2mmoq_native_ietf::quic[0m[2m:[0m UDP socket bound [3mbind[0m[2m=[0m[::]:0 [3mlocal[0m[2m=[0m[::]:49533 [3mdual_stack[0m[2m=[0mtrue
[2m2026-08-07T01:44:59.782005Z[0m [33m WARN[0m [2mweb_transport_quinn::session[0m[2m:[0m failed to read capsule [3me[0m[2m=[0mUnexpectedEnd
[2m2026-08-07T01:44:59.838145Z[0m [32m INFO[0m [2mmoq_test_client::scenarios[0m[2m:[0m Sending PUBLISH_NAMESPACE: moq-test/interop
[2m2026-08-07T01:45:01.839452Z[0m [32m INFO[0m [2mmoq_test_client::scenarios[0m[2m:[0m PUBLISH_NAMESPACE active; sending PUBLISH_NAMESPACE_DONE
[2m2026-08-07T01:45:01.940572Z[0m [32m INFO[0m [2mmoq_test_client::scenarios[0m[2m:[0m PUBLISH_NAMESPACE_DONE sent successfully
ok 6 - publish-namespace-done
  ---
  duration_ms: 2173
  connection_id: 3e9bd024ecb6d1d9b2cf3154eae37311
  ...
make[1]: Leaving directory '/home/runner/work/moq-interop-runner/moq-interop-runner/main'
