make[1]: Entering directory '/home/runner/work/moq-interop-runner/moq-interop-runner/main'
Running tests against https://lminiero.it:9000...
  Client: ghcr.io/englishm/moq-interop-runner-moq-test-client:latest
docker run --rm \
	 \
	--network host \
	-e RELAY_URL=https://lminiero.it:9000 \
	-e TLS_DISABLE_VERIFY=false \
	ghcr.io/englishm/moq-interop-runner-moq-test-client:latest
TAP version 14
# moq-test-client v0.1.11
# Relay: https://lminiero.it:9000/
1..8
[2m2026-08-07T02:07:35.742074Z[0m [32m INFO[0m [2mmoq_native_ietf::quic[0m[2m:[0m UDP socket bound [3mbind[0m[2m=[0m[::]:0 [3mlocal[0m[2m=[0m[::]:45830 [3mdual_stack[0m[2m=[0mtrue
[2m2026-08-07T02:07:36.541630Z[0m [31mERROR[0m [2mmoq_transport::session::reader[0m[2m:[0m [READER] decode: ERROR decoding moq_transport::setup::server::Server - InvalidMessage(33) (buffer_len=25)
not ok 1 - setup-only
  ---
  duration_ms: 800
  message: "SETUP exchange failed: decode error: invalid message: 33: invalid message: 33"
  ...
[2m2026-08-07T02:07:36.542504Z[0m [32m INFO[0m [2mmoq_native_ietf::quic[0m[2m:[0m UDP socket bound [3mbind[0m[2m=[0m[::]:0 [3mlocal[0m[2m=[0m[::]:36651 [3mdual_stack[0m[2m=[0mtrue
[2m2026-08-07T02:07:37.319879Z[0m [31mERROR[0m [2mmoq_transport::session::reader[0m[2m:[0m [READER] decode: ERROR decoding moq_transport::setup::server::Server - InvalidMessage(33) (buffer_len=25)
not ok 2 - publish-namespace-only
  ---
  duration_ms: 778
  message: "SETUP exchange failed: decode error: invalid message: 33: invalid message: 33"
  ...
[2m2026-08-07T02:07:37.320754Z[0m [32m INFO[0m [2mmoq_native_ietf::quic[0m[2m:[0m UDP socket bound [3mbind[0m[2m=[0m[::]:0 [3mlocal[0m[2m=[0m[::]:52708 [3mdual_stack[0m[2m=[0mtrue
[2m2026-08-07T02:07:38.121492Z[0m [31mERROR[0m [2mmoq_transport::session::reader[0m[2m:[0m [READER] decode: ERROR decoding moq_transport::setup::server::Server - InvalidMessage(33) (buffer_len=25)
not ok 3 - subscribe-error
  ---
  duration_ms: 801
  message: "SETUP exchange failed: decode error: invalid message: 33: invalid message: 33"
  ...
[2m2026-08-07T02:07:38.122422Z[0m [32m INFO[0m [2mmoq_native_ietf::quic[0m[2m:[0m UDP socket bound [3mbind[0m[2m=[0m[::]:0 [3mlocal[0m[2m=[0m[::]:54517 [3mdual_stack[0m[2m=[0mtrue
[2m2026-08-07T02:07:39.009747Z[0m [31mERROR[0m [2mmoq_transport::session::reader[0m[2m:[0m [READER] decode: ERROR decoding moq_transport::setup::server::Server - InvalidMessage(33) (buffer_len=25)
not ok 4 - publish-namespace-subscribe
  ---
  duration_ms: 888
  message: "publisher SETUP failed: decode error: invalid message: 33: invalid message: 33"
  ...
[2m2026-08-07T02:07:39.010596Z[0m [32m INFO[0m [2mmoq_native_ietf::quic[0m[2m:[0m UDP socket bound [3mbind[0m[2m=[0m[::]:0 [3mlocal[0m[2m=[0m[::]:54526 [3mdual_stack[0m[2m=[0mtrue
[2m2026-08-07T02:07:39.822812Z[0m [31mERROR[0m [2mmoq_transport::session::reader[0m[2m:[0m [READER] decode: ERROR decoding moq_transport::setup::server::Server - InvalidMessage(33) (buffer_len=25)
not ok 5 - subscribe-before-publish-namespace
  ---
  duration_ms: 813
  message: "subscriber SETUP failed: decode error: invalid message: 33: invalid message: 33"
  ...
[2m2026-08-07T02:07:39.823694Z[0m [32m INFO[0m [2mmoq_native_ietf::quic[0m[2m:[0m UDP socket bound [3mbind[0m[2m=[0m[::]:0 [3mlocal[0m[2m=[0m[::]:34622 [3mdual_stack[0m[2m=[0mtrue
[2m2026-08-07T02:07:40.599038Z[0m [31mERROR[0m [2mmoq_transport::session::reader[0m[2m:[0m [READER] decode: ERROR decoding moq_transport::setup::server::Server - InvalidMessage(33) (buffer_len=25)
not ok 6 - publish-namespace-done
  ---
  duration_ms: 776
  message: "SETUP exchange failed: decode error: invalid message: 33: invalid message: 33"
  ...
[2m2026-08-07T02:07:40.599940Z[0m [32m INFO[0m [2mmoq_native_ietf::quic[0m[2m:[0m UDP socket bound [3mbind[0m[2m=[0m[::]:0 [3mlocal[0m[2m=[0m[::]:37766 [3mdual_stack[0m[2m=[0mtrue
[2m2026-08-07T02:07:41.376483Z[0m [31mERROR[0m [2mmoq_transport::session::reader[0m[2m:[0m [READER] decode: ERROR decoding moq_transport::setup::server::Server - InvalidMessage(33) (buffer_len=25)
not ok 7 - publish-track-only
  ---
  duration_ms: 777
  message: "publisher SETUP failed: decode error: invalid message: 33: invalid message: 33"
  ...
[2m2026-08-07T02:07:41.377333Z[0m [32m INFO[0m [2mmoq_native_ietf::quic[0m[2m:[0m UDP socket bound [3mbind[0m[2m=[0m[::]:0 [3mlocal[0m[2m=[0m[::]:37641 [3mdual_stack[0m[2m=[0mtrue
[2m2026-08-07T02:07:42.154730Z[0m [31mERROR[0m [2mmoq_transport::session::reader[0m[2m:[0m [READER] decode: ERROR decoding moq_transport::setup::server::Server - InvalidMessage(33) (buffer_len=25)
not ok 8 - publish-track-subscribe
  ---
  duration_ms: 778
  message: "publisher SETUP failed: decode error: invalid message: 33: invalid message: 33"
  ...
make[1]: *** [Makefile:122: test-external] Error 1
make[1]: Leaving directory '/home/runner/work/moq-interop-runner/moq-interop-runner/main'
