make[1]: Entering directory '/home/runner/work/moq-interop-runner/moq-interop-runner/main'
Running tests against https://fb.mvfst.net:9448/moq-relay...
  Client: ghcr.io/englishm/moq-interop-runner-moq-test-client-draft-16:latest
docker run --rm \
	 \
	--network host \
	-e RELAY_URL=https://fb.mvfst.net:9448/moq-relay \
	-e TLS_DISABLE_VERIFY=1 \
	ghcr.io/englishm/moq-interop-runner-moq-test-client-draft-16:latest
TAP version 14
# moq-test-client v0.1.0
# Relay: https://fb.mvfst.net:9448/moq-relay
1..6
ok 1 - setup-only
  ---
  duration_ms: 215
  connection_id: b0e546ad08ed9dac44052a50b19bcf50
  ...
ok 2 - announce-only
  ---
  duration_ms: 2078
  connection_id: 105709ba80204722b2ace6c6f9ccfe92
  ...
ok 3 - subscribe-error
  ---
  duration_ms: 182
  connection_id: 2c410419977b4d6bf13a7bcd0a672919
  ...
not ok 4 - announce-subscribe
  ---
  duration_ms: 368
  message: "publisher session error: webtransport error: read error: RESET_STREAM: 386759528: read error: RESET_STREAM: 386759528"
  ...
ok 5 - subscribe-before-announce
  ---
  duration_ms: 3779
  subscriber_connection_id: c123a6cf3c57f3361e541421afa21c31
  publisher_connection_id: 6e99795f005abe691c8b9d4fdf7dc39e
  ...
ok 6 - publish-namespace-done
  ---
  duration_ms: 2167
  connection_id: 39390ba4204290b820215418fdde685d
  ...
make[1]: *** [Makefile:122: test-external] Error 1
make[1]: Leaving directory '/home/runner/work/moq-interop-runner/moq-interop-runner/main'
