make[1]: Entering directory '/home/runner/work/moq-interop-runner/moq-interop-runner/main'
Running tests against https://us-west-2.relay.quicr.org:33437/relay...
  Client: ghcr.io/openmoq/moqx-interop-client:latest
docker run --rm \
	 \
	--network host \
	-e RELAY_URL=https://us-west-2.relay.quicr.org:33437/relay \
	-e TLS_DISABLE_VERIFY=1 \
	ghcr.io/openmoq/moqx-interop-client:latest
TAP version 14
# moxygen interop test client
# Relay: https://us-west-2.relay.quicr.org:33437/relay
# Transport: WebTransport
1..6
W0807 02:22:09.074756     1 MoQWebTransportClient.cpp:175] WebTransport: No WT-Protocol header in response, will use legacy version negotiation
E0807 02:22:09.150558     1 MoQFramer.cpp:1140] Server selected version draft-1 but we only offer draft-14 in legacy mode
E0807 02:22:09.150585     1 MoQCodec.cpp:126] Conn error=21
E0807 02:22:09.150590     1 MoQSession.cpp:5412] MoQCodec control stream parse error err=21
not ok 1 - setup-only
  ---
  duration_ms: 370
  error: coroutine operation cancelled
  ...
W0807 02:22:09.349177     1 MoQWebTransportClient.cpp:175] WebTransport: No WT-Protocol header in response, will use legacy version negotiation
E0807 02:22:09.435457     1 MoQFramer.cpp:1140] Server selected version draft-1 but we only offer draft-14 in legacy mode
E0807 02:22:09.435487     1 MoQCodec.cpp:126] Conn error=21
E0807 02:22:09.435491     1 MoQSession.cpp:5412] MoQCodec control stream parse error err=21
not ok 2 - announce-only
  ---
  duration_ms: 284
  error: coroutine operation cancelled
  ...
W0807 02:22:09.621432     1 MoQWebTransportClient.cpp:175] WebTransport: No WT-Protocol header in response, will use legacy version negotiation
E0807 02:22:09.707532     1 MoQFramer.cpp:1140] Server selected version draft-1 but we only offer draft-14 in legacy mode
E0807 02:22:09.707559     1 MoQCodec.cpp:126] Conn error=21
E0807 02:22:09.707564     1 MoQSession.cpp:5412] MoQCodec control stream parse error err=21
not ok 3 - subscribe-error
  ---
  duration_ms: 271
  error: coroutine operation cancelled
  ...
W0807 02:22:09.883972     1 MoQWebTransportClient.cpp:175] WebTransport: No WT-Protocol header in response, will use legacy version negotiation
E0807 02:22:09.969766     1 MoQFramer.cpp:1140] Server selected version draft-1 but we only offer draft-14 in legacy mode
E0807 02:22:09.969800     1 MoQCodec.cpp:126] Conn error=21
E0807 02:22:09.969806     1 MoQSession.cpp:5412] MoQCodec control stream parse error err=21
not ok 4 - announce-subscribe
  ---
  duration_ms: 261
  error: coroutine operation cancelled
  ...
W0807 02:22:10.163085     1 MoQWebTransportClient.cpp:175] WebTransport: No WT-Protocol header in response, will use legacy version negotiation
E0807 02:22:10.249705     1 MoQFramer.cpp:1140] Server selected version draft-1 but we only offer draft-14 in legacy mode
E0807 02:22:10.249736     1 MoQCodec.cpp:126] Conn error=21
E0807 02:22:10.249741     1 MoQSession.cpp:5412] MoQCodec control stream parse error err=21
not ok 5 - publish-namespace-done
  ---
  duration_ms: 279
  error: coroutine operation cancelled
  ...
W0807 02:22:10.439902     1 MoQWebTransportClient.cpp:175] WebTransport: No WT-Protocol header in response, will use legacy version negotiation
E0807 02:22:10.525662     1 MoQFramer.cpp:1140] Server selected version draft-1 but we only offer draft-14 in legacy mode
E0807 02:22:10.525694     1 MoQCodec.cpp:126] Conn error=21
E0807 02:22:10.525701     1 MoQSession.cpp:5412] MoQCodec control stream parse error err=21
not ok 6 - subscribe-before-announce
  ---
  duration_ms: 275
  error: coroutine operation cancelled
  ...
make[1]: *** [Makefile:122: test-external] Error 1
make[1]: Leaving directory '/home/runner/work/moq-interop-runner/moq-interop-runner/main'
