make[1]: Entering directory '/home/runner/work/moq-interop-runner/moq-interop-runner/main'
Running tests against moqt://34-72-6-160.sslip.io:443...
  Client: ghcr.io/gmarzot/aiomoqt:latest
docker run --rm \
	 \
	--network host \
	-e RELAY_URL=moqt://34-72-6-160.sslip.io:443 \
	-e TLS_DISABLE_VERIFY=false \
	ghcr.io/gmarzot/aiomoqt:latest
  [PASS] setup-only: SERVER_SETUP received with compatible version
WARNING aiopquic.quic.connection: connection closed (app): error=16
2026-09-05 00:30:41.111 ERROR: QUIC error: code: 16 reason: ConnectionTerminated
2026-09-05 00:30:41.111 ERROR: MOQT error: closing: ConnectionTerminated (16)
  [FAIL] announce-only: Failed: TimeoutError
WARNING aiopquic.quic.connection: connection closed (app): error=16
2026-09-05 00:30:46.122 ERROR: QUIC error: code: 16 reason: ConnectionTerminated
2026-09-05 00:30:46.122 ERROR: MOQT error: closing: ConnectionTerminated (16)
  [FAIL] publish-namespace-done: Failed: TimeoutError
WARNING aiopquic.quic.connection: connection closed (app): error=16
2026-09-05 00:30:51.152 ERROR: QUIC error: code: 16 reason: ConnectionTerminated
2026-09-05 00:30:51.152 ERROR: MOQT error: closing: ConnectionTerminated (16)
  [FAIL] subscribe-error: Failed: TimeoutError
WARNING aiopquic.quic.connection: connection closed (app): error=16
2026-09-05 00:30:56.136 ERROR: QUIC error: code: 16 reason: ConnectionTerminated
2026-09-05 00:30:56.136 ERROR: MOQT error: closing: ConnectionTerminated (16)
  [FAIL] announce-subscribe: Failed: TimeoutError
WARNING aiopquic.quic.connection: connection closed (app): error=16
2026-09-05 00:31:06.164 ERROR: QUIC error: code: 16 reason: ConnectionTerminated
2026-09-05 00:31:06.164 ERROR: MOQT error: closing: ConnectionTerminated (16)
WARNING aiopquic.quic.connection: connection closed (app): error=16
2026-09-05 00:31:06.832 ERROR: QUIC error: code: 16 reason: ConnectionTerminated
2026-09-05 00:31:06.832 ERROR: MOQT error: closing: ConnectionTerminated (16)
  [FAIL] subscribe-before-announce: Failed: TimeoutError
TAP version 14
# date: 2026-09-05T00:30:40Z
# ended: 2026-09-05T00:31:12Z
# target: moqt://34-72-6-160.sslip.io:443
# version: aiomoqt/0.10.6
# note: preference probe pinned draft-16
1..6
ok 1 - setup-only
  ---
  duration_ms: 176.0
  connection_id: unknown
  message: SERVER_SETUP received with compatible version
  ...
not ok 2 - announce-only
  ---
  duration_ms: 5003.7
  message: Failed: TimeoutError
  expected: PUBLISH_NAMESPACE_OK
  received: TimeoutError
  ...
not ok 3 - publish-namespace-done
  ---
  duration_ms: 5005.7
  message: Failed: TimeoutError
  expected: PUBLISH_NAMESPACE_OK + PUBLISH_NAMESPACE_DONE
  received: TimeoutError
  ...
not ok 4 - subscribe-error
  ---
  duration_ms: 5005.5
  message: Failed: TimeoutError
  expected: error response
  received: TimeoutError
  ...
not ok 5 - announce-subscribe
  ---
  duration_ms: 10004.8
  publisher_connection_id: unknown
  subscriber_connection_id: unknown
  message: Failed: TimeoutError
  received: TimeoutError
  ...
not ok 6 - subscribe-before-announce
  ---
  duration_ms: 7007.1
  publisher_connection_id: unknown
  subscriber_connection_id: unknown
  message: Failed: TimeoutError
  received: TimeoutError
  ...
make[1]: *** [Makefile:122: test-external] Error 1
make[1]: Leaving directory '/home/runner/work/moq-interop-runner/moq-interop-runner/main'
