make[1]: Entering directory '/home/runner/work/moq-interop-runner/moq-interop-runner/main'
Running tests against moqt://draft-18-interop.cloudflare.mediaoverquic.com:443...
  Client: ghcr.io/openmoq/moq5-interop-client:latest
docker run --rm \
	 \
	--network host \
	-e RELAY_URL=moqt://draft-18-interop.cloudflare.mediaoverquic.com:443 \
	-e TLS_DISABLE_VERIFY=false \
	ghcr.io/openmoq/moq5-interop-client:latest
TAP version 14
1..6
# request: backend=auto wt-profile=n/a draft=auto
ok 1 - setup-only
  ---
  duration_ms: 196
  ...
ok 2 - announce-only
  ---
  duration_ms: 158
  ...
ok 3 - publish-namespace-done
  ---
  duration_ms: 246
  ...
ok 4 - subscribe-error
  ---
  duration_ms: 156
  ...
ok 5 - announce-subscribe
  ---
  duration_ms: 445
  ...
ok 6 - subscribe-before-announce
  ---
  duration_ms: 752
  ...
make[1]: Leaving directory '/home/runner/work/moq-interop-runner/moq-interop-runner/main'
