make[1]: Entering directory '/home/runner/work/moq-interop-runner/moq-interop-runner/main'
Running tests against https://relay18.moqtail.dev...
  Client: ghcr.io/openmoq/moqx-interop-client:latest
docker run --rm \
	 \
	--network host \
	-e RELAY_URL=https://relay18.moqtail.dev \
	-e TLS_DISABLE_VERIFY=false \
	ghcr.io/openmoq/moqx-interop-client:latest
TAP version 14
# moxygen interop test client
# Relay: https://relay18.moqtail.dev
# Transport: WebTransport
# Offered ALPNs: moqt-18, moqt-16, moqt-15, moq-00
1..6
ok 1 - setup-only
  ---
  duration_ms: 593
  negotiated_version: draft-18
  info: SETUP exchange completed successfully
  ...
E0905 00:57:51.852780     1 MoQRelaySession.cpp:1116] PublishNamespaceDone for unknown publishNamespace, sess=0x555e1d022400
ok 2 - announce-only
  ---
  duration_ms: 672
  negotiated_version: draft-18
  info: PUBLISH_NAMESPACE completed successfully
  ...
E0905 00:57:52.539870     1 MoQSession.cpp:5069] No matching subscribe ID=0 sess=0x555e1d039330
ok 3 - subscribe-error
  ---
  duration_ms: 686
  negotiated_version: draft-18
  info: Subscribe correctly returned error: peer FINed without terminal reply
  ...
E0905 00:57:53.913726     1 MoQSession.cpp:5069] No matching subscribe ID=0 sess=0x555e1d006f10
not ok 4 - announce-subscribe
  ---
  duration_ms: 1373
  negotiated_version: draft-18
  error: Subscribe failed: peer FINed without terminal reply
  ...
ok 5 - publish-namespace-done
  ---
  duration_ms: 717
  negotiated_version: draft-18
  info: PUBLISH_NAMESPACE_OK received, PUBLISH_NAMESPACE_DONE sent
  ...
E0905 00:57:55.327854     1 MoQSession.cpp:5069] No matching subscribe ID=0 sess=0x555e1d04db10
ok 6 - subscribe-before-announce
  ---
  duration_ms: 1707
  negotiated_version: draft-18
  info: Subscribe returned error (relay doesn't buffer pending subscriptions): peer FINed without terminal reply
  ...
E20260905 00:57:57.339807     1 EventHandler.cpp:95] EventBase: failed to register event handler for fd 9: Resource temporarily unavailable
make[1]: *** [Makefile:122: test-external] Error 1
make[1]: Leaving directory '/home/runner/work/moq-interop-runner/moq-interop-runner/main'
