make[1]: Entering directory '/home/runner/work/moq-interop-runner/moq-interop-runner/main'
Running tests against moqt://lminiero.it:9000...
  Client: ghcr.io/facebookexperimental/moxygen-interop-client:latest-amd64
docker run --rm \
	 \
	--network host \
	-e RELAY_URL=moqt://lminiero.it:9000 \
	-e TLS_DISABLE_VERIFY=false \
	ghcr.io/facebookexperimental/moxygen-interop-client:latest-amd64
TAP version 14
# moxygen interop test client
# Relay: moqt://lminiero.it:9000
# Transport: QUIC
# Offered ALPNs: moqt-18, moqt-16, moqt-15, moq-00
1..6
ok 1 - setup-only
  ---
  duration_ms: 893
  negotiated_version: draft-18
  info: SETUP exchange completed successfully
  ...
E0905 01:00:28.898111     1 MoQRelaySession.cpp:1116] PublishNamespaceDone for unknown publishNamespace, sess=0x55a703ebd8e0
ok 2 - announce-only
  ---
  duration_ms: 947
  negotiated_version: draft-18
  info: PUBLISH_NAMESPACE completed successfully
  ...
ok 3 - subscribe-error
  ---
  duration_ms: 968
  negotiated_version: draft-18
  info: Subscribe correctly returned error: Namespace not found
  ...
E0905 01:00:31.850496     1 MoQSession.cpp:6288] publishDone for invalid id=1 sess=0x55a703eac8b0
ok 4 - announce-subscribe
  ---
  duration_ms: 1983
  negotiated_version: draft-18
  info: Publisher announced, subscriber subscribed successfully
  ...
ok 5 - publish-namespace-done
  ---
  duration_ms: 854
  negotiated_version: draft-18
  info: PUBLISH_NAMESPACE_OK received, PUBLISH_NAMESPACE_DONE sent
  ...
ok 6 - subscribe-before-announce
  ---
  duration_ms: 1345
  negotiated_version: draft-18
  info: Subscribe returned error (relay doesn't buffer pending subscriptions): Publisher Timeout
  ...
E20260905 01:00:35.051285     1 EventHandler.cpp:95] EventBase: failed to register event handler for fd 9: No such file or directory
make[1]: Leaving directory '/home/runner/work/moq-interop-runner/moq-interop-runner/main'
