make[1]: Entering directory '/home/runner/work/moq-interop-runner/moq-interop-runner/main'
rm -rf mlog/
mkdir -p mlog/relay mlog/client
Running interop tests...
  Relay:  ghcr.io/englishm/moq-interop-runner-moq-relay-ietf-draft-18:latest
  Client: ghcr.io/englishm/moq-interop-runner-moq-test-client-draft-18:latest
  URL:    https://relay:4443
time="2026-07-09T01:07:04Z" level=warning msg="The \"PORT\" variable is not set. Defaulting to a blank string."
time="2026-07-09T01:07:04Z" level=warning msg="The \"PORT\" variable is not set. Defaulting to a blank string."
time="2026-07-09T01:07:04Z" level=warning msg="The \"PORT\" variable is not set. Defaulting to a blank string."
time="2026-07-09T01:07:04Z" level=warning msg="The \"HEX\" variable is not set. Defaulting to a blank string."
time="2026-07-09T01:07:04Z" level=warning msg="The \"HEX\" variable is not set. Defaulting to a blank string."
 Container main-relay-1  Recreate
 Container main-relay-1  Recreated
Attaching to relay-1, test-client-1
relay-1        | Starting moq-rs relay on port 4443
relay-1        |   Cert: /certs/cert.pem
relay-1        |   Key:  /certs/priv.key
relay-1        |   Mlog: /mlog
relay-1        | [2m2026-07-09T01:07:04.841206Z[0m [32m INFO[0m [2mmoq_relay_ietf[0m[2m:[0m using file coordinator: /tmp/moq-coordinator.json
relay-1        | [2m2026-07-09T01:07:04.841254Z[0m [32m INFO[0m [2mmoq_native_ietf::quic[0m[2m:[0m UDP socket bound [3mbind[0m[2m=[0m0.0.0.0:4443 [3mlocal[0m[2m=[0m0.0.0.0:4443 [3mdual_stack[0m[2m=[0mfalse
relay-1        | [2m2026-07-09T01:07:04.841558Z[0m [32m INFO[0m [2mmoq_relay_ietf::relay[0m[2m:[0m mlog output enabled: /mlog
relay-1        | [2m2026-07-09T01:07:04.841584Z[0m [32m INFO[0m [2mmoq_relay_ietf::relay[0m[2m:[0m listening on 0.0.0.0:4443
test-client-1  | TAP version 14
test-client-1  | # moq-test-client v0.1.6
test-client-1  | # Relay: https://relay:4443/
test-client-1  | 1..6
test-client-1  | [2m2026-07-09T01:07:10.454464Z[0m [32m INFO[0m [2mmoq_native_ietf::quic[0m[2m:[0m UDP socket bound [3mbind[0m[2m=[0m[::]:0 [3mlocal[0m[2m=[0m[::]:45571 [3mdual_stack[0m[2m=[0mtrue
relay-1        | [2m2026-07-09T01:07:10.457497Z[0m [33m WARN[0m [2mmoq_transport::session[0m[2m:[0m Failed to create mlog: Permission denied (os error 13)
test-client-1  | [2m2026-07-09T01:07:10.457890Z[0m [32m INFO[0m [2mmoq_test_client::scenarios[0m[2m:[0m SETUP exchange completed successfully
test-client-1  | ok 1 - setup-only
test-client-1  |   ---
test-client-1  |   duration_ms: 4
test-client-1  |   connection_id: b1eff1f9201df54b7ed2da58f479a88e
test-client-1  |   ...
test-client-1  | [2m2026-07-09T01:07:10.458239Z[0m [33m WARN[0m [2mweb_transport_quinn::session[0m[2m:[0m failed to read capsule [3me[0m[2m=[0mUnexpectedEnd
test-client-1  | [2m2026-07-09T01:07:10.458735Z[0m [32m INFO[0m [2mmoq_native_ietf::quic[0m[2m:[0m UDP socket bound [3mbind[0m[2m=[0m[::]:0 [3mlocal[0m[2m=[0m[::]:37102 [3mdual_stack[0m[2m=[0mtrue
relay-1        | [2m2026-07-09T01:07:10.460785Z[0m [33m WARN[0m [2mmoq_transport::session[0m[2m:[0m Failed to create mlog: Permission denied (os error 13)
test-client-1  | [2m2026-07-09T01:07:10.461068Z[0m [32m INFO[0m [2mmoq_test_client::scenarios[0m[2m:[0m Sending PUBLISH_NAMESPACE for: moq-test/interop
relay-1        | [2m2026-07-09T01:07:10.461331Z[0m [32m INFO[0m [2mmoq_relay_ietf::consumer[0m[2m:[0m serving PUBLISH_NAMESPACE: PublishNamespaceInfo { request_id: 0, namespace: /moq-test/interop } [3mnamespace[0m[2m=[0m/moq-test/interop
relay-1        | [2m2026-07-09T01:07:10.461958Z[0m [32m INFO[0m [2mmoq_relay_ietf::file_coordinator[0m[2m:[0m registering namespace: /moq-test/interop -> https://0.0.0.0:4443/ [3mnamespace[0m[2m=[0m/moq-test/interop [3mscope[0m[2m=[0m [3mrelay_url[0m[2m=[0mhttps://0.0.0.0:4443/
test-client-1  | [2m2026-07-09T01:07:12.462019Z[0m [32m INFO[0m [2mmoq_test_client::scenarios[0m[2m:[0m PUBLISH_NAMESPACE succeeded (REQUEST_OK received, waiting for subscribers)
test-client-1  | ok 2 - publish-namespace-only
test-client-1  |   ---
test-client-1  |   duration_ms: 2004
test-client-1  |   connection_id: 8ace78ab9caea86483418456c1dfc03c
test-client-1  |   ...
relay-1        | [2m2026-07-09T01:07:12.462136Z[0m [33m WARN[0m [2mmoq_transport::session::reader[0m[2m:[0m [READER] decode: stream ended while waiting for data (have=0 bytes, need=1)
relay-1        | [2m2026-07-09T01:07:12.462451Z[0m [33m WARN[0m [2mmoq_relay_ietf::relay[0m[2m:[0m MoQ session error: decode error: fill buffer [3merror[0m[2m=[0mdecode error: fill buffer
relay-1        | [2m2026-07-09T01:07:12.462714Z[0m [33m WARN[0m [2mweb_transport_quinn::session[0m[2m:[0m failed to read capsule [3me[0m[2m=[0mUnexpectedEnd
test-client-1  | [2m2026-07-09T01:07:12.462766Z[0m [33m WARN[0m [2mmoq_transport::session::reader[0m[2m:[0m [READER] decode: stream ended while waiting for data (have=0 bytes, need=1)
test-client-1  | [2m2026-07-09T01:07:12.462996Z[0m [32m INFO[0m [2mmoq_native_ietf::quic[0m[2m:[0m UDP socket bound [3mbind[0m[2m=[0m[::]:0 [3mlocal[0m[2m=[0m[::]:33553 [3mdual_stack[0m[2m=[0mtrue
relay-1        | [2m2026-07-09T01:07:12.465128Z[0m [33m WARN[0m [2mmoq_transport::session[0m[2m:[0m Failed to create mlog: Permission denied (os error 13)
test-client-1  | [2m2026-07-09T01:07:12.465365Z[0m [32m INFO[0m [2mmoq_test_client::scenarios[0m[2m:[0m Subscribing to non-existent track: nonexistent/namespace/test-track
relay-1        | [2m2026-07-09T01:07:12.465646Z[0m [32m INFO[0m [2mmoq_relay_ietf::producer[0m[2m:[0m serving subscribe: SubscribeInfo { id: 0, track_namespace: /nonexistent/namespace, track_name: test-track, subscriber_priority: 128, group_order: Publisher, forward: true, filter_type: AbsoluteStart, start_location: None, end_group_id: None, filter: None, params: {  }, track_status: false } [3mnamespace[0m[2m=[0m/nonexistent/namespace [3mtrack[0m[2m=[0mtest-track
relay-1        | [2m2026-07-09T01:07:12.465780Z[0m [33m WARN[0m [2mmoq_transport::serve::error[0m[2m:[0m [a382ee45-3485-44a5-be25-2ca2458ab94b] Not found: track '/nonexistent/namespace/test-track' not found in local or remote tracks at /build/moq-relay-ietf/src/producer.rs:168
relay-1        | [2m2026-07-09T01:07:12.465815Z[0m [33m WARN[0m [2mmoq_relay_ietf::producer[0m[2m:[0m failed serving subscribe [3mnamespace[0m[2m=[0m/nonexistent/namespace [3mtrack[0m[2m=[0mtest-track [3msubscribe_info[0m[2m=[0mSubscribeInfo { id: 0, track_namespace: /nonexistent/namespace, track_name: test-track, subscriber_priority: 128, group_order: Publisher, forward: true, filter_type: AbsoluteStart, start_location: None, end_group_id: None, filter: None, params: {  }, track_status: false } [3merror[0m[2m=[0mnot found: Track not found [error:a382ee45-3485-44a5-be25-2ca2458ab94b]
test-client-1  | [2m2026-07-09T01:07:12.466009Z[0m [33m WARN[0m [2mmoq_transport::serve::error[0m[2m:[0m [5d9dcc81-a8df-4ded-a76b-b4b66676307d] Not found: not found: Track not found [error:a382ee45-3485-44a5-be25-2ca2458ab94b] at moq-transport/src/session/subscriber.rs:455
test-client-1  | [2m2026-07-09T01:07:12.466086Z[0m [32m INFO[0m [2mmoq_test_client::scenarios[0m[2m:[0m Got expected 'not found' error: not found: Track not found [error:5d9dcc81-a8df-4ded-a76b-b4b66676307d]
relay-1        | [2m2026-07-09T01:07:12.466189Z[0m [33m WARN[0m [2mmoq_transport::session::reader[0m[2m:[0m [READER] decode: stream ended while waiting for data (have=0 bytes, need=1)
relay-1        | [2m2026-07-09T01:07:12.466221Z[0m [33m WARN[0m [2mmoq_relay_ietf::relay[0m[2m:[0m MoQ session error: decode error: fill buffer [3merror[0m[2m=[0mdecode error: fill buffer
test-client-1  | ok 3 - subscribe-error
test-client-1  |   ---
test-client-1  |   duration_ms: 4
test-client-1  |   connection_id: ff9789e6b37eb31e424052cbadf513c6
test-client-1  |   ...
test-client-1  | [2m2026-07-09T01:07:12.466300Z[0m [33m WARN[0m [2mmoq_transport::session::reader[0m[2m:[0m [READER] decode: stream ended while waiting for data (have=0 bytes, need=1)
test-client-1  | [2m2026-07-09T01:07:12.466848Z[0m [32m INFO[0m [2mmoq_native_ietf::quic[0m[2m:[0m UDP socket bound [3mbind[0m[2m=[0m[::]:0 [3mlocal[0m[2m=[0m[::]:39349 [3mdual_stack[0m[2m=[0mtrue
relay-1        | [2m2026-07-09T01:07:12.468581Z[0m [33m WARN[0m [2mmoq_transport::session[0m[2m:[0m Failed to create mlog: Permission denied (os error 13)
test-client-1  | [2m2026-07-09T01:07:12.469496Z[0m [32m INFO[0m [2mmoq_native_ietf::quic[0m[2m:[0m UDP socket bound [3mbind[0m[2m=[0m[::]:0 [3mlocal[0m[2m=[0m[::]:43186 [3mdual_stack[0m[2m=[0mtrue
relay-1        | [2m2026-07-09T01:07:12.471111Z[0m [33m WARN[0m [2mmoq_transport::session[0m[2m:[0m Failed to create mlog: Permission denied (os error 13)
test-client-1  | [2m2026-07-09T01:07:12.471446Z[0m [32m INFO[0m [2mmoq_test_client::scenarios[0m[2m:[0m Publisher sending PUBLISH_NAMESPACE: moq-test/interop
test-client-1  | [2m2026-07-09T01:07:12.471459Z[0m [32m INFO[0m [2mmoq_test_client::scenarios[0m[2m:[0m Subscriber subscribing to track: moq-test/interop/test-track
relay-1        | [2m2026-07-09T01:07:12.471713Z[0m [32m INFO[0m [2mmoq_relay_ietf::producer[0m[2m:[0m serving subscribe: SubscribeInfo { id: 0, track_namespace: /moq-test/interop, track_name: test-track, subscriber_priority: 128, group_order: Publisher, forward: true, filter_type: AbsoluteStart, start_location: None, end_group_id: None, filter: None, params: {  }, track_status: false } [3mnamespace[0m[2m=[0m/moq-test/interop [3mtrack[0m[2m=[0mtest-track
relay-1        | [2m2026-07-09T01:07:12.471782Z[0m [32m INFO[0m [2mmoq_relay_ietf::consumer[0m[2m:[0m serving PUBLISH_NAMESPACE: PublishNamespaceInfo { request_id: 0, namespace: /moq-test/interop } [3mnamespace[0m[2m=[0m/moq-test/interop
relay-1        | [2m2026-07-09T01:07:12.471818Z[0m [33m WARN[0m [2mmoq_transport::serve::error[0m[2m:[0m [2bde8c34-31ab-465a-a1dd-37e93ffec723] Not found: track '/moq-test/interop/test-track' not found in local or remote tracks at /build/moq-relay-ietf/src/producer.rs:168
relay-1        | [2m2026-07-09T01:07:12.471833Z[0m [33m WARN[0m [2mmoq_relay_ietf::producer[0m[2m:[0m failed serving subscribe [3mnamespace[0m[2m=[0m/moq-test/interop [3mtrack[0m[2m=[0mtest-track [3msubscribe_info[0m[2m=[0mSubscribeInfo { id: 0, track_namespace: /moq-test/interop, track_name: test-track, subscriber_priority: 128, group_order: Publisher, forward: true, filter_type: AbsoluteStart, start_location: None, end_group_id: None, filter: None, params: {  }, track_status: false } [3merror[0m[2m=[0mnot found: Track not found [error:2bde8c34-31ab-465a-a1dd-37e93ffec723]
relay-1        | [2m2026-07-09T01:07:12.471842Z[0m [32m INFO[0m [2mmoq_relay_ietf::file_coordinator[0m[2m:[0m registering namespace: /moq-test/interop -> https://0.0.0.0:4443/ [3mnamespace[0m[2m=[0m/moq-test/interop [3mscope[0m[2m=[0m [3mrelay_url[0m[2m=[0mhttps://0.0.0.0:4443/
test-client-1  | [2m2026-07-09T01:07:12.472073Z[0m [33m WARN[0m [2mmoq_transport::serve::error[0m[2m:[0m [5bd8d034-1909-48c4-ad8a-4c24f4cb1f4d] Not found: not found: Track not found [error:2bde8c34-31ab-465a-a1dd-37e93ffec723] at moq-transport/src/session/subscriber.rs:455
test-client-1  | [2m2026-07-09T01:07:12.472156Z[0m [32m INFO[0m [2mmoq_test_client::scenarios[0m[2m:[0m Subscriber got error: not found: Track not found [error:5bd8d034-1909-48c4-ad8a-4c24f4cb1f4d] - subscription was processed
test-client-1  | ok 4 - publish-namespace-subscribe
test-client-1  |   ---
test-client-1  |   duration_ms: 6
test-client-1  |   publisher_connection_id: 5b29b2a286419d0ec2f923ae08352f4e
test-client-1  |   subscriber_connection_id: 26bd190d866ed05aa7f2556ba1c20119
test-client-1  |   ...
test-client-1  | [2m2026-07-09T01:07:12.472347Z[0m [33m WARN[0m [2mmoq_transport::session::reader[0m[2m:[0m [READER] decode: stream ended while waiting for data (have=0 bytes, need=1)
relay-1        | [2m2026-07-09T01:07:12.472263Z[0m [33m WARN[0m [2mmoq_transport::session::reader[0m[2m:[0m [READER] decode: stream ended while waiting for data (have=0 bytes, need=1)
relay-1        | [2m2026-07-09T01:07:12.472610Z[0m [33m WARN[0m [2mmoq_relay_ietf::relay[0m[2m:[0m MoQ session error: decode error: fill buffer [3merror[0m[2m=[0mdecode error: fill buffer
test-client-1  | [2m2026-07-09T01:07:12.472537Z[0m [33m WARN[0m [2mweb_transport_quinn::session[0m[2m:[0m failed to read capsule [3me[0m[2m=[0mUnexpectedEnd
test-client-1  | [2m2026-07-09T01:07:12.472678Z[0m [33m WARN[0m [2mmoq_transport::session::reader[0m[2m:[0m [READER] decode: stream ended while waiting for data (have=0 bytes, need=1)
test-client-1  | [2m2026-07-09T01:07:12.473115Z[0m [32m INFO[0m [2mmoq_native_ietf::quic[0m[2m:[0m UDP socket bound [3mbind[0m[2m=[0m[::]:0 [3mlocal[0m[2m=[0m[::]:45121 [3mdual_stack[0m[2m=[0mtrue
relay-1        | [2m2026-07-09T01:07:12.474769Z[0m [33m WARN[0m [2mmoq_transport::session[0m[2m:[0m Failed to create mlog: Permission denied (os error 13)
test-client-1  | [2m2026-07-09T01:07:12.475070Z[0m [32m INFO[0m [2mmoq_test_client::scenarios[0m[2m:[0m Subscriber subscribing BEFORE PUBLISH_NAMESPACE: moq-test/interop/test-track
relay-1        | [2m2026-07-09T01:07:12.475303Z[0m [32m INFO[0m [2mmoq_relay_ietf::producer[0m[2m:[0m serving subscribe: SubscribeInfo { id: 0, track_namespace: /moq-test/interop, track_name: test-track, subscriber_priority: 128, group_order: Publisher, forward: true, filter_type: AbsoluteStart, start_location: None, end_group_id: None, filter: None, params: {  }, track_status: false } [3mnamespace[0m[2m=[0m/moq-test/interop [3mtrack[0m[2m=[0mtest-track
relay-1        | [2m2026-07-09T01:07:12.475395Z[0m [33m WARN[0m [2mmoq_transport::serve::error[0m[2m:[0m [e111a4b0-1b52-4e47-b0d2-f4b981b5529a] Not found: track '/moq-test/interop/test-track' not found in local or remote tracks at /build/moq-relay-ietf/src/producer.rs:168
relay-1        | [2m2026-07-09T01:07:12.475414Z[0m [33m WARN[0m [2mmoq_relay_ietf::producer[0m[2m:[0m failed serving subscribe [3mnamespace[0m[2m=[0m/moq-test/interop [3mtrack[0m[2m=[0mtest-track [3msubscribe_info[0m[2m=[0mSubscribeInfo { id: 0, track_namespace: /moq-test/interop, track_name: test-track, subscriber_priority: 128, group_order: Publisher, forward: true, filter_type: AbsoluteStart, start_location: None, end_group_id: None, filter: None, params: {  }, track_status: false } [3merror[0m[2m=[0mnot found: Track not found [error:e111a4b0-1b52-4e47-b0d2-f4b981b5529a]
test-client-1  | [2m2026-07-09T01:07:12.475527Z[0m [33m WARN[0m [2mmoq_transport::serve::error[0m[2m:[0m [d3566956-c0e1-430c-9609-353c0dc16df9] Not found: not found: Track not found [error:e111a4b0-1b52-4e47-b0d2-f4b981b5529a] at moq-transport/src/session/subscriber.rs:455
relay-1        | [2m2026-07-09T01:07:12.475667Z[0m [33m WARN[0m [2mmoq_transport::session::reader[0m[2m:[0m [READER] decode: stream ended while waiting for data (have=0 bytes, need=1)
relay-1        | [2m2026-07-09T01:07:12.475741Z[0m [33m WARN[0m [2mmoq_relay_ietf::relay[0m[2m:[0m MoQ session error: decode error: fill buffer [3merror[0m[2m=[0mdecode error: fill buffer
test-client-1  | [2m2026-07-09T01:07:12.475818Z[0m [33m WARN[0m [2mmoq_transport::session::reader[0m[2m:[0m [READER] decode: stream ended while waiting for data (have=0 bytes, need=1)
test-client-1  | [2m2026-07-09T01:07:12.976630Z[0m [32m INFO[0m [2mmoq_native_ietf::quic[0m[2m:[0m UDP socket bound [3mbind[0m[2m=[0m[::]:0 [3mlocal[0m[2m=[0m[::]:33584 [3mdual_stack[0m[2m=[0mtrue
relay-1        | [2m2026-07-09T01:07:12.979539Z[0m [33m WARN[0m [2mmoq_transport::session[0m[2m:[0m Failed to create mlog: Permission denied (os error 13)
test-client-1  | [2m2026-07-09T01:07:12.979824Z[0m [32m INFO[0m [2mmoq_test_client::scenarios[0m[2m:[0m Publisher sending PUBLISH_NAMESPACE (after subscriber): moq-test/interop
relay-1        | [2m2026-07-09T01:07:12.980097Z[0m [32m INFO[0m [2mmoq_relay_ietf::consumer[0m[2m:[0m serving PUBLISH_NAMESPACE: PublishNamespaceInfo { request_id: 0, namespace: /moq-test/interop } [3mnamespace[0m[2m=[0m/moq-test/interop
relay-1        | [2m2026-07-09T01:07:12.980184Z[0m [32m INFO[0m [2mmoq_relay_ietf::file_coordinator[0m[2m:[0m registering namespace: /moq-test/interop -> https://0.0.0.0:4443/ [3mnamespace[0m[2m=[0m/moq-test/interop [3mscope[0m[2m=[0m [3mrelay_url[0m[2m=[0mhttps://0.0.0.0:4443/
test-client-1  | [2m2026-07-09T01:07:15.981040Z[0m [32m INFO[0m [2mmoq_test_client::scenarios[0m[2m:[0m Publisher PUBLISH_NAMESPACE timeout (expected)
test-client-1  | [2m2026-07-09T01:07:15.981061Z[0m [32m INFO[0m [2mmoq_test_client::scenarios[0m[2m:[0m Subscriber got error: not found: Track not found [error:d3566956-c0e1-430c-9609-353c0dc16df9] (may be expected)
test-client-1  | ok 5 - subscribe-before-publish-namespace
test-client-1  |   ---
test-client-1  |   duration_ms: 3508
test-client-1  |   subscriber_connection_id: eff9d2f6e0bdea5ba7bbf23d88da545d
test-client-1  |   publisher_connection_id: 183d58b2f79a9fd1b8f82246c57aae40
test-client-1  |   ...
test-client-1  | [2m2026-07-09T01:07:15.981843Z[0m [32m INFO[0m [2mmoq_native_ietf::quic[0m[2m:[0m UDP socket bound [3mbind[0m[2m=[0m[::]:0 [3mlocal[0m[2m=[0m[::]:60544 [3mdual_stack[0m[2m=[0mtrue
relay-1        | [2m2026-07-09T01:07:15.982252Z[0m [33m WARN[0m [2mmoq_transport::session::reader[0m[2m:[0m [READER] decode: stream ended while waiting for data (have=0 bytes, need=1)
relay-1        | [2m2026-07-09T01:07:15.982690Z[0m [33m WARN[0m [2mmoq_relay_ietf::relay[0m[2m:[0m MoQ session error: decode error: fill buffer [3merror[0m[2m=[0mdecode error: fill buffer
test-client-1  | [2m2026-07-09T01:07:15.983025Z[0m [33m WARN[0m [2mmoq_transport::session::reader[0m[2m:[0m [READER] decode: stream ended while waiting for data (have=0 bytes, need=1)
relay-1        | [2m2026-07-09T01:07:15.983234Z[0m [33m WARN[0m [2mweb_transport_quinn::session[0m[2m:[0m failed to read capsule [3me[0m[2m=[0mUnexpectedEnd
relay-1        | [2m2026-07-09T01:07:15.985833Z[0m [33m WARN[0m [2mmoq_transport::session[0m[2m:[0m Failed to create mlog: Permission denied (os error 13)
test-client-1  | [2m2026-07-09T01:07:15.986336Z[0m [32m INFO[0m [2mmoq_test_client::scenarios[0m[2m:[0m Sending PUBLISH_NAMESPACE: moq-test/interop
relay-1        | [2m2026-07-09T01:07:15.986598Z[0m [32m INFO[0m [2mmoq_relay_ietf::consumer[0m[2m:[0m serving PUBLISH_NAMESPACE: PublishNamespaceInfo { request_id: 0, namespace: /moq-test/interop } [3mnamespace[0m[2m=[0m/moq-test/interop
relay-1        | [2m2026-07-09T01:07:15.986736Z[0m [32m INFO[0m [2mmoq_relay_ietf::file_coordinator[0m[2m:[0m registering namespace: /moq-test/interop -> https://0.0.0.0:4443/ [3mnamespace[0m[2m=[0m/moq-test/interop [3mscope[0m[2m=[0m [3mrelay_url[0m[2m=[0mhttps://0.0.0.0:4443/
test-client-1  | [2m2026-07-09T01:07:17.986854Z[0m [32m INFO[0m [2mmoq_test_client::scenarios[0m[2m:[0m PUBLISH_NAMESPACE active; sending PUBLISH_NAMESPACE_DONE
relay-1        | [2m2026-07-09T01:07:17.987149Z[0m [33m WARN[0m [2mmoq_transport::session::reader[0m[2m:[0m [READER] decode: stream ended while waiting for data (have=0 bytes, need=1)
test-client-1  | [2m2026-07-09T01:07:17.987317Z[0m [33m WARN[0m [2mmoq_transport::session::reader[0m[2m:[0m [READER] decode: stream ended while waiting for data (have=0 bytes, need=1)
relay-1        | [2m2026-07-09T01:07:17.987569Z[0m [33m WARN[0m [2mmoq_relay_ietf::relay[0m[2m:[0m MoQ session error: decode error: fill buffer [3merror[0m[2m=[0mdecode error: fill buffer
relay-1        | [2m2026-07-09T01:07:17.987816Z[0m [33m WARN[0m [2mweb_transport_quinn::session[0m[2m:[0m failed to read capsule [3me[0m[2m=[0mUnexpectedEnd
test-client-1  | [2m2026-07-09T01:07:18.088216Z[0m [32m INFO[0m [2mmoq_test_client::scenarios[0m[2m:[0m PUBLISH_NAMESPACE_DONE sent successfully
test-client-1  | ok 6 - publish-namespace-done
test-client-1  |   ---
test-client-1  |   duration_ms: 2107
test-client-1  |   connection_id: bc73a4b2e104cd8a3b8bbc5968a2f191
test-client-1  |   ...
[Ktest-client-1 exited with code 0
Aborting on container exit...
 Container main-test-client-1  Stopping
 Container main-test-client-1  Stopped
 Container main-relay-1  Stopping
 Container main-relay-1  Stopped

Test results in mlog/
make[1]: Leaving directory '/home/runner/work/moq-interop-runner/moq-interop-runner/main'
