make[1]: Entering directory '/home/runner/work/moq-interop-runner/moq-interop-runner/main'
Running tests against moqt://moqx-main.ci.openmoq.org:4433...
  Client: ghcr.io/englishm/moq-interop-runner-moq-test-client-draft-18:latest
docker run --rm \
	 \
	--network host \
	-e RELAY_URL=moqt://moqx-main.ci.openmoq.org:4433 \
	-e TLS_DISABLE_VERIFY=false \
	ghcr.io/englishm/moq-interop-runner-moq-test-client-draft-18:latest
TAP version 14
# moq-test-client v0.1.12
# Relay: moqt://moqx-main.ci.openmoq.org:4433
1..8
[2m2026-09-02T00:46:17.973135Z[0m [32m INFO[0m [2mmoq_native_ietf::quic[0m[2m:[0m UDP socket bound [3mbind[0m[2m=[0m[::]:0 [3mlocal[0m[2m=[0m[::]:35445 [3mdual_stack[0m[2m=[0mtrue
[2m2026-09-02T00:46:18.026895Z[0m [32m INFO[0m [2mmoq_test_client::scenarios[0m[2m:[0m SETUP exchange completed successfully
ok 1 - setup-only
  ---
  duration_ms: 54
  connection_id: 4443f0aaf44dd4cd00bff70f607c3536
  ...
[2m2026-09-02T00:46:18.027807Z[0m [32m INFO[0m [2mmoq_native_ietf::quic[0m[2m:[0m UDP socket bound [3mbind[0m[2m=[0m[::]:0 [3mlocal[0m[2m=[0m[::]:54554 [3mdual_stack[0m[2m=[0mtrue
[2m2026-09-02T00:46:18.048946Z[0m [32m INFO[0m [2mmoq_test_client::scenarios[0m[2m:[0m Sending PUBLISH_NAMESPACE for: moq-test/interop
[2m2026-09-02T00:46:20.049945Z[0m [32m INFO[0m [2mmoq_test_client::scenarios[0m[2m:[0m PUBLISH_NAMESPACE succeeded (REQUEST_OK received, waiting for subscribers)
ok 2 - publish-namespace-only
  ---
  duration_ms: 2023
  connection_id: 6863a0ca0c2cf97c58b106e83c047845
  ...
[2m2026-09-02T00:46:20.050942Z[0m [32m INFO[0m [2mmoq_native_ietf::quic[0m[2m:[0m UDP socket bound [3mbind[0m[2m=[0m[::]:0 [3mlocal[0m[2m=[0m[::]:50996 [3mdual_stack[0m[2m=[0mtrue
[2m2026-09-02T00:46:20.155083Z[0m [32m INFO[0m [2mmoq_test_client::scenarios[0m[2m:[0m Subscribing to non-existent track: nonexistent/namespace/test-track
ok 3 - subscribe-error
  ---
  duration_ms: 126
  connection_id: d205416924dec1009b1fe95f217e62ba
  ...
[2m2026-09-02T00:46:20.176202Z[0m [33m WARN[0m [2mmoq_transport::serve::error[0m[2m:[0m [2587a30f-2d71-4af0-8afd-3421a5354006] Not found: no such namespace or track at moq-transport/src/session/subscriber.rs:1408
[2m2026-09-02T00:46:20.176220Z[0m [33m WARN[0m [2mmoq_transport::session::reader[0m[2m:[0m [READER] decode: stream ended while waiting for data (have=0 bytes, need=1)
[2m2026-09-02T00:46:20.176259Z[0m [32m INFO[0m [2mmoq_test_client::scenarios[0m[2m:[0m Got expected 'not found' error: not found: Track not found [error:2587a30f-2d71-4af0-8afd-3421a5354006]
[2m2026-09-02T00:46:20.177149Z[0m [32m INFO[0m [2mmoq_native_ietf::quic[0m[2m:[0m UDP socket bound [3mbind[0m[2m=[0m[::]:0 [3mlocal[0m[2m=[0m[::]:37688 [3mdual_stack[0m[2m=[0mtrue
[2m2026-09-02T00:46:20.233454Z[0m [32m INFO[0m [2mmoq_native_ietf::quic[0m[2m:[0m UDP socket bound [3mbind[0m[2m=[0m[::]:0 [3mlocal[0m[2m=[0m[::]:38718 [3mdual_stack[0m[2m=[0mtrue
[2m2026-09-02T00:46:20.522422Z[0m [32m INFO[0m [2mmoq_test_client::scenarios[0m[2m:[0m Publisher sending PUBLISH_NAMESPACE: moq-test/interop
[2m2026-09-02T00:46:20.522444Z[0m [32m INFO[0m [2mmoq_test_client::scenarios[0m[2m:[0m Subscriber subscribing to track: moq-test/interop/test-track
[2m2026-09-02T00:46:20.538929Z[0m [33m WARN[0m [2mmoq_transport::serve::error[0m[2m:[0m [04d99ecd-afd5-4c53-95c4-f19c7155d7f6] Not found: no such namespace or track at moq-transport/src/session/subscriber.rs:1408
[2m2026-09-02T00:46:20.538945Z[0m [33m WARN[0m [2mmoq_transport::session::reader[0m[2m:[0m [READER] decode: stream ended while waiting for data (have=0 bytes, need=1)
[2m2026-09-02T00:46:20.538990Z[0m [32m INFO[0m [2mmoq_test_client::scenarios[0m[2m:[0m Subscriber got error: not found: Track not found [error:04d99ecd-afd5-4c53-95c4-f19c7155d7f6] - subscription was processed
ok 4 - publish-namespace-subscribe
  ---
  duration_ms: 362
  publisher_connection_id: ec3dde802b5e000683580f19ca7f89dc
  subscriber_connection_id: 572f67acd64540d8ebcd8dd1e3ccccbe
  ...
[2m2026-09-02T00:46:20.539938Z[0m [32m INFO[0m [2mmoq_native_ietf::quic[0m[2m:[0m UDP socket bound [3mbind[0m[2m=[0m[::]:0 [3mlocal[0m[2m=[0m[::]:53110 [3mdual_stack[0m[2m=[0mtrue
[2m2026-09-02T00:46:20.562037Z[0m [32m INFO[0m [2mmoq_test_client::scenarios[0m[2m:[0m Subscriber subscribing BEFORE PUBLISH_NAMESPACE: moq-test/interop/test-track
[2m2026-09-02T00:46:20.578306Z[0m [33m WARN[0m [2mmoq_transport::serve::error[0m[2m:[0m [68fe0052-2e81-4624-91d7-0bc2159294de] Not found: no such namespace or track at moq-transport/src/session/subscriber.rs:1408
[2m2026-09-02T00:46:20.578330Z[0m [33m WARN[0m [2mmoq_transport::session::reader[0m[2m:[0m [READER] decode: stream ended while waiting for data (have=0 bytes, need=1)
[2m2026-09-02T00:46:21.064310Z[0m [32m INFO[0m [2mmoq_native_ietf::quic[0m[2m:[0m UDP socket bound [3mbind[0m[2m=[0m[::]:0 [3mlocal[0m[2m=[0m[::]:42747 [3mdual_stack[0m[2m=[0mtrue
[2m2026-09-02T00:46:21.242317Z[0m [32m INFO[0m [2mmoq_test_client::scenarios[0m[2m:[0m Publisher sending PUBLISH_NAMESPACE (after subscriber): moq-test/interop
[2m2026-09-02T00:46:24.246042Z[0m [32m INFO[0m [2mmoq_test_client::scenarios[0m[2m:[0m Publisher PUBLISH_NAMESPACE timeout (expected)
[2m2026-09-02T00:46:24.246064Z[0m [32m INFO[0m [2mmoq_test_client::scenarios[0m[2m:[0m Subscriber got error: not found: Track not found [error:68fe0052-2e81-4624-91d7-0bc2159294de] (may be expected)
ok 5 - subscribe-before-publish-namespace
  ---
  duration_ms: 3707
  subscriber_connection_id: 4e88c2781af5cc5bcb806390c09fbc88
  publisher_connection_id: 102fb1ac5c2b5f69f9afcf9ccf877e2f
  ...
[2m2026-09-02T00:46:24.247220Z[0m [32m INFO[0m [2mmoq_native_ietf::quic[0m[2m:[0m UDP socket bound [3mbind[0m[2m=[0m[::]:0 [3mlocal[0m[2m=[0m[::]:47549 [3mdual_stack[0m[2m=[0mtrue
[2m2026-09-02T00:46:24.531427Z[0m [32m INFO[0m [2mmoq_test_client::scenarios[0m[2m:[0m Sending PUBLISH_NAMESPACE: moq-test/interop
[2m2026-09-02T00:46:26.532901Z[0m [32m INFO[0m [2mmoq_test_client::scenarios[0m[2m:[0m PUBLISH_NAMESPACE active; sending PUBLISH_NAMESPACE_DONE
[2m2026-09-02T00:46:26.633462Z[0m [32m INFO[0m [2mmoq_test_client::scenarios[0m[2m:[0m PUBLISH_NAMESPACE_DONE sent successfully
ok 6 - publish-namespace-done
  ---
  duration_ms: 2387
  connection_id: 666f27a2a05a9a1dda4b4a7b22b83f41
  ...
[2m2026-09-02T00:46:26.634436Z[0m [32m INFO[0m [2mmoq_native_ietf::quic[0m[2m:[0m UDP socket bound [3mbind[0m[2m=[0m[::]:0 [3mlocal[0m[2m=[0m[::]:40420 [3mdual_stack[0m[2m=[0mtrue
[2m2026-09-02T00:46:26.862317Z[0m [32m INFO[0m [2mmoq_test_client::scenarios[0m[2m:[0m Publisher sending direct PUBLISH [3mnamespace[0m[2m=[0m/moq-test/publish [3mtrack[0m[2m=[0m"published-track"
[2m2026-09-02T00:46:26.883746Z[0m [32m INFO[0m [2mmoq_test_client::scenarios[0m[2m:[0m PUBLISH accepted [3mnamespace[0m[2m=[0m/moq-test/publish [3mtrack[0m[2m=[0m"published-track"
[2m2026-09-02T00:46:26.883801Z[0m [32m INFO[0m [2mmoq_test_client::scenarios[0m[2m:[0m PUBLISH completed [3mnamespace[0m[2m=[0m/moq-test/publish [3mtrack[0m[2m=[0m"published-track"
ok 7 - publish-track-only
  ---
  duration_ms: 250
  connection_id: e2cee091524ba08686de3cf384bc5ea4
  ...
[2m2026-09-02T00:46:26.884731Z[0m [32m INFO[0m [2mmoq_native_ietf::quic[0m[2m:[0m UDP socket bound [3mbind[0m[2m=[0m[::]:0 [3mlocal[0m[2m=[0m[::]:38755 [3mdual_stack[0m[2m=[0mtrue
[2m2026-09-02T00:46:26.959052Z[0m [32m INFO[0m [2mmoq_native_ietf::quic[0m[2m:[0m UDP socket bound [3mbind[0m[2m=[0m[::]:0 [3mlocal[0m[2m=[0m[::]:34397 [3mdual_stack[0m[2m=[0mtrue
[2m2026-09-02T00:46:27.152519Z[0m [32m INFO[0m [2mmoq_test_client::scenarios[0m[2m:[0m Publisher sending direct PUBLISH before subscriber subscribes [3mnamespace[0m[2m=[0m/moq-test/publish [3mtrack[0m[2m=[0m"published-track"
[2m2026-09-02T00:46:27.171351Z[0m [32m INFO[0m [2mmoq_test_client::scenarios[0m[2m:[0m PUBLISH accepted; starting subscriber [3mnamespace[0m[2m=[0m/moq-test/publish [3mtrack[0m[2m=[0m"published-track"
[2m2026-09-02T00:46:27.187839Z[0m [33m WARN[0m [2mmoq_transport::session[0m[2m:[0m unexpected bidi response message type [3mmsg_type[0m[2m=[0m2
[2m2026-09-02T00:46:27.187858Z[0m [33m WARN[0m [2mmoq_transport::serve::error[0m[2m:[0m [df7d7b37-d109-46ac-8e72-9c6f94944a51] Not implemented: bidi response type 0x2 at moq-transport/src/session/error.rs:89
not ok 8 - publish-track-subscribe
  ---
  duration_ms: 388
  message: "failed serving PUBLISH track: serve error: cancelled: cancelled"
  ...
make[1]: *** [Makefile:122: test-external] Error 1
make[1]: Leaving directory '/home/runner/work/moq-interop-runner/moq-interop-runner/main'
