make[1]: Entering directory '/home/runner/work/moq-interop-runner/moq-interop-runner/main'
Running tests against https://moqt.nokiaresearch.com:4443/moq...
  Client: ghcr.io/openmoq/moqx-interop-client:latest
docker run --rm \
	 \
	--network host \
	-e RELAY_URL=https://moqt.nokiaresearch.com:4443/moq \
	-e TLS_DISABLE_VERIFY=false \
	ghcr.io/openmoq/moqx-interop-client:latest
TAP version 14
# moxygen interop test client
# Relay: https://moqt.nokiaresearch.com:4443/moq
# Transport: WebTransport
# Offered ALPNs: moqt-18, moqt-16, moqt-15, moq-00
1..6
E0902 00:53:04.743003     1 MoQCodec.cpp:95] Frame underflow -> parse error
E0902 00:53:04.743026     1 MoQCodec.cpp:126] Conn error=3
E0902 00:53:04.743030     1 MoQSession.cpp:5774] MoQCodec control stream parse error err=3
not ok 1 - setup-only
  ---
  duration_ms: 527
  error: coroutine operation cancelled
  ...
E0902 00:53:05.249754     1 MoQCodec.cpp:95] Frame underflow -> parse error
E0902 00:53:05.249777     1 MoQCodec.cpp:126] Conn error=3
E0902 00:53:05.249782     1 MoQSession.cpp:5774] MoQCodec control stream parse error err=3
not ok 2 - announce-only
  ---
  duration_ms: 506
  error: coroutine operation cancelled
  ...
E0902 00:53:05.704442     1 MoQCodec.cpp:95] Frame underflow -> parse error
E0902 00:53:05.704463     1 MoQCodec.cpp:126] Conn error=3
E0902 00:53:05.704466     1 MoQSession.cpp:5774] MoQCodec control stream parse error err=3
not ok 3 - subscribe-error
  ---
  duration_ms: 454
  error: coroutine operation cancelled
  ...
E0902 00:53:06.116539     1 MoQCodec.cpp:95] Frame underflow -> parse error
E0902 00:53:06.116565     1 MoQCodec.cpp:126] Conn error=3
E0902 00:53:06.116570     1 MoQSession.cpp:5774] MoQCodec control stream parse error err=3
not ok 4 - announce-subscribe
  ---
  duration_ms: 412
  error: coroutine operation cancelled
  ...
E0902 00:53:06.622798     1 MoQCodec.cpp:95] Frame underflow -> parse error
E0902 00:53:06.622823     1 MoQCodec.cpp:126] Conn error=3
E0902 00:53:06.622828     1 MoQSession.cpp:5774] MoQCodec control stream parse error err=3
not ok 5 - publish-namespace-done
  ---
  duration_ms: 506
  error: coroutine operation cancelled
  ...
E0902 00:53:07.125517     1 MoQCodec.cpp:95] Frame underflow -> parse error
E0902 00:53:07.125542     1 MoQCodec.cpp:126] Conn error=3
E0902 00:53:07.125547     1 MoQSession.cpp:5774] MoQCodec control stream parse error err=3
not ok 6 - subscribe-before-announce
  ---
  duration_ms: 502
  error: coroutine operation cancelled
  ...
make[1]: *** [Makefile:122: test-external] Error 1
make[1]: Leaving directory '/home/runner/work/moq-interop-runner/moq-interop-runner/main'
