make[1]: Entering directory '/home/runner/work/moq-interop-runner/moq-interop-runner/main'
Running tests against moqt://34-72-6-160.sslip.io:443...
  Client: ghcr.io/facebookexperimental/moxygen-interop-client:latest-amd64
docker run --rm \
	 \
	--network host \
	-e RELAY_URL=moqt://34-72-6-160.sslip.io:443 \
	-e TLS_DISABLE_VERIFY=false \
	ghcr.io/facebookexperimental/moxygen-interop-client:latest-amd64
TAP version 14
# moxygen interop test client
# Relay: moqt://34-72-6-160.sslip.io:443
# Transport: QUIC
# Offered ALPNs: moqt-18, moqt-16, moqt-15, moq-00
1..6
ok 1 - setup-only
  ---
  duration_ms: 210
  negotiated_version: draft-18
  info: SETUP exchange completed successfully
  ...
E0902 00:56:45.477498     1 MoQRelaySession.cpp:1116] PublishNamespaceDone for unknown publishNamespace, sess=0x56005e4b2340
ok 2 - announce-only
  ---
  duration_ms: 229
  negotiated_version: draft-18
  info: PUBLISH_NAMESPACE completed successfully
  ...
E0902 00:56:45.645532     1 MoQSession.cpp:5180] No matching subscribe ID=0 sess=0x56005e455900
ok 3 - subscribe-error
  ---
  duration_ms: 168
  negotiated_version: draft-18
  info: Subscribe correctly returned error: Session closed
  ...
not ok 4 - announce-subscribe
  ---
  duration_ms: 103
  negotiated_version: draft-18
  error: PUBLISH_NAMESPACE failed: unauthorized
  ...
ok 5 - publish-namespace-done
  ---
  duration_ms: 161
  negotiated_version: draft-18
  info: PUBLISH_NAMESPACE_OK received, PUBLISH_NAMESPACE_DONE sent
  ...
E0902 00:56:46.120170     1 MoQSession.cpp:5180] No matching subscribe ID=0 sess=0x56005e4ac240
ok 6 - subscribe-before-announce
  ---
  duration_ms: 866
  negotiated_version: draft-18
  info: Subscribe returned error (relay doesn't buffer pending subscriptions): Session closed
  ...
make[1]: *** [Makefile:122: test-external] Error 1
make[1]: Leaving directory '/home/runner/work/moq-interop-runner/moq-interop-runner/main'
