make[1]: Entering directory '/home/runner/work/moq-interop-runner/moq-interop-runner/main'
Running tests against https://us-west-2.relay.quicr.org:33437/relay...
  Client: ghcr.io/facebookexperimental/moxygen-interop-client:latest-amd64
docker run --rm \
	 \
	--network host \
	-e RELAY_URL=https://us-west-2.relay.quicr.org:33437/relay \
	-e TLS_DISABLE_VERIFY=1 \
	ghcr.io/facebookexperimental/moxygen-interop-client:latest-amd64
TAP version 14
# moxygen interop test client
# Relay: https://us-west-2.relay.quicr.org:33437/relay
# Transport: WebTransport
# Offered ALPNs: moqt-18, moqt-16, moqt-15, moq-00
1..6
W0902 01:31:04.047815     1 MoQWebTransportClient.cpp:175] WebTransport: No WT-Protocol header in response, will use legacy version negotiation
E0902 01:31:04.138356     1 MoQFramer.cpp:1080] Server selected version draft-1 but we only offer draft-14 in legacy mode
E0902 01:31:04.138375     1 MoQCodec.cpp:126] Conn error=21
E0902 01:31:04.138379     1 MoQSession.cpp:5956] MoQCodec control stream parse error err=21
not ok 1 - setup-only
  ---
  duration_ms: 286
  error: coroutine operation cancelled
  ...
W0902 01:31:04.357370     1 MoQWebTransportClient.cpp:175] WebTransport: No WT-Protocol header in response, will use legacy version negotiation
E0902 01:31:04.448076     1 MoQFramer.cpp:1080] Server selected version draft-1 but we only offer draft-14 in legacy mode
E0902 01:31:04.448097     1 MoQCodec.cpp:126] Conn error=21
E0902 01:31:04.448100     1 MoQSession.cpp:5956] MoQCodec control stream parse error err=21
not ok 2 - announce-only
  ---
  duration_ms: 309
  error: coroutine operation cancelled
  ...
W0902 01:31:04.632028     1 MoQWebTransportClient.cpp:175] WebTransport: No WT-Protocol header in response, will use legacy version negotiation
E0902 01:31:04.722524     1 MoQFramer.cpp:1080] Server selected version draft-1 but we only offer draft-14 in legacy mode
E0902 01:31:04.722549     1 MoQCodec.cpp:126] Conn error=21
E0902 01:31:04.722554     1 MoQSession.cpp:5956] MoQCodec control stream parse error err=21
not ok 3 - subscribe-error
  ---
  duration_ms: 274
  error: coroutine operation cancelled
  ...
W0902 01:31:04.905834     1 MoQWebTransportClient.cpp:175] WebTransport: No WT-Protocol header in response, will use legacy version negotiation
E0902 01:31:04.995804     1 MoQFramer.cpp:1080] Server selected version draft-1 but we only offer draft-14 in legacy mode
E0902 01:31:04.995824     1 MoQCodec.cpp:126] Conn error=21
E0902 01:31:04.995828     1 MoQSession.cpp:5956] MoQCodec control stream parse error err=21
not ok 4 - announce-subscribe
  ---
  duration_ms: 273
  error: coroutine operation cancelled
  ...
W0902 01:31:05.266343     1 MoQWebTransportClient.cpp:175] WebTransport: No WT-Protocol header in response, will use legacy version negotiation
E0902 01:31:05.356511     1 MoQFramer.cpp:1080] Server selected version draft-1 but we only offer draft-14 in legacy mode
E0902 01:31:05.356528     1 MoQCodec.cpp:126] Conn error=21
E0902 01:31:05.356531     1 MoQSession.cpp:5956] MoQCodec control stream parse error err=21
not ok 5 - publish-namespace-done
  ---
  duration_ms: 360
  error: coroutine operation cancelled
  ...
W0902 01:31:05.539827     1 MoQWebTransportClient.cpp:175] WebTransport: No WT-Protocol header in response, will use legacy version negotiation
E0902 01:31:05.629978     1 MoQFramer.cpp:1080] Server selected version draft-1 but we only offer draft-14 in legacy mode
E0902 01:31:05.630000     1 MoQCodec.cpp:126] Conn error=21
E0902 01:31:05.630004     1 MoQSession.cpp:5956] MoQCodec control stream parse error err=21
not ok 6 - subscribe-before-announce
  ---
  duration_ms: 273
  error: coroutine operation cancelled
  ...
make[1]: *** [Makefile:122: test-external] Error 1
make[1]: Leaving directory '/home/runner/work/moq-interop-runner/moq-interop-runner/main'
