make[1]: Entering directory '/home/runner/work/moq-interop-runner/moq-interop-runner/main'
rm -rf mlog/
mkdir -p mlog/relay mlog/client
Running interop tests...
  Relay:  ghcr.io/englishm/moq-interop-runner-moq-relay-ietf-draft-18:latest
  Client: ghcr.io/englishm/moq-interop-runner-moq-test-client-draft-18:latest
  URL:    https://relay:4443
time="2026-07-14T01:01:08Z" level=warning msg="The \"PORT\" variable is not set. Defaulting to a blank string."
time="2026-07-14T01:01:08Z" level=warning msg="The \"PORT\" variable is not set. Defaulting to a blank string."
time="2026-07-14T01:01:08Z" level=warning msg="The \"PORT\" variable is not set. Defaulting to a blank string."
time="2026-07-14T01:01:08Z" level=warning msg="The \"HEX\" variable is not set. Defaulting to a blank string."
time="2026-07-14T01:01:08Z" level=warning msg="The \"HEX\" variable is not set. Defaulting to a blank string."
 Container main-relay-1  Recreate
 Container main-relay-1  Recreated
Attaching to relay-1, test-client-1
relay-1        | Starting moq-rs relay on port 4443
relay-1        |   Cert: /certs/cert.pem
relay-1        |   Key:  /certs/priv.key
relay-1        |   Mlog: /mlog
relay-1        | [2m2026-07-14T01:01:09.038800Z[0m [32m INFO[0m [2mmoq_relay_ietf[0m[2m:[0m using file coordinator: /tmp/moq-coordinator.json
relay-1        | [2m2026-07-14T01:01:09.038842Z[0m [32m INFO[0m [2mmoq_native_ietf::quic[0m[2m:[0m UDP socket bound [3mbind[0m[2m=[0m0.0.0.0:4443 [3mlocal[0m[2m=[0m0.0.0.0:4443 [3mdual_stack[0m[2m=[0mfalse
relay-1        | [2m2026-07-14T01:01:09.039079Z[0m [32m INFO[0m [2mmoq_relay_ietf::relay[0m[2m:[0m mlog output enabled: /mlog
relay-1        | [2m2026-07-14T01:01:09.039100Z[0m [32m INFO[0m [2mmoq_relay_ietf::relay[0m[2m:[0m listening on 0.0.0.0:4443
test-client-1  | TAP version 14
test-client-1  | # moq-test-client v0.1.6
test-client-1  | # Relay: https://relay:4443/
test-client-1  | 1..6
test-client-1  | [2m2026-07-14T01:01:14.661502Z[0m [32m INFO[0m [2mmoq_native_ietf::quic[0m[2m:[0m UDP socket bound [3mbind[0m[2m=[0m[::]:0 [3mlocal[0m[2m=[0m[::]:35024 [3mdual_stack[0m[2m=[0mtrue
relay-1        | [2m2026-07-14T01:01:14.663674Z[0m [33m WARN[0m [2mmoq_transport::session[0m[2m:[0m Failed to create mlog: Permission denied (os error 13)
test-client-1  | [2m2026-07-14T01:01:14.663938Z[0m [32m INFO[0m [2mmoq_test_client::scenarios[0m[2m:[0m SETUP exchange completed successfully
test-client-1  | ok 1 - setup-only
test-client-1  |   ---
test-client-1  |   duration_ms: 3
test-client-1  |   connection_id: 6e000095ac4747bf28f070f3a04e43b3
test-client-1  |   ...
test-client-1  | [2m2026-07-14T01:01:14.664224Z[0m [33m WARN[0m [2mweb_transport_quinn::session[0m[2m:[0m failed to read capsule [3me[0m[2m=[0mUnexpectedEnd
test-client-1  | [2m2026-07-14T01:01:14.664758Z[0m [32m INFO[0m [2mmoq_native_ietf::quic[0m[2m:[0m UDP socket bound [3mbind[0m[2m=[0m[::]:0 [3mlocal[0m[2m=[0m[::]:35579 [3mdual_stack[0m[2m=[0mtrue
relay-1        | [2m2026-07-14T01:01:14.666036Z[0m [33m WARN[0m [2mmoq_transport::session[0m[2m:[0m Failed to create mlog: Permission denied (os error 13)
test-client-1  | [2m2026-07-14T01:01:14.666220Z[0m [32m INFO[0m [2mmoq_test_client::scenarios[0m[2m:[0m Sending PUBLISH_NAMESPACE for: moq-test/interop
relay-1        | [2m2026-07-14T01:01:14.666375Z[0m [32m INFO[0m [2mmoq_relay_ietf::consumer[0m[2m:[0m serving PUBLISH_NAMESPACE: PublishNamespaceInfo { request_id: 0, namespace: /moq-test/interop } [3mnamespace[0m[2m=[0m/moq-test/interop
relay-1        | [2m2026-07-14T01:01:14.666950Z[0m [32m INFO[0m [2mmoq_relay_ietf::file_coordinator[0m[2m:[0m registering namespace: /moq-test/interop -> https://0.0.0.0:4443/ [3mnamespace[0m[2m=[0m/moq-test/interop [3mscope[0m[2m=[0m [3mrelay_url[0m[2m=[0mhttps://0.0.0.0:4443/
test-client-1  | [2m2026-07-14T01:01:16.667804Z[0m [32m INFO[0m [2mmoq_test_client::scenarios[0m[2m:[0m PUBLISH_NAMESPACE succeeded (REQUEST_OK received, waiting for subscribers)
test-client-1  | ok 2 - publish-namespace-only
test-client-1  |   ---
test-client-1  |   duration_ms: 2003
test-client-1  |   connection_id: 2d123405a716066e16958977ef0cecfe
test-client-1  |   ...
test-client-1  | [2m2026-07-14T01:01:16.668037Z[0m [33m WARN[0m [2mmoq_transport::session::reader[0m[2m:[0m [READER] decode: stream ended while waiting for data (have=0 bytes, need=1)
test-client-1  | [2m2026-07-14T01:01:16.668187Z[0m [33m WARN[0m [2mweb_transport_quinn::session[0m[2m:[0m failed to read capsule [3me[0m[2m=[0mUnexpectedEnd
relay-1        | [2m2026-07-14T01:01:16.667919Z[0m [33m WARN[0m [2mmoq_transport::session::reader[0m[2m:[0m [READER] decode: stream ended while waiting for data (have=0 bytes, need=1)
relay-1        | [2m2026-07-14T01:01:16.668336Z[0m [33m WARN[0m [2mmoq_relay_ietf::relay[0m[2m:[0m MoQ session error: decode error: fill buffer [3merror[0m[2m=[0mdecode error: fill buffer
test-client-1  | [2m2026-07-14T01:01:16.668589Z[0m [32m INFO[0m [2mmoq_native_ietf::quic[0m[2m:[0m UDP socket bound [3mbind[0m[2m=[0m[::]:0 [3mlocal[0m[2m=[0m[::]:38865 [3mdual_stack[0m[2m=[0mtrue
relay-1        | [2m2026-07-14T01:01:16.670267Z[0m [33m WARN[0m [2mmoq_transport::session[0m[2m:[0m Failed to create mlog: Permission denied (os error 13)
test-client-1  | [2m2026-07-14T01:01:16.670539Z[0m [32m INFO[0m [2mmoq_test_client::scenarios[0m[2m:[0m Subscribing to non-existent track: nonexistent/namespace/test-track
relay-1        | [2m2026-07-14T01:01:16.670760Z[0m [32m INFO[0m [2mmoq_relay_ietf::producer[0m[2m:[0m serving subscribe: SubscribeInfo { id: 0, track_namespace: /nonexistent/namespace, track_name: test-track, subscriber_priority: 128, group_order: Publisher, forward: true, filter_type: AbsoluteStart, start_location: None, end_group_id: None, filter: None, params: {  }, track_status: false } [3mnamespace[0m[2m=[0m/nonexistent/namespace [3mtrack[0m[2m=[0mtest-track
relay-1        | [2m2026-07-14T01:01:16.670880Z[0m [33m WARN[0m [2mmoq_transport::serve::error[0m[2m:[0m [c38c2dad-da7a-4c15-9311-a27d75abd055] Not found: track '/nonexistent/namespace/test-track' not found in local or remote tracks at /build/moq-relay-ietf/src/producer.rs:168
relay-1        | [2m2026-07-14T01:01:16.670915Z[0m [33m WARN[0m [2mmoq_relay_ietf::producer[0m[2m:[0m failed serving subscribe [3mnamespace[0m[2m=[0m/nonexistent/namespace [3mtrack[0m[2m=[0mtest-track [3msubscribe_info[0m[2m=[0mSubscribeInfo { id: 0, track_namespace: /nonexistent/namespace, track_name: test-track, subscriber_priority: 128, group_order: Publisher, forward: true, filter_type: AbsoluteStart, start_location: None, end_group_id: None, filter: None, params: {  }, track_status: false } [3merror[0m[2m=[0mnot found: Track not found [error:c38c2dad-da7a-4c15-9311-a27d75abd055]
test-client-1  | [2m2026-07-14T01:01:16.671062Z[0m [33m WARN[0m [2mmoq_transport::serve::error[0m[2m:[0m [5c786791-b205-46d8-83d1-481fd56a56f2] Not found: not found: Track not found [error:c38c2dad-da7a-4c15-9311-a27d75abd055] at moq-transport/src/session/subscriber.rs:455
test-client-1  | [2m2026-07-14T01:01:16.671104Z[0m [32m INFO[0m [2mmoq_test_client::scenarios[0m[2m:[0m Got expected 'not found' error: not found: Track not found [error:5c786791-b205-46d8-83d1-481fd56a56f2]
relay-1        | [2m2026-07-14T01:01:16.671174Z[0m [33m WARN[0m [2mmoq_transport::session::reader[0m[2m:[0m [READER] decode: stream ended while waiting for data (have=0 bytes, need=1)
test-client-1  | [2m2026-07-14T01:01:16.671271Z[0m [33m WARN[0m [2mmoq_transport::session::reader[0m[2m:[0m [READER] decode: stream ended while waiting for data (have=0 bytes, need=1)
relay-1        | [2m2026-07-14T01:01:16.671293Z[0m [33m WARN[0m [2mmoq_relay_ietf::relay[0m[2m:[0m MoQ session error: decode error: fill buffer [3merror[0m[2m=[0mdecode error: fill buffer
test-client-1  | ok 3 - subscribe-error
test-client-1  |   ---
test-client-1  |   duration_ms: 3
test-client-1  |   connection_id: ab6d9879e1008d84df5887dbcce0ca2d
test-client-1  |   ...
test-client-1  | [2m2026-07-14T01:01:16.671942Z[0m [32m INFO[0m [2mmoq_native_ietf::quic[0m[2m:[0m UDP socket bound [3mbind[0m[2m=[0m[::]:0 [3mlocal[0m[2m=[0m[::]:37637 [3mdual_stack[0m[2m=[0mtrue
relay-1        | [2m2026-07-14T01:01:16.673253Z[0m [33m WARN[0m [2mmoq_transport::session[0m[2m:[0m Failed to create mlog: Permission denied (os error 13)
test-client-1  | [2m2026-07-14T01:01:16.673955Z[0m [32m INFO[0m [2mmoq_native_ietf::quic[0m[2m:[0m UDP socket bound [3mbind[0m[2m=[0m[::]:0 [3mlocal[0m[2m=[0m[::]:38674 [3mdual_stack[0m[2m=[0mtrue
relay-1        | [2m2026-07-14T01:01:16.675182Z[0m [33m WARN[0m [2mmoq_transport::session[0m[2m:[0m Failed to create mlog: Permission denied (os error 13)
test-client-1  | [2m2026-07-14T01:01:16.675408Z[0m [32m INFO[0m [2mmoq_test_client::scenarios[0m[2m:[0m Publisher sending PUBLISH_NAMESPACE: moq-test/interop
test-client-1  | [2m2026-07-14T01:01:16.675418Z[0m [32m INFO[0m [2mmoq_test_client::scenarios[0m[2m:[0m Subscriber subscribing to track: moq-test/interop/test-track
relay-1        | [2m2026-07-14T01:01:16.675607Z[0m [32m INFO[0m [2mmoq_relay_ietf::producer[0m[2m:[0m serving subscribe: SubscribeInfo { id: 0, track_namespace: /moq-test/interop, track_name: test-track, subscriber_priority: 128, group_order: Publisher, forward: true, filter_type: AbsoluteStart, start_location: None, end_group_id: None, filter: None, params: {  }, track_status: false } [3mnamespace[0m[2m=[0m/moq-test/interop [3mtrack[0m[2m=[0mtest-track
relay-1        | [2m2026-07-14T01:01:16.675682Z[0m [32m INFO[0m [2mmoq_relay_ietf::consumer[0m[2m:[0m serving PUBLISH_NAMESPACE: PublishNamespaceInfo { request_id: 0, namespace: /moq-test/interop } [3mnamespace[0m[2m=[0m/moq-test/interop
test-client-1  | [2m2026-07-14T01:01:16.675816Z[0m [33m WARN[0m [2mmoq_transport::serve::error[0m[2m:[0m [49279860-53dc-4ce3-91e9-696088657a36] Not found: not found: Track not found [error:4e5d983b-40f0-45d1-a2f8-c1772be7aa5b] at moq-transport/src/session/subscriber.rs:455
relay-1        | [2m2026-07-14T01:01:16.675703Z[0m [33m WARN[0m [2mmoq_transport::serve::error[0m[2m:[0m [4e5d983b-40f0-45d1-a2f8-c1772be7aa5b] Not found: track '/moq-test/interop/test-track' not found in local or remote tracks at /build/moq-relay-ietf/src/producer.rs:168
relay-1        | [2m2026-07-14T01:01:16.675713Z[0m [33m WARN[0m [2mmoq_relay_ietf::producer[0m[2m:[0m failed serving subscribe [3mnamespace[0m[2m=[0m/moq-test/interop [3mtrack[0m[2m=[0mtest-track [3msubscribe_info[0m[2m=[0mSubscribeInfo { id: 0, track_namespace: /moq-test/interop, track_name: test-track, subscriber_priority: 128, group_order: Publisher, forward: true, filter_type: AbsoluteStart, start_location: None, end_group_id: None, filter: None, params: {  }, track_status: false } [3merror[0m[2m=[0mnot found: Track not found [error:4e5d983b-40f0-45d1-a2f8-c1772be7aa5b]
relay-1        | [2m2026-07-14T01:01:16.675730Z[0m [32m INFO[0m [2mmoq_relay_ietf::file_coordinator[0m[2m:[0m registering namespace: /moq-test/interop -> https://0.0.0.0:4443/ [3mnamespace[0m[2m=[0m/moq-test/interop [3mscope[0m[2m=[0m [3mrelay_url[0m[2m=[0mhttps://0.0.0.0:4443/
relay-1        | [2m2026-07-14T01:01:16.676007Z[0m [33m WARN[0m [2mmoq_transport::session::reader[0m[2m:[0m [READER] decode: stream ended while waiting for data (have=0 bytes, need=1)
test-client-1  | [2m2026-07-14T01:01:16.675895Z[0m [32m INFO[0m [2mmoq_test_client::scenarios[0m[2m:[0m Subscriber got error: not found: Track not found [error:49279860-53dc-4ce3-91e9-696088657a36] - subscription was processed
relay-1        | [2m2026-07-14T01:01:16.676032Z[0m [33m WARN[0m [2mmoq_relay_ietf::relay[0m[2m:[0m MoQ session error: decode error: fill buffer [3merror[0m[2m=[0mdecode error: fill buffer
relay-1        | [2m2026-07-14T01:01:16.676102Z[0m [33m WARN[0m [2mmoq_transport::session::reader[0m[2m:[0m [READER] decode: stream ended while waiting for data (have=0 bytes, need=1)
relay-1        | [2m2026-07-14T01:01:16.676222Z[0m [33m WARN[0m [2mmoq_relay_ietf::relay[0m[2m:[0m MoQ session error: decode error: fill buffer [3merror[0m[2m=[0mdecode error: fill buffer
test-client-1  | ok 4 - publish-namespace-subscribe
test-client-1  |   ---
test-client-1  |   duration_ms: 4
test-client-1  |   publisher_connection_id: 73fc5d0e713e39785b0d36ccc4b5d04a
test-client-1  |   subscriber_connection_id: a2b5fb28f1eef9396f10d2ae76905c65
test-client-1  |   ...
test-client-1  | [2m2026-07-14T01:01:16.676154Z[0m [33m WARN[0m [2mmoq_transport::session::reader[0m[2m:[0m [READER] decode: stream ended while waiting for data (have=0 bytes, need=1)
relay-1        | [2m2026-07-14T01:01:16.676335Z[0m [33m WARN[0m [2mweb_transport_quinn::session[0m[2m:[0m failed to read capsule [3me[0m[2m=[0mUnexpectedEnd
relay-1        | [2m2026-07-14T01:01:16.676494Z[0m [33m WARN[0m [2mweb_transport_quinn::session[0m[2m:[0m failed to read capsule [3me[0m[2m=[0mUnexpectedEnd
test-client-1  | [2m2026-07-14T01:01:16.676415Z[0m [33m WARN[0m [2mmoq_transport::session::reader[0m[2m:[0m [READER] decode: stream ended while waiting for data (have=0 bytes, need=1)
test-client-1  | [2m2026-07-14T01:01:16.676722Z[0m [32m INFO[0m [2mmoq_native_ietf::quic[0m[2m:[0m UDP socket bound [3mbind[0m[2m=[0m[::]:0 [3mlocal[0m[2m=[0m[::]:58385 [3mdual_stack[0m[2m=[0mtrue
relay-1        | [2m2026-07-14T01:01:16.678025Z[0m [33m WARN[0m [2mmoq_transport::session[0m[2m:[0m Failed to create mlog: Permission denied (os error 13)
test-client-1  | [2m2026-07-14T01:01:16.678248Z[0m [32m INFO[0m [2mmoq_test_client::scenarios[0m[2m:[0m Subscriber subscribing BEFORE PUBLISH_NAMESPACE: moq-test/interop/test-track
relay-1        | [2m2026-07-14T01:01:16.678436Z[0m [32m INFO[0m [2mmoq_relay_ietf::producer[0m[2m:[0m serving subscribe: SubscribeInfo { id: 0, track_namespace: /moq-test/interop, track_name: test-track, subscriber_priority: 128, group_order: Publisher, forward: true, filter_type: AbsoluteStart, start_location: None, end_group_id: None, filter: None, params: {  }, track_status: false } [3mnamespace[0m[2m=[0m/moq-test/interop [3mtrack[0m[2m=[0mtest-track
relay-1        | [2m2026-07-14T01:01:16.678511Z[0m [33m WARN[0m [2mmoq_transport::serve::error[0m[2m:[0m [1415b919-972e-465b-9807-a1c87fcb5072] Not found: track '/moq-test/interop/test-track' not found in local or remote tracks at /build/moq-relay-ietf/src/producer.rs:168
relay-1        | [2m2026-07-14T01:01:16.678525Z[0m [33m WARN[0m [2mmoq_relay_ietf::producer[0m[2m:[0m failed serving subscribe [3mnamespace[0m[2m=[0m/moq-test/interop [3mtrack[0m[2m=[0mtest-track [3msubscribe_info[0m[2m=[0mSubscribeInfo { id: 0, track_namespace: /moq-test/interop, track_name: test-track, subscriber_priority: 128, group_order: Publisher, forward: true, filter_type: AbsoluteStart, start_location: None, end_group_id: None, filter: None, params: {  }, track_status: false } [3merror[0m[2m=[0mnot found: Track not found [error:1415b919-972e-465b-9807-a1c87fcb5072]
test-client-1  | [2m2026-07-14T01:01:16.678633Z[0m [33m WARN[0m [2mmoq_transport::serve::error[0m[2m:[0m [67c9298a-0c1a-4e3b-b762-a77b4f7f24ef] Not found: not found: Track not found [error:1415b919-972e-465b-9807-a1c87fcb5072] at moq-transport/src/session/subscriber.rs:455
relay-1        | [2m2026-07-14T01:01:16.678713Z[0m [33m WARN[0m [2mmoq_transport::session::reader[0m[2m:[0m [READER] decode: stream ended while waiting for data (have=0 bytes, need=1)
relay-1        | [2m2026-07-14T01:01:16.678740Z[0m [33m WARN[0m [2mmoq_relay_ietf::relay[0m[2m:[0m MoQ session error: decode error: fill buffer [3merror[0m[2m=[0mdecode error: fill buffer
test-client-1  | [2m2026-07-14T01:01:16.678887Z[0m [33m WARN[0m [2mmoq_transport::session::reader[0m[2m:[0m [READER] decode: stream ended while waiting for data (have=0 bytes, need=1)
relay-1        | [2m2026-07-14T01:01:16.678925Z[0m [33m WARN[0m [2mweb_transport_quinn::session[0m[2m:[0m failed to read capsule [3me[0m[2m=[0mUnexpectedEnd
test-client-1  | [2m2026-07-14T01:01:17.180317Z[0m [32m INFO[0m [2mmoq_native_ietf::quic[0m[2m:[0m UDP socket bound [3mbind[0m[2m=[0m[::]:0 [3mlocal[0m[2m=[0m[::]:36597 [3mdual_stack[0m[2m=[0mtrue
relay-1        | [2m2026-07-14T01:01:17.182770Z[0m [33m WARN[0m [2mmoq_transport::session[0m[2m:[0m Failed to create mlog: Permission denied (os error 13)
test-client-1  | [2m2026-07-14T01:01:17.183012Z[0m [32m INFO[0m [2mmoq_test_client::scenarios[0m[2m:[0m Publisher sending PUBLISH_NAMESPACE (after subscriber): moq-test/interop
relay-1        | [2m2026-07-14T01:01:17.183197Z[0m [32m INFO[0m [2mmoq_relay_ietf::consumer[0m[2m:[0m serving PUBLISH_NAMESPACE: PublishNamespaceInfo { request_id: 0, namespace: /moq-test/interop } [3mnamespace[0m[2m=[0m/moq-test/interop
relay-1        | [2m2026-07-14T01:01:17.183279Z[0m [32m INFO[0m [2mmoq_relay_ietf::file_coordinator[0m[2m:[0m registering namespace: /moq-test/interop -> https://0.0.0.0:4443/ [3mnamespace[0m[2m=[0m/moq-test/interop [3mscope[0m[2m=[0m [3mrelay_url[0m[2m=[0mhttps://0.0.0.0:4443/
test-client-1  | [2m2026-07-14T01:01:20.184922Z[0m [32m INFO[0m [2mmoq_test_client::scenarios[0m[2m:[0m Publisher PUBLISH_NAMESPACE timeout (expected)
test-client-1  | [2m2026-07-14T01:01:20.184940Z[0m [32m INFO[0m [2mmoq_test_client::scenarios[0m[2m:[0m Subscriber got error: not found: Track not found [error:67c9298a-0c1a-4e3b-b762-a77b4f7f24ef] (may be expected)
test-client-1  | ok 5 - subscribe-before-publish-namespace
test-client-1  |   ---
test-client-1  |   duration_ms: 3508
test-client-1  |   subscriber_connection_id: 3eb2c77b4d39b33a54d85076f2165a71
test-client-1  |   publisher_connection_id: 605b3abeb520c72d74cd71cd829592f2
test-client-1  |   ...
relay-1        | [2m2026-07-14T01:01:20.185007Z[0m [33m WARN[0m [2mmoq_transport::session::reader[0m[2m:[0m [READER] decode: stream ended while waiting for data (have=0 bytes, need=1)
relay-1        | [2m2026-07-14T01:01:20.185285Z[0m [33m WARN[0m [2mmoq_relay_ietf::relay[0m[2m:[0m MoQ session error: decode error: fill buffer [3merror[0m[2m=[0mdecode error: fill buffer
test-client-1  | [2m2026-07-14T01:01:20.185245Z[0m [33m WARN[0m [2mmoq_transport::session::reader[0m[2m:[0m [READER] decode: stream ended while waiting for data (have=0 bytes, need=1)
test-client-1  | [2m2026-07-14T01:01:20.185406Z[0m [33m WARN[0m [2mweb_transport_quinn::session[0m[2m:[0m failed to read capsule [3me[0m[2m=[0mUnexpectedEnd
test-client-1  | [2m2026-07-14T01:01:20.185663Z[0m [32m INFO[0m [2mmoq_native_ietf::quic[0m[2m:[0m UDP socket bound [3mbind[0m[2m=[0m[::]:0 [3mlocal[0m[2m=[0m[::]:38983 [3mdual_stack[0m[2m=[0mtrue
relay-1        | [2m2026-07-14T01:01:20.188479Z[0m [33m WARN[0m [2mmoq_transport::session[0m[2m:[0m Failed to create mlog: Permission denied (os error 13)
test-client-1  | [2m2026-07-14T01:01:20.188711Z[0m [32m INFO[0m [2mmoq_test_client::scenarios[0m[2m:[0m Sending PUBLISH_NAMESPACE: moq-test/interop
relay-1        | [2m2026-07-14T01:01:20.188866Z[0m [32m INFO[0m [2mmoq_relay_ietf::consumer[0m[2m:[0m serving PUBLISH_NAMESPACE: PublishNamespaceInfo { request_id: 0, namespace: /moq-test/interop } [3mnamespace[0m[2m=[0m/moq-test/interop
relay-1        | [2m2026-07-14T01:01:20.188936Z[0m [32m INFO[0m [2mmoq_relay_ietf::file_coordinator[0m[2m:[0m registering namespace: /moq-test/interop -> https://0.0.0.0:4443/ [3mnamespace[0m[2m=[0m/moq-test/interop [3mscope[0m[2m=[0m [3mrelay_url[0m[2m=[0mhttps://0.0.0.0:4443/
test-client-1  | [2m2026-07-14T01:01:22.189717Z[0m [32m INFO[0m [2mmoq_test_client::scenarios[0m[2m:[0m PUBLISH_NAMESPACE active; sending PUBLISH_NAMESPACE_DONE
relay-1        | [2m2026-07-14T01:01:22.190648Z[0m [33m WARN[0m [2mmoq_transport::session::reader[0m[2m:[0m [READER] decode: stream ended while waiting for data (have=0 bytes, need=1)
test-client-1  | [2m2026-07-14T01:01:22.190773Z[0m [33m WARN[0m [2mmoq_transport::session::reader[0m[2m:[0m [READER] decode: stream ended while waiting for data (have=0 bytes, need=1)
relay-1        | [2m2026-07-14T01:01:22.191001Z[0m [33m WARN[0m [2mmoq_relay_ietf::relay[0m[2m:[0m MoQ session error: decode error: fill buffer [3merror[0m[2m=[0mdecode error: fill buffer
relay-1        | [2m2026-07-14T01:01:22.191240Z[0m [33m WARN[0m [2mweb_transport_quinn::session[0m[2m:[0m failed to read capsule [3me[0m[2m=[0mUnexpectedEnd
test-client-1  | [2m2026-07-14T01:01:22.290689Z[0m [32m INFO[0m [2mmoq_test_client::scenarios[0m[2m:[0m PUBLISH_NAMESPACE_DONE sent successfully
test-client-1  | ok 6 - publish-namespace-done
test-client-1  |   ---
test-client-1  |   duration_ms: 2105
test-client-1  |   connection_id: 5910e41d299b6efb07ff5e4120b55bbe
test-client-1  |   ...
[Ktest-client-1 exited with code 0
Aborting on container exit...
 Container main-test-client-1  Stopping
 Container main-test-client-1  Stopped
 Container main-relay-1  Stopping
 Container main-relay-1  Stopped

Test results in mlog/
make[1]: Leaving directory '/home/runner/work/moq-interop-runner/moq-interop-runner/main'
