make[1]: Entering directory '/home/runner/work/moq-interop-runner/moq-interop-runner/main'
Running tests against https://draft-18-interop.cloudflare.mediaoverquic.com:443/moq...
  Client: ghcr.io/englishm/moq-interop-runner-imquic-moq-interop-test:latest
docker run --rm \
	 \
	--network host \
	-e RELAY_URL=https://draft-18-interop.cloudflare.mediaoverquic.com:443/moq \
	-e TLS_DISABLE_VERIFY=false \
	ghcr.io/englishm/moq-interop-runner-imquic-moq-interop-test:latest
TAP version 14
# imquic-moq-interop-test v0.0.2/alpha
# Relay: https://draft-18-interop.cloudflare.mediaoverquic.com:443/moq
1..6
ok 1 - setup-only
not ok 2 - announce-only
  ---
  duration_ms: 264
  expected: REQUEST_OK
  received: REQUEST_ERROR
  connection_id: ffe96b542f7afe0d
  ---
not ok 3 - publish-namespace-done
  ---
  duration_ms: 264
  expected: REQUEST_OK
  received: REQUEST_ERROR
  connection_id: b364b1cec27c0b53
  ---
ok 4 - subscribe-error
not ok 5 - announce-subscribe
  ---
  duration_ms: 3000
  publisher_connection_id: 8fd07f0ed79dd846
  ---
ok 6 - subscribe-before-announce
make[1]: *** [Makefile:122: test-external] Error 1
make[1]: Leaving directory '/home/runner/work/moq-interop-runner/moq-interop-runner/main'
