make[1]: Entering directory '/home/runner/work/moq-interop-runner/moq-interop-runner/main'
Running tests against moqt://fb.mvfst.net:9448...
  Client: ghcr.io/englishm/moq-interop-runner-moq-test-client-draft-18:latest
docker run --rm \
	 \
	--network host \
	-e RELAY_URL=moqt://fb.mvfst.net:9448 \
	-e TLS_DISABLE_VERIFY=1 \
	ghcr.io/englishm/moq-interop-runner-moq-test-client-draft-18:latest
TAP version 14
# moq-test-client v0.1.10
# Relay: moqt://fb.mvfst.net:9448
1..6
[2m2026-08-16T00:42:19.833216Z[0m [32m INFO[0m [2mmoq_native_ietf::quic[0m[2m:[0m UDP socket bound [3mbind[0m[2m=[0m[::]:0 [3mlocal[0m[2m=[0m[::]:43209 [3mdual_stack[0m[2m=[0mtrue
[2m2026-08-16T00:42:19.889013Z[0m [32m INFO[0m [2mmoq_test_client::scenarios[0m[2m:[0m SETUP exchange completed successfully
ok 1 - setup-only
  ---
  duration_ms: 56
  connection_id: 73327769fc70865da5d889b6a87a1092
  ...
[2m2026-08-16T00:42:19.889853Z[0m [32m INFO[0m [2mmoq_native_ietf::quic[0m[2m:[0m UDP socket bound [3mbind[0m[2m=[0m[::]:0 [3mlocal[0m[2m=[0m[::]:38693 [3mdual_stack[0m[2m=[0mtrue
[2m2026-08-16T00:42:20.032101Z[0m [32m INFO[0m [2mmoq_test_client::scenarios[0m[2m:[0m Sending PUBLISH_NAMESPACE for: moq-test/interop
[2m2026-08-16T00:42:22.034232Z[0m [32m INFO[0m [2mmoq_test_client::scenarios[0m[2m:[0m PUBLISH_NAMESPACE succeeded (REQUEST_OK received, waiting for subscribers)
ok 2 - publish-namespace-only
  ---
  duration_ms: 2145
  connection_id: 2894557198c038ec147ffa251624a968
  ...
[2m2026-08-16T00:42:22.035201Z[0m [32m INFO[0m [2mmoq_native_ietf::quic[0m[2m:[0m UDP socket bound [3mbind[0m[2m=[0m[::]:0 [3mlocal[0m[2m=[0m[::]:54672 [3mdual_stack[0m[2m=[0mtrue
[2m2026-08-16T00:42:22.096918Z[0m [32m INFO[0m [2mmoq_test_client::scenarios[0m[2m:[0m Subscribing to non-existent track: nonexistent/namespace/test-track
[2m2026-08-16T00:42:22.119813Z[0m [33m WARN[0m [2mmoq_transport::serve::error[0m[2m:[0m [179ef460-f40a-40ec-8ba7-af8471f03d3f] Not found: no such namespace or track at moq-transport/src/session/subscriber.rs:483
[2m2026-08-16T00:42:22.119841Z[0m [33m WARN[0m [2mmoq_transport::session::reader[0m[2m:[0m [READER] decode: stream ended while waiting for data (have=0 bytes, need=1)
[2m2026-08-16T00:42:22.119887Z[0m [32m INFO[0m [2mmoq_test_client::scenarios[0m[2m:[0m Got expected 'not found' error: not found: Track not found [error:179ef460-f40a-40ec-8ba7-af8471f03d3f]
ok 3 - subscribe-error
  ---
  duration_ms: 85
  connection_id: 33fcfa0683804769609d068b53c9ad28
  ...
[2m2026-08-16T00:42:22.120750Z[0m [32m INFO[0m [2mmoq_native_ietf::quic[0m[2m:[0m UDP socket bound [3mbind[0m[2m=[0m[::]:0 [3mlocal[0m[2m=[0m[::]:50888 [3mdual_stack[0m[2m=[0mtrue
[2m2026-08-16T00:42:22.256054Z[0m [32m INFO[0m [2mmoq_native_ietf::quic[0m[2m:[0m UDP socket bound [3mbind[0m[2m=[0m[::]:0 [3mlocal[0m[2m=[0m[::]:39343 [3mdual_stack[0m[2m=[0mtrue
[2m2026-08-16T00:42:22.293619Z[0m [32m INFO[0m [2mmoq_test_client::scenarios[0m[2m:[0m Publisher sending PUBLISH_NAMESPACE: moq-test/interop
[2m2026-08-16T00:42:22.293637Z[0m [32m INFO[0m [2mmoq_test_client::scenarios[0m[2m:[0m Subscriber subscribing to track: moq-test/interop/test-track
[2m2026-08-16T00:42:25.295204Z[0m [32m INFO[0m [2mmoq_test_client::scenarios[0m[2m:[0m Test timeout reached - subscription routing may still be in progress
ok 4 - publish-namespace-subscribe
  ---
  duration_ms: 3175
  publisher_connection_id: b2506d522be0f91aeff95beafd240e87
  subscriber_connection_id: 84a8136430143113211f7139986aad5c
  ...
[2m2026-08-16T00:42:25.296053Z[0m [32m INFO[0m [2mmoq_native_ietf::quic[0m[2m:[0m UDP socket bound [3mbind[0m[2m=[0m[::]:0 [3mlocal[0m[2m=[0m[::]:45134 [3mdual_stack[0m[2m=[0mtrue
[2m2026-08-16T00:42:25.332235Z[0m [32m INFO[0m [2mmoq_test_client::scenarios[0m[2m:[0m Subscriber subscribing BEFORE PUBLISH_NAMESPACE: moq-test/interop/test-track
[2m2026-08-16T00:42:25.355131Z[0m [33m WARN[0m [2mmoq_transport::serve::error[0m[2m:[0m [4fdad2c1-e2d9-4ff6-8b61-045ea5f1beb2] Not found: no such namespace or track at moq-transport/src/session/subscriber.rs:483
[2m2026-08-16T00:42:25.355154Z[0m [33m WARN[0m [2mmoq_transport::session::reader[0m[2m:[0m [READER] decode: stream ended while waiting for data (have=0 bytes, need=1)
[2m2026-08-16T00:42:25.834843Z[0m [32m INFO[0m [2mmoq_native_ietf::quic[0m[2m:[0m UDP socket bound [3mbind[0m[2m=[0m[::]:0 [3mlocal[0m[2m=[0m[::]:43662 [3mdual_stack[0m[2m=[0mtrue
[2m2026-08-16T00:42:25.868151Z[0m [32m INFO[0m [2mmoq_test_client::scenarios[0m[2m:[0m Publisher sending PUBLISH_NAMESPACE (after subscriber): moq-test/interop
[2m2026-08-16T00:42:28.870019Z[0m [32m INFO[0m [2mmoq_test_client::scenarios[0m[2m:[0m Publisher PUBLISH_NAMESPACE timeout (expected)
[2m2026-08-16T00:42:28.870059Z[0m [32m INFO[0m [2mmoq_test_client::scenarios[0m[2m:[0m Subscriber got error: not found: Track not found [error:4fdad2c1-e2d9-4ff6-8b61-045ea5f1beb2] (may be expected)
ok 5 - subscribe-before-publish-namespace
  ---
  duration_ms: 3574
  subscriber_connection_id: f77f38d71002dc1062f4ee7e678551a2
  publisher_connection_id: 8dd63e0464e532f9f519345eaddc4598
  ...
[2m2026-08-16T00:42:28.870932Z[0m [32m INFO[0m [2mmoq_native_ietf::quic[0m[2m:[0m UDP socket bound [3mbind[0m[2m=[0m[::]:0 [3mlocal[0m[2m=[0m[::]:35943 [3mdual_stack[0m[2m=[0mtrue
[2m2026-08-16T00:42:28.905605Z[0m [32m INFO[0m [2mmoq_test_client::scenarios[0m[2m:[0m Sending PUBLISH_NAMESPACE: moq-test/interop
[2m2026-08-16T00:42:30.906615Z[0m [32m INFO[0m [2mmoq_test_client::scenarios[0m[2m:[0m PUBLISH_NAMESPACE active; sending PUBLISH_NAMESPACE_DONE
[2m2026-08-16T00:42:31.007359Z[0m [32m INFO[0m [2mmoq_test_client::scenarios[0m[2m:[0m PUBLISH_NAMESPACE_DONE sent successfully
ok 6 - publish-namespace-done
  ---
  duration_ms: 2137
  connection_id: af7b9c72afb2c7f4b9196f0b496b1343
  ...
make[1]: Leaving directory '/home/runner/work/moq-interop-runner/moq-interop-runner/main'
