make[1]: Entering directory '/home/runner/work/moq-interop-runner/moq-interop-runner/main'
Running tests against https://moqx-main.ci.openmoq.org:4433/moq-relay...
  Client: ghcr.io/englishm/moq-interop-runner-moq-test-client-draft-18:latest
docker run --rm \
	 \
	--network host \
	-e RELAY_URL=https://moqx-main.ci.openmoq.org:4433/moq-relay \
	-e TLS_DISABLE_VERIFY=false \
	ghcr.io/englishm/moq-interop-runner-moq-test-client-draft-18:latest
TAP version 14
# moq-test-client v0.1.10
# Relay: https://moqx-main.ci.openmoq.org:4433/moq-relay
1..6
[2m2026-08-16T00:41:22.748306Z[0m [32m INFO[0m [2mmoq_native_ietf::quic[0m[2m:[0m UDP socket bound [3mbind[0m[2m=[0m[::]:0 [3mlocal[0m[2m=[0m[::]:35516 [3mdual_stack[0m[2m=[0mtrue
[2m2026-08-16T00:41:23.019238Z[0m [32m INFO[0m [2mmoq_test_client::scenarios[0m[2m:[0m SETUP exchange completed successfully
ok 1 - setup-only
  ---
  duration_ms: 271
  connection_id: a6044c70b5818c61e97b54fcfa324f22
  ...
[2m2026-08-16T00:41:23.020105Z[0m [32m INFO[0m [2mmoq_native_ietf::quic[0m[2m:[0m UDP socket bound [3mbind[0m[2m=[0m[::]:0 [3mlocal[0m[2m=[0m[::]:58236 [3mdual_stack[0m[2m=[0mtrue
[2m2026-08-16T00:41:23.039722Z[0m [33m WARN[0m [2mweb_transport_quinn::session[0m[2m:[0m failed to read capsule [3me[0m[2m=[0mUnexpectedEnd
[2m2026-08-16T00:41:23.308078Z[0m [32m INFO[0m [2mmoq_test_client::scenarios[0m[2m:[0m Sending PUBLISH_NAMESPACE for: moq-test/interop
[2m2026-08-16T00:41:25.310199Z[0m [32m INFO[0m [2mmoq_test_client::scenarios[0m[2m:[0m PUBLISH_NAMESPACE succeeded (REQUEST_OK received, waiting for subscribers)
ok 2 - publish-namespace-only
  ---
  duration_ms: 2290
  connection_id: 0e7b23cf4405e75ab702339d5fcc30ff
  ...
[2m2026-08-16T00:41:25.311039Z[0m [32m INFO[0m [2mmoq_native_ietf::quic[0m[2m:[0m UDP socket bound [3mbind[0m[2m=[0m[::]:0 [3mlocal[0m[2m=[0m[::]:50427 [3mdual_stack[0m[2m=[0mtrue
[2m2026-08-16T00:41:25.334989Z[0m [33m WARN[0m [2mweb_transport_quinn::session[0m[2m:[0m failed to read capsule [3me[0m[2m=[0mUnexpectedEnd
[2m2026-08-16T00:41:25.401267Z[0m [32m INFO[0m [2mmoq_test_client::scenarios[0m[2m:[0m Subscribing to non-existent track: nonexistent/namespace/test-track
[2m2026-08-16T00:41:25.421413Z[0m [33m WARN[0m [2mmoq_transport::serve::error[0m[2m:[0m [d2f0a700-68a9-4cd4-a92b-fe4871a0dbc1] Not found: no such namespace or track at moq-transport/src/session/subscriber.rs:483
[2m2026-08-16T00:41:25.421432Z[0m [33m WARN[0m [2mmoq_transport::session::reader[0m[2m:[0m [READER] decode: stream ended while waiting for data (have=0 bytes, need=1)
[2m2026-08-16T00:41:25.421487Z[0m [32m INFO[0m [2mmoq_test_client::scenarios[0m[2m:[0m Got expected 'not found' error: not found: Track not found [error:d2f0a700-68a9-4cd4-a92b-fe4871a0dbc1]
ok 3 - subscribe-error
  ---
  duration_ms: 111
  connection_id: 13e7233e90e98ed403deef6f353bc4bd
  ...
[2m2026-08-16T00:41:25.422405Z[0m [32m INFO[0m [2mmoq_native_ietf::quic[0m[2m:[0m UDP socket bound [3mbind[0m[2m=[0m[::]:0 [3mlocal[0m[2m=[0m[::]:48502 [3mdual_stack[0m[2m=[0mtrue
[2m2026-08-16T00:41:25.441759Z[0m [33m WARN[0m [2mweb_transport_quinn::session[0m[2m:[0m failed to read capsule [3me[0m[2m=[0mUnexpectedEnd
[2m2026-08-16T00:41:25.522254Z[0m [32m INFO[0m [2mmoq_native_ietf::quic[0m[2m:[0m UDP socket bound [3mbind[0m[2m=[0m[::]:0 [3mlocal[0m[2m=[0m[::]:54331 [3mdual_stack[0m[2m=[0mtrue
[2m2026-08-16T00:41:25.767343Z[0m [32m INFO[0m [2mmoq_test_client::scenarios[0m[2m:[0m Publisher sending PUBLISH_NAMESPACE: moq-test/interop
[2m2026-08-16T00:41:25.767366Z[0m [32m INFO[0m [2mmoq_test_client::scenarios[0m[2m:[0m Subscriber subscribing to track: moq-test/interop/test-track
[2m2026-08-16T00:41:25.791648Z[0m [33m WARN[0m [2mmoq_transport::serve::error[0m[2m:[0m [8d78f218-16d5-4da2-8931-9ad7f5d712c0] Not found: no such namespace or track at moq-transport/src/session/subscriber.rs:483
[2m2026-08-16T00:41:25.791670Z[0m [33m WARN[0m [2mmoq_transport::session::reader[0m[2m:[0m [READER] decode: stream ended while waiting for data (have=0 bytes, need=1)
[2m2026-08-16T00:41:25.791823Z[0m [32m INFO[0m [2mmoq_test_client::scenarios[0m[2m:[0m Subscriber got error: not found: Track not found [error:8d78f218-16d5-4da2-8931-9ad7f5d712c0] - subscription was processed
ok 4 - publish-namespace-subscribe
  ---
  duration_ms: 370
  publisher_connection_id: 512af46030aa112e23fba7b78d08a28b
  subscriber_connection_id: acd3dcb62fb67cc988f5aba8474203aa
  ...
[2m2026-08-16T00:41:25.792622Z[0m [32m INFO[0m [2mmoq_native_ietf::quic[0m[2m:[0m UDP socket bound [3mbind[0m[2m=[0m[::]:0 [3mlocal[0m[2m=[0m[::]:60152 [3mdual_stack[0m[2m=[0mtrue
[2m2026-08-16T00:41:25.815980Z[0m [33m WARN[0m [2mweb_transport_quinn::session[0m[2m:[0m failed to read capsule [3me[0m[2m=[0mUnexpectedEnd
[2m2026-08-16T00:41:25.816037Z[0m [33m WARN[0m [2mweb_transport_quinn::session[0m[2m:[0m failed to read capsule [3me[0m[2m=[0mUnexpectedEnd
[2m2026-08-16T00:41:26.072121Z[0m [32m INFO[0m [2mmoq_test_client::scenarios[0m[2m:[0m Subscriber subscribing BEFORE PUBLISH_NAMESPACE: moq-test/interop/test-track
[2m2026-08-16T00:41:26.097004Z[0m [33m WARN[0m [2mmoq_transport::serve::error[0m[2m:[0m [95eff3d5-8695-410f-b4c1-711bf0a38e3c] Not found: no such namespace or track at moq-transport/src/session/subscriber.rs:483
[2m2026-08-16T00:41:26.097025Z[0m [33m WARN[0m [2mmoq_transport::session::reader[0m[2m:[0m [READER] decode: stream ended while waiting for data (have=0 bytes, need=1)
[2m2026-08-16T00:41:26.122039Z[0m [33m WARN[0m [2mweb_transport_quinn::session[0m[2m:[0m failed to read capsule [3me[0m[2m=[0mUnexpectedEnd
[2m2026-08-16T00:41:26.574903Z[0m [32m INFO[0m [2mmoq_native_ietf::quic[0m[2m:[0m UDP socket bound [3mbind[0m[2m=[0m[::]:0 [3mlocal[0m[2m=[0m[::]:59220 [3mdual_stack[0m[2m=[0mtrue
[2m2026-08-16T00:41:26.779190Z[0m [32m INFO[0m [2mmoq_test_client::scenarios[0m[2m:[0m Publisher sending PUBLISH_NAMESPACE (after subscriber): moq-test/interop
[2m2026-08-16T00:41:29.780858Z[0m [32m INFO[0m [2mmoq_test_client::scenarios[0m[2m:[0m Publisher PUBLISH_NAMESPACE timeout (expected)
[2m2026-08-16T00:41:29.780887Z[0m [32m INFO[0m [2mmoq_test_client::scenarios[0m[2m:[0m Subscriber got error: not found: Track not found [error:95eff3d5-8695-410f-b4c1-711bf0a38e3c] (may be expected)
ok 5 - subscribe-before-publish-namespace
  ---
  duration_ms: 3989
  subscriber_connection_id: 01e9ee386d7e8ab072f3db528198a5cd
  publisher_connection_id: 7b8a197e533cb73235c134b54ab65d40
  ...
[2m2026-08-16T00:41:29.781728Z[0m [32m INFO[0m [2mmoq_native_ietf::quic[0m[2m:[0m UDP socket bound [3mbind[0m[2m=[0m[::]:0 [3mlocal[0m[2m=[0m[::]:41772 [3mdual_stack[0m[2m=[0mtrue
[2m2026-08-16T00:41:29.805506Z[0m [33m WARN[0m [2mweb_transport_quinn::session[0m[2m:[0m failed to read capsule [3me[0m[2m=[0mUnexpectedEnd
[2m2026-08-16T00:41:30.036576Z[0m [32m INFO[0m [2mmoq_test_client::scenarios[0m[2m:[0m Sending PUBLISH_NAMESPACE: moq-test/interop
[2m2026-08-16T00:41:32.037589Z[0m [32m INFO[0m [2mmoq_test_client::scenarios[0m[2m:[0m PUBLISH_NAMESPACE active; sending PUBLISH_NAMESPACE_DONE
[2m2026-08-16T00:41:32.139202Z[0m [32m INFO[0m [2mmoq_test_client::scenarios[0m[2m:[0m PUBLISH_NAMESPACE_DONE sent successfully
ok 6 - publish-namespace-done
  ---
  duration_ms: 2358
  connection_id: feada5939fbaf2154d3bba754b553e96
  ...
make[1]: Leaving directory '/home/runner/work/moq-interop-runner/moq-interop-runner/main'
