make[1]: Entering directory '/home/runner/work/moq-interop-runner/moq-interop-runner/main'
Running tests against moqt://us-west-2.relay.quicr.org:33437...
  Client: ghcr.io/englishm/moq-interop-runner-moq-test-client-draft-16:latest
docker run --rm \
	 \
	--network host \
	-e RELAY_URL=moqt://us-west-2.relay.quicr.org:33437 \
	-e TLS_DISABLE_VERIFY=1 \
	ghcr.io/englishm/moq-interop-runner-moq-test-client-draft-16:latest
TAP version 14
# moq-test-client v0.1.0
# Relay: moqt://us-west-2.relay.quicr.org:33437
1..6
ok 1 - setup-only
  ---
  duration_ms: 167
  connection_id: 6c1d66fab5cd79d880996d6cd3c984a0
  ...
ok 2 - announce-only
  ---
  duration_ms: 2337
  connection_id: 99afc0bbaf4919f572a8f30f66b7b8e8
  ...
not ok 3 - subscribe-error
  ---
  duration_ms: 246
  message: "session error: decode error: invalid message: 1: invalid message: 1"
  ...
[2026-08-16T01:10:23Z ERROR moq_transport::session::reader] [READER] decode: ERROR decoding moq_transport::message::Message - InvalidMessage(1) (buffer_len=5)
[2026-08-16T01:10:23Z ERROR moq_transport::session::reader] [READER] decode: ERROR decoding moq_transport::message::Message - InvalidMessage(1) (buffer_len=5)
not ok 4 - announce-subscribe
  ---
  duration_ms: 423
  message: "subscriber session error: decode error: invalid message: 1: invalid message: 1"
  ...
[2026-08-16T01:10:23Z ERROR moq_transport::session::reader] [READER] decode: ERROR decoding moq_transport::message::Message - InvalidMessage(1) (buffer_len=5)
ok 5 - subscribe-before-announce
  ---
  duration_ms: 3876
  subscriber_connection_id: 55ff0bae1ea350532cfec3bb941de17f
  publisher_connection_id: 659c36d15db542d5947cdf145b141f29
  ...
ok 6 - publish-namespace-done
  ---
  duration_ms: 2566
  connection_id: e98137aec6969e8877b3170b955d997b
  ...
make[1]: *** [Makefile:122: test-external] Error 1
make[1]: Leaving directory '/home/runner/work/moq-interop-runner/moq-interop-runner/main'
