make[1]: Entering directory '/home/runner/work/moq-interop-runner/moq-interop-runner/main'
Running tests against moqt://fb.mvfst.net:9448...
  Client: ghcr.io/englishm/moq-interop-runner-moq-test-client-draft-16:latest
docker run --rm \
	 \
	--network host \
	-e RELAY_URL=moqt://fb.mvfst.net:9448 \
	-e TLS_DISABLE_VERIFY=1 \
	ghcr.io/englishm/moq-interop-runner-moq-test-client-draft-16:latest
TAP version 14
# moq-test-client v0.1.0
# Relay: moqt://fb.mvfst.net:9448
1..6
ok 1 - setup-only
  ---
  duration_ms: 94
  connection_id: 73a0a87878661fea3575a9893b361b70
  ...
ok 2 - announce-only
  ---
  duration_ms: 2071
  connection_id: 0394bca78a1224936fa97e1f1e73d153
  ...
ok 3 - subscribe-error
  ---
  duration_ms: 87
  connection_id: 988977bc71dc02a58bf565d82ff8341a
  ...
ok 4 - announce-subscribe
  ---
  duration_ms: 134
  publisher_connection_id: 92d97324b25809ad023b686cd94a883e
  subscriber_connection_id: 3b8339416aedaaa7442175d43769ce47
  ...
ok 5 - subscribe-before-announce
  ---
  duration_ms: 3736
  subscriber_connection_id: 0bd55799751f06ed86b3e7f4bb55ce05
  publisher_connection_id: 28067eb9f57a4bb137c0cf7dd3fc4688
  ...
ok 6 - publish-namespace-done
  ---
  duration_ms: 2163
  connection_id: ea7d804d3b9e48e829c72038986e11df
  ...
make[1]: Leaving directory '/home/runner/work/moq-interop-runner/moq-interop-runner/main'
