make[1]: Entering directory '/home/runner/work/moq-interop-runner/moq-interop-runner/main'
Running tests against https://moqt.nokiaresearch.com:4443/moq...
  Client: ghcr.io/englishm/moq-interop-runner-moq-test-client-draft-18:latest
docker run --rm \
	 \
	--network host \
	-e RELAY_URL=https://moqt.nokiaresearch.com:4443/moq \
	-e TLS_DISABLE_VERIFY=false \
	ghcr.io/englishm/moq-interop-runner-moq-test-client-draft-18:latest
TAP version 14
# moq-test-client v0.1.10
# Relay: https://moqt.nokiaresearch.com:4443/moq
1..6
[2m2026-08-16T00:40:56.462357Z[0m [32m INFO[0m [2mmoq_native_ietf::quic[0m[2m:[0m UDP socket bound [3mbind[0m[2m=[0m[::]:0 [3mlocal[0m[2m=[0m[::]:49793 [3mdual_stack[0m[2m=[0mtrue
[2m2026-08-16T00:40:57.094058Z[0m [32m INFO[0m [2mmoq_test_client::scenarios[0m[2m:[0m SETUP exchange completed successfully
ok 1 - setup-only
  ---
  duration_ms: 632
  connection_id: a273a18abb184a8d9ff33230cf459b84
  ...
[2m2026-08-16T00:40:57.094951Z[0m [32m INFO[0m [2mmoq_native_ietf::quic[0m[2m:[0m UDP socket bound [3mbind[0m[2m=[0m[::]:0 [3mlocal[0m[2m=[0m[::]:47020 [3mdual_stack[0m[2m=[0mtrue
[2m2026-08-16T00:40:57.201807Z[0m [33m WARN[0m [2mweb_transport_quinn::session[0m[2m:[0m failed to read capsule [3me[0m[2m=[0mUnexpectedEnd
[2m2026-08-16T00:40:57.666692Z[0m [32m INFO[0m [2mmoq_test_client::scenarios[0m[2m:[0m Sending PUBLISH_NAMESPACE for: moq-test/interop
[2m2026-08-16T00:40:59.667823Z[0m [32m INFO[0m [2mmoq_test_client::scenarios[0m[2m:[0m PUBLISH_NAMESPACE succeeded (REQUEST_OK received, waiting for subscribers)
ok 2 - publish-namespace-only
  ---
  duration_ms: 2573
  connection_id: 94ee5e9a228b45f024e41c4bfe6f9ead
  ...
[2m2026-08-16T00:40:59.668663Z[0m [32m INFO[0m [2mmoq_native_ietf::quic[0m[2m:[0m UDP socket bound [3mbind[0m[2m=[0m[::]:0 [3mlocal[0m[2m=[0m[::]:50588 [3mdual_stack[0m[2m=[0mtrue
[2m2026-08-16T00:40:59.775088Z[0m [33m WARN[0m [2mweb_transport_quinn::session[0m[2m:[0m failed to read capsule [3me[0m[2m=[0mUnexpectedEnd
[2m2026-08-16T00:41:00.306856Z[0m [32m INFO[0m [2mmoq_test_client::scenarios[0m[2m:[0m Subscribing to non-existent track: nonexistent/namespace/test-track
[2m2026-08-16T00:41:00.414512Z[0m [33m WARN[0m [2mmoq_transport::serve::error[0m[2m:[0m [8fa74e5b-8be3-4152-87ca-e07d6ae17655] Not found: Track /nonexistent/namespace/test-track does not exist at moq-transport/src/session/subscriber.rs:483
[2m2026-08-16T00:41:00.414540Z[0m [33m WARN[0m [2mmoq_transport::session::reader[0m[2m:[0m [READER] decode: stream ended while waiting for data (have=0 bytes, need=1)
[2m2026-08-16T00:41:00.414594Z[0m [32m INFO[0m [2mmoq_test_client::scenarios[0m[2m:[0m Got expected 'not found' error: not found: Track not found [error:8fa74e5b-8be3-4152-87ca-e07d6ae17655]
ok 3 - subscribe-error
  ---
  duration_ms: 746
  connection_id: 558c16e22384fe6ab87aa9d9fe1d7646
  ...
[2m2026-08-16T00:41:00.415355Z[0m [32m INFO[0m [2mmoq_native_ietf::quic[0m[2m:[0m UDP socket bound [3mbind[0m[2m=[0m[::]:0 [3mlocal[0m[2m=[0m[::]:56024 [3mdual_stack[0m[2m=[0mtrue
[2m2026-08-16T00:41:00.521774Z[0m [33m WARN[0m [2mweb_transport_quinn::session[0m[2m:[0m failed to read capsule [3me[0m[2m=[0mUnexpectedEnd
[2m2026-08-16T00:41:00.984909Z[0m [32m INFO[0m [2mmoq_native_ietf::quic[0m[2m:[0m UDP socket bound [3mbind[0m[2m=[0m[::]:0 [3mlocal[0m[2m=[0m[::]:57798 [3mdual_stack[0m[2m=[0mtrue
[2m2026-08-16T00:41:01.516170Z[0m [32m INFO[0m [2mmoq_test_client::scenarios[0m[2m:[0m Publisher sending PUBLISH_NAMESPACE: moq-test/interop
[2m2026-08-16T00:41:01.516197Z[0m [32m INFO[0m [2mmoq_test_client::scenarios[0m[2m:[0m Subscriber subscribing to track: moq-test/interop/test-track
[2m2026-08-16T00:41:01.621640Z[0m [33m WARN[0m [2mmoq_transport::serve::error[0m[2m:[0m [bdfefb14-2035-4a3a-b2fb-92dfa0fc2673] Not found: Track /moq-test/interop/test-track does not exist at moq-transport/src/session/subscriber.rs:483
[2m2026-08-16T00:41:01.621670Z[0m [33m WARN[0m [2mmoq_transport::session::reader[0m[2m:[0m [READER] decode: stream ended while waiting for data (have=0 bytes, need=1)
[2m2026-08-16T00:41:01.621831Z[0m [32m INFO[0m [2mmoq_test_client::scenarios[0m[2m:[0m Subscriber got error: not found: Track not found [error:bdfefb14-2035-4a3a-b2fb-92dfa0fc2673] - subscription was processed
ok 4 - publish-namespace-subscribe
  ---
  duration_ms: 1207
  publisher_connection_id: 7e7a43cf671ae1d1995e51c05cacf5c8
  subscriber_connection_id: 308356719680d925d8b25f925ecddc8e
  ...
[2m2026-08-16T00:41:01.622748Z[0m [32m INFO[0m [2mmoq_native_ietf::quic[0m[2m:[0m UDP socket bound [3mbind[0m[2m=[0m[::]:0 [3mlocal[0m[2m=[0m[::]:51247 [3mdual_stack[0m[2m=[0mtrue
[2m2026-08-16T00:41:01.727131Z[0m [33m WARN[0m [2mweb_transport_quinn::session[0m[2m:[0m failed to read capsule [3me[0m[2m=[0mUnexpectedEnd
[2m2026-08-16T00:41:01.729100Z[0m [33m WARN[0m [2mweb_transport_quinn::session[0m[2m:[0m failed to read capsule [3me[0m[2m=[0mUnexpectedEnd
[2m2026-08-16T00:41:02.152137Z[0m [32m INFO[0m [2mmoq_test_client::scenarios[0m[2m:[0m Subscriber subscribing BEFORE PUBLISH_NAMESPACE: moq-test/interop/test-track
[2m2026-08-16T00:41:02.257275Z[0m [33m WARN[0m [2mmoq_transport::serve::error[0m[2m:[0m [47fa7a3b-319d-4d8f-9784-6b5094be04b7] Not found: Track /moq-test/interop/test-track does not exist at moq-transport/src/session/subscriber.rs:483
[2m2026-08-16T00:41:02.257299Z[0m [33m WARN[0m [2mmoq_transport::session::reader[0m[2m:[0m [READER] decode: stream ended while waiting for data (have=0 bytes, need=1)
[2m2026-08-16T00:41:02.362257Z[0m [33m WARN[0m [2mweb_transport_quinn::session[0m[2m:[0m failed to read capsule [3me[0m[2m=[0mUnexpectedEnd
[2m2026-08-16T00:41:02.654689Z[0m [32m INFO[0m [2mmoq_native_ietf::quic[0m[2m:[0m UDP socket bound [3mbind[0m[2m=[0m[::]:0 [3mlocal[0m[2m=[0m[::]:34268 [3mdual_stack[0m[2m=[0mtrue
[2m2026-08-16T00:41:03.218995Z[0m [32m INFO[0m [2mmoq_test_client::scenarios[0m[2m:[0m Publisher sending PUBLISH_NAMESPACE (after subscriber): moq-test/interop
[2m2026-08-16T00:41:06.221234Z[0m [32m INFO[0m [2mmoq_test_client::scenarios[0m[2m:[0m Publisher PUBLISH_NAMESPACE timeout (expected)
[2m2026-08-16T00:41:06.221262Z[0m [32m INFO[0m [2mmoq_test_client::scenarios[0m[2m:[0m Subscriber got error: not found: Track not found [error:47fa7a3b-319d-4d8f-9784-6b5094be04b7] (may be expected)
ok 5 - subscribe-before-publish-namespace
  ---
  duration_ms: 4599
  subscriber_connection_id: 250f8db9a2573ea5df8bde382bba039f
  publisher_connection_id: 65d12e6e1ea7742656ada1a1a2de08d1
  ...
[2m2026-08-16T00:41:06.222064Z[0m [32m INFO[0m [2mmoq_native_ietf::quic[0m[2m:[0m UDP socket bound [3mbind[0m[2m=[0m[::]:0 [3mlocal[0m[2m=[0m[::]:58123 [3mdual_stack[0m[2m=[0mtrue
[2m2026-08-16T00:41:06.326985Z[0m [33m WARN[0m [2mweb_transport_quinn::session[0m[2m:[0m failed to read capsule [3me[0m[2m=[0mUnexpectedEnd
[2m2026-08-16T00:41:06.773197Z[0m [32m INFO[0m [2mmoq_test_client::scenarios[0m[2m:[0m Sending PUBLISH_NAMESPACE: moq-test/interop
[2m2026-08-16T00:41:08.775177Z[0m [32m INFO[0m [2mmoq_test_client::scenarios[0m[2m:[0m PUBLISH_NAMESPACE active; sending PUBLISH_NAMESPACE_DONE
[2m2026-08-16T00:41:08.876519Z[0m [32m INFO[0m [2mmoq_test_client::scenarios[0m[2m:[0m PUBLISH_NAMESPACE_DONE sent successfully
ok 6 - publish-namespace-done
  ---
  duration_ms: 2655
  connection_id: 59bb6b18c09463baf070d373df35a394
  ...
make[1]: Leaving directory '/home/runner/work/moq-interop-runner/moq-interop-runner/main'
