make[1]: Entering directory '/home/runner/work/moq-interop-runner/moq-interop-runner/main'
Running tests against moqt://moqt.nokiaresearch.com:4443/moq...
  Client: ghcr.io/englishm/moq-interop-runner-moq-test-client-draft-18:latest
docker run --rm \
	 \
	--network host \
	-e RELAY_URL=moqt://moqt.nokiaresearch.com:4443/moq \
	-e TLS_DISABLE_VERIFY=false \
	ghcr.io/englishm/moq-interop-runner-moq-test-client-draft-18:latest
TAP version 14
# moq-test-client v0.1.12
# Relay: moqt://moqt.nokiaresearch.com:4443/moq
1..18
[2m2026-09-18T00:48:26.623733Z[0m [32m INFO[0m [2mmoq_native_ietf::quic[0m[2m:[0m UDP socket bound [3mbind[0m[2m=[0m[::]:0 [3mlocal[0m[2m=[0m[::]:38857 [3mdual_stack[0m[2m=[0mtrue
ok 1 - setup-only
  ---
  duration_ms: 384
  connection_id: b7c7260f970da76e6dd497533d7f487b
  ...
[2m2026-09-18T00:48:27.007404Z[0m [32m INFO[0m [2mmoq_test_client::scenarios[0m[2m:[0m SETUP exchange completed successfully
[2m2026-09-18T00:48:27.008507Z[0m [32m INFO[0m [2mmoq_native_ietf::quic[0m[2m:[0m UDP socket bound [3mbind[0m[2m=[0m[::]:0 [3mlocal[0m[2m=[0m[::]:51389 [3mdual_stack[0m[2m=[0mtrue
[2m2026-09-18T00:48:27.364584Z[0m [32m INFO[0m [2mmoq_test_client::scenarios[0m[2m:[0m Sending PUBLISH_NAMESPACE for: moq-test/interop
[2m2026-09-18T00:48:29.366752Z[0m [32m INFO[0m [2mmoq_test_client::scenarios[0m[2m:[0m PUBLISH_NAMESPACE succeeded (REQUEST_OK received, waiting for subscribers)
ok 2 - publish-namespace-only
  ---
  duration_ms: 2359
  connection_id: 6357209d17890c175b4523699faf4cb8
  ...
[2m2026-09-18T00:48:29.367647Z[0m [32m INFO[0m [2mmoq_native_ietf::quic[0m[2m:[0m UDP socket bound [3mbind[0m[2m=[0m[::]:0 [3mlocal[0m[2m=[0m[::]:53069 [3mdual_stack[0m[2m=[0mtrue
[2m2026-09-18T00:48:29.735800Z[0m [32m INFO[0m [2mmoq_test_client::scenarios[0m[2m:[0m Subscribing to non-existent track: nonexistent/namespace/test-track
[2m2026-09-18T00:48:29.852042Z[0m [33m WARN[0m [2mmoq_transport::serve::error[0m[2m:[0m [63fc00c3-2650-4939-b475-5b0c5b3959c5] Not found: Track /nonexistent/namespace/test-track does not exist at moq-transport/src/session/subscriber.rs:1653
[2m2026-09-18T00:48:29.852090Z[0m [32m INFO[0m [2mmoq_test_client::scenarios[0m[2m:[0m Got expected 'not found' error: not found: Track not found [error:63fc00c3-2650-4939-b475-5b0c5b3959c5]
ok 3 - subscribe-error
  ---
  duration_ms: 485
  connection_id: d1a8d30265607d6d906c5875d85361b7
  ...
[2m2026-09-18T00:48:29.852950Z[0m [32m INFO[0m [2mmoq_native_ietf::quic[0m[2m:[0m UDP socket bound [3mbind[0m[2m=[0m[::]:0 [3mlocal[0m[2m=[0m[::]:57882 [3mdual_stack[0m[2m=[0mtrue
[2m2026-09-18T00:48:30.233049Z[0m [32m INFO[0m [2mmoq_native_ietf::quic[0m[2m:[0m UDP socket bound [3mbind[0m[2m=[0m[::]:0 [3mlocal[0m[2m=[0m[::]:44586 [3mdual_stack[0m[2m=[0mtrue
[2m2026-09-18T00:48:30.595954Z[0m [32m INFO[0m [2mmoq_test_client::scenarios[0m[2m:[0m Publisher sending PUBLISH_NAMESPACE: moq-test/interop
[2m2026-09-18T00:48:30.595979Z[0m [32m INFO[0m [2mmoq_test_client::scenarios[0m[2m:[0m Subscriber subscribing to track: moq-test/interop/test-track
[2m2026-09-18T00:48:30.711727Z[0m [33m WARN[0m [2mmoq_transport::serve::error[0m[2m:[0m [6116f3b9-f307-4007-8ebe-1eb36d82a561] Not found: Track /moq-test/interop/test-track does not exist at moq-transport/src/session/subscriber.rs:1653
ok 4 - publish-namespace-subscribe
  ---
  duration_ms: 859
  publisher_connection_id: 70ceec01895736671133c621d4eef708
  subscriber_connection_id: 26bb369f964852e88472057fd1b09bca
  ...
[2m2026-09-18T00:48:30.711839Z[0m [32m INFO[0m [2mmoq_test_client::scenarios[0m[2m:[0m Subscriber got error: not found: Track not found [error:6116f3b9-f307-4007-8ebe-1eb36d82a561] - subscription was processed
[2m2026-09-18T00:48:30.712862Z[0m [32m INFO[0m [2mmoq_native_ietf::quic[0m[2m:[0m UDP socket bound [3mbind[0m[2m=[0m[::]:0 [3mlocal[0m[2m=[0m[::]:41366 [3mdual_stack[0m[2m=[0mtrue
[2m2026-09-18T00:48:31.072225Z[0m [32m INFO[0m [2mmoq_test_client::scenarios[0m[2m:[0m Subscriber subscribing BEFORE PUBLISH_NAMESPACE: moq-test/interop/test-track
[2m2026-09-18T00:48:31.189510Z[0m [33m WARN[0m [2mmoq_transport::serve::error[0m[2m:[0m [11fe2677-7532-401c-97d4-4d50520c00dc] Not found: Track /moq-test/interop/test-track does not exist at moq-transport/src/session/subscriber.rs:1653
[2m2026-09-18T00:48:31.574348Z[0m [32m INFO[0m [2mmoq_native_ietf::quic[0m[2m:[0m UDP socket bound [3mbind[0m[2m=[0m[::]:0 [3mlocal[0m[2m=[0m[::]:46838 [3mdual_stack[0m[2m=[0mtrue
[2m2026-09-18T00:48:31.934157Z[0m [32m INFO[0m [2mmoq_test_client::scenarios[0m[2m:[0m Publisher sending PUBLISH_NAMESPACE (after subscriber): moq-test/interop
[2m2026-09-18T00:48:34.934792Z[0m [32m INFO[0m [2mmoq_test_client::scenarios[0m[2m:[0m Publisher PUBLISH_NAMESPACE timeout (expected)
[2m2026-09-18T00:48:34.934820Z[0m [32m INFO[0m [2mmoq_test_client::scenarios[0m[2m:[0m Subscriber got error: not found: Track not found [error:11fe2677-7532-401c-97d4-4d50520c00dc] (may be expected)
ok 5 - subscribe-before-publish-namespace
  ---
  duration_ms: 4223
  subscriber_connection_id: 4535fa004d4da30d734a0c3d46d590e7
  publisher_connection_id: b8f22732c8b6552ebdba384fef9691a6
  ...
[2m2026-09-18T00:48:34.935856Z[0m [32m INFO[0m [2mmoq_native_ietf::quic[0m[2m:[0m UDP socket bound [3mbind[0m[2m=[0m[::]:0 [3mlocal[0m[2m=[0m[::]:50189 [3mdual_stack[0m[2m=[0mtrue
[2m2026-09-18T00:48:35.300493Z[0m [32m INFO[0m [2mmoq_test_client::scenarios[0m[2m:[0m Sending PUBLISH_NAMESPACE: moq-test/interop
[2m2026-09-18T00:48:37.301284Z[0m [32m INFO[0m [2mmoq_test_client::scenarios[0m[2m:[0m PUBLISH_NAMESPACE active; sending PUBLISH_NAMESPACE_DONE
[2m2026-09-18T00:48:37.401684Z[0m [32m INFO[0m [2mmoq_test_client::scenarios[0m[2m:[0m PUBLISH_NAMESPACE_DONE sent successfully
ok 6 - publish-namespace-done
  ---
  duration_ms: 2466
  connection_id: fd68e9b4d3cc2237218e225fba3bd5be
  ...
[2m2026-09-18T00:48:37.402632Z[0m [32m INFO[0m [2mmoq_native_ietf::quic[0m[2m:[0m UDP socket bound [3mbind[0m[2m=[0m[::]:0 [3mlocal[0m[2m=[0m[::]:44862 [3mdual_stack[0m[2m=[0mtrue
[2m2026-09-18T00:48:37.787390Z[0m [32m INFO[0m [2mmoq_test_client::scenarios[0m[2m:[0m Publisher sending direct PUBLISH [3mnamespace[0m[2m=[0m/moq-test/publish [3mtrack[0m[2m=[0m"published-track"
[2m2026-09-18T00:48:37.904625Z[0m [32m INFO[0m [2mmoq_test_client::scenarios[0m[2m:[0m PUBLISH accepted [3mnamespace[0m[2m=[0m/moq-test/publish [3mtrack[0m[2m=[0m"published-track"
[2m2026-09-18T00:48:37.904759Z[0m [32m INFO[0m [2mmoq_test_client::scenarios[0m[2m:[0m PUBLISH completed [3mnamespace[0m[2m=[0m/moq-test/publish [3mtrack[0m[2m=[0m"published-track"
ok 7 - publish-track-only
  ---
  duration_ms: 503
  connection_id: 1ca37f896929b2eac944bcc23d654089
  ...
[2m2026-09-18T00:48:37.905697Z[0m [32m INFO[0m [2mmoq_native_ietf::quic[0m[2m:[0m UDP socket bound [3mbind[0m[2m=[0m[::]:0 [3mlocal[0m[2m=[0m[::]:53969 [3mdual_stack[0m[2m=[0mtrue
[2m2026-09-18T00:48:38.275699Z[0m [32m INFO[0m [2mmoq_native_ietf::quic[0m[2m:[0m UDP socket bound [3mbind[0m[2m=[0m[::]:0 [3mlocal[0m[2m=[0m[::]:41032 [3mdual_stack[0m[2m=[0mtrue
[2m2026-09-18T00:48:38.643342Z[0m [32m INFO[0m [2mmoq_test_client::scenarios[0m[2m:[0m Publisher sending direct PUBLISH before subscriber subscribes [3mnamespace[0m[2m=[0m/moq-test/publish [3mtrack[0m[2m=[0m"published-track"
[2m2026-09-18T00:48:38.760876Z[0m [32m INFO[0m [2mmoq_test_client::scenarios[0m[2m:[0m PUBLISH accepted; starting subscriber [3mnamespace[0m[2m=[0m/moq-test/publish [3mtrack[0m[2m=[0m"published-track"
[2m2026-09-18T00:48:43.980977Z[0m [33m WARN[0m [2mmoq_transport::session::subscriber[0m[2m:[0m PUBLISH_DONE Stream Count was never reached; ending subscription on timer [3mrequest_id[0m[2m=[0m0 [3mtimeout_ms[0m[2m=[0m5000
not ok 8 - publish-track-subscribe
  ---
  duration_ms: 6076
  message: "subscriber track mode failed: closed, code=2"
  ...
[2m2026-09-18T00:48:43.981962Z[0m [32m INFO[0m [2mmoq_native_ietf::quic[0m[2m:[0m UDP socket bound [3mbind[0m[2m=[0m[::]:0 [3mlocal[0m[2m=[0m[::]:56270 [3mdual_stack[0m[2m=[0mtrue
[2m2026-09-18T00:48:44.335377Z[0m [32m INFO[0m [2mmoq_test_client::scenarios[0m[2m:[0m Subscribing with RENDEZVOUS_TIMEOUT to a track with no publisher [3mtimeout_ms[0m[2m=[0m500
ok 9 - rendezvous-timeout
  ---
  duration_ms: 970
  connection_id: e3e1fec43fba5eb4b74a2496206a4642
  ...
[2m2026-09-18T00:48:44.952009Z[0m [32m INFO[0m [2mmoq_test_client::scenarios[0m[2m:[0m Received expected REQUEST_ERROR TIMEOUT
[2m2026-09-18T00:48:44.952876Z[0m [32m INFO[0m [2mmoq_native_ietf::quic[0m[2m:[0m UDP socket bound [3mbind[0m[2m=[0m[::]:0 [3mlocal[0m[2m=[0m[::]:33651 [3mdual_stack[0m[2m=[0mtrue
[2m2026-09-18T00:48:45.510310Z[0m [32m INFO[0m [2mmoq_native_ietf::quic[0m[2m:[0m UDP socket bound [3mbind[0m[2m=[0m[::]:0 [3mlocal[0m[2m=[0m[::]:32937 [3mdual_stack[0m[2m=[0mtrue
[2m2026-09-18T00:48:45.981571Z[0m [32m INFO[0m [2mmoq_test_client::moqtest[0m[2m:[0m PUBLISH accepted and subscription bound; generating objects [3mobjects[0m[2m=[0m15 [3mstreams[0m[2m=[0m3
[2m2026-09-18T00:48:46.027969Z[0m [32m INFO[0m [2mmoq_test_client::moqtest[0m[2m:[0m PUBLISH completed
ok 10 - moq-test-subgroup-per-group
  ---
  duration_ms: 1195
  subscriber_connection_id: 80c0049a90301b5fe1c86a0c03d9b010
  publisher_connection_id: ec71284088a1c53c78bc75887995796e
  ...
[2m2026-09-18T00:48:46.147347Z[0m [32m INFO[0m [2mmoq_test_client[0m[2m:[0m moq-test passed: objects 15/15, eog 0/0, streams 3, publish_done status=2 stream_count=3 reason=ReasonPhrase("publish ended")
[2m2026-09-18T00:48:46.148161Z[0m [32m INFO[0m [2mmoq_native_ietf::quic[0m[2m:[0m UDP socket bound [3mbind[0m[2m=[0m[::]:0 [3mlocal[0m[2m=[0m[::]:40815 [3mdual_stack[0m[2m=[0mtrue
[2m2026-09-18T00:48:46.713902Z[0m [32m INFO[0m [2mmoq_native_ietf::quic[0m[2m:[0m UDP socket bound [3mbind[0m[2m=[0m[::]:0 [3mlocal[0m[2m=[0m[::]:44471 [3mdual_stack[0m[2m=[0mtrue
[2m2026-09-18T00:48:47.184248Z[0m [32m INFO[0m [2mmoq_test_client::moqtest[0m[2m:[0m PUBLISH accepted and subscription bound; generating objects [3mobjects[0m[2m=[0m15 [3mstreams[0m[2m=[0m3
[2m2026-09-18T00:48:47.240736Z[0m [32m INFO[0m [2mmoq_test_client::moqtest[0m[2m:[0m PUBLISH completed
ok 11 - moq-test-subgroup-per-group-eog
  ---
  duration_ms: 1208
  subscriber_connection_id: c77aeaed87407d4b82a398b06fef8983
  publisher_connection_id: 532dce0780b5c14145f47fe3c3bd6a05
  ...
[2m2026-09-18T00:48:47.356134Z[0m [32m INFO[0m [2mmoq_test_client[0m[2m:[0m moq-test passed: objects 15/15, eog 3/3, streams 3, publish_done status=2 stream_count=3 reason=ReasonPhrase("publish ended")
[2m2026-09-18T00:48:47.357018Z[0m [32m INFO[0m [2mmoq_native_ietf::quic[0m[2m:[0m UDP socket bound [3mbind[0m[2m=[0m[::]:0 [3mlocal[0m[2m=[0m[::]:53444 [3mdual_stack[0m[2m=[0mtrue
[2m2026-09-18T00:48:47.916972Z[0m [32m INFO[0m [2mmoq_native_ietf::quic[0m[2m:[0m UDP socket bound [3mbind[0m[2m=[0m[::]:0 [3mlocal[0m[2m=[0m[::]:46212 [3mdual_stack[0m[2m=[0mtrue
[2m2026-09-18T00:48:48.389408Z[0m [32m INFO[0m [2mmoq_test_client::moqtest[0m[2m:[0m PUBLISH accepted and subscription bound; generating objects [3mobjects[0m[2m=[0m8 [3mstreams[0m[2m=[0m8
[2m2026-09-18T00:48:48.414301Z[0m [32m INFO[0m [2mmoq_test_client::moqtest[0m[2m:[0m PUBLISH completed
[2m2026-09-18T00:48:48.529340Z[0m [32m INFO[0m [2mmoq_test_client[0m[2m:[0m moq-test passed: objects 8/8, eog 0/0, streams 8, publish_done status=2 stream_count=8 reason=ReasonPhrase("publish ended")
ok 12 - moq-test-subgroup-per-object
  ---
  duration_ms: 1173
  subscriber_connection_id: c96a27504aa2c52c3329f5c271a95e3f
  publisher_connection_id: efa3563ec447e53fb6c0561b16942ec3
  ...
[2m2026-09-18T00:48:48.530373Z[0m [32m INFO[0m [2mmoq_native_ietf::quic[0m[2m:[0m UDP socket bound [3mbind[0m[2m=[0m[::]:0 [3mlocal[0m[2m=[0m[::]:56078 [3mdual_stack[0m[2m=[0mtrue
[2m2026-09-18T00:48:49.089773Z[0m [32m INFO[0m [2mmoq_native_ietf::quic[0m[2m:[0m UDP socket bound [3mbind[0m[2m=[0m[::]:0 [3mlocal[0m[2m=[0m[::]:37624 [3mdual_stack[0m[2m=[0mtrue
[2m2026-09-18T00:48:49.566490Z[0m [32m INFO[0m [2mmoq_test_client::moqtest[0m[2m:[0m PUBLISH accepted and subscription bound; generating objects [3mobjects[0m[2m=[0m18 [3mstreams[0m[2m=[0m6
[2m2026-09-18T00:48:49.633614Z[0m [32m INFO[0m [2mmoq_test_client::moqtest[0m[2m:[0m PUBLISH completed
ok 13 - moq-test-two-subgroups-eog
  ---
  duration_ms: 1221
  subscriber_connection_id: 97b312f6badcad9bc35a80f5d67a66d1
  publisher_connection_id: a3f68b84d97a6a202219f7fd220260ff
  ...
[2m2026-09-18T00:48:49.750900Z[0m [32m INFO[0m [2mmoq_test_client[0m[2m:[0m moq-test passed: objects 18/18, eog 3/3, streams 6, publish_done status=2 stream_count=6 reason=ReasonPhrase("publish ended")
[2m2026-09-18T00:48:49.751739Z[0m [32m INFO[0m [2mmoq_native_ietf::quic[0m[2m:[0m UDP socket bound [3mbind[0m[2m=[0m[::]:0 [3mlocal[0m[2m=[0m[::]:58670 [3mdual_stack[0m[2m=[0mtrue
[2m2026-09-18T00:48:50.309063Z[0m [32m INFO[0m [2mmoq_native_ietf::quic[0m[2m:[0m UDP socket bound [3mbind[0m[2m=[0m[::]:0 [3mlocal[0m[2m=[0m[::]:59630 [3mdual_stack[0m[2m=[0mtrue
[2m2026-09-18T00:48:50.787172Z[0m [32m INFO[0m [2mmoq_test_client::moqtest[0m[2m:[0m PUBLISH accepted and subscription bound; generating objects [3mobjects[0m[2m=[0m15 [3mstreams[0m[2m=[0m0
[2m2026-09-18T00:48:51.105072Z[0m [32m INFO[0m [2mmoq_test_client::moqtest[0m[2m:[0m PUBLISH completed
[2m2026-09-18T00:48:51.222244Z[0m [32m INFO[0m [2mmoq_test_client[0m[2m:[0m moq-test passed: objects 15/15, eog 0/0, streams 0, publish_done status=2 stream_count=0 reason=ReasonPhrase("publish ended")
ok 14 - moq-test-datagram
  ---
  duration_ms: 1471
  subscriber_connection_id: 80f4a666c2c53aa9086d885ad093ce32
  publisher_connection_id: 88b5e00416cec8e84705163165153a91
  ...
[2m2026-09-18T00:48:51.223177Z[0m [32m INFO[0m [2mmoq_native_ietf::quic[0m[2m:[0m UDP socket bound [3mbind[0m[2m=[0m[::]:0 [3mlocal[0m[2m=[0m[::]:43758 [3mdual_stack[0m[2m=[0mtrue
[2m2026-09-18T00:48:51.778700Z[0m [32m INFO[0m [2mmoq_native_ietf::quic[0m[2m:[0m UDP socket bound [3mbind[0m[2m=[0m[::]:0 [3mlocal[0m[2m=[0m[::]:35299 [3mdual_stack[0m[2m=[0mtrue
[2m2026-09-18T00:48:52.249617Z[0m [32m INFO[0m [2mmoq_test_client::moqtest[0m[2m:[0m PUBLISH accepted and subscription bound; generating objects [3mobjects[0m[2m=[0m15 [3mstreams[0m[2m=[0m0
[2m2026-09-18T00:48:52.630438Z[0m [32m INFO[0m [2mmoq_test_client::moqtest[0m[2m:[0m PUBLISH completed
[2m2026-09-18T00:48:52.746724Z[0m [32m INFO[0m [2mmoq_test_client[0m[2m:[0m moq-test passed: objects 15/15, eog 3/3, streams 0, publish_done status=2 stream_count=0 reason=ReasonPhrase("publish ended")
ok 15 - moq-test-datagram-eog
  ---
  duration_ms: 1524
  subscriber_connection_id: 1076149f1543a2d12b1b27f926ebb881
  publisher_connection_id: 2d11dba10645657ce04c48e7c34e9632
  ...
[2m2026-09-18T00:48:52.747603Z[0m [32m INFO[0m [2mmoq_native_ietf::quic[0m[2m:[0m UDP socket bound [3mbind[0m[2m=[0m[::]:0 [3mlocal[0m[2m=[0m[::]:45256 [3mdual_stack[0m[2m=[0mtrue
[2m2026-09-18T00:48:53.303685Z[0m [32m INFO[0m [2mmoq_native_ietf::quic[0m[2m:[0m UDP socket bound [3mbind[0m[2m=[0m[::]:0 [3mlocal[0m[2m=[0m[::]:39111 [3mdual_stack[0m[2m=[0mtrue
[2m2026-09-18T00:48:53.776829Z[0m [32m INFO[0m [2mmoq_test_client::moqtest[0m[2m:[0m PUBLISH accepted and subscription bound; generating objects [3mobjects[0m[2m=[0m15 [3mstreams[0m[2m=[0m3
[2m2026-09-18T00:48:53.832669Z[0m [32m INFO[0m [2mmoq_test_client::moqtest[0m[2m:[0m PUBLISH completed
ok 16 - moq-test-extensions
  ---
  duration_ms: 1202
  subscriber_connection_id: 8c90c80f645ff1fc3682f8c0a42f68c1
  publisher_connection_id: d55dac0d4bf751628864b0b66c89615e
  ...
[2m2026-09-18T00:48:53.948884Z[0m [32m INFO[0m [2mmoq_test_client[0m[2m:[0m moq-test passed: objects 15/15, eog 3/3, streams 3, publish_done status=2 stream_count=3 reason=ReasonPhrase("publish ended")
[2m2026-09-18T00:48:53.949823Z[0m [32m INFO[0m [2mmoq_native_ietf::quic[0m[2m:[0m UDP socket bound [3mbind[0m[2m=[0m[::]:0 [3mlocal[0m[2m=[0m[::]:49478 [3mdual_stack[0m[2m=[0mtrue
[2m2026-09-18T00:48:54.505466Z[0m [32m INFO[0m [2mmoq_native_ietf::quic[0m[2m:[0m UDP socket bound [3mbind[0m[2m=[0m[::]:0 [3mlocal[0m[2m=[0m[::]:53974 [3mdual_stack[0m[2m=[0mtrue
[2m2026-09-18T00:48:54.984237Z[0m [32m INFO[0m [2mmoq_test_client::moqtest[0m[2m:[0m PUBLISH accepted and subscription bound; generating objects [3mobjects[0m[2m=[0m9 [3mstreams[0m[2m=[0m3
[2m2026-09-18T00:48:55.012202Z[0m [32m INFO[0m [2mmoq_test_client::moqtest[0m[2m:[0m PUBLISH completed
ok 17 - moq-test-increments
  ---
  duration_ms: 1178
  subscriber_connection_id: fc5a86973a29d4702a33bd746b015916
  publisher_connection_id: 85b88fcd034409dd14c020df6f82e18d
  ...
[2m2026-09-18T00:48:55.127528Z[0m [32m INFO[0m [2mmoq_test_client[0m[2m:[0m moq-test passed: objects 9/9, eog 0/0, streams 3, publish_done status=2 stream_count=3 reason=ReasonPhrase("publish ended")
[2m2026-09-18T00:48:55.128531Z[0m [32m INFO[0m [2mmoq_native_ietf::quic[0m[2m:[0m UDP socket bound [3mbind[0m[2m=[0m[::]:0 [3mlocal[0m[2m=[0m[::]:44700 [3mdual_stack[0m[2m=[0mtrue
[2m2026-09-18T00:48:55.697568Z[0m [32m INFO[0m [2mmoq_native_ietf::quic[0m[2m:[0m UDP socket bound [3mbind[0m[2m=[0m[::]:0 [3mlocal[0m[2m=[0m[::]:42094 [3mdual_stack[0m[2m=[0mtrue
[2m2026-09-18T00:48:56.174112Z[0m [32m INFO[0m [2mmoq_test_client::moqtest[0m[2m:[0m PUBLISH accepted and subscription bound; generating objects [3mobjects[0m[2m=[0m6 [3mstreams[0m[2m=[0m2
[2m2026-09-18T00:48:56.192576Z[0m [32m INFO[0m [2mmoq_test_client::moqtest[0m[2m:[0m PUBLISH completed
[2m2026-09-18T00:49:01.310364Z[0m [33m WARN[0m [2mmoq_transport::session::subscriber[0m[2m:[0m PUBLISH_DONE Stream Count was never reached; ending subscription on timer [3mrequest_id[0m[2m=[0m0 [3mtimeout_ms[0m[2m=[0m5000
not ok 18 - moq-test-forward-zero
  ---
  duration_ms: 6183
  message: "moq-test verification failed: PUBLISH_DONE stream count 2 != expected 0"
  ...
make[1]: *** [Makefile:122: test-external] Error 1
make[1]: Leaving directory '/home/runner/work/moq-interop-runner/moq-interop-runner/main'
