make[1]: Entering directory '/home/runner/work/moq-interop-runner/moq-interop-runner/main'
Running tests against moqt://34-72-6-160.sslip.io:443...
  Client: ghcr.io/englishm/moq-interop-runner-moq-test-client-draft-14:latest
docker run --rm \
	 \
	--network host \
	-e RELAY_URL=moqt://34-72-6-160.sslip.io:443 \
	-e TLS_DISABLE_VERIFY=false \
	ghcr.io/englishm/moq-interop-runner-moq-test-client-draft-14:latest
TAP version 14
# moq-test-client v0.1.7
# Relay: moqt://34-72-6-160.sslip.io:443
1..6
[2m2026-09-18T01:46:46.024921Z[0m [32m INFO[0m [2mmoq_native_ietf::quic[0m[2m:[0m UDP socket bound [3mbind[0m[2m=[0m[::]:0 [3mlocal[0m[2m=[0m[::]:43346 [3mdual_stack[0m[2m=[0mtrue
[2m2026-09-18T01:46:46.070011Z[0m [32m INFO[0m [2mmoq_test_client::scenarios[0m[2m:[0m SETUP exchange completed successfully
ok 1 - setup-only
  ---
  duration_ms: 46
  connection_id: 9a9047c2f2798c3c7cf6506bb1e68cfc
  ...
[2m2026-09-18T01:46:46.070815Z[0m [32m INFO[0m [2mmoq_native_ietf::quic[0m[2m:[0m UDP socket bound [3mbind[0m[2m=[0m[::]:0 [3mlocal[0m[2m=[0m[::]:34444 [3mdual_stack[0m[2m=[0mtrue
[2m2026-09-18T01:46:46.253735Z[0m [32m INFO[0m [2mmoq_test_client::scenarios[0m[2m:[0m Announcing namespace: moq-test/interop
[2m2026-09-18T01:46:46.253791Z[0m [33m WARN[0m [2mmoq_transport::serve::error[0m[2m:[0m [5b9cf500-6b8d-443c-b140-8fe19e6dfbf1] Not implemented: SUBSCRIBE_NAMESPACE at moq-transport/src/session/error.rs:77
[2m2026-09-18T01:46:46.253799Z[0m [33m WARN[0m [2mmoq_transport::session::publisher[0m[2m:[0m failed to process message: serve error: not implemented: Feature not implemented [error:5b9cf500-6b8d-443c-b140-8fe19e6dfbf1]
[2m2026-09-18T01:46:46.253810Z[0m [33m WARN[0m [2mmoq_transport::serve::error[0m[2m:[0m [89fb7102-2eef-4e08-95f5-f7032e7fba2b] Not implemented: SUBSCRIBE_NAMESPACE at moq-transport/src/session/error.rs:77
[2m2026-09-18T01:46:46.253813Z[0m [33m WARN[0m [2mmoq_transport::session::publisher[0m[2m:[0m failed to process message: serve error: not implemented: Feature not implemented [error:89fb7102-2eef-4e08-95f5-f7032e7fba2b]
[2m2026-09-18T01:46:48.254468Z[0m [32m INFO[0m [2mmoq_test_client::scenarios[0m[2m:[0m Announce succeeded (no error received, waiting for subscriptions timed out)
ok 2 - announce-only
  ---
  duration_ms: 2184
  connection_id: e63d70559eda820202428a6d02adc1f8
  ...
[2m2026-09-18T01:46:48.255693Z[0m [32m INFO[0m [2mmoq_native_ietf::quic[0m[2m:[0m UDP socket bound [3mbind[0m[2m=[0m[::]:0 [3mlocal[0m[2m=[0m[::]:58824 [3mdual_stack[0m[2m=[0mtrue
[2m2026-09-18T01:46:48.287991Z[0m [32m INFO[0m [2mmoq_test_client::scenarios[0m[2m:[0m Subscribing to non-existent track: nonexistent/namespace/test-track
[2m2026-09-18T01:46:48.288025Z[0m [33m WARN[0m [2mmoq_transport::serve::error[0m[2m:[0m [a8f497c1-c8d3-4871-bd67-4fd68db02a64] Not implemented: SUBSCRIBE_NAMESPACE at moq-transport/src/session/error.rs:77
[2m2026-09-18T01:46:48.288030Z[0m [33m WARN[0m [2mmoq_transport::session::publisher[0m[2m:[0m failed to process message: serve error: not implemented: Feature not implemented [error:a8f497c1-c8d3-4871-bd67-4fd68db02a64]
[2m2026-09-18T01:46:48.288042Z[0m [33m WARN[0m [2mmoq_transport::serve::error[0m[2m:[0m [2c838bda-8710-4aea-815a-99890cebd7da] Not implemented: SUBSCRIBE_NAMESPACE at moq-transport/src/session/error.rs:77
[2m2026-09-18T01:46:48.288046Z[0m [33m WARN[0m [2mmoq_transport::session::publisher[0m[2m:[0m failed to process message: serve error: not implemented: Feature not implemented [error:2c838bda-8710-4aea-815a-99890cebd7da]
[2m2026-09-18T01:46:48.299584Z[0m [33m WARN[0m [2mmoq_test_client::scenarios[0m[2m:[0m Got error but not clearly 'not found': closed, code=404. This may indicate a different error type than expected.
ok 3 - subscribe-error
  ---
  duration_ms: 44
  connection_id: 79f538620cd52622f6e8259cd0b6b8e7
  ...
[2m2026-09-18T01:46:48.300404Z[0m [32m INFO[0m [2mmoq_native_ietf::quic[0m[2m:[0m UDP socket bound [3mbind[0m[2m=[0m[::]:0 [3mlocal[0m[2m=[0m[::]:46982 [3mdual_stack[0m[2m=[0mtrue
[2m2026-09-18T01:46:48.470495Z[0m [32m INFO[0m [2mmoq_native_ietf::quic[0m[2m:[0m UDP socket bound [3mbind[0m[2m=[0m[::]:0 [3mlocal[0m[2m=[0m[::]:50221 [3mdual_stack[0m[2m=[0mtrue
[2m2026-09-18T01:46:48.513270Z[0m [32m INFO[0m [2mmoq_test_client::scenarios[0m[2m:[0m Publisher announcing namespace: moq-test/interop
[2m2026-09-18T01:46:48.513289Z[0m [32m INFO[0m [2mmoq_test_client::scenarios[0m[2m:[0m Subscriber subscribing to track: moq-test/interop/test-track
[2m2026-09-18T01:46:48.513339Z[0m [33m WARN[0m [2mmoq_transport::serve::error[0m[2m:[0m [5778ba06-bde1-43f7-81d8-9b76455d6633] Not implemented: SUBSCRIBE_NAMESPACE at moq-transport/src/session/error.rs:77
[2m2026-09-18T01:46:48.513355Z[0m [33m WARN[0m [2mmoq_transport::session::publisher[0m[2m:[0m failed to process message: serve error: not implemented: Feature not implemented [error:5778ba06-bde1-43f7-81d8-9b76455d6633]
[2m2026-09-18T01:46:48.513365Z[0m [33m WARN[0m [2mmoq_transport::serve::error[0m[2m:[0m [ade4b7a2-1586-4233-84c3-322341ce9fe5] Not implemented: SUBSCRIBE_NAMESPACE at moq-transport/src/session/error.rs:77
[2m2026-09-18T01:46:48.513369Z[0m [33m WARN[0m [2mmoq_transport::session::publisher[0m[2m:[0m failed to process message: serve error: not implemented: Feature not implemented [error:ade4b7a2-1586-4233-84c3-322341ce9fe5]
[2m2026-09-18T01:46:48.513395Z[0m [33m WARN[0m [2mmoq_transport::serve::error[0m[2m:[0m [ae3edc2a-2282-4021-bfe1-eee975f4c140] Not implemented: SUBSCRIBE_NAMESPACE at moq-transport/src/session/error.rs:77
[2m2026-09-18T01:46:48.513407Z[0m [33m WARN[0m [2mmoq_transport::session::publisher[0m[2m:[0m failed to process message: serve error: not implemented: Feature not implemented [error:ae3edc2a-2282-4021-bfe1-eee975f4c140]
[2m2026-09-18T01:46:48.513415Z[0m [33m WARN[0m [2mmoq_transport::serve::error[0m[2m:[0m [ceab056f-fbcd-4d26-9307-e8b9b92eee3c] Not implemented: SUBSCRIBE_NAMESPACE at moq-transport/src/session/error.rs:77
[2m2026-09-18T01:46:48.513419Z[0m [33m WARN[0m [2mmoq_transport::session::publisher[0m[2m:[0m failed to process message: serve error: not implemented: Feature not implemented [error:ceab056f-fbcd-4d26-9307-e8b9b92eee3c]
[2m2026-09-18T01:46:48.671478Z[0m [32m INFO[0m [2mmoq_test_client::scenarios[0m[2m:[0m Subscriber got error: closed, code=404 - subscription was processed
ok 4 - announce-subscribe
  ---
  duration_ms: 371
  publisher_connection_id: b0d4f0c0a78c4cf16dbeac0433aad3eb
  subscriber_connection_id: 8ce1c8a140fe256242087c38d77f43e3
  ...
[2m2026-09-18T01:46:48.672450Z[0m [32m INFO[0m [2mmoq_native_ietf::quic[0m[2m:[0m UDP socket bound [3mbind[0m[2m=[0m[::]:0 [3mlocal[0m[2m=[0m[::]:59294 [3mdual_stack[0m[2m=[0mtrue
[2m2026-09-18T01:46:48.705036Z[0m [32m INFO[0m [2mmoq_test_client::scenarios[0m[2m:[0m Subscriber subscribing BEFORE announce: moq-test/interop/test-track
[2m2026-09-18T01:46:48.705113Z[0m [33m WARN[0m [2mmoq_transport::serve::error[0m[2m:[0m [cb06145d-30a2-40c7-a4fd-38269b51a4f8] Not implemented: SUBSCRIBE_NAMESPACE at moq-transport/src/session/error.rs:77
[2m2026-09-18T01:46:48.705126Z[0m [33m WARN[0m [2mmoq_transport::session::publisher[0m[2m:[0m failed to process message: serve error: not implemented: Feature not implemented [error:cb06145d-30a2-40c7-a4fd-38269b51a4f8]
[2m2026-09-18T01:46:48.705137Z[0m [33m WARN[0m [2mmoq_transport::serve::error[0m[2m:[0m [70f674c3-192d-45fc-a8c7-5b74b7f417f4] Not implemented: SUBSCRIBE_NAMESPACE at moq-transport/src/session/error.rs:77
[2m2026-09-18T01:46:48.705142Z[0m [33m WARN[0m [2mmoq_transport::session::publisher[0m[2m:[0m failed to process message: serve error: not implemented: Feature not implemented [error:70f674c3-192d-45fc-a8c7-5b74b7f417f4]
[2m2026-09-18T01:46:49.207529Z[0m [32m INFO[0m [2mmoq_native_ietf::quic[0m[2m:[0m UDP socket bound [3mbind[0m[2m=[0m[::]:0 [3mlocal[0m[2m=[0m[::]:55589 [3mdual_stack[0m[2m=[0mtrue
[2m2026-09-18T01:46:49.503223Z[0m [32m INFO[0m [2mmoq_test_client::scenarios[0m[2m:[0m Publisher announcing namespace (after subscriber): moq-test/interop
[2m2026-09-18T01:46:49.503299Z[0m [33m WARN[0m [2mmoq_transport::serve::error[0m[2m:[0m [34659a27-cbda-4e75-b75c-4f23d8ea250e] Not implemented: SUBSCRIBE_NAMESPACE at moq-transport/src/session/error.rs:77
[2m2026-09-18T01:46:49.503316Z[0m [33m WARN[0m [2mmoq_transport::session::publisher[0m[2m:[0m failed to process message: serve error: not implemented: Feature not implemented [error:34659a27-cbda-4e75-b75c-4f23d8ea250e]
[2m2026-09-18T01:46:49.503324Z[0m [33m WARN[0m [2mmoq_transport::serve::error[0m[2m:[0m [03a8f51f-ce3a-42d5-84fc-cb3abc2715de] Not implemented: SUBSCRIBE_NAMESPACE at moq-transport/src/session/error.rs:77
[2m2026-09-18T01:46:49.503328Z[0m [33m WARN[0m [2mmoq_transport::session::publisher[0m[2m:[0m failed to process message: serve error: not implemented: Feature not implemented [error:03a8f51f-ce3a-42d5-84fc-cb3abc2715de]
[2m2026-09-18T01:46:52.504099Z[0m [32m INFO[0m [2mmoq_test_client::scenarios[0m[2m:[0m Publisher announce timeout (expected)
[2m2026-09-18T01:46:53.505778Z[0m [32m INFO[0m [2mmoq_test_client::scenarios[0m[2m:[0m Subscriber still waiting (test complete)
ok 5 - subscribe-before-announce
  ---
  duration_ms: 4834
  subscriber_connection_id: c596674b49f680e7ccc3821f45993d7d
  publisher_connection_id: 1ba56b76ec248536742f66336ce1e4db
  ...
[2m2026-09-18T01:46:53.506813Z[0m [32m INFO[0m [2mmoq_native_ietf::quic[0m[2m:[0m UDP socket bound [3mbind[0m[2m=[0m[::]:0 [3mlocal[0m[2m=[0m[::]:40632 [3mdual_stack[0m[2m=[0mtrue
[2m2026-09-18T01:46:54.025430Z[0m [32m INFO[0m [2mmoq_test_client::scenarios[0m[2m:[0m Announcing namespace: moq-test/interop
[2m2026-09-18T01:46:54.025485Z[0m [33m WARN[0m [2mmoq_transport::serve::error[0m[2m:[0m [d682fe59-1917-48c0-b31b-7b6ad0f38e74] Not implemented: SUBSCRIBE_NAMESPACE at moq-transport/src/session/error.rs:77
[2m2026-09-18T01:46:54.025492Z[0m [33m WARN[0m [2mmoq_transport::session::publisher[0m[2m:[0m failed to process message: serve error: not implemented: Feature not implemented [error:d682fe59-1917-48c0-b31b-7b6ad0f38e74]
[2m2026-09-18T01:46:54.025548Z[0m [33m WARN[0m [2mmoq_transport::serve::error[0m[2m:[0m [aed2d10f-79bb-448d-8c5c-1690542d69c2] Not implemented: SUBSCRIBE_NAMESPACE at moq-transport/src/session/error.rs:77
[2m2026-09-18T01:46:54.025562Z[0m [33m WARN[0m [2mmoq_transport::session::publisher[0m[2m:[0m failed to process message: serve error: not implemented: Feature not implemented [error:aed2d10f-79bb-448d-8c5c-1690542d69c2]
[2m2026-09-18T01:46:56.026100Z[0m [32m INFO[0m [2mmoq_test_client::scenarios[0m[2m:[0m Announce active, now sending PUBLISH_NAMESPACE_DONE
[2m2026-09-18T01:46:56.127790Z[0m [32m INFO[0m [2mmoq_test_client::scenarios[0m[2m:[0m PUBLISH_NAMESPACE_DONE sent successfully
ok 6 - publish-namespace-done
  ---
  duration_ms: 2621
  connection_id: 7067fdc1054d5f9f13ae4b7167bc746f
  ...
make[1]: Leaving directory '/home/runner/work/moq-interop-runner/moq-interop-runner/main'
