make[1]: Entering directory '/home/runner/work/moq-interop-runner/moq-interop-runner/main'
Running tests against moqt://draft-18-interop.cloudflare.mediaoverquic.com:443...
  Client: ghcr.io/englishm/moq-interop-runner-moq-test-client-draft-18:latest
docker run --rm \
	 \
	--network host \
	-e RELAY_URL=moqt://draft-18-interop.cloudflare.mediaoverquic.com:443 \
	-e TLS_DISABLE_VERIFY=false \
	ghcr.io/englishm/moq-interop-runner-moq-test-client-draft-18:latest
TAP version 14
# moq-test-client v0.1.12
# Relay: moqt://draft-18-interop.cloudflare.mediaoverquic.com:443
1..18
[2m2026-09-18T00:46:36.668275Z[0m [32m INFO[0m [2mmoq_native_ietf::quic[0m[2m:[0m UDP socket bound [3mbind[0m[2m=[0m[::]:0 [3mlocal[0m[2m=[0m[::]:60304 [3mdual_stack[0m[2m=[0mtrue
[2m2026-09-18T00:46:36.880968Z[0m [32m INFO[0m [2mmoq_test_client::scenarios[0m[2m:[0m SETUP exchange completed successfully
ok 1 - setup-only
  ---
  duration_ms: 213
  connection_id: 76d69108f772f6c3b4ba46b61da2af58
  ...
[2m2026-09-18T00:46:36.881871Z[0m [32m INFO[0m [2mmoq_native_ietf::quic[0m[2m:[0m UDP socket bound [3mbind[0m[2m=[0m[::]:0 [3mlocal[0m[2m=[0m[::]:45864 [3mdual_stack[0m[2m=[0mtrue
[2m2026-09-18T00:46:37.171608Z[0m [32m INFO[0m [2mmoq_test_client::scenarios[0m[2m:[0m Sending PUBLISH_NAMESPACE for: moq-test/interop
[2m2026-09-18T00:46:39.173293Z[0m [32m INFO[0m [2mmoq_test_client::scenarios[0m[2m:[0m PUBLISH_NAMESPACE succeeded (REQUEST_OK received, waiting for subscribers)
ok 2 - publish-namespace-only
  ---
  duration_ms: 2292
  connection_id: 51fc1adbed5bda50d6d2dbe0901652e9
  ...
[2m2026-09-18T00:46:39.174219Z[0m [32m INFO[0m [2mmoq_native_ietf::quic[0m[2m:[0m UDP socket bound [3mbind[0m[2m=[0m[::]:0 [3mlocal[0m[2m=[0m[::]:45975 [3mdual_stack[0m[2m=[0mtrue
[2m2026-09-18T00:46:39.358625Z[0m [32m INFO[0m [2mmoq_test_client::scenarios[0m[2m:[0m Subscribing to non-existent track: nonexistent/namespace/test-track
[2m2026-09-18T00:46:39.412509Z[0m [33m WARN[0m [2mmoq_transport::serve::error[0m[2m:[0m [2fdb51eb-807a-4ffc-9dba-5a7081da0e93] Not found: not found: Track not found [error:7bdf89c1-664c-4e39-b8e4-e27adbc0f1d8] at moq-transport/src/session/subscriber.rs:1653
[2m2026-09-18T00:46:39.412571Z[0m [32m INFO[0m [2mmoq_test_client::scenarios[0m[2m:[0m Got expected 'not found' error: not found: Track not found [error:2fdb51eb-807a-4ffc-9dba-5a7081da0e93]
ok 3 - subscribe-error
  ---
  duration_ms: 239
  connection_id: 988fad75e8a301fc21015784aff0e02b
  ...
[2m2026-09-18T00:46:39.413710Z[0m [32m INFO[0m [2mmoq_native_ietf::quic[0m[2m:[0m UDP socket bound [3mbind[0m[2m=[0m[::]:0 [3mlocal[0m[2m=[0m[::]:55848 [3mdual_stack[0m[2m=[0mtrue
[2m2026-09-18T00:46:39.595955Z[0m [32m INFO[0m [2mmoq_native_ietf::quic[0m[2m:[0m UDP socket bound [3mbind[0m[2m=[0m[::]:0 [3mlocal[0m[2m=[0m[::]:51739 [3mdual_stack[0m[2m=[0mtrue
[2m2026-09-18T00:46:39.765681Z[0m [32m INFO[0m [2mmoq_test_client::scenarios[0m[2m:[0m Publisher sending PUBLISH_NAMESPACE: moq-test/interop
[2m2026-09-18T00:46:39.765696Z[0m [32m INFO[0m [2mmoq_test_client::scenarios[0m[2m:[0m Subscriber subscribing to track: moq-test/interop/test-track
[2m2026-09-18T00:46:42.766530Z[0m [32m INFO[0m [2mmoq_test_client::scenarios[0m[2m:[0m Test timeout reached - subscription routing may still be in progress
ok 4 - publish-namespace-subscribe
  ---
  duration_ms: 3353
  publisher_connection_id: 09ce5f5a894a1d325d09749c1cc2dfa9
  subscriber_connection_id: 56893d22b513b347869522745746584d
  ...
[2m2026-09-18T00:46:42.767670Z[0m [32m INFO[0m [2mmoq_native_ietf::quic[0m[2m:[0m UDP socket bound [3mbind[0m[2m=[0m[::]:0 [3mlocal[0m[2m=[0m[::]:52742 [3mdual_stack[0m[2m=[0mtrue
[2m2026-09-18T00:46:42.946810Z[0m [32m INFO[0m [2mmoq_test_client::scenarios[0m[2m:[0m Subscriber subscribing BEFORE PUBLISH_NAMESPACE: moq-test/interop/test-track
[2m2026-09-18T00:46:42.999406Z[0m [33m WARN[0m [2mmoq_transport::serve::error[0m[2m:[0m [e6ea64a3-2f78-4909-8487-7a20ec256984] Not found: not found: Track not found [error:607da75c-b32a-4b6c-a3ee-9a042af5514f] at moq-transport/src/session/subscriber.rs:1653
[2m2026-09-18T00:46:43.448462Z[0m [32m INFO[0m [2mmoq_native_ietf::quic[0m[2m:[0m UDP socket bound [3mbind[0m[2m=[0m[::]:0 [3mlocal[0m[2m=[0m[::]:51545 [3mdual_stack[0m[2m=[0mtrue
[2m2026-09-18T00:46:43.724432Z[0m [32m INFO[0m [2mmoq_test_client::scenarios[0m[2m:[0m Publisher sending PUBLISH_NAMESPACE (after subscriber): moq-test/interop
[2m2026-09-18T00:46:46.725949Z[0m [32m INFO[0m [2mmoq_test_client::scenarios[0m[2m:[0m Publisher PUBLISH_NAMESPACE timeout (expected)
[2m2026-09-18T00:46:46.725974Z[0m [32m INFO[0m [2mmoq_test_client::scenarios[0m[2m:[0m Subscriber got error: not found: Track not found [error:e6ea64a3-2f78-4909-8487-7a20ec256984] (may be expected)
ok 5 - subscribe-before-publish-namespace
  ---
  duration_ms: 3959
  subscriber_connection_id: ed15e35eecdaf4f6768581447cd8dc31
  publisher_connection_id: 106b489eccd5d332b36b70e8922d40df
  ...
[2m2026-09-18T00:46:46.727089Z[0m [32m INFO[0m [2mmoq_native_ietf::quic[0m[2m:[0m UDP socket bound [3mbind[0m[2m=[0m[::]:0 [3mlocal[0m[2m=[0m[::]:49210 [3mdual_stack[0m[2m=[0mtrue
[2m2026-09-18T00:46:46.896830Z[0m [32m INFO[0m [2mmoq_test_client::scenarios[0m[2m:[0m Sending PUBLISH_NAMESPACE: moq-test/interop
[2m2026-09-18T00:46:48.898161Z[0m [32m INFO[0m [2mmoq_test_client::scenarios[0m[2m:[0m PUBLISH_NAMESPACE active; sending PUBLISH_NAMESPACE_DONE
[2m2026-09-18T00:46:48.999392Z[0m [32m INFO[0m [2mmoq_test_client::scenarios[0m[2m:[0m PUBLISH_NAMESPACE_DONE sent successfully
ok 6 - publish-namespace-done
  ---
  duration_ms: 2273
  connection_id: e4f6ccc18164e3ff498267e6410e6a0a
  ...
[2m2026-09-18T00:46:49.000405Z[0m [32m INFO[0m [2mmoq_native_ietf::quic[0m[2m:[0m UDP socket bound [3mbind[0m[2m=[0m[::]:0 [3mlocal[0m[2m=[0m[::]:49827 [3mdual_stack[0m[2m=[0mtrue
[2m2026-09-18T00:46:49.177909Z[0m [32m INFO[0m [2mmoq_test_client::scenarios[0m[2m:[0m Publisher sending direct PUBLISH [3mnamespace[0m[2m=[0m/moq-test/publish [3mtrack[0m[2m=[0m"published-track"
[2m2026-09-18T00:46:49.230372Z[0m [32m INFO[0m [2mmoq_test_client::scenarios[0m[2m:[0m PUBLISH accepted [3mnamespace[0m[2m=[0m/moq-test/publish [3mtrack[0m[2m=[0m"published-track"
[2m2026-09-18T00:46:49.230477Z[0m [32m INFO[0m [2mmoq_test_client::scenarios[0m[2m:[0m PUBLISH completed [3mnamespace[0m[2m=[0m/moq-test/publish [3mtrack[0m[2m=[0m"published-track"
ok 7 - publish-track-only
  ---
  duration_ms: 231
  connection_id: 7eadffc7d019ad7447208f0f708f68a4
  ...
[2m2026-09-18T00:46:49.231388Z[0m [32m INFO[0m [2mmoq_native_ietf::quic[0m[2m:[0m UDP socket bound [3mbind[0m[2m=[0m[::]:0 [3mlocal[0m[2m=[0m[::]:32968 [3mdual_stack[0m[2m=[0mtrue
[2m2026-09-18T00:46:49.400825Z[0m [32m INFO[0m [2mmoq_native_ietf::quic[0m[2m:[0m UDP socket bound [3mbind[0m[2m=[0m[::]:0 [3mlocal[0m[2m=[0m[::]:49940 [3mdual_stack[0m[2m=[0mtrue
[2m2026-09-18T00:46:49.579949Z[0m [32m INFO[0m [2mmoq_test_client::scenarios[0m[2m:[0m Publisher sending direct PUBLISH before subscriber subscribes [3mnamespace[0m[2m=[0m/moq-test/publish [3mtrack[0m[2m=[0m"published-track"
[2m2026-09-18T00:46:49.634059Z[0m [32m INFO[0m [2mmoq_test_client::scenarios[0m[2m:[0m PUBLISH accepted; starting subscriber [3mnamespace[0m[2m=[0m/moq-test/publish [3mtrack[0m[2m=[0m"published-track"
[2m2026-09-18T00:46:49.788645Z[0m [32m INFO[0m [2mmoq_test_client::scenarios[0m[2m:[0m Subscriber received direct PUBLISH track [3mnamespace[0m[2m=[0m/moq-test/publish [3mtrack[0m[2m=[0m"published-track"
ok 8 - publish-track-subscribe
  ---
  duration_ms: 558
  publisher_connection_id: 4ebb5b679258682056af77190219d32f
  subscriber_connection_id: 6ca87862bd1a48bfeac34e1ffca6948c
  ...
[2m2026-09-18T00:46:49.789822Z[0m [32m INFO[0m [2mmoq_native_ietf::quic[0m[2m:[0m UDP socket bound [3mbind[0m[2m=[0m[::]:0 [3mlocal[0m[2m=[0m[::]:41266 [3mdual_stack[0m[2m=[0mtrue
[2m2026-09-18T00:46:49.953397Z[0m [32m INFO[0m [2mmoq_test_client::scenarios[0m[2m:[0m Subscribing with RENDEZVOUS_TIMEOUT to a track with no publisher [3mtimeout_ms[0m[2m=[0m500
[2m2026-09-18T00:46:50.509287Z[0m [32m INFO[0m [2mmoq_test_client::scenarios[0m[2m:[0m Received expected REQUEST_ERROR TIMEOUT
ok 9 - rendezvous-timeout
  ---
  duration_ms: 720
  connection_id: 671f09f013d5c86692987d95ad6ee69d
  ...
[2m2026-09-18T00:46:50.510271Z[0m [32m INFO[0m [2mmoq_native_ietf::quic[0m[2m:[0m UDP socket bound [3mbind[0m[2m=[0m[::]:0 [3mlocal[0m[2m=[0m[::]:51056 [3mdual_stack[0m[2m=[0mtrue
[2m2026-09-18T00:46:50.875217Z[0m [32m INFO[0m [2mmoq_native_ietf::quic[0m[2m:[0m UDP socket bound [3mbind[0m[2m=[0m[::]:0 [3mlocal[0m[2m=[0m[::]:48980 [3mdual_stack[0m[2m=[0mtrue
[2m2026-09-18T00:46:51.138061Z[0m [32m INFO[0m [2mmoq_test_client::moqtest[0m[2m:[0m PUBLISH accepted and subscription bound; generating objects [3mobjects[0m[2m=[0m15 [3mstreams[0m[2m=[0m3
[2m2026-09-18T00:46:51.185953Z[0m [32m INFO[0m [2mmoq_test_client::moqtest[0m[2m:[0m PUBLISH completed
[2m2026-09-18T00:46:51.237284Z[0m [32m INFO[0m [2mmoq_test_client[0m[2m:[0m moq-test passed: objects 15/15, eog 0/0, streams 3, publish_done status=2 stream_count=3 reason=ReasonPhrase("done")
ok 10 - moq-test-subgroup-per-group
  ---
  duration_ms: 727
  subscriber_connection_id: 764d4867c364ec37f27150832a85de23
  publisher_connection_id: f13ca6c631859310f865cf9e6fc41b19
  ...
[2m2026-09-18T00:46:51.238225Z[0m [32m INFO[0m [2mmoq_native_ietf::quic[0m[2m:[0m UDP socket bound [3mbind[0m[2m=[0m[::]:0 [3mlocal[0m[2m=[0m[::]:43247 [3mdual_stack[0m[2m=[0mtrue
[2m2026-09-18T00:46:51.610910Z[0m [32m INFO[0m [2mmoq_native_ietf::quic[0m[2m:[0m UDP socket bound [3mbind[0m[2m=[0m[::]:0 [3mlocal[0m[2m=[0m[::]:48340 [3mdual_stack[0m[2m=[0mtrue
[2m2026-09-18T00:46:51.880964Z[0m [32m INFO[0m [2mmoq_test_client::moqtest[0m[2m:[0m PUBLISH accepted and subscription bound; generating objects [3mobjects[0m[2m=[0m15 [3mstreams[0m[2m=[0m3
[2m2026-09-18T00:46:51.935319Z[0m [32m INFO[0m [2mmoq_test_client::moqtest[0m[2m:[0m PUBLISH completed
ok 11 - moq-test-subgroup-per-group-eog
  ---
  duration_ms: 751
  subscriber_connection_id: cecc1ee8cbd2b8fc476ef238e097acc6
  publisher_connection_id: 849689233c1624b05ff14a8e18c1273b
  ...
[2m2026-09-18T00:46:51.989036Z[0m [32m INFO[0m [2mmoq_test_client[0m[2m:[0m moq-test passed: objects 15/15, eog 3/3, streams 3, publish_done status=2 stream_count=3 reason=ReasonPhrase("done")
[2m2026-09-18T00:46:51.989852Z[0m [32m INFO[0m [2mmoq_native_ietf::quic[0m[2m:[0m UDP socket bound [3mbind[0m[2m=[0m[::]:0 [3mlocal[0m[2m=[0m[::]:56427 [3mdual_stack[0m[2m=[0mtrue
[2m2026-09-18T00:46:52.362747Z[0m [32m INFO[0m [2mmoq_native_ietf::quic[0m[2m:[0m UDP socket bound [3mbind[0m[2m=[0m[::]:0 [3mlocal[0m[2m=[0m[::]:45890 [3mdual_stack[0m[2m=[0mtrue
[2m2026-09-18T00:46:52.584959Z[0m [32m INFO[0m [2mmoq_test_client::moqtest[0m[2m:[0m PUBLISH accepted and subscription bound; generating objects [3mobjects[0m[2m=[0m8 [3mstreams[0m[2m=[0m8
[2m2026-09-18T00:46:52.609938Z[0m [32m INFO[0m [2mmoq_test_client::moqtest[0m[2m:[0m PUBLISH completed
[2m2026-09-18T00:46:52.664515Z[0m [32m INFO[0m [2mmoq_test_client[0m[2m:[0m moq-test passed: objects 8/8, eog 0/0, streams 8, publish_done status=2 stream_count=8 reason=ReasonPhrase("done")
ok 12 - moq-test-subgroup-per-object
  ---
  duration_ms: 675
  subscriber_connection_id: a2085434becb8f6fc73e244958a762b3
  publisher_connection_id: 6e0630e78b164876a6ef786c5207b900
  ...
[2m2026-09-18T00:46:52.665410Z[0m [32m INFO[0m [2mmoq_native_ietf::quic[0m[2m:[0m UDP socket bound [3mbind[0m[2m=[0m[::]:0 [3mlocal[0m[2m=[0m[::]:54095 [3mdual_stack[0m[2m=[0mtrue
[2m2026-09-18T00:46:53.028903Z[0m [32m INFO[0m [2mmoq_native_ietf::quic[0m[2m:[0m UDP socket bound [3mbind[0m[2m=[0m[::]:0 [3mlocal[0m[2m=[0m[::]:50216 [3mdual_stack[0m[2m=[0mtrue
[2m2026-09-18T00:46:53.242403Z[0m [32m INFO[0m [2mmoq_test_client::moqtest[0m[2m:[0m PUBLISH accepted and subscription bound; generating objects [3mobjects[0m[2m=[0m18 [3mstreams[0m[2m=[0m6
[2m2026-09-18T00:46:53.308481Z[0m [32m INFO[0m [2mmoq_test_client::moqtest[0m[2m:[0m PUBLISH completed
[2m2026-09-18T00:46:53.360796Z[0m [31mERROR[0m [2mmoq_transport::serve::error[0m[2m:[0m [6217ffb3-4d1c-4bf2-b916-74891d13f678] Internal error: subgroup receive failed at moq-transport/src/session/subscriber.rs:378
[2m2026-09-18T00:46:53.360823Z[0m [33m WARN[0m [2mmoq_transport::session[0m[2m:[0m failed to serve stream: webtransport error: read error: RESET_STREAM: 0
[2m2026-09-18T00:46:53.360828Z[0m [31mERROR[0m [2mmoq_transport::serve::error[0m[2m:[0m [f34042ae-7596-476f-95f6-179724d9a936] Internal error: subgroup receive failed at moq-transport/src/session/subscriber.rs:378
[2m2026-09-18T00:46:53.360837Z[0m [33m WARN[0m [2mmoq_transport::session[0m[2m:[0m failed to serve stream: webtransport error: read error: RESET_STREAM: 0
not ok 13 - moq-test-two-subgroups-eog
  ---
  duration_ms: 696
  message: "subscriber verification failed: subgroup read failed: internal error: Internal error [error:f34042ae-7596-476f-95f6-179724d9a936]"
  ...
[2m2026-09-18T00:46:53.361739Z[0m [32m INFO[0m [2mmoq_native_ietf::quic[0m[2m:[0m UDP socket bound [3mbind[0m[2m=[0m[::]:0 [3mlocal[0m[2m=[0m[::]:42441 [3mdual_stack[0m[2m=[0mtrue
[2m2026-09-18T00:46:53.728688Z[0m [32m INFO[0m [2mmoq_native_ietf::quic[0m[2m:[0m UDP socket bound [3mbind[0m[2m=[0m[::]:0 [3mlocal[0m[2m=[0m[::]:56556 [3mdual_stack[0m[2m=[0mtrue
[2m2026-09-18T00:46:53.963474Z[0m [32m INFO[0m [2mmoq_test_client::moqtest[0m[2m:[0m PUBLISH accepted and subscription bound; generating objects [3mobjects[0m[2m=[0m15 [3mstreams[0m[2m=[0m0
[2m2026-09-18T00:46:54.282978Z[0m [32m INFO[0m [2mmoq_test_client::moqtest[0m[2m:[0m PUBLISH completed
ok 14 - moq-test-datagram
  ---
  duration_ms: 974
  subscriber_connection_id: df785ecbfbd77b6cd878ecf7c25b3ebe
  publisher_connection_id: 1a2a5acbaf403fa5fff65695aac7daca
  ...
[2m2026-09-18T00:46:54.335445Z[0m [32m INFO[0m [2mmoq_test_client[0m[2m:[0m moq-test passed: objects 15/15, eog 0/0, streams 0, publish_done status=2 stream_count=0 reason=ReasonPhrase("done")
[2m2026-09-18T00:46:54.336274Z[0m [32m INFO[0m [2mmoq_native_ietf::quic[0m[2m:[0m UDP socket bound [3mbind[0m[2m=[0m[::]:0 [3mlocal[0m[2m=[0m[::]:43805 [3mdual_stack[0m[2m=[0mtrue
[2m2026-09-18T00:46:54.717228Z[0m [32m INFO[0m [2mmoq_native_ietf::quic[0m[2m:[0m UDP socket bound [3mbind[0m[2m=[0m[::]:0 [3mlocal[0m[2m=[0m[::]:48833 [3mdual_stack[0m[2m=[0mtrue
[2m2026-09-18T00:46:54.967317Z[0m [32m INFO[0m [2mmoq_test_client::moqtest[0m[2m:[0m PUBLISH accepted and subscription bound; generating objects [3mobjects[0m[2m=[0m15 [3mstreams[0m[2m=[0m0
[2m2026-09-18T00:46:55.347496Z[0m [32m INFO[0m [2mmoq_test_client::moqtest[0m[2m:[0m PUBLISH completed
[2m2026-09-18T00:46:55.401646Z[0m [32m INFO[0m [2mmoq_test_client[0m[2m:[0m moq-test passed: objects 15/15, eog 3/3, streams 0, publish_done status=2 stream_count=0 reason=ReasonPhrase("done")
ok 15 - moq-test-datagram-eog
  ---
  duration_ms: 1066
  subscriber_connection_id: 3600d94f9d577f92f2fb359a61d273fa
  publisher_connection_id: 959e8caece7dc6201521f9ba850349db
  ...
[2m2026-09-18T00:46:55.402528Z[0m [32m INFO[0m [2mmoq_native_ietf::quic[0m[2m:[0m UDP socket bound [3mbind[0m[2m=[0m[::]:0 [3mlocal[0m[2m=[0m[::]:35062 [3mdual_stack[0m[2m=[0mtrue
[2m2026-09-18T00:46:55.776906Z[0m [32m INFO[0m [2mmoq_native_ietf::quic[0m[2m:[0m UDP socket bound [3mbind[0m[2m=[0m[::]:0 [3mlocal[0m[2m=[0m[::]:56637 [3mdual_stack[0m[2m=[0mtrue
[2m2026-09-18T00:46:56.013541Z[0m [32m INFO[0m [2mmoq_test_client::moqtest[0m[2m:[0m PUBLISH accepted and subscription bound; generating objects [3mobjects[0m[2m=[0m15 [3mstreams[0m[2m=[0m3
[2m2026-09-18T00:46:56.068417Z[0m [32m INFO[0m [2mmoq_test_client::moqtest[0m[2m:[0m PUBLISH completed
[2m2026-09-18T00:46:56.123962Z[0m [31mERROR[0m [2mmoq_transport::serve::error[0m[2m:[0m [f5a2948a-df73-4931-8452-d4aeb6cbee78] Internal error: subgroup receive failed at moq-transport/src/session/subscriber.rs:378
[2m2026-09-18T00:46:56.123982Z[0m [33m WARN[0m [2mmoq_transport::session[0m[2m:[0m failed to serve stream: webtransport error: read error: RESET_STREAM: 0
not ok 16 - moq-test-extensions
  ---
  duration_ms: 722
  message: "subscriber verification failed: subgroup read failed: internal error: Internal error [error:f5a2948a-df73-4931-8452-d4aeb6cbee78]"
  ...
[2m2026-09-18T00:46:56.124981Z[0m [32m INFO[0m [2mmoq_native_ietf::quic[0m[2m:[0m UDP socket bound [3mbind[0m[2m=[0m[::]:0 [3mlocal[0m[2m=[0m[::]:39400 [3mdual_stack[0m[2m=[0mtrue
[2m2026-09-18T00:46:56.492794Z[0m [32m INFO[0m [2mmoq_native_ietf::quic[0m[2m:[0m UDP socket bound [3mbind[0m[2m=[0m[::]:0 [3mlocal[0m[2m=[0m[::]:38670 [3mdual_stack[0m[2m=[0mtrue
[2m2026-09-18T00:46:56.720106Z[0m [32m INFO[0m [2mmoq_test_client::moqtest[0m[2m:[0m PUBLISH accepted and subscription bound; generating objects [3mobjects[0m[2m=[0m9 [3mstreams[0m[2m=[0m3
[2m2026-09-18T00:46:56.747346Z[0m [32m INFO[0m [2mmoq_test_client::moqtest[0m[2m:[0m PUBLISH completed
[2m2026-09-18T00:46:56.799180Z[0m [32m INFO[0m [2mmoq_test_client[0m[2m:[0m moq-test passed: objects 9/9, eog 0/0, streams 3, publish_done status=2 stream_count=3 reason=ReasonPhrase("done")
ok 17 - moq-test-increments
  ---
  duration_ms: 675
  subscriber_connection_id: da2103518d60a15292a4100bb89b227d
  publisher_connection_id: 54791ea359f24d4ae9d63e55ac950e2b
  ...
[2m2026-09-18T00:46:56.800126Z[0m [32m INFO[0m [2mmoq_native_ietf::quic[0m[2m:[0m UDP socket bound [3mbind[0m[2m=[0m[::]:0 [3mlocal[0m[2m=[0m[::]:47451 [3mdual_stack[0m[2m=[0mtrue
[2m2026-09-18T00:46:57.168458Z[0m [32m INFO[0m [2mmoq_native_ietf::quic[0m[2m:[0m UDP socket bound [3mbind[0m[2m=[0m[::]:0 [3mlocal[0m[2m=[0m[::]:49704 [3mdual_stack[0m[2m=[0mtrue
[2m2026-09-18T00:46:57.385623Z[0m [32m INFO[0m [2mmoq_test_client::moqtest[0m[2m:[0m PUBLISH accepted and subscription bound; generating objects [3mobjects[0m[2m=[0m6 [3mstreams[0m[2m=[0m2
[2m2026-09-18T00:46:57.405061Z[0m [32m INFO[0m [2mmoq_test_client::moqtest[0m[2m:[0m PUBLISH completed
ok 18 - moq-test-forward-zero
  ---
  duration_ms: 658
  subscriber_connection_id: df167f2573fc419045b6d9e61759aa30
  publisher_connection_id: 097704be7696dc56ec885c26cd4a5759
  ...
[2m2026-09-18T00:46:57.457497Z[0m [32m INFO[0m [2mmoq_test_client[0m[2m:[0m moq-test passed: objects 0/0, eog 0/0, streams 0, publish_done status=2 stream_count=0 reason=ReasonPhrase("done")
make[1]: *** [Makefile:122: test-external] Error 1
make[1]: Leaving directory '/home/runner/work/moq-interop-runner/moq-interop-runner/main'
