make[1]: Entering directory '/home/runner/work/moq-interop-runner/moq-interop-runner/main'
Running tests against https://relay.moqtail.dev...
  Client: ghcr.io/englishm/moq-interop-runner-moq-test-client-draft-18:latest
docker run --rm \
	 \
	--network host \
	-e RELAY_URL=https://relay.moqtail.dev \
	-e TLS_DISABLE_VERIFY=false \
	ghcr.io/englishm/moq-interop-runner-moq-test-client-draft-18:latest
TAP version 14
# moq-test-client v0.1.12
# Relay: https://relay.moqtail.dev/
1..18
[2m2026-10-01T00:50:42.564503Z[0m [32m INFO[0m [2mmoq_native_ietf::quic[0m[2m:[0m UDP socket bound [3mbind[0m[2m=[0m[::]:0 [3mlocal[0m[2m=[0m[::]:53096 [3mdual_stack[0m[2m=[0mtrue
ok 1 - setup-only
  ---
  duration_ms: 137
  connection_id: be5fe38059ccee59b7be159270be9b76
  ...
[2m2026-10-01T00:50:42.700915Z[0m [32m INFO[0m [2mmoq_test_client::scenarios[0m[2m:[0m SETUP exchange completed successfully
[2m2026-10-01T00:50:42.702025Z[0m [32m INFO[0m [2mmoq_native_ietf::quic[0m[2m:[0m UDP socket bound [3mbind[0m[2m=[0m[::]:0 [3mlocal[0m[2m=[0m[::]:50741 [3mdual_stack[0m[2m=[0mtrue
[2m2026-10-01T00:50:42.719450Z[0m [33m WARN[0m [2mweb_transport_quinn::session[0m[2m:[0m failed to read capsule [3me[0m[2m=[0mUnexpectedEnd
[2m2026-10-01T00:50:42.828777Z[0m [32m INFO[0m [2mmoq_test_client::scenarios[0m[2m:[0m Sending PUBLISH_NAMESPACE for: moq-test/interop
[2m2026-10-01T00:50:44.829809Z[0m [32m INFO[0m [2mmoq_test_client::scenarios[0m[2m:[0m PUBLISH_NAMESPACE succeeded (REQUEST_OK received, waiting for subscribers)
ok 2 - publish-namespace-only
  ---
  duration_ms: 2128
  connection_id: 0d0b2f0eaced5a36574e3c3d66ccecf9
  ...
[2m2026-10-01T00:50:44.830858Z[0m [32m INFO[0m [2mmoq_native_ietf::quic[0m[2m:[0m UDP socket bound [3mbind[0m[2m=[0m[::]:0 [3mlocal[0m[2m=[0m[::]:55866 [3mdual_stack[0m[2m=[0mtrue
[2m2026-10-01T00:50:44.847256Z[0m [33m WARN[0m [2mweb_transport_quinn::session[0m[2m:[0m failed to read capsule [3me[0m[2m=[0mUnexpectedEnd
[2m2026-10-01T00:50:45.014325Z[0m [32m INFO[0m [2mmoq_test_client::scenarios[0m[2m:[0m Subscribing to non-existent track: nonexistent/namespace/test-track
[2m2026-10-01T00:50:45.036603Z[0m [33m WARN[0m [2mmoq_transport::serve::error[0m[2m:[0m [2222ef73-1bec-4c7a-9466-022804466a8b] Not found: Unknown track namespace at moq-transport/src/session/subscriber.rs:1653
[2m2026-10-01T00:50:45.036650Z[0m [32m INFO[0m [2mmoq_test_client::scenarios[0m[2m:[0m Got expected 'not found' error: not found: Track not found [error:2222ef73-1bec-4c7a-9466-022804466a8b]
ok 3 - subscribe-error
  ---
  duration_ms: 206
  connection_id: 670c23d73b13823989b69265eed9a93a
  ...
[2m2026-10-01T00:50:45.037625Z[0m [32m INFO[0m [2mmoq_native_ietf::quic[0m[2m:[0m UDP socket bound [3mbind[0m[2m=[0m[::]:0 [3mlocal[0m[2m=[0m[::]:47735 [3mdual_stack[0m[2m=[0mtrue
[2m2026-10-01T00:50:45.053571Z[0m [33m WARN[0m [2mweb_transport_quinn::session[0m[2m:[0m failed to read capsule [3me[0m[2m=[0mUnexpectedEnd
[2m2026-10-01T00:50:45.111285Z[0m [32m INFO[0m [2mmoq_native_ietf::quic[0m[2m:[0m UDP socket bound [3mbind[0m[2m=[0m[::]:0 [3mlocal[0m[2m=[0m[::]:39977 [3mdual_stack[0m[2m=[0mtrue
[2m2026-10-01T00:50:45.201039Z[0m [32m INFO[0m [2mmoq_test_client::scenarios[0m[2m:[0m Publisher sending PUBLISH_NAMESPACE: moq-test/interop
[2m2026-10-01T00:50:45.201052Z[0m [32m INFO[0m [2mmoq_test_client::scenarios[0m[2m:[0m Subscriber subscribing to track: moq-test/interop/test-track
[2m2026-10-01T00:50:48.201934Z[0m [32m INFO[0m [2mmoq_test_client::scenarios[0m[2m:[0m Test timeout reached - subscription routing may still be in progress
ok 4 - publish-namespace-subscribe
  ---
  duration_ms: 3165
  publisher_connection_id: c7fee1dfbf2cc7860e3513c901dd9678
  subscriber_connection_id: 11f5e85d60a45d9954debaeafb30fabb
  ...
[2m2026-10-01T00:50:48.203271Z[0m [32m INFO[0m [2mmoq_native_ietf::quic[0m[2m:[0m UDP socket bound [3mbind[0m[2m=[0m[::]:0 [3mlocal[0m[2m=[0m[::]:57327 [3mdual_stack[0m[2m=[0mtrue
[2m2026-10-01T00:50:48.218977Z[0m [33m WARN[0m [2mweb_transport_quinn::session[0m[2m:[0m failed to read capsule [3me[0m[2m=[0mUnexpectedEnd
[2m2026-10-01T00:50:48.223298Z[0m [33m WARN[0m [2mweb_transport_quinn::session[0m[2m:[0m failed to read capsule [3me[0m[2m=[0mUnexpectedEnd
[2m2026-10-01T00:50:48.352836Z[0m [32m INFO[0m [2mmoq_test_client::scenarios[0m[2m:[0m Subscriber subscribing BEFORE PUBLISH_NAMESPACE: moq-test/interop/test-track
[2m2026-10-01T00:50:48.854459Z[0m [32m INFO[0m [2mmoq_native_ietf::quic[0m[2m:[0m UDP socket bound [3mbind[0m[2m=[0m[::]:0 [3mlocal[0m[2m=[0m[::]:45949 [3mdual_stack[0m[2m=[0mtrue
[2m2026-10-01T00:50:48.935236Z[0m [32m INFO[0m [2mmoq_test_client::scenarios[0m[2m:[0m Publisher sending PUBLISH_NAMESPACE (after subscriber): moq-test/interop
[2m2026-10-01T00:50:51.936879Z[0m [32m INFO[0m [2mmoq_test_client::scenarios[0m[2m:[0m Publisher PUBLISH_NAMESPACE timeout (expected)
[2m2026-10-01T00:50:51.953167Z[0m [33m WARN[0m [2mweb_transport_quinn::session[0m[2m:[0m failed to read capsule [3me[0m[2m=[0mUnexpectedEnd
[2m2026-10-01T00:50:52.937703Z[0m [32m INFO[0m [2mmoq_test_client::scenarios[0m[2m:[0m Subscriber still waiting (test complete)
ok 5 - subscribe-before-publish-namespace
  ---
  duration_ms: 4735
  subscriber_connection_id: 0480b8c839b290f460703d0a0cd49d73
  publisher_connection_id: a35ff325359b40840a8f6088ee542e6f
  ...
[2m2026-10-01T00:50:52.938819Z[0m [32m INFO[0m [2mmoq_native_ietf::quic[0m[2m:[0m UDP socket bound [3mbind[0m[2m=[0m[::]:0 [3mlocal[0m[2m=[0m[::]:37232 [3mdual_stack[0m[2m=[0mtrue
[2m2026-10-01T00:50:53.122969Z[0m [32m INFO[0m [2mmoq_test_client::scenarios[0m[2m:[0m Sending PUBLISH_NAMESPACE: moq-test/interop
[2m2026-10-01T00:50:55.124139Z[0m [32m INFO[0m [2mmoq_test_client::scenarios[0m[2m:[0m PUBLISH_NAMESPACE active; sending PUBLISH_NAMESPACE_DONE
[2m2026-10-01T00:50:55.141876Z[0m [33m WARN[0m [2mweb_transport_quinn::session[0m[2m:[0m failed to read capsule [3me[0m[2m=[0mUnexpectedEnd
ok 6 - publish-namespace-done
  ---
  duration_ms: 2287
  connection_id: 0c1ff4acffab13eaa06d4af7db4c95cd
  ...
[2m2026-10-01T00:50:55.225155Z[0m [32m INFO[0m [2mmoq_test_client::scenarios[0m[2m:[0m PUBLISH_NAMESPACE_DONE sent successfully
[2m2026-10-01T00:50:55.226198Z[0m [32m INFO[0m [2mmoq_native_ietf::quic[0m[2m:[0m UDP socket bound [3mbind[0m[2m=[0m[::]:0 [3mlocal[0m[2m=[0m[::]:36342 [3mdual_stack[0m[2m=[0mtrue
[2m2026-10-01T00:50:55.332959Z[0m [32m INFO[0m [2mmoq_test_client::scenarios[0m[2m:[0m Publisher sending direct PUBLISH [3mnamespace[0m[2m=[0m/moq-test/publish [3mtrack[0m[2m=[0m"published-track"
not ok 7 - publish-track-only
  ---
  duration_ms: 10001
  message: "test timed out: deadline has elapsed"
  ...
[2m2026-10-01T00:51:05.227393Z[0m [32m INFO[0m [2mmoq_native_ietf::quic[0m[2m:[0m UDP socket bound [3mbind[0m[2m=[0m[::]:0 [3mlocal[0m[2m=[0m[::]:44958 [3mdual_stack[0m[2m=[0mtrue
[2m2026-10-01T00:51:05.247988Z[0m [33m WARN[0m [2mweb_transport_quinn::session[0m[2m:[0m failed to read capsule [3me[0m[2m=[0mUnexpectedEnd
[2m2026-10-01T00:51:05.319021Z[0m [32m INFO[0m [2mmoq_native_ietf::quic[0m[2m:[0m UDP socket bound [3mbind[0m[2m=[0m[::]:0 [3mlocal[0m[2m=[0m[::]:39909 [3mdual_stack[0m[2m=[0mtrue
[2m2026-10-01T00:51:05.420293Z[0m [32m INFO[0m [2mmoq_test_client::scenarios[0m[2m:[0m Publisher sending direct PUBLISH before subscriber subscribes [3mnamespace[0m[2m=[0m/moq-test/publish [3mtrack[0m[2m=[0m"published-track"
not ok 8 - publish-track-subscribe
  ---
  duration_ms: 10001
  message: "test timed out: deadline has elapsed"
  ...
[2m2026-10-01T00:51:15.228822Z[0m [32m INFO[0m [2mmoq_native_ietf::quic[0m[2m:[0m UDP socket bound [3mbind[0m[2m=[0m[::]:0 [3mlocal[0m[2m=[0m[::]:34724 [3mdual_stack[0m[2m=[0mtrue
[2m2026-10-01T00:51:15.245054Z[0m [33m WARN[0m [2mweb_transport_quinn::session[0m[2m:[0m failed to read capsule [3me[0m[2m=[0mUnexpectedEnd
[2m2026-10-01T00:51:15.249717Z[0m [33m WARN[0m [2mweb_transport_quinn::session[0m[2m:[0m failed to read capsule [3me[0m[2m=[0mUnexpectedEnd
[2m2026-10-01T00:51:15.406485Z[0m [32m INFO[0m [2mmoq_test_client::scenarios[0m[2m:[0m Subscribing with RENDEZVOUS_TIMEOUT to a track with no publisher [3mtimeout_ms[0m[2m=[0m500
[2m2026-10-01T00:51:15.425675Z[0m [33m WARN[0m [2mmoq_transport::serve::error[0m[2m:[0m [3a30fa99-42f3-48a2-8169-48212c50d552] Not found: Unknown track namespace at moq-transport/src/session/subscriber.rs:1653
not ok 9 - rendezvous-timeout
  ---
  duration_ms: 197
  message: "expected REQUEST_ERROR TIMEOUT, got: not found: Track not found [error:3a30fa99-42f3-48a2-8169-48212c50d552]"
  ...
[2m2026-10-01T00:51:15.426783Z[0m [32m INFO[0m [2mmoq_native_ietf::quic[0m[2m:[0m UDP socket bound [3mbind[0m[2m=[0m[::]:0 [3mlocal[0m[2m=[0m[::]:51716 [3mdual_stack[0m[2m=[0mtrue
[2m2026-10-01T00:51:15.442375Z[0m [33m WARN[0m [2mweb_transport_quinn::session[0m[2m:[0m failed to read capsule [3me[0m[2m=[0mUnexpectedEnd
[2m2026-10-01T00:51:15.635722Z[0m [33m WARN[0m [2mmoq_transport::serve::error[0m[2m:[0m [f6ea45c5-3aa1-446f-adbf-7c5455ed5218] Not found: Unknown track namespace at moq-transport/src/session/subscriber.rs:1653
[2m2026-10-01T00:51:15.656786Z[0m [33m WARN[0m [2mweb_transport_quinn::session[0m[2m:[0m failed to read capsule [3me[0m[2m=[0mUnexpectedEnd
[2m2026-10-01T00:51:15.813650Z[0m [32m INFO[0m [2mmoq_native_ietf::quic[0m[2m:[0m UDP socket bound [3mbind[0m[2m=[0m[::]:0 [3mlocal[0m[2m=[0m[::]:59145 [3mdual_stack[0m[2m=[0mtrue
not ok 10 - moq-test-subgroup-per-group
  ---
  duration_ms: 10000
  message: "test timed out: deadline has elapsed"
  ...
[2m2026-10-01T00:51:25.427492Z[0m [32m INFO[0m [2mmoq_native_ietf::quic[0m[2m:[0m UDP socket bound [3mbind[0m[2m=[0m[::]:0 [3mlocal[0m[2m=[0m[::]:60639 [3mdual_stack[0m[2m=[0mtrue
[2m2026-10-01T00:51:25.448409Z[0m [33m WARN[0m [2mweb_transport_quinn::session[0m[2m:[0m failed to read capsule [3me[0m[2m=[0mUnexpectedEnd
[2m2026-10-01T00:51:25.626997Z[0m [33m WARN[0m [2mmoq_transport::serve::error[0m[2m:[0m [80e1d215-bb5f-44f8-b2d8-c240b748e9ef] Not found: Unknown track namespace at moq-transport/src/session/subscriber.rs:1653
[2m2026-10-01T00:51:25.645988Z[0m [33m WARN[0m [2mweb_transport_quinn::session[0m[2m:[0m failed to read capsule [3me[0m[2m=[0mUnexpectedEnd
[2m2026-10-01T00:51:25.807352Z[0m [32m INFO[0m [2mmoq_native_ietf::quic[0m[2m:[0m UDP socket bound [3mbind[0m[2m=[0m[::]:0 [3mlocal[0m[2m=[0m[::]:60210 [3mdual_stack[0m[2m=[0mtrue
not ok 11 - moq-test-subgroup-per-group-eog
  ---
  duration_ms: 10001
  message: "test timed out: deadline has elapsed"
  ...
[2m2026-10-01T00:51:35.429263Z[0m [32m INFO[0m [2mmoq_native_ietf::quic[0m[2m:[0m UDP socket bound [3mbind[0m[2m=[0m[::]:0 [3mlocal[0m[2m=[0m[::]:42276 [3mdual_stack[0m[2m=[0mtrue
[2m2026-10-01T00:51:35.445989Z[0m [33m WARN[0m [2mweb_transport_quinn::session[0m[2m:[0m failed to read capsule [3me[0m[2m=[0mUnexpectedEnd
[2m2026-10-01T00:51:35.537393Z[0m [33m WARN[0m [2mmoq_transport::serve::error[0m[2m:[0m [adf87d2f-168d-4ca4-95e4-9d3f505474a3] Not found: Unknown track namespace at moq-transport/src/session/subscriber.rs:1653
[2m2026-10-01T00:51:35.553642Z[0m [33m WARN[0m [2mweb_transport_quinn::session[0m[2m:[0m failed to read capsule [3me[0m[2m=[0mUnexpectedEnd
[2m2026-10-01T00:51:35.719291Z[0m [32m INFO[0m [2mmoq_native_ietf::quic[0m[2m:[0m UDP socket bound [3mbind[0m[2m=[0m[::]:0 [3mlocal[0m[2m=[0m[::]:43839 [3mdual_stack[0m[2m=[0mtrue
not ok 12 - moq-test-subgroup-per-object
  ---
  duration_ms: 10002
  message: "test timed out: deadline has elapsed"
  ...
[2m2026-10-01T00:51:45.431501Z[0m [32m INFO[0m [2mmoq_native_ietf::quic[0m[2m:[0m UDP socket bound [3mbind[0m[2m=[0m[::]:0 [3mlocal[0m[2m=[0m[::]:44194 [3mdual_stack[0m[2m=[0mtrue
[2m2026-10-01T00:51:45.446757Z[0m [33m WARN[0m [2mweb_transport_quinn::session[0m[2m:[0m failed to read capsule [3me[0m[2m=[0mUnexpectedEnd
[2m2026-10-01T00:51:45.586316Z[0m [33m WARN[0m [2mmoq_transport::serve::error[0m[2m:[0m [7a7853b8-0579-45d7-bea1-c7a3da1f6311] Not found: Unknown track namespace at moq-transport/src/session/subscriber.rs:1653
[2m2026-10-01T00:51:45.608166Z[0m [33m WARN[0m [2mweb_transport_quinn::session[0m[2m:[0m failed to read capsule [3me[0m[2m=[0mUnexpectedEnd
[2m2026-10-01T00:51:45.764669Z[0m [32m INFO[0m [2mmoq_native_ietf::quic[0m[2m:[0m UDP socket bound [3mbind[0m[2m=[0m[::]:0 [3mlocal[0m[2m=[0m[::]:58842 [3mdual_stack[0m[2m=[0mtrue
not ok 13 - moq-test-two-subgroups-eog
  ---
  duration_ms: 10001
  message: "test timed out: deadline has elapsed"
  ...
[2m2026-10-01T00:51:55.432839Z[0m [32m INFO[0m [2mmoq_native_ietf::quic[0m[2m:[0m UDP socket bound [3mbind[0m[2m=[0m[::]:0 [3mlocal[0m[2m=[0m[::]:41351 [3mdual_stack[0m[2m=[0mtrue
[2m2026-10-01T00:51:55.453441Z[0m [33m WARN[0m [2mweb_transport_quinn::session[0m[2m:[0m failed to read capsule [3me[0m[2m=[0mUnexpectedEnd
[2m2026-10-01T00:51:55.654449Z[0m [33m WARN[0m [2mmoq_transport::serve::error[0m[2m:[0m [81d22712-3f15-4651-b42e-27b39a575f61] Not found: Unknown track namespace at moq-transport/src/session/subscriber.rs:1653
[2m2026-10-01T00:51:55.675606Z[0m [33m WARN[0m [2mweb_transport_quinn::session[0m[2m:[0m failed to read capsule [3me[0m[2m=[0mUnexpectedEnd
[2m2026-10-01T00:51:55.831817Z[0m [32m INFO[0m [2mmoq_native_ietf::quic[0m[2m:[0m UDP socket bound [3mbind[0m[2m=[0m[::]:0 [3mlocal[0m[2m=[0m[::]:44604 [3mdual_stack[0m[2m=[0mtrue
not ok 14 - moq-test-datagram
  ---
  duration_ms: 10001
  message: "test timed out: deadline has elapsed"
  ...
[2m2026-10-01T00:52:05.434116Z[0m [32m INFO[0m [2mmoq_native_ietf::quic[0m[2m:[0m UDP socket bound [3mbind[0m[2m=[0m[::]:0 [3mlocal[0m[2m=[0m[::]:47744 [3mdual_stack[0m[2m=[0mtrue
[2m2026-10-01T00:52:05.449641Z[0m [33m WARN[0m [2mweb_transport_quinn::session[0m[2m:[0m failed to read capsule [3me[0m[2m=[0mUnexpectedEnd
[2m2026-10-01T00:52:05.546693Z[0m [33m WARN[0m [2mmoq_transport::serve::error[0m[2m:[0m [41275c19-f44f-4d25-bbe6-3feebe216266] Not found: Unknown track namespace at moq-transport/src/session/subscriber.rs:1653
[2m2026-10-01T00:52:05.564792Z[0m [33m WARN[0m [2mweb_transport_quinn::session[0m[2m:[0m failed to read capsule [3me[0m[2m=[0mUnexpectedEnd
[2m2026-10-01T00:52:05.728138Z[0m [32m INFO[0m [2mmoq_native_ietf::quic[0m[2m:[0m UDP socket bound [3mbind[0m[2m=[0m[::]:0 [3mlocal[0m[2m=[0m[::]:44780 [3mdual_stack[0m[2m=[0mtrue
not ok 15 - moq-test-datagram-eog
  ---
  duration_ms: 10000
  message: "test timed out: deadline has elapsed"
  ...
[2m2026-10-01T00:52:15.434965Z[0m [32m INFO[0m [2mmoq_native_ietf::quic[0m[2m:[0m UDP socket bound [3mbind[0m[2m=[0m[::]:0 [3mlocal[0m[2m=[0m[::]:51486 [3mdual_stack[0m[2m=[0mtrue
[2m2026-10-01T00:52:15.450918Z[0m [33m WARN[0m [2mweb_transport_quinn::session[0m[2m:[0m failed to read capsule [3me[0m[2m=[0mUnexpectedEnd
[2m2026-10-01T00:52:15.568491Z[0m [33m WARN[0m [2mmoq_transport::serve::error[0m[2m:[0m [79fc71b3-4283-4cd3-805b-4f3e82cca715] Not found: Unknown track namespace at moq-transport/src/session/subscriber.rs:1653
[2m2026-10-01T00:52:15.586295Z[0m [33m WARN[0m [2mweb_transport_quinn::session[0m[2m:[0m failed to read capsule [3me[0m[2m=[0mUnexpectedEnd
[2m2026-10-01T00:52:15.748156Z[0m [32m INFO[0m [2mmoq_native_ietf::quic[0m[2m:[0m UDP socket bound [3mbind[0m[2m=[0m[::]:0 [3mlocal[0m[2m=[0m[::]:60100 [3mdual_stack[0m[2m=[0mtrue
not ok 16 - moq-test-extensions
  ---
  duration_ms: 10000
  message: "test timed out: deadline has elapsed"
  ...
[2m2026-10-01T00:52:25.435888Z[0m [32m INFO[0m [2mmoq_native_ietf::quic[0m[2m:[0m UDP socket bound [3mbind[0m[2m=[0m[::]:0 [3mlocal[0m[2m=[0m[::]:54920 [3mdual_stack[0m[2m=[0mtrue
[2m2026-10-01T00:52:25.451762Z[0m [33m WARN[0m [2mweb_transport_quinn::session[0m[2m:[0m failed to read capsule [3me[0m[2m=[0mUnexpectedEnd
[2m2026-10-01T00:52:25.583845Z[0m [33m WARN[0m [2mmoq_transport::serve::error[0m[2m:[0m [bf2d4fc3-3446-4bff-86a7-e45d8c025a3d] Not found: Unknown track namespace at moq-transport/src/session/subscriber.rs:1653
[2m2026-10-01T00:52:25.601402Z[0m [33m WARN[0m [2mweb_transport_quinn::session[0m[2m:[0m failed to read capsule [3me[0m[2m=[0mUnexpectedEnd
[2m2026-10-01T00:52:25.765962Z[0m [32m INFO[0m [2mmoq_native_ietf::quic[0m[2m:[0m UDP socket bound [3mbind[0m[2m=[0m[::]:0 [3mlocal[0m[2m=[0m[::]:58556 [3mdual_stack[0m[2m=[0mtrue
not ok 17 - moq-test-increments
  ---
  duration_ms: 10001
  message: "test timed out: deadline has elapsed"
  ...
[2m2026-10-01T00:52:35.437169Z[0m [32m INFO[0m [2mmoq_native_ietf::quic[0m[2m:[0m UDP socket bound [3mbind[0m[2m=[0m[::]:0 [3mlocal[0m[2m=[0m[::]:46168 [3mdual_stack[0m[2m=[0mtrue
[2m2026-10-01T00:52:35.456472Z[0m [33m WARN[0m [2mweb_transport_quinn::session[0m[2m:[0m failed to read capsule [3me[0m[2m=[0mUnexpectedEnd
[2m2026-10-01T00:52:35.571294Z[0m [33m WARN[0m [2mmoq_transport::serve::error[0m[2m:[0m [c7c81281-5bf1-4a6c-846d-8cf8d34a5f40] Not found: Unknown track namespace at moq-transport/src/session/subscriber.rs:1653
[2m2026-10-01T00:52:35.592656Z[0m [33m WARN[0m [2mweb_transport_quinn::session[0m[2m:[0m failed to read capsule [3me[0m[2m=[0mUnexpectedEnd
[2m2026-10-01T00:52:35.746145Z[0m [32m INFO[0m [2mmoq_native_ietf::quic[0m[2m:[0m UDP socket bound [3mbind[0m[2m=[0m[::]:0 [3mlocal[0m[2m=[0m[::]:41175 [3mdual_stack[0m[2m=[0mtrue
not ok 18 - moq-test-forward-zero
  ---
  duration_ms: 10001
  message: "test timed out: deadline has elapsed"
  ...
make[1]: *** [Makefile:122: test-external] Error 1
