make[1]: Entering directory '/home/runner/work/moq-interop-runner/moq-interop-runner/main'
Running tests against moqt://34-72-6-160.sslip.io:443...
  Client: ghcr.io/englishm/moq-interop-runner-moq-test-client-draft-18:latest
docker run --rm \
	 \
	--network host \
	-e RELAY_URL=moqt://34-72-6-160.sslip.io:443 \
	-e TLS_DISABLE_VERIFY=false \
	ghcr.io/englishm/moq-interop-runner-moq-test-client-draft-18:latest
TAP version 14
# moq-test-client v0.1.12
# Relay: moqt://34-72-6-160.sslip.io:443
1..18
[2m2026-10-01T00:56:31.243040Z[0m [32m INFO[0m [2mmoq_native_ietf::quic[0m[2m:[0m UDP socket bound [3mbind[0m[2m=[0m[::]:0 [3mlocal[0m[2m=[0m[::]:47785 [3mdual_stack[0m[2m=[0mtrue
[2m2026-10-01T00:56:31.411332Z[0m [32m INFO[0m [2mmoq_test_client::scenarios[0m[2m:[0m SETUP exchange completed successfully
ok 1 - setup-only
  ---
  duration_ms: 169
  connection_id: 033ddc70a34b0d57194487ac5f8247b4
  ...
[2m2026-10-01T00:56:31.412384Z[0m [32m INFO[0m [2mmoq_native_ietf::quic[0m[2m:[0m UDP socket bound [3mbind[0m[2m=[0m[::]:0 [3mlocal[0m[2m=[0m[::]:45263 [3mdual_stack[0m[2m=[0mtrue
[2m2026-10-01T00:56:31.545209Z[0m [32m INFO[0m [2mmoq_test_client::scenarios[0m[2m:[0m Sending PUBLISH_NAMESPACE for: moq-test/interop
[2m2026-10-01T00:56:33.547109Z[0m [32m INFO[0m [2mmoq_test_client::scenarios[0m[2m:[0m PUBLISH_NAMESPACE succeeded (REQUEST_OK received, waiting for subscribers)
ok 2 - publish-namespace-only
  ---
  duration_ms: 2135
  connection_id: 3aab6262fe3d0b0c7c760c29e86fe140
  ...
[2m2026-10-01T00:56:33.548063Z[0m [32m INFO[0m [2mmoq_native_ietf::quic[0m[2m:[0m UDP socket bound [3mbind[0m[2m=[0m[::]:0 [3mlocal[0m[2m=[0m[::]:36081 [3mdual_stack[0m[2m=[0mtrue
[2m2026-10-01T00:56:33.713671Z[0m [32m INFO[0m [2mmoq_test_client::scenarios[0m[2m:[0m Subscribing to non-existent track: nonexistent/namespace/test-track
[2m2026-10-01T00:56:33.739590Z[0m [33m WARN[0m [2mmoq_transport::serve::error[0m[2m:[0m [28e49d55-3463-4bf0-bea5-14e65e9f61c0] Not found: unroutable at moq-transport/src/session/subscriber.rs:1653
[2m2026-10-01T00:56:33.739729Z[0m [32m INFO[0m [2mmoq_test_client::scenarios[0m[2m:[0m Got expected 'not found' error: not found: Track not found [error:28e49d55-3463-4bf0-bea5-14e65e9f61c0]
ok 3 - subscribe-error
[2m2026-10-01T00:56:33.740758Z[0m [32m INFO[0m [2mmoq_native_ietf::quic[0m[2m:[0m UDP socket bound [3mbind[0m[2m=[0m[::]:0 [3mlocal[0m[2m=[0m[::]:51256 [3mdual_stack[0m[2m=[0mtrue
  ---
  duration_ms: 192
  connection_id: 284c07aace371481f25297863cc6b490
  ...
[2m2026-10-01T00:56:33.804544Z[0m [32m INFO[0m [2mmoq_native_ietf::quic[0m[2m:[0m UDP socket bound [3mbind[0m[2m=[0m[::]:0 [3mlocal[0m[2m=[0m[::]:34141 [3mdual_stack[0m[2m=[0mtrue
[2m2026-10-01T00:56:33.863943Z[0m [32m INFO[0m [2mmoq_test_client::scenarios[0m[2m:[0m Publisher sending PUBLISH_NAMESPACE: moq-test/interop
[2m2026-10-01T00:56:33.863960Z[0m [32m INFO[0m [2mmoq_test_client::scenarios[0m[2m:[0m Subscriber subscribing to track: moq-test/interop/test-track
[2m2026-10-01T00:56:33.889787Z[0m [33m WARN[0m [2mmoq_transport::serve::error[0m[2m:[0m [431eee39-e3b3-4827-99da-4169be71642c] Not found: unroutable at moq-transport/src/session/subscriber.rs:1653
[2m2026-10-01T00:56:33.889883Z[0m [32m INFO[0m [2mmoq_test_client::scenarios[0m[2m:[0m Subscriber got error: not found: Track not found [error:431eee39-e3b3-4827-99da-4169be71642c] - subscription was processed
ok 4 - publish-namespace-subscribe
  ---
  duration_ms: 150
  publisher_connection_id: e8f941722fbd166efb8361a8c85cc562
  subscriber_connection_id: ac5c7bb86078b86fcfad122766f3175a
  ...
[2m2026-10-01T00:56:33.891033Z[0m [32m INFO[0m [2mmoq_native_ietf::quic[0m[2m:[0m UDP socket bound [3mbind[0m[2m=[0m[::]:0 [3mlocal[0m[2m=[0m[::]:36213 [3mdual_stack[0m[2m=[0mtrue
[2m2026-10-01T00:56:33.961389Z[0m [32m INFO[0m [2mmoq_test_client::scenarios[0m[2m:[0m Subscriber subscribing BEFORE PUBLISH_NAMESPACE: moq-test/interop/test-track
[2m2026-10-01T00:56:33.993261Z[0m [33m WARN[0m [2mmoq_transport::serve::error[0m[2m:[0m [11c7555d-9eba-43d9-a96c-f78abb25c660] Not found: unroutable at moq-transport/src/session/subscriber.rs:1653
[2m2026-10-01T00:56:34.463219Z[0m [32m INFO[0m [2mmoq_native_ietf::quic[0m[2m:[0m UDP socket bound [3mbind[0m[2m=[0m[::]:0 [3mlocal[0m[2m=[0m[::]:35041 [3mdual_stack[0m[2m=[0mtrue
[2m2026-10-01T00:56:34.632897Z[0m [32m INFO[0m [2mmoq_test_client::scenarios[0m[2m:[0m Publisher sending PUBLISH_NAMESPACE (after subscriber): moq-test/interop
[2m2026-10-01T00:56:37.634864Z[0m [32m INFO[0m [2mmoq_test_client::scenarios[0m[2m:[0m Publisher PUBLISH_NAMESPACE timeout (expected)
[2m2026-10-01T00:56:37.634889Z[0m [32m INFO[0m [2mmoq_test_client::scenarios[0m[2m:[0m Subscriber got error: not found: Track not found [error:11c7555d-9eba-43d9-a96c-f78abb25c660] (may be expected)
ok 5 - subscribe-before-publish-namespace
  ---
  duration_ms: 3744
  subscriber_connection_id: cd7dd788ab3447969dd0c12201bd0efc
  publisher_connection_id: 63f1c2e1fc591c0f2695b4a5855de60a
  ...
[2m2026-10-01T00:56:37.635758Z[0m [32m INFO[0m [2mmoq_native_ietf::quic[0m[2m:[0m UDP socket bound [3mbind[0m[2m=[0m[::]:0 [3mlocal[0m[2m=[0m[::]:55393 [3mdual_stack[0m[2m=[0mtrue
[2m2026-10-01T00:56:37.704246Z[0m [32m INFO[0m [2mmoq_test_client::scenarios[0m[2m:[0m Sending PUBLISH_NAMESPACE: moq-test/interop
[2m2026-10-01T00:56:39.705344Z[0m [32m INFO[0m [2mmoq_test_client::scenarios[0m[2m:[0m PUBLISH_NAMESPACE active; sending PUBLISH_NAMESPACE_DONE
ok 6 - publish-namespace-done
  ---
  duration_ms: 2171
  connection_id: 4fb905424e0c4b4a907e7257f3792a2a
  ...
[2m2026-10-01T00:56:39.805980Z[0m [32m INFO[0m [2mmoq_test_client::scenarios[0m[2m:[0m PUBLISH_NAMESPACE_DONE sent successfully
[2m2026-10-01T00:56:39.807214Z[0m [32m INFO[0m [2mmoq_native_ietf::quic[0m[2m:[0m UDP socket bound [3mbind[0m[2m=[0m[::]:0 [3mlocal[0m[2m=[0m[::]:49871 [3mdual_stack[0m[2m=[0mtrue
[2m2026-10-01T00:56:39.867285Z[0m [32m INFO[0m [2mmoq_test_client::scenarios[0m[2m:[0m Publisher sending direct PUBLISH [3mnamespace[0m[2m=[0m/moq-test/publish [3mtrack[0m[2m=[0m"published-track"
[2m2026-10-01T00:56:39.894228Z[0m [33m WARN[0m [2mmoq_transport::session::reader[0m[2m:[0m [READER] decode: stream ended while waiting for data (have=0 bytes, need=1)
not ok 7 - publish-track-only
  ---
  duration_ms: 88
  message: "PUBLISH was rejected: closed, code=3"
  ...
[2m2026-10-01T00:56:39.895225Z[0m [32m INFO[0m [2mmoq_native_ietf::quic[0m[2m:[0m UDP socket bound [3mbind[0m[2m=[0m[::]:0 [3mlocal[0m[2m=[0m[::]:53478 [3mdual_stack[0m[2m=[0mtrue
[2m2026-10-01T00:56:39.955873Z[0m [32m INFO[0m [2mmoq_native_ietf::quic[0m[2m:[0m UDP socket bound [3mbind[0m[2m=[0m[::]:0 [3mlocal[0m[2m=[0m[::]:40580 [3mdual_stack[0m[2m=[0mtrue
[2m2026-10-01T00:56:40.027006Z[0m [32m INFO[0m [2mmoq_test_client::scenarios[0m[2m:[0m Publisher sending direct PUBLISH before subscriber subscribes [3mnamespace[0m[2m=[0m/moq-test/publish [3mtrack[0m[2m=[0m"published-track"
[2m2026-10-01T00:56:40.054309Z[0m [33m WARN[0m [2mmoq_transport::session::reader[0m[2m:[0m [READER] decode: stream ended while waiting for data (have=0 bytes, need=1)
not ok 8 - publish-track-subscribe
  ---
  duration_ms: 160
  message: "PUBLISH was rejected: closed, code=3"
  ...
[2m2026-10-01T00:56:40.055373Z[0m [32m INFO[0m [2mmoq_native_ietf::quic[0m[2m:[0m UDP socket bound [3mbind[0m[2m=[0m[::]:0 [3mlocal[0m[2m=[0m[::]:58896 [3mdual_stack[0m[2m=[0mtrue
[2m2026-10-01T00:56:40.220207Z[0m [32m INFO[0m [2mmoq_test_client::scenarios[0m[2m:[0m Subscribing with RENDEZVOUS_TIMEOUT to a track with no publisher [3mtimeout_ms[0m[2m=[0m500
[2m2026-10-01T00:56:40.247457Z[0m [33m WARN[0m [2mmoq_transport::serve::error[0m[2m:[0m [889192b8-340b-4ccc-9915-160f06c47e45] Not found: unroutable at moq-transport/src/session/subscriber.rs:1653
not ok 9 - rendezvous-timeout
  ---
  duration_ms: 193
  message: "expected REQUEST_ERROR TIMEOUT, got: not found: Track not found [error:889192b8-340b-4ccc-9915-160f06c47e45]"
  ...
[2m2026-10-01T00:56:40.248486Z[0m [32m INFO[0m [2mmoq_native_ietf::quic[0m[2m:[0m UDP socket bound [3mbind[0m[2m=[0m[::]:0 [3mlocal[0m[2m=[0m[::]:50322 [3mdual_stack[0m[2m=[0mtrue
[2m2026-10-01T00:56:40.337985Z[0m [33m WARN[0m [2mmoq_transport::serve::error[0m[2m:[0m [1f3cc447-3fc5-4494-8d33-505448769e1c] Not found: unroutable at moq-transport/src/session/subscriber.rs:1653
[2m2026-10-01T00:56:40.512073Z[0m [32m INFO[0m [2mmoq_native_ietf::quic[0m[2m:[0m UDP socket bound [3mbind[0m[2m=[0m[::]:0 [3mlocal[0m[2m=[0m[::]:36492 [3mdual_stack[0m[2m=[0mtrue
[2m2026-10-01T00:56:40.708548Z[0m [33m WARN[0m [2mmoq_transport::session::reader[0m[2m:[0m [READER] decode: stream ended while waiting for data (have=0 bytes, need=1)
not ok 10 - moq-test-subgroup-per-group
  ---
  duration_ms: 461
  message: "PUBLISH was rejected: closed, code=3"
  ...
[2m2026-10-01T00:56:40.709723Z[0m [32m INFO[0m [2mmoq_native_ietf::quic[0m[2m:[0m UDP socket bound [3mbind[0m[2m=[0m[::]:0 [3mlocal[0m[2m=[0m[::]:50432 [3mdual_stack[0m[2m=[0mtrue
[2m2026-10-01T00:56:40.800769Z[0m [33m WARN[0m [2mmoq_transport::serve::error[0m[2m:[0m [b9b0e2a2-1196-4abb-9b3a-e53215d77faa] Not found: unroutable at moq-transport/src/session/subscriber.rs:1653
[2m2026-10-01T00:56:40.974540Z[0m [32m INFO[0m [2mmoq_native_ietf::quic[0m[2m:[0m UDP socket bound [3mbind[0m[2m=[0m[::]:0 [3mlocal[0m[2m=[0m[::]:59255 [3mdual_stack[0m[2m=[0mtrue
[2m2026-10-01T00:56:41.072913Z[0m [33m WARN[0m [2mmoq_transport::session::reader[0m[2m:[0m [READER] decode: stream ended while waiting for data (have=0 bytes, need=1)
not ok 11 - moq-test-subgroup-per-group-eog
  ---
  duration_ms: 364
  message: "PUBLISH was rejected: closed, code=3"
  ...
[2m2026-10-01T00:56:41.073931Z[0m [32m INFO[0m [2mmoq_native_ietf::quic[0m[2m:[0m UDP socket bound [3mbind[0m[2m=[0m[::]:0 [3mlocal[0m[2m=[0m[::]:58553 [3mdual_stack[0m[2m=[0mtrue
[2m2026-10-01T00:56:41.158892Z[0m [33m WARN[0m [2mmoq_transport::serve::error[0m[2m:[0m [1ed24393-48e6-4ae3-985a-f83201000a27] Not found: unroutable at moq-transport/src/session/subscriber.rs:1653
[2m2026-10-01T00:56:41.334108Z[0m [32m INFO[0m [2mmoq_native_ietf::quic[0m[2m:[0m UDP socket bound [3mbind[0m[2m=[0m[::]:0 [3mlocal[0m[2m=[0m[::]:51537 [3mdual_stack[0m[2m=[0mtrue
[2m2026-10-01T00:56:41.423399Z[0m [33m WARN[0m [2mmoq_transport::session::reader[0m[2m:[0m [READER] decode: stream ended while waiting for data (have=0 bytes, need=1)
not ok 12 - moq-test-subgroup-per-object
  ---
  duration_ms: 350
  message: "PUBLISH was rejected: closed, code=3"
  ...
[2m2026-10-01T00:56:41.424445Z[0m [32m INFO[0m [2mmoq_native_ietf::quic[0m[2m:[0m UDP socket bound [3mbind[0m[2m=[0m[::]:0 [3mlocal[0m[2m=[0m[::]:46391 [3mdual_stack[0m[2m=[0mtrue
[2m2026-10-01T00:56:41.525020Z[0m [33m WARN[0m [2mmoq_transport::serve::error[0m[2m:[0m [165a29bb-def8-4757-9c80-3e6c651e71fe] Not found: unroutable at moq-transport/src/session/subscriber.rs:1653
[2m2026-10-01T00:56:41.696679Z[0m [32m INFO[0m [2mmoq_native_ietf::quic[0m[2m:[0m UDP socket bound [3mbind[0m[2m=[0m[::]:0 [3mlocal[0m[2m=[0m[::]:49966 [3mdual_stack[0m[2m=[0mtrue
[2m2026-10-01T00:56:41.784372Z[0m [33m WARN[0m [2mmoq_transport::session::reader[0m[2m:[0m [READER] decode: stream ended while waiting for data (have=0 bytes, need=1)
not ok 13 - moq-test-two-subgroups-eog
  ---
  duration_ms: 360
  message: "PUBLISH was rejected: closed, code=3"
  ...
[2m2026-10-01T00:56:41.785248Z[0m [32m INFO[0m [2mmoq_native_ietf::quic[0m[2m:[0m UDP socket bound [3mbind[0m[2m=[0m[::]:0 [3mlocal[0m[2m=[0m[::]:53689 [3mdual_stack[0m[2m=[0mtrue
[2m2026-10-01T00:56:41.885210Z[0m [33m WARN[0m [2mmoq_transport::serve::error[0m[2m:[0m [3680eb9a-a025-4bef-9dad-4135cabbf62c] Not found: unroutable at moq-transport/src/session/subscriber.rs:1653
[2m2026-10-01T00:56:42.056159Z[0m [32m INFO[0m [2mmoq_native_ietf::quic[0m[2m:[0m UDP socket bound [3mbind[0m[2m=[0m[::]:0 [3mlocal[0m[2m=[0m[::]:59339 [3mdual_stack[0m[2m=[0mtrue
[2m2026-10-01T00:56:42.147764Z[0m [33m WARN[0m [2mmoq_transport::session::reader[0m[2m:[0m [READER] decode: stream ended while waiting for data (have=0 bytes, need=1)
not ok 14 - moq-test-datagram
  ---
  duration_ms: 363
  message: "PUBLISH was rejected: closed, code=3"
  ...
[2m2026-10-01T00:56:42.148670Z[0m [32m INFO[0m [2mmoq_native_ietf::quic[0m[2m:[0m UDP socket bound [3mbind[0m[2m=[0m[::]:0 [3mlocal[0m[2m=[0m[::]:57879 [3mdual_stack[0m[2m=[0mtrue
[2m2026-10-01T00:56:42.251263Z[0m [33m WARN[0m [2mmoq_transport::serve::error[0m[2m:[0m [4cd7faff-5bb7-4a50-abf0-4f32574b1b12] Not found: unroutable at moq-transport/src/session/subscriber.rs:1653
[2m2026-10-01T00:56:42.420820Z[0m [32m INFO[0m [2mmoq_native_ietf::quic[0m[2m:[0m UDP socket bound [3mbind[0m[2m=[0m[::]:0 [3mlocal[0m[2m=[0m[::]:57089 [3mdual_stack[0m[2m=[0mtrue
[2m2026-10-01T00:56:42.518630Z[0m [33m WARN[0m [2mmoq_transport::session::reader[0m[2m:[0m [READER] decode: stream ended while waiting for data (have=0 bytes, need=1)
not ok 15 - moq-test-datagram-eog
  ---
  duration_ms: 370
  message: "PUBLISH was rejected: closed, code=3"
  ...
[2m2026-10-01T00:56:42.519730Z[0m [32m INFO[0m [2mmoq_native_ietf::quic[0m[2m:[0m UDP socket bound [3mbind[0m[2m=[0m[::]:0 [3mlocal[0m[2m=[0m[::]:37062 [3mdual_stack[0m[2m=[0mtrue
[2m2026-10-01T00:56:42.606485Z[0m [33m WARN[0m [2mmoq_transport::serve::error[0m[2m:[0m [d5f8591c-52b0-4d70-acd5-5f3e8bb82a3c] Not found: unroutable at moq-transport/src/session/subscriber.rs:1653
[2m2026-10-01T00:56:42.781747Z[0m [32m INFO[0m [2mmoq_native_ietf::quic[0m[2m:[0m UDP socket bound [3mbind[0m[2m=[0m[::]:0 [3mlocal[0m[2m=[0m[::]:44589 [3mdual_stack[0m[2m=[0mtrue
[2m2026-10-01T00:56:42.868918Z[0m [33m WARN[0m [2mmoq_transport::session::reader[0m[2m:[0m [READER] decode: stream ended while waiting for data (have=0 bytes, need=1)
not ok 16 - moq-test-extensions
  ---
  duration_ms: 350
  message: "PUBLISH was rejected: closed, code=3"
  ...
[2m2026-10-01T00:56:42.869925Z[0m [32m INFO[0m [2mmoq_native_ietf::quic[0m[2m:[0m UDP socket bound [3mbind[0m[2m=[0m[::]:0 [3mlocal[0m[2m=[0m[::]:54053 [3mdual_stack[0m[2m=[0mtrue
[2m2026-10-01T00:56:42.964227Z[0m [33m WARN[0m [2mmoq_transport::serve::error[0m[2m:[0m [a12a0c94-33c7-4af7-adb4-8284b5a6e93f] Not found: unroutable at moq-transport/src/session/subscriber.rs:1653
[2m2026-10-01T00:56:43.139416Z[0m [32m INFO[0m [2mmoq_native_ietf::quic[0m[2m:[0m UDP socket bound [3mbind[0m[2m=[0m[::]:0 [3mlocal[0m[2m=[0m[::]:52756 [3mdual_stack[0m[2m=[0mtrue
[2m2026-10-01T00:56:43.237131Z[0m [33m WARN[0m [2mmoq_transport::session::reader[0m[2m:[0m [READER] decode: stream ended while waiting for data (have=0 bytes, need=1)
not ok 17 - moq-test-increments
  ---
  duration_ms: 368
  message: "PUBLISH was rejected: closed, code=3"
  ...
[2m2026-10-01T00:56:43.238150Z[0m [32m INFO[0m [2mmoq_native_ietf::quic[0m[2m:[0m UDP socket bound [3mbind[0m[2m=[0m[::]:0 [3mlocal[0m[2m=[0m[::]:33142 [3mdual_stack[0m[2m=[0mtrue
[2m2026-10-01T00:56:43.505417Z[0m [32m INFO[0m [2mmoq_native_ietf::quic[0m[2m:[0m UDP socket bound [3mbind[0m[2m=[0m[::]:0 [3mlocal[0m[2m=[0m[::]:42439 [3mdual_stack[0m[2m=[0mtrue
[2m2026-10-01T00:56:43.701708Z[0m [33m WARN[0m [2mmoq_transport::session::reader[0m[2m:[0m [READER] decode: stream ended while waiting for data (have=0 bytes, need=1)
not ok 18 - moq-test-forward-zero
  ---
  duration_ms: 464
  message: "PUBLISH was rejected: closed, code=3"
  ...
make[1]: *** [Makefile:122: test-external] Error 1
make[1]: Leaving directory '/home/runner/work/moq-interop-runner/moq-interop-runner/main'
