make[1]: Entering directory '/home/runner/work/moq-interop-runner/moq-interop-runner/main'
Running tests against https://fb.mvfst.net:9448/moq-relay...
  Client: ghcr.io/englishm/moq-interop-runner-moq-test-client:latest
docker run --rm \
	 \
	--network host \
	-e RELAY_URL=https://fb.mvfst.net:9448/moq-relay \
	-e TLS_DISABLE_VERIFY=1 \
	ghcr.io/englishm/moq-interop-runner-moq-test-client:latest
TAP version 14
# moq-test-client v0.1.13
# Relay: https://fb.mvfst.net:9448/moq-relay
1..8
[2m2026-10-01T01:43:11.040930Z[0m [32m INFO[0m [2mmoq_native_ietf::quic[0m[2m:[0m UDP socket bound [3mbind[0m[2m=[0m[::]:0 [3mlocal[0m[2m=[0m[::]:37279 [3mdual_stack[0m[2m=[0mtrue
[2m2026-10-01T01:43:11.214992Z[0m [32m INFO[0m [2mmoq_test_client::scenarios[0m[2m:[0m SETUP exchange completed successfully
ok 1 - setup-only
  ---
  duration_ms: 174
  connection_id: ed71f099680ba345ebafd52a73fa166d
  ...
[2m2026-10-01T01:43:11.216062Z[0m [32m INFO[0m [2mmoq_native_ietf::quic[0m[2m:[0m UDP socket bound [3mbind[0m[2m=[0m[::]:0 [3mlocal[0m[2m=[0m[::]:38102 [3mdual_stack[0m[2m=[0mtrue
[2m2026-10-01T01:43:11.241217Z[0m [33m WARN[0m [2mweb_transport_quinn::session[0m[2m:[0m failed to read capsule [3me[0m[2m=[0mUnexpectedEnd
[2m2026-10-01T01:43:11.346118Z[0m [32m INFO[0m [2mmoq_test_client::scenarios[0m[2m:[0m Sending PUBLISH_NAMESPACE for: moq-test/interop
[2m2026-10-01T01:43:13.347569Z[0m [32m INFO[0m [2mmoq_test_client::scenarios[0m[2m:[0m PUBLISH_NAMESPACE succeeded (REQUEST_OK received, waiting for subscribers)
ok 2 - publish-namespace-only
  ---
  duration_ms: 2132
  connection_id: 85a526261cc2a1b6938a3a489980a7d5
  ...
[2m2026-10-01T01:43:13.348724Z[0m [32m INFO[0m [2mmoq_native_ietf::quic[0m[2m:[0m UDP socket bound [3mbind[0m[2m=[0m[::]:0 [3mlocal[0m[2m=[0m[::]:54569 [3mdual_stack[0m[2m=[0mtrue
[2m2026-10-01T01:43:13.369033Z[0m [33m WARN[0m [2mweb_transport_quinn::session[0m[2m:[0m failed to read capsule [3me[0m[2m=[0mUnexpectedEnd
[2m2026-10-01T01:43:13.590408Z[0m [32m INFO[0m [2mmoq_test_client::scenarios[0m[2m:[0m Subscribing to non-existent track: nonexistent/namespace/test-track
[2m2026-10-01T01:43:13.611884Z[0m [33m WARN[0m [2mmoq_test_client::scenarios[0m[2m:[0m Got error but not clearly 'not found': closed, code=16. Relay may use different error text.
ok 3 - subscribe-error
  ---
  duration_ms: 264
  connection_id: 72394a296ed6757bc16982f45acaa99f
  ...
[2m2026-10-01T01:43:13.612809Z[0m [32m INFO[0m [2mmoq_native_ietf::quic[0m[2m:[0m UDP socket bound [3mbind[0m[2m=[0m[::]:0 [3mlocal[0m[2m=[0m[::]:44698 [3mdual_stack[0m[2m=[0mtrue
[2m2026-10-01T01:43:13.633969Z[0m [33m WARN[0m [2mweb_transport_quinn::session[0m[2m:[0m failed to read capsule [3me[0m[2m=[0mUnexpectedEnd
[2m2026-10-01T01:43:13.700846Z[0m [32m INFO[0m [2mmoq_native_ietf::quic[0m[2m:[0m UDP socket bound [3mbind[0m[2m=[0m[::]:0 [3mlocal[0m[2m=[0m[::]:36021 [3mdual_stack[0m[2m=[0mtrue
[2m2026-10-01T01:43:13.832656Z[0m [32m INFO[0m [2mmoq_test_client::scenarios[0m[2m:[0m Publisher sending PUBLISH_NAMESPACE: moq-test/interop
[2m2026-10-01T01:43:13.832680Z[0m [32m INFO[0m [2mmoq_test_client::scenarios[0m[2m:[0m Subscriber subscribing to track: moq-test/interop/test-track
ok 4 - publish-namespace-subscribe
[2m2026-10-01T01:43:16.833808Z[0m [32m INFO[0m [2mmoq_test_client::scenarios[0m[2m:[0m Test timeout reached - subscription routing may still be in progress
  ---
  duration_ms: 3221
  publisher_connection_id: bce3210b5adce925fc161044cc6c1187
  subscriber_connection_id: c11bafddbe439c0aa5a2618728ac4706
  ...
[2m2026-10-01T01:43:16.834924Z[0m [32m INFO[0m [2mmoq_native_ietf::quic[0m[2m:[0m UDP socket bound [3mbind[0m[2m=[0m[::]:0 [3mlocal[0m[2m=[0m[::]:34864 [3mdual_stack[0m[2m=[0mtrue
[2m2026-10-01T01:43:16.857657Z[0m [33m WARN[0m [2mweb_transport_quinn::session[0m[2m:[0m failed to read capsule [3me[0m[2m=[0mUnexpectedEnd
[2m2026-10-01T01:43:16.859545Z[0m [33m WARN[0m [2mweb_transport_quinn::session[0m[2m:[0m failed to read capsule [3me[0m[2m=[0mUnexpectedEnd
[2m2026-10-01T01:43:16.993337Z[0m [32m INFO[0m [2mmoq_test_client::scenarios[0m[2m:[0m Subscriber subscribing BEFORE PUBLISH_NAMESPACE: moq-test/interop/test-track
[2m2026-10-01T01:43:17.036411Z[0m [33m WARN[0m [2mweb_transport_quinn::session[0m[2m:[0m failed to read capsule [3me[0m[2m=[0mUnexpectedEnd
[2m2026-10-01T01:43:17.495572Z[0m [32m INFO[0m [2mmoq_native_ietf::quic[0m[2m:[0m UDP socket bound [3mbind[0m[2m=[0m[::]:0 [3mlocal[0m[2m=[0m[::]:41458 [3mdual_stack[0m[2m=[0mtrue
[2m2026-10-01T01:43:17.647656Z[0m [32m INFO[0m [2mmoq_test_client::scenarios[0m[2m:[0m Publisher sending PUBLISH_NAMESPACE (after subscriber): moq-test/interop
[2m2026-10-01T01:43:20.648516Z[0m [32m INFO[0m [2mmoq_test_client::scenarios[0m[2m:[0m Publisher PUBLISH_NAMESPACE timeout (expected)
[2m2026-10-01T01:43:20.648544Z[0m [32m INFO[0m [2mmoq_test_client::scenarios[0m[2m:[0m Subscriber got error: closed, code=16 (may be expected)
ok 5 - subscribe-before-publish-namespace
  ---
  duration_ms: 3814
  subscriber_connection_id: 7e981241c75066f94d63a11f8c8a019f
  publisher_connection_id: 60391ba81c451f203e1a379e67eac0b9
  ...
[2m2026-10-01T01:43:20.649850Z[0m [32m INFO[0m [2mmoq_native_ietf::quic[0m[2m:[0m UDP socket bound [3mbind[0m[2m=[0m[::]:0 [3mlocal[0m[2m=[0m[::]:39374 [3mdual_stack[0m[2m=[0mtrue
[2m2026-10-01T01:43:20.672649Z[0m [33m WARN[0m [2mweb_transport_quinn::session[0m[2m:[0m failed to read capsule [3me[0m[2m=[0mUnexpectedEnd
[2m2026-10-01T01:43:20.775286Z[0m [32m INFO[0m [2mmoq_test_client::scenarios[0m[2m:[0m Sending PUBLISH_NAMESPACE: moq-test/interop
[2m2026-10-01T01:43:22.776804Z[0m [32m INFO[0m [2mmoq_test_client::scenarios[0m[2m:[0m PUBLISH_NAMESPACE active; sending PUBLISH_NAMESPACE_DONE
ok 6 - publish-namespace-done
  ---
  duration_ms: 2229
  connection_id: 456243abbc7c259a1dce0083906e1083
  ...
[2m2026-10-01T01:43:22.878358Z[0m [32m INFO[0m [2mmoq_test_client::scenarios[0m[2m:[0m PUBLISH_NAMESPACE_DONE sent successfully
[2m2026-10-01T01:43:22.879293Z[0m [32m INFO[0m [2mmoq_native_ietf::quic[0m[2m:[0m UDP socket bound [3mbind[0m[2m=[0m[::]:0 [3mlocal[0m[2m=[0m[::]:56382 [3mdual_stack[0m[2m=[0mtrue
[2m2026-10-01T01:43:22.899669Z[0m [33m WARN[0m [2mweb_transport_quinn::session[0m[2m:[0m failed to read capsule [3me[0m[2m=[0mUnexpectedEnd
[2m2026-10-01T01:43:23.023345Z[0m [32m INFO[0m [2mmoq_test_client::scenarios[0m[2m:[0m Publisher sending direct PUBLISH [3mnamespace[0m[2m=[0m/moq-test/publish [3mtrack[0m[2m=[0m"published-track"
[2m2026-10-01T01:43:23.042628Z[0m [32m INFO[0m [2mmoq_test_client::scenarios[0m[2m:[0m PUBLISH accepted [3mnamespace[0m[2m=[0m/moq-test/publish [3mtrack[0m[2m=[0m"published-track"
[2m2026-10-01T01:43:23.042665Z[0m [32m INFO[0m [2mmoq_test_client::scenarios[0m[2m:[0m PUBLISH completed [3mnamespace[0m[2m=[0m/moq-test/publish [3mtrack[0m[2m=[0m"published-track"
ok 7 - publish-track-only
  ---
  duration_ms: 164
  connection_id: 4ed1c0bbe73c5c885c74f9c38880ebc1
  ...
[2m2026-10-01T01:43:23.043605Z[0m [32m INFO[0m [2mmoq_native_ietf::quic[0m[2m:[0m UDP socket bound [3mbind[0m[2m=[0m[::]:0 [3mlocal[0m[2m=[0m[::]:33070 [3mdual_stack[0m[2m=[0mtrue
[2m2026-10-01T01:43:23.062652Z[0m [33m WARN[0m [2mweb_transport_quinn::session[0m[2m:[0m failed to read capsule [3me[0m[2m=[0mUnexpectedEnd
[2m2026-10-01T01:43:23.117905Z[0m [32m INFO[0m [2mmoq_native_ietf::quic[0m[2m:[0m UDP socket bound [3mbind[0m[2m=[0m[::]:0 [3mlocal[0m[2m=[0m[::]:55996 [3mdual_stack[0m[2m=[0mtrue
[2m2026-10-01T01:43:23.300959Z[0m [32m INFO[0m [2mmoq_test_client::scenarios[0m[2m:[0m Publisher sending direct PUBLISH before subscriber subscribes [3mnamespace[0m[2m=[0m/moq-test/publish [3mtrack[0m[2m=[0m"published-track"
[2m2026-10-01T01:43:23.320446Z[0m [32m INFO[0m [2mmoq_test_client::scenarios[0m[2m:[0m PUBLISH accepted; starting subscriber [3mnamespace[0m[2m=[0m/moq-test/publish [3mtrack[0m[2m=[0m"published-track"
not ok 8 - publish-track-subscribe
  ---
  duration_ms: 399
  message: "subscriber track mode failed: done"
  ...
make[1]: *** [Makefile:122: test-external] Error 1
make[1]: Leaving directory '/home/runner/work/moq-interop-runner/moq-interop-runner/main'
