make[1]: Entering directory '/home/runner/work/moq-interop-runner/moq-interop-runner/main'
Running tests against https://fb.mvfst.net:9448/moq-relay...
  Client: ghcr.io/englishm/moq-interop-runner-moq-test-client-draft-14:latest
docker run --rm \
	 \
	--network host \
	-e RELAY_URL=https://fb.mvfst.net:9448/moq-relay \
	-e TLS_DISABLE_VERIFY=1 \
	ghcr.io/englishm/moq-interop-runner-moq-test-client-draft-14:latest
TAP version 14
# moq-test-client v0.1.7
# Relay: https://fb.mvfst.net:9448/moq-relay
1..6
[2m2026-10-01T01:50:23.306166Z[0m [32m INFO[0m [2mmoq_native_ietf::quic[0m[2m:[0m UDP socket bound [3mbind[0m[2m=[0m[::]:0 [3mlocal[0m[2m=[0m[::]:36250 [3mdual_stack[0m[2m=[0mtrue
[2m2026-10-01T01:50:23.393005Z[0m [32m INFO[0m [2mmoq_test_client::scenarios[0m[2m:[0m SETUP exchange completed successfully
ok 1 - setup-only
  ---
  duration_ms: 87
  connection_id: 9c9295909676e6c6353bdaa5eef2f3a7
  ...
[2m2026-10-01T01:50:23.393929Z[0m [32m INFO[0m [2mmoq_native_ietf::quic[0m[2m:[0m UDP socket bound [3mbind[0m[2m=[0m[::]:0 [3mlocal[0m[2m=[0m[::]:51695 [3mdual_stack[0m[2m=[0mtrue
[2m2026-10-01T01:50:23.523064Z[0m [32m INFO[0m [2mmoq_test_client::scenarios[0m[2m:[0m Announcing namespace: moq-test/interop
[2m2026-10-01T01:50:25.525253Z[0m [32m INFO[0m [2mmoq_test_client::scenarios[0m[2m:[0m Announce succeeded (no error received, waiting for subscriptions timed out)
ok 2 - announce-only
  ---
  duration_ms: 2132
  connection_id: e40dd7f51ac18a3e22a2994c270b8796
  ...
[2m2026-10-01T01:50:25.526420Z[0m [32m INFO[0m [2mmoq_native_ietf::quic[0m[2m:[0m UDP socket bound [3mbind[0m[2m=[0m[::]:0 [3mlocal[0m[2m=[0m[::]:46286 [3mdual_stack[0m[2m=[0mtrue
[2m2026-10-01T01:50:25.692910Z[0m [32m INFO[0m [2mmoq_test_client::scenarios[0m[2m:[0m Subscribing to non-existent track: nonexistent/namespace/test-track
[2m2026-10-01T01:50:25.716700Z[0m [33m WARN[0m [2mmoq_test_client::scenarios[0m[2m:[0m Got error but not clearly 'not found': closed, code=16. This may indicate a different error type than expected.
ok 3 - subscribe-error
  ---
  duration_ms: 191
  connection_id: af2da9a0527fbcd1f453b2e51be8a3e4
  ...
[2m2026-10-01T01:50:25.717675Z[0m [32m INFO[0m [2mmoq_native_ietf::quic[0m[2m:[0m UDP socket bound [3mbind[0m[2m=[0m[::]:0 [3mlocal[0m[2m=[0m[::]:46680 [3mdual_stack[0m[2m=[0mtrue
[2m2026-10-01T01:50:25.883866Z[0m [32m INFO[0m [2mmoq_native_ietf::quic[0m[2m:[0m UDP socket bound [3mbind[0m[2m=[0m[::]:0 [3mlocal[0m[2m=[0m[::]:39029 [3mdual_stack[0m[2m=[0mtrue
[2m2026-10-01T01:50:25.991841Z[0m [32m INFO[0m [2mmoq_test_client::scenarios[0m[2m:[0m Publisher announcing namespace: moq-test/interop
[2m2026-10-01T01:50:25.991865Z[0m [32m INFO[0m [2mmoq_test_client::scenarios[0m[2m:[0m Subscriber subscribing to track: moq-test/interop/test-track
[2m2026-10-01T01:50:28.993092Z[0m [32m INFO[0m [2mmoq_test_client::scenarios[0m[2m:[0m Test timeout reached - subscription routing may still be in progress
ok 4 - announce-subscribe
  ---
  duration_ms: 3276
  publisher_connection_id: acb43fb1fb3307a730f59c9096ec696f
  subscriber_connection_id: df2db3486f3b1cabb29900db629cf074
  ...
[2m2026-10-01T01:50:28.994241Z[0m [32m INFO[0m [2mmoq_native_ietf::quic[0m[2m:[0m UDP socket bound [3mbind[0m[2m=[0m[::]:0 [3mlocal[0m[2m=[0m[::]:52269 [3mdual_stack[0m[2m=[0mtrue
[2m2026-10-01T01:50:29.137946Z[0m [32m INFO[0m [2mmoq_test_client::scenarios[0m[2m:[0m Subscriber subscribing BEFORE announce: moq-test/interop/test-track
[2m2026-10-01T01:50:29.639307Z[0m [32m INFO[0m [2mmoq_native_ietf::quic[0m[2m:[0m UDP socket bound [3mbind[0m[2m=[0m[::]:0 [3mlocal[0m[2m=[0m[::]:59996 [3mdual_stack[0m[2m=[0mtrue
[2m2026-10-01T01:50:29.717212Z[0m [32m INFO[0m [2mmoq_test_client::scenarios[0m[2m:[0m Publisher announcing namespace (after subscriber): moq-test/interop
[2m2026-10-01T01:50:32.718960Z[0m [32m INFO[0m [2mmoq_test_client::scenarios[0m[2m:[0m Publisher announce timeout (expected)
[2m2026-10-01T01:50:33.719986Z[0m [32m INFO[0m [2mmoq_test_client::scenarios[0m[2m:[0m Subscriber still waiting (test complete)
ok 5 - subscribe-before-announce
  ---
  duration_ms: 4726
  subscriber_connection_id: 9c358cd21e12acff32d17f3b68f94375
  publisher_connection_id: 94b335a18e7b2e2a040e3877d85f2efa
  ...
[2m2026-10-01T01:50:33.720914Z[0m [32m INFO[0m [2mmoq_native_ietf::quic[0m[2m:[0m UDP socket bound [3mbind[0m[2m=[0m[::]:0 [3mlocal[0m[2m=[0m[::]:46497 [3mdual_stack[0m[2m=[0mtrue
[2m2026-10-01T01:50:33.834149Z[0m [32m INFO[0m [2mmoq_test_client::scenarios[0m[2m:[0m Announcing namespace: moq-test/interop
[2m2026-10-01T01:50:35.835410Z[0m [32m INFO[0m [2mmoq_test_client::scenarios[0m[2m:[0m Announce active, now sending PUBLISH_NAMESPACE_DONE
[2m2026-10-01T01:50:35.936745Z[0m [32m INFO[0m [2mmoq_test_client::scenarios[0m[2m:[0m PUBLISH_NAMESPACE_DONE sent successfully
ok 6 - publish-namespace-done
  ---
  duration_ms: 2216
  connection_id: ecc104739840209e79a96938bd07911a
  ...
make[1]: Leaving directory '/home/runner/work/moq-interop-runner/moq-interop-runner/main'
