make[1]: Entering directory '/home/runner/work/moq-interop-runner/moq-interop-runner/main'
Running tests against https://draft-18-interop.cloudflare.mediaoverquic.com:443/moq...
  Client: ghcr.io/facebookexperimental/moxygen-interop-client:latest-amd64
docker run --rm \
	 \
	--network host \
	-e RELAY_URL=https://draft-18-interop.cloudflare.mediaoverquic.com:443/moq \
	-e TLS_DISABLE_VERIFY=false \
	ghcr.io/facebookexperimental/moxygen-interop-client:latest-amd64
TAP version 14
# moxygen interop test client
# Relay: https://draft-18-interop.cloudflare.mediaoverquic.com:443/moq
# Transport: WebTransport
# Offered ALPNs: moqt-18, moqt-16, moqt-15, moq-00
1..6
ok 1 - setup-only
  ---
  duration_ms: 217
  negotiated_version: draft-18
  info: SETUP exchange completed successfully
  ...
E1001 01:08:36.520634     1 MoQRelaySession.cpp:1123] PublishNamespaceDone for unknown publishNamespace, sess=0x560bdd57a470
ok 2 - announce-only
  ---
  duration_ms: 273
  negotiated_version: draft-18
  info: PUBLISH_NAMESPACE completed successfully
  ...
E20261001 01:08:36.781919     1 HQControlCodec.h:58] Unexpected control stream EOF
E20261001 01:08:36.782871     1 HQSession.cpp:3170] Got error on control stream error=HTTP: Critical stream was closed streamID=3 sess=proto=h3, client CID=, server CID=6a1922bd246aa75a, local=10.1.0.223:59025, 8.228.3.228:443=upstream, drain=pending
E1001 01:08:36.782955     1 MoQWebTransportClient.cpp:203] proxygen::HTTPException: Got error=ApplicationError: 260, HTTP error on control stream
ok 3 - subscribe-error
  ---
  duration_ms: 262
  negotiated_version: draft-18
  info: Subscribe correctly returned error: Session closed
  ...
E1001 01:08:37.404709     1 MoQSession.cpp:5162] No matching subscribe ID=0 sess=0x560bdd6b30a0
E20261001 01:08:37.405169     1 HQControlCodec.h:58] Unexpected control stream EOF
E20261001 01:08:37.405230     1 HQSession.cpp:3170] Got error on control stream error=HTTP: Critical stream was closed streamID=3 sess=proto=h3, client CID=, server CID=691700798bd9b010, local=10.1.0.223:48462, 8.228.3.228:443=upstream, drain=done
not ok 4 - announce-subscribe
  ---
  duration_ms: 621
  negotiated_version: draft-18
  error: Subscribe failed: peer FINed without terminal reply
  ...
ok 5 - publish-namespace-done
  ---
  duration_ms: 277
  negotiated_version: draft-18
  info: PUBLISH_NAMESPACE_OK received, PUBLISH_NAMESPACE_DONE sent
  ...
E1001 01:08:37.966601     1 MoQSession.cpp:5162] No matching subscribe ID=0 sess=0x560bdd68dd10
E20261001 01:08:37.967396     1 HQControlCodec.h:58] Unexpected control stream EOF
E20261001 01:08:37.967446     1 HQSession.cpp:3170] Got error on control stream error=HTTP: Critical stream was closed streamID=3 sess=proto=h3, client CID=, server CID=728275da4c66a70b, local=10.1.0.223:47317, 8.228.3.228:443=upstream, drain=done
ok 6 - subscribe-before-announce
  ---
  duration_ms: 1011
  negotiated_version: draft-18
  info: Subscribe returned error (relay doesn't buffer pending subscriptions): peer FINed without terminal reply
  ...
make[1]: *** [Makefile:122: test-external] Error 1
make[1]: Leaving directory '/home/runner/work/moq-interop-runner/moq-interop-runner/main'
