make[1]: Entering directory '/home/runner/work/moq-interop-runner/moq-interop-runner/main'
Running tests against https://lminiero.it:9000...
  Client: ghcr.io/facebookexperimental/moxygen-interop-client:latest-amd64
docker run --rm \
	 \
	--network host \
	-e RELAY_URL=https://lminiero.it:9000 \
	-e TLS_DISABLE_VERIFY=false \
	ghcr.io/facebookexperimental/moxygen-interop-client:latest-amd64
TAP version 14
# moxygen interop test client
# Relay: https://lminiero.it:9000
# Transport: WebTransport
# Offered ALPNs: moqt-18, moqt-16, moqt-15, moq-00
1..6
E1001 01:07:46.969893     1 MoQWebTransportClient.cpp:150] std::runtime_error: Error setting up WebTransport: proxygen::HTTPException: ingress timeout, streamID=0, timeout=2000ms
not ok 1 - setup-only
  ---
  duration_ms: 2472
  error: Error setting up WebTransport: proxygen::HTTPException: ingress timeout, streamID=0, timeout=2000ms
  ...
E1001 01:07:49.512959     1 MoQWebTransportClient.cpp:150] std::runtime_error: Error setting up WebTransport: proxygen::HTTPException: ingress timeout, streamID=0, timeout=2000ms
not ok 2 - announce-only
  ---
  duration_ms: 2542
  error: Error setting up WebTransport: proxygen::HTTPException: ingress timeout, streamID=0, timeout=2000ms
  ...
E1001 01:07:51.966200     1 MoQWebTransportClient.cpp:150] std::runtime_error: Error setting up WebTransport: proxygen::HTTPException: ingress timeout, streamID=0, timeout=2000ms
not ok 3 - subscribe-error
  ---
  duration_ms: 2453
  error: Error setting up WebTransport: proxygen::HTTPException: ingress timeout, streamID=0, timeout=2000ms
  ...
not ok 4 - announce-subscribe
  ---
  duration_ms: 2448
  error: Error setting up WebTransport: proxygen::HTTPException: ingress timeout, streamID=0, timeout=2000ms
  ...
E1001 01:07:54.414919     1 MoQWebTransportClient.cpp:150] std::runtime_error: Error setting up WebTransport: proxygen::HTTPException: ingress timeout, streamID=0, timeout=2000ms
E1001 01:07:56.856735     1 MoQWebTransportClient.cpp:150] std::runtime_error: Error setting up WebTransport: proxygen::HTTPException: ingress timeout, streamID=0, timeout=2000ms
not ok 5 - publish-namespace-done
  ---
  duration_ms: 2441
  error: Error setting up WebTransport: proxygen::HTTPException: ingress timeout, streamID=0, timeout=2000ms
  ...
E1001 01:07:59.091559     1 MoQWebTransportClient.cpp:150] std::runtime_error: Error setting up WebTransport: proxygen::HTTPException: ingress timeout, streamID=0, timeout=2000ms
not ok 6 - subscribe-before-announce
  ---
  duration_ms: 2234
  error: Error setting up WebTransport: proxygen::HTTPException: ingress timeout, streamID=0, timeout=2000ms
  ...
E20261001 01:08:00.093240     1 EventHandler.cpp:95] EventBase: failed to register event handler for fd 9: No such file or directory
E20261001 01:08:00.094278     1 EventHandler.cpp:95] EventBase: failed to register event handler for fd 10: No such file or directory
E20261001 01:08:00.094381     1 EventHandler.cpp:95] EventBase: failed to register event handler for fd 11: No such file or directory
E20261001 01:08:00.094465     1 EventHandler.cpp:95] EventBase: failed to register event handler for fd 12: No such file or directory
E20261001 01:08:00.094544     1 EventHandler.cpp:95] EventBase: failed to register event handler for fd 13: No such file or directory
E20261001 01:08:00.094643     1 EventHandler.cpp:95] EventBase: failed to register event handler for fd 14: No such file or directory
make[1]: *** [Makefile:122: test-external] Error 1
make[1]: Leaving directory '/home/runner/work/moq-interop-runner/moq-interop-runner/main'
