make[1]: Entering directory '/home/runner/work/moq-interop-runner/moq-interop-runner/main'
Running tests against https://quichemoq.dev:443...
  Client: ghcr.io/englishm/moq-interop-runner-moq-test-client:latest
docker run --rm \
	 \
	--network host \
	-e RELAY_URL=https://quichemoq.dev:443 \
	-e TLS_DISABLE_VERIFY=false \
	ghcr.io/englishm/moq-interop-runner-moq-test-client:latest
TAP version 14
# moq-test-client v0.1.11
# Relay: https://quichemoq.dev/
1..8
[2m2026-08-11T01:14:08.546566Z[0m [32m INFO[0m [2mmoq_native_ietf::quic[0m[2m:[0m UDP socket bound [3mbind[0m[2m=[0m[::]:0 [3mlocal[0m[2m=[0m[::]:52394 [3mdual_stack[0m[2m=[0mtrue
not ok 1 - setup-only
  ---
  duration_ms: 10001
  message: "test timed out: deadline has elapsed"
  ...
[2m2026-08-11T01:14:18.548350Z[0m [32m INFO[0m [2mmoq_native_ietf::quic[0m[2m:[0m UDP socket bound [3mbind[0m[2m=[0m[::]:0 [3mlocal[0m[2m=[0m[::]:38222 [3mdual_stack[0m[2m=[0mtrue
not ok 2 - publish-namespace-only
  ---
  duration_ms: 10001
  message: "test timed out: deadline has elapsed"
  ...
[2m2026-08-11T01:14:28.550217Z[0m [32m INFO[0m [2mmoq_native_ietf::quic[0m[2m:[0m UDP socket bound [3mbind[0m[2m=[0m[::]:0 [3mlocal[0m[2m=[0m[::]:46280 [3mdual_stack[0m[2m=[0mtrue
not ok 3 - subscribe-error
  ---
  duration_ms: 10000
  message: "test timed out: deadline has elapsed"
  ...
[2m2026-08-11T01:14:38.550749Z[0m [32m INFO[0m [2mmoq_native_ietf::quic[0m[2m:[0m UDP socket bound [3mbind[0m[2m=[0m[::]:0 [3mlocal[0m[2m=[0m[::]:60702 [3mdual_stack[0m[2m=[0mtrue
not ok 4 - publish-namespace-subscribe
  ---
  duration_ms: 10001
  message: "test timed out: deadline has elapsed"
  ...
[2m2026-08-11T01:14:48.551748Z[0m [32m INFO[0m [2mmoq_native_ietf::quic[0m[2m:[0m UDP socket bound [3mbind[0m[2m=[0m[::]:0 [3mlocal[0m[2m=[0m[::]:47448 [3mdual_stack[0m[2m=[0mtrue
not ok 5 - subscribe-before-publish-namespace
  ---
  duration_ms: 10000
  message: "test timed out: deadline has elapsed"
  ...
[2m2026-08-11T01:14:58.552642Z[0m [32m INFO[0m [2mmoq_native_ietf::quic[0m[2m:[0m UDP socket bound [3mbind[0m[2m=[0m[::]:0 [3mlocal[0m[2m=[0m[::]:49424 [3mdual_stack[0m[2m=[0mtrue
not ok 6 - publish-namespace-done
  ---
  duration_ms: 10001
  message: "test timed out: deadline has elapsed"
  ...
[2m2026-08-11T01:15:08.554217Z[0m [32m INFO[0m [2mmoq_native_ietf::quic[0m[2m:[0m UDP socket bound [3mbind[0m[2m=[0m[::]:0 [3mlocal[0m[2m=[0m[::]:57170 [3mdual_stack[0m[2m=[0mtrue
not ok 7 - publish-track-only
  ---
  duration_ms: 10000
  message: "test timed out: deadline has elapsed"
  ...
[2m2026-08-11T01:15:18.555019Z[0m [32m INFO[0m [2mmoq_native_ietf::quic[0m[2m:[0m UDP socket bound [3mbind[0m[2m=[0m[::]:0 [3mlocal[0m[2m=[0m[::]:44112 [3mdual_stack[0m[2m=[0mtrue
not ok 8 - publish-track-subscribe
  ---
  duration_ms: 10001
  message: "test timed out: deadline has elapsed"
  ...
make[1]: *** [Makefile:122: test-external] Error 1
make[1]: Leaving directory '/home/runner/work/moq-interop-runner/moq-interop-runner/main'
