make[1]: Entering directory '/home/runner/work/moq-interop-runner/moq-interop-runner/main'
Running tests against moqt://moqx-main.ci.openmoq.org:4433...
  Client: ghcr.io/englishm/moq-interop-runner-moq-test-client-draft-18:latest
docker run --rm \
	 \
	--network host \
	-e RELAY_URL=moqt://moqx-main.ci.openmoq.org:4433 \
	-e TLS_DISABLE_VERIFY=false \
	ghcr.io/englishm/moq-interop-runner-moq-test-client-draft-18:latest
TAP version 14
# moq-test-client v0.1.10
# Relay: moqt://moqx-main.ci.openmoq.org:4433
1..6
[2m2026-08-11T00:47:48.528195Z[0m [32m INFO[0m [2mmoq_native_ietf::quic[0m[2m:[0m UDP socket bound [3mbind[0m[2m=[0m[::]:0 [3mlocal[0m[2m=[0m[::]:56961 [3mdual_stack[0m[2m=[0mtrue
[2m2026-08-11T00:47:48.550756Z[0m [32m INFO[0m [2mmoq_test_client::scenarios[0m[2m:[0m SETUP exchange completed successfully
ok 1 - setup-only
  ---
  duration_ms: 23
  connection_id: 37ea416c22c7015d65c8551a1c16594d
  ...
[2m2026-08-11T00:47:48.551563Z[0m [32m INFO[0m [2mmoq_native_ietf::quic[0m[2m:[0m UDP socket bound [3mbind[0m[2m=[0m[::]:0 [3mlocal[0m[2m=[0m[::]:38317 [3mdual_stack[0m[2m=[0mtrue
[2m2026-08-11T00:47:48.649183Z[0m [32m INFO[0m [2mmoq_test_client::scenarios[0m[2m:[0m Sending PUBLISH_NAMESPACE for: moq-test/interop
[2m2026-08-11T00:47:50.651322Z[0m [32m INFO[0m [2mmoq_test_client::scenarios[0m[2m:[0m PUBLISH_NAMESPACE succeeded (REQUEST_OK received, waiting for subscribers)
ok 2 - publish-namespace-only
  ---
  duration_ms: 2100
  connection_id: 65eb1dc9e30c23b52a17288fc5de29f9
  ...
[2m2026-08-11T00:47:50.652190Z[0m [32m INFO[0m [2mmoq_native_ietf::quic[0m[2m:[0m UDP socket bound [3mbind[0m[2m=[0m[::]:0 [3mlocal[0m[2m=[0m[::]:33354 [3mdual_stack[0m[2m=[0mtrue
[2m2026-08-11T00:47:50.892197Z[0m [32m INFO[0m [2mmoq_test_client::scenarios[0m[2m:[0m Subscribing to non-existent track: nonexistent/namespace/test-track
[2m2026-08-11T00:47:50.908974Z[0m [33m WARN[0m [2mmoq_transport::serve::error[0m[2m:[0m [0a839327-e0fe-453f-9eb1-d7a4cacb8db1] Not found: no such namespace or track at moq-transport/src/session/subscriber.rs:483
[2m2026-08-11T00:47:50.908993Z[0m [33m WARN[0m [2mmoq_transport::session::reader[0m[2m:[0m [READER] decode: stream ended while waiting for data (have=0 bytes, need=1)
[2m2026-08-11T00:47:50.909040Z[0m [32m INFO[0m [2mmoq_test_client::scenarios[0m[2m:[0m Got expected 'not found' error: not found: Track not found [error:0a839327-e0fe-453f-9eb1-d7a4cacb8db1]
ok 3 - subscribe-error
  ---
  duration_ms: 257
  connection_id: 97e6b58459d74b2f8ae68bce2460d71e
  ...
[2m2026-08-11T00:47:50.909813Z[0m [32m INFO[0m [2mmoq_native_ietf::quic[0m[2m:[0m UDP socket bound [3mbind[0m[2m=[0m[::]:0 [3mlocal[0m[2m=[0m[::]:43383 [3mdual_stack[0m[2m=[0mtrue
[2m2026-08-11T00:47:50.950966Z[0m [32m INFO[0m [2mmoq_native_ietf::quic[0m[2m:[0m UDP socket bound [3mbind[0m[2m=[0m[::]:0 [3mlocal[0m[2m=[0m[::]:34721 [3mdual_stack[0m[2m=[0mtrue
[2m2026-08-11T00:47:51.045260Z[0m [32m INFO[0m [2mmoq_test_client::scenarios[0m[2m:[0m Publisher sending PUBLISH_NAMESPACE: moq-test/interop
[2m2026-08-11T00:47:51.045278Z[0m [32m INFO[0m [2mmoq_test_client::scenarios[0m[2m:[0m Subscriber subscribing to track: moq-test/interop/test-track
[2m2026-08-11T00:47:51.061858Z[0m [33m WARN[0m [2mmoq_transport::serve::error[0m[2m:[0m [f3cde105-962c-4e44-8856-7d63f1533bc9] Not found: no such namespace or track at moq-transport/src/session/subscriber.rs:483
[2m2026-08-11T00:47:51.061890Z[0m [33m WARN[0m [2mmoq_transport::session::reader[0m[2m:[0m [READER] decode: stream ended while waiting for data (have=0 bytes, need=1)
[2m2026-08-11T00:47:51.061990Z[0m [32m INFO[0m [2mmoq_test_client::scenarios[0m[2m:[0m Subscriber got error: not found: Track not found [error:f3cde105-962c-4e44-8856-7d63f1533bc9] - subscription was processed
ok 4 - publish-namespace-subscribe
  ---
  duration_ms: 152
  publisher_connection_id: e5d71cfd21e6b269de34d1f9fc4c7e0f
  subscriber_connection_id: ffd23dd2f1a5c8908ddca3d803c31d7a
  ...
[2m2026-08-11T00:47:51.062834Z[0m [32m INFO[0m [2mmoq_native_ietf::quic[0m[2m:[0m UDP socket bound [3mbind[0m[2m=[0m[::]:0 [3mlocal[0m[2m=[0m[::]:53671 [3mdual_stack[0m[2m=[0mtrue
[2m2026-08-11T00:47:51.155073Z[0m [32m INFO[0m [2mmoq_test_client::scenarios[0m[2m:[0m Subscriber subscribing BEFORE PUBLISH_NAMESPACE: moq-test/interop/test-track
[2m2026-08-11T00:47:51.171803Z[0m [33m WARN[0m [2mmoq_transport::serve::error[0m[2m:[0m [245c3a58-2c3a-43bf-b9a0-7ee812007b23] Not found: no such namespace or track at moq-transport/src/session/subscriber.rs:483
[2m2026-08-11T00:47:51.171826Z[0m [33m WARN[0m [2mmoq_transport::session::reader[0m[2m:[0m [READER] decode: stream ended while waiting for data (have=0 bytes, need=1)
[2m2026-08-11T00:47:51.657373Z[0m [32m INFO[0m [2mmoq_native_ietf::quic[0m[2m:[0m UDP socket bound [3mbind[0m[2m=[0m[::]:0 [3mlocal[0m[2m=[0m[::]:41679 [3mdual_stack[0m[2m=[0mtrue
[2m2026-08-11T00:47:51.682426Z[0m [32m INFO[0m [2mmoq_test_client::scenarios[0m[2m:[0m Publisher sending PUBLISH_NAMESPACE (after subscriber): moq-test/interop
[2m2026-08-11T00:47:54.684213Z[0m [32m INFO[0m [2mmoq_test_client::scenarios[0m[2m:[0m Publisher PUBLISH_NAMESPACE timeout (expected)
[2m2026-08-11T00:47:54.684239Z[0m [32m INFO[0m [2mmoq_test_client::scenarios[0m[2m:[0m Subscriber got error: not found: Track not found [error:245c3a58-2c3a-43bf-b9a0-7ee812007b23] (may be expected)
ok 5 - subscribe-before-publish-namespace
  ---
  duration_ms: 3622
  subscriber_connection_id: 673bfce510dbe1b7cc0a680c8cbe3597
  publisher_connection_id: ee934ed94bbd7e8b35a10125c9e13b54
  ...
[2m2026-08-11T00:47:54.685030Z[0m [32m INFO[0m [2mmoq_native_ietf::quic[0m[2m:[0m UDP socket bound [3mbind[0m[2m=[0m[::]:0 [3mlocal[0m[2m=[0m[::]:56264 [3mdual_stack[0m[2m=[0mtrue
[2m2026-08-11T00:47:54.709778Z[0m [32m INFO[0m [2mmoq_test_client::scenarios[0m[2m:[0m Sending PUBLISH_NAMESPACE: moq-test/interop
[2m2026-08-11T00:47:56.710538Z[0m [32m INFO[0m [2mmoq_test_client::scenarios[0m[2m:[0m PUBLISH_NAMESPACE active; sending PUBLISH_NAMESPACE_DONE
[2m2026-08-11T00:47:56.811564Z[0m [32m INFO[0m [2mmoq_test_client::scenarios[0m[2m:[0m PUBLISH_NAMESPACE_DONE sent successfully
ok 6 - publish-namespace-done
  ---
  duration_ms: 2127
  connection_id: 52373e92619a053e6be4b325d847c9b9
  ...
make[1]: Leaving directory '/home/runner/work/moq-interop-runner/moq-interop-runner/main'
