make[1]: Entering directory '/home/runner/work/moq-interop-runner/moq-interop-runner/main'
Running tests against moqt://lminiero.it:9000...
  Client: ghcr.io/facebookexperimental/moxygen-interop-client:latest-amd64
docker run --rm \
	 \
	--network host \
	-e RELAY_URL=moqt://lminiero.it:9000 \
	-e TLS_DISABLE_VERIFY=false \
	ghcr.io/facebookexperimental/moxygen-interop-client:latest-amd64
TAP version 14
# moxygen interop test client
# Relay: moqt://lminiero.it:9000
# Transport: QUIC
1..6
E0811 00:52:53.763979     1 MoQCodec.cpp:126] Conn error=3
E0811 00:52:53.764003     1 MoQSession.cpp:5412] MoQCodec control stream parse error err=3
not ok 1 - setup-only
  ---
  duration_ms: 596
  error: coroutine operation cancelled
  ...
E0811 00:52:54.626654     1 MoQCodec.cpp:126] Conn error=3
E0811 00:52:54.626679     1 MoQSession.cpp:5412] MoQCodec control stream parse error err=3
not ok 2 - announce-only
  ---
  duration_ms: 862
  error: coroutine operation cancelled
  ...
E0811 00:52:55.195145     1 MoQCodec.cpp:126] Conn error=3
E0811 00:52:55.195172     1 MoQSession.cpp:5412] MoQCodec control stream parse error err=3
not ok 3 - subscribe-error
  ---
  duration_ms: 568
  error: coroutine operation cancelled
  ...
E0811 00:52:55.908354     1 MoQCodec.cpp:126] Conn error=3
E0811 00:52:55.908384     1 MoQSession.cpp:5412] MoQCodec control stream parse error err=3
not ok 4 - announce-subscribe
  ---
  duration_ms: 713
  error: coroutine operation cancelled
  ...
not ok 5 - publish-namespace-done
  ---
  duration_ms: 576
  error: coroutine operation cancelled
  ...
E0811 00:52:56.485218     1 MoQCodec.cpp:126] Conn error=3
E0811 00:52:56.485245     1 MoQSession.cpp:5412] MoQCodec control stream parse error err=3
E0811 00:52:57.718990     1 MoQCodec.cpp:126] Conn error=3
E0811 00:52:57.719016     1 MoQSession.cpp:5412] MoQCodec control stream parse error err=3
not ok 6 - subscribe-before-announce
  ---
  duration_ms: 1233
  error: coroutine operation cancelled
  ...
make[1]: *** [Makefile:122: test-external] Error 1
make[1]: Leaving directory '/home/runner/work/moq-interop-runner/moq-interop-runner/main'
