make[1]: Entering directory '/home/runner/work/moq-interop-runner/moq-interop-runner/main'
Running tests against https://us-west-2.relay.quicr.org:33437/relay...
  Client: ghcr.io/englishm/moq-interop-runner-moq-test-client-draft-16:latest
docker run --rm \
	 \
	--network host \
	-e RELAY_URL=https://us-west-2.relay.quicr.org:33437/relay \
	-e TLS_DISABLE_VERIFY=1 \
	ghcr.io/englishm/moq-interop-runner-moq-test-client-draft-16:latest
TAP version 14
# moq-test-client v0.1.0
# Relay: https://us-west-2.relay.quicr.org:33437/relay
1..6
ok 1 - setup-only
  ---
  duration_ms: 165
  connection_id: a3d6263536bb99d47bd6af48c9d6e50f
  ...
ok 2 - announce-only
  ---
  duration_ms: 2161
  connection_id: 231a9823f3bd4076821bcf7071a5ce60
  ...
[2026-08-31T01:21:26Z ERROR moq_transport::session::reader] [READER] decode: ERROR decoding moq_transport::message::Message - InvalidMessage(1) (buffer_len=5)
not ok 3 - subscribe-error
  ---
  duration_ms: 159
  message: "session error: decode error: invalid message: 1: invalid message: 1"
  ...
[2026-08-31T01:21:27Z ERROR moq_transport::session::reader] [READER] decode: ERROR decoding moq_transport::message::Message - InvalidMessage(1) (buffer_len=5)
not ok 4 - announce-subscribe
  ---
  duration_ms: 441
  message: "subscriber session error: decode error: invalid message: 1: invalid message: 1"
  ...
[2026-08-31T01:21:27Z ERROR moq_transport::session::reader] [READER] decode: ERROR decoding moq_transport::message::Message - InvalidMessage(1) (buffer_len=5)
ok 5 - subscribe-before-announce
  ---
  duration_ms: 4006
  subscriber_connection_id: 1e8016394f073c2f2e0ef315bb3c4f78
  publisher_connection_id: 4714d95df3c3f0934ec44031f40ea68c
  ...
ok 6 - publish-namespace-done
  ---
  duration_ms: 2375
  connection_id: e56654f8e4ce7945b69ab7f83709cbc9
  ...
make[1]: *** [Makefile:122: test-external] Error 1
make[1]: Leaving directory '/home/runner/work/moq-interop-runner/moq-interop-runner/main'
