make[1]: Entering directory '/home/runner/work/moq-interop-runner/moq-interop-runner/main'
Running tests against moqt://draft-18-interop.cloudflare.mediaoverquic.com:443...
  Client: ghcr.io/englishm/moq-interop-runner-moq-test-client-draft-18:latest
docker run --rm \
	 \
	--network host \
	-e RELAY_URL=moqt://draft-18-interop.cloudflare.mediaoverquic.com:443 \
	-e TLS_DISABLE_VERIFY=false \
	ghcr.io/englishm/moq-interop-runner-moq-test-client-draft-18:latest
TAP version 14
# moq-test-client v0.1.12
# Relay: moqt://draft-18-interop.cloudflare.mediaoverquic.com:443
1..8
[2m2026-08-31T00:49:08.123745Z[0m [32m INFO[0m [2mmoq_native_ietf::quic[0m[2m:[0m UDP socket bound [3mbind[0m[2m=[0m[::]:0 [3mlocal[0m[2m=[0m[::]:50832 [3mdual_stack[0m[2m=[0mtrue
[2m2026-08-31T00:49:08.248912Z[0m [32m INFO[0m [2mmoq_test_client::scenarios[0m[2m:[0m SETUP exchange completed successfully
ok 1 - setup-only
  ---
  duration_ms: 125
  connection_id: b5e9aa1d5cf1d436f3a3137f6e826d6c
  ...
[2m2026-08-31T00:49:08.249632Z[0m [32m INFO[0m [2mmoq_native_ietf::quic[0m[2m:[0m UDP socket bound [3mbind[0m[2m=[0m[::]:0 [3mlocal[0m[2m=[0m[::]:44748 [3mdual_stack[0m[2m=[0mtrue
[2m2026-08-31T00:49:08.388834Z[0m [32m INFO[0m [2mmoq_test_client::scenarios[0m[2m:[0m Sending PUBLISH_NAMESPACE for: moq-test/interop
[2m2026-08-31T00:49:10.389513Z[0m [32m INFO[0m [2mmoq_test_client::scenarios[0m[2m:[0m PUBLISH_NAMESPACE succeeded (REQUEST_OK received, waiting for subscribers)
ok 2 - publish-namespace-only
  ---
  duration_ms: 2140
  connection_id: 5374548c730c3f362b89e0097076380b
  ...
[2m2026-08-31T00:49:10.390224Z[0m [32m INFO[0m [2mmoq_native_ietf::quic[0m[2m:[0m UDP socket bound [3mbind[0m[2m=[0m[::]:0 [3mlocal[0m[2m=[0m[::]:56595 [3mdual_stack[0m[2m=[0mtrue
[2m2026-08-31T00:49:10.457024Z[0m [32m INFO[0m [2mmoq_test_client::scenarios[0m[2m:[0m Subscribing to non-existent track: nonexistent/namespace/test-track
[2m2026-08-31T00:49:10.470042Z[0m [33m WARN[0m [2mmoq_transport::serve::error[0m[2m:[0m [2fbc50a6-47fb-4c27-b373-6fe5d6a35151] Not found: not found: Track not found [error:02d4f140-91d3-417c-bca6-7995de63ca28] at moq-transport/src/session/subscriber.rs:1280
[2m2026-08-31T00:49:10.470104Z[0m [33m WARN[0m [2mmoq_transport::session::reader[0m[2m:[0m [READER] decode: stream ended while waiting for data (have=0 bytes, need=1)
[2m2026-08-31T00:49:10.470147Z[0m [32m INFO[0m [2mmoq_test_client::scenarios[0m[2m:[0m Got expected 'not found' error: not found: Track not found [error:2fbc50a6-47fb-4c27-b373-6fe5d6a35151]
ok 3 - subscribe-error
  ---
  duration_ms: 80
  connection_id: ea8c8a2d9945be3c7f5cd35bef303099
  ...
[2m2026-08-31T00:49:10.470840Z[0m [32m INFO[0m [2mmoq_native_ietf::quic[0m[2m:[0m UDP socket bound [3mbind[0m[2m=[0m[::]:0 [3mlocal[0m[2m=[0m[::]:56746 [3mdual_stack[0m[2m=[0mtrue
[2m2026-08-31T00:49:10.559123Z[0m [32m INFO[0m [2mmoq_native_ietf::quic[0m[2m:[0m UDP socket bound [3mbind[0m[2m=[0m[::]:0 [3mlocal[0m[2m=[0m[::]:49855 [3mdual_stack[0m[2m=[0mtrue
[2m2026-08-31T00:49:10.605600Z[0m [32m INFO[0m [2mmoq_test_client::scenarios[0m[2m:[0m Publisher sending PUBLISH_NAMESPACE: moq-test/interop
[2m2026-08-31T00:49:10.605613Z[0m [32m INFO[0m [2mmoq_test_client::scenarios[0m[2m:[0m Subscriber subscribing to track: moq-test/interop/test-track
[2m2026-08-31T00:49:10.619580Z[0m [33m WARN[0m [2mmoq_transport::serve::error[0m[2m:[0m [2783e06e-e062-4141-b68e-60de6f4b167c] Not found: not found: Track not found [error:682e94bd-fd8c-446d-8549-cd3acc826cfe] at moq-transport/src/session/subscriber.rs:1280
[2m2026-08-31T00:49:10.619602Z[0m [33m WARN[0m [2mmoq_transport::session::reader[0m[2m:[0m [READER] decode: stream ended while waiting for data (have=0 bytes, need=1)
[2m2026-08-31T00:49:10.619668Z[0m [32m INFO[0m [2mmoq_test_client::scenarios[0m[2m:[0m Subscriber got error: not found: Track not found [error:2783e06e-e062-4141-b68e-60de6f4b167c] - subscription was processed
ok 4 - publish-namespace-subscribe
  ---
  duration_ms: 149
  publisher_connection_id: 2c0215ea7fdfa6dd3ff6c18325f1ab4c
  subscriber_connection_id: 46f2d2667a9063240a126245e53cb988
  ...
[2m2026-08-31T00:49:10.620261Z[0m [32m INFO[0m [2mmoq_native_ietf::quic[0m[2m:[0m UDP socket bound [3mbind[0m[2m=[0m[::]:0 [3mlocal[0m[2m=[0m[::]:46476 [3mdual_stack[0m[2m=[0mtrue
[2m2026-08-31T00:49:10.773427Z[0m [32m INFO[0m [2mmoq_test_client::scenarios[0m[2m:[0m Subscriber subscribing BEFORE PUBLISH_NAMESPACE: moq-test/interop/test-track
[2m2026-08-31T00:49:10.787292Z[0m [33m WARN[0m [2mmoq_transport::serve::error[0m[2m:[0m [bef2df8d-b447-45f0-8633-3a688a51a7e7] Not found: not found: Track not found [error:310876a3-e47f-4318-bb21-a12a1c98fbe8] at moq-transport/src/session/subscriber.rs:1280
[2m2026-08-31T00:49:11.275412Z[0m [32m INFO[0m [2mmoq_native_ietf::quic[0m[2m:[0m UDP socket bound [3mbind[0m[2m=[0m[::]:0 [3mlocal[0m[2m=[0m[::]:59390 [3mdual_stack[0m[2m=[0mtrue
[2m2026-08-31T00:49:11.393580Z[0m [32m INFO[0m [2mmoq_test_client::scenarios[0m[2m:[0m Publisher sending PUBLISH_NAMESPACE (after subscriber): moq-test/interop
ok 5 - subscribe-before-publish-namespace
  ---
  duration_ms: 3777
  subscriber_connection_id: 89694c7854b4295a8ebbd6f1efac87d0
  publisher_connection_id: b49cd4afea19ebe8afe3a97308636d57
  ...
[2m2026-08-31T00:49:14.396950Z[0m [32m INFO[0m [2mmoq_test_client::scenarios[0m[2m:[0m Publisher PUBLISH_NAMESPACE timeout (expected)
[2m2026-08-31T00:49:14.396971Z[0m [32m INFO[0m [2mmoq_test_client::scenarios[0m[2m:[0m Subscriber got error: not found: Track not found [error:bef2df8d-b447-45f0-8633-3a688a51a7e7] (may be expected)
[2m2026-08-31T00:49:14.397690Z[0m [32m INFO[0m [2mmoq_native_ietf::quic[0m[2m:[0m UDP socket bound [3mbind[0m[2m=[0m[::]:0 [3mlocal[0m[2m=[0m[::]:42491 [3mdual_stack[0m[2m=[0mtrue
[2m2026-08-31T00:49:14.512940Z[0m [32m INFO[0m [2mmoq_test_client::scenarios[0m[2m:[0m Sending PUBLISH_NAMESPACE: moq-test/interop
[2m2026-08-31T00:49:16.513989Z[0m [32m INFO[0m [2mmoq_test_client::scenarios[0m[2m:[0m PUBLISH_NAMESPACE active; sending PUBLISH_NAMESPACE_DONE
ok 6 - publish-namespace-done
  ---
  duration_ms: 2218
  connection_id: e2ce3cf70ca31e642c53f849ccda7c1f
  ...
[2m2026-08-31T00:49:16.615635Z[0m [32m INFO[0m [2mmoq_test_client::scenarios[0m[2m:[0m PUBLISH_NAMESPACE_DONE sent successfully
[2m2026-08-31T00:49:16.616446Z[0m [32m INFO[0m [2mmoq_native_ietf::quic[0m[2m:[0m UDP socket bound [3mbind[0m[2m=[0m[::]:0 [3mlocal[0m[2m=[0m[::]:59186 [3mdual_stack[0m[2m=[0mtrue
[2m2026-08-31T00:49:16.680746Z[0m [32m INFO[0m [2mmoq_test_client::scenarios[0m[2m:[0m Publisher sending direct PUBLISH [3mnamespace[0m[2m=[0m/moq-test/publish [3mtrack[0m[2m=[0m"published-track"
[2m2026-08-31T00:49:16.694079Z[0m [32m INFO[0m [2mmoq_test_client::scenarios[0m[2m:[0m PUBLISH accepted [3mnamespace[0m[2m=[0m/moq-test/publish [3mtrack[0m[2m=[0m"published-track"
[2m2026-08-31T00:49:16.694254Z[0m [32m INFO[0m [2mmoq_test_client::scenarios[0m[2m:[0m PUBLISH completed [3mnamespace[0m[2m=[0m/moq-test/publish [3mtrack[0m[2m=[0m"published-track"
ok 7 - publish-track-only
  ---
  duration_ms: 78
  connection_id: 3f2a92791baccb67b962dd54d7e1f5c2
  ...
[2m2026-08-31T00:49:16.694891Z[0m [32m INFO[0m [2mmoq_native_ietf::quic[0m[2m:[0m UDP socket bound [3mbind[0m[2m=[0m[::]:0 [3mlocal[0m[2m=[0m[::]:38307 [3mdual_stack[0m[2m=[0mtrue
[2m2026-08-31T00:49:16.746031Z[0m [32m INFO[0m [2mmoq_native_ietf::quic[0m[2m:[0m UDP socket bound [3mbind[0m[2m=[0m[::]:0 [3mlocal[0m[2m=[0m[::]:48700 [3mdual_stack[0m[2m=[0mtrue
[2m2026-08-31T00:49:16.790670Z[0m [32m INFO[0m [2mmoq_test_client::scenarios[0m[2m:[0m Publisher sending direct PUBLISH before subscriber subscribes [3mnamespace[0m[2m=[0m/moq-test/publish [3mtrack[0m[2m=[0m"published-track"
[2m2026-08-31T00:49:16.804873Z[0m [32m INFO[0m [2mmoq_test_client::scenarios[0m[2m:[0m PUBLISH accepted; starting subscriber [3mnamespace[0m[2m=[0m/moq-test/publish [3mtrack[0m[2m=[0m"published-track"
[2m2026-08-31T00:49:16.919337Z[0m [32m INFO[0m [2mmoq_test_client::scenarios[0m[2m:[0m Subscriber received direct PUBLISH track [3mnamespace[0m[2m=[0m/moq-test/publish [3mtrack[0m[2m=[0m"published-track"
ok 8 - publish-track-subscribe
  ---
  duration_ms: 225
  publisher_connection_id: 3c42844a0a2369474d6b60f94240c21e
  subscriber_connection_id: 2fbf368f6d7353f829a98176c76299e1
  ...
make[1]: Leaving directory '/home/runner/work/moq-interop-runner/moq-interop-runner/main'
