make[1]: Entering directory '/home/runner/work/moq-interop-runner/moq-interop-runner/main'
Running tests against https://34-72-6-160.sslip.io:443...
  Client: ghcr.io/englishm/moq-interop-runner-moq-go-client:latest
docker run --rm \
	 \
	--network host \
	-e RELAY_URL=https://34-72-6-160.sslip.io:443 \
	-e TLS_DISABLE_VERIFY=false \
	ghcr.io/englishm/moq-interop-runner-moq-go-client:latest
TAP version 14
# moq interop-client
# Relay: https://34-72-6-160.sslip.io:443
1..6
not ok 1 - setup-only
  ---
  duration_ms: 5004
  message: "connect (1 attempts): dial webtransport https://34-72-6-160.sslip.io:443: error waiting for HTTP/3 settings: context deadline exceeded"
  ...
not ok 2 - announce-only
  ---
  duration_ms: 5000
  message: "connect (1 attempts): dial webtransport https://34-72-6-160.sslip.io:443: error waiting for HTTP/3 settings: context deadline exceeded"
  ...
not ok 3 - publish-namespace-done
  ---
  duration_ms: 5003
  message: "connect (1 attempts): dial webtransport https://34-72-6-160.sslip.io:443: error waiting for HTTP/3 settings: context deadline exceeded"
  ...
not ok 4 - subscribe-error
  ---
  duration_ms: 5000
  message: "connect (1 attempts): dial webtransport https://34-72-6-160.sslip.io:443: error waiting for HTTP/3 settings: context deadline exceeded"
  ...
not ok 5 - announce-subscribe
  ---
  duration_ms: 8006
  message: "publisher connect: connect (1 attempts): dial webtransport https://34-72-6-160.sslip.io:443: error waiting for HTTP/3 settings: context deadline exceeded"
  ...
not ok 6 - subscribe-before-announce
  ---
  duration_ms: 8006
  message: "subscriber connect: connect (1 attempts): dial webtransport https://34-72-6-160.sslip.io:443: error waiting for HTTP/3 settings: context deadline exceeded"
  ...
make[1]: *** [Makefile:122: test-external] Error 1
make[1]: Leaving directory '/home/runner/work/moq-interop-runner/moq-interop-runner/main'
