make[1]: Entering directory '/home/runner/work/moq-interop-runner/moq-interop-runner/main'
Running tests against https://moqx-main.ci.openmoq.org:4433/moq-relay...
  Client: ghcr.io/englishm/moq-interop-runner-moq-test-client-draft-16:latest
docker run --rm \
	 \
	--network host \
	-e RELAY_URL=https://moqx-main.ci.openmoq.org:4433/moq-relay \
	-e TLS_DISABLE_VERIFY=false \
	ghcr.io/englishm/moq-interop-runner-moq-test-client-draft-16:latest
TAP version 14
# moq-test-client v0.1.0
# Relay: https://moqx-main.ci.openmoq.org:4433/moq-relay
1..6
ok 1 - setup-only
  ---
  duration_ms: 178
  connection_id: e4b9dcb09fe5ffa7b071f4c5b4074aa7
  ...
ok 2 - announce-only
  ---
  duration_ms: 2214
  connection_id: 629b07b21c5846a290a5d3b930e1d61e
  ...
ok 3 - subscribe-error
  ---
  duration_ms: 270
  connection_id: 49d545ee81eae324465a71d5b3842a8d
  ...
ok 4 - announce-subscribe
  ---
  duration_ms: 3526
  publisher_connection_id: 3e7f0f1ddc52f76b509440b674643834
  subscriber_connection_id: 33a727068648c425d472d20e3badf11b
  ...
ok 5 - subscribe-before-announce
  ---
  duration_ms: 4844
  subscriber_connection_id: 77f3451bd84d7e4147f43213cc4012b8
  publisher_connection_id: 6438e67f924d3a4020aca9df5cff72ec
  ...
ok 6 - publish-namespace-done
  ---
  duration_ms: 2331
  connection_id: 6a81dead350023f03587a5f3ca5e1e97
  ...
make[1]: Leaving directory '/home/runner/work/moq-interop-runner/moq-interop-runner/main'
