make[1]: Entering directory '/home/runner/work/moq-interop-runner/moq-interop-runner/main'
Running tests against moqt://lminiero.it:9000...
  Client: ghcr.io/facebookexperimental/moxygen-interop-client:latest-amd64
docker run --rm \
	 \
	--network host \
	-e RELAY_URL=moqt://lminiero.it:9000 \
	-e TLS_DISABLE_VERIFY=false \
	ghcr.io/facebookexperimental/moxygen-interop-client:latest-amd64
TAP version 14
# moxygen interop test client
# Relay: moqt://lminiero.it:9000
# Transport: QUIC
# Offered ALPNs: moqt-18, moqt-16, moqt-15, moq-00
1..6
ok 1 - setup-only
  ---
  duration_ms: 675
  negotiated_version: draft-18
  info: SETUP exchange completed successfully
  ...
ok 2 - announce-only
  ---
  duration_ms: 983
  negotiated_version: draft-18
  info: PUBLISH_NAMESPACE completed successfully
  ...
E0831 00:56:10.256363     1 MoQRelaySession.cpp:1116] PublishNamespaceDone for unknown publishNamespace, sess=0x55b1f5188500
ok 3 - subscribe-error
  ---
  duration_ms: 508
  negotiated_version: draft-18
  info: Subscribe correctly returned error: Namespace not found
  ...
E0831 00:56:12.007924     1 MoQSession.cpp:6217] publishDone for invalid id=1 sess=0x55b1f51754e0
ok 4 - announce-subscribe
  ---
  duration_ms: 1243
  negotiated_version: draft-18
  info: Publisher announced, subscriber subscribed successfully
  ...
ok 5 - publish-namespace-done
  ---
  duration_ms: 510
  negotiated_version: draft-18
  info: PUBLISH_NAMESPACE_OK received, PUBLISH_NAMESPACE_DONE sent
  ...
E0831 00:56:17.359155     1 MoQSession.cpp:6078] subscribeFuture exception=folly::OperationCancelled: coroutine operation cancelled
not ok 6 - subscribe-before-announce
  ---
  duration_ms: 4840
  negotiated_version: draft-18
  error: Timed out during subscribe-before-announce test
  ...
E20260831 00:56:18.360496     1 EventHandler.cpp:95] EventBase: failed to register event handler for fd 11: No such file or directory
E20260831 00:56:18.361726     1 EventHandler.cpp:95] EventBase: failed to register event handler for fd 9: No such file or directory
make[1]: *** [Makefile:122: test-external] Error 1
make[1]: Leaving directory '/home/runner/work/moq-interop-runner/moq-interop-runner/main'
