make[1]: Entering directory '/home/runner/work/moq-interop-runner/moq-interop-runner/main'
Running tests against https://us-west-2.relay.quicr.org:33437/relay...
  Client: ghcr.io/englishm/moq-interop-runner-moq-test-client-draft-16:latest
docker run --rm \
	 \
	--network host \
	-e RELAY_URL=https://us-west-2.relay.quicr.org:33437/relay \
	-e TLS_DISABLE_VERIFY=1 \
	ghcr.io/englishm/moq-interop-runner-moq-test-client-draft-16:latest
TAP version 14
# moq-test-client v0.1.0
# Relay: https://us-west-2.relay.quicr.org:33437/relay
1..6
ok 1 - setup-only
  ---
  duration_ms: 152
  connection_id: 8f5274e7ce03802858755f30db2f47a7
  ...
ok 2 - announce-only
  ---
  duration_ms: 2172
  connection_id: f0506db3e79b88eb26e66375298bab2d
  ...
not ok 3 - subscribe-error
  ---
  duration_ms: 144
  message: "session error: decode error: invalid message: 1: invalid message: 1"
  ...
[2026-07-26T01:36:19Z ERROR moq_transport::session::reader] [READER] decode: ERROR decoding moq_transport::message::Message - InvalidMessage(1) (buffer_len=5)
not ok 4 - announce-subscribe
  ---
  duration_ms: 459
  message: "subscriber session error: decode error: invalid message: 1: invalid message: 1"
  ...
[2026-07-26T01:36:19Z ERROR moq_transport::session::reader] [READER] decode: ERROR decoding moq_transport::message::Message - InvalidMessage(1) (buffer_len=5)
[2026-07-26T01:36:19Z ERROR moq_transport::session::reader] [READER] decode: ERROR decoding moq_transport::message::Message - InvalidMessage(1) (buffer_len=5)
ok 5 - subscribe-before-announce
  ---
  duration_ms: 3939
  subscriber_connection_id: 7e9d7f1845431f8a3f2b93ee184c1dd0
  publisher_connection_id: 4575b9d50040b74d451d0b0d07391f42
  ...
ok 6 - publish-namespace-done
  ---
  duration_ms: 2363
  connection_id: 4edd9e281620ac3292e67398f34a98f0
  ...
make[1]: *** [Makefile:122: test-external] Error 1
make[1]: Leaving directory '/home/runner/work/moq-interop-runner/moq-interop-runner/main'
