make[1]: Entering directory '/home/runner/work/moq-interop-runner/moq-interop-runner/main'
Running tests against moqt://fb.mvfst.net:9448...
  Client: ghcr.io/englishm/moq-interop-runner-moq-test-client-draft-18:latest
docker run --rm \
	 \
	--network host \
	-e RELAY_URL=moqt://fb.mvfst.net:9448 \
	-e TLS_DISABLE_VERIFY=1 \
	ghcr.io/englishm/moq-interop-runner-moq-test-client-draft-18:latest
TAP version 14
# moq-test-client v0.1.10
# Relay: moqt://fb.mvfst.net:9448
1..6
[2m2026-07-26T01:07:51.834137Z[0m [32m INFO[0m [2mmoq_native_ietf::quic[0m[2m:[0m UDP socket bound [3mbind[0m[2m=[0m[::]:0 [3mlocal[0m[2m=[0m[::]:43025 [3mdual_stack[0m[2m=[0mtrue
[2m2026-07-26T01:07:51.909831Z[0m [32m INFO[0m [2mmoq_test_client::scenarios[0m[2m:[0m SETUP exchange completed successfully
ok 1 - setup-only
  ---
  duration_ms: 76
  connection_id: 4c74ecd67205dd7c7e4a8541e3a68d51
  ...
[2m2026-07-26T01:07:51.910664Z[0m [32m INFO[0m [2mmoq_native_ietf::quic[0m[2m:[0m UDP socket bound [3mbind[0m[2m=[0m[::]:0 [3mlocal[0m[2m=[0m[::]:50706 [3mdual_stack[0m[2m=[0mtrue
[2m2026-07-26T01:07:51.996859Z[0m [32m INFO[0m [2mmoq_test_client::scenarios[0m[2m:[0m Sending PUBLISH_NAMESPACE for: moq-test/interop
[2m2026-07-26T01:07:53.998307Z[0m [32m INFO[0m [2mmoq_test_client::scenarios[0m[2m:[0m PUBLISH_NAMESPACE succeeded (REQUEST_OK received, waiting for subscribers)
ok 2 - publish-namespace-only
  ---
  duration_ms: 2088
  connection_id: 60494e2188a777cbb2df840eadd65de1
  ...
[2m2026-07-26T01:07:53.999233Z[0m [32m INFO[0m [2mmoq_native_ietf::quic[0m[2m:[0m UDP socket bound [3mbind[0m[2m=[0m[::]:0 [3mlocal[0m[2m=[0m[::]:55913 [3mdual_stack[0m[2m=[0mtrue
[2m2026-07-26T01:07:54.110596Z[0m [32m INFO[0m [2mmoq_test_client::scenarios[0m[2m:[0m Subscribing to non-existent track: nonexistent/namespace/test-track
[2m2026-07-26T01:07:54.185381Z[0m [33m WARN[0m [2mmoq_transport::serve::error[0m[2m:[0m [c2cc4f56-abbd-47c3-91d6-e6cd7aa9eed4] Not found: no such namespace or track at moq-transport/src/session/subscriber.rs:483
[2m2026-07-26T01:07:54.185406Z[0m [33m WARN[0m [2mmoq_transport::session::reader[0m[2m:[0m [READER] decode: stream ended while waiting for data (have=0 bytes, need=1)
[2m2026-07-26T01:07:54.185449Z[0m [32m INFO[0m [2mmoq_test_client::scenarios[0m[2m:[0m Got expected 'not found' error: not found: Track not found [error:c2cc4f56-abbd-47c3-91d6-e6cd7aa9eed4]
ok 3 - subscribe-error
  ---
  duration_ms: 187
  connection_id: 43711efb894739b9c3b83ef985d03c8c
  ...
[2m2026-07-26T01:07:54.186402Z[0m [32m INFO[0m [2mmoq_native_ietf::quic[0m[2m:[0m UDP socket bound [3mbind[0m[2m=[0m[::]:0 [3mlocal[0m[2m=[0m[::]:42761 [3mdual_stack[0m[2m=[0mtrue
[2m2026-07-26T01:07:54.324931Z[0m [32m INFO[0m [2mmoq_native_ietf::quic[0m[2m:[0m UDP socket bound [3mbind[0m[2m=[0m[::]:0 [3mlocal[0m[2m=[0m[::]:48578 [3mdual_stack[0m[2m=[0mtrue
[2m2026-07-26T01:07:54.423192Z[0m [32m INFO[0m [2mmoq_test_client::scenarios[0m[2m:[0m Publisher sending PUBLISH_NAMESPACE: moq-test/interop
[2m2026-07-26T01:07:54.423208Z[0m [32m INFO[0m [2mmoq_test_client::scenarios[0m[2m:[0m Subscriber subscribing to track: moq-test/interop/test-track
[2m2026-07-26T01:07:54.498014Z[0m [33m WARN[0m [2mmoq_transport::serve::error[0m[2m:[0m [de18f3d5-ce69-4ebc-8d72-b2997ae1b356] Not found: no such namespace or track at moq-transport/src/session/subscriber.rs:483
[2m2026-07-26T01:07:54.498033Z[0m [33m WARN[0m [2mmoq_transport::session::reader[0m[2m:[0m [READER] decode: stream ended while waiting for data (have=0 bytes, need=1)
[2m2026-07-26T01:07:54.498080Z[0m [32m INFO[0m [2mmoq_test_client::scenarios[0m[2m:[0m Subscriber got error: not found: Track not found [error:de18f3d5-ce69-4ebc-8d72-b2997ae1b356] - subscription was processed
ok 4 - publish-namespace-subscribe
  ---
  duration_ms: 312
  publisher_connection_id: d9cea63351f7dd0fb36374daf9112acd
  subscriber_connection_id: 114acd16fbae75dd68b189c49ca10f3b
  ...
[2m2026-07-26T01:07:54.498981Z[0m [32m INFO[0m [2mmoq_native_ietf::quic[0m[2m:[0m UDP socket bound [3mbind[0m[2m=[0m[::]:0 [3mlocal[0m[2m=[0m[::]:52932 [3mdual_stack[0m[2m=[0mtrue
[2m2026-07-26T01:07:54.579120Z[0m [32m INFO[0m [2mmoq_test_client::scenarios[0m[2m:[0m Subscriber subscribing BEFORE PUBLISH_NAMESPACE: moq-test/interop/test-track
[2m2026-07-26T01:07:54.649724Z[0m [33m WARN[0m [2mmoq_transport::serve::error[0m[2m:[0m [1f32015e-84d5-45d6-bf69-2783d30e155e] Not found: no such namespace or track at moq-transport/src/session/subscriber.rs:483
[2m2026-07-26T01:07:54.649749Z[0m [33m WARN[0m [2mmoq_transport::session::reader[0m[2m:[0m [READER] decode: stream ended while waiting for data (have=0 bytes, need=1)
[2m2026-07-26T01:07:55.081187Z[0m [32m INFO[0m [2mmoq_native_ietf::quic[0m[2m:[0m UDP socket bound [3mbind[0m[2m=[0m[::]:0 [3mlocal[0m[2m=[0m[::]:57759 [3mdual_stack[0m[2m=[0mtrue
[2m2026-07-26T01:07:55.160180Z[0m [32m INFO[0m [2mmoq_test_client::scenarios[0m[2m:[0m Publisher sending PUBLISH_NAMESPACE (after subscriber): moq-test/interop
[2m2026-07-26T01:07:58.161790Z[0m [32m INFO[0m [2mmoq_test_client::scenarios[0m[2m:[0m Publisher PUBLISH_NAMESPACE timeout (expected)
[2m2026-07-26T01:07:58.161861Z[0m [32m INFO[0m [2mmoq_test_client::scenarios[0m[2m:[0m Subscriber got error: not found: Track not found [error:1f32015e-84d5-45d6-bf69-2783d30e155e] (may be expected)
ok 5 - subscribe-before-publish-namespace
  ---
  duration_ms: 3663
  subscriber_connection_id: 216cf8757ac73a5f7e1d5a7a3a9d57cc
  publisher_connection_id: 3682c5e1bb6b6626a17827fdce15831b
  ...
[2m2026-07-26T01:07:58.162908Z[0m [32m INFO[0m [2mmoq_native_ietf::quic[0m[2m:[0m UDP socket bound [3mbind[0m[2m=[0m[::]:0 [3mlocal[0m[2m=[0m[::]:48063 [3mdual_stack[0m[2m=[0mtrue
[2m2026-07-26T01:07:58.312998Z[0m [32m INFO[0m [2mmoq_test_client::scenarios[0m[2m:[0m Sending PUBLISH_NAMESPACE: moq-test/interop
[2m2026-07-26T01:08:00.314797Z[0m [32m INFO[0m [2mmoq_test_client::scenarios[0m[2m:[0m PUBLISH_NAMESPACE active; sending PUBLISH_NAMESPACE_DONE
[2m2026-07-26T01:08:00.415499Z[0m [32m INFO[0m [2mmoq_test_client::scenarios[0m[2m:[0m PUBLISH_NAMESPACE_DONE sent successfully
ok 6 - publish-namespace-done
  ---
  duration_ms: 2253
  connection_id: 7aa2787c8428baac3b362c8bd8ff908d
  ...
make[1]: Leaving directory '/home/runner/work/moq-interop-runner/moq-interop-runner/main'
