make[1]: Entering directory '/home/runner/work/moq-interop-runner/moq-interop-runner/main'
Running tests against moqt://fb.mvfst.net:9448...
  Client: ghcr.io/englishm/moq-interop-runner-moq-test-client-draft-16:latest
docker run --rm \
	 \
	--network host \
	-e RELAY_URL=moqt://fb.mvfst.net:9448 \
	-e TLS_DISABLE_VERIFY=1 \
	ghcr.io/englishm/moq-interop-runner-moq-test-client-draft-16:latest
TAP version 14
# moq-test-client v0.1.0
# Relay: moqt://fb.mvfst.net:9448
1..6
ok 1 - setup-only
  ---
  duration_ms: 172
  connection_id: 5de54fab09608fa6908280a92232270f
  ...
ok 2 - announce-only
  ---
  duration_ms: 2157
  connection_id: e9f6d9240924ec7cbf46e98b745910c8
  ...
ok 3 - subscribe-error
  ---
  duration_ms: 229
  connection_id: 4ba647529f708b3b1293ebf3028a964d
  ...
not ok 4 - announce-subscribe
  ---
  duration_ms: 439
  message: "publisher session error: webtransport error: session error: connection error: closed by peer: 3: session error: connection error: closed by peer: 3: connection error: closed by peer: 3"
  ...
ok 5 - subscribe-before-announce
  ---
  duration_ms: 3817
  subscriber_connection_id: ccc40d5fad787c316383b1f0e494b923
  publisher_connection_id: b407b03f1b3c80bd29ac5d1fd2f960ec
  ...
ok 6 - publish-namespace-done
  ---
  duration_ms: 2288
  connection_id: 54ebc311d1b032021e9f9182e2d0964f
  ...
make[1]: *** [Makefile:122: test-external] Error 1
make[1]: Leaving directory '/home/runner/work/moq-interop-runner/moq-interop-runner/main'
