make[1]: Entering directory '/home/runner/work/moq-interop-runner/moq-interop-runner/main'
Running tests against https://relay.moqtail.dev...
  Client: ghcr.io/englishm/moq-interop-runner-moq-test-client:latest
docker run --rm \
	 \
	--network host \
	-e RELAY_URL=https://relay.moqtail.dev \
	-e TLS_DISABLE_VERIFY=false \
	ghcr.io/englishm/moq-interop-runner-moq-test-client:latest
TAP version 14
# moq-test-client v0.1.11
# Relay: https://relay.moqtail.dev/
1..8
[2m2026-07-26T01:32:11.228432Z[0m [32m INFO[0m [2mmoq_native_ietf::quic[0m[2m:[0m UDP socket bound [3mbind[0m[2m=[0m[::]:0 [3mlocal[0m[2m=[0m[::]:42564 [3mdual_stack[0m[2m=[0mtrue
not ok 1 - setup-only
  ---
  duration_ms: 239
  message: "failed to connect to relay: failed to exchange h3 connect: protocol error: invalid protocol header: protocol error: invalid protocol header: invalid protocol header"
  ...
[2m2026-07-26T01:32:11.468083Z[0m [32m INFO[0m [2mmoq_native_ietf::quic[0m[2m:[0m UDP socket bound [3mbind[0m[2m=[0m[::]:0 [3mlocal[0m[2m=[0m[::]:59409 [3mdual_stack[0m[2m=[0mtrue
not ok 2 - publish-namespace-only
  ---
  duration_ms: 174
  message: "failed to connect to relay: failed to exchange h3 connect: protocol error: invalid protocol header: protocol error: invalid protocol header: invalid protocol header"
  ...
[2m2026-07-26T01:32:11.642670Z[0m [32m INFO[0m [2mmoq_native_ietf::quic[0m[2m:[0m UDP socket bound [3mbind[0m[2m=[0m[::]:0 [3mlocal[0m[2m=[0m[::]:54031 [3mdual_stack[0m[2m=[0mtrue
not ok 3 - subscribe-error
  ---
  duration_ms: 268
  message: "failed to connect to relay: failed to exchange h3 connect: protocol error: invalid protocol header: protocol error: invalid protocol header: invalid protocol header"
  ...
[2m2026-07-26T01:32:11.911552Z[0m [32m INFO[0m [2mmoq_native_ietf::quic[0m[2m:[0m UDP socket bound [3mbind[0m[2m=[0m[::]:0 [3mlocal[0m[2m=[0m[::]:52736 [3mdual_stack[0m[2m=[0mtrue
not ok 4 - publish-namespace-subscribe
  ---
  duration_ms: 272
  message: "publisher failed to connect: failed to exchange h3 connect: protocol error: invalid protocol header: protocol error: invalid protocol header: invalid protocol header"
  ...
[2m2026-07-26T01:32:12.183971Z[0m [32m INFO[0m [2mmoq_native_ietf::quic[0m[2m:[0m UDP socket bound [3mbind[0m[2m=[0m[::]:0 [3mlocal[0m[2m=[0m[::]:40932 [3mdual_stack[0m[2m=[0mtrue
not ok 5 - subscribe-before-publish-namespace
  ---
  duration_ms: 207
  message: "subscriber failed to connect: failed to exchange h3 connect: protocol error: invalid protocol header: protocol error: invalid protocol header: invalid protocol header"
  ...
[2m2026-07-26T01:32:12.391384Z[0m [32m INFO[0m [2mmoq_native_ietf::quic[0m[2m:[0m UDP socket bound [3mbind[0m[2m=[0m[::]:0 [3mlocal[0m[2m=[0m[::]:57092 [3mdual_stack[0m[2m=[0mtrue
not ok 6 - publish-namespace-done
  ---
  duration_ms: 168
  message: "failed to connect to relay: failed to exchange h3 connect: protocol error: invalid protocol header: protocol error: invalid protocol header: invalid protocol header"
  ...
[2m2026-07-26T01:32:12.560225Z[0m [32m INFO[0m [2mmoq_native_ietf::quic[0m[2m:[0m UDP socket bound [3mbind[0m[2m=[0m[::]:0 [3mlocal[0m[2m=[0m[::]:52547 [3mdual_stack[0m[2m=[0mtrue
not ok 7 - publish-track-only
  ---
  duration_ms: 163
  message: "publisher failed to connect to relay: failed to exchange h3 connect: protocol error: invalid protocol header: protocol error: invalid protocol header: invalid protocol header"
  ...
[2m2026-07-26T01:32:12.723871Z[0m [32m INFO[0m [2mmoq_native_ietf::quic[0m[2m:[0m UDP socket bound [3mbind[0m[2m=[0m[::]:0 [3mlocal[0m[2m=[0m[::]:57262 [3mdual_stack[0m[2m=[0mtrue
not ok 8 - publish-track-subscribe
  ---
  duration_ms: 159
  message: "publisher failed to connect: failed to exchange h3 connect: protocol error: invalid protocol header: protocol error: invalid protocol header: invalid protocol header"
  ...
make[1]: *** [Makefile:122: test-external] Error 1
make[1]: Leaving directory '/home/runner/work/moq-interop-runner/moq-interop-runner/main'
