make[1]: Entering directory '/home/runner/work/moq-interop-runner/moq-interop-runner/main'
Running tests against moqt://us-west-2.relay.quicr.org:33437...
  Client: ghcr.io/facebookexperimental/moxygen-interop-client:latest-amd64
docker run --rm \
	 \
	--network host \
	-e RELAY_URL=moqt://us-west-2.relay.quicr.org:33437 \
	-e TLS_DISABLE_VERIFY=1 \
	ghcr.io/facebookexperimental/moxygen-interop-client:latest-amd64
TAP version 14
# moxygen interop test client
# Relay: moqt://us-west-2.relay.quicr.org:33437
# Transport: QUIC
1..6
ok 1 - setup-only
  ---
  duration_ms: 81
  info: SETUP exchange completed successfully
  ...
W0726 01:47:26.521828     1 MoQSession.cpp:5512] Issuing request that will fail; nextRequestID_=0 peerMaxRequestID_=0 sess=0x55ed4fc9ba50
E0726 01:47:26.557433     1 MoQRelaySession.cpp:1116] PublishNamespaceDone for unknown publishNamespace, sess=0x55ed4fc9ba50
ok 2 - announce-only
  ---
  duration_ms: 110
  info: PUBLISH_NAMESPACE completed successfully
  ...
W0726 01:47:26.632461     1 MoQSession.cpp:5512] Issuing request that will fail; nextRequestID_=0 peerMaxRequestID_=0 sess=0x55ed4fc9b360
E0726 01:47:26.668051     1 MoQCodec.cpp:126] Conn error=3
E0726 01:47:26.668065     1 MoQSession.cpp:5296] MoQCodec control stream parse error err=3
ok 3 - subscribe-error
  ---
  duration_ms: 110
  info: Subscribe correctly returned error: Session closed
  ...
W0726 01:47:26.744477     1 MoQSession.cpp:5512] Issuing request that will fail; nextRequestID_=0 peerMaxRequestID_=0 sess=0x55ed4fcb7f40
W0726 01:47:26.856420     1 MoQSession.cpp:5512] Issuing request that will fail; nextRequestID_=0 peerMaxRequestID_=0 sess=0x55ed4fc264a0
E0726 01:47:26.892236     1 MoQCodec.cpp:126] Conn error=3
E0726 01:47:26.892251     1 MoQSession.cpp:5296] MoQCodec control stream parse error err=3
E0726 01:47:26.892330     1 MoQSession.cpp:5739] publishDone for invalid id=1 sess=0x55ed4fcb7f40
not ok 4 - announce-subscribe
  ---
  duration_ms: 224
  error: Subscribe failed: Session closed
  ...
W0726 01:47:26.967857     1 MoQSession.cpp:5512] Issuing request that will fail; nextRequestID_=0 peerMaxRequestID_=0 sess=0x55ed4fc95ac0
ok 5 - publish-namespace-done
  ---
  duration_ms: 111
  info: PUBLISH_NAMESPACE_OK received, PUBLISH_NAMESPACE_DONE sent
  ...
W0726 01:47:27.079388     1 MoQSession.cpp:5512] Issuing request that will fail; nextRequestID_=0 peerMaxRequestID_=0 sess=0x55ed4fc94b60
E0726 01:47:27.115413     1 MoQCodec.cpp:126] Conn error=3
E0726 01:47:27.115434     1 MoQSession.cpp:5296] MoQCodec control stream parse error err=3
W0726 01:47:27.655023     1 MoQSession.cpp:5512] Issuing request that will fail; nextRequestID_=0 peerMaxRequestID_=0 sess=0x55ed4fc76bf0
ok 6 - subscribe-before-announce
  ---
  duration_ms: 686
  info: Subscribe returned error (relay doesn't buffer pending subscriptions): Session closed
  ...
make[1]: *** [Makefile:122: test-external] Error 1
make[1]: Leaving directory '/home/runner/work/moq-interop-runner/moq-interop-runner/main'
