make[1]: Entering directory '/home/runner/work/moq-interop-runner/moq-interop-runner/main'
rm -rf mlog/
mkdir -p mlog/relay mlog/client
Running interop tests...
  Relay:  aiomoqt-interop-relay-quic:latest
  Client: ghcr.io/facebookexperimental/moxygen-interop-client:latest-amd64
  URL:    moqt://relay:4443
time="2026-07-21T01:08:13Z" level=warning msg="The \"PORT\" variable is not set. Defaulting to a blank string."
time="2026-07-21T01:08:13Z" level=warning msg="The \"PORT\" variable is not set. Defaulting to a blank string."
time="2026-07-21T01:08:13Z" level=warning msg="The \"PORT\" variable is not set. Defaulting to a blank string."
time="2026-07-21T01:08:13Z" level=warning msg="The \"HEX\" variable is not set. Defaulting to a blank string."
time="2026-07-21T01:08:13Z" level=warning msg="The \"HEX\" variable is not set. Defaulting to a blank string."
 Container main-relay-1  Recreate
 Container main-relay-1  Recreated
 Container main-test-client-1  Recreate
 Container main-test-client-1  Recreated
Attaching to relay-1, test-client-1
relay-1        | 2026-07-21 01:08:13.527 INFO : Starting MOQT server on 0.0.0.0:4443
relay-1        | ================================================================
relay-1        |  EXPERIMENTAL aiomoqt interop relay — control-plane only.
relay-1        |  NOT a production relay: no data forwarding, no auth,
relay-1        |  no scale handling. Use moxygen / moq-rs for real workloads.
relay-1        | ================================================================
relay-1        | Listening on 0.0.0.0:4443 (raw QUIC, draft-[16, 18, 14])
test-client-1  | TAP version 14
test-client-1  | # moxygen interop test client
test-client-1  | # Relay: moqt://relay:4443
test-client-1  | # Transport: QUIC
test-client-1  | 1..6
relay-1        | 2026-07-21 01:08:18.937 INFO : MOQT: version set from ALPN: moqt-16 -> draft-16
relay-1        | 2026-07-21 01:08:18.937 INFO : deserializing param 1 length 0
relay-1        | 2026-07-21 01:08:18.937 INFO : MOQT event: control message parsed: ClientSetup(versions=[], parameters={PATH="", MAX_REQUEST_ID=100, MAX_AUTH_TOKEN_CACHE_SIZE=1024}))
relay-1        | 2026-07-21 01:08:18.937 INFO : MOQT event: handle ClientSetup(versions=[], parameters={PATH="", MAX_REQUEST_ID=100, MAX_AUTH_TOKEN_CACHE_SIZE=1024})
relay-1        | 2026-07-21 01:08:18.937 INFO : MOQT send: ServerSetup(selected_version=0xff00000e, parameters={})
relay-1        | 2026-07-21 01:08:18.937 INFO : Serialized 0 parameters: b'\x00\x12\xc5\xa3;\x7f\x00\x00\x10\x12\xc5\xa3'
relay-1        | 2026-07-21 01:08:18.938 INFO : QUIC: connection closed: code: 0
test-client-1  | ok 1 - setup-only
relay-1        | 2026-07-21 01:08:18.938 INFO : MOQT: closing: ConnectionTerminated (0)
test-client-1  |   ---
test-client-1  |   duration_ms: 9
test-client-1  |   info: SETUP exchange completed successfully
test-client-1  |   ...
relay-1        | 2026-07-21 01:08:18.939 INFO : MOQT: version set from ALPN: moqt-16 -> draft-16
relay-1        | 2026-07-21 01:08:18.939 INFO : deserializing param 1 length 0
relay-1        | 2026-07-21 01:08:18.939 INFO : MOQT event: control message parsed: ClientSetup(versions=[], parameters={PATH="", MAX_REQUEST_ID=100, MAX_AUTH_TOKEN_CACHE_SIZE=1024}))
relay-1        | 2026-07-21 01:08:18.939 INFO : MOQT event: handle ClientSetup(versions=[], parameters={PATH="", MAX_REQUEST_ID=100, MAX_AUTH_TOKEN_CACHE_SIZE=1024})
relay-1        | 2026-07-21 01:08:18.940 INFO : MOQT send: ServerSetup(selected_version=0xff00000e, parameters={})
relay-1        | 2026-07-21 01:08:18.940 INFO : Serialized 0 parameters: b'\x00\x12\xc5\xa3;\x7f\x00\x00\x10\x12\xc5\xa3'
test-client-1  | W0721 01:08:18.940282     1 MoQSession.cpp:5473] Issuing request that will fail; nextRequestID_=0 peerMaxRequestID_=0 sess=0x55cbf2b57950
relay-1        | 2026-07-21 01:08:18.940 INFO : MOQT event: control message parsed: PublishNamespace(request_id=0, namespace=["moq-test"], parameters={}))
relay-1        | 2026-07-21 01:08:18.940 INFO : relay: announce ns=(b'moq-test',) -> count=1
relay-1        | 2026-07-21 01:08:18.940 INFO : MOQT send: RequestOk(request_id=0, parameters=None) request_id: 0 namespace: (b'moq-test',)
relay-1        | 2026-07-21 01:08:18.940 INFO : Serialized 0 parameters: b'\x00\x00\xc5\xa3;\x7f\x00\x00\x10\x12\xc5\xa3'
test-client-1  | E0721 01:08:18.940941     1 MoQRelaySession.cpp:880] PublishNamespaceDone for unknown publishNamespace, sess=0x55cbf2b57950
relay-1        | 2026-07-21 01:08:18.940 INFO : QUIC: connection closed: code: 0
relay-1        | 2026-07-21 01:08:18.941 INFO : MOQT: closing: ConnectionTerminated (0)
test-client-1  | ok 2 - announce-only
test-client-1  |   ---
test-client-1  |   duration_ms: 3
test-client-1  |   info: PUBLISH_NAMESPACE completed successfully
test-client-1  |   ...
relay-1        | 2026-07-21 01:08:18.942 INFO : MOQT: version set from ALPN: moqt-16 -> draft-16
relay-1        | 2026-07-21 01:08:18.942 INFO : deserializing param 1 length 0
relay-1        | 2026-07-21 01:08:18.942 INFO : MOQT event: control message parsed: ClientSetup(versions=[], parameters={PATH="", MAX_REQUEST_ID=100, MAX_AUTH_TOKEN_CACHE_SIZE=1024}))
relay-1        | 2026-07-21 01:08:18.942 INFO : MOQT event: handle ClientSetup(versions=[], parameters={PATH="", MAX_REQUEST_ID=100, MAX_AUTH_TOKEN_CACHE_SIZE=1024})
relay-1        | 2026-07-21 01:08:18.942 INFO : MOQT send: ServerSetup(selected_version=0xff00000e, parameters={})
relay-1        | 2026-07-21 01:08:18.942 INFO : Serialized 0 parameters: b'\x00\x12\xc5\xa3;\x7f\x00\x00\x10\x12\xc5\xa3'
test-client-1  | W0721 01:08:18.943073     1 MoQSession.cpp:5473] Issuing request that will fail; nextRequestID_=0 peerMaxRequestID_=0 sess=0x55cbf2b57950
relay-1        | 2026-07-21 01:08:18.943 INFO : deserializing param 33 length 2
relay-1        | 2026-07-21 01:08:18.943 INFO : MOQT event: control message parsed: Subscribe(request_id=0, track_namespace=["nonexistent"], track_name="no-such-track", priority=None, group_order=None, forward=None, filter_type=250, start_group=None, start_object=None, end_group=None, parameters={}, track_alias=None, libquicr_compat=False))
relay-1        | 2026-07-21 01:08:18.943 INFO : relay: subscribe ns=(b'nonexistent',) track=b'no-such-track' -> ERROR (not announced)
relay-1        | 2026-07-21 01:08:18.943 INFO : MOQT send: RequestError(request_id=0, error_code=16, retry_interval=0, reason=track does not exist)
relay-1        | 2026-07-21 01:08:18.943 INFO : QUIC: connection closed: code: 0
test-client-1  | ok 3 - subscribe-error
test-client-1  |   ---
test-client-1  |   duration_ms: 2
test-client-1  |   info: Subscribe correctly returned error: track does not exist
test-client-1  |   ...
relay-1        | 2026-07-21 01:08:18.943 INFO : MOQT: closing: ConnectionTerminated (0)
relay-1        | 2026-07-21 01:08:18.945 INFO : MOQT: version set from ALPN: moqt-16 -> draft-16
relay-1        | 2026-07-21 01:08:18.945 INFO : deserializing param 1 length 0
relay-1        | 2026-07-21 01:08:18.945 INFO : MOQT event: control message parsed: ClientSetup(versions=[], parameters={PATH="", MAX_REQUEST_ID=100, MAX_AUTH_TOKEN_CACHE_SIZE=1024}))
relay-1        | 2026-07-21 01:08:18.945 INFO : MOQT event: handle ClientSetup(versions=[], parameters={PATH="", MAX_REQUEST_ID=100, MAX_AUTH_TOKEN_CACHE_SIZE=1024})
relay-1        | 2026-07-21 01:08:18.945 INFO : MOQT send: ServerSetup(selected_version=0xff00000e, parameters={})
relay-1        | 2026-07-21 01:08:18.945 INFO : Serialized 0 parameters: b'\x00\x12\xc5\xa3;\x7f\x00\x00\x10\x12\xc5\xa3'
test-client-1  | W0721 01:08:18.945859     1 MoQSession.cpp:5473] Issuing request that will fail; nextRequestID_=0 peerMaxRequestID_=0 sess=0x55cbf2b72cb0
relay-1        | 2026-07-21 01:08:18.946 INFO : MOQT event: control message parsed: PublishNamespace(request_id=0, namespace=["moq-interop-test"], parameters={}))
relay-1        | 2026-07-21 01:08:18.946 INFO : relay: announce ns=(b'moq-interop-test',) -> count=1
relay-1        | 2026-07-21 01:08:18.946 INFO : MOQT send: RequestOk(request_id=0, parameters=None) request_id: 0 namespace: (b'moq-interop-test',)
relay-1        | 2026-07-21 01:08:18.946 INFO : Serialized 0 parameters: b'\x00\x00\xc5\xa3;\x7f\x00\x00\x10\x12\xc5\xa3'
relay-1        | 2026-07-21 01:08:18.947 INFO : MOQT: version set from ALPN: moqt-16 -> draft-16
relay-1        | 2026-07-21 01:08:18.948 INFO : deserializing param 1 length 0
relay-1        | 2026-07-21 01:08:18.948 INFO : MOQT event: control message parsed: ClientSetup(versions=[], parameters={PATH="", MAX_REQUEST_ID=100, MAX_AUTH_TOKEN_CACHE_SIZE=1024}))
relay-1        | 2026-07-21 01:08:18.948 INFO : MOQT event: handle ClientSetup(versions=[], parameters={PATH="", MAX_REQUEST_ID=100, MAX_AUTH_TOKEN_CACHE_SIZE=1024})
relay-1        | 2026-07-21 01:08:18.948 INFO : MOQT send: ServerSetup(selected_version=0xff00000e, parameters={})
relay-1        | 2026-07-21 01:08:18.948 INFO : Serialized 0 parameters: b'\x00\x11\xc5\xa3;\x7f\x00\x00P\x11\xc5\xa3'
test-client-1  | W0721 01:08:18.948397     1 MoQSession.cpp:5473] Issuing request that will fail; nextRequestID_=0 peerMaxRequestID_=0 sess=0x55cbf2b6b8e0
relay-1        | 2026-07-21 01:08:18.948 INFO : deserializing param 33 length 2
relay-1        | 2026-07-21 01:08:18.948 INFO : MOQT event: control message parsed: Subscribe(request_id=0, track_namespace=["moq-interop-test"], track_name="interop-track", priority=None, group_order=None, forward=None, filter_type=250, start_group=None, start_object=None, end_group=None, parameters={}, track_alias=None, libquicr_compat=False))
relay-1        | 2026-07-21 01:08:18.948 INFO : relay: subscribe ns=(b'moq-interop-test',) track=b'interop-track' -> SUBSCRIBE_OK
relay-1        | 2026-07-21 01:08:18.948 INFO : MOQT send: SubscribeOk(request_id=0, track_alias=0, expires=0, group_order=1, content_exists=0, largest_group_id=None, largest_object_id=None, parameters={}, track_extensions=None)
relay-1        | 2026-07-21 01:08:18.948 INFO : Serializing param 8 value 0
relay-1        | 2026-07-21 01:08:18.948 INFO : Serialized 1 parameters: b'\x00\x00\x01\x08\x00\x7f\x00\x00P\x11\xc5\xa3'
relay-1        | 2026-07-21 01:08:18.948 INFO : QUIC: connection closed: code: 0
test-client-1  | ok 4 - announce-subscribe
test-client-1  |   ---
relay-1        | 2026-07-21 01:08:18.949 INFO : MOQT: closing: ConnectionTerminated (0)
relay-1        | 2026-07-21 01:08:18.949 INFO : QUIC: connection closed: code: 0
relay-1        | 2026-07-21 01:08:18.949 INFO : MOQT: closing: ConnectionTerminated (0)
test-client-1  |   duration_ms: 5
test-client-1  |   info: Publisher announced, subscriber subscribed successfully
test-client-1  |   ...
relay-1        | 2026-07-21 01:08:18.950 INFO : MOQT: version set from ALPN: moqt-16 -> draft-16
relay-1        | 2026-07-21 01:08:18.950 INFO : deserializing param 1 length 0
relay-1        | 2026-07-21 01:08:18.950 INFO : MOQT event: control message parsed: ClientSetup(versions=[], parameters={PATH="", MAX_REQUEST_ID=100, MAX_AUTH_TOKEN_CACHE_SIZE=1024}))
relay-1        | 2026-07-21 01:08:18.950 INFO : MOQT event: handle ClientSetup(versions=[], parameters={PATH="", MAX_REQUEST_ID=100, MAX_AUTH_TOKEN_CACHE_SIZE=1024})
relay-1        | 2026-07-21 01:08:18.950 INFO : MOQT send: ServerSetup(selected_version=0xff00000e, parameters={})
relay-1        | 2026-07-21 01:08:18.950 INFO : Serialized 0 parameters: b'\x00\x12\xc5\xa3;\x7f\x00\x00\x10\x12\xc5\xa3'
test-client-1  | W0721 01:08:18.951017     1 MoQSession.cpp:5473] Issuing request that will fail; nextRequestID_=0 peerMaxRequestID_=0 sess=0x55cbf2b80820
relay-1        | 2026-07-21 01:08:18.951 INFO : MOQT event: control message parsed: PublishNamespace(request_id=0, namespace=["moq-test", "interop"], parameters={}))
relay-1        | 2026-07-21 01:08:18.951 INFO : relay: announce ns=(b'moq-test', b'interop') -> count=1
relay-1        | 2026-07-21 01:08:18.951 INFO : MOQT send: RequestOk(request_id=0, parameters=None) request_id: 0 namespace: (b'moq-test', b'interop')
relay-1        | 2026-07-21 01:08:18.951 INFO : Serialized 0 parameters: b'\x00\x00\xc5\xa3;\x7f\x00\x00\x10\x12\xc5\xa3'
test-client-1  | ok 5 - publish-namespace-done
test-client-1  |   ---
test-client-1  |   duration_ms: 2
test-client-1  |   info: PUBLISH_NAMESPACE_OK received, PUBLISH_NAMESPACE_DONE sent
test-client-1  |   ...
relay-1        | 2026-07-21 01:08:18.951 INFO : QUIC: connection closed: code: 0
relay-1        | 2026-07-21 01:08:18.951 INFO : MOQT: closing: ConnectionTerminated (0)
relay-1        | 2026-07-21 01:08:18.953 INFO : MOQT: version set from ALPN: moqt-16 -> draft-16
relay-1        | 2026-07-21 01:08:18.953 INFO : deserializing param 1 length 0
relay-1        | 2026-07-21 01:08:18.953 INFO : MOQT event: control message parsed: ClientSetup(versions=[], parameters={PATH="", MAX_REQUEST_ID=100, MAX_AUTH_TOKEN_CACHE_SIZE=1024}))
relay-1        | 2026-07-21 01:08:18.953 INFO : MOQT event: handle ClientSetup(versions=[], parameters={PATH="", MAX_REQUEST_ID=100, MAX_AUTH_TOKEN_CACHE_SIZE=1024})
relay-1        | 2026-07-21 01:08:18.953 INFO : MOQT send: ServerSetup(selected_version=0xff00000e, parameters={})
relay-1        | 2026-07-21 01:08:18.953 INFO : Serialized 0 parameters: b'\x00\x12\xc5\xa3;\x7f\x00\x00\x10\x12\xc5\xa3'
test-client-1  | W0721 01:08:18.953685     1 MoQSession.cpp:5473] Issuing request that will fail; nextRequestID_=0 peerMaxRequestID_=0 sess=0x55cbf2b80820
relay-1        | 2026-07-21 01:08:18.953 INFO : deserializing param 33 length 2
relay-1        | 2026-07-21 01:08:18.953 INFO : MOQT event: control message parsed: Subscribe(request_id=0, track_namespace=["moq-test", "interop"], track_name="test-track", priority=None, group_order=None, forward=None, filter_type=250, start_group=None, start_object=None, end_group=None, parameters={}, track_alias=None, libquicr_compat=False))
relay-1        | 2026-07-21 01:08:18.954 INFO : relay: subscribe ns=(b'moq-test', b'interop') track=b'test-track' -> SUBSCRIBE_OK
relay-1        | 2026-07-21 01:08:18.954 INFO : MOQT send: SubscribeOk(request_id=0, track_alias=0, expires=0, group_order=1, content_exists=0, largest_group_id=None, largest_object_id=None, parameters={}, track_extensions=None)
relay-1        | 2026-07-21 01:08:18.954 INFO : Serializing param 8 value 0
relay-1        | 2026-07-21 01:08:18.954 INFO : Serialized 1 parameters: b'\x00\x00\x01\x08\x00\x7f\x00\x00\x10\x12\xc5\xa3'
relay-1        | 2026-07-21 01:08:19.021 INFO : QUIC: connection closed: code: 0
relay-1        | 2026-07-21 01:08:19.021 INFO : MOQT: closing: ConnectionTerminated (0)
relay-1        | 2026-07-21 01:08:19.021 INFO : QUIC: connection closed: code: 0
relay-1        | 2026-07-21 01:08:19.021 INFO : MOQT: closing: ConnectionTerminated (0)
relay-1        | 2026-07-21 01:08:19.024 INFO : QUIC: connection closed: code: 0
relay-1        | 2026-07-21 01:08:19.024 INFO : MOQT: closing: ConnectionTerminated (0)
relay-1        | 2026-07-21 01:08:19.026 INFO : QUIC: connection closed: code: 0
relay-1        | 2026-07-21 01:08:19.026 INFO : MOQT: closing: ConnectionTerminated (0)
relay-1        | 2026-07-21 01:08:19.029 INFO : QUIC: connection closed: code: 0
relay-1        | 2026-07-21 01:08:19.029 INFO : MOQT: closing: ConnectionTerminated (0)
relay-1        | 2026-07-21 01:08:19.031 INFO : QUIC: connection closed: code: 0
relay-1        | 2026-07-21 01:08:19.031 INFO : MOQT: closing: ConnectionTerminated (0)
relay-1        | 2026-07-21 01:08:19.456 INFO : MOQT: version set from ALPN: moqt-16 -> draft-16
relay-1        | 2026-07-21 01:08:19.456 INFO : deserializing param 1 length 0
relay-1        | 2026-07-21 01:08:19.456 INFO : MOQT event: control message parsed: ClientSetup(versions=[], parameters={PATH="", MAX_REQUEST_ID=100, MAX_AUTH_TOKEN_CACHE_SIZE=1024}))
relay-1        | 2026-07-21 01:08:19.456 INFO : MOQT event: handle ClientSetup(versions=[], parameters={PATH="", MAX_REQUEST_ID=100, MAX_AUTH_TOKEN_CACHE_SIZE=1024})
relay-1        | 2026-07-21 01:08:19.456 INFO : MOQT send: ServerSetup(selected_version=0xff00000e, parameters={})
relay-1        | 2026-07-21 01:08:19.456 INFO : Serialized 0 parameters: b'\x00\x11\xc5\xa3;\x7f\x00\x00P\x11\xc5\xa3'
test-client-1  | W0721 01:08:19.457064     1 MoQSession.cpp:5473] Issuing request that will fail; nextRequestID_=0 peerMaxRequestID_=0 sess=0x55cbf2b7ba90
relay-1        | 2026-07-21 01:08:19.457 INFO : MOQT event: control message parsed: PublishNamespace(request_id=0, namespace=["moq-test", "interop"], parameters={}))
relay-1        | 2026-07-21 01:08:19.457 INFO : relay: announce ns=(b'moq-test', b'interop') -> count=2
relay-1        | 2026-07-21 01:08:19.457 INFO : MOQT send: RequestOk(request_id=0, parameters=None) request_id: 0 namespace: (b'moq-test', b'interop')
relay-1        | 2026-07-21 01:08:19.457 INFO : Serialized 0 parameters: b'\x00\x00\xc5\xa3;\x7f\x00\x00P\x11\xc5\xa3'
test-client-1  | ok 6 - subscribe-before-announce
test-client-1  |   ---
test-client-1  |   duration_ms: 506
test-client-1  |   info: Subscribe succeeded after publisher announced (relay buffers pending subscriptions)
test-client-1  |   ...
relay-1        | 2026-07-21 01:08:19.457 INFO : QUIC: connection closed: code: 0
relay-1        | 2026-07-21 01:08:19.457 INFO : MOQT: closing: ConnectionTerminated (0)
relay-1        | 2026-07-21 01:08:19.457 INFO : QUIC: connection closed: code: 0
relay-1        | 2026-07-21 01:08:19.457 INFO : MOQT: closing: ConnectionTerminated (0)
relay-1        | 2026-07-21 01:08:19.457 INFO : QUIC: connection closed: code: 0
relay-1        | 2026-07-21 01:08:19.458 INFO : MOQT: closing: ConnectionTerminated (0)
relay-1        | 2026-07-21 01:08:19.539 INFO : QUIC: connection closed: code: 0
relay-1        | 2026-07-21 01:08:19.539 INFO : MOQT: closing: ConnectionTerminated (0)
[Ktest-client-1 exited with code 0
Aborting on container exit...
 Container main-test-client-1  Stopping
 Container main-test-client-1  Stopped
 Container main-relay-1  Stopping
 Container main-relay-1  Stopped

Test results in mlog/
make[1]: Leaving directory '/home/runner/work/moq-interop-runner/moq-interop-runner/main'
