make[1]: Entering directory '/home/runner/work/moq-interop-runner/moq-interop-runner/main'
Running tests against https://fb.mvfst.net:9448/moq-relay...
  Client: ghcr.io/englishm/moq-interop-runner-moq-test-client-draft-18:latest
docker run --rm \
	 \
	--network host \
	-e RELAY_URL=https://fb.mvfst.net:9448/moq-relay \
	-e TLS_DISABLE_VERIFY=1 \
	ghcr.io/englishm/moq-interop-runner-moq-test-client-draft-18:latest
TAP version 14
# moq-test-client v0.1.12
# Relay: https://fb.mvfst.net:9448/moq-relay
1..18
[2m2026-09-29T00:52:36.855250Z[0m [32m INFO[0m [2mmoq_native_ietf::quic[0m[2m:[0m UDP socket bound [3mbind[0m[2m=[0m[::]:0 [3mlocal[0m[2m=[0m[::]:60177 [3mdual_stack[0m[2m=[0mtrue
[2m2026-09-29T00:52:37.037456Z[0m [32m INFO[0m [2mmoq_test_client::scenarios[0m[2m:[0m SETUP exchange completed successfully
ok 1 - setup-only
  ---
  duration_ms: 183
  connection_id: fb12650abb35c4f759fefc3b8eb40504
  ...
[2m2026-09-29T00:52:37.038459Z[0m [32m INFO[0m [2mmoq_native_ietf::quic[0m[2m:[0m UDP socket bound [3mbind[0m[2m=[0m[::]:0 [3mlocal[0m[2m=[0m[::]:53603 [3mdual_stack[0m[2m=[0mtrue
[2m2026-09-29T00:52:37.092920Z[0m [33m WARN[0m [2mweb_transport_quinn::session[0m[2m:[0m failed to read capsule [3me[0m[2m=[0mUnexpectedEnd
[2m2026-09-29T00:52:37.267876Z[0m [32m INFO[0m [2mmoq_test_client::scenarios[0m[2m:[0m Sending PUBLISH_NAMESPACE for: moq-test/interop
[2m2026-09-29T00:52:39.269572Z[0m [32m INFO[0m [2mmoq_test_client::scenarios[0m[2m:[0m PUBLISH_NAMESPACE succeeded (REQUEST_OK received, waiting for subscribers)
ok 2 - publish-namespace-only
  ---
  duration_ms: 2232
  connection_id: e0150ad3879ee3c76ca867c97ce0d5eb
  ...
[2m2026-09-29T00:52:39.270717Z[0m [32m INFO[0m [2mmoq_native_ietf::quic[0m[2m:[0m UDP socket bound [3mbind[0m[2m=[0m[::]:0 [3mlocal[0m[2m=[0m[::]:37723 [3mdual_stack[0m[2m=[0mtrue
[2m2026-09-29T00:52:39.326517Z[0m [33m WARN[0m [2mweb_transport_quinn::session[0m[2m:[0m failed to read capsule [3me[0m[2m=[0mUnexpectedEnd
[2m2026-09-29T00:52:39.498937Z[0m [32m INFO[0m [2mmoq_test_client::scenarios[0m[2m:[0m Subscribing to non-existent track: nonexistent/namespace/test-track
[2m2026-09-29T00:52:39.556265Z[0m [33m WARN[0m [2mmoq_transport::serve::error[0m[2m:[0m [aa18d706-2da0-4cb0-9011-e6a69effcea4] Not found: no such namespace or track at moq-transport/src/session/subscriber.rs:1653
ok 3 - subscribe-error
  ---
  duration_ms: 286
  connection_id: ddf975a634c72823c2c621d6856f809f
  ...
[2m2026-09-29T00:52:39.556449Z[0m [32m INFO[0m [2mmoq_test_client::scenarios[0m[2m:[0m Got expected 'not found' error: not found: Track not found [error:aa18d706-2da0-4cb0-9011-e6a69effcea4]
[2m2026-09-29T00:52:39.557572Z[0m [32m INFO[0m [2mmoq_native_ietf::quic[0m[2m:[0m UDP socket bound [3mbind[0m[2m=[0m[::]:0 [3mlocal[0m[2m=[0m[::]:50236 [3mdual_stack[0m[2m=[0mtrue
[2m2026-09-29T00:52:39.612233Z[0m [33m WARN[0m [2mweb_transport_quinn::session[0m[2m:[0m failed to read capsule [3me[0m[2m=[0mUnexpectedEnd
[2m2026-09-29T00:52:39.712911Z[0m [32m INFO[0m [2mmoq_native_ietf::quic[0m[2m:[0m UDP socket bound [3mbind[0m[2m=[0m[::]:0 [3mlocal[0m[2m=[0m[::]:37586 [3mdual_stack[0m[2m=[0mtrue
[2m2026-09-29T00:52:39.863124Z[0m [32m INFO[0m [2mmoq_test_client::scenarios[0m[2m:[0m Publisher sending PUBLISH_NAMESPACE: moq-test/interop
[2m2026-09-29T00:52:39.863141Z[0m [32m INFO[0m [2mmoq_test_client::scenarios[0m[2m:[0m Subscriber subscribing to track: moq-test/interop/test-track
[2m2026-09-29T00:52:39.921660Z[0m [33m WARN[0m [2mmoq_transport::serve::error[0m[2m:[0m [96913edc-04f8-40f5-b58f-71fc015637fe] Not found: no such namespace or track at moq-transport/src/session/subscriber.rs:1653
[2m2026-09-29T00:52:39.921948Z[0m [32m INFO[0m [2mmoq_test_client::scenarios[0m[2m:[0m Subscriber got error: not found: Track not found [error:96913edc-04f8-40f5-b58f-71fc015637fe] - subscription was processed
ok 4 - publish-namespace-subscribe
  ---
  duration_ms: 365
  publisher_connection_id: c170805c89cd4445386db1f494a494e7
  subscriber_connection_id: c026f439497e9f46e453405737b231ca
  ...
[2m2026-09-29T00:52:39.923129Z[0m [32m INFO[0m [2mmoq_native_ietf::quic[0m[2m:[0m UDP socket bound [3mbind[0m[2m=[0m[::]:0 [3mlocal[0m[2m=[0m[::]:57667 [3mdual_stack[0m[2m=[0mtrue
[2m2026-09-29T00:52:39.976966Z[0m [33m WARN[0m [2mweb_transport_quinn::session[0m[2m:[0m failed to read capsule [3me[0m[2m=[0mUnexpectedEnd
[2m2026-09-29T00:52:39.981485Z[0m [33m WARN[0m [2mweb_transport_quinn::session[0m[2m:[0m failed to read capsule [3me[0m[2m=[0mUnexpectedEnd
[2m2026-09-29T00:52:40.074092Z[0m [32m INFO[0m [2mmoq_test_client::scenarios[0m[2m:[0m Subscriber subscribing BEFORE PUBLISH_NAMESPACE: moq-test/interop/test-track
[2m2026-09-29T00:52:40.131829Z[0m [33m WARN[0m [2mmoq_transport::serve::error[0m[2m:[0m [f1669eb7-61cf-41d1-8ece-542e7eb59154] Not found: no such namespace or track at moq-transport/src/session/subscriber.rs:1653
[2m2026-09-29T00:52:40.188195Z[0m [33m WARN[0m [2mweb_transport_quinn::session[0m[2m:[0m failed to read capsule [3me[0m[2m=[0mUnexpectedEnd
[2m2026-09-29T00:52:40.575947Z[0m [32m INFO[0m [2mmoq_native_ietf::quic[0m[2m:[0m UDP socket bound [3mbind[0m[2m=[0m[::]:0 [3mlocal[0m[2m=[0m[::]:36646 [3mdual_stack[0m[2m=[0mtrue
[2m2026-09-29T00:52:40.701535Z[0m [32m INFO[0m [2mmoq_test_client::scenarios[0m[2m:[0m Publisher sending PUBLISH_NAMESPACE (after subscriber): moq-test/interop
[2m2026-09-29T00:52:43.704076Z[0m [32m INFO[0m [2mmoq_test_client::scenarios[0m[2m:[0m Publisher PUBLISH_NAMESPACE timeout (expected)
[2m2026-09-29T00:52:43.704105Z[0m [32m INFO[0m [2mmoq_test_client::scenarios[0m[2m:[0m Subscriber got error: not found: Track not found [error:f1669eb7-61cf-41d1-8ece-542e7eb59154] (may be expected)
ok 5 - subscribe-before-publish-namespace
  ---
  duration_ms: 3782
  subscriber_connection_id: 833ca01151293df8bf00f7036948180c
  publisher_connection_id: 7e709daea0895b8d17c8c9dd5076c85a
  ...
[2m2026-09-29T00:52:43.705194Z[0m [32m INFO[0m [2mmoq_native_ietf::quic[0m[2m:[0m UDP socket bound [3mbind[0m[2m=[0m[::]:0 [3mlocal[0m[2m=[0m[::]:58682 [3mdual_stack[0m[2m=[0mtrue
[2m2026-09-29T00:52:43.759883Z[0m [33m WARN[0m [2mweb_transport_quinn::session[0m[2m:[0m failed to read capsule [3me[0m[2m=[0mUnexpectedEnd
[2m2026-09-29T00:52:43.890544Z[0m [32m INFO[0m [2mmoq_test_client::scenarios[0m[2m:[0m Sending PUBLISH_NAMESPACE: moq-test/interop
[2m2026-09-29T00:52:45.891747Z[0m [32m INFO[0m [2mmoq_test_client::scenarios[0m[2m:[0m PUBLISH_NAMESPACE active; sending PUBLISH_NAMESPACE_DONE
ok 6 - publish-namespace-done
  ---
  duration_ms: 2287
  connection_id: 63d7292280096b959872fb94984012d3
  ...
[2m2026-09-29T00:52:45.992105Z[0m [32m INFO[0m [2mmoq_test_client::scenarios[0m[2m:[0m PUBLISH_NAMESPACE_DONE sent successfully
[2m2026-09-29T00:52:45.993216Z[0m [32m INFO[0m [2mmoq_native_ietf::quic[0m[2m:[0m UDP socket bound [3mbind[0m[2m=[0m[::]:0 [3mlocal[0m[2m=[0m[::]:40739 [3mdual_stack[0m[2m=[0mtrue
[2m2026-09-29T00:52:46.048805Z[0m [33m WARN[0m [2mweb_transport_quinn::session[0m[2m:[0m failed to read capsule [3me[0m[2m=[0mUnexpectedEnd
[2m2026-09-29T00:52:46.178175Z[0m [32m INFO[0m [2mmoq_test_client::scenarios[0m[2m:[0m Publisher sending direct PUBLISH [3mnamespace[0m[2m=[0m/moq-test/publish [3mtrack[0m[2m=[0m"published-track"
[2m2026-09-29T00:52:46.237011Z[0m [32m INFO[0m [2mmoq_test_client::scenarios[0m[2m:[0m PUBLISH accepted [3mnamespace[0m[2m=[0m/moq-test/publish [3mtrack[0m[2m=[0m"published-track"
[2m2026-09-29T00:52:46.237084Z[0m [32m INFO[0m [2mmoq_test_client::scenarios[0m[2m:[0m PUBLISH completed [3mnamespace[0m[2m=[0m/moq-test/publish [3mtrack[0m[2m=[0m"published-track"
ok 7 - publish-track-only
  ---
  duration_ms: 245
  connection_id: befa18c7357b6ea7001a9f408b306102
  ...
[2m2026-09-29T00:52:46.238218Z[0m [32m INFO[0m [2mmoq_native_ietf::quic[0m[2m:[0m UDP socket bound [3mbind[0m[2m=[0m[::]:0 [3mlocal[0m[2m=[0m[::]:53088 [3mdual_stack[0m[2m=[0mtrue
[2m2026-09-29T00:52:46.295923Z[0m [33m WARN[0m [2mweb_transport_quinn::session[0m[2m:[0m failed to read capsule [3me[0m[2m=[0mUnexpectedEnd
[2m2026-09-29T00:52:46.366780Z[0m [32m INFO[0m [2mmoq_native_ietf::quic[0m[2m:[0m UDP socket bound [3mbind[0m[2m=[0m[::]:0 [3mlocal[0m[2m=[0m[::]:51999 [3mdual_stack[0m[2m=[0mtrue
[2m2026-09-29T00:52:46.492665Z[0m [32m INFO[0m [2mmoq_test_client::scenarios[0m[2m:[0m Publisher sending direct PUBLISH before subscriber subscribes [3mnamespace[0m[2m=[0m/moq-test/publish [3mtrack[0m[2m=[0m"published-track"
[2m2026-09-29T00:52:46.549783Z[0m [32m INFO[0m [2mmoq_test_client::scenarios[0m[2m:[0m PUBLISH accepted; starting subscriber [3mnamespace[0m[2m=[0m/moq-test/publish [3mtrack[0m[2m=[0m"published-track"
[2m2026-09-29T00:52:46.606464Z[0m [33m WARN[0m [2mmoq_transport::session[0m[2m:[0m unexpected bidi response message type [3mmsg_type[0m[2m=[0m2
[2m2026-09-29T00:52:46.606485Z[0m [33m WARN[0m [2mmoq_transport::serve::error[0m[2m:[0m [b0970e0f-562b-4a7d-b567-8ae146b84734] Not implemented: bidi response type 0x2 at moq-transport/src/session/error.rs:89
not ok 8 - publish-track-subscribe
  ---
  duration_ms: 414
  message: "failed serving PUBLISH track: serve error: cancelled: cancelled"
  ...
[2m2026-09-29T00:52:46.652312Z[0m [32m INFO[0m [2mmoq_native_ietf::quic[0m[2m:[0m UDP socket bound [3mbind[0m[2m=[0m[::]:0 [3mlocal[0m[2m=[0m[::]:53814 [3mdual_stack[0m[2m=[0mtrue
[2m2026-09-29T00:52:46.707803Z[0m [33m WARN[0m [2mweb_transport_quinn::session[0m[2m:[0m failed to read capsule [3me[0m[2m=[0mUnexpectedEnd
[2m2026-09-29T00:52:46.710087Z[0m [33m WARN[0m [2mweb_transport_quinn::session[0m[2m:[0m failed to read capsule [3me[0m[2m=[0mUnexpectedEnd
[2m2026-09-29T00:52:46.782530Z[0m [32m INFO[0m [2mmoq_test_client::scenarios[0m[2m:[0m Subscribing with RENDEZVOUS_TIMEOUT to a track with no publisher [3mtimeout_ms[0m[2m=[0m500
ok 9 - rendezvous-timeout
  ---
  duration_ms: 688
  connection_id: 07d5b294acb9a54e3be027f35a63111a
  ...
[2m2026-09-29T00:52:47.340178Z[0m [32m INFO[0m [2mmoq_test_client::scenarios[0m[2m:[0m Received expected REQUEST_ERROR TIMEOUT
[2m2026-09-29T00:52:47.341274Z[0m [32m INFO[0m [2mmoq_native_ietf::quic[0m[2m:[0m UDP socket bound [3mbind[0m[2m=[0m[::]:0 [3mlocal[0m[2m=[0m[::]:37342 [3mdual_stack[0m[2m=[0mtrue
[2m2026-09-29T00:52:47.396022Z[0m [33m WARN[0m [2mweb_transport_quinn::session[0m[2m:[0m failed to read capsule [3me[0m[2m=[0mUnexpectedEnd
[2m2026-09-29T00:52:47.672258Z[0m [32m INFO[0m [2mmoq_native_ietf::quic[0m[2m:[0m UDP socket bound [3mbind[0m[2m=[0m[::]:0 [3mlocal[0m[2m=[0m[::]:48181 [3mdual_stack[0m[2m=[0mtrue
[2m2026-09-29T00:52:47.881039Z[0m [33m WARN[0m [2mmoq_transport::session[0m[2m:[0m unexpected bidi response message type [3mmsg_type[0m[2m=[0m2
[2m2026-09-29T00:52:47.881062Z[0m [33m WARN[0m [2mmoq_transport::serve::error[0m[2m:[0m [9b1a7f7f-58c5-4e6c-b603-893b93642251] Not implemented: bidi response type 0x2 at moq-transport/src/session/error.rs:89
[2m2026-09-29T00:52:47.881665Z[0m [32m INFO[0m [2mmoq_test_client::moqtest[0m[2m:[0m PUBLISH accepted and subscription bound; generating objects [3mobjects[0m[2m=[0m15 [3mstreams[0m[2m=[0m3
not ok 10 - moq-test-subgroup-per-group
  ---
  duration_ms: 556
  message: "failed to create subgroup: cancelled"
  ...
[2m2026-09-29T00:52:47.897424Z[0m [32m INFO[0m [2mmoq_native_ietf::quic[0m[2m:[0m UDP socket bound [3mbind[0m[2m=[0m[::]:0 [3mlocal[0m[2m=[0m[::]:39013 [3mdual_stack[0m[2m=[0mtrue
[2m2026-09-29T00:52:47.952944Z[0m [33m WARN[0m [2mweb_transport_quinn::session[0m[2m:[0m failed to read capsule [3me[0m[2m=[0mUnexpectedEnd
[2m2026-09-29T00:52:47.966581Z[0m [33m WARN[0m [2mweb_transport_quinn::session[0m[2m:[0m failed to read capsule [3me[0m[2m=[0mUnexpectedEnd
[2m2026-09-29T00:52:48.227877Z[0m [32m INFO[0m [2mmoq_native_ietf::quic[0m[2m:[0m UDP socket bound [3mbind[0m[2m=[0m[::]:0 [3mlocal[0m[2m=[0m[::]:51238 [3mdual_stack[0m[2m=[0mtrue
[2m2026-09-29T00:52:48.417534Z[0m [32m INFO[0m [2mmoq_test_client::moqtest[0m[2m:[0m PUBLISH accepted and subscription bound; generating objects [3mobjects[0m[2m=[0m15 [3mstreams[0m[2m=[0m3
not ok 11 - moq-test-subgroup-per-group-eog
  ---
  duration_ms: 539
  message: "failed to create subgroup: cancelled"
  ...
[2m2026-09-29T00:52:48.437236Z[0m [32m INFO[0m [2mmoq_native_ietf::quic[0m[2m:[0m UDP socket bound [3mbind[0m[2m=[0m[::]:0 [3mlocal[0m[2m=[0m[::]:46260 [3mdual_stack[0m[2m=[0mtrue
[2m2026-09-29T00:52:48.491831Z[0m [33m WARN[0m [2mweb_transport_quinn::session[0m[2m:[0m failed to read capsule [3me[0m[2m=[0mUnexpectedEnd
[2m2026-09-29T00:52:48.493959Z[0m [33m WARN[0m [2mweb_transport_quinn::session[0m[2m:[0m failed to read capsule [3me[0m[2m=[0mUnexpectedEnd
[2m2026-09-29T00:52:48.790410Z[0m [32m INFO[0m [2mmoq_native_ietf::quic[0m[2m:[0m UDP socket bound [3mbind[0m[2m=[0m[::]:0 [3mlocal[0m[2m=[0m[::]:60426 [3mdual_stack[0m[2m=[0mtrue
[2m2026-09-29T00:52:49.026416Z[0m [32m INFO[0m [2mmoq_test_client::moqtest[0m[2m:[0m PUBLISH accepted and subscription bound; generating objects [3mobjects[0m[2m=[0m8 [3mstreams[0m[2m=[0m8
not ok 12 - moq-test-subgroup-per-object
  ---
  duration_ms: 593
  message: "failed to create subgroup: cancelled"
  ...
[2m2026-09-29T00:52:49.030433Z[0m [32m INFO[0m [2mmoq_native_ietf::quic[0m[2m:[0m UDP socket bound [3mbind[0m[2m=[0m[::]:0 [3mlocal[0m[2m=[0m[::]:35988 [3mdual_stack[0m[2m=[0mtrue
[2m2026-09-29T00:52:49.087117Z[0m [33m WARN[0m [2mweb_transport_quinn::session[0m[2m:[0m failed to read capsule [3me[0m[2m=[0mUnexpectedEnd
[2m2026-09-29T00:52:49.087438Z[0m [33m WARN[0m [2mweb_transport_quinn::session[0m[2m:[0m failed to read capsule [3me[0m[2m=[0mUnexpectedEnd
[2m2026-09-29T00:52:49.361315Z[0m [32m INFO[0m [2mmoq_native_ietf::quic[0m[2m:[0m UDP socket bound [3mbind[0m[2m=[0m[::]:0 [3mlocal[0m[2m=[0m[::]:58071 [3mdual_stack[0m[2m=[0mtrue
[2m2026-09-29T00:52:49.548297Z[0m [32m INFO[0m [2mmoq_test_client::moqtest[0m[2m:[0m PUBLISH accepted and subscription bound; generating objects [3mobjects[0m[2m=[0m18 [3mstreams[0m[2m=[0m6
not ok 13 - moq-test-two-subgroups-eog
  ---
  duration_ms: 539
  message: "failed to create subgroup 0: cancelled"
  ...
[2m2026-09-29T00:52:49.570340Z[0m [32m INFO[0m [2mmoq_native_ietf::quic[0m[2m:[0m UDP socket bound [3mbind[0m[2m=[0m[::]:0 [3mlocal[0m[2m=[0m[::]:32798 [3mdual_stack[0m[2m=[0mtrue
[2m2026-09-29T00:52:49.626628Z[0m [33m WARN[0m [2mweb_transport_quinn::session[0m[2m:[0m failed to read capsule [3me[0m[2m=[0mUnexpectedEnd
[2m2026-09-29T00:52:49.626934Z[0m [33m WARN[0m [2mweb_transport_quinn::session[0m[2m:[0m failed to read capsule [3me[0m[2m=[0mUnexpectedEnd
[2m2026-09-29T00:52:49.902132Z[0m [32m INFO[0m [2mmoq_native_ietf::quic[0m[2m:[0m UDP socket bound [3mbind[0m[2m=[0m[::]:0 [3mlocal[0m[2m=[0m[::]:39583 [3mdual_stack[0m[2m=[0mtrue
[2m2026-09-29T00:52:50.142934Z[0m [32m INFO[0m [2mmoq_test_client::moqtest[0m[2m:[0m PUBLISH accepted and subscription bound; generating objects [3mobjects[0m[2m=[0m15 [3mstreams[0m[2m=[0m0
not ok 14 - moq-test-datagram
  ---
  duration_ms: 595
  message: "failed to write datagram: cancelled"
  ...
[2m2026-09-29T00:52:50.165775Z[0m [32m INFO[0m [2mmoq_native_ietf::quic[0m[2m:[0m UDP socket bound [3mbind[0m[2m=[0m[::]:0 [3mlocal[0m[2m=[0m[::]:55985 [3mdual_stack[0m[2m=[0mtrue
[2m2026-09-29T00:52:50.220242Z[0m [33m WARN[0m [2mweb_transport_quinn::session[0m[2m:[0m failed to read capsule [3me[0m[2m=[0mUnexpectedEnd
[2m2026-09-29T00:52:50.222555Z[0m [33m WARN[0m [2mweb_transport_quinn::session[0m[2m:[0m failed to read capsule [3me[0m[2m=[0mUnexpectedEnd
[2m2026-09-29T00:52:50.498810Z[0m [32m INFO[0m [2mmoq_native_ietf::quic[0m[2m:[0m UDP socket bound [3mbind[0m[2m=[0m[::]:0 [3mlocal[0m[2m=[0m[::]:50632 [3mdual_stack[0m[2m=[0mtrue
[2m2026-09-29T00:52:50.686692Z[0m [32m INFO[0m [2mmoq_test_client::moqtest[0m[2m:[0m PUBLISH accepted and subscription bound; generating objects [3mobjects[0m[2m=[0m15 [3mstreams[0m[2m=[0m0
not ok 15 - moq-test-datagram-eog
  ---
  duration_ms: 543
  message: "failed to write datagram: cancelled"
  ...
[2m2026-09-29T00:52:50.708742Z[0m [32m INFO[0m [2mmoq_native_ietf::quic[0m[2m:[0m UDP socket bound [3mbind[0m[2m=[0m[::]:0 [3mlocal[0m[2m=[0m[::]:33965 [3mdual_stack[0m[2m=[0mtrue
[2m2026-09-29T00:52:50.764739Z[0m [33m WARN[0m [2mweb_transport_quinn::session[0m[2m:[0m failed to read capsule [3me[0m[2m=[0mUnexpectedEnd
[2m2026-09-29T00:52:50.765755Z[0m [33m WARN[0m [2mweb_transport_quinn::session[0m[2m:[0m failed to read capsule [3me[0m[2m=[0mUnexpectedEnd
[2m2026-09-29T00:52:51.062381Z[0m [32m INFO[0m [2mmoq_native_ietf::quic[0m[2m:[0m UDP socket bound [3mbind[0m[2m=[0m[::]:0 [3mlocal[0m[2m=[0m[::]:40148 [3mdual_stack[0m[2m=[0mtrue
[2m2026-09-29T00:52:51.246551Z[0m [32m INFO[0m [2mmoq_test_client::moqtest[0m[2m:[0m PUBLISH accepted and subscription bound; generating objects [3mobjects[0m[2m=[0m15 [3mstreams[0m[2m=[0m3
not ok 16 - moq-test-extensions
  ---
  duration_ms: 557
  message: "failed to create subgroup: cancelled"
  ...
[2m2026-09-29T00:52:51.266311Z[0m [32m INFO[0m [2mmoq_native_ietf::quic[0m[2m:[0m UDP socket bound [3mbind[0m[2m=[0m[::]:0 [3mlocal[0m[2m=[0m[::]:59978 [3mdual_stack[0m[2m=[0mtrue
[2m2026-09-29T00:52:51.320305Z[0m [33m WARN[0m [2mweb_transport_quinn::session[0m[2m:[0m failed to read capsule [3me[0m[2m=[0mUnexpectedEnd
[2m2026-09-29T00:52:51.323563Z[0m [33m WARN[0m [2mweb_transport_quinn::session[0m[2m:[0m failed to read capsule [3me[0m[2m=[0mUnexpectedEnd
[2m2026-09-29T00:52:51.602201Z[0m [32m INFO[0m [2mmoq_native_ietf::quic[0m[2m:[0m UDP socket bound [3mbind[0m[2m=[0m[::]:0 [3mlocal[0m[2m=[0m[::]:35756 [3mdual_stack[0m[2m=[0mtrue
[2m2026-09-29T00:52:51.791076Z[0m [32m INFO[0m [2mmoq_test_client::moqtest[0m[2m:[0m PUBLISH accepted and subscription bound; generating objects [3mobjects[0m[2m=[0m9 [3mstreams[0m[2m=[0m3
not ok 17 - moq-test-increments
  ---
  duration_ms: 536
  message: "failed to create subgroup: cancelled"
  ...
[2m2026-09-29T00:52:51.802299Z[0m [32m INFO[0m [2mmoq_native_ietf::quic[0m[2m:[0m UDP socket bound [3mbind[0m[2m=[0m[::]:0 [3mlocal[0m[2m=[0m[::]:53642 [3mdual_stack[0m[2m=[0mtrue
[2m2026-09-29T00:52:51.857034Z[0m [33m WARN[0m [2mweb_transport_quinn::session[0m[2m:[0m failed to read capsule [3me[0m[2m=[0mUnexpectedEnd
[2m2026-09-29T00:52:51.859201Z[0m [33m WARN[0m [2mweb_transport_quinn::session[0m[2m:[0m failed to read capsule [3me[0m[2m=[0mUnexpectedEnd
[2m2026-09-29T00:52:52.132395Z[0m [32m INFO[0m [2mmoq_native_ietf::quic[0m[2m:[0m UDP socket bound [3mbind[0m[2m=[0m[::]:0 [3mlocal[0m[2m=[0m[::]:48182 [3mdual_stack[0m[2m=[0mtrue
[2m2026-09-29T00:52:52.318695Z[0m [32m INFO[0m [2mmoq_test_client::moqtest[0m[2m:[0m PUBLISH accepted and subscription bound; generating objects [3mobjects[0m[2m=[0m6 [3mstreams[0m[2m=[0m2
not ok 18 - moq-test-forward-zero
  ---
  duration_ms: 525
  message: "failed to create subgroup: cancelled"
  ...
make[1]: *** [Makefile:122: test-external] Error 1
make[1]: Leaving directory '/home/runner/work/moq-interop-runner/moq-interop-runner/main'
