make[1]: Entering directory '/home/runner/work/moq-interop-runner/moq-interop-runner/main'
Running tests against moqt://moqx-main.ci.openmoq.org:4433...
  Client: ghcr.io/englishm/moq-interop-runner-moq-test-client-draft-18:latest
docker run --rm \
	 \
	--network host \
	-e RELAY_URL=moqt://moqx-main.ci.openmoq.org:4433 \
	-e TLS_DISABLE_VERIFY=false \
	ghcr.io/englishm/moq-interop-runner-moq-test-client-draft-18:latest
TAP version 14
# moq-test-client v0.1.12
# Relay: moqt://moqx-main.ci.openmoq.org:4433
1..18
[2m2026-09-29T00:51:50.322960Z[0m [32m INFO[0m [2mmoq_native_ietf::quic[0m[2m:[0m UDP socket bound [3mbind[0m[2m=[0m[::]:0 [3mlocal[0m[2m=[0m[::]:54766 [3mdual_stack[0m[2m=[0mtrue
[2m2026-09-29T00:51:50.463440Z[0m [32m INFO[0m [2mmoq_test_client::scenarios[0m[2m:[0m SETUP exchange completed successfully
ok 1 - setup-only
  ---
  duration_ms: 141
  connection_id: 44b522b0cdc9c9196b287d02a79c7a31
  ...
[2m2026-09-29T00:51:50.464700Z[0m [32m INFO[0m [2mmoq_native_ietf::quic[0m[2m:[0m UDP socket bound [3mbind[0m[2m=[0m[::]:0 [3mlocal[0m[2m=[0m[::]:46197 [3mdual_stack[0m[2m=[0mtrue
[2m2026-09-29T00:51:50.604937Z[0m [32m INFO[0m [2mmoq_test_client::scenarios[0m[2m:[0m Sending PUBLISH_NAMESPACE for: moq-test/interop
[2m2026-09-29T00:51:52.605975Z[0m [32m INFO[0m [2mmoq_test_client::scenarios[0m[2m:[0m PUBLISH_NAMESPACE succeeded (REQUEST_OK received, waiting for subscribers)
ok 2 - publish-namespace-only
  ---
  duration_ms: 2142
  connection_id: 9a9187a343e9e08b13a72857e49446ab
  ...
[2m2026-09-29T00:51:52.607164Z[0m [32m INFO[0m [2mmoq_native_ietf::quic[0m[2m:[0m UDP socket bound [3mbind[0m[2m=[0m[::]:0 [3mlocal[0m[2m=[0m[::]:43971 [3mdual_stack[0m[2m=[0mtrue
[2m2026-09-29T00:51:52.792891Z[0m [32m INFO[0m [2mmoq_test_client::scenarios[0m[2m:[0m Subscribing to non-existent track: nonexistent/namespace/test-track
[2m2026-09-29T00:51:52.840232Z[0m [33m WARN[0m [2mmoq_transport::serve::error[0m[2m:[0m [8141ebe3-bd22-41c4-9881-7e4b4ebb1bf8] Not found: no such namespace or track at moq-transport/src/session/subscriber.rs:1653
ok 3 - subscribe-error
  ---
  duration_ms: 234
  connection_id: 175ef2e5e71ff77aad20fe3e4fbede64
  ...
[2m2026-09-29T00:51:52.840443Z[0m [32m INFO[0m [2mmoq_test_client::scenarios[0m[2m:[0m Got expected 'not found' error: not found: Track not found [error:8141ebe3-bd22-41c4-9881-7e4b4ebb1bf8]
[2m2026-09-29T00:51:52.841522Z[0m [32m INFO[0m [2mmoq_native_ietf::quic[0m[2m:[0m UDP socket bound [3mbind[0m[2m=[0m[::]:0 [3mlocal[0m[2m=[0m[::]:50216 [3mdual_stack[0m[2m=[0mtrue
[2m2026-09-29T00:51:53.024726Z[0m [32m INFO[0m [2mmoq_native_ietf::quic[0m[2m:[0m UDP socket bound [3mbind[0m[2m=[0m[::]:0 [3mlocal[0m[2m=[0m[::]:49802 [3mdual_stack[0m[2m=[0mtrue
[2m2026-09-29T00:51:53.169037Z[0m [32m INFO[0m [2mmoq_test_client::scenarios[0m[2m:[0m Publisher sending PUBLISH_NAMESPACE: moq-test/interop
[2m2026-09-29T00:51:53.169065Z[0m [32m INFO[0m [2mmoq_test_client::scenarios[0m[2m:[0m Subscriber subscribing to track: moq-test/interop/test-track
[2m2026-09-29T00:51:56.170639Z[0m [32m INFO[0m [2mmoq_test_client::scenarios[0m[2m:[0m Test timeout reached - subscription routing may still be in progress
ok 4 - publish-namespace-subscribe
  ---
  duration_ms: 3330
  publisher_connection_id: 79faf02dd5760fcd97754b66384c8036
  subscriber_connection_id: 23be0c66f6440c0a29b1dfaf722bb713
  ...
[2m2026-09-29T00:51:56.171986Z[0m [32m INFO[0m [2mmoq_native_ietf::quic[0m[2m:[0m UDP socket bound [3mbind[0m[2m=[0m[::]:0 [3mlocal[0m[2m=[0m[::]:56313 [3mdual_stack[0m[2m=[0mtrue
[2m2026-09-29T00:51:56.314770Z[0m [32m INFO[0m [2mmoq_test_client::scenarios[0m[2m:[0m Subscriber subscribing BEFORE PUBLISH_NAMESPACE: moq-test/interop/test-track
[2m2026-09-29T00:51:56.360801Z[0m [33m WARN[0m [2mmoq_transport::serve::error[0m[2m:[0m [6192ad03-906c-433a-aae2-cb4fdf791d01] Not found: no such namespace or track at moq-transport/src/session/subscriber.rs:1653
[2m2026-09-29T00:51:56.817360Z[0m [32m INFO[0m [2mmoq_native_ietf::quic[0m[2m:[0m UDP socket bound [3mbind[0m[2m=[0m[::]:0 [3mlocal[0m[2m=[0m[::]:57342 [3mdual_stack[0m[2m=[0mtrue
[2m2026-09-29T00:51:56.870501Z[0m [32m INFO[0m [2mmoq_test_client::scenarios[0m[2m:[0m Publisher sending PUBLISH_NAMESPACE (after subscriber): moq-test/interop
[2m2026-09-29T00:51:59.871989Z[0m [32m INFO[0m [2mmoq_test_client::scenarios[0m[2m:[0m Publisher PUBLISH_NAMESPACE timeout (expected)
[2m2026-09-29T00:51:59.872013Z[0m [32m INFO[0m [2mmoq_test_client::scenarios[0m[2m:[0m Subscriber got error: not found: Track not found [error:6192ad03-906c-433a-aae2-cb4fdf791d01] (may be expected)
ok 5 - subscribe-before-publish-namespace
  ---
  duration_ms: 3701
  subscriber_connection_id: 9c99c6424bcf0ab18365a938c38d6c71
  publisher_connection_id: 104d50df8498e1921d9720d825df6dbd
  ...
[2m2026-09-29T00:51:59.873155Z[0m [32m INFO[0m [2mmoq_native_ietf::quic[0m[2m:[0m UDP socket bound [3mbind[0m[2m=[0m[::]:0 [3mlocal[0m[2m=[0m[::]:49039 [3mdual_stack[0m[2m=[0mtrue
[2m2026-09-29T00:51:59.925164Z[0m [32m INFO[0m [2mmoq_test_client::scenarios[0m[2m:[0m Sending PUBLISH_NAMESPACE: moq-test/interop
[2m2026-09-29T00:52:01.926891Z[0m [32m INFO[0m [2mmoq_test_client::scenarios[0m[2m:[0m PUBLISH_NAMESPACE active; sending PUBLISH_NAMESPACE_DONE
ok 6 - publish-namespace-done
  ---
  duration_ms: 2156
  connection_id: 21f1cc1c41cabfe35abd66b8bb0baf0b
  ...
[2m2026-09-29T00:52:02.028366Z[0m [32m INFO[0m [2mmoq_test_client::scenarios[0m[2m:[0m PUBLISH_NAMESPACE_DONE sent successfully
[2m2026-09-29T00:52:02.029485Z[0m [32m INFO[0m [2mmoq_native_ietf::quic[0m[2m:[0m UDP socket bound [3mbind[0m[2m=[0m[::]:0 [3mlocal[0m[2m=[0m[::]:60728 [3mdual_stack[0m[2m=[0mtrue
[2m2026-09-29T00:52:02.214239Z[0m [32m INFO[0m [2mmoq_test_client::scenarios[0m[2m:[0m Publisher sending direct PUBLISH [3mnamespace[0m[2m=[0m/moq-test/publish [3mtrack[0m[2m=[0m"published-track"
[2m2026-09-29T00:52:02.261191Z[0m [32m INFO[0m [2mmoq_test_client::scenarios[0m[2m:[0m PUBLISH accepted [3mnamespace[0m[2m=[0m/moq-test/publish [3mtrack[0m[2m=[0m"published-track"
[2m2026-09-29T00:52:02.261271Z[0m [32m INFO[0m [2mmoq_test_client::scenarios[0m[2m:[0m PUBLISH completed [3mnamespace[0m[2m=[0m/moq-test/publish [3mtrack[0m[2m=[0m"published-track"
ok 7 - publish-track-only
[2m2026-09-29T00:52:02.262422Z[0m [32m INFO[0m [2mmoq_native_ietf::quic[0m[2m:[0m UDP socket bound [3mbind[0m[2m=[0m[::]:0 [3mlocal[0m[2m=[0m[::]:43527 [3mdual_stack[0m[2m=[0mtrue
  ---
  duration_ms: 232
  connection_id: b8f05cdb9f7897f72a17fab1b5c80451
  ...
[2m2026-09-29T00:52:02.405617Z[0m [32m INFO[0m [2mmoq_native_ietf::quic[0m[2m:[0m UDP socket bound [3mbind[0m[2m=[0m[::]:0 [3mlocal[0m[2m=[0m[::]:51181 [3mdual_stack[0m[2m=[0mtrue
[2m2026-09-29T00:52:02.457756Z[0m [32m INFO[0m [2mmoq_test_client::scenarios[0m[2m:[0m Publisher sending direct PUBLISH before subscriber subscribes [3mnamespace[0m[2m=[0m/moq-test/publish [3mtrack[0m[2m=[0m"published-track"
[2m2026-09-29T00:52:02.503510Z[0m [32m INFO[0m [2mmoq_test_client::scenarios[0m[2m:[0m PUBLISH accepted; starting subscriber [3mnamespace[0m[2m=[0m/moq-test/publish [3mtrack[0m[2m=[0m"published-track"
[2m2026-09-29T00:52:02.549192Z[0m [33m WARN[0m [2mmoq_transport::session[0m[2m:[0m unexpected bidi response message type [3mmsg_type[0m[2m=[0m2
[2m2026-09-29T00:52:02.549213Z[0m [33m WARN[0m [2mmoq_transport::serve::error[0m[2m:[0m [1ca39270-cfde-4fd7-927b-493b17df24a3] Not implemented: bidi response type 0x2 at moq-transport/src/session/error.rs:89
not ok 8 - publish-track-subscribe
  ---
  duration_ms: 343
  message: "failed serving PUBLISH track: serve error: cancelled: cancelled"
  ...
[2m2026-09-29T00:52:02.606139Z[0m [32m INFO[0m [2mmoq_native_ietf::quic[0m[2m:[0m UDP socket bound [3mbind[0m[2m=[0m[::]:0 [3mlocal[0m[2m=[0m[::]:59234 [3mdual_stack[0m[2m=[0mtrue
[2m2026-09-29T00:52:02.756342Z[0m [32m INFO[0m [2mmoq_test_client::scenarios[0m[2m:[0m Subscribing with RENDEZVOUS_TIMEOUT to a track with no publisher [3mtimeout_ms[0m[2m=[0m500
[2m2026-09-29T00:52:03.314403Z[0m [32m INFO[0m [2mmoq_test_client::scenarios[0m[2m:[0m Received expected REQUEST_ERROR TIMEOUT
ok 9 - rendezvous-timeout
  ---
  duration_ms: 709
  connection_id: ff3744d8a6a16d5d3a965e3a8c70c6b7
  ...
[2m2026-09-29T00:52:03.315402Z[0m [32m INFO[0m [2mmoq_native_ietf::quic[0m[2m:[0m UDP socket bound [3mbind[0m[2m=[0m[::]:0 [3mlocal[0m[2m=[0m[::]:35100 [3mdual_stack[0m[2m=[0mtrue
[2m2026-09-29T00:52:03.567904Z[0m [32m INFO[0m [2mmoq_native_ietf::quic[0m[2m:[0m UDP socket bound [3mbind[0m[2m=[0m[::]:0 [3mlocal[0m[2m=[0m[::]:54382 [3mdual_stack[0m[2m=[0mtrue
[2m2026-09-29T00:52:03.697717Z[0m [33m WARN[0m [2mmoq_transport::session[0m[2m:[0m unexpected bidi response message type [3mmsg_type[0m[2m=[0m2
[2m2026-09-29T00:52:03.697740Z[0m [33m WARN[0m [2mmoq_transport::serve::error[0m[2m:[0m [984daa75-84b3-4aa6-a787-1a9dc6695bc7] Not implemented: bidi response type 0x2 at moq-transport/src/session/error.rs:89
[2m2026-09-29T00:52:03.697947Z[0m [32m INFO[0m [2mmoq_test_client::moqtest[0m[2m:[0m PUBLISH accepted and subscription bound; generating objects [3mobjects[0m[2m=[0m15 [3mstreams[0m[2m=[0m3
not ok 10 - moq-test-subgroup-per-group
  ---
  duration_ms: 399
  message: "failed to create subgroup: cancelled"
  ...
[2m2026-09-29T00:52:03.714544Z[0m [32m INFO[0m [2mmoq_native_ietf::quic[0m[2m:[0m UDP socket bound [3mbind[0m[2m=[0m[::]:0 [3mlocal[0m[2m=[0m[::]:52700 [3mdual_stack[0m[2m=[0mtrue
[2m2026-09-29T00:52:04.062466Z[0m [32m INFO[0m [2mmoq_native_ietf::quic[0m[2m:[0m UDP socket bound [3mbind[0m[2m=[0m[::]:0 [3mlocal[0m[2m=[0m[::]:57689 [3mdual_stack[0m[2m=[0mtrue
[2m2026-09-29T00:52:04.191632Z[0m [32m INFO[0m [2mmoq_test_client::moqtest[0m[2m:[0m PUBLISH accepted and subscription bound; generating objects [3mobjects[0m[2m=[0m15 [3mstreams[0m[2m=[0m3
not ok 11 - moq-test-subgroup-per-group-eog
  ---
  duration_ms: 496
  message: "failed to create subgroup: cancelled"
  ...
[2m2026-09-29T00:52:04.210829Z[0m [32m INFO[0m [2mmoq_native_ietf::quic[0m[2m:[0m UDP socket bound [3mbind[0m[2m=[0m[::]:0 [3mlocal[0m[2m=[0m[::]:43209 [3mdual_stack[0m[2m=[0mtrue
[2m2026-09-29T00:52:04.465458Z[0m [32m INFO[0m [2mmoq_native_ietf::quic[0m[2m:[0m UDP socket bound [3mbind[0m[2m=[0m[::]:0 [3mlocal[0m[2m=[0m[::]:56226 [3mdual_stack[0m[2m=[0mtrue
[2m2026-09-29T00:52:04.566638Z[0m [33m WARN[0m [2mmoq_transport::session[0m[2m:[0m unexpected bidi response message type [3mmsg_type[0m[2m=[0m2
[2m2026-09-29T00:52:04.566659Z[0m [33m WARN[0m [2mmoq_transport::serve::error[0m[2m:[0m [c11628b5-e35c-44e8-858f-b22239d61370] Not implemented: bidi response type 0x2 at moq-transport/src/session/error.rs:89
[2m2026-09-29T00:52:04.566887Z[0m [32m INFO[0m [2mmoq_test_client::moqtest[0m[2m:[0m PUBLISH accepted and subscription bound; generating objects [3mobjects[0m[2m=[0m8 [3mstreams[0m[2m=[0m8
not ok 12 - moq-test-subgroup-per-object
  ---
  duration_ms: 360
  message: "failed to create subgroup: cancelled"
  ...
[2m2026-09-29T00:52:04.571048Z[0m [32m INFO[0m [2mmoq_native_ietf::quic[0m[2m:[0m UDP socket bound [3mbind[0m[2m=[0m[::]:0 [3mlocal[0m[2m=[0m[::]:49994 [3mdual_stack[0m[2m=[0mtrue
[2m2026-09-29T00:52:04.917623Z[0m [32m INFO[0m [2mmoq_native_ietf::quic[0m[2m:[0m UDP socket bound [3mbind[0m[2m=[0m[::]:0 [3mlocal[0m[2m=[0m[::]:37835 [3mdual_stack[0m[2m=[0mtrue
[2m2026-09-29T00:52:05.016074Z[0m [33m WARN[0m [2mmoq_transport::session[0m[2m:[0m unexpected bidi response message type [3mmsg_type[0m[2m=[0m2
[2m2026-09-29T00:52:05.016095Z[0m [33m WARN[0m [2mmoq_transport::serve::error[0m[2m:[0m [e9d01604-8d3f-4521-93ee-93a8fb3f3ff9] Not implemented: bidi response type 0x2 at moq-transport/src/session/error.rs:89
not ok 13 - moq-test-two-subgroups-eog
  ---
  duration_ms: 445
  message: "PUBLISH was rejected: cancelled"
  ...
[2m2026-09-29T00:52:05.017284Z[0m [32m INFO[0m [2mmoq_native_ietf::quic[0m[2m:[0m UDP socket bound [3mbind[0m[2m=[0m[::]:0 [3mlocal[0m[2m=[0m[::]:35615 [3mdual_stack[0m[2m=[0mtrue
[2m2026-09-29T00:52:05.364140Z[0m [32m INFO[0m [2mmoq_native_ietf::quic[0m[2m:[0m UDP socket bound [3mbind[0m[2m=[0m[::]:0 [3mlocal[0m[2m=[0m[::]:49749 [3mdual_stack[0m[2m=[0mtrue
[2m2026-09-29T00:52:05.462692Z[0m [33m WARN[0m [2mmoq_transport::session[0m[2m:[0m unexpected bidi response message type [3mmsg_type[0m[2m=[0m2
[2m2026-09-29T00:52:05.462714Z[0m [33m WARN[0m [2mmoq_transport::serve::error[0m[2m:[0m [0311cb47-7873-4503-992c-49fcfce27e33] Not implemented: bidi response type 0x2 at moq-transport/src/session/error.rs:89
[2m2026-09-29T00:52:05.463014Z[0m [32m INFO[0m [2mmoq_test_client::moqtest[0m[2m:[0m PUBLISH accepted and subscription bound; generating objects [3mobjects[0m[2m=[0m15 [3mstreams[0m[2m=[0m0
not ok 14 - moq-test-datagram
  ---
  duration_ms: 467
  message: "failed to write datagram: cancelled"
  ...
[2m2026-09-29T00:52:05.485516Z[0m [32m INFO[0m [2mmoq_native_ietf::quic[0m[2m:[0m UDP socket bound [3mbind[0m[2m=[0m[::]:0 [3mlocal[0m[2m=[0m[::]:45205 [3mdual_stack[0m[2m=[0mtrue
[2m2026-09-29T00:52:05.740922Z[0m [32m INFO[0m [2mmoq_native_ietf::quic[0m[2m:[0m UDP socket bound [3mbind[0m[2m=[0m[::]:0 [3mlocal[0m[2m=[0m[::]:58671 [3mdual_stack[0m[2m=[0mtrue
[2m2026-09-29T00:52:05.925671Z[0m [33m WARN[0m [2mmoq_transport::session[0m[2m:[0m unexpected bidi response message type [3mmsg_type[0m[2m=[0m2
[2m2026-09-29T00:52:05.925700Z[0m [33m WARN[0m [2mmoq_transport::serve::error[0m[2m:[0m [6ae641be-026e-43fb-9bed-d6c0df9f4787] Not implemented: bidi response type 0x2 at moq-transport/src/session/error.rs:89
[2m2026-09-29T00:52:05.925897Z[0m [32m INFO[0m [2mmoq_test_client::moqtest[0m[2m:[0m PUBLISH accepted and subscription bound; generating objects [3mobjects[0m[2m=[0m15 [3mstreams[0m[2m=[0m0
not ok 15 - moq-test-datagram-eog
  ---
  duration_ms: 462
  message: "failed to write datagram: cancelled"
  ...
[2m2026-09-29T00:52:05.948172Z[0m [32m INFO[0m [2mmoq_native_ietf::quic[0m[2m:[0m UDP socket bound [3mbind[0m[2m=[0m[::]:0 [3mlocal[0m[2m=[0m[::]:51398 [3mdual_stack[0m[2m=[0mtrue
[2m2026-09-29T00:52:06.201349Z[0m [32m INFO[0m [2mmoq_native_ietf::quic[0m[2m:[0m UDP socket bound [3mbind[0m[2m=[0m[::]:0 [3mlocal[0m[2m=[0m[::]:52454 [3mdual_stack[0m[2m=[0mtrue
[2m2026-09-29T00:52:06.393777Z[0m [33m WARN[0m [2mmoq_transport::session[0m[2m:[0m unexpected bidi response message type [3mmsg_type[0m[2m=[0m2
[2m2026-09-29T00:52:06.393807Z[0m [33m WARN[0m [2mmoq_transport::serve::error[0m[2m:[0m [eaafb2da-ef2f-48a0-9f3f-5f108d19c915] Not implemented: bidi response type 0x2 at moq-transport/src/session/error.rs:89
not ok 16 - moq-test-extensions
  ---
  duration_ms: 446
  message: "PUBLISH was rejected: cancelled"
  ...
[2m2026-09-29T00:52:06.395041Z[0m [32m INFO[0m [2mmoq_native_ietf::quic[0m[2m:[0m UDP socket bound [3mbind[0m[2m=[0m[::]:0 [3mlocal[0m[2m=[0m[::]:35168 [3mdual_stack[0m[2m=[0mtrue
[2m2026-09-29T00:52:06.740498Z[0m [32m INFO[0m [2mmoq_native_ietf::quic[0m[2m:[0m UDP socket bound [3mbind[0m[2m=[0m[::]:0 [3mlocal[0m[2m=[0m[::]:44966 [3mdual_stack[0m[2m=[0mtrue
[2m2026-09-29T00:52:06.836322Z[0m [33m WARN[0m [2mmoq_transport::session[0m[2m:[0m unexpected bidi response message type [3mmsg_type[0m[2m=[0m2
[2m2026-09-29T00:52:06.836342Z[0m [33m WARN[0m [2mmoq_transport::serve::error[0m[2m:[0m [7d72c4b3-536a-4993-9bbd-6ef1f6bbb67d] Not implemented: bidi response type 0x2 at moq-transport/src/session/error.rs:89
[2m2026-09-29T00:52:06.836559Z[0m [32m INFO[0m [2mmoq_test_client::moqtest[0m[2m:[0m PUBLISH accepted and subscription bound; generating objects [3mobjects[0m[2m=[0m9 [3mstreams[0m[2m=[0m3
not ok 17 - moq-test-increments
  ---
  duration_ms: 451
  message: "failed to create subgroup: cancelled"
  ...
[2m2026-09-29T00:52:06.846916Z[0m [32m INFO[0m [2mmoq_native_ietf::quic[0m[2m:[0m UDP socket bound [3mbind[0m[2m=[0m[::]:0 [3mlocal[0m[2m=[0m[::]:56900 [3mdual_stack[0m[2m=[0mtrue
[2m2026-09-29T00:52:07.234027Z[0m [32m INFO[0m [2mmoq_native_ietf::quic[0m[2m:[0m UDP socket bound [3mbind[0m[2m=[0m[::]:0 [3mlocal[0m[2m=[0m[::]:55327 [3mdual_stack[0m[2m=[0mtrue
[2m2026-09-29T00:52:07.330828Z[0m [32m INFO[0m [2mmoq_test_client::moqtest[0m[2m:[0m PUBLISH accepted and subscription bound; generating objects [3mobjects[0m[2m=[0m6 [3mstreams[0m[2m=[0m2
not ok 18 - moq-test-forward-zero
  ---
  duration_ms: 494
  message: "failed to create subgroup: cancelled"
  ...
make[1]: *** [Makefile:122: test-external] Error 1
make[1]: Leaving directory '/home/runner/work/moq-interop-runner/moq-interop-runner/main'
