make[1]: Entering directory '/home/runner/work/moq-interop-runner/moq-interop-runner/main'
Running tests against https://relay.moqtail.dev...
  Client: ghcr.io/openmoq/moqx-interop-client:latest
docker run --rm \
	 \
	--network host \
	-e RELAY_URL=https://relay.moqtail.dev \
	-e TLS_DISABLE_VERIFY=false \
	ghcr.io/openmoq/moqx-interop-client:latest
TAP version 14
# moxygen interop test client
# Relay: https://relay.moqtail.dev
# Transport: WebTransport
# Offered ALPNs: moqt-18, moqt-16
1..6
ok 1 - setup-only
  ---
  duration_ms: 263
  negotiated_version: draft-18
  info: SETUP exchange completed successfully
  ...
E0929 01:02:41.914582     1 MoQRelaySession.cpp:1123] PublishNamespaceDone for unknown publishNamespace, sess=0x55d4d313acc0
ok 2 - announce-only
  ---
  duration_ms: 272
  negotiated_version: draft-18
  info: PUBLISH_NAMESPACE completed successfully
  ...
E0929 01:02:42.166136     1 MoQSession.cpp:5172] No matching subscribe ID=0 sess=0x55d4d3153620
ok 3 - subscribe-error
  ---
  duration_ms: 251
  negotiated_version: draft-18
  info: Subscribe correctly returned error: peer FINed without terminal reply
  ...
E0929 01:02:42.740169     1 MoQSession.cpp:5172] No matching subscribe ID=0 sess=0x55d4d30fd900
not ok 4 - announce-subscribe
  ---
  duration_ms: 573
  negotiated_version: draft-18
  error: Subscribe failed: peer FINed without terminal reply
  ...
E20260929 01:02:42.786278     1 HQSession.cpp:583] Connection closed with error err=1 msg=Client closed by peer reason=Error in control stream handler proto=h3, client CID=, server CID=acf1116a0b3c58c3, local=10.1.0.226:52085, 172.232.23.42:443=upstream, drain=done
ok 5 - publish-namespace-done
  ---
  duration_ms: 193
  negotiated_version: draft-18
  info: PUBLISH_NAMESPACE_OK received, PUBLISH_NAMESPACE_DONE sent
  ...
E0929 01:02:43.136340     1 MoQSession.cpp:5172] No matching subscribe ID=0 sess=0x55d4d3167520
ok 6 - subscribe-before-announce
  ---
  duration_ms: 855
  negotiated_version: draft-18
  info: Subscribe returned error (relay doesn't buffer pending subscriptions): peer FINed without terminal reply
  ...
E20260929 01:02:43.836876     1 HQSession.cpp:583] Connection closed with error err=1 msg=Client closed by peer reason=Error in control stream handler proto=h3, client CID=, server CID=78248799f8b0e03f, local=10.1.0.226:60994, 172.232.23.42:443=upstream, drain=done
make[1]: *** [Makefile:122: test-external] Error 1
make[1]: Leaving directory '/home/runner/work/moq-interop-runner/moq-interop-runner/main'
