make[1]: Entering directory '/home/runner/work/moq-interop-runner/moq-interop-runner/main'
Running tests against https://draft-18-interop.cloudflare.mediaoverquic.com:443/moq...
  Client: ghcr.io/facebookexperimental/moxygen-interop-client:latest-amd64
docker run --rm \
	 \
	--network host \
	-e RELAY_URL=https://draft-18-interop.cloudflare.mediaoverquic.com:443/moq \
	-e TLS_DISABLE_VERIFY=false \
	ghcr.io/facebookexperimental/moxygen-interop-client:latest-amd64
TAP version 14
# moxygen interop test client
# Relay: https://draft-18-interop.cloudflare.mediaoverquic.com:443/moq
# Transport: WebTransport
# Offered ALPNs: moqt-18, moqt-16, moqt-15, moq-00
1..6
ok 1 - setup-only
  ---
  duration_ms: 140
  negotiated_version: draft-18
  info: SETUP exchange completed successfully
  ...
E0929 01:06:16.469693     1 MoQRelaySession.cpp:1123] PublishNamespaceDone for unknown publishNamespace, sess=0x55f604b37cb0
ok 2 - announce-only
  ---
  duration_ms: 154
  negotiated_version: draft-18
  info: PUBLISH_NAMESPACE completed successfully
  ...
E20260929 01:06:16.505574     1 HQSession.cpp:583] Connection closed with error err=91141958510811 msg=Client closed by peer reason= proto=h3, client CID=, server CID=c849559c49fe617d, local=10.1.0.226:60054, 8.228.3.228:443=upstream, drain=done
E20260929 01:06:16.621919     1 HQControlCodec.h:58] Unexpected control stream EOF
E20260929 01:06:16.621992     1 HQSession.cpp:3170] Got error on control stream error=HTTP: Critical stream was closed streamID=3 sess=proto=h3, client CID=, server CID=a0c49656d8e631c4, local=10.1.0.226:42163, 8.228.3.228:443=upstream, drain=pending
E0929 01:06:16.622088     1 MoQWebTransportClient.cpp:203] proxygen::HTTPException: Got error=ApplicationError: 260, HTTP error on control stream
ok 3 - subscribe-error
  ---
  duration_ms: 152
  negotiated_version: draft-18
  info: Subscribe correctly returned error: Session closed
  ...
E0929 01:06:16.975009     1 MoQSession.cpp:5156] No matching subscribe ID=0 sess=0x55f604b5c110
E20260929 01:06:16.975270     1 HQControlCodec.h:58] Unexpected control stream EOF
E20260929 01:06:16.975322     1 HQSession.cpp:3170] Got error on control stream error=HTTP: Critical stream was closed streamID=3 sess=proto=h3, client CID=, server CID=31ccd7a40550ad20, local=10.1.0.226:56961, 8.228.3.228:443=upstream, drain=pending
not ok 4 - announce-subscribe
  ---
  duration_ms: 352
  negotiated_version: draft-18
  error: Subscribe failed: peer FINed without terminal reply
  ...
E20260929 01:06:17.066893     1 HQSession.cpp:583] Connection closed with error err=91141958510811 msg=Client closed by peer reason= proto=h3, client CID=, server CID=6aa2798fa43ac6d1, local=10.1.0.226:45071, 8.228.3.228:443=upstream, drain=done
ok 5 - publish-namespace-done
  ---
  duration_ms: 240
  negotiated_version: draft-18
  info: PUBLISH_NAMESPACE_OK received, PUBLISH_NAMESPACE_DONE sent
  ...
E0929 01:06:17.392475     1 MoQSession.cpp:5156] No matching subscribe ID=0 sess=0x55f604accf70
E20260929 01:06:17.392946     1 HQControlCodec.h:58] Unexpected control stream EOF
E20260929 01:06:17.393008     1 HQSession.cpp:3170] Got error on control stream error=HTTP: Critical stream was closed streamID=3 sess=proto=h3, client CID=, server CID=066c1361c08ead9b, local=10.1.0.226:33981, 8.228.3.228:443=upstream, drain=done
ok 6 - subscribe-before-announce
  ---
  duration_ms: 840
  negotiated_version: draft-18
  info: Subscribe returned error (relay doesn't buffer pending subscriptions): peer FINed without terminal reply
  ...
make[1]: *** [Makefile:122: test-external] Error 1
make[1]: Leaving directory '/home/runner/work/moq-interop-runner/moq-interop-runner/main'
