make[1]: Entering directory '/home/runner/work/moq-interop-runner/moq-interop-runner/main'
rm -rf mlog/
mkdir -p mlog/relay mlog/client
Running interop tests...
  Relay:  ghcr.io/englishm/moq-interop-runner-moq-relay-ietf-draft-18:latest
  Client: ghcr.io/englishm/moq-interop-runner-moq-test-client-draft-18:latest
  URL:    https://relay:4443
time="2026-07-18T00:57:27Z" level=warning msg="The \"PORT\" variable is not set. Defaulting to a blank string."
time="2026-07-18T00:57:27Z" level=warning msg="The \"PORT\" variable is not set. Defaulting to a blank string."
time="2026-07-18T00:57:27Z" level=warning msg="The \"PORT\" variable is not set. Defaulting to a blank string."
time="2026-07-18T00:57:27Z" level=warning msg="The \"HEX\" variable is not set. Defaulting to a blank string."
time="2026-07-18T00:57:27Z" level=warning msg="The \"HEX\" variable is not set. Defaulting to a blank string."
 Container main-relay-1  Recreate
 Container main-relay-1  Recreated
Attaching to relay-1, test-client-1
relay-1        | Starting moq-rs relay on port 4443
relay-1        |   Cert: /certs/cert.pem
relay-1        |   Key:  /certs/priv.key
relay-1        |   Mlog: /mlog
relay-1        | [2m2026-07-18T00:57:28.108543Z[0m [32m INFO[0m [2mmoq_relay_ietf[0m[2m:[0m using file coordinator: /tmp/moq-coordinator.json
relay-1        | [2m2026-07-18T00:57:28.108598Z[0m [32m INFO[0m [2mmoq_native_ietf::quic[0m[2m:[0m UDP socket bound [3mbind[0m[2m=[0m0.0.0.0:4443 [3mlocal[0m[2m=[0m0.0.0.0:4443 [3mdual_stack[0m[2m=[0mfalse
relay-1        | [2m2026-07-18T00:57:28.108888Z[0m [32m INFO[0m [2mmoq_relay_ietf::relay[0m[2m:[0m mlog output enabled: /mlog
relay-1        | [2m2026-07-18T00:57:28.108918Z[0m [32m INFO[0m [2mmoq_relay_ietf::relay[0m[2m:[0m listening on 0.0.0.0:4443
test-client-1  | TAP version 14
test-client-1  | # moq-test-client v0.1.6
test-client-1  | # Relay: https://relay:4443/
test-client-1  | 1..6
test-client-1  | [2m2026-07-18T00:57:33.717247Z[0m [32m INFO[0m [2mmoq_native_ietf::quic[0m[2m:[0m UDP socket bound [3mbind[0m[2m=[0m[::]:0 [3mlocal[0m[2m=[0m[::]:42377 [3mdual_stack[0m[2m=[0mtrue
relay-1        | [2m2026-07-18T00:57:33.719656Z[0m [33m WARN[0m [2mmoq_transport::session[0m[2m:[0m Failed to create mlog: Permission denied (os error 13)
test-client-1  | [2m2026-07-18T00:57:33.720102Z[0m [32m INFO[0m [2mmoq_test_client::scenarios[0m[2m:[0m SETUP exchange completed successfully
test-client-1  | ok 1 - setup-only
test-client-1  |   ---
test-client-1  |   duration_ms: 3
test-client-1  |   connection_id: 90b230078c0e97270b1f28da612909ae
test-client-1  |   ...
test-client-1  | [2m2026-07-18T00:57:33.720387Z[0m [33m WARN[0m [2mweb_transport_quinn::session[0m[2m:[0m failed to read capsule [3me[0m[2m=[0mUnexpectedEnd
relay-1        | [2m2026-07-18T00:57:33.720480Z[0m [33m WARN[0m [2mmoq_transport::session::reader[0m[2m:[0m [READER] decode: stream ended while waiting for data (have=0 bytes, need=1)
relay-1        | [2m2026-07-18T00:57:33.720517Z[0m [33m WARN[0m [2mmoq_relay_ietf::relay[0m[2m:[0m MoQ session error: decode error: fill buffer [3merror[0m[2m=[0mdecode error: fill buffer
test-client-1  | [2m2026-07-18T00:57:33.721071Z[0m [32m INFO[0m [2mmoq_native_ietf::quic[0m[2m:[0m UDP socket bound [3mbind[0m[2m=[0m[::]:0 [3mlocal[0m[2m=[0m[::]:40573 [3mdual_stack[0m[2m=[0mtrue
relay-1        | [2m2026-07-18T00:57:33.722787Z[0m [33m WARN[0m [2mmoq_transport::session[0m[2m:[0m Failed to create mlog: Permission denied (os error 13)
test-client-1  | [2m2026-07-18T00:57:33.723152Z[0m [32m INFO[0m [2mmoq_test_client::scenarios[0m[2m:[0m Sending PUBLISH_NAMESPACE for: moq-test/interop
relay-1        | [2m2026-07-18T00:57:33.723410Z[0m [32m INFO[0m [2mmoq_relay_ietf::consumer[0m[2m:[0m serving PUBLISH_NAMESPACE: PublishNamespaceInfo { request_id: 0, namespace: /moq-test/interop } [3mnamespace[0m[2m=[0m/moq-test/interop
relay-1        | [2m2026-07-18T00:57:33.724009Z[0m [32m INFO[0m [2mmoq_relay_ietf::file_coordinator[0m[2m:[0m registering namespace: /moq-test/interop -> https://0.0.0.0:4443/ [3mnamespace[0m[2m=[0m/moq-test/interop [3mscope[0m[2m=[0m [3mrelay_url[0m[2m=[0mhttps://0.0.0.0:4443/
test-client-1  | [2m2026-07-18T00:57:35.723997Z[0m [32m INFO[0m [2mmoq_test_client::scenarios[0m[2m:[0m PUBLISH_NAMESPACE succeeded (REQUEST_OK received, waiting for subscribers)
test-client-1  | ok 2 - publish-namespace-only
relay-1        | [2m2026-07-18T00:57:35.724201Z[0m [33m WARN[0m [2mmoq_transport::session::reader[0m[2m:[0m [READER] decode: stream ended while waiting for data (have=0 bytes, need=1)
test-client-1  |   ---
test-client-1  |   duration_ms: 2003
test-client-1  |   connection_id: aee9266330b34f6d1732b8f6575d2b8f
test-client-1  |   ...
relay-1        | [2m2026-07-18T00:57:35.724630Z[0m [33m WARN[0m [2mmoq_relay_ietf::relay[0m[2m:[0m MoQ session error: decode error: fill buffer [3merror[0m[2m=[0mdecode error: fill buffer
test-client-1  | [2m2026-07-18T00:57:35.724965Z[0m [33m WARN[0m [2mmoq_transport::session::reader[0m[2m:[0m [READER] decode: stream ended while waiting for data (have=0 bytes, need=1)
relay-1        | [2m2026-07-18T00:57:35.724923Z[0m [33m WARN[0m [2mweb_transport_quinn::session[0m[2m:[0m failed to read capsule [3me[0m[2m=[0mUnexpectedEnd
test-client-1  | [2m2026-07-18T00:57:35.725140Z[0m [32m INFO[0m [2mmoq_native_ietf::quic[0m[2m:[0m UDP socket bound [3mbind[0m[2m=[0m[::]:0 [3mlocal[0m[2m=[0m[::]:33482 [3mdual_stack[0m[2m=[0mtrue
relay-1        | [2m2026-07-18T00:57:35.727129Z[0m [33m WARN[0m [2mmoq_transport::session[0m[2m:[0m Failed to create mlog: Permission denied (os error 13)
test-client-1  | [2m2026-07-18T00:57:35.727439Z[0m [32m INFO[0m [2mmoq_test_client::scenarios[0m[2m:[0m Subscribing to non-existent track: nonexistent/namespace/test-track
relay-1        | [2m2026-07-18T00:57:35.727676Z[0m [32m INFO[0m [2mmoq_relay_ietf::producer[0m[2m:[0m serving subscribe: SubscribeInfo { id: 0, track_namespace: /nonexistent/namespace, track_name: test-track, subscriber_priority: 128, group_order: Publisher, forward: true, filter_type: AbsoluteStart, start_location: None, end_group_id: None, filter: None, params: {  }, track_status: false } [3mnamespace[0m[2m=[0m/nonexistent/namespace [3mtrack[0m[2m=[0mtest-track
relay-1        | [2m2026-07-18T00:57:35.727893Z[0m [33m WARN[0m [2mmoq_transport::serve::error[0m[2m:[0m [5da91558-01d1-4be8-919f-12474ec61492] Not found: track '/nonexistent/namespace/test-track' not found in local or remote tracks at /build/moq-relay-ietf/src/producer.rs:168
relay-1        | [2m2026-07-18T00:57:35.727919Z[0m [33m WARN[0m [2mmoq_relay_ietf::producer[0m[2m:[0m failed serving subscribe [3mnamespace[0m[2m=[0m/nonexistent/namespace [3mtrack[0m[2m=[0mtest-track [3msubscribe_info[0m[2m=[0mSubscribeInfo { id: 0, track_namespace: /nonexistent/namespace, track_name: test-track, subscriber_priority: 128, group_order: Publisher, forward: true, filter_type: AbsoluteStart, start_location: None, end_group_id: None, filter: None, params: {  }, track_status: false } [3merror[0m[2m=[0mnot found: Track not found [error:5da91558-01d1-4be8-919f-12474ec61492]
test-client-1  | [2m2026-07-18T00:57:35.728076Z[0m [33m WARN[0m [2mmoq_transport::serve::error[0m[2m:[0m [3f3ef4ec-711c-4aa2-af24-199fb51a6884] Not found: not found: Track not found [error:5da91558-01d1-4be8-919f-12474ec61492] at moq-transport/src/session/subscriber.rs:455
test-client-1  | [2m2026-07-18T00:57:35.728136Z[0m [32m INFO[0m [2mmoq_test_client::scenarios[0m[2m:[0m Got expected 'not found' error: not found: Track not found [error:3f3ef4ec-711c-4aa2-af24-199fb51a6884]
relay-1        | [2m2026-07-18T00:57:35.728215Z[0m [33m WARN[0m [2mmoq_transport::session::reader[0m[2m:[0m [READER] decode: stream ended while waiting for data (have=0 bytes, need=1)
relay-1        | [2m2026-07-18T00:57:35.728295Z[0m [33m WARN[0m [2mmoq_relay_ietf::relay[0m[2m:[0m MoQ session error: decode error: fill buffer [3merror[0m[2m=[0mdecode error: fill buffer
relay-1        | [2m2026-07-18T00:57:35.728472Z[0m [33m WARN[0m [2mweb_transport_quinn::session[0m[2m:[0m failed to read capsule [3me[0m[2m=[0mUnexpectedEnd
test-client-1  | ok 3 - subscribe-error
test-client-1  |   ---
test-client-1  |   duration_ms: 4
test-client-1  |   connection_id: 8a6893d83d99f0174a528f00d7fbc4eb
test-client-1  |   ...
test-client-1  | [2m2026-07-18T00:57:35.728502Z[0m [33m WARN[0m [2mmoq_transport::session::reader[0m[2m:[0m [READER] decode: stream ended while waiting for data (have=0 bytes, need=1)
test-client-1  | [2m2026-07-18T00:57:35.728999Z[0m [32m INFO[0m [2mmoq_native_ietf::quic[0m[2m:[0m UDP socket bound [3mbind[0m[2m=[0m[::]:0 [3mlocal[0m[2m=[0m[::]:40619 [3mdual_stack[0m[2m=[0mtrue
relay-1        | [2m2026-07-18T00:57:35.730719Z[0m [33m WARN[0m [2mmoq_transport::session[0m[2m:[0m Failed to create mlog: Permission denied (os error 13)
test-client-1  | [2m2026-07-18T00:57:35.731672Z[0m [32m INFO[0m [2mmoq_native_ietf::quic[0m[2m:[0m UDP socket bound [3mbind[0m[2m=[0m[::]:0 [3mlocal[0m[2m=[0m[::]:46839 [3mdual_stack[0m[2m=[0mtrue
relay-1        | [2m2026-07-18T00:57:35.733261Z[0m [33m WARN[0m [2mmoq_transport::session[0m[2m:[0m Failed to create mlog: Permission denied (os error 13)
test-client-1  | [2m2026-07-18T00:57:35.733607Z[0m [32m INFO[0m [2mmoq_test_client::scenarios[0m[2m:[0m Publisher sending PUBLISH_NAMESPACE: moq-test/interop
test-client-1  | [2m2026-07-18T00:57:35.733620Z[0m [32m INFO[0m [2mmoq_test_client::scenarios[0m[2m:[0m Subscriber subscribing to track: moq-test/interop/test-track
relay-1        | [2m2026-07-18T00:57:35.733806Z[0m [32m INFO[0m [2mmoq_relay_ietf::consumer[0m[2m:[0m serving PUBLISH_NAMESPACE: PublishNamespaceInfo { request_id: 0, namespace: /moq-test/interop } [3mnamespace[0m[2m=[0m/moq-test/interop
relay-1        | [2m2026-07-18T00:57:35.733885Z[0m [32m INFO[0m [2mmoq_relay_ietf::file_coordinator[0m[2m:[0m registering namespace: /moq-test/interop -> https://0.0.0.0:4443/ [3mnamespace[0m[2m=[0m/moq-test/interop [3mscope[0m[2m=[0m [3mrelay_url[0m[2m=[0mhttps://0.0.0.0:4443/
relay-1        | [2m2026-07-18T00:57:35.733889Z[0m [32m INFO[0m [2mmoq_relay_ietf::producer[0m[2m:[0m serving subscribe: SubscribeInfo { id: 0, track_namespace: /moq-test/interop, track_name: test-track, subscriber_priority: 128, group_order: Publisher, forward: true, filter_type: AbsoluteStart, start_location: None, end_group_id: None, filter: None, params: {  }, track_status: false } [3mnamespace[0m[2m=[0m/moq-test/interop [3mtrack[0m[2m=[0mtest-track
relay-1        | [2m2026-07-18T00:57:35.733986Z[0m [32m INFO[0m [2mmoq_relay_ietf::producer[0m[2m:[0m serving subscribe from local: Track { namespace: /moq-test/interop, name: test-track } [3mnamespace[0m[2m=[0m/moq-test/interop [3mtrack[0m[2m=[0mtest-track [3msource[0m[2m=[0m"local"
relay-1        | [2m2026-07-18T00:57:35.734124Z[0m [32m INFO[0m [2mmoq_relay_ietf::consumer[0m[2m:[0m forwarding subscribe: Track { namespace: /moq-test/interop, name: test-track } [3mnamespace[0m[2m=[0m/moq-test/interop [3mtrack[0m[2m=[0mtest-track
test-client-1  | [2m2026-07-18T00:57:38.734782Z[0m [32m INFO[0m [2mmoq_test_client::scenarios[0m[2m:[0m Test timeout reached - subscription routing may still be in progress
test-client-1  | ok 4 - publish-namespace-subscribe
relay-1        | [2m2026-07-18T00:57:38.734867Z[0m [33m WARN[0m [2mmoq_transport::session::reader[0m[2m:[0m [READER] decode: stream ended while waiting for data (have=0 bytes, need=1)
test-client-1  |   ---
test-client-1  |   duration_ms: 3006
test-client-1  |   publisher_connection_id: c85603eb8990cab2240b40c556e4d9bb
relay-1        | [2m2026-07-18T00:57:38.734889Z[0m [33m WARN[0m [2mmoq_transport::session::reader[0m[2m:[0m [READER] decode: stream ended while waiting for data (have=0 bytes, need=1)
relay-1        | [2m2026-07-18T00:57:38.735427Z[0m [33m WARN[0m [2mmoq_relay_ietf::relay[0m[2m:[0m MoQ session error: decode error: fill buffer [3merror[0m[2m=[0mdecode error: fill buffer
relay-1        | [2m2026-07-18T00:57:38.735482Z[0m [33m WARN[0m [2mmoq_transport::session::reader[0m[2m:[0m [READER] decode: stream ended while waiting for data (have=0 bytes, need=1)
test-client-1  |   subscriber_connection_id: ffeeb3fbf3d850b3cdea81fcc725c13c
test-client-1  |   ...
test-client-1  | [2m2026-07-18T00:57:38.735050Z[0m [33m WARN[0m [2mmoq_transport::session::reader[0m[2m:[0m [READER] decode: stream ended while waiting for data (have=0 bytes, need=1)
test-client-1  | [2m2026-07-18T00:57:38.735423Z[0m [33m WARN[0m [2mweb_transport_quinn::session[0m[2m:[0m failed to read capsule [3me[0m[2m=[0mUnexpectedEnd
relay-1        | [2m2026-07-18T00:57:38.735600Z[0m [33m WARN[0m [2mmoq_relay_ietf::relay[0m[2m:[0m MoQ session error: decode error: fill buffer [3merror[0m[2m=[0mdecode error: fill buffer
test-client-1  | [2m2026-07-18T00:57:38.735789Z[0m [33m WARN[0m [2mmoq_transport::session::reader[0m[2m:[0m [READER] decode: stream ended while waiting for data (have=0 bytes, need=1)
relay-1        | [2m2026-07-18T00:57:38.735910Z[0m [33m WARN[0m [2mweb_transport_quinn::session[0m[2m:[0m failed to read capsule [3me[0m[2m=[0mUnexpectedEnd
test-client-1  | [2m2026-07-18T00:57:38.735988Z[0m [32m INFO[0m [2mmoq_native_ietf::quic[0m[2m:[0m UDP socket bound [3mbind[0m[2m=[0m[::]:0 [3mlocal[0m[2m=[0m[::]:38582 [3mdual_stack[0m[2m=[0mtrue
relay-1        | [2m2026-07-18T00:57:38.738400Z[0m [33m WARN[0m [2mmoq_transport::session[0m[2m:[0m Failed to create mlog: Permission denied (os error 13)
test-client-1  | [2m2026-07-18T00:57:38.738766Z[0m [32m INFO[0m [2mmoq_test_client::scenarios[0m[2m:[0m Subscriber subscribing BEFORE PUBLISH_NAMESPACE: moq-test/interop/test-track
relay-1        | [2m2026-07-18T00:57:38.739015Z[0m [32m INFO[0m [2mmoq_relay_ietf::producer[0m[2m:[0m serving subscribe: SubscribeInfo { id: 0, track_namespace: /moq-test/interop, track_name: test-track, subscriber_priority: 128, group_order: Publisher, forward: true, filter_type: AbsoluteStart, start_location: None, end_group_id: None, filter: None, params: {  }, track_status: false } [3mnamespace[0m[2m=[0m/moq-test/interop [3mtrack[0m[2m=[0mtest-track
relay-1        | [2m2026-07-18T00:57:38.739123Z[0m [33m WARN[0m [2mmoq_transport::serve::error[0m[2m:[0m [61c2235c-a9e6-4c62-93c2-5271f3f42198] Not found: track '/moq-test/interop/test-track' not found in local or remote tracks at /build/moq-relay-ietf/src/producer.rs:168
relay-1        | [2m2026-07-18T00:57:38.739143Z[0m [33m WARN[0m [2mmoq_relay_ietf::producer[0m[2m:[0m failed serving subscribe [3mnamespace[0m[2m=[0m/moq-test/interop [3mtrack[0m[2m=[0mtest-track [3msubscribe_info[0m[2m=[0mSubscribeInfo { id: 0, track_namespace: /moq-test/interop, track_name: test-track, subscriber_priority: 128, group_order: Publisher, forward: true, filter_type: AbsoluteStart, start_location: None, end_group_id: None, filter: None, params: {  }, track_status: false } [3merror[0m[2m=[0mnot found: Track not found [error:61c2235c-a9e6-4c62-93c2-5271f3f42198]
test-client-1  | [2m2026-07-18T00:57:38.739303Z[0m [33m WARN[0m [2mmoq_transport::serve::error[0m[2m:[0m [fd614ea7-ebaf-4120-90e0-d2c50beed1be] Not found: not found: Track not found [error:61c2235c-a9e6-4c62-93c2-5271f3f42198] at moq-transport/src/session/subscriber.rs:455
relay-1        | [2m2026-07-18T00:57:38.739463Z[0m [33m WARN[0m [2mmoq_transport::session::reader[0m[2m:[0m [READER] decode: stream ended while waiting for data (have=0 bytes, need=1)
relay-1        | [2m2026-07-18T00:57:38.739518Z[0m [33m WARN[0m [2mmoq_relay_ietf::relay[0m[2m:[0m MoQ session error: decode error: fill buffer [3merror[0m[2m=[0mdecode error: fill buffer
test-client-1  | [2m2026-07-18T00:57:38.739589Z[0m [33m WARN[0m [2mmoq_transport::session::reader[0m[2m:[0m [READER] decode: stream ended while waiting for data (have=0 bytes, need=1)
test-client-1  | [2m2026-07-18T00:57:39.241256Z[0m [32m INFO[0m [2mmoq_native_ietf::quic[0m[2m:[0m UDP socket bound [3mbind[0m[2m=[0m[::]:0 [3mlocal[0m[2m=[0m[::]:53395 [3mdual_stack[0m[2m=[0mtrue
relay-1        | [2m2026-07-18T00:57:39.245640Z[0m [33m WARN[0m [2mmoq_transport::session[0m[2m:[0m Failed to create mlog: Permission denied (os error 13)
test-client-1  | [2m2026-07-18T00:57:39.246215Z[0m [32m INFO[0m [2mmoq_test_client::scenarios[0m[2m:[0m Publisher sending PUBLISH_NAMESPACE (after subscriber): moq-test/interop
relay-1        | [2m2026-07-18T00:57:39.246510Z[0m [32m INFO[0m [2mmoq_relay_ietf::consumer[0m[2m:[0m serving PUBLISH_NAMESPACE: PublishNamespaceInfo { request_id: 0, namespace: /moq-test/interop } [3mnamespace[0m[2m=[0m/moq-test/interop
relay-1        | [2m2026-07-18T00:57:39.246589Z[0m [32m INFO[0m [2mmoq_relay_ietf::file_coordinator[0m[2m:[0m registering namespace: /moq-test/interop -> https://0.0.0.0:4443/ [3mnamespace[0m[2m=[0m/moq-test/interop [3mscope[0m[2m=[0m [3mrelay_url[0m[2m=[0mhttps://0.0.0.0:4443/
relay-1        | [2m2026-07-18T00:57:42.247845Z[0m [33m WARN[0m [2mmoq_transport::session::reader[0m[2m:[0m [READER] decode: stream ended while waiting for data (have=0 bytes, need=1)
test-client-1  | [2m2026-07-18T00:57:42.247746Z[0m [32m INFO[0m [2mmoq_test_client::scenarios[0m[2m:[0m Publisher PUBLISH_NAMESPACE timeout (expected)
test-client-1  | [2m2026-07-18T00:57:42.247773Z[0m [32m INFO[0m [2mmoq_test_client::scenarios[0m[2m:[0m Subscriber got error: not found: Track not found [error:fd614ea7-ebaf-4120-90e0-d2c50beed1be] (may be expected)
test-client-1  | ok 5 - subscribe-before-publish-namespace
test-client-1  |   ---
test-client-1  |   duration_ms: 3512
test-client-1  |   subscriber_connection_id: bef28b8a862db7c15359e088fe829f13
test-client-1  |   publisher_connection_id: a364c144bb2e3984c21ce3520342ccde
test-client-1  |   ...
test-client-1  | [2m2026-07-18T00:57:42.248024Z[0m [33m WARN[0m [2mmoq_transport::session::reader[0m[2m:[0m [READER] decode: stream ended while waiting for data (have=0 bytes, need=1)
test-client-1  | [2m2026-07-18T00:57:42.248282Z[0m [33m WARN[0m [2mweb_transport_quinn::session[0m[2m:[0m failed to read capsule [3me[0m[2m=[0mUnexpectedEnd
relay-1        | [2m2026-07-18T00:57:42.248475Z[0m [33m WARN[0m [2mmoq_relay_ietf::relay[0m[2m:[0m MoQ session error: decode error: fill buffer [3merror[0m[2m=[0mdecode error: fill buffer
test-client-1  | [2m2026-07-18T00:57:42.248822Z[0m [32m INFO[0m [2mmoq_native_ietf::quic[0m[2m:[0m UDP socket bound [3mbind[0m[2m=[0m[::]:0 [3mlocal[0m[2m=[0m[::]:49719 [3mdual_stack[0m[2m=[0mtrue
relay-1        | [2m2026-07-18T00:57:42.250840Z[0m [33m WARN[0m [2mmoq_transport::session[0m[2m:[0m Failed to create mlog: Permission denied (os error 13)
test-client-1  | [2m2026-07-18T00:57:42.251154Z[0m [32m INFO[0m [2mmoq_test_client::scenarios[0m[2m:[0m Sending PUBLISH_NAMESPACE: moq-test/interop
relay-1        | [2m2026-07-18T00:57:42.251369Z[0m [32m INFO[0m [2mmoq_relay_ietf::consumer[0m[2m:[0m serving PUBLISH_NAMESPACE: PublishNamespaceInfo { request_id: 0, namespace: /moq-test/interop } [3mnamespace[0m[2m=[0m/moq-test/interop
relay-1        | [2m2026-07-18T00:57:42.251447Z[0m [32m INFO[0m [2mmoq_relay_ietf::file_coordinator[0m[2m:[0m registering namespace: /moq-test/interop -> https://0.0.0.0:4443/ [3mnamespace[0m[2m=[0m/moq-test/interop [3mscope[0m[2m=[0m [3mrelay_url[0m[2m=[0mhttps://0.0.0.0:4443/
test-client-1  | [2m2026-07-18T00:57:44.252531Z[0m [32m INFO[0m [2mmoq_test_client::scenarios[0m[2m:[0m PUBLISH_NAMESPACE active; sending PUBLISH_NAMESPACE_DONE
test-client-1  | [2m2026-07-18T00:57:44.252856Z[0m [33m WARN[0m [2mmoq_transport::session::reader[0m[2m:[0m [READER] decode: stream ended while waiting for data (have=0 bytes, need=1)
relay-1        | [2m2026-07-18T00:57:44.252651Z[0m [33m WARN[0m [2mmoq_transport::session::reader[0m[2m:[0m [READER] decode: stream ended while waiting for data (have=0 bytes, need=1)
relay-1        | [2m2026-07-18T00:57:44.252938Z[0m [33m WARN[0m [2mmoq_relay_ietf::relay[0m[2m:[0m MoQ session error: decode error: fill buffer [3merror[0m[2m=[0mdecode error: fill buffer
relay-1        | [2m2026-07-18T00:57:44.253244Z[0m [33m WARN[0m [2mweb_transport_quinn::session[0m[2m:[0m failed to read capsule [3me[0m[2m=[0mUnexpectedEnd
test-client-1  | [2m2026-07-18T00:57:44.353757Z[0m [32m INFO[0m [2mmoq_test_client::scenarios[0m[2m:[0m PUBLISH_NAMESPACE_DONE sent successfully
test-client-1  | ok 6 - publish-namespace-done
test-client-1  |   ---
test-client-1  |   duration_ms: 2106
test-client-1  |   connection_id: c2cb99ddd4274abb7b5409227bf5f95b
test-client-1  |   ...
[Ktest-client-1 exited with code 0
Aborting on container exit...
 Container main-test-client-1  Stopping
 Container main-test-client-1  Stopped
 Container main-relay-1  Stopping
 Container main-relay-1  Stopped

Test results in mlog/
make[1]: Leaving directory '/home/runner/work/moq-interop-runner/moq-interop-runner/main'
