make[1]: Entering directory '/home/runner/work/moq-interop-runner/moq-interop-runner/main'
Running tests against moqt://34-72-6-160.sslip.io:443...
  Client: ghcr.io/englishm/moq-interop-runner-moq-test-client-draft-18:latest
docker run --rm \
	 \
	--network host \
	-e RELAY_URL=moqt://34-72-6-160.sslip.io:443 \
	-e TLS_DISABLE_VERIFY=false \
	ghcr.io/englishm/moq-interop-runner-moq-test-client-draft-18:latest
TAP version 14
# moq-test-client v0.1.12
# Relay: moqt://34-72-6-160.sslip.io:443
1..18
[2m2026-10-04T01:33:09.697830Z[0m [32m INFO[0m [2mmoq_native_ietf::quic[0m[2m:[0m UDP socket bound [3mbind[0m[2m=[0m[::]:0 [3mlocal[0m[2m=[0m[::]:55338 [3mdual_stack[0m[2m=[0mtrue
ok 1 - setup-only
  ---
  duration_ms: 78
  connection_id: cec8710cf469216d6f88622fca71e71d
  ...
[2m2026-10-04T01:33:09.775919Z[0m [32m INFO[0m [2mmoq_test_client::scenarios[0m[2m:[0m SETUP exchange completed successfully
[2m2026-10-04T01:33:09.776907Z[0m [32m INFO[0m [2mmoq_native_ietf::quic[0m[2m:[0m UDP socket bound [3mbind[0m[2m=[0m[::]:0 [3mlocal[0m[2m=[0m[::]:45792 [3mdual_stack[0m[2m=[0mtrue
[2m2026-10-04T01:33:09.844978Z[0m [32m INFO[0m [2mmoq_test_client::scenarios[0m[2m:[0m Sending PUBLISH_NAMESPACE for: moq-test/interop
[2m2026-10-04T01:33:11.846181Z[0m [32m INFO[0m [2mmoq_test_client::scenarios[0m[2m:[0m PUBLISH_NAMESPACE succeeded (REQUEST_OK received, waiting for subscribers)
ok 2 - publish-namespace-only
  ---
  duration_ms: 2070
  connection_id: 06a4957511a2bd46a78daee00b64e830
  ...
[2m2026-10-04T01:33:11.847113Z[0m [32m INFO[0m [2mmoq_native_ietf::quic[0m[2m:[0m UDP socket bound [3mbind[0m[2m=[0m[::]:0 [3mlocal[0m[2m=[0m[::]:43454 [3mdual_stack[0m[2m=[0mtrue
[2m2026-10-04T01:33:11.922297Z[0m [32m INFO[0m [2mmoq_test_client::scenarios[0m[2m:[0m Subscribing to non-existent track: nonexistent/namespace/test-track
[2m2026-10-04T01:33:11.956358Z[0m [33m WARN[0m [2mmoq_transport::serve::error[0m[2m:[0m [2f189086-667a-40f3-a920-c28b388627a2] Not found: unroutable at moq-transport/src/session/subscriber.rs:1653
[2m2026-10-04T01:33:11.956418Z[0m [32m INFO[0m [2mmoq_test_client::scenarios[0m[2m:[0m Got expected 'not found' error: not found: Track not found [error:2f189086-667a-40f3-a920-c28b388627a2]
ok 3 - subscribe-error
  ---
  duration_ms: 110
  connection_id: 8367009b14b13e4b02b3f644a67bb0ff
  ...
[2m2026-10-04T01:33:11.957413Z[0m [32m INFO[0m [2mmoq_native_ietf::quic[0m[2m:[0m UDP socket bound [3mbind[0m[2m=[0m[::]:0 [3mlocal[0m[2m=[0m[::]:42401 [3mdual_stack[0m[2m=[0mtrue
[2m2026-10-04T01:33:12.140121Z[0m [32m INFO[0m [2mmoq_native_ietf::quic[0m[2m:[0m UDP socket bound [3mbind[0m[2m=[0m[::]:0 [3mlocal[0m[2m=[0m[::]:42529 [3mdual_stack[0m[2m=[0mtrue
[2m2026-10-04T01:33:12.219775Z[0m [32m INFO[0m [2mmoq_test_client::scenarios[0m[2m:[0m Publisher sending PUBLISH_NAMESPACE: moq-test/interop
[2m2026-10-04T01:33:12.219791Z[0m [32m INFO[0m [2mmoq_test_client::scenarios[0m[2m:[0m Subscriber subscribing to track: moq-test/interop/test-track
[2m2026-10-04T01:33:12.255220Z[0m [33m WARN[0m [2mmoq_transport::serve::error[0m[2m:[0m [3a7a772d-ca58-4e3d-a696-50e46f4782fd] Not found: unroutable at moq-transport/src/session/subscriber.rs:1653
[2m2026-10-04T01:33:12.255439Z[0m [32m INFO[0m [2mmoq_test_client::scenarios[0m[2m:[0m Subscriber got error: not found: Track not found [error:3a7a772d-ca58-4e3d-a696-50e46f4782fd] - subscription was processed
ok 4 - publish-namespace-subscribe
[2m2026-10-04T01:33:12.256460Z[0m [32m INFO[0m [2mmoq_native_ietf::quic[0m[2m:[0m UDP socket bound [3mbind[0m[2m=[0m[::]:0 [3mlocal[0m[2m=[0m[::]:35696 [3mdual_stack[0m[2m=[0mtrue
  ---
  duration_ms: 299
  publisher_connection_id: 86d9e29a99da0666a94199e4adf05e5d
  subscriber_connection_id: 80ff54f30c00996eda57008e5d4be305
  ...
[2m2026-10-04T01:33:12.324733Z[0m [32m INFO[0m [2mmoq_test_client::scenarios[0m[2m:[0m Subscriber subscribing BEFORE PUBLISH_NAMESPACE: moq-test/interop/test-track
[2m2026-10-04T01:33:12.355009Z[0m [33m WARN[0m [2mmoq_transport::serve::error[0m[2m:[0m [bddf93a3-7a1d-427d-bce5-9d07a5198021] Not found: unroutable at moq-transport/src/session/subscriber.rs:1653
[2m2026-10-04T01:33:12.827394Z[0m [32m INFO[0m [2mmoq_native_ietf::quic[0m[2m:[0m UDP socket bound [3mbind[0m[2m=[0m[::]:0 [3mlocal[0m[2m=[0m[::]:39124 [3mdual_stack[0m[2m=[0mtrue
[2m2026-10-04T01:33:12.900044Z[0m [32m INFO[0m [2mmoq_test_client::scenarios[0m[2m:[0m Publisher sending PUBLISH_NAMESPACE (after subscriber): moq-test/interop
ok 5 - subscribe-before-publish-namespace
  ---
  duration_ms: 3646
  subscriber_connection_id: 28378d1822a4b31b8a3f5145d131e4d8
  publisher_connection_id: c54d43984da9efbe0cdc16b3e1875e63
  ...
[2m2026-10-04T01:33:15.901914Z[0m [32m INFO[0m [2mmoq_test_client::scenarios[0m[2m:[0m Publisher PUBLISH_NAMESPACE timeout (expected)
[2m2026-10-04T01:33:15.901939Z[0m [32m INFO[0m [2mmoq_test_client::scenarios[0m[2m:[0m Subscriber got error: not found: Track not found [error:bddf93a3-7a1d-427d-bce5-9d07a5198021] (may be expected)
[2m2026-10-04T01:33:15.902856Z[0m [32m INFO[0m [2mmoq_native_ietf::quic[0m[2m:[0m UDP socket bound [3mbind[0m[2m=[0m[::]:0 [3mlocal[0m[2m=[0m[::]:40351 [3mdual_stack[0m[2m=[0mtrue
[2m2026-10-04T01:33:15.971407Z[0m [32m INFO[0m [2mmoq_test_client::scenarios[0m[2m:[0m Sending PUBLISH_NAMESPACE: moq-test/interop
[2m2026-10-04T01:33:17.972053Z[0m [32m INFO[0m [2mmoq_test_client::scenarios[0m[2m:[0m PUBLISH_NAMESPACE active; sending PUBLISH_NAMESPACE_DONE
[2m2026-10-04T01:33:18.073380Z[0m [32m INFO[0m [2mmoq_test_client::scenarios[0m[2m:[0m PUBLISH_NAMESPACE_DONE sent successfully
ok 6 - publish-namespace-done
  ---
  duration_ms: 2171
  connection_id: 26a6280ce831a65017ca1dda06401014
  ...
[2m2026-10-04T01:33:18.074461Z[0m [32m INFO[0m [2mmoq_native_ietf::quic[0m[2m:[0m UDP socket bound [3mbind[0m[2m=[0m[::]:0 [3mlocal[0m[2m=[0m[::]:45994 [3mdual_stack[0m[2m=[0mtrue
[2m2026-10-04T01:33:18.151378Z[0m [32m INFO[0m [2mmoq_test_client::scenarios[0m[2m:[0m Publisher sending direct PUBLISH [3mnamespace[0m[2m=[0m/moq-test/publish [3mtrack[0m[2m=[0m"published-track"
[2m2026-10-04T01:33:18.185895Z[0m [33m WARN[0m [2mmoq_transport::session::reader[0m[2m:[0m [READER] decode: stream ended while waiting for data (have=0 bytes, need=1)
not ok 7 - publish-track-only
  ---
  duration_ms: 112
  message: "PUBLISH was rejected: closed, code=3"
  ...
[2m2026-10-04T01:33:18.186689Z[0m [32m INFO[0m [2mmoq_native_ietf::quic[0m[2m:[0m UDP socket bound [3mbind[0m[2m=[0m[::]:0 [3mlocal[0m[2m=[0m[::]:49050 [3mdual_stack[0m[2m=[0mtrue
[2m2026-10-04T01:33:18.264967Z[0m [32m INFO[0m [2mmoq_native_ietf::quic[0m[2m:[0m UDP socket bound [3mbind[0m[2m=[0m[::]:0 [3mlocal[0m[2m=[0m[::]:54410 [3mdual_stack[0m[2m=[0mtrue
[2m2026-10-04T01:33:18.331683Z[0m [32m INFO[0m [2mmoq_test_client::scenarios[0m[2m:[0m Publisher sending direct PUBLISH before subscriber subscribes [3mnamespace[0m[2m=[0m/moq-test/publish [3mtrack[0m[2m=[0m"published-track"
[2m2026-10-04T01:33:18.366786Z[0m [33m WARN[0m [2mmoq_transport::session::reader[0m[2m:[0m [READER] decode: stream ended while waiting for data (have=0 bytes, need=1)
not ok 8 - publish-track-subscribe
  ---
  duration_ms: 181
  message: "PUBLISH was rejected: closed, code=3"
  ...
[2m2026-10-04T01:33:18.368118Z[0m [32m INFO[0m [2mmoq_native_ietf::quic[0m[2m:[0m UDP socket bound [3mbind[0m[2m=[0m[::]:0 [3mlocal[0m[2m=[0m[::]:41412 [3mdual_stack[0m[2m=[0mtrue
[2m2026-10-04T01:33:18.510293Z[0m [32m INFO[0m [2mmoq_test_client::scenarios[0m[2m:[0m Subscribing with RENDEZVOUS_TIMEOUT to a track with no publisher [3mtimeout_ms[0m[2m=[0m500
[2m2026-10-04T01:33:18.541043Z[0m [33m WARN[0m [2mmoq_transport::serve::error[0m[2m:[0m [a302569c-611c-43fc-b7e8-32139cbd0d2d] Not found: unroutable at moq-transport/src/session/subscriber.rs:1653
not ok 9 - rendezvous-timeout
  ---
  duration_ms: 174
  message: "expected REQUEST_ERROR TIMEOUT, got: not found: Track not found [error:a302569c-611c-43fc-b7e8-32139cbd0d2d]"
  ...
[2m2026-10-04T01:33:18.542070Z[0m [32m INFO[0m [2mmoq_native_ietf::quic[0m[2m:[0m UDP socket bound [3mbind[0m[2m=[0m[::]:0 [3mlocal[0m[2m=[0m[::]:33075 [3mdual_stack[0m[2m=[0mtrue
[2m2026-10-04T01:33:18.642459Z[0m [33m WARN[0m [2mmoq_transport::serve::error[0m[2m:[0m [94c70a51-a337-4871-9679-874aa610915e] Not found: unroutable at moq-transport/src/session/subscriber.rs:1653
[2m2026-10-04T01:33:18.812750Z[0m [32m INFO[0m [2mmoq_native_ietf::quic[0m[2m:[0m UDP socket bound [3mbind[0m[2m=[0m[::]:0 [3mlocal[0m[2m=[0m[::]:41507 [3mdual_stack[0m[2m=[0mtrue
[2m2026-10-04T01:33:18.919377Z[0m [33m WARN[0m [2mmoq_transport::session::reader[0m[2m:[0m [READER] decode: stream ended while waiting for data (have=0 bytes, need=1)
not ok 10 - moq-test-subgroup-per-group
  ---
  duration_ms: 378
  message: "PUBLISH was rejected: closed, code=3"
  ...
[2m2026-10-04T01:33:18.920459Z[0m [32m INFO[0m [2mmoq_native_ietf::quic[0m[2m:[0m UDP socket bound [3mbind[0m[2m=[0m[::]:0 [3mlocal[0m[2m=[0m[::]:45111 [3mdual_stack[0m[2m=[0mtrue
[2m2026-10-04T01:33:19.033856Z[0m [33m WARN[0m [2mmoq_transport::serve::error[0m[2m:[0m [2571e170-4d89-4747-a086-0a8e19bc8dbf] Not found: unroutable at moq-transport/src/session/subscriber.rs:1653
[2m2026-10-04T01:33:19.199812Z[0m [32m INFO[0m [2mmoq_native_ietf::quic[0m[2m:[0m UDP socket bound [3mbind[0m[2m=[0m[::]:0 [3mlocal[0m[2m=[0m[::]:37804 [3mdual_stack[0m[2m=[0mtrue
[2m2026-10-04T01:33:19.313371Z[0m [33m WARN[0m [2mmoq_transport::session::reader[0m[2m:[0m [READER] decode: stream ended while waiting for data (have=0 bytes, need=1)
[2m2026-10-04T01:33:19.314362Z[0m [32m INFO[0m [2mmoq_native_ietf::quic[0m[2m:[0m UDP socket bound [3mbind[0m[2m=[0m[::]:0 [3mlocal[0m[2m=[0m[::]:43834 [3mdual_stack[0m[2m=[0mtrue
not ok 11 - moq-test-subgroup-per-group-eog
  ---
  duration_ms: 393
  message: "PUBLISH was rejected: closed, code=3"
  ...
[2m2026-10-04T01:33:19.415305Z[0m [33m WARN[0m [2mmoq_transport::serve::error[0m[2m:[0m [756af2f0-4291-4bd2-9a40-4745a3e41477] Not found: unroutable at moq-transport/src/session/subscriber.rs:1653
[2m2026-10-04T01:33:19.585931Z[0m [32m INFO[0m [2mmoq_native_ietf::quic[0m[2m:[0m UDP socket bound [3mbind[0m[2m=[0m[::]:0 [3mlocal[0m[2m=[0m[::]:58397 [3mdual_stack[0m[2m=[0mtrue
[2m2026-10-04T01:33:19.687279Z[0m [33m WARN[0m [2mmoq_transport::session::reader[0m[2m:[0m [READER] decode: stream ended while waiting for data (have=0 bytes, need=1)
not ok 12 - moq-test-subgroup-per-object
  ---
  duration_ms: 373
  message: "PUBLISH was rejected: closed, code=3"
  ...
[2m2026-10-04T01:33:19.688188Z[0m [32m INFO[0m [2mmoq_native_ietf::quic[0m[2m:[0m UDP socket bound [3mbind[0m[2m=[0m[::]:0 [3mlocal[0m[2m=[0m[::]:49614 [3mdual_stack[0m[2m=[0mtrue
[2m2026-10-04T01:33:19.861200Z[0m [33m WARN[0m [2mmoq_transport::serve::error[0m[2m:[0m [027530d8-2e64-4cf5-9af0-a361a33fdee4] Not found: unroutable at moq-transport/src/session/subscriber.rs:1653
[2m2026-10-04T01:33:20.031612Z[0m [32m INFO[0m [2mmoq_native_ietf::quic[0m[2m:[0m UDP socket bound [3mbind[0m[2m=[0m[::]:0 [3mlocal[0m[2m=[0m[::]:52700 [3mdual_stack[0m[2m=[0mtrue
[2m2026-10-04T01:33:20.140543Z[0m [33m WARN[0m [2mmoq_transport::session::reader[0m[2m:[0m [READER] decode: stream ended while waiting for data (have=0 bytes, need=1)
not ok 13 - moq-test-two-subgroups-eog
  ---
  duration_ms: 453
  message: "PUBLISH was rejected: closed, code=3"
  ...
[2m2026-10-04T01:33:20.141625Z[0m [32m INFO[0m [2mmoq_native_ietf::quic[0m[2m:[0m UDP socket bound [3mbind[0m[2m=[0m[::]:0 [3mlocal[0m[2m=[0m[::]:60209 [3mdual_stack[0m[2m=[0mtrue
[2m2026-10-04T01:33:20.354009Z[0m [33m WARN[0m [2mmoq_transport::serve::error[0m[2m:[0m [c2465cdc-7241-4197-b6c5-4921729eb44b] Not found: unroutable at moq-transport/src/session/subscriber.rs:1653
[2m2026-10-04T01:33:20.524966Z[0m [32m INFO[0m [2mmoq_native_ietf::quic[0m[2m:[0m UDP socket bound [3mbind[0m[2m=[0m[::]:0 [3mlocal[0m[2m=[0m[::]:41251 [3mdual_stack[0m[2m=[0mtrue
[2m2026-10-04T01:33:20.621313Z[0m [33m WARN[0m [2mmoq_transport::session::reader[0m[2m:[0m [READER] decode: stream ended while waiting for data (have=0 bytes, need=1)
not ok 14 - moq-test-datagram
  ---
  duration_ms: 480
  message: "PUBLISH was rejected: closed, code=3"
  ...
[2m2026-10-04T01:33:20.622222Z[0m [32m INFO[0m [2mmoq_native_ietf::quic[0m[2m:[0m UDP socket bound [3mbind[0m[2m=[0m[::]:0 [3mlocal[0m[2m=[0m[::]:43134 [3mdual_stack[0m[2m=[0mtrue
[2m2026-10-04T01:33:20.717852Z[0m [33m WARN[0m [2mmoq_transport::serve::error[0m[2m:[0m [d54b36bb-352e-4663-b502-0135816ff819] Not found: unroutable at moq-transport/src/session/subscriber.rs:1653
[2m2026-10-04T01:33:20.890002Z[0m [32m INFO[0m [2mmoq_native_ietf::quic[0m[2m:[0m UDP socket bound [3mbind[0m[2m=[0m[::]:0 [3mlocal[0m[2m=[0m[::]:51389 [3mdual_stack[0m[2m=[0mtrue
[2m2026-10-04T01:33:21.004016Z[0m [33m WARN[0m [2mmoq_transport::session::reader[0m[2m:[0m [READER] decode: stream ended while waiting for data (have=0 bytes, need=1)
not ok 15 - moq-test-datagram-eog
  ---
  duration_ms: 382
  message: "PUBLISH was rejected: closed, code=3"
  ...
[2m2026-10-04T01:33:21.004994Z[0m [32m INFO[0m [2mmoq_native_ietf::quic[0m[2m:[0m UDP socket bound [3mbind[0m[2m=[0m[::]:0 [3mlocal[0m[2m=[0m[::]:41010 [3mdual_stack[0m[2m=[0mtrue
[2m2026-10-04T01:33:21.118650Z[0m [33m WARN[0m [2mmoq_transport::serve::error[0m[2m:[0m [abd6864b-6286-4d56-b46a-cd608d35d4c5] Not found: unroutable at moq-transport/src/session/subscriber.rs:1653
[2m2026-10-04T01:33:21.285476Z[0m [32m INFO[0m [2mmoq_native_ietf::quic[0m[2m:[0m UDP socket bound [3mbind[0m[2m=[0m[::]:0 [3mlocal[0m[2m=[0m[::]:48214 [3mdual_stack[0m[2m=[0mtrue
[2m2026-10-04T01:33:21.387754Z[0m [33m WARN[0m [2mmoq_transport::session::reader[0m[2m:[0m [READER] decode: stream ended while waiting for data (have=0 bytes, need=1)
not ok 16 - moq-test-extensions
  ---
  duration_ms: 383
  message: "PUBLISH was rejected: closed, code=3"
  ...
[2m2026-10-04T01:33:21.388781Z[0m [32m INFO[0m [2mmoq_native_ietf::quic[0m[2m:[0m UDP socket bound [3mbind[0m[2m=[0m[::]:0 [3mlocal[0m[2m=[0m[::]:53752 [3mdual_stack[0m[2m=[0mtrue
[2m2026-10-04T01:33:21.490001Z[0m [33m WARN[0m [2mmoq_transport::serve::error[0m[2m:[0m [0e4ef827-62a1-4085-bf40-c383d79bc304] Not found: unroutable at moq-transport/src/session/subscriber.rs:1653
[2m2026-10-04T01:33:21.660476Z[0m [32m INFO[0m [2mmoq_native_ietf::quic[0m[2m:[0m UDP socket bound [3mbind[0m[2m=[0m[::]:0 [3mlocal[0m[2m=[0m[::]:60958 [3mdual_stack[0m[2m=[0mtrue
[2m2026-10-04T01:33:21.764848Z[0m [33m WARN[0m [2mmoq_transport::session::reader[0m[2m:[0m [READER] decode: stream ended while waiting for data (have=0 bytes, need=1)
not ok 17 - moq-test-increments
  ---
  duration_ms: 377
  message: "PUBLISH was rejected: closed, code=3"
  ...
[2m2026-10-04T01:33:21.765867Z[0m [32m INFO[0m [2mmoq_native_ietf::quic[0m[2m:[0m UDP socket bound [3mbind[0m[2m=[0m[::]:0 [3mlocal[0m[2m=[0m[::]:39424 [3mdual_stack[0m[2m=[0mtrue
[2m2026-10-04T01:33:22.037521Z[0m [32m INFO[0m [2mmoq_native_ietf::quic[0m[2m:[0m UDP socket bound [3mbind[0m[2m=[0m[::]:0 [3mlocal[0m[2m=[0m[::]:48469 [3mdual_stack[0m[2m=[0mtrue
[2m2026-10-04T01:33:22.253379Z[0m [33m WARN[0m [2mmoq_transport::session::reader[0m[2m:[0m [READER] decode: stream ended while waiting for data (have=0 bytes, need=1)
not ok 18 - moq-test-forward-zero
  ---
  duration_ms: 488
  message: "PUBLISH was rejected: closed, code=3"
  ...
make[1]: *** [Makefile:122: test-external] Error 1
make[1]: Leaving directory '/home/runner/work/moq-interop-runner/moq-interop-runner/main'
