make[1]: Entering directory '/home/runner/work/moq-interop-runner/moq-interop-runner/main'
Running tests against moqt://fb.mvfst.net:9448...
  Client: ghcr.io/englishm/moq-interop-runner-moq-test-client-draft-18:latest
docker run --rm \
	 \
	--network host \
	-e RELAY_URL=moqt://fb.mvfst.net:9448 \
	-e TLS_DISABLE_VERIFY=1 \
	ghcr.io/englishm/moq-interop-runner-moq-test-client-draft-18:latest
TAP version 14
# moq-test-client v0.1.12
# Relay: moqt://fb.mvfst.net:9448
1..18
[2m2026-10-04T01:32:35.806935Z[0m [32m INFO[0m [2mmoq_native_ietf::quic[0m[2m:[0m UDP socket bound [3mbind[0m[2m=[0m[::]:0 [3mlocal[0m[2m=[0m[::]:38032 [3mdual_stack[0m[2m=[0mtrue
ok 1 - setup-only
  ---
  duration_ms: 103
  connection_id: e172273d3590fb999c80ffdb9763981f
  ...
[2m2026-10-04T01:32:35.909161Z[0m [32m INFO[0m [2mmoq_test_client::scenarios[0m[2m:[0m SETUP exchange completed successfully
[2m2026-10-04T01:32:35.910031Z[0m [32m INFO[0m [2mmoq_native_ietf::quic[0m[2m:[0m UDP socket bound [3mbind[0m[2m=[0m[::]:0 [3mlocal[0m[2m=[0m[::]:48522 [3mdual_stack[0m[2m=[0mtrue
[2m2026-10-04T01:32:35.942263Z[0m [32m INFO[0m [2mmoq_test_client::scenarios[0m[2m:[0m Sending PUBLISH_NAMESPACE for: moq-test/interop
[2m2026-10-04T01:32:37.943530Z[0m [32m INFO[0m [2mmoq_test_client::scenarios[0m[2m:[0m PUBLISH_NAMESPACE succeeded (REQUEST_OK received, waiting for subscribers)
ok 2 - publish-namespace-only
  ---
  duration_ms: 2034
  connection_id: b3affb78aea452b86692011fe44fb135
  ...
[2m2026-10-04T01:32:37.944564Z[0m [32m INFO[0m [2mmoq_native_ietf::quic[0m[2m:[0m UDP socket bound [3mbind[0m[2m=[0m[::]:0 [3mlocal[0m[2m=[0m[::]:57773 [3mdual_stack[0m[2m=[0mtrue
[2m2026-10-04T01:32:37.972438Z[0m [32m INFO[0m [2mmoq_test_client::scenarios[0m[2m:[0m Subscribing to non-existent track: nonexistent/namespace/test-track
[2m2026-10-04T01:32:37.995161Z[0m [33m WARN[0m [2mmoq_transport::serve::error[0m[2m:[0m [4210e1e8-a8db-4ff6-a707-fbe194f2bb4f] Not found: no such namespace or track at moq-transport/src/session/subscriber.rs:1653
[2m2026-10-04T01:32:37.995226Z[0m [32m INFO[0m [2mmoq_test_client::scenarios[0m[2m:[0m Got expected 'not found' error: not found: Track not found [error:4210e1e8-a8db-4ff6-a707-fbe194f2bb4f]
ok 3 - subscribe-error
  ---
  duration_ms: 51
  connection_id: 63c5299099376dfd6b8654896c4fa824
  ...
[2m2026-10-04T01:32:37.996129Z[0m [32m INFO[0m [2mmoq_native_ietf::quic[0m[2m:[0m UDP socket bound [3mbind[0m[2m=[0m[::]:0 [3mlocal[0m[2m=[0m[::]:54288 [3mdual_stack[0m[2m=[0mtrue
[2m2026-10-04T01:32:38.024372Z[0m [32m INFO[0m [2mmoq_native_ietf::quic[0m[2m:[0m UDP socket bound [3mbind[0m[2m=[0m[::]:0 [3mlocal[0m[2m=[0m[::]:42946 [3mdual_stack[0m[2m=[0mtrue
[2m2026-10-04T01:32:38.088060Z[0m [32m INFO[0m [2mmoq_test_client::scenarios[0m[2m:[0m Publisher sending PUBLISH_NAMESPACE: moq-test/interop
[2m2026-10-04T01:32:38.088077Z[0m [32m INFO[0m [2mmoq_test_client::scenarios[0m[2m:[0m Subscriber subscribing to track: moq-test/interop/test-track
[2m2026-10-04T01:32:41.089210Z[0m [32m INFO[0m [2mmoq_test_client::scenarios[0m[2m:[0m Test timeout reached - subscription routing may still be in progress
[2m2026-10-04T01:32:41.090308Z[0m [32m INFO[0m [2mmoq_native_ietf::quic[0m[2m:[0m UDP socket bound [3mbind[0m[2m=[0m[::]:0 [3mlocal[0m[2m=[0m[::]:56660 [3mdual_stack[0m[2m=[0mtrue
ok 4 - publish-namespace-subscribe
  ---
  duration_ms: 3094
  publisher_connection_id: 14c2558b845a160c6510c917776a3ade
  subscriber_connection_id: a7a270d8f51a13abf90925de570edba4
  ...
[2m2026-10-04T01:32:41.124116Z[0m [32m INFO[0m [2mmoq_test_client::scenarios[0m[2m:[0m Subscriber subscribing BEFORE PUBLISH_NAMESPACE: moq-test/interop/test-track
[2m2026-10-04T01:32:41.149285Z[0m [33m WARN[0m [2mmoq_transport::serve::error[0m[2m:[0m [4a53ce28-13af-4712-a160-c6ce4256df42] Not found: no such namespace or track at moq-transport/src/session/subscriber.rs:1653
[2m2026-10-04T01:32:41.626267Z[0m [32m INFO[0m [2mmoq_native_ietf::quic[0m[2m:[0m UDP socket bound [3mbind[0m[2m=[0m[::]:0 [3mlocal[0m[2m=[0m[::]:34970 [3mdual_stack[0m[2m=[0mtrue
[2m2026-10-04T01:32:41.655507Z[0m [32m INFO[0m [2mmoq_test_client::scenarios[0m[2m:[0m Publisher sending PUBLISH_NAMESPACE (after subscriber): moq-test/interop
[2m2026-10-04T01:32:44.656974Z[0m [32m INFO[0m [2mmoq_test_client::scenarios[0m[2m:[0m Publisher PUBLISH_NAMESPACE timeout (expected)
[2m2026-10-04T01:32:44.657002Z[0m [32m INFO[0m [2mmoq_test_client::scenarios[0m[2m:[0m Subscriber got error: not found: Track not found [error:4a53ce28-13af-4712-a160-c6ce4256df42] (may be expected)
ok 5 - subscribe-before-publish-namespace
  ---
  duration_ms: 3567
  subscriber_connection_id: 36d24dd69b66b134d2db0fb32542d747
  publisher_connection_id: f3bd500dd7a2f73c896874be8bc0fbee
  ...
[2m2026-10-04T01:32:44.658128Z[0m [32m INFO[0m [2mmoq_native_ietf::quic[0m[2m:[0m UDP socket bound [3mbind[0m[2m=[0m[::]:0 [3mlocal[0m[2m=[0m[::]:36110 [3mdual_stack[0m[2m=[0mtrue
[2m2026-10-04T01:32:44.686749Z[0m [32m INFO[0m [2mmoq_test_client::scenarios[0m[2m:[0m Sending PUBLISH_NAMESPACE: moq-test/interop
[2m2026-10-04T01:32:46.686908Z[0m [32m INFO[0m [2mmoq_test_client::scenarios[0m[2m:[0m PUBLISH_NAMESPACE active; sending PUBLISH_NAMESPACE_DONE
ok 6 - publish-namespace-done
  ---
  duration_ms: 2131
  connection_id: e3364d12f7cb554bda3c991dfa928445
  ...
[2m2026-10-04T01:32:46.788254Z[0m [32m INFO[0m [2mmoq_test_client::scenarios[0m[2m:[0m PUBLISH_NAMESPACE_DONE sent successfully
[2m2026-10-04T01:32:46.789187Z[0m [32m INFO[0m [2mmoq_native_ietf::quic[0m[2m:[0m UDP socket bound [3mbind[0m[2m=[0m[::]:0 [3mlocal[0m[2m=[0m[::]:46283 [3mdual_stack[0m[2m=[0mtrue
[2m2026-10-04T01:32:46.930805Z[0m [32m INFO[0m [2mmoq_test_client::scenarios[0m[2m:[0m Publisher sending direct PUBLISH [3mnamespace[0m[2m=[0m/moq-test/publish [3mtrack[0m[2m=[0m"published-track"
[2m2026-10-04T01:32:46.954161Z[0m [32m INFO[0m [2mmoq_test_client::scenarios[0m[2m:[0m PUBLISH accepted [3mnamespace[0m[2m=[0m/moq-test/publish [3mtrack[0m[2m=[0m"published-track"
[2m2026-10-04T01:32:46.954216Z[0m [32m INFO[0m [2mmoq_test_client::scenarios[0m[2m:[0m PUBLISH completed [3mnamespace[0m[2m=[0m/moq-test/publish [3mtrack[0m[2m=[0m"published-track"
ok 7 - publish-track-only
  ---
  duration_ms: 166
  connection_id: 8d463db58622c440caa412e07f38d47c
  ...
[2m2026-10-04T01:32:46.955234Z[0m [32m INFO[0m [2mmoq_native_ietf::quic[0m[2m:[0m UDP socket bound [3mbind[0m[2m=[0m[::]:0 [3mlocal[0m[2m=[0m[::]:37167 [3mdual_stack[0m[2m=[0mtrue
[2m2026-10-04T01:32:46.984677Z[0m [32m INFO[0m [2mmoq_native_ietf::quic[0m[2m:[0m UDP socket bound [3mbind[0m[2m=[0m[::]:0 [3mlocal[0m[2m=[0m[::]:43084 [3mdual_stack[0m[2m=[0mtrue
[2m2026-10-04T01:32:47.013971Z[0m [32m INFO[0m [2mmoq_test_client::scenarios[0m[2m:[0m Publisher sending direct PUBLISH before subscriber subscribes [3mnamespace[0m[2m=[0m/moq-test/publish [3mtrack[0m[2m=[0m"published-track"
[2m2026-10-04T01:32:47.035042Z[0m [32m INFO[0m [2mmoq_test_client::scenarios[0m[2m:[0m PUBLISH accepted; starting subscriber [3mnamespace[0m[2m=[0m/moq-test/publish [3mtrack[0m[2m=[0m"published-track"
[2m2026-10-04T01:32:47.053263Z[0m [33m WARN[0m [2mmoq_transport::session[0m[2m:[0m unexpected bidi response message type [3mmsg_type[0m[2m=[0m2
[2m2026-10-04T01:32:47.053286Z[0m [33m WARN[0m [2mmoq_transport::serve::error[0m[2m:[0m [9f6f0b75-a73f-474f-87f8-ce30e0317340] Not implemented: bidi response type 0x2 at moq-transport/src/session/error.rs:89
not ok 8 - publish-track-subscribe
  ---
  duration_ms: 181
  message: "failed serving PUBLISH track: serve error: cancelled: cancelled"
  ...
[2m2026-10-04T01:32:47.136858Z[0m [32m INFO[0m [2mmoq_native_ietf::quic[0m[2m:[0m UDP socket bound [3mbind[0m[2m=[0m[::]:0 [3mlocal[0m[2m=[0m[::]:60553 [3mdual_stack[0m[2m=[0mtrue
[2m2026-10-04T01:32:47.165384Z[0m [32m INFO[0m [2mmoq_test_client::scenarios[0m[2m:[0m Subscribing with RENDEZVOUS_TIMEOUT to a track with no publisher [3mtimeout_ms[0m[2m=[0m500
[2m2026-10-04T01:32:47.689592Z[0m [32m INFO[0m [2mmoq_test_client::scenarios[0m[2m:[0m Received expected REQUEST_ERROR TIMEOUT
ok 9 - rendezvous-timeout
  ---
  duration_ms: 553
  connection_id: 08520803c0983123dd6f262d27c98016
  ...
[2m2026-10-04T01:32:47.690659Z[0m [32m INFO[0m [2mmoq_native_ietf::quic[0m[2m:[0m UDP socket bound [3mbind[0m[2m=[0m[::]:0 [3mlocal[0m[2m=[0m[::]:43317 [3mdual_stack[0m[2m=[0mtrue
[2m2026-10-04T01:32:47.919543Z[0m [32m INFO[0m [2mmoq_native_ietf::quic[0m[2m:[0m UDP socket bound [3mbind[0m[2m=[0m[::]:0 [3mlocal[0m[2m=[0m[::]:53419 [3mdual_stack[0m[2m=[0mtrue
[2m2026-10-04T01:32:47.972885Z[0m [32m INFO[0m [2mmoq_test_client::moqtest[0m[2m:[0m PUBLISH accepted and subscription bound; generating objects [3mobjects[0m[2m=[0m15 [3mstreams[0m[2m=[0m3
not ok 10 - moq-test-subgroup-per-group
  ---
  duration_ms: 298
  message: "failed to create subgroup: cancelled"
  ...
[2m2026-10-04T01:32:47.989320Z[0m [32m INFO[0m [2mmoq_native_ietf::quic[0m[2m:[0m UDP socket bound [3mbind[0m[2m=[0m[::]:0 [3mlocal[0m[2m=[0m[::]:38457 [3mdual_stack[0m[2m=[0mtrue
[2m2026-10-04T01:32:48.329967Z[0m [32m INFO[0m [2mmoq_native_ietf::quic[0m[2m:[0m UDP socket bound [3mbind[0m[2m=[0m[::]:0 [3mlocal[0m[2m=[0m[::]:34759 [3mdual_stack[0m[2m=[0mtrue
[2m2026-10-04T01:32:48.378914Z[0m [32m INFO[0m [2mmoq_test_client::moqtest[0m[2m:[0m PUBLISH accepted and subscription bound; generating objects [3mobjects[0m[2m=[0m15 [3mstreams[0m[2m=[0m3
not ok 11 - moq-test-subgroup-per-group-eog
  ---
  duration_ms: 408
  message: "failed to create subgroup: cancelled"
  ...
[2m2026-10-04T01:32:48.398014Z[0m [32m INFO[0m [2mmoq_native_ietf::quic[0m[2m:[0m UDP socket bound [3mbind[0m[2m=[0m[::]:0 [3mlocal[0m[2m=[0m[::]:49512 [3mdual_stack[0m[2m=[0mtrue
[2m2026-10-04T01:32:48.629709Z[0m [32m INFO[0m [2mmoq_native_ietf::quic[0m[2m:[0m UDP socket bound [3mbind[0m[2m=[0m[::]:0 [3mlocal[0m[2m=[0m[::]:44635 [3mdual_stack[0m[2m=[0mtrue
[2m2026-10-04T01:32:48.681393Z[0m [33m WARN[0m [2mmoq_transport::session[0m[2m:[0m unexpected bidi response message type [3mmsg_type[0m[2m=[0m2
[2m2026-10-04T01:32:48.681413Z[0m [33m WARN[0m [2mmoq_transport::serve::error[0m[2m:[0m [84aeb69b-0d96-49a8-b63f-6547e6a05a5c] Not implemented: bidi response type 0x2 at moq-transport/src/session/error.rs:89
[2m2026-10-04T01:32:48.682026Z[0m [32m INFO[0m [2mmoq_test_client::moqtest[0m[2m:[0m PUBLISH accepted and subscription bound; generating objects [3mobjects[0m[2m=[0m8 [3mstreams[0m[2m=[0m8
not ok 12 - moq-test-subgroup-per-object
  ---
  duration_ms: 288
  message: "failed to create subgroup: cancelled"
  ...
[2m2026-10-04T01:32:48.686167Z[0m [32m INFO[0m [2mmoq_native_ietf::quic[0m[2m:[0m UDP socket bound [3mbind[0m[2m=[0m[::]:0 [3mlocal[0m[2m=[0m[::]:59833 [3mdual_stack[0m[2m=[0mtrue
[2m2026-10-04T01:32:48.916251Z[0m [32m INFO[0m [2mmoq_native_ietf::quic[0m[2m:[0m UDP socket bound [3mbind[0m[2m=[0m[::]:0 [3mlocal[0m[2m=[0m[::]:44268 [3mdual_stack[0m[2m=[0mtrue
[2m2026-10-04T01:32:48.969283Z[0m [32m INFO[0m [2mmoq_test_client::moqtest[0m[2m:[0m PUBLISH accepted and subscription bound; generating objects [3mobjects[0m[2m=[0m18 [3mstreams[0m[2m=[0m6
not ok 13 - moq-test-two-subgroups-eog
  ---
  duration_ms: 305
  message: "failed to create subgroup 0: cancelled"
  ...
[2m2026-10-04T01:32:48.991541Z[0m [32m INFO[0m [2mmoq_native_ietf::quic[0m[2m:[0m UDP socket bound [3mbind[0m[2m=[0m[::]:0 [3mlocal[0m[2m=[0m[::]:57486 [3mdual_stack[0m[2m=[0mtrue
[2m2026-10-04T01:32:49.224776Z[0m [32m INFO[0m [2mmoq_native_ietf::quic[0m[2m:[0m UDP socket bound [3mbind[0m[2m=[0m[::]:0 [3mlocal[0m[2m=[0m[::]:40901 [3mdual_stack[0m[2m=[0mtrue
[2m2026-10-04T01:32:49.277588Z[0m [33m WARN[0m [2mmoq_transport::session[0m[2m:[0m unexpected bidi response message type [3mmsg_type[0m[2m=[0m2
[2m2026-10-04T01:32:49.277604Z[0m [33m WARN[0m [2mmoq_transport::serve::error[0m[2m:[0m [48224e57-b65f-44b6-b0c4-49272993e90c] Not implemented: bidi response type 0x2 at moq-transport/src/session/error.rs:89
[2m2026-10-04T01:32:49.278510Z[0m [32m INFO[0m [2mmoq_test_client::moqtest[0m[2m:[0m PUBLISH accepted and subscription bound; generating objects [3mobjects[0m[2m=[0m15 [3mstreams[0m[2m=[0m0
not ok 14 - moq-test-datagram
  ---
  duration_ms: 308
  message: "failed to write datagram: cancelled"
  ...
[2m2026-10-04T01:32:49.300037Z[0m [32m INFO[0m [2mmoq_native_ietf::quic[0m[2m:[0m UDP socket bound [3mbind[0m[2m=[0m[::]:0 [3mlocal[0m[2m=[0m[::]:35160 [3mdual_stack[0m[2m=[0mtrue
[2m2026-10-04T01:32:49.615909Z[0m [32m INFO[0m [2mmoq_native_ietf::quic[0m[2m:[0m UDP socket bound [3mbind[0m[2m=[0m[::]:0 [3mlocal[0m[2m=[0m[::]:52877 [3mdual_stack[0m[2m=[0mtrue
[2m2026-10-04T01:32:49.669088Z[0m [32m INFO[0m [2mmoq_test_client::moqtest[0m[2m:[0m PUBLISH accepted and subscription bound; generating objects [3mobjects[0m[2m=[0m15 [3mstreams[0m[2m=[0m0
not ok 15 - moq-test-datagram-eog
  ---
  duration_ms: 391
  message: "failed to write datagram: cancelled"
  ...
[2m2026-10-04T01:32:49.692071Z[0m [32m INFO[0m [2mmoq_native_ietf::quic[0m[2m:[0m UDP socket bound [3mbind[0m[2m=[0m[::]:0 [3mlocal[0m[2m=[0m[::]:35232 [3mdual_stack[0m[2m=[0mtrue
[2m2026-10-04T01:32:49.925193Z[0m [32m INFO[0m [2mmoq_native_ietf::quic[0m[2m:[0m UDP socket bound [3mbind[0m[2m=[0m[::]:0 [3mlocal[0m[2m=[0m[::]:53177 [3mdual_stack[0m[2m=[0mtrue
[2m2026-10-04T01:32:49.982475Z[0m [32m INFO[0m [2mmoq_test_client::moqtest[0m[2m:[0m PUBLISH accepted and subscription bound; generating objects [3mobjects[0m[2m=[0m15 [3mstreams[0m[2m=[0m3
not ok 16 - moq-test-extensions
  ---
  duration_ms: 310
  message: "failed to create subgroup: cancelled"
  ...
[2m2026-10-04T01:32:50.002302Z[0m [32m INFO[0m [2mmoq_native_ietf::quic[0m[2m:[0m UDP socket bound [3mbind[0m[2m=[0m[::]:0 [3mlocal[0m[2m=[0m[::]:44408 [3mdual_stack[0m[2m=[0mtrue
[2m2026-10-04T01:32:50.232690Z[0m [32m INFO[0m [2mmoq_native_ietf::quic[0m[2m:[0m UDP socket bound [3mbind[0m[2m=[0m[::]:0 [3mlocal[0m[2m=[0m[::]:60493 [3mdual_stack[0m[2m=[0mtrue
[2m2026-10-04T01:32:50.283829Z[0m [32m INFO[0m [2mmoq_test_client::moqtest[0m[2m:[0m PUBLISH accepted and subscription bound; generating objects [3mobjects[0m[2m=[0m9 [3mstreams[0m[2m=[0m3
not ok 17 - moq-test-increments
  ---
  duration_ms: 292
  message: "failed to create subgroup: cancelled"
  ...
[2m2026-10-04T01:32:50.294307Z[0m [32m INFO[0m [2mmoq_native_ietf::quic[0m[2m:[0m UDP socket bound [3mbind[0m[2m=[0m[::]:0 [3mlocal[0m[2m=[0m[::]:51528 [3mdual_stack[0m[2m=[0mtrue
[2m2026-10-04T01:32:50.524813Z[0m [32m INFO[0m [2mmoq_native_ietf::quic[0m[2m:[0m UDP socket bound [3mbind[0m[2m=[0m[::]:0 [3mlocal[0m[2m=[0m[::]:57528 [3mdual_stack[0m[2m=[0mtrue
[2m2026-10-04T01:32:50.581078Z[0m [32m INFO[0m [2mmoq_test_client::moqtest[0m[2m:[0m PUBLISH accepted and subscription bound; generating objects [3mobjects[0m[2m=[0m6 [3mstreams[0m[2m=[0m2
not ok 18 - moq-test-forward-zero
  ---
  duration_ms: 297
  message: "failed to create subgroup: cancelled"
  ...
make[1]: *** [Makefile:122: test-external] Error 1
make[1]: Leaving directory '/home/runner/work/moq-interop-runner/moq-interop-runner/main'
