make[1]: Entering directory '/home/runner/work/moq-interop-runner/moq-interop-runner/main'
Running tests against moqt://lminiero.it:9000...
  Client: ghcr.io/englishm/moq-interop-runner-moq-test-client-draft-18:latest
docker run --rm \
	 \
	--network host \
	-e RELAY_URL=moqt://lminiero.it:9000 \
	-e TLS_DISABLE_VERIFY=false \
	ghcr.io/englishm/moq-interop-runner-moq-test-client-draft-18:latest
TAP version 14
# moq-test-client v0.1.12
# Relay: moqt://lminiero.it:9000
1..18
[2m2026-10-04T01:23:45.432966Z[0m [32m INFO[0m [2mmoq_native_ietf::quic[0m[2m:[0m UDP socket bound [3mbind[0m[2m=[0m[::]:0 [3mlocal[0m[2m=[0m[::]:48752 [3mdual_stack[0m[2m=[0mtrue
[2m2026-10-04T01:23:45.654421Z[0m [32m INFO[0m [2mmoq_test_client::scenarios[0m[2m:[0m SETUP exchange completed successfully
ok 1 - setup-only
  ---
  duration_ms: 222
  connection_id: 04836d8be9730d6b59463bc28f06c7fe
  ...
[2m2026-10-04T01:23:45.655562Z[0m [32m INFO[0m [2mmoq_native_ietf::quic[0m[2m:[0m UDP socket bound [3mbind[0m[2m=[0m[::]:0 [3mlocal[0m[2m=[0m[::]:38107 [3mdual_stack[0m[2m=[0mtrue
[2m2026-10-04T01:23:45.876302Z[0m [32m INFO[0m [2mmoq_test_client::scenarios[0m[2m:[0m Sending PUBLISH_NAMESPACE for: moq-test/interop
[2m2026-10-04T01:23:47.877888Z[0m [32m INFO[0m [2mmoq_test_client::scenarios[0m[2m:[0m PUBLISH_NAMESPACE succeeded (REQUEST_OK received, waiting for subscribers)
ok 2 - publish-namespace-only
  ---
  duration_ms: 2223
  connection_id: e992c6b9642f3a96dfafd31964a8dd13
  ...
[2m2026-10-04T01:23:47.879067Z[0m [32m INFO[0m [2mmoq_native_ietf::quic[0m[2m:[0m UDP socket bound [3mbind[0m[2m=[0m[::]:0 [3mlocal[0m[2m=[0m[::]:42511 [3mdual_stack[0m[2m=[0mtrue
[2m2026-10-04T01:23:48.100574Z[0m [32m INFO[0m [2mmoq_test_client::scenarios[0m[2m:[0m Subscribing to non-existent track: nonexistent/namespace/test-track
[2m2026-10-04T01:23:48.205347Z[0m [33m WARN[0m [2mmoq_transport::serve::error[0m[2m:[0m [0d0cd342-500a-4da3-8e21-ab684918e9df] Not found: Namespace not found at moq-transport/src/session/subscriber.rs:1653
[2m2026-10-04T01:23:48.205448Z[0m [32m INFO[0m [2mmoq_test_client::scenarios[0m[2m:[0m Got expected 'not found' error: not found: Track not found [error:0d0cd342-500a-4da3-8e21-ab684918e9df]
ok 3 - subscribe-error
  ---
  duration_ms: 327
  connection_id: bb17d0d3cbb22dafb80a261c830a7b2f
  ...
[2m2026-10-04T01:23:48.206700Z[0m [32m INFO[0m [2mmoq_native_ietf::quic[0m[2m:[0m UDP socket bound [3mbind[0m[2m=[0m[::]:0 [3mlocal[0m[2m=[0m[::]:56142 [3mdual_stack[0m[2m=[0mtrue
[2m2026-10-04T01:23:48.437116Z[0m [32m INFO[0m [2mmoq_native_ietf::quic[0m[2m:[0m UDP socket bound [3mbind[0m[2m=[0m[::]:0 [3mlocal[0m[2m=[0m[::]:53409 [3mdual_stack[0m[2m=[0mtrue
[2m2026-10-04T01:23:48.657194Z[0m [32m INFO[0m [2mmoq_test_client::scenarios[0m[2m:[0m Publisher sending PUBLISH_NAMESPACE: moq-test/interop
[2m2026-10-04T01:23:48.657213Z[0m [32m INFO[0m [2mmoq_test_client::scenarios[0m[2m:[0m Subscriber subscribing to track: moq-test/interop/test-track
[2m2026-10-04T01:23:51.658574Z[0m [32m INFO[0m [2mmoq_test_client::scenarios[0m[2m:[0m Test timeout reached - subscription routing may still be in progress
ok 4 - publish-namespace-subscribe
  ---
  duration_ms: 3453
  publisher_connection_id: ef88c631aaf11600a8cdc5304143b312
  subscriber_connection_id: 7f178f40cc2aeb0c6d6aec13fe2cfeb7
  ...
[2m2026-10-04T01:23:51.659740Z[0m [32m INFO[0m [2mmoq_native_ietf::quic[0m[2m:[0m UDP socket bound [3mbind[0m[2m=[0m[::]:0 [3mlocal[0m[2m=[0m[::]:43486 [3mdual_stack[0m[2m=[0mtrue
[2m2026-10-04T01:23:54.874804Z[0m [32m INFO[0m [2mmoq_test_client::scenarios[0m[2m:[0m Subscriber subscribing BEFORE PUBLISH_NAMESPACE: moq-test/interop/test-track
[2m2026-10-04T01:23:54.979809Z[0m [33m WARN[0m [2mmoq_transport::serve::error[0m[2m:[0m [e0717704-8bbc-4b3a-a90d-e26b9afd2e96] Not found: Namespace not found at moq-transport/src/session/subscriber.rs:1653
[2m2026-10-04T01:23:55.377849Z[0m [32m INFO[0m [2mmoq_native_ietf::quic[0m[2m:[0m UDP socket bound [3mbind[0m[2m=[0m[::]:0 [3mlocal[0m[2m=[0m[::]:52567 [3mdual_stack[0m[2m=[0mtrue
[2m2026-10-04T01:23:55.599648Z[0m [32m INFO[0m [2mmoq_test_client::scenarios[0m[2m:[0m Publisher sending PUBLISH_NAMESPACE (after subscriber): moq-test/interop
[2m2026-10-04T01:23:58.600802Z[0m [32m INFO[0m [2mmoq_test_client::scenarios[0m[2m:[0m Publisher PUBLISH_NAMESPACE timeout (expected)
[2m2026-10-04T01:23:58.600828Z[0m [32m INFO[0m [2mmoq_test_client::scenarios[0m[2m:[0m Subscriber got error: not found: Track not found [error:e0717704-8bbc-4b3a-a90d-e26b9afd2e96] (may be expected)
ok 5 - subscribe-before-publish-namespace
  ---
  duration_ms: 6942
  subscriber_connection_id: e21d1d27783b3a2a68f76410519c62ad
  publisher_connection_id: 4be1d43d5a6e3b7aaa8e9ea52ea13b6c
  ...
[2m2026-10-04T01:23:58.601927Z[0m [32m INFO[0m [2mmoq_native_ietf::quic[0m[2m:[0m UDP socket bound [3mbind[0m[2m=[0m[::]:0 [3mlocal[0m[2m=[0m[::]:50014 [3mdual_stack[0m[2m=[0mtrue
[2m2026-10-04T01:23:58.822166Z[0m [32m INFO[0m [2mmoq_test_client::scenarios[0m[2m:[0m Sending PUBLISH_NAMESPACE: moq-test/interop
[2m2026-10-04T01:24:00.823929Z[0m [32m INFO[0m [2mmoq_test_client::scenarios[0m[2m:[0m PUBLISH_NAMESPACE active; sending PUBLISH_NAMESPACE_DONE
[2m2026-10-04T01:24:00.925372Z[0m [32m INFO[0m [2mmoq_test_client::scenarios[0m[2m:[0m PUBLISH_NAMESPACE_DONE sent successfully
ok 6 - publish-namespace-done
  ---
  duration_ms: 2324
  connection_id: b540c8f040118de7cd755ba858b854e4
  ...
[2m2026-10-04T01:24:00.926381Z[0m [32m INFO[0m [2mmoq_native_ietf::quic[0m[2m:[0m UDP socket bound [3mbind[0m[2m=[0m[::]:0 [3mlocal[0m[2m=[0m[::]:60605 [3mdual_stack[0m[2m=[0mtrue
[2m2026-10-04T01:24:01.149761Z[0m [32m INFO[0m [2mmoq_test_client::scenarios[0m[2m:[0m Publisher sending direct PUBLISH [3mnamespace[0m[2m=[0m/moq-test/publish [3mtrack[0m[2m=[0m"published-track"
[2m2026-10-04T01:24:01.256057Z[0m [32m INFO[0m [2mmoq_test_client::scenarios[0m[2m:[0m PUBLISH accepted [3mnamespace[0m[2m=[0m/moq-test/publish [3mtrack[0m[2m=[0m"published-track"
[2m2026-10-04T01:24:01.256324Z[0m [32m INFO[0m [2mmoq_test_client::scenarios[0m[2m:[0m PUBLISH completed [3mnamespace[0m[2m=[0m/moq-test/publish [3mtrack[0m[2m=[0m"published-track"
ok 7 - publish-track-only
  ---
  duration_ms: 330
  connection_id: 5b7356bcac14bf4a8c0466d120e938b1
  ...
[2m2026-10-04T01:24:01.257281Z[0m [32m INFO[0m [2mmoq_native_ietf::quic[0m[2m:[0m UDP socket bound [3mbind[0m[2m=[0m[::]:0 [3mlocal[0m[2m=[0m[::]:33621 [3mdual_stack[0m[2m=[0mtrue
[2m2026-10-04T01:24:01.478737Z[0m [32m INFO[0m [2mmoq_native_ietf::quic[0m[2m:[0m UDP socket bound [3mbind[0m[2m=[0m[::]:0 [3mlocal[0m[2m=[0m[::]:34597 [3mdual_stack[0m[2m=[0mtrue
[2m2026-10-04T01:24:01.699765Z[0m [32m INFO[0m [2mmoq_test_client::scenarios[0m[2m:[0m Publisher sending direct PUBLISH before subscriber subscribes [3mnamespace[0m[2m=[0m/moq-test/publish [3mtrack[0m[2m=[0m"published-track"
[2m2026-10-04T01:24:01.804320Z[0m [32m INFO[0m [2mmoq_test_client::scenarios[0m[2m:[0m PUBLISH accepted; starting subscriber [3mnamespace[0m[2m=[0m/moq-test/publish [3mtrack[0m[2m=[0m"published-track"
not ok 8 - publish-track-subscribe
  ---
  duration_ms: 753
  message: "subscriber failed to receive direct PUBLISH track: closed, code=3"
  ...
[2m2026-10-04T01:24:02.011330Z[0m [32m INFO[0m [2mmoq_native_ietf::quic[0m[2m:[0m UDP socket bound [3mbind[0m[2m=[0m[::]:0 [3mlocal[0m[2m=[0m[::]:50901 [3mdual_stack[0m[2m=[0mtrue
[2m2026-10-04T01:24:02.233173Z[0m [32m INFO[0m [2mmoq_test_client::scenarios[0m[2m:[0m Subscribing with RENDEZVOUS_TIMEOUT to a track with no publisher [3mtimeout_ms[0m[2m=[0m500
ok 9 - rendezvous-timeout
  ---
  duration_ms: 327
  connection_id: 93acdf6d1c15deea0aed3ba212973614
  ...
[2m2026-10-04T01:24:02.338303Z[0m [32m INFO[0m [2mmoq_test_client::scenarios[0m[2m:[0m Received expected REQUEST_ERROR TIMEOUT
[2m2026-10-04T01:24:02.339272Z[0m [32m INFO[0m [2mmoq_native_ietf::quic[0m[2m:[0m UDP socket bound [3mbind[0m[2m=[0m[::]:0 [3mlocal[0m[2m=[0m[::]:46124 [3mdual_stack[0m[2m=[0mtrue
[2m2026-10-04T01:24:02.763222Z[0m [32m INFO[0m [2mmoq_native_ietf::quic[0m[2m:[0m UDP socket bound [3mbind[0m[2m=[0m[::]:0 [3mlocal[0m[2m=[0m[::]:49649 [3mdual_stack[0m[2m=[0mtrue
not ok 10 - moq-test-subgroup-per-group
  ---
  duration_ms: 749
  message: "subscriber setup failed before generation started"
  ...
[2m2026-10-04T01:24:03.089233Z[0m [32m INFO[0m [2mmoq_native_ietf::quic[0m[2m:[0m UDP socket bound [3mbind[0m[2m=[0m[::]:0 [3mlocal[0m[2m=[0m[::]:35901 [3mdual_stack[0m[2m=[0mtrue
[2m2026-10-04T01:24:03.513731Z[0m [32m INFO[0m [2mmoq_native_ietf::quic[0m[2m:[0m UDP socket bound [3mbind[0m[2m=[0m[::]:0 [3mlocal[0m[2m=[0m[::]:33895 [3mdual_stack[0m[2m=[0mtrue
[2m2026-10-04T01:24:03.841643Z[0m [32m INFO[0m [2mmoq_native_ietf::quic[0m[2m:[0m UDP socket bound [3mbind[0m[2m=[0m[::]:0 [3mlocal[0m[2m=[0m[::]:34963 [3mdual_stack[0m[2m=[0mtrue
not ok 11 - moq-test-subgroup-per-group-eog
  ---
  duration_ms: 752
  message: "subscriber setup failed before generation started"
  ...
[2m2026-10-04T01:24:04.263067Z[0m [32m INFO[0m [2mmoq_native_ietf::quic[0m[2m:[0m UDP socket bound [3mbind[0m[2m=[0m[::]:0 [3mlocal[0m[2m=[0m[::]:34391 [3mdual_stack[0m[2m=[0mtrue
not ok 12 - moq-test-subgroup-per-object
  ---
  duration_ms: 749
  message: "subscriber setup failed before generation started"
  ...
[2m2026-10-04T01:24:04.591071Z[0m [32m INFO[0m [2mmoq_native_ietf::quic[0m[2m:[0m UDP socket bound [3mbind[0m[2m=[0m[::]:0 [3mlocal[0m[2m=[0m[::]:38402 [3mdual_stack[0m[2m=[0mtrue
[2m2026-10-04T01:24:05.013959Z[0m [32m INFO[0m [2mmoq_native_ietf::quic[0m[2m:[0m UDP socket bound [3mbind[0m[2m=[0m[::]:0 [3mlocal[0m[2m=[0m[::]:43690 [3mdual_stack[0m[2m=[0mtrue
not ok 13 - moq-test-two-subgroups-eog
  ---
  duration_ms: 748
  message: "subscriber setup failed before generation started"
  ...
[2m2026-10-04T01:24:05.340128Z[0m [32m INFO[0m [2mmoq_native_ietf::quic[0m[2m:[0m UDP socket bound [3mbind[0m[2m=[0m[::]:0 [3mlocal[0m[2m=[0m[::]:41448 [3mdual_stack[0m[2m=[0mtrue
[2m2026-10-04T01:24:05.762852Z[0m [32m INFO[0m [2mmoq_native_ietf::quic[0m[2m:[0m UDP socket bound [3mbind[0m[2m=[0m[::]:0 [3mlocal[0m[2m=[0m[::]:45791 [3mdual_stack[0m[2m=[0mtrue
not ok 14 - moq-test-datagram
  ---
  duration_ms: 751
  message: "subscriber setup failed before generation started"
  ...
[2m2026-10-04T01:24:06.091169Z[0m [32m INFO[0m [2mmoq_native_ietf::quic[0m[2m:[0m UDP socket bound [3mbind[0m[2m=[0m[::]:0 [3mlocal[0m[2m=[0m[::]:41632 [3mdual_stack[0m[2m=[0mtrue
[2m2026-10-04T01:24:06.517046Z[0m [32m INFO[0m [2mmoq_native_ietf::quic[0m[2m:[0m UDP socket bound [3mbind[0m[2m=[0m[::]:0 [3mlocal[0m[2m=[0m[::]:43030 [3mdual_stack[0m[2m=[0mtrue
not ok 15 - moq-test-datagram-eog
  ---
  duration_ms: 752
  message: "subscriber setup failed before generation started"
  ...
[2m2026-10-04T01:24:06.844031Z[0m [32m INFO[0m [2mmoq_native_ietf::quic[0m[2m:[0m UDP socket bound [3mbind[0m[2m=[0m[::]:0 [3mlocal[0m[2m=[0m[::]:60910 [3mdual_stack[0m[2m=[0mtrue
[2m2026-10-04T01:24:07.267563Z[0m [32m INFO[0m [2mmoq_native_ietf::quic[0m[2m:[0m UDP socket bound [3mbind[0m[2m=[0m[::]:0 [3mlocal[0m[2m=[0m[::]:47877 [3mdual_stack[0m[2m=[0mtrue
not ok 16 - moq-test-extensions
  ---
  duration_ms: 749
  message: "subscriber setup failed before generation started"
  ...
[2m2026-10-04T01:24:07.593640Z[0m [32m INFO[0m [2mmoq_native_ietf::quic[0m[2m:[0m UDP socket bound [3mbind[0m[2m=[0m[::]:0 [3mlocal[0m[2m=[0m[::]:48884 [3mdual_stack[0m[2m=[0mtrue
[2m2026-10-04T01:24:08.016502Z[0m [32m INFO[0m [2mmoq_native_ietf::quic[0m[2m:[0m UDP socket bound [3mbind[0m[2m=[0m[::]:0 [3mlocal[0m[2m=[0m[::]:49816 [3mdual_stack[0m[2m=[0mtrue
not ok 17 - moq-test-increments
  ---
  duration_ms: 749
  message: "subscriber setup failed before generation started"
  ...
[2m2026-10-04T01:24:08.342959Z[0m [32m INFO[0m [2mmoq_native_ietf::quic[0m[2m:[0m UDP socket bound [3mbind[0m[2m=[0m[::]:0 [3mlocal[0m[2m=[0m[::]:34762 [3mdual_stack[0m[2m=[0mtrue
[2m2026-10-04T01:24:08.765217Z[0m [32m INFO[0m [2mmoq_native_ietf::quic[0m[2m:[0m UDP socket bound [3mbind[0m[2m=[0m[::]:0 [3mlocal[0m[2m=[0m[::]:39755 [3mdual_stack[0m[2m=[0mtrue
not ok 18 - moq-test-forward-zero
  ---
  duration_ms: 961
  message: "subscriber setup failed before generation started"
  ...
make[1]: *** [Makefile:122: test-external] Error 1
make[1]: Leaving directory '/home/runner/work/moq-interop-runner/moq-interop-runner/main'
