make[1]: Entering directory '/home/runner/work/moq-interop-runner/moq-interop-runner/main'
Running tests against https://draft-18-interop.cloudflare.mediaoverquic.com:443/moq...
  Client: ghcr.io/englishm/moq-interop-runner-moq-test-client-draft-18:latest
docker run --rm \
	 \
	--network host \
	-e RELAY_URL=https://draft-18-interop.cloudflare.mediaoverquic.com:443/moq \
	-e TLS_DISABLE_VERIFY=false \
	ghcr.io/englishm/moq-interop-runner-moq-test-client-draft-18:latest
TAP version 14
# moq-test-client v0.1.12
# Relay: https://draft-18-interop.cloudflare.mediaoverquic.com/moq
1..18
[2m2026-10-04T01:28:46.077130Z[0m [32m INFO[0m [2mmoq_native_ietf::quic[0m[2m:[0m UDP socket bound [3mbind[0m[2m=[0m[::]:0 [3mlocal[0m[2m=[0m[::]:42563 [3mdual_stack[0m[2m=[0mtrue
[2m2026-10-04T01:28:46.489994Z[0m [32m INFO[0m [2mmoq_test_client::scenarios[0m[2m:[0m SETUP exchange completed successfully
ok 1 - setup-only
  ---
  duration_ms: 413
  connection_id: 4850524886c566091f43a199310a5e9a
  ...
[2m2026-10-04T01:28:46.490963Z[0m [32m INFO[0m [2mmoq_native_ietf::quic[0m[2m:[0m UDP socket bound [3mbind[0m[2m=[0m[::]:0 [3mlocal[0m[2m=[0m[::]:35265 [3mdual_stack[0m[2m=[0mtrue
[2m2026-10-04T01:28:46.551627Z[0m [33m WARN[0m [2mweb_transport_quinn::session[0m[2m:[0m failed to read capsule [3me[0m[2m=[0mUnexpectedEnd
[2m2026-10-04T01:28:46.810451Z[0m [32m INFO[0m [2mmoq_test_client::scenarios[0m[2m:[0m Sending PUBLISH_NAMESPACE for: moq-test/interop
ok 2 - publish-namespace-only
  ---
  duration_ms: 2321
  connection_id: 2245a15d47672717cf09238f1fffb614
  ...
[2m2026-10-04T01:28:48.811622Z[0m [32m INFO[0m [2mmoq_test_client::scenarios[0m[2m:[0m PUBLISH_NAMESPACE succeeded (REQUEST_OK received, waiting for subscribers)
[2m2026-10-04T01:28:48.812738Z[0m [32m INFO[0m [2mmoq_native_ietf::quic[0m[2m:[0m UDP socket bound [3mbind[0m[2m=[0m[::]:0 [3mlocal[0m[2m=[0m[::]:35566 [3mdual_stack[0m[2m=[0mtrue
[2m2026-10-04T01:28:48.873636Z[0m [33m WARN[0m [2mweb_transport_quinn::session[0m[2m:[0m failed to read capsule [3me[0m[2m=[0mUnexpectedEnd
[2m2026-10-04T01:28:49.177001Z[0m [32m INFO[0m [2mmoq_test_client::scenarios[0m[2m:[0m Subscribing to non-existent track: nonexistent/namespace/test-track
[2m2026-10-04T01:28:49.240974Z[0m [33m WARN[0m [2mmoq_transport::serve::error[0m[2m:[0m [7cc6595b-0472-427f-9c86-4c12723f2116] Not found: not found: Track not found [error:b148b9b5-7fa1-4c17-8114-c6100941eeee] at moq-transport/src/session/subscriber.rs:1653
[2m2026-10-04T01:28:49.241050Z[0m [32m INFO[0m [2mmoq_test_client::scenarios[0m[2m:[0m Got expected 'not found' error: not found: Track not found [error:7cc6595b-0472-427f-9c86-4c12723f2116]
ok 3 - subscribe-error
  ---
  duration_ms: 429
  connection_id: 447780a5219abaafbc47ec699594cd61
  ...
[2m2026-10-04T01:28:49.242032Z[0m [32m INFO[0m [2mmoq_native_ietf::quic[0m[2m:[0m UDP socket bound [3mbind[0m[2m=[0m[::]:0 [3mlocal[0m[2m=[0m[::]:48435 [3mdual_stack[0m[2m=[0mtrue
[2m2026-10-04T01:28:49.304275Z[0m [33m WARN[0m [2mweb_transport_quinn::session[0m[2m:[0m failed to read capsule [3me[0m[2m=[0mUnexpectedEnd
[2m2026-10-04T01:28:49.605096Z[0m [32m INFO[0m [2mmoq_native_ietf::quic[0m[2m:[0m UDP socket bound [3mbind[0m[2m=[0m[::]:0 [3mlocal[0m[2m=[0m[::]:42039 [3mdual_stack[0m[2m=[0mtrue
[2m2026-10-04T01:28:49.920723Z[0m [32m INFO[0m [2mmoq_test_client::scenarios[0m[2m:[0m Publisher sending PUBLISH_NAMESPACE: moq-test/interop
[2m2026-10-04T01:28:49.920746Z[0m [32m INFO[0m [2mmoq_test_client::scenarios[0m[2m:[0m Subscriber subscribing to track: moq-test/interop/test-track
ok 4 - publish-namespace-subscribe
  ---
  duration_ms: 3680
  publisher_connection_id: 0f6a874c1ae8254223cfae8123247f5d
  subscriber_connection_id: 5ef3df0eebec683e747ecf4dc50b4168
  ...
[2m2026-10-04T01:28:52.921354Z[0m [32m INFO[0m [2mmoq_test_client::scenarios[0m[2m:[0m Test timeout reached - subscription routing may still be in progress
[2m2026-10-04T01:28:52.922539Z[0m [32m INFO[0m [2mmoq_native_ietf::quic[0m[2m:[0m UDP socket bound [3mbind[0m[2m=[0m[::]:0 [3mlocal[0m[2m=[0m[::]:48970 [3mdual_stack[0m[2m=[0mtrue
[2m2026-10-04T01:28:52.982859Z[0m [33m WARN[0m [2mweb_transport_quinn::session[0m[2m:[0m failed to read capsule [3me[0m[2m=[0mUnexpectedEnd
[2m2026-10-04T01:28:52.986579Z[0m [33m WARN[0m [2mweb_transport_quinn::session[0m[2m:[0m failed to read capsule [3me[0m[2m=[0mUnexpectedEnd
[2m2026-10-04T01:28:53.237868Z[0m [32m INFO[0m [2mmoq_test_client::scenarios[0m[2m:[0m Subscriber subscribing BEFORE PUBLISH_NAMESPACE: moq-test/interop/test-track
[2m2026-10-04T01:28:53.300424Z[0m [33m WARN[0m [2mmoq_transport::serve::error[0m[2m:[0m [4e4c2635-e689-4e61-85c1-f02b33d48388] Not found: not found: Track not found [error:1f19504e-d488-46ff-b4a7-2f5d281deede] at moq-transport/src/session/subscriber.rs:1653
[2m2026-10-04T01:28:53.361717Z[0m [33m WARN[0m [2mweb_transport_quinn::session[0m[2m:[0m failed to read capsule [3me[0m[2m=[0mUnexpectedEnd
[2m2026-10-04T01:28:53.740286Z[0m [32m INFO[0m [2mmoq_native_ietf::quic[0m[2m:[0m UDP socket bound [3mbind[0m[2m=[0m[::]:0 [3mlocal[0m[2m=[0m[::]:42194 [3mdual_stack[0m[2m=[0mtrue
[2m2026-10-04T01:28:54.070542Z[0m [32m INFO[0m [2mmoq_test_client::scenarios[0m[2m:[0m Publisher sending PUBLISH_NAMESPACE (after subscriber): moq-test/interop
[2m2026-10-04T01:28:57.071705Z[0m [32m INFO[0m [2mmoq_test_client::scenarios[0m[2m:[0m Publisher PUBLISH_NAMESPACE timeout (expected)
[2m2026-10-04T01:28:57.071732Z[0m [32m INFO[0m [2mmoq_test_client::scenarios[0m[2m:[0m Subscriber got error: not found: Track not found [error:4e4c2635-e689-4e61-85c1-f02b33d48388] (may be expected)
ok 5 - subscribe-before-publish-namespace
  ---
  duration_ms: 4150
  subscriber_connection_id: 42137719544641f2753f818950b5e166
  publisher_connection_id: 41d27e0b3e7d6a0e7e341b679e0e2cff
  ...
[2m2026-10-04T01:28:57.072801Z[0m [32m INFO[0m [2mmoq_native_ietf::quic[0m[2m:[0m UDP socket bound [3mbind[0m[2m=[0m[::]:0 [3mlocal[0m[2m=[0m[::]:53337 [3mdual_stack[0m[2m=[0mtrue
[2m2026-10-04T01:28:57.136201Z[0m [33m WARN[0m [2mweb_transport_quinn::session[0m[2m:[0m failed to read capsule [3me[0m[2m=[0mUnexpectedEnd
[2m2026-10-04T01:28:57.408928Z[0m [32m INFO[0m [2mmoq_test_client::scenarios[0m[2m:[0m Sending PUBLISH_NAMESPACE: moq-test/interop
[2m2026-10-04T01:28:59.410456Z[0m [32m INFO[0m [2mmoq_test_client::scenarios[0m[2m:[0m PUBLISH_NAMESPACE active; sending PUBLISH_NAMESPACE_DONE
[2m2026-10-04T01:28:59.511550Z[0m [32m INFO[0m [2mmoq_test_client::scenarios[0m[2m:[0m PUBLISH_NAMESPACE_DONE sent successfully
ok 6 - publish-namespace-done
  ---
  duration_ms: 2439
  connection_id: 0d234bf93fe1346a42f45072f5d19a6c
  ...
[2m2026-10-04T01:28:59.512573Z[0m [32m INFO[0m [2mmoq_native_ietf::quic[0m[2m:[0m UDP socket bound [3mbind[0m[2m=[0m[::]:0 [3mlocal[0m[2m=[0m[::]:50764 [3mdual_stack[0m[2m=[0mtrue
[2m2026-10-04T01:28:59.835324Z[0m [32m INFO[0m [2mmoq_test_client::scenarios[0m[2m:[0m Publisher sending direct PUBLISH [3mnamespace[0m[2m=[0m/moq-test/publish [3mtrack[0m[2m=[0m"published-track"
[2m2026-10-04T01:28:59.898354Z[0m [32m INFO[0m [2mmoq_test_client::scenarios[0m[2m:[0m PUBLISH accepted [3mnamespace[0m[2m=[0m/moq-test/publish [3mtrack[0m[2m=[0m"published-track"
[2m2026-10-04T01:28:59.898570Z[0m [32m INFO[0m [2mmoq_test_client::scenarios[0m[2m:[0m PUBLISH completed [3mnamespace[0m[2m=[0m/moq-test/publish [3mtrack[0m[2m=[0m"published-track"
ok 7 - publish-track-only
  ---
  duration_ms: 387
  connection_id: 84b0957e184ca667ff45fdf31b4e6e27
  ...
[2m2026-10-04T01:28:59.899478Z[0m [32m INFO[0m [2mmoq_native_ietf::quic[0m[2m:[0m UDP socket bound [3mbind[0m[2m=[0m[::]:0 [3mlocal[0m[2m=[0m[::]:58441 [3mdual_stack[0m[2m=[0mtrue
[2m2026-10-04T01:28:59.960463Z[0m [33m WARN[0m [2mweb_transport_quinn::session[0m[2m:[0m failed to read capsule [3me[0m[2m=[0mUnexpectedEnd
[2m2026-10-04T01:29:00.247507Z[0m [32m INFO[0m [2mmoq_native_ietf::quic[0m[2m:[0m UDP socket bound [3mbind[0m[2m=[0m[::]:0 [3mlocal[0m[2m=[0m[::]:59527 [3mdual_stack[0m[2m=[0mtrue
[2m2026-10-04T01:29:00.584594Z[0m [32m INFO[0m [2mmoq_test_client::scenarios[0m[2m:[0m Publisher sending direct PUBLISH before subscriber subscribes [3mnamespace[0m[2m=[0m/moq-test/publish [3mtrack[0m[2m=[0m"published-track"
[2m2026-10-04T01:29:00.647368Z[0m [32m INFO[0m [2mmoq_test_client::scenarios[0m[2m:[0m PUBLISH accepted; starting subscriber [3mnamespace[0m[2m=[0m/moq-test/publish [3mtrack[0m[2m=[0m"published-track"
[2m2026-10-04T01:29:00.814909Z[0m [32m INFO[0m [2mmoq_test_client::scenarios[0m[2m:[0m Subscriber received direct PUBLISH track [3mnamespace[0m[2m=[0m/moq-test/publish [3mtrack[0m[2m=[0m"published-track"
ok 8 - publish-track-subscribe
  ---
  duration_ms: 916
  publisher_connection_id: 1357098f6bca9c06236ed64387e4cc25
  subscriber_connection_id: 66937423779ea80ea1839205b3df83f1
  ...
[2m2026-10-04T01:29:00.815963Z[0m [32m INFO[0m [2mmoq_native_ietf::quic[0m[2m:[0m UDP socket bound [3mbind[0m[2m=[0m[::]:0 [3mlocal[0m[2m=[0m[::]:34825 [3mdual_stack[0m[2m=[0mtrue
[2m2026-10-04T01:29:00.876806Z[0m [33m WARN[0m [2mweb_transport_quinn::session[0m[2m:[0m failed to read capsule [3me[0m[2m=[0mUnexpectedEnd
[2m2026-10-04T01:29:00.881417Z[0m [33m WARN[0m [2mweb_transport_quinn::session[0m[2m:[0m failed to read capsule [3me[0m[2m=[0mUnexpectedEnd
[2m2026-10-04T01:29:01.138716Z[0m [32m INFO[0m [2mmoq_test_client::scenarios[0m[2m:[0m Subscribing with RENDEZVOUS_TIMEOUT to a track with no publisher [3mtimeout_ms[0m[2m=[0m500
[2m2026-10-04T01:29:01.704050Z[0m [32m INFO[0m [2mmoq_test_client::scenarios[0m[2m:[0m Received expected REQUEST_ERROR TIMEOUT
ok 9 - rendezvous-timeout
  ---
  duration_ms: 889
  connection_id: f13327320a50a9dc86af74b951606f89
  ...
[2m2026-10-04T01:29:01.705122Z[0m [32m INFO[0m [2mmoq_native_ietf::quic[0m[2m:[0m UDP socket bound [3mbind[0m[2m=[0m[::]:0 [3mlocal[0m[2m=[0m[::]:39381 [3mdual_stack[0m[2m=[0mtrue
[2m2026-10-04T01:29:01.766909Z[0m [33m WARN[0m [2mweb_transport_quinn::session[0m[2m:[0m failed to read capsule [3me[0m[2m=[0mUnexpectedEnd
[2m2026-10-04T01:29:02.243857Z[0m [32m INFO[0m [2mmoq_native_ietf::quic[0m[2m:[0m UDP socket bound [3mbind[0m[2m=[0m[::]:0 [3mlocal[0m[2m=[0m[::]:36124 [3mdual_stack[0m[2m=[0mtrue
[2m2026-10-04T01:29:02.640025Z[0m [32m INFO[0m [2mmoq_test_client::moqtest[0m[2m:[0m PUBLISH accepted and subscription bound; generating objects [3mobjects[0m[2m=[0m15 [3mstreams[0m[2m=[0m3
[2m2026-10-04T01:29:02.688019Z[0m [32m INFO[0m [2mmoq_test_client::moqtest[0m[2m:[0m PUBLISH completed
[2m2026-10-04T01:29:02.754424Z[0m [31mERROR[0m [2mmoq_transport::serve::error[0m[2m:[0m [589d1139-7294-49c6-9b5a-146a8678834f] Internal error: subgroup receive failed at moq-transport/src/session/subscriber.rs:378
[2m2026-10-04T01:29:02.754452Z[0m [33m WARN[0m [2mmoq_transport::session[0m[2m:[0m failed to serve stream: webtransport error: read error: RESET_STREAM: 0
not ok 10 - moq-test-subgroup-per-group
  ---
  duration_ms: 1050
  message: "subscriber verification failed: subgroup read failed: internal error: Internal error [error:589d1139-7294-49c6-9b5a-146a8678834f]"
  ...
[2m2026-10-04T01:29:02.755621Z[0m [32m INFO[0m [2mmoq_native_ietf::quic[0m[2m:[0m UDP socket bound [3mbind[0m[2m=[0m[::]:0 [3mlocal[0m[2m=[0m[::]:43985 [3mdual_stack[0m[2m=[0mtrue
[2m2026-10-04T01:29:02.820457Z[0m [33m WARN[0m [2mweb_transport_quinn::session[0m[2m:[0m failed to read capsule [3me[0m[2m=[0mUnexpectedEnd
[2m2026-10-04T01:29:03.270483Z[0m [32m INFO[0m [2mmoq_native_ietf::quic[0m[2m:[0m UDP socket bound [3mbind[0m[2m=[0m[::]:0 [3mlocal[0m[2m=[0m[::]:56970 [3mdual_stack[0m[2m=[0mtrue
[2m2026-10-04T01:29:03.722048Z[0m [32m INFO[0m [2mmoq_test_client::moqtest[0m[2m:[0m PUBLISH accepted and subscription bound; generating objects [3mobjects[0m[2m=[0m15 [3mstreams[0m[2m=[0m3
[2m2026-10-04T01:29:03.777487Z[0m [32m INFO[0m [2mmoq_test_client::moqtest[0m[2m:[0m PUBLISH completed
ok 11 - moq-test-subgroup-per-group-eog
  ---
  duration_ms: 1085
  subscriber_connection_id: f3bc3cf29ecb24b0a5951c9ce9d14c83
  publisher_connection_id: 3d831cd4f48f9a69c70eb89e7588d60c
  ...
[2m2026-10-04T01:29:03.840481Z[0m [32m INFO[0m [2mmoq_test_client[0m[2m:[0m moq-test passed: objects 15/15, eog 3/3, streams 3, publish_done status=2 stream_count=3 reason=ReasonPhrase("done")
[2m2026-10-04T01:29:03.841473Z[0m [32m INFO[0m [2mmoq_native_ietf::quic[0m[2m:[0m UDP socket bound [3mbind[0m[2m=[0m[::]:0 [3mlocal[0m[2m=[0m[::]:57174 [3mdual_stack[0m[2m=[0mtrue
[2m2026-10-04T01:29:03.900905Z[0m [33m WARN[0m [2mweb_transport_quinn::session[0m[2m:[0m failed to read capsule [3me[0m[2m=[0mUnexpectedEnd
[2m2026-10-04T01:29:04.365279Z[0m [32m INFO[0m [2mmoq_native_ietf::quic[0m[2m:[0m UDP socket bound [3mbind[0m[2m=[0m[::]:0 [3mlocal[0m[2m=[0m[::]:43147 [3mdual_stack[0m[2m=[0mtrue
[2m2026-10-04T01:29:04.766773Z[0m [32m INFO[0m [2mmoq_test_client::moqtest[0m[2m:[0m PUBLISH accepted and subscription bound; generating objects [3mobjects[0m[2m=[0m8 [3mstreams[0m[2m=[0m8
[2m2026-10-04T01:29:04.791570Z[0m [32m INFO[0m [2mmoq_test_client::moqtest[0m[2m:[0m PUBLISH completed
[2m2026-10-04T01:29:04.855095Z[0m [32m INFO[0m [2mmoq_test_client[0m[2m:[0m moq-test passed: objects 8/8, eog 0/0, streams 8, publish_done status=2 stream_count=8 reason=ReasonPhrase("done")
ok 12 - moq-test-subgroup-per-object
  ---
  duration_ms: 1014
  subscriber_connection_id: 817bc5009558c1cf6466e23ade2ceacd
  publisher_connection_id: 4912833fbc656ae3e08dd64892ecac63
  ...
[2m2026-10-04T01:29:04.855984Z[0m [32m INFO[0m [2mmoq_native_ietf::quic[0m[2m:[0m UDP socket bound [3mbind[0m[2m=[0m[::]:0 [3mlocal[0m[2m=[0m[::]:44643 [3mdual_stack[0m[2m=[0mtrue
[2m2026-10-04T01:29:04.917107Z[0m [33m WARN[0m [2mweb_transport_quinn::session[0m[2m:[0m failed to read capsule [3me[0m[2m=[0mUnexpectedEnd
[2m2026-10-04T01:29:05.383987Z[0m [32m INFO[0m [2mmoq_native_ietf::quic[0m[2m:[0m UDP socket bound [3mbind[0m[2m=[0m[::]:0 [3mlocal[0m[2m=[0m[::]:51501 [3mdual_stack[0m[2m=[0mtrue
[2m2026-10-04T01:29:05.781646Z[0m [32m INFO[0m [2mmoq_test_client::moqtest[0m[2m:[0m PUBLISH accepted and subscription bound; generating objects [3mobjects[0m[2m=[0m18 [3mstreams[0m[2m=[0m6
[2m2026-10-04T01:29:05.845180Z[0m [32m INFO[0m [2mmoq_test_client::moqtest[0m[2m:[0m PUBLISH completed
[2m2026-10-04T01:29:05.910517Z[0m [31mERROR[0m [2mmoq_transport::serve::error[0m[2m:[0m [b27e7a34-d647-44ff-99cd-2f36724e31e6] Internal error: subgroup receive failed at moq-transport/src/session/subscriber.rs:378
[2m2026-10-04T01:29:05.910537Z[0m [33m WARN[0m [2mmoq_transport::session[0m[2m:[0m failed to serve stream: webtransport error: read error: RESET_STREAM: 0
[2m2026-10-04T01:29:05.910543Z[0m [31mERROR[0m [2mmoq_transport::serve::error[0m[2m:[0m [ce23eb2f-eb20-4a63-9111-5837414ced91] Internal error: subgroup receive failed at moq-transport/src/session/subscriber.rs:378
[2m2026-10-04T01:29:05.910546Z[0m [33m WARN[0m [2mmoq_transport::session[0m[2m:[0m failed to serve stream: webtransport error: read error: RESET_STREAM: 0
not ok 13 - moq-test-two-subgroups-eog
  ---
  duration_ms: 1055
  message: "subscriber verification failed: subgroup read failed: internal error: Internal error [error:ce23eb2f-eb20-4a63-9111-5837414ced91]"
  ...
[2m2026-10-04T01:29:05.911723Z[0m [32m INFO[0m [2mmoq_native_ietf::quic[0m[2m:[0m UDP socket bound [3mbind[0m[2m=[0m[::]:0 [3mlocal[0m[2m=[0m[::]:47516 [3mdual_stack[0m[2m=[0mtrue
[2m2026-10-04T01:29:05.973850Z[0m [33m WARN[0m [2mweb_transport_quinn::session[0m[2m:[0m failed to read capsule [3me[0m[2m=[0mUnexpectedEnd
[2m2026-10-04T01:29:06.452734Z[0m [32m INFO[0m [2mmoq_native_ietf::quic[0m[2m:[0m UDP socket bound [3mbind[0m[2m=[0m[::]:0 [3mlocal[0m[2m=[0m[::]:47448 [3mdual_stack[0m[2m=[0mtrue
[2m2026-10-04T01:29:06.852620Z[0m [32m INFO[0m [2mmoq_test_client::moqtest[0m[2m:[0m PUBLISH accepted and subscription bound; generating objects [3mobjects[0m[2m=[0m15 [3mstreams[0m[2m=[0m0
[2m2026-10-04T01:29:07.169354Z[0m [32m INFO[0m [2mmoq_test_client::moqtest[0m[2m:[0m PUBLISH completed
[2m2026-10-04T01:29:07.236174Z[0m [32m INFO[0m [2mmoq_test_client[0m[2m:[0m moq-test passed: objects 15/15, eog 0/0, streams 0, publish_done status=2 stream_count=0 reason=ReasonPhrase("done")
ok 14 - moq-test-datagram
  ---
  duration_ms: 1325
  subscriber_connection_id: 66b6143d7b934dc28aa7cdaffa3ba3ea
  publisher_connection_id: 633a12557ba96ed7f88c41827f874cd5
  ...
[2m2026-10-04T01:29:07.237004Z[0m [32m INFO[0m [2mmoq_native_ietf::quic[0m[2m:[0m UDP socket bound [3mbind[0m[2m=[0m[::]:0 [3mlocal[0m[2m=[0m[::]:41995 [3mdual_stack[0m[2m=[0mtrue
[2m2026-10-04T01:29:07.302435Z[0m [33m WARN[0m [2mweb_transport_quinn::session[0m[2m:[0m failed to read capsule [3me[0m[2m=[0mUnexpectedEnd
[2m2026-10-04T01:29:07.762327Z[0m [32m INFO[0m [2mmoq_native_ietf::quic[0m[2m:[0m UDP socket bound [3mbind[0m[2m=[0m[::]:0 [3mlocal[0m[2m=[0m[::]:59577 [3mdual_stack[0m[2m=[0mtrue
[2m2026-10-04T01:29:08.144871Z[0m [32m INFO[0m [2mmoq_test_client::moqtest[0m[2m:[0m PUBLISH accepted and subscription bound; generating objects [3mobjects[0m[2m=[0m15 [3mstreams[0m[2m=[0m0
[2m2026-10-04T01:29:08.523099Z[0m [32m INFO[0m [2mmoq_test_client::moqtest[0m[2m:[0m PUBLISH completed
ok 15 - moq-test-datagram-eog
  ---
  duration_ms: 1351
  subscriber_connection_id: 30443d53533f1213cc2ea288e290a77d
  publisher_connection_id: 36cfcd9bff6f2fac8c65351992026476
  ...
[2m2026-10-04T01:29:08.587658Z[0m [32m INFO[0m [2mmoq_test_client[0m[2m:[0m moq-test passed: objects 15/15, eog 3/3, streams 0, publish_done status=2 stream_count=0 reason=ReasonPhrase("done")
[2m2026-10-04T01:29:08.588548Z[0m [32m INFO[0m [2mmoq_native_ietf::quic[0m[2m:[0m UDP socket bound [3mbind[0m[2m=[0m[::]:0 [3mlocal[0m[2m=[0m[::]:60751 [3mdual_stack[0m[2m=[0mtrue
[2m2026-10-04T01:29:08.650350Z[0m [33m WARN[0m [2mweb_transport_quinn::session[0m[2m:[0m failed to read capsule [3me[0m[2m=[0mUnexpectedEnd
[2m2026-10-04T01:29:09.123770Z[0m [32m INFO[0m [2mmoq_native_ietf::quic[0m[2m:[0m UDP socket bound [3mbind[0m[2m=[0m[::]:0 [3mlocal[0m[2m=[0m[::]:35171 [3mdual_stack[0m[2m=[0mtrue
[2m2026-10-04T01:29:09.508071Z[0m [32m INFO[0m [2mmoq_test_client::moqtest[0m[2m:[0m PUBLISH accepted and subscription bound; generating objects [3mobjects[0m[2m=[0m15 [3mstreams[0m[2m=[0m3
[2m2026-10-04T01:29:09.566711Z[0m [32m INFO[0m [2mmoq_test_client::moqtest[0m[2m:[0m PUBLISH completed
[2m2026-10-04T01:29:09.631714Z[0m [32m INFO[0m [2mmoq_test_client[0m[2m:[0m moq-test passed: objects 15/15, eog 3/3, streams 3, publish_done status=2 stream_count=3 reason=ReasonPhrase("done")
ok 16 - moq-test-extensions
  ---
  duration_ms: 1044
  subscriber_connection_id: d3f197f37fd06753b0a4b2777a2a5a86
  publisher_connection_id: 3c6537010d6a953b9a8ece47104a3665
  ...
[2m2026-10-04T01:29:09.632690Z[0m [32m INFO[0m [2mmoq_native_ietf::quic[0m[2m:[0m UDP socket bound [3mbind[0m[2m=[0m[::]:0 [3mlocal[0m[2m=[0m[::]:36634 [3mdual_stack[0m[2m=[0mtrue
[2m2026-10-04T01:29:09.696284Z[0m [33m WARN[0m [2mweb_transport_quinn::session[0m[2m:[0m failed to read capsule [3me[0m[2m=[0mUnexpectedEnd
[2m2026-10-04T01:29:10.164272Z[0m [32m INFO[0m [2mmoq_native_ietf::quic[0m[2m:[0m UDP socket bound [3mbind[0m[2m=[0m[::]:0 [3mlocal[0m[2m=[0m[::]:56286 [3mdual_stack[0m[2m=[0mtrue
[2m2026-10-04T01:29:10.552705Z[0m [32m INFO[0m [2mmoq_test_client::moqtest[0m[2m:[0m PUBLISH accepted and subscription bound; generating objects [3mobjects[0m[2m=[0m9 [3mstreams[0m[2m=[0m3
[2m2026-10-04T01:29:10.579623Z[0m [32m INFO[0m [2mmoq_test_client::moqtest[0m[2m:[0m PUBLISH completed
[2m2026-10-04T01:29:10.644815Z[0m [32m INFO[0m [2mmoq_test_client[0m[2m:[0m moq-test passed: objects 9/9, eog 0/0, streams 3, publish_done status=2 stream_count=3 reason=ReasonPhrase("done")
ok 17 - moq-test-increments
  ---
  duration_ms: 1013
  subscriber_connection_id: 6338e2bedd3fd96d7cc5d47042983336
  publisher_connection_id: cb57723c7ee2526a0779a3649a1ee643
  ...
[2m2026-10-04T01:29:10.645738Z[0m [32m INFO[0m [2mmoq_native_ietf::quic[0m[2m:[0m UDP socket bound [3mbind[0m[2m=[0m[::]:0 [3mlocal[0m[2m=[0m[::]:41673 [3mdual_stack[0m[2m=[0mtrue
[2m2026-10-04T01:29:10.708814Z[0m [33m WARN[0m [2mweb_transport_quinn::session[0m[2m:[0m failed to read capsule [3me[0m[2m=[0mUnexpectedEnd
[2m2026-10-04T01:29:11.181041Z[0m [32m INFO[0m [2mmoq_native_ietf::quic[0m[2m:[0m UDP socket bound [3mbind[0m[2m=[0m[::]:0 [3mlocal[0m[2m=[0m[::]:49808 [3mdual_stack[0m[2m=[0mtrue
[2m2026-10-04T01:29:11.592074Z[0m [32m INFO[0m [2mmoq_test_client::moqtest[0m[2m:[0m PUBLISH accepted and subscription bound; generating objects [3mobjects[0m[2m=[0m6 [3mstreams[0m[2m=[0m2
[2m2026-10-04T01:29:11.610476Z[0m [32m INFO[0m [2mmoq_test_client::moqtest[0m[2m:[0m PUBLISH completed
[2m2026-10-04T01:29:11.676098Z[0m [32m INFO[0m [2mmoq_test_client[0m[2m:[0m moq-test passed: objects 0/0, eog 0/0, streams 0, publish_done status=2 stream_count=0 reason=ReasonPhrase("done")
ok 18 - moq-test-forward-zero
  ---
  duration_ms: 1031
  subscriber_connection_id: 530b1d8d2b37aa62d57a76fec5837379
  publisher_connection_id: 15852a04e3af976e2e90715b74e3bbf6
  ...
make[1]: *** [Makefile:122: test-external] Error 1
make[1]: Leaving directory '/home/runner/work/moq-interop-runner/moq-interop-runner/main'
