make[1]: Entering directory '/home/runner/work/moq-interop-runner/moq-interop-runner/main'
Running tests against https://lminiero.it:9000...
  Client: ghcr.io/facebookexperimental/moxygen-interop-client:latest-amd64
docker run --rm \
	 \
	--network host \
	-e RELAY_URL=https://lminiero.it:9000 \
	-e TLS_DISABLE_VERIFY=false \
	ghcr.io/facebookexperimental/moxygen-interop-client:latest-amd64
TAP version 14
# moxygen interop test client
# Relay: https://lminiero.it:9000
# Transport: WebTransport
# Offered ALPNs: moqt-18, moqt-16, moqt-15, moq-00
1..6
E1004 01:44:35.583641     1 MoQWebTransportClient.cpp:130] std::runtime_error: Error setting up WebTransport: proxygen::HTTPException: ingress timeout, streamID=0, timeout=2000ms
not ok 1 - setup-only
  ---
  duration_ms: 2460
  error: Error setting up WebTransport: proxygen::HTTPException: ingress timeout, streamID=0, timeout=2000ms
  ...
E1004 01:44:37.914520     1 MoQWebTransportClient.cpp:130] std::runtime_error: Error setting up WebTransport: proxygen::HTTPException: ingress timeout, streamID=0, timeout=2000ms
not ok 2 - announce-only
  ---
  duration_ms: 2330
  error: Error setting up WebTransport: proxygen::HTTPException: ingress timeout, streamID=0, timeout=2000ms
  ...
E1004 01:44:40.141847     1 MoQWebTransportClient.cpp:130] std::runtime_error: Error setting up WebTransport: proxygen::HTTPException: ingress timeout, streamID=0, timeout=2000ms
not ok 3 - subscribe-error
  ---
  duration_ms: 2227
  error: Error setting up WebTransport: proxygen::HTTPException: ingress timeout, streamID=0, timeout=2000ms
  ...
E1004 01:44:42.468956     1 MoQWebTransportClient.cpp:130] std::runtime_error: Error setting up WebTransport: proxygen::HTTPException: ingress timeout, streamID=0, timeout=2000ms
not ok 4 - announce-subscribe
  ---
  duration_ms: 2326
  error: Error setting up WebTransport: proxygen::HTTPException: ingress timeout, streamID=0, timeout=2000ms
  ...
E1004 01:44:44.696087     1 MoQWebTransportClient.cpp:130] std::runtime_error: Error setting up WebTransport: proxygen::HTTPException: ingress timeout, streamID=0, timeout=2000ms
not ok 5 - publish-namespace-done
  ---
  duration_ms: 2227
  error: Error setting up WebTransport: proxygen::HTTPException: ingress timeout, streamID=0, timeout=2000ms
  ...
E1004 01:44:47.025626     1 MoQWebTransportClient.cpp:130] std::runtime_error: Error setting up WebTransport: proxygen::HTTPException: ingress timeout, streamID=0, timeout=2000ms
not ok 6 - subscribe-before-announce
  ---
  duration_ms: 2329
  error: Error setting up WebTransport: proxygen::HTTPException: ingress timeout, streamID=0, timeout=2000ms
  ...
E20261004 01:44:48.027143     1 EventHandler.cpp:95] EventBase: failed to register event handler for fd 9: No such file or directory
E20261004 01:44:48.028223     1 EventHandler.cpp:95] EventBase: failed to register event handler for fd 10: No such file or directory
E20261004 01:44:48.028306     1 EventHandler.cpp:95] EventBase: failed to register event handler for fd 11: No such file or directory
E20261004 01:44:48.028404     1 EventHandler.cpp:95] EventBase: failed to register event handler for fd 12: No such file or directory
E20261004 01:44:48.028487     1 EventHandler.cpp:95] EventBase: failed to register event handler for fd 13: No such file or directory
E20261004 01:44:48.028573     1 EventHandler.cpp:95] EventBase: failed to register event handler for fd 14: No such file or directory
make[1]: *** [Makefile:122: test-external] Error 1
make[1]: Leaving directory '/home/runner/work/moq-interop-runner/moq-interop-runner/main'
