make[1]: Entering directory '/home/runner/work/moq-interop-runner/moq-interop-runner/main'
rm -rf mlog/
mkdir -p mlog/relay mlog/client
Running interop tests...
  Relay:  ghcr.io/englishm/moq-interop-runner-moq-relay-ietf:latest
  Client: ghcr.io/openmoq/moqx-interop-client:latest
  URL:    https://relay:4443
time="2026-07-24T01:38:58Z" level=warning msg="The \"PORT\" variable is not set. Defaulting to a blank string."
time="2026-07-24T01:38:58Z" level=warning msg="The \"PORT\" variable is not set. Defaulting to a blank string."
time="2026-07-24T01:38:58Z" level=warning msg="The \"PORT\" variable is not set. Defaulting to a blank string."
time="2026-07-24T01:38:58Z" level=warning msg="The \"HEX\" variable is not set. Defaulting to a blank string."
time="2026-07-24T01:38:58Z" level=warning msg="The \"HEX\" variable is not set. Defaulting to a blank string."
 Container main-relay-1  Recreate
 Container main-relay-1  Recreated
 Container main-test-client-1  Recreate
 Container main-test-client-1  Recreated
Attaching to relay-1, test-client-1
relay-1        | Starting moq-rs relay on port 4443
relay-1        |   Cert: /certs/cert.pem
relay-1        |   Key:  /certs/priv.key
relay-1        |   Mlog: /mlog
relay-1        | [2m2026-07-24T01:38:58.476056Z[0m [32m INFO[0m [2mmoq_relay_ietf[0m[2m:[0m using file coordinator: /tmp/moq-coordinator.json
relay-1        | [2m2026-07-24T01:38:58.476111Z[0m [32m INFO[0m [2mmoq_native_ietf::quic[0m[2m:[0m UDP socket bound [3mbind[0m[2m=[0m0.0.0.0:4443 [3mlocal[0m[2m=[0m0.0.0.0:4443 [3mdual_stack[0m[2m=[0mfalse
relay-1        | [2m2026-07-24T01:38:58.476403Z[0m [32m INFO[0m [2mmoq_relay_ietf::relay[0m[2m:[0m mlog output enabled: /mlog
relay-1        | [2m2026-07-24T01:38:58.476547Z[0m [32m INFO[0m [2mmoq_relay_ietf::relay[0m[2m:[0m listening on 0.0.0.0:4443
test-client-1  | TAP version 14
test-client-1  | # moxygen interop test client
test-client-1  | # Relay: https://relay:4443
test-client-1  | # Transport: WebTransport
test-client-1  | 1..6
relay-1        | [2m2026-07-24T01:39:04.109988Z[0m [33m WARN[0m [2mmoq_transport::session[0m[2m:[0m Failed to create mlog: Permission denied (os error 13)
relay-1        | [2m2026-07-24T01:39:04.110803Z[0m [33m WARN[0m [2mweb_transport_quinn::session[0m[2m:[0m failed to read capsule [3me[0m[2m=[0mUnexpectedEnd
test-client-1  | ok 1 - setup-only
test-client-1  |   ---
test-client-1  |   duration_ms: 5
test-client-1  |   info: SETUP exchange completed successfully
test-client-1  |   ...
relay-1        | [2m2026-07-24T01:39:04.112886Z[0m [33m WARN[0m [2mmoq_transport::session[0m[2m:[0m Failed to create mlog: Permission denied (os error 13)
relay-1        | [2m2026-07-24T01:39:04.113454Z[0m [32m INFO[0m [2mmoq_relay_ietf::consumer[0m[2m:[0m serving PUBLISH_NAMESPACE: PublishNamespaceInfo { request_id: 0, namespace: /moq-test } [3mnamespace[0m[2m=[0m/moq-test
relay-1        | [2m2026-07-24T01:39:04.114208Z[0m [32m INFO[0m [2mmoq_relay_ietf::file_coordinator[0m[2m:[0m registering namespace: 6d6f712d74657374 -> https://0.0.0.0:4443/ [3mnamespace[0m[2m=[0m6d6f712d74657374 [3mscope[0m[2m=[0m [3mrelay_url[0m[2m=[0mhttps://0.0.0.0:4443/
test-client-1  | E0724 01:39:04.114565     1 MoQRelaySession.cpp:1116] PublishNamespaceDone for unknown publishNamespace, sess=0x55ff01ca6220
relay-1        | [2m2026-07-24T01:39:04.114795Z[0m [33m WARN[0m [2mweb_transport_quinn::session[0m[2m:[0m failed to read capsule [3me[0m[2m=[0mUnexpectedEnd
test-client-1  | E20260724 01:39:04.114909     1 HQSession.cpp:579] Connection closed with error err=91141958510811 msg=Client closed by peer reason= proto=h3, client CID=, server CID=c9ad74fcdbc7e70a, local=172.18.0.3:36171, 172.18.0.2:4443=upstream, drain=pending
test-client-1  | ok 2 - announce-only
test-client-1  |   ---
test-client-1  |   duration_ms: 3
test-client-1  |   info: PUBLISH_NAMESPACE completed successfully
test-client-1  |   ...
relay-1        | [2m2026-07-24T01:39:04.118077Z[0m [33m WARN[0m [2mmoq_transport::session[0m[2m:[0m Failed to create mlog: Permission denied (os error 13)
relay-1        | [2m2026-07-24T01:39:04.118726Z[0m [33m WARN[0m [2mmoq_relay_ietf::relay[0m[2m:[0m MoQ session error: decode error: invalid filter type [3merror[0m[2m=[0mdecode error: invalid filter type
relay-1        | [2m2026-07-24T01:39:04.119054Z[0m [33m WARN[0m [2mweb_transport_quinn::session[0m[2m:[0m failed to read capsule [3me[0m[2m=[0mUnexpectedEnd
test-client-1  | E20260724 01:39:04.118865     1 HQControlCodec.h:58] Unexpected control stream EOF
test-client-1  | E20260724 01:39:04.118907     1 HQSession.cpp:3092] Got error on control stream error=HTTP: Critical stream was closed streamID=3 sess=proto=h3, client CID=, server CID=c41419cadfb1afb1, local=172.18.0.3:52053, 172.18.0.2:4443=upstream, drain=pending
test-client-1  | E0724 01:39:04.118955     1 MoQWebTransportClient.cpp:200] proxygen::HTTPException: Got error=ApplicationError: 260, HTTP error on control stream
test-client-1  | ok 3 - subscribe-error
test-client-1  |   ---
test-client-1  |   duration_ms: 3
test-client-1  |   info: Subscribe correctly returned error: Session closed
test-client-1  |   ...
relay-1        | [2m2026-07-24T01:39:04.121260Z[0m [33m WARN[0m [2mmoq_transport::session[0m[2m:[0m Failed to create mlog: Permission denied (os error 13)
relay-1        | [2m2026-07-24T01:39:04.121913Z[0m [32m INFO[0m [2mmoq_relay_ietf::consumer[0m[2m:[0m serving PUBLISH_NAMESPACE: PublishNamespaceInfo { request_id: 0, namespace: /moq-interop-test } [3mnamespace[0m[2m=[0m/moq-interop-test
relay-1        | [2m2026-07-24T01:39:04.122001Z[0m [32m INFO[0m [2mmoq_relay_ietf::file_coordinator[0m[2m:[0m registering namespace: 6d6f712d696e7465726f702d74657374 -> https://0.0.0.0:4443/ [3mnamespace[0m[2m=[0m6d6f712d696e7465726f702d74657374 [3mscope[0m[2m=[0m [3mrelay_url[0m[2m=[0mhttps://0.0.0.0:4443/
relay-1        | [2m2026-07-24T01:39:04.124546Z[0m [33m WARN[0m [2mmoq_transport::session[0m[2m:[0m Failed to create mlog: Permission denied (os error 13)
relay-1        | [2m2026-07-24T01:39:04.125131Z[0m [33m WARN[0m [2mmoq_relay_ietf::relay[0m[2m:[0m MoQ session error: decode error: invalid filter type [3merror[0m[2m=[0mdecode error: invalid filter type
test-client-1  | E20260724 01:39:04.125243     1 HQControlCodec.h:58] Unexpected control stream EOF
test-client-1  | E20260724 01:39:04.125362     1 HQSession.cpp:3092] Got error on control stream error=HTTP: Critical stream was closed streamID=3 sess=proto=h3, client CID=, server CID=13cc3ff263242d61, local=172.18.0.3:41222, 172.18.0.2:4443=upstream, drain=pending
test-client-1  | E0724 01:39:04.125451     1 MoQWebTransportClient.cpp:200] proxygen::HTTPException: Got error=ApplicationError: 260, HTTP error on control stream
relay-1        | [2m2026-07-24T01:39:04.125668Z[0m [33m WARN[0m [2mweb_transport_quinn::session[0m[2m:[0m failed to read capsule [3me[0m[2m=[0mUnexpectedEnd
relay-1        | [2m2026-07-24T01:39:04.125905Z[0m [33m WARN[0m [2mweb_transport_quinn::session[0m[2m:[0m failed to read capsule [3me[0m[2m=[0mUnexpectedEnd
test-client-1  | not ok 4 - announce-subscribe
test-client-1  |   ---
test-client-1  |   duration_ms: 6
test-client-1  |   error: Subscribe failed: Session closed
test-client-1  |   ...
relay-1        | [2m2026-07-24T01:39:04.126097Z[0m [33m WARN[0m [2mmoq_relay_ietf::relay[0m[2m:[0m MoQ session error: webtransport error: read error: RESET_STREAM: 386759528 [3merror[0m[2m=[0mwebtransport error: read error: RESET_STREAM: 386759528
relay-1        | [2m2026-07-24T01:39:04.128351Z[0m [33m WARN[0m [2mmoq_transport::session[0m[2m:[0m Failed to create mlog: Permission denied (os error 13)
relay-1        | [2m2026-07-24T01:39:04.128964Z[0m [32m INFO[0m [2mmoq_relay_ietf::consumer[0m[2m:[0m serving PUBLISH_NAMESPACE: PublishNamespaceInfo { request_id: 0, namespace: /moq-test/interop } [3mnamespace[0m[2m=[0m/moq-test/interop
relay-1        | [2m2026-07-24T01:39:04.129051Z[0m [32m INFO[0m [2mmoq_relay_ietf::file_coordinator[0m[2m:[0m registering namespace: 6d6f712d74657374.696e7465726f70 -> https://0.0.0.0:4443/ [3mnamespace[0m[2m=[0m6d6f712d74657374.696e7465726f70 [3mscope[0m[2m=[0m [3mrelay_url[0m[2m=[0mhttps://0.0.0.0:4443/
test-client-1  | ok 5 - publish-namespace-done
test-client-1  |   ---
test-client-1  |   duration_ms: 3
test-client-1  |   info: PUBLISH_NAMESPACE_OK received, PUBLISH_NAMESPACE_DONE sent
test-client-1  |   ...
relay-1        | [2m2026-07-24T01:39:04.129473Z[0m [33m WARN[0m [2mweb_transport_quinn::session[0m[2m:[0m failed to read capsule [3me[0m[2m=[0mUnexpectedEnd
relay-1        | [2m2026-07-24T01:39:04.131878Z[0m [33m WARN[0m [2mmoq_transport::session[0m[2m:[0m Failed to create mlog: Permission denied (os error 13)
relay-1        | [2m2026-07-24T01:39:04.132536Z[0m [33m WARN[0m [2mmoq_relay_ietf::relay[0m[2m:[0m MoQ session error: decode error: invalid filter type [3merror[0m[2m=[0mdecode error: invalid filter type
relay-1        | [2m2026-07-24T01:39:04.132878Z[0m [33m WARN[0m [2mweb_transport_quinn::session[0m[2m:[0m failed to read capsule [3me[0m[2m=[0mUnexpectedEnd
test-client-1  | E20260724 01:39:04.132666     1 HQControlCodec.h:58] Unexpected control stream EOF
test-client-1  | E20260724 01:39:04.132715     1 HQSession.cpp:3092] Got error on control stream error=HTTP: Critical stream was closed streamID=3 sess=proto=h3, client CID=, server CID=306cf15d1e8abf3f, local=172.18.0.3:60620, 172.18.0.2:4443=upstream, drain=pending
test-client-1  | E0724 01:39:04.132776     1 MoQWebTransportClient.cpp:200] proxygen::HTTPException: Got error=ApplicationError: 260, HTTP error on control stream
relay-1        | [2m2026-07-24T01:39:04.635089Z[0m [33m WARN[0m [2mmoq_transport::session[0m[2m:[0m Failed to create mlog: Permission denied (os error 13)
relay-1        | [2m2026-07-24T01:39:04.635646Z[0m [32m INFO[0m [2mmoq_relay_ietf::consumer[0m[2m:[0m serving PUBLISH_NAMESPACE: PublishNamespaceInfo { request_id: 0, namespace: /moq-test/interop } [3mnamespace[0m[2m=[0m/moq-test/interop
relay-1        | [2m2026-07-24T01:39:04.635731Z[0m [32m INFO[0m [2mmoq_relay_ietf::file_coordinator[0m[2m:[0m registering namespace: 6d6f712d74657374.696e7465726f70 -> https://0.0.0.0:4443/ [3mnamespace[0m[2m=[0m6d6f712d74657374.696e7465726f70 [3mscope[0m[2m=[0m [3mrelay_url[0m[2m=[0mhttps://0.0.0.0:4443/
relay-1        | [2m2026-07-24T01:39:04.636166Z[0m [33m WARN[0m [2mweb_transport_quinn::session[0m[2m:[0m failed to read capsule [3me[0m[2m=[0mUnexpectedEnd
test-client-1  | ok 6 - subscribe-before-announce
test-client-1  |   ---
test-client-1  |   duration_ms: 506
test-client-1  |   info: Subscribe returned error (relay doesn't buffer pending subscriptions): Session closed
test-client-1  |   ...
relay-1        | [2m2026-07-24T01:39:04.636393Z[0m [33m WARN[0m [2mmoq_relay_ietf::relay[0m[2m:[0m MoQ session error: webtransport error: read error: RESET_STREAM: 386759528 [3merror[0m[2m=[0mwebtransport error: read error: RESET_STREAM: 386759528
[Ktest-client-1 exited with code 1
Aborting on container exit...
 Container main-test-client-1  Stopping
 Container main-test-client-1  Stopped
 Container main-relay-1  Stopping
 Container main-relay-1  Stopped

make[1]: *** [Makefile:86: test] Error 1
make[1]: Leaving directory '/home/runner/work/moq-interop-runner/moq-interop-runner/main'
