make[1]: Entering directory '/home/runner/work/moq-interop-runner/moq-interop-runner/main'
Running tests against moqt://fb.mvfst.net:9448...
  Client: ghcr.io/englishm/moq-interop-runner-moq-test-client-draft-16:latest
docker run --rm \
	 \
	--network host \
	-e RELAY_URL=moqt://fb.mvfst.net:9448 \
	-e TLS_DISABLE_VERIFY=1 \
	ghcr.io/englishm/moq-interop-runner-moq-test-client-draft-16:latest
TAP version 14
# moq-test-client v0.1.0
# Relay: moqt://fb.mvfst.net:9448
1..6
ok 1 - setup-only
  ---
  duration_ms: 141
  connection_id: 3414f4ecf5d202eedad5c9f1f1a2932e
  ...
ok 2 - announce-only
  ---
  duration_ms: 2161
  connection_id: 9f010bcba6fb13148119dd52030e7036
  ...
ok 3 - subscribe-error
  ---
  duration_ms: 157
  connection_id: 9cdb18ed9f9716e9d28b2ede48785dde
  ...
not ok 4 - announce-subscribe
  ---
  duration_ms: 321
  message: "publisher session error: webtransport error: session error: connection error: closed by peer: 3: session error: connection error: closed by peer: 3: connection error: closed by peer: 3"
  ...
ok 5 - subscribe-before-announce
  ---
  duration_ms: 3732
  subscriber_connection_id: 3ed9cfc36f712ecd92307fc74813a8ba
  publisher_connection_id: e925c2048f52119785d0f49091340f09
  ...
ok 6 - publish-namespace-done
  ---
  duration_ms: 2217
  connection_id: 22926d033b235385fe957c210ed79251
  ...
make[1]: *** [Makefile:122: test-external] Error 1
make[1]: Leaving directory '/home/runner/work/moq-interop-runner/moq-interop-runner/main'
