make[1]: Entering directory '/home/runner/work/moq-interop-runner/moq-interop-runner/main'
Running tests against moqt://lminiero.it:9000...
  Client: ghcr.io/englishm/moq-interop-runner-moq-test-client-draft-18:latest
docker run --rm \
	 \
	--network host \
	-e RELAY_URL=moqt://lminiero.it:9000 \
	-e TLS_DISABLE_VERIFY=false \
	ghcr.io/englishm/moq-interop-runner-moq-test-client-draft-18:latest
TAP version 14
# moq-test-client v0.1.10
# Relay: moqt://lminiero.it:9000
1..6
[2m2026-08-08T00:45:27.232059Z[0m [32m INFO[0m [2mmoq_native_ietf::quic[0m[2m:[0m UDP socket bound [3mbind[0m[2m=[0m[::]:0 [3mlocal[0m[2m=[0m[::]:38723 [3mdual_stack[0m[2m=[0mtrue
[2m2026-08-08T00:45:28.000632Z[0m [32m INFO[0m [2mmoq_test_client::scenarios[0m[2m:[0m SETUP exchange completed successfully
ok 1 - setup-only
  ---
  duration_ms: 769
  connection_id: b5c96c93c2ecd933d5ce94b837c0ff1f
  ...
[2m2026-08-08T00:45:28.001332Z[0m [32m INFO[0m [2mmoq_native_ietf::quic[0m[2m:[0m UDP socket bound [3mbind[0m[2m=[0m[::]:0 [3mlocal[0m[2m=[0m[::]:43142 [3mdual_stack[0m[2m=[0mtrue
[2m2026-08-08T00:45:28.294124Z[0m [32m INFO[0m [2mmoq_test_client::scenarios[0m[2m:[0m Sending PUBLISH_NAMESPACE for: moq-test/interop
[2m2026-08-08T00:45:30.295347Z[0m [32m INFO[0m [2mmoq_test_client::scenarios[0m[2m:[0m PUBLISH_NAMESPACE succeeded (REQUEST_OK received, waiting for subscribers)
ok 2 - publish-namespace-only
  ---
  duration_ms: 2294
  connection_id: 55e82af06b487eb1b816c51d56b59969
  ...
[2m2026-08-08T00:45:30.296033Z[0m [32m INFO[0m [2mmoq_native_ietf::quic[0m[2m:[0m UDP socket bound [3mbind[0m[2m=[0m[::]:0 [3mlocal[0m[2m=[0m[::]:45147 [3mdual_stack[0m[2m=[0mtrue
[2m2026-08-08T00:45:31.620612Z[0m [32m INFO[0m [2mmoq_test_client::scenarios[0m[2m:[0m Subscribing to non-existent track: nonexistent/namespace/test-track
[2m2026-08-08T00:45:31.766483Z[0m [33m WARN[0m [2mmoq_transport::serve::error[0m[2m:[0m [3e046432-f1b7-4355-85f0-b6fd225076da] Not found: Namespace not found at moq-transport/src/session/subscriber.rs:483
[2m2026-08-08T00:45:31.766512Z[0m [33m WARN[0m [2mmoq_transport::session::reader[0m[2m:[0m [READER] decode: stream ended while waiting for data (have=0 bytes, need=1)
[2m2026-08-08T00:45:31.766559Z[0m [32m INFO[0m [2mmoq_test_client::scenarios[0m[2m:[0m Got expected 'not found' error: not found: Track not found [error:3e046432-f1b7-4355-85f0-b6fd225076da]
ok 3 - subscribe-error
  ---
  duration_ms: 1471
  connection_id: 26e66d8cfa32dab103d849522b97e5bd
  ...
[2m2026-08-08T00:45:31.767218Z[0m [32m INFO[0m [2mmoq_native_ietf::quic[0m[2m:[0m UDP socket bound [3mbind[0m[2m=[0m[::]:0 [3mlocal[0m[2m=[0m[::]:54976 [3mdual_stack[0m[2m=[0mtrue
[2m2026-08-08T00:45:32.077006Z[0m [32m INFO[0m [2mmoq_native_ietf::quic[0m[2m:[0m UDP socket bound [3mbind[0m[2m=[0m[::]:0 [3mlocal[0m[2m=[0m[::]:57576 [3mdual_stack[0m[2m=[0mtrue
[2m2026-08-08T00:45:32.386034Z[0m [32m INFO[0m [2mmoq_test_client::scenarios[0m[2m:[0m Publisher sending PUBLISH_NAMESPACE: moq-test/interop
[2m2026-08-08T00:45:32.386060Z[0m [32m INFO[0m [2mmoq_test_client::scenarios[0m[2m:[0m Subscriber subscribing to track: moq-test/interop/test-track
[2m2026-08-08T00:45:32.535947Z[0m [33m WARN[0m [2mmoq_transport::serve::error[0m[2m:[0m [5315bdce-4452-452b-b343-abde525c4d1f] Not found: Namespace not found at moq-transport/src/session/subscriber.rs:483
[2m2026-08-08T00:45:32.535978Z[0m [33m WARN[0m [2mmoq_transport::session::reader[0m[2m:[0m [READER] decode: stream ended while waiting for data (have=0 bytes, need=1)
[2m2026-08-08T00:45:32.536026Z[0m [32m INFO[0m [2mmoq_test_client::scenarios[0m[2m:[0m Subscriber got error: not found: Track not found [error:5315bdce-4452-452b-b343-abde525c4d1f] - subscription was processed
ok 4 - publish-namespace-subscribe
  ---
  duration_ms: 769
  publisher_connection_id: b04dbc4340372dc01bcef542dcad7052
  subscriber_connection_id: 45436d40123d38d6cca9f431757cf28d
  ...
[2m2026-08-08T00:45:32.536693Z[0m [32m INFO[0m [2mmoq_native_ietf::quic[0m[2m:[0m UDP socket bound [3mbind[0m[2m=[0m[::]:0 [3mlocal[0m[2m=[0m[::]:43113 [3mdual_stack[0m[2m=[0mtrue
[2m2026-08-08T00:45:32.829494Z[0m [32m INFO[0m [2mmoq_test_client::scenarios[0m[2m:[0m Subscriber subscribing BEFORE PUBLISH_NAMESPACE: moq-test/interop/test-track
[2m2026-08-08T00:45:33.331354Z[0m [32m INFO[0m [2mmoq_native_ietf::quic[0m[2m:[0m UDP socket bound [3mbind[0m[2m=[0m[::]:0 [3mlocal[0m[2m=[0m[::]:48296 [3mdual_stack[0m[2m=[0mtrue
[2m2026-08-08T00:45:33.628893Z[0m [32m INFO[0m [2mmoq_test_client::scenarios[0m[2m:[0m Publisher sending PUBLISH_NAMESPACE (after subscriber): moq-test/interop
[2m2026-08-08T00:45:36.630373Z[0m [32m INFO[0m [2mmoq_test_client::scenarios[0m[2m:[0m Publisher PUBLISH_NAMESPACE timeout (expected)
[2m2026-08-08T00:45:37.631575Z[0m [32m INFO[0m [2mmoq_test_client::scenarios[0m[2m:[0m Subscriber still waiting (test complete)
ok 5 - subscribe-before-publish-namespace
  ---
  duration_ms: 5095
  subscriber_connection_id: 046c4a7bdb2147bcc0025829eead1bf6
  publisher_connection_id: 0812a494b7e593ad58555d57c31d233e
  ...
[2m2026-08-08T00:45:37.632284Z[0m [32m INFO[0m [2mmoq_native_ietf::quic[0m[2m:[0m UDP socket bound [3mbind[0m[2m=[0m[::]:0 [3mlocal[0m[2m=[0m[::]:46761 [3mdual_stack[0m[2m=[0mtrue
[2m2026-08-08T00:45:37.943145Z[0m [32m INFO[0m [2mmoq_test_client::scenarios[0m[2m:[0m Sending PUBLISH_NAMESPACE: moq-test/interop
[2m2026-08-08T00:45:39.943853Z[0m [32m INFO[0m [2mmoq_test_client::scenarios[0m[2m:[0m PUBLISH_NAMESPACE active; sending PUBLISH_NAMESPACE_DONE
[2m2026-08-08T00:45:40.045186Z[0m [32m INFO[0m [2mmoq_test_client::scenarios[0m[2m:[0m PUBLISH_NAMESPACE_DONE sent successfully
ok 6 - publish-namespace-done
  ---
  duration_ms: 2413
  connection_id: 4afdc0230928b5a5b2871c9efccd2969
  ...
make[1]: Leaving directory '/home/runner/work/moq-interop-runner/moq-interop-runner/main'
