make[1]: Entering directory '/home/runner/work/moq-interop-runner/moq-interop-runner/main'
Running tests against https://moqt.nokiaresearch.com:4443/moq...
  Client: ghcr.io/englishm/moq-interop-runner-moq-test-client-draft-18:latest
docker run --rm \
	 \
	--network host \
	-e RELAY_URL=https://moqt.nokiaresearch.com:4443/moq \
	-e TLS_DISABLE_VERIFY=false \
	ghcr.io/englishm/moq-interop-runner-moq-test-client-draft-18:latest
TAP version 14
# moq-test-client v0.1.10
# Relay: https://moqt.nokiaresearch.com:4443/moq
1..6
[2m2026-08-08T00:47:18.239384Z[0m [32m INFO[0m [2mmoq_native_ietf::quic[0m[2m:[0m UDP socket bound [3mbind[0m[2m=[0m[::]:0 [3mlocal[0m[2m=[0m[::]:43271 [3mdual_stack[0m[2m=[0mtrue
[2m2026-08-08T00:47:18.917189Z[0m [32m INFO[0m [2mmoq_test_client::scenarios[0m[2m:[0m SETUP exchange completed successfully
ok 1 - setup-only
  ---
  duration_ms: 678
  connection_id: 7ced1c2621f7b1d034c308ec116c4ccb
  ...
[2m2026-08-08T00:47:18.917931Z[0m [32m INFO[0m [2mmoq_native_ietf::quic[0m[2m:[0m UDP socket bound [3mbind[0m[2m=[0m[::]:0 [3mlocal[0m[2m=[0m[::]:49625 [3mdual_stack[0m[2m=[0mtrue
[2m2026-08-08T00:47:19.595602Z[0m [32m INFO[0m [2mmoq_test_client::scenarios[0m[2m:[0m Sending PUBLISH_NAMESPACE for: moq-test/interop
[2m2026-08-08T00:47:21.595979Z[0m [32m INFO[0m [2mmoq_test_client::scenarios[0m[2m:[0m PUBLISH_NAMESPACE succeeded (REQUEST_OK received, waiting for subscribers)
ok 2 - publish-namespace-only
  ---
  duration_ms: 2678
  connection_id: 47ab04d721763fa639f14113eb3e0173
  ...
[2m2026-08-08T00:47:21.596811Z[0m [32m INFO[0m [2mmoq_native_ietf::quic[0m[2m:[0m UDP socket bound [3mbind[0m[2m=[0m[::]:0 [3mlocal[0m[2m=[0m[::]:35697 [3mdual_stack[0m[2m=[0mtrue
[2m2026-08-08T00:47:22.273410Z[0m [32m INFO[0m [2mmoq_test_client::scenarios[0m[2m:[0m Subscribing to non-existent track: nonexistent/namespace/test-track
[2m2026-08-08T00:47:22.407974Z[0m [33m WARN[0m [2mmoq_transport::serve::error[0m[2m:[0m [8f4da534-0913-4e2f-93a1-cf7cd97e60c8] Not found: Track /nonexistent/namespace/test-track does not exist at moq-transport/src/session/subscriber.rs:483
[2m2026-08-08T00:47:22.407994Z[0m [33m WARN[0m [2mmoq_transport::session::reader[0m[2m:[0m [READER] decode: stream ended while waiting for data (have=0 bytes, need=1)
[2m2026-08-08T00:47:22.408040Z[0m [32m INFO[0m [2mmoq_test_client::scenarios[0m[2m:[0m Got expected 'not found' error: not found: Track not found [error:8f4da534-0913-4e2f-93a1-cf7cd97e60c8]
ok 3 - subscribe-error
  ---
  duration_ms: 812
  connection_id: d56ef76e6243c0d1f4bc4a8d1548d97f
  ...
[2m2026-08-08T00:47:22.408886Z[0m [32m INFO[0m [2mmoq_native_ietf::quic[0m[2m:[0m UDP socket bound [3mbind[0m[2m=[0m[::]:0 [3mlocal[0m[2m=[0m[::]:33002 [3mdual_stack[0m[2m=[0mtrue
[2m2026-08-08T00:47:23.128129Z[0m [32m INFO[0m [2mmoq_native_ietf::quic[0m[2m:[0m UDP socket bound [3mbind[0m[2m=[0m[::]:0 [3mlocal[0m[2m=[0m[::]:52928 [3mdual_stack[0m[2m=[0mtrue
[2m2026-08-08T00:47:23.829131Z[0m [32m INFO[0m [2mmoq_test_client::scenarios[0m[2m:[0m Publisher sending PUBLISH_NAMESPACE: moq-test/interop
[2m2026-08-08T00:47:23.829149Z[0m [32m INFO[0m [2mmoq_test_client::scenarios[0m[2m:[0m Subscriber subscribing to track: moq-test/interop/test-track
[2m2026-08-08T00:47:23.963703Z[0m [33m WARN[0m [2mmoq_transport::serve::error[0m[2m:[0m [fcb6670d-9cee-492b-91ac-2c08e9fa301f] Not found: Track /moq-test/interop/test-track does not exist at moq-transport/src/session/subscriber.rs:483
[2m2026-08-08T00:47:23.963724Z[0m [33m WARN[0m [2mmoq_transport::session::reader[0m[2m:[0m [READER] decode: stream ended while waiting for data (have=0 bytes, need=1)
[2m2026-08-08T00:47:23.963857Z[0m [32m INFO[0m [2mmoq_test_client::scenarios[0m[2m:[0m Subscriber got error: not found: Track not found [error:fcb6670d-9cee-492b-91ac-2c08e9fa301f] - subscription was processed
ok 4 - publish-namespace-subscribe
  ---
  duration_ms: 1555
  publisher_connection_id: acc362b71c22dbb34fc49caff7189e37
  subscriber_connection_id: 925fbb084c4db2d5b9a5a5b8da39d3bf
  ...
[2m2026-08-08T00:47:23.964512Z[0m [32m INFO[0m [2mmoq_native_ietf::quic[0m[2m:[0m UDP socket bound [3mbind[0m[2m=[0m[::]:0 [3mlocal[0m[2m=[0m[::]:41824 [3mdual_stack[0m[2m=[0mtrue
[2m2026-08-08T00:47:24.751198Z[0m [32m INFO[0m [2mmoq_test_client::scenarios[0m[2m:[0m Subscriber subscribing BEFORE PUBLISH_NAMESPACE: moq-test/interop/test-track
[2m2026-08-08T00:47:24.885811Z[0m [33m WARN[0m [2mmoq_transport::serve::error[0m[2m:[0m [27dcb16e-4d55-4f94-9468-552e4e5323b1] Not found: Track /moq-test/interop/test-track does not exist at moq-transport/src/session/subscriber.rs:483
[2m2026-08-08T00:47:24.885832Z[0m [33m WARN[0m [2mmoq_transport::session::reader[0m[2m:[0m [READER] decode: stream ended while waiting for data (have=0 bytes, need=1)
[2m2026-08-08T00:47:25.252925Z[0m [32m INFO[0m [2mmoq_native_ietf::quic[0m[2m:[0m UDP socket bound [3mbind[0m[2m=[0m[::]:0 [3mlocal[0m[2m=[0m[::]:55804 [3mdual_stack[0m[2m=[0mtrue
[2m2026-08-08T00:47:26.027694Z[0m [32m INFO[0m [2mmoq_test_client::scenarios[0m[2m:[0m Publisher sending PUBLISH_NAMESPACE (after subscriber): moq-test/interop
[2m2026-08-08T00:47:29.029774Z[0m [32m INFO[0m [2mmoq_test_client::scenarios[0m[2m:[0m Publisher PUBLISH_NAMESPACE timeout (expected)
[2m2026-08-08T00:47:29.029801Z[0m [32m INFO[0m [2mmoq_test_client::scenarios[0m[2m:[0m Subscriber got error: not found: Track not found [error:27dcb16e-4d55-4f94-9468-552e4e5323b1] (may be expected)
ok 5 - subscribe-before-publish-namespace
  ---
  duration_ms: 5065
  subscriber_connection_id: aeb421293d1493f759e6a26cfa0bd3e5
  publisher_connection_id: d164e8d692df193d2190a60c51c32055
  ...
[2m2026-08-08T00:47:29.030491Z[0m [32m INFO[0m [2mmoq_native_ietf::quic[0m[2m:[0m UDP socket bound [3mbind[0m[2m=[0m[::]:0 [3mlocal[0m[2m=[0m[::]:53721 [3mdual_stack[0m[2m=[0mtrue
[2m2026-08-08T00:47:29.710690Z[0m [32m INFO[0m [2mmoq_test_client::scenarios[0m[2m:[0m Sending PUBLISH_NAMESPACE: moq-test/interop
[2m2026-08-08T00:47:31.711942Z[0m [32m INFO[0m [2mmoq_test_client::scenarios[0m[2m:[0m PUBLISH_NAMESPACE active; sending PUBLISH_NAMESPACE_DONE
[2m2026-08-08T00:47:31.813317Z[0m [32m INFO[0m [2mmoq_test_client::scenarios[0m[2m:[0m PUBLISH_NAMESPACE_DONE sent successfully
ok 6 - publish-namespace-done
  ---
  duration_ms: 2783
  connection_id: 1d3e4bfd114ae26a99e1c58dd6aee79c
  ...
make[1]: Leaving directory '/home/runner/work/moq-interop-runner/moq-interop-runner/main'
