make[1]: Entering directory '/home/runner/work/moq-interop-runner/moq-interop-runner/main'
Running tests against moqt://moqt.nokiaresearch.com:4443/moq...
  Client: ghcr.io/englishm/moq-interop-runner-moq-test-client-draft-18:latest
docker run --rm \
	 \
	--network host \
	-e RELAY_URL=moqt://moqt.nokiaresearch.com:4443/moq \
	-e TLS_DISABLE_VERIFY=false \
	ghcr.io/englishm/moq-interop-runner-moq-test-client-draft-18:latest
TAP version 14
# moq-test-client v0.1.10
# Relay: moqt://moqt.nokiaresearch.com:4443/moq
1..6
[2m2026-08-08T00:47:03.370003Z[0m [32m INFO[0m [2mmoq_native_ietf::quic[0m[2m:[0m UDP socket bound [3mbind[0m[2m=[0m[::]:0 [3mlocal[0m[2m=[0m[::]:56021 [3mdual_stack[0m[2m=[0mtrue
[2m2026-08-08T00:47:03.829131Z[0m [32m INFO[0m [2mmoq_test_client::scenarios[0m[2m:[0m SETUP exchange completed successfully
ok 1 - setup-only
  ---
  duration_ms: 459
  connection_id: d8bdc674e14c1596e8d9d8009fe0c557
  ...
[2m2026-08-08T00:47:03.829820Z[0m [32m INFO[0m [2mmoq_native_ietf::quic[0m[2m:[0m UDP socket bound [3mbind[0m[2m=[0m[::]:0 [3mlocal[0m[2m=[0m[::]:38491 [3mdual_stack[0m[2m=[0mtrue
[2m2026-08-08T00:47:04.331007Z[0m [32m INFO[0m [2mmoq_test_client::scenarios[0m[2m:[0m Sending PUBLISH_NAMESPACE for: moq-test/interop
[2m2026-08-08T00:47:06.331942Z[0m [32m INFO[0m [2mmoq_test_client::scenarios[0m[2m:[0m PUBLISH_NAMESPACE succeeded (REQUEST_OK received, waiting for subscribers)
ok 2 - publish-namespace-only
  ---
  duration_ms: 2502
  connection_id: 0ef4d4d520095a36dd7f78ff1e72dff2
  ...
[2m2026-08-08T00:47:06.332635Z[0m [32m INFO[0m [2mmoq_native_ietf::quic[0m[2m:[0m UDP socket bound [3mbind[0m[2m=[0m[::]:0 [3mlocal[0m[2m=[0m[::]:38393 [3mdual_stack[0m[2m=[0mtrue
[2m2026-08-08T00:47:06.846780Z[0m [32m INFO[0m [2mmoq_test_client::scenarios[0m[2m:[0m Subscribing to non-existent track: nonexistent/namespace/test-track
[2m2026-08-08T00:47:06.989525Z[0m [33m WARN[0m [2mmoq_transport::serve::error[0m[2m:[0m [d91cc4da-356a-4666-81ff-ebe05d959de1] Not found: Track /nonexistent/namespace/test-track does not exist at moq-transport/src/session/subscriber.rs:483
[2m2026-08-08T00:47:06.989546Z[0m [33m WARN[0m [2mmoq_transport::session::reader[0m[2m:[0m [READER] decode: stream ended while waiting for data (have=0 bytes, need=1)
[2m2026-08-08T00:47:06.989578Z[0m [32m INFO[0m [2mmoq_test_client::scenarios[0m[2m:[0m Got expected 'not found' error: not found: Track not found [error:d91cc4da-356a-4666-81ff-ebe05d959de1]
ok 3 - subscribe-error
  ---
  duration_ms: 657
  connection_id: 26da35c90ede61eeef5605cf4a6d78a6
  ...
[2m2026-08-08T00:47:06.990219Z[0m [32m INFO[0m [2mmoq_native_ietf::quic[0m[2m:[0m UDP socket bound [3mbind[0m[2m=[0m[::]:0 [3mlocal[0m[2m=[0m[::]:53264 [3mdual_stack[0m[2m=[0mtrue
[2m2026-08-08T00:47:07.441558Z[0m [32m INFO[0m [2mmoq_native_ietf::quic[0m[2m:[0m UDP socket bound [3mbind[0m[2m=[0m[::]:0 [3mlocal[0m[2m=[0m[::]:43275 [3mdual_stack[0m[2m=[0mtrue
[2m2026-08-08T00:47:07.950359Z[0m [32m INFO[0m [2mmoq_test_client::scenarios[0m[2m:[0m Publisher sending PUBLISH_NAMESPACE: moq-test/interop
[2m2026-08-08T00:47:07.950375Z[0m [32m INFO[0m [2mmoq_test_client::scenarios[0m[2m:[0m Subscriber subscribing to track: moq-test/interop/test-track
[2m2026-08-08T00:47:08.086671Z[0m [33m WARN[0m [2mmoq_transport::session::reader[0m[2m:[0m [READER] decode: stream ended while waiting for data (have=0 bytes, need=1)
[2m2026-08-08T00:47:10.952288Z[0m [32m INFO[0m [2mmoq_test_client::scenarios[0m[2m:[0m Test timeout reached - subscription routing may still be in progress
ok 4 - publish-namespace-subscribe
  ---
  duration_ms: 3962
  publisher_connection_id: f39db633c61e9fa69dc6ace00d9d3182
  subscriber_connection_id: 7e7bc3e556a8ccd4b502b3b997809d22
  ...
[2m2026-08-08T00:47:10.953113Z[0m [32m INFO[0m [2mmoq_native_ietf::quic[0m[2m:[0m UDP socket bound [3mbind[0m[2m=[0m[::]:0 [3mlocal[0m[2m=[0m[::]:38864 [3mdual_stack[0m[2m=[0mtrue
[2m2026-08-08T00:47:11.451120Z[0m [32m INFO[0m [2mmoq_test_client::scenarios[0m[2m:[0m Subscriber subscribing BEFORE PUBLISH_NAMESPACE: moq-test/interop/test-track
[2m2026-08-08T00:47:11.585734Z[0m [33m WARN[0m [2mmoq_transport::serve::error[0m[2m:[0m [7a6179ff-f7ae-467d-b468-6a9d1120be5c] Not found: Track /moq-test/interop/test-track does not exist at moq-transport/src/session/subscriber.rs:483
[2m2026-08-08T00:47:11.585777Z[0m [33m WARN[0m [2mmoq_transport::session::reader[0m[2m:[0m [READER] decode: stream ended while waiting for data (have=0 bytes, need=1)
[2m2026-08-08T00:47:11.952407Z[0m [32m INFO[0m [2mmoq_native_ietf::quic[0m[2m:[0m UDP socket bound [3mbind[0m[2m=[0m[::]:0 [3mlocal[0m[2m=[0m[::]:50515 [3mdual_stack[0m[2m=[0mtrue
[2m2026-08-08T00:47:12.468879Z[0m [32m INFO[0m [2mmoq_test_client::scenarios[0m[2m:[0m Publisher sending PUBLISH_NAMESPACE (after subscriber): moq-test/interop
[2m2026-08-08T00:47:15.470090Z[0m [32m INFO[0m [2mmoq_test_client::scenarios[0m[2m:[0m Publisher PUBLISH_NAMESPACE timeout (expected)
[2m2026-08-08T00:47:15.470115Z[0m [32m INFO[0m [2mmoq_test_client::scenarios[0m[2m:[0m Subscriber got error: not found: Track not found [error:7a6179ff-f7ae-467d-b468-6a9d1120be5c] (may be expected)
ok 5 - subscribe-before-publish-namespace
  ---
  duration_ms: 4517
  subscriber_connection_id: 5d24a83ebf58deeb5269c9586e142ae8
  publisher_connection_id: 0cd0acd02dcb5c4f94930c1348487491
  ...
[2m2026-08-08T00:47:15.470832Z[0m [32m INFO[0m [2mmoq_native_ietf::quic[0m[2m:[0m UDP socket bound [3mbind[0m[2m=[0m[::]:0 [3mlocal[0m[2m=[0m[::]:45913 [3mdual_stack[0m[2m=[0mtrue
[2m2026-08-08T00:47:15.881051Z[0m [32m INFO[0m [2mmoq_test_client::scenarios[0m[2m:[0m Sending PUBLISH_NAMESPACE: moq-test/interop
[2m2026-08-08T00:47:17.881823Z[0m [32m INFO[0m [2mmoq_test_client::scenarios[0m[2m:[0m PUBLISH_NAMESPACE active; sending PUBLISH_NAMESPACE_DONE
[2m2026-08-08T00:47:17.983128Z[0m [32m INFO[0m [2mmoq_test_client::scenarios[0m[2m:[0m PUBLISH_NAMESPACE_DONE sent successfully
ok 6 - publish-namespace-done
  ---
  duration_ms: 2512
  connection_id: 53a50f33aa78d86af1506cfe9d9a5e72
  ...
make[1]: Leaving directory '/home/runner/work/moq-interop-runner/moq-interop-runner/main'
