make[1]: Entering directory '/home/runner/work/moq-interop-runner/moq-interop-runner/main'
Running tests against moqt://us-west-2.relay.quicr.org:33437...
  Client: ghcr.io/englishm/moq-interop-runner-moq-test-client-draft-16:latest
docker run --rm \
	 \
	--network host \
	-e RELAY_URL=moqt://us-west-2.relay.quicr.org:33437 \
	-e TLS_DISABLE_VERIFY=1 \
	ghcr.io/englishm/moq-interop-runner-moq-test-client-draft-16:latest
TAP version 14
# moq-test-client v0.1.0
# Relay: moqt://us-west-2.relay.quicr.org:33437
1..6
ok 1 - setup-only
  ---
  duration_ms: 188
  connection_id: 74672d0ef6143714605e21b8cfe284f2
  ...
ok 2 - announce-only
  ---
  duration_ms: 2110
  connection_id: b842615ba35f1677ad2bcfeb9faeb752
  ...
[2026-08-08T01:17:14Z ERROR moq_transport::session::reader] [READER] decode: ERROR decoding moq_transport::message::Message - InvalidMessage(1) (buffer_len=5)
not ok 3 - subscribe-error
  ---
  duration_ms: 199
  message: "session error: decode error: invalid message: 1: invalid message: 1"
  ...
[2026-08-08T01:17:15Z ERROR moq_transport::session::reader] [READER] decode: ERROR decoding moq_transport::message::Message - InvalidMessage(1) (buffer_len=5)
not ok 4 - announce-subscribe
  ---
  duration_ms: 300
  message: "subscriber session error: decode error: invalid message: 1: invalid message: 1"
  ...
[2026-08-08T01:17:15Z ERROR moq_transport::session::reader] [READER] decode: ERROR decoding moq_transport::message::Message - InvalidMessage(1) (buffer_len=5)
ok 5 - subscribe-before-announce
  ---
  duration_ms: 3676
  subscriber_connection_id: c8274b9bcbb1621fae1f250a5d28d201
  publisher_connection_id: 24e1d9c032231f42ba575448eb301dd8
  ...
ok 6 - publish-namespace-done
  ---
  duration_ms: 2193
  connection_id: 704f5840a0a5b03e12486344ce0fa1d0
  ...
make[1]: *** [Makefile:122: test-external] Error 1
make[1]: Leaving directory '/home/runner/work/moq-interop-runner/moq-interop-runner/main'
