make[1]: Entering directory '/home/runner/work/moq-interop-runner/moq-interop-runner/main'
Running tests against https://moqx-main.ci.openmoq.org:4433/moq-relay...
  Client: ghcr.io/englishm/moq-interop-runner-moq-test-client-draft-16:latest
docker run --rm \
	 \
	--network host \
	-e RELAY_URL=https://moqx-main.ci.openmoq.org:4433/moq-relay \
	-e TLS_DISABLE_VERIFY=false \
	ghcr.io/englishm/moq-interop-runner-moq-test-client-draft-16:latest
TAP version 14
# moq-test-client v0.1.0
# Relay: https://moqx-main.ci.openmoq.org:4433/moq-relay
1..6
ok 1 - setup-only
  ---
  duration_ms: 126
  connection_id: 157f9df36d9f525aac3e0257448cbccc
  ...
ok 2 - announce-only
  ---
  duration_ms: 2212
  connection_id: a0dee529dd9ab93c3487ad9acd481006
  ...
ok 3 - subscribe-error
  ---
  duration_ms: 205
  connection_id: 1aa8d171cd46d2cbb8168d567175ca1a
  ...
ok 4 - announce-subscribe
  ---
  duration_ms: 3394
  publisher_connection_id: b5c37fd98cc65015a6cfd6f008a55ea5
  subscriber_connection_id: 1f874bcdcbfc5e23220b5e2b3d11a039
  ...
ok 5 - subscribe-before-announce
  ---
  duration_ms: 4995
  subscriber_connection_id: 2fc763aaced08c55a863ebdb0c9260ab
  publisher_connection_id: 58ccead745c367e6832a1512a59c793e
  ...
ok 6 - publish-namespace-done
  ---
  duration_ms: 2200
  connection_id: 048c6694fdeeffb6435df093fc61ebe9
  ...
make[1]: Leaving directory '/home/runner/work/moq-interop-runner/moq-interop-runner/main'
