make[1]: Entering directory '/home/runner/work/moq-interop-runner/moq-interop-runner/main'
Running tests against moqt://us-west-2.relay.quicr.org:33437...
  Client: ghcr.io/facebookexperimental/moxygen-interop-client:latest-amd64
docker run --rm \
	 \
	--network host \
	-e RELAY_URL=moqt://us-west-2.relay.quicr.org:33437 \
	-e TLS_DISABLE_VERIFY=1 \
	ghcr.io/facebookexperimental/moxygen-interop-client:latest-amd64
TAP version 14
# moxygen interop test client
# Relay: moqt://us-west-2.relay.quicr.org:33437
# Transport: QUIC
1..6
ok 1 - setup-only
  ---
  duration_ms: 88
  info: SETUP exchange completed successfully
  ...
W0808 01:28:01.215174     1 MoQSession.cpp:5628] Issuing request that will fail; nextRequestID_=0 peerMaxRequestID_=0 sess=0x55a1fc07a7d0
ok 2 - announce-only
  ---
  duration_ms: 129
  info: PUBLISH_NAMESPACE completed successfully
  ...
E0808 01:28:01.257364     1 MoQRelaySession.cpp:1116] PublishNamespaceDone for unknown publishNamespace, sess=0x55a1fc07a7d0
W0808 01:28:01.344581     1 MoQSession.cpp:5628] Issuing request that will fail; nextRequestID_=0 peerMaxRequestID_=0 sess=0x55a1fc07a0e0
E0808 01:28:01.386801     1 MoQCodec.cpp:126] Conn error=3
E0808 01:28:01.386816     1 MoQSession.cpp:5412] MoQCodec control stream parse error err=3
ok 3 - subscribe-error
  ---
  duration_ms: 129
  info: Subscribe correctly returned error: Session closed
  ...
W0808 01:28:01.475475     1 MoQSession.cpp:5628] Issuing request that will fail; nextRequestID_=0 peerMaxRequestID_=0 sess=0x55a1fc096940
W0808 01:28:01.630058     1 MoQSession.cpp:5628] Issuing request that will fail; nextRequestID_=0 peerMaxRequestID_=0 sess=0x55a1fc0590b0
E0808 01:28:01.671597     1 MoQCodec.cpp:126] Conn error=3
E0808 01:28:01.671616     1 MoQSession.cpp:5412] MoQCodec control stream parse error err=3
E0808 01:28:01.671697     1 MoQSession.cpp:5855] publishDone for invalid id=1 sess=0x55a1fc096940
not ok 4 - announce-subscribe
  ---
  duration_ms: 284
  error: Subscribe failed: Session closed
  ...
W0808 01:28:01.765990     1 MoQSession.cpp:5628] Issuing request that will fail; nextRequestID_=0 peerMaxRequestID_=0 sess=0x55a1fc073850
ok 5 - publish-namespace-done
  ---
  duration_ms: 136
  info: PUBLISH_NAMESPACE_OK received, PUBLISH_NAMESPACE_DONE sent
  ...
W0808 01:28:01.896397     1 MoQSession.cpp:5628] Issuing request that will fail; nextRequestID_=0 peerMaxRequestID_=0 sess=0x55a1fc005160
E0808 01:28:01.937864     1 MoQCodec.cpp:126] Conn error=3
E0808 01:28:01.937877     1 MoQSession.cpp:5412] MoQCodec control stream parse error err=3
W0808 01:28:02.483667     1 MoQSession.cpp:5628] Issuing request that will fail; nextRequestID_=0 peerMaxRequestID_=0 sess=0x55a1fc072720
ok 6 - subscribe-before-announce
  ---
  duration_ms: 717
  info: Subscribe returned error (relay doesn't buffer pending subscriptions): Session closed
  ...
make[1]: *** [Makefile:122: test-external] Error 1
make[1]: Leaving directory '/home/runner/work/moq-interop-runner/moq-interop-runner/main'
