make[1]: Entering directory '/home/runner/work/moq-interop-runner/moq-interop-runner/main'
Running tests against https://us-west-2.relay.quicr.org:33437/relay...
  Client: ghcr.io/facebookexperimental/moxygen-interop-client:latest-amd64
docker run --rm \
	 \
	--network host \
	-e RELAY_URL=https://us-west-2.relay.quicr.org:33437/relay \
	-e TLS_DISABLE_VERIFY=1 \
	ghcr.io/facebookexperimental/moxygen-interop-client:latest-amd64
TAP version 14
# moxygen interop test client
# Relay: https://us-west-2.relay.quicr.org:33437/relay
# Transport: WebTransport
1..6
W0808 01:27:59.037052     1 MoQWebTransportClient.cpp:175] WebTransport: No WT-Protocol header in response, will use legacy version negotiation
E0808 01:27:59.079112     1 MoQFramer.cpp:1080] Server selected version draft-1 but we only offer draft-14 in legacy mode
E0808 01:27:59.079133     1 MoQCodec.cpp:126] Conn error=21
E0808 01:27:59.079137     1 MoQSession.cpp:5412] MoQCodec control stream parse error err=21
not ok 1 - setup-only
  ---
  duration_ms: 181
  error: coroutine operation cancelled
  ...
W0808 01:27:59.248719     1 MoQWebTransportClient.cpp:175] WebTransport: No WT-Protocol header in response, will use legacy version negotiation
E0808 01:27:59.290422     1 MoQFramer.cpp:1080] Server selected version draft-1 but we only offer draft-14 in legacy mode
E0808 01:27:59.290439     1 MoQCodec.cpp:126] Conn error=21
E0808 01:27:59.290442     1 MoQSession.cpp:5412] MoQCodec control stream parse error err=21
not ok 2 - announce-only
  ---
  duration_ms: 211
  error: coroutine operation cancelled
  ...
W0808 01:27:59.385356     1 MoQWebTransportClient.cpp:175] WebTransport: No WT-Protocol header in response, will use legacy version negotiation
E0808 01:27:59.426981     1 MoQFramer.cpp:1080] Server selected version draft-1 but we only offer draft-14 in legacy mode
E0808 01:27:59.426998     1 MoQCodec.cpp:126] Conn error=21
E0808 01:27:59.427001     1 MoQSession.cpp:5412] MoQCodec control stream parse error err=21
not ok 3 - subscribe-error
  ---
  duration_ms: 136
  error: coroutine operation cancelled
  ...
W0808 01:27:59.512656     1 MoQWebTransportClient.cpp:175] WebTransport: No WT-Protocol header in response, will use legacy version negotiation
E0808 01:27:59.553810     1 MoQFramer.cpp:1080] Server selected version draft-1 but we only offer draft-14 in legacy mode
E0808 01:27:59.553826     1 MoQCodec.cpp:126] Conn error=21
E0808 01:27:59.553830     1 MoQSession.cpp:5412] MoQCodec control stream parse error err=21
not ok 4 - announce-subscribe
  ---
  duration_ms: 126
  error: coroutine operation cancelled
  ...
W0808 01:27:59.727248     1 MoQWebTransportClient.cpp:175] WebTransport: No WT-Protocol header in response, will use legacy version negotiation
E0808 01:27:59.768800     1 MoQFramer.cpp:1080] Server selected version draft-1 but we only offer draft-14 in legacy mode
E0808 01:27:59.768822     1 MoQCodec.cpp:126] Conn error=21
E0808 01:27:59.768826     1 MoQSession.cpp:5412] MoQCodec control stream parse error err=21
not ok 5 - publish-namespace-done
  ---
  duration_ms: 214
  error: coroutine operation cancelled
  ...
W0808 01:27:59.855186     1 MoQWebTransportClient.cpp:175] WebTransport: No WT-Protocol header in response, will use legacy version negotiation
E0808 01:27:59.896723     1 MoQFramer.cpp:1080] Server selected version draft-1 but we only offer draft-14 in legacy mode
E0808 01:27:59.896758     1 MoQCodec.cpp:126] Conn error=21
E0808 01:27:59.896762     1 MoQSession.cpp:5412] MoQCodec control stream parse error err=21
not ok 6 - subscribe-before-announce
  ---
  duration_ms: 127
  error: coroutine operation cancelled
  ...
make[1]: *** [Makefile:122: test-external] Error 1
make[1]: Leaving directory '/home/runner/work/moq-interop-runner/moq-interop-runner/main'
