make[1]: Entering directory '/home/runner/work/moq-interop-runner/moq-interop-runner/main'
Running tests against moqt://34-72-6-160.sslip.io:443...
  Client: ghcr.io/gmarzot/aiomoqt:latest
docker run --rm \
	 \
	--network host \
	-e RELAY_URL=moqt://34-72-6-160.sslip.io:443 \
	-e TLS_DISABLE_VERIFY=false \
	ghcr.io/gmarzot/aiomoqt:latest
  [PASS] setup-only: SERVER_SETUP received with compatible version
WARNING aiopquic.quic.connection: connection closed (app): error=16
2026-09-06 00:34:08.447 ERROR: QUIC error: code: 16 reason: ConnectionTerminated
2026-09-06 00:34:08.447 ERROR: MOQT error: closing: ConnectionTerminated (16)
  [FAIL] announce-only: Failed: TimeoutError
WARNING aiopquic.quic.connection: connection closed (app): error=16
2026-09-06 00:34:13.442 ERROR: QUIC error: code: 16 reason: ConnectionTerminated
2026-09-06 00:34:13.442 ERROR: MOQT error: closing: ConnectionTerminated (16)
  [FAIL] publish-namespace-done: Failed: TimeoutError
WARNING aiopquic.quic.connection: connection closed (app): error=16
2026-09-06 00:34:18.444 ERROR: QUIC error: code: 16 reason: ConnectionTerminated
2026-09-06 00:34:18.444 ERROR: MOQT error: closing: ConnectionTerminated (16)
  [FAIL] subscribe-error: Failed: TimeoutError
WARNING aiopquic.quic.connection: connection closed (app): error=16
2026-09-06 00:34:23.454 ERROR: QUIC error: code: 16 reason: ConnectionTerminated
2026-09-06 00:34:23.454 ERROR: MOQT error: closing: ConnectionTerminated (16)
WARNING aiopquic.quic.connection: connection closed (app): error=16
2026-09-06 00:34:23.573 ERROR: QUIC error: code: 16 reason: ConnectionTerminated
2026-09-06 00:34:23.573 ERROR: MOQT error: closing: ConnectionTerminated (16)
  [PASS (COMPAT)] announce-subscribe: relay holds subscription pending (forward-and-wait); no SUBSCRIBE_OK within 5s
WARNING aiopquic.quic.connection: connection closed (app): error=16
2026-09-06 00:34:28.659 ERROR: QUIC error: code: 16 reason: ConnectionTerminated
2026-09-06 00:34:28.659 ERROR: MOQT error: closing: ConnectionTerminated (16)
WARNING aiopquic.quic.connection: connection closed (app): error=16
2026-09-06 00:34:29.224 ERROR: QUIC error: code: 16 reason: ConnectionTerminated
2026-09-06 00:34:29.225 ERROR: MOQT error: closing: ConnectionTerminated (16)
  [FAIL] subscribe-before-announce: Failed: TimeoutError
TAP version 14
# date: 2026-09-06T00:34:08Z
# ended: 2026-09-06T00:34:35Z
# target: moqt://34-72-6-160.sslip.io:443
# version: aiomoqt/0.10.6
# note: preference probe pinned draft-16
1..6
ok 1 - setup-only
  ---
  duration_ms: 70.3
  connection_id: unknown
  message: SERVER_SETUP received with compatible version
  ...
not ok 2 - announce-only
  ---
  duration_ms: 5005.6
  message: Failed: TimeoutError
  expected: PUBLISH_NAMESPACE_OK
  received: TimeoutError
  ...
not ok 3 - publish-namespace-done
  ---
  duration_ms: 5006.1
  message: Failed: TimeoutError
  expected: PUBLISH_NAMESPACE_OK + PUBLISH_NAMESPACE_DONE
  received: TimeoutError
  ...
not ok 4 - subscribe-error
  ---
  duration_ms: 5005.9
  message: Failed: TimeoutError
  expected: error response
  received: TimeoutError
  ...
ok 5 - announce-subscribe # COMPAT
  ---
  duration_ms: 5205.8
  publisher_connection_id: unknown
  subscriber_connection_id: unknown
  message: relay holds subscription pending (forward-and-wait); no SUBSCRIBE_OK within 5s
  compat: true
  compat_note: relay held the subscription pending without an eager SUBSCRIBE_OK; accepted as a valid forward-and-wait relay model (matches moq-rs)
  ...
not ok 6 - subscribe-before-announce
  ---
  duration_ms: 7007.2
  publisher_connection_id: unknown
  subscriber_connection_id: unknown
  message: Failed: TimeoutError
  received: TimeoutError
  ...
make[1]: *** [Makefile:122: test-external] Error 1
make[1]: Leaving directory '/home/runner/work/moq-interop-runner/moq-interop-runner/main'
