make[1]: Entering directory '/home/runner/work/moq-interop-runner/moq-interop-runner/main'
Running tests against https://draft-18-interop.cloudflare.mediaoverquic.com:443/moq...
  Client: ghcr.io/englishm/moq-interop-runner-moq-test-client-draft-18:latest
docker run --rm \
	 \
	--network host \
	-e RELAY_URL=https://draft-18-interop.cloudflare.mediaoverquic.com:443/moq \
	-e TLS_DISABLE_VERIFY=false \
	ghcr.io/englishm/moq-interop-runner-moq-test-client-draft-18:latest
TAP version 14
# moq-test-client v0.1.12
# Relay: https://draft-18-interop.cloudflare.mediaoverquic.com/moq
1..9
[2m2026-09-06T00:49:46.239098Z[0m [32m INFO[0m [2mmoq_native_ietf::quic[0m[2m:[0m UDP socket bound [3mbind[0m[2m=[0m[::]:0 [3mlocal[0m[2m=[0m[::]:40555 [3mdual_stack[0m[2m=[0mtrue
[2m2026-09-06T00:49:46.510044Z[0m [32m INFO[0m [2mmoq_test_client::scenarios[0m[2m:[0m SETUP exchange completed successfully
ok 1 - setup-only
  ---
  duration_ms: 271
  connection_id: 4c1502c21d111ad7d17eff497aedc821
  ...
[2m2026-09-06T00:49:46.510915Z[0m [32m INFO[0m [2mmoq_native_ietf::quic[0m[2m:[0m UDP socket bound [3mbind[0m[2m=[0m[::]:0 [3mlocal[0m[2m=[0m[::]:60890 [3mdual_stack[0m[2m=[0mtrue
[2m2026-09-06T00:49:46.561016Z[0m [33m WARN[0m [2mweb_transport_quinn::session[0m[2m:[0m failed to read capsule [3me[0m[2m=[0mUnexpectedEnd
[2m2026-09-06T00:49:46.782259Z[0m [32m INFO[0m [2mmoq_test_client::scenarios[0m[2m:[0m Sending PUBLISH_NAMESPACE for: moq-test/interop
[2m2026-09-06T00:49:48.784431Z[0m [32m INFO[0m [2mmoq_test_client::scenarios[0m[2m:[0m PUBLISH_NAMESPACE succeeded (REQUEST_OK received, waiting for subscribers)
ok 2 - publish-namespace-only
  ---
  duration_ms: 2274
  connection_id: ae89486b55fcf1deec9756c28f57ebd0
  ...
[2m2026-09-06T00:49:48.785226Z[0m [32m INFO[0m [2mmoq_native_ietf::quic[0m[2m:[0m UDP socket bound [3mbind[0m[2m=[0m[::]:0 [3mlocal[0m[2m=[0m[::]:57243 [3mdual_stack[0m[2m=[0mtrue
[2m2026-09-06T00:49:48.828357Z[0m [33m WARN[0m [2mweb_transport_quinn::session[0m[2m:[0m failed to read capsule [3me[0m[2m=[0mUnexpectedEnd
[2m2026-09-06T00:49:49.072686Z[0m [32m INFO[0m [2mmoq_test_client::scenarios[0m[2m:[0m Subscribing to non-existent track: nonexistent/namespace/test-track
[2m2026-09-06T00:49:49.127081Z[0m [33m WARN[0m [2mmoq_transport::serve::error[0m[2m:[0m [53d90b03-59f0-49a2-94c7-d654a64ded76] Not found: not found: Track not found [error:41e67c75-595b-4b4d-a5e5-43da1ced91de] at moq-transport/src/session/subscriber.rs:1653
ok 3 - subscribe-error
[2m2026-09-06T00:49:49.127296Z[0m [32m INFO[0m [2mmoq_test_client::scenarios[0m[2m:[0m Got expected 'not found' error: not found: Track not found [error:53d90b03-59f0-49a2-94c7-d654a64ded76]
[2m2026-09-06T00:49:49.128216Z[0m [32m INFO[0m [2mmoq_native_ietf::quic[0m[2m:[0m UDP socket bound [3mbind[0m[2m=[0m[::]:0 [3mlocal[0m[2m=[0m[::]:47694 [3mdual_stack[0m[2m=[0mtrue
  ---
  duration_ms: 342
  connection_id: f6c895fbb66293ce2709e3a310eb5327
  ...
[2m2026-09-06T00:49:49.180639Z[0m [33m WARN[0m [2mweb_transport_quinn::session[0m[2m:[0m failed to read capsule [3me[0m[2m=[0mUnexpectedEnd
[2m2026-09-06T00:49:49.462732Z[0m [32m INFO[0m [2mmoq_native_ietf::quic[0m[2m:[0m UDP socket bound [3mbind[0m[2m=[0m[::]:0 [3mlocal[0m[2m=[0m[::]:43054 [3mdual_stack[0m[2m=[0mtrue
[2m2026-09-06T00:49:49.882685Z[0m [32m INFO[0m [2mmoq_test_client::scenarios[0m[2m:[0m Publisher sending PUBLISH_NAMESPACE: moq-test/interop
[2m2026-09-06T00:49:49.882706Z[0m [32m INFO[0m [2mmoq_test_client::scenarios[0m[2m:[0m Subscriber subscribing to track: moq-test/interop/test-track
[2m2026-09-06T00:49:49.938532Z[0m [33m WARN[0m [2mmoq_transport::serve::error[0m[2m:[0m [66ffa21c-e7bc-43b3-b22b-f0d4652451ad] Not found: not found: Track not found [error:9c9cbf9c-b4e0-4ce0-97e2-42f6dc162ae9] at moq-transport/src/session/subscriber.rs:1653
[2m2026-09-06T00:49:49.938669Z[0m [32m INFO[0m [2mmoq_test_client::scenarios[0m[2m:[0m Subscriber got error: not found: Track not found [error:66ffa21c-e7bc-43b3-b22b-f0d4652451ad] - subscription was processed
ok 4 - publish-namespace-subscribe
  ---
  duration_ms: 811
  publisher_connection_id: 28509772ce2f43da716e67f7323989f7
  subscriber_connection_id: c469faa63f067e5f934b0025530216d6
  ...
[2m2026-09-06T00:49:49.939466Z[0m [32m INFO[0m [2mmoq_native_ietf::quic[0m[2m:[0m UDP socket bound [3mbind[0m[2m=[0m[::]:0 [3mlocal[0m[2m=[0m[::]:50454 [3mdual_stack[0m[2m=[0mtrue
[2m2026-09-06T00:49:49.992522Z[0m [33m WARN[0m [2mweb_transport_quinn::session[0m[2m:[0m failed to read capsule [3me[0m[2m=[0mUnexpectedEnd
[2m2026-09-06T00:49:49.992848Z[0m [33m WARN[0m [2mweb_transport_quinn::session[0m[2m:[0m failed to read capsule [3me[0m[2m=[0mUnexpectedEnd
[2m2026-09-06T00:49:50.228697Z[0m [32m INFO[0m [2mmoq_test_client::scenarios[0m[2m:[0m Subscriber subscribing BEFORE PUBLISH_NAMESPACE: moq-test/interop/test-track
[2m2026-09-06T00:49:50.283643Z[0m [33m WARN[0m [2mmoq_transport::serve::error[0m[2m:[0m [7abce1fe-ce6f-403f-9606-852c19bd6746] Not found: not found: Track not found [error:153d97b6-35e9-4020-9fde-e639c3dc3a7e] at moq-transport/src/session/subscriber.rs:1653
[2m2026-09-06T00:49:50.337450Z[0m [33m WARN[0m [2mweb_transport_quinn::session[0m[2m:[0m failed to read capsule [3me[0m[2m=[0mUnexpectedEnd
[2m2026-09-06T00:49:50.730442Z[0m [32m INFO[0m [2mmoq_native_ietf::quic[0m[2m:[0m UDP socket bound [3mbind[0m[2m=[0m[::]:0 [3mlocal[0m[2m=[0m[::]:54051 [3mdual_stack[0m[2m=[0mtrue
[2m2026-09-06T00:49:51.015906Z[0m [32m INFO[0m [2mmoq_test_client::scenarios[0m[2m:[0m Publisher sending PUBLISH_NAMESPACE (after subscriber): moq-test/interop
[2m2026-09-06T00:49:54.017304Z[0m [32m INFO[0m [2mmoq_test_client::scenarios[0m[2m:[0m Publisher PUBLISH_NAMESPACE timeout (expected)
[2m2026-09-06T00:49:54.017331Z[0m [32m INFO[0m [2mmoq_test_client::scenarios[0m[2m:[0m Subscriber got error: not found: Track not found [error:7abce1fe-ce6f-403f-9606-852c19bd6746] (may be expected)
ok 5 - subscribe-before-publish-namespace
[2m2026-09-06T00:49:54.018162Z[0m [32m INFO[0m [2mmoq_native_ietf::quic[0m[2m:[0m UDP socket bound [3mbind[0m[2m=[0m[::]:0 [3mlocal[0m[2m=[0m[::]:50183 [3mdual_stack[0m[2m=[0mtrue
  ---
  duration_ms: 4078
  subscriber_connection_id: 93a81efa77935152df385409a88a555c
  publisher_connection_id: 2174f018f5e230618ce433ee7356a5cd
  ...
[2m2026-09-06T00:49:54.061781Z[0m [33m WARN[0m [2mweb_transport_quinn::session[0m[2m:[0m failed to read capsule [3me[0m[2m=[0mUnexpectedEnd
[2m2026-09-06T00:49:54.424345Z[0m [32m INFO[0m [2mmoq_test_client::scenarios[0m[2m:[0m Sending PUBLISH_NAMESPACE: moq-test/interop
[2m2026-09-06T00:49:56.425674Z[0m [32m INFO[0m [2mmoq_test_client::scenarios[0m[2m:[0m PUBLISH_NAMESPACE active; sending PUBLISH_NAMESPACE_DONE
ok 6 - publish-namespace-done
  ---
  duration_ms: 2509
  connection_id: 6ec9c9507cc1cf77d2f47ff691e387cb
  ...
[2m2026-09-06T00:49:56.526859Z[0m [32m INFO[0m [2mmoq_test_client::scenarios[0m[2m:[0m PUBLISH_NAMESPACE_DONE sent successfully
[2m2026-09-06T00:49:56.527624Z[0m [32m INFO[0m [2mmoq_native_ietf::quic[0m[2m:[0m UDP socket bound [3mbind[0m[2m=[0m[::]:0 [3mlocal[0m[2m=[0m[::]:55337 [3mdual_stack[0m[2m=[0mtrue
[2m2026-09-06T00:49:56.821616Z[0m [32m INFO[0m [2mmoq_test_client::scenarios[0m[2m:[0m Publisher sending direct PUBLISH [3mnamespace[0m[2m=[0m/moq-test/publish [3mtrack[0m[2m=[0m"published-track"
[2m2026-09-06T00:49:56.876089Z[0m [32m INFO[0m [2mmoq_test_client::scenarios[0m[2m:[0m PUBLISH accepted [3mnamespace[0m[2m=[0m/moq-test/publish [3mtrack[0m[2m=[0m"published-track"
[2m2026-09-06T00:49:56.876346Z[0m [32m INFO[0m [2mmoq_test_client::scenarios[0m[2m:[0m PUBLISH completed [3mnamespace[0m[2m=[0m/moq-test/publish [3mtrack[0m[2m=[0m"published-track"
ok 7 - publish-track-only
  ---
  duration_ms: 349
  connection_id: 4e9bc45ed23d7040b469b62acb65aa31
  ...
[2m2026-09-06T00:49:56.877155Z[0m [32m INFO[0m [2mmoq_native_ietf::quic[0m[2m:[0m UDP socket bound [3mbind[0m[2m=[0m[::]:0 [3mlocal[0m[2m=[0m[::]:37321 [3mdual_stack[0m[2m=[0mtrue
[2m2026-09-06T00:49:56.929995Z[0m [33m WARN[0m [2mweb_transport_quinn::session[0m[2m:[0m failed to read capsule [3me[0m[2m=[0mUnexpectedEnd
[2m2026-09-06T00:49:57.253541Z[0m [32m INFO[0m [2mmoq_native_ietf::quic[0m[2m:[0m UDP socket bound [3mbind[0m[2m=[0m[::]:0 [3mlocal[0m[2m=[0m[::]:48023 [3mdual_stack[0m[2m=[0mtrue
[2m2026-09-06T00:49:57.487385Z[0m [32m INFO[0m [2mmoq_test_client::scenarios[0m[2m:[0m Publisher sending direct PUBLISH before subscriber subscribes [3mnamespace[0m[2m=[0m/moq-test/publish [3mtrack[0m[2m=[0m"published-track"
[2m2026-09-06T00:49:57.536816Z[0m [32m INFO[0m [2mmoq_test_client::scenarios[0m[2m:[0m PUBLISH accepted; starting subscriber [3mnamespace[0m[2m=[0m/moq-test/publish [3mtrack[0m[2m=[0m"published-track"
[2m2026-09-06T00:49:57.686678Z[0m [32m INFO[0m [2mmoq_test_client::scenarios[0m[2m:[0m Subscriber received direct PUBLISH track [3mnamespace[0m[2m=[0m/moq-test/publish [3mtrack[0m[2m=[0m"published-track"
ok 8 - publish-track-subscribe
  ---
  duration_ms: 810
  publisher_connection_id: 57d0677b5ad17acf6da5058971cd2e19
  subscriber_connection_id: 1a3a81e7e66af501097ed3e9b1ff1e1d
  ...
[2m2026-09-06T00:49:57.687469Z[0m [32m INFO[0m [2mmoq_native_ietf::quic[0m[2m:[0m UDP socket bound [3mbind[0m[2m=[0m[::]:0 [3mlocal[0m[2m=[0m[::]:49683 [3mdual_stack[0m[2m=[0mtrue
[2m2026-09-06T00:49:57.729303Z[0m [33m WARN[0m [2mweb_transport_quinn::session[0m[2m:[0m failed to read capsule [3me[0m[2m=[0mUnexpectedEnd
[2m2026-09-06T00:49:57.734132Z[0m [33m WARN[0m [2mweb_transport_quinn::session[0m[2m:[0m failed to read capsule [3me[0m[2m=[0mUnexpectedEnd
[2m2026-09-06T00:49:57.932023Z[0m [32m INFO[0m [2mmoq_test_client::scenarios[0m[2m:[0m Subscribing with RENDEZVOUS_TIMEOUT to a track with no publisher [3mtimeout_ms[0m[2m=[0m500
ok 9 - rendezvous-timeout
  ---
  duration_ms: 791
  connection_id: df0541a92e599cc3da75e7de47c18ee0
  ...
[2m2026-09-06T00:49:58.477858Z[0m [32m INFO[0m [2mmoq_test_client::scenarios[0m[2m:[0m Received expected REQUEST_ERROR TIMEOUT
make[1]: Leaving directory '/home/runner/work/moq-interop-runner/moq-interop-runner/main'
