make[1]: Entering directory '/home/runner/work/moq-interop-runner/moq-interop-runner/main'
Running tests against moqt://us-west-2.relay.quicr.org:33437...
  Client: ghcr.io/facebookexperimental/moxygen-interop-client:latest-amd64
docker run --rm \
	 \
	--network host \
	-e RELAY_URL=moqt://us-west-2.relay.quicr.org:33437 \
	-e TLS_DISABLE_VERIFY=1 \
	ghcr.io/facebookexperimental/moxygen-interop-client:latest-amd64
TAP version 14
# moxygen interop test client
# Relay: moqt://us-west-2.relay.quicr.org:33437
# Transport: QUIC
# Offered ALPNs: moqt-18, moqt-16, moqt-15, moq-00
1..6
ok 1 - setup-only
  ---
  duration_ms: 113
  negotiated_version: draft-16
  info: SETUP exchange completed successfully
  ...
W0906 01:47:42.305329     1 MoQSession.cpp:6046] Issuing request that will fail; nextRequestID_=0 peerMaxRequestID_=0 sess=0x55cb56078bd0
E0906 01:47:42.362418     1 MoQRelaySession.cpp:1116] PublishNamespaceDone for unknown publishNamespace, sess=0x55cb56078bd0
ok 2 - announce-only
  ---
  duration_ms: 257
  negotiated_version: draft-16
  info: PUBLISH_NAMESPACE completed successfully
  ...
W0906 01:47:42.485932     1 MoQSession.cpp:6046] Issuing request that will fail; nextRequestID_=0 peerMaxRequestID_=0 sess=0x55cb560783a0
E0906 01:47:42.538124     1 MoQCodec.cpp:126] Conn error=3
E0906 01:47:42.538148     1 MoQSession.cpp:5831] MoQCodec control stream parse error err=3
ok 3 - subscribe-error
  ---
  duration_ms: 175
  negotiated_version: draft-16
  info: Subscribe correctly returned error: Session closed
  ...
W0906 01:47:42.669656     1 MoQSession.cpp:6046] Issuing request that will fail; nextRequestID_=0 peerMaxRequestID_=0 sess=0x55cb56002780
W0906 01:47:42.846133     1 MoQSession.cpp:6046] Issuing request that will fail; nextRequestID_=0 peerMaxRequestID_=0 sess=0x55cb560865e0
E0906 01:47:42.902280     1 MoQCodec.cpp:126] Conn error=3
E0906 01:47:42.902301     1 MoQSession.cpp:5831] MoQCodec control stream parse error err=3
E0906 01:47:42.902477     1 MoQSession.cpp:6288] publishDone for invalid id=1 sess=0x55cb56002780
not ok 4 - announce-subscribe
  ---
  duration_ms: 364
  negotiated_version: draft-16
  error: Subscribe failed: Session closed
  ...
W0906 01:47:43.094982     1 MoQSession.cpp:6046] Issuing request that will fail; nextRequestID_=0 peerMaxRequestID_=0 sess=0x55cb5607b850
ok 5 - publish-namespace-done
  ---
  duration_ms: 249
  negotiated_version: draft-16
  info: PUBLISH_NAMESPACE_OK received, PUBLISH_NAMESPACE_DONE sent
  ...
W0906 01:47:43.293550     1 MoQSession.cpp:6046] Issuing request that will fail; nextRequestID_=0 peerMaxRequestID_=0 sess=0x55cb5606bfd0
E0906 01:47:43.350343     1 MoQCodec.cpp:126] Conn error=3
E0906 01:47:43.350365     1 MoQSession.cpp:5831] MoQCodec control stream parse error err=3
W0906 01:47:43.902342     1 MoQSession.cpp:6046] Issuing request that will fail; nextRequestID_=0 peerMaxRequestID_=0 sess=0x55cb5608c250
ok 6 - subscribe-before-announce
  ---
  duration_ms: 802
  negotiated_version: draft-16
  info: Subscribe returned error (relay doesn't buffer pending subscriptions): Session closed
  ...
make[1]: *** [Makefile:122: test-external] Error 1
make[1]: Leaving directory '/home/runner/work/moq-interop-runner/moq-interop-runner/main'
