make[1]: Entering directory '/home/runner/work/moq-interop-runner/moq-interop-runner/main'
Running tests against moqt://moqx-main.ci.openmoq.org:4433...
  Client: ghcr.io/englishm/moq-interop-runner-moq-test-client-draft-16:latest
docker run --rm \
	 \
	--network host \
	-e RELAY_URL=moqt://moqx-main.ci.openmoq.org:4433 \
	-e TLS_DISABLE_VERIFY=false \
	ghcr.io/englishm/moq-interop-runner-moq-test-client-draft-16:latest
TAP version 14
# moq-test-client v0.1.0
# Relay: moqt://moqx-main.ci.openmoq.org:4433
1..6
ok 1 - setup-only
  ---
  duration_ms: 371
  connection_id: 7bf72ce634ebdc2800c69ca2df24d10e
  ...
ok 2 - announce-only
  ---
  duration_ms: 2292
  connection_id: 51e4413c109de127a122ec635e72060a
  ...
ok 3 - subscribe-error
  ---
  duration_ms: 266
  connection_id: 8a42d7beeed63ed28ced271bf5403071
  ...
ok 4 - announce-subscribe
  ---
  duration_ms: 3229
  publisher_connection_id: db9e4d72c4af000c4031447a4721843e
  subscriber_connection_id: 379b60d2e1cf85c8ec1a6860f1868e8a
  ...
ok 5 - subscribe-before-announce
  ---
  duration_ms: 3579
  subscriber_connection_id: 818849b2963b3970cbf1c69d41e3b90a
  publisher_connection_id: e748e976b71b5b2999a3b951d934c095
  ...
ok 6 - publish-namespace-done
  ---
  duration_ms: 2143
  connection_id: 67bb276f091baff289a505ac298e79a8
  ...
make[1]: Leaving directory '/home/runner/work/moq-interop-runner/moq-interop-runner/main'
