make[1]: Entering directory '/home/runner/work/moq-interop-runner/moq-interop-runner/main'
Running tests against https://moqx-main.ci.openmoq.org:4433/moq-relay...
  Client: ghcr.io/englishm/moq-interop-runner-moq-test-client-draft-18:latest
docker run --rm \
	 \
	--network host \
	-e RELAY_URL=https://moqx-main.ci.openmoq.org:4433/moq-relay \
	-e TLS_DISABLE_VERIFY=false \
	ghcr.io/englishm/moq-interop-runner-moq-test-client-draft-18:latest
TAP version 14
# moq-test-client v0.1.10
# Relay: https://moqx-main.ci.openmoq.org:4433/moq-relay
1..6
[2m2026-08-04T01:03:16.625329Z[0m [32m INFO[0m [2mmoq_native_ietf::quic[0m[2m:[0m UDP socket bound [3mbind[0m[2m=[0m[::]:0 [3mlocal[0m[2m=[0m[::]:37655 [3mdual_stack[0m[2m=[0mtrue
[2m2026-08-04T01:03:19.192167Z[0m [32m INFO[0m [2mmoq_test_client::scenarios[0m[2m:[0m SETUP exchange completed successfully
ok 1 - setup-only
  ---
  duration_ms: 2567
  connection_id: 99bdcf873ba6c416cc8be5b7e4dc7320
  ...
[2m2026-08-04T01:03:19.193154Z[0m [32m INFO[0m [2mmoq_native_ietf::quic[0m[2m:[0m UDP socket bound [3mbind[0m[2m=[0m[::]:0 [3mlocal[0m[2m=[0m[::]:60316 [3mdual_stack[0m[2m=[0mtrue
[2m2026-08-04T01:03:19.215897Z[0m [33m WARN[0m [2mweb_transport_quinn::session[0m[2m:[0m failed to read capsule [3me[0m[2m=[0mUnexpectedEnd
[2m2026-08-04T01:03:19.360897Z[0m [32m INFO[0m [2mmoq_test_client::scenarios[0m[2m:[0m Sending PUBLISH_NAMESPACE for: moq-test/interop
[2m2026-08-04T01:03:21.361970Z[0m [32m INFO[0m [2mmoq_test_client::scenarios[0m[2m:[0m PUBLISH_NAMESPACE succeeded (REQUEST_OK received, waiting for subscribers)
ok 2 - publish-namespace-only
  ---
  duration_ms: 2169
  connection_id: 4e05280d9d50c188b0ef2ca20cad0494
  ...
[2m2026-08-04T01:03:21.362859Z[0m [32m INFO[0m [2mmoq_native_ietf::quic[0m[2m:[0m UDP socket bound [3mbind[0m[2m=[0m[::]:0 [3mlocal[0m[2m=[0m[::]:41467 [3mdual_stack[0m[2m=[0mtrue
[2m2026-08-04T01:03:21.381842Z[0m [33m WARN[0m [2mweb_transport_quinn::session[0m[2m:[0m failed to read capsule [3me[0m[2m=[0mUnexpectedEnd
[2m2026-08-04T01:03:22.171622Z[0m [32m INFO[0m [2mmoq_test_client::scenarios[0m[2m:[0m Subscribing to non-existent track: nonexistent/namespace/test-track
[2m2026-08-04T01:03:22.188555Z[0m [33m WARN[0m [2mmoq_transport::serve::error[0m[2m:[0m [cb2db95e-ca11-4891-8558-7b7961a55769] Not found: no such namespace or track at moq-transport/src/session/subscriber.rs:483
[2m2026-08-04T01:03:22.188575Z[0m [33m WARN[0m [2mmoq_transport::session::reader[0m[2m:[0m [READER] decode: stream ended while waiting for data (have=0 bytes, need=1)
[2m2026-08-04T01:03:22.188611Z[0m [32m INFO[0m [2mmoq_test_client::scenarios[0m[2m:[0m Got expected 'not found' error: not found: Track not found [error:cb2db95e-ca11-4891-8558-7b7961a55769]
ok 3 - subscribe-error
  ---
  duration_ms: 826
  connection_id: a488f77c5cc9c7125d5ed06e6efbebf9
  ...
[2m2026-08-04T01:03:22.189598Z[0m [32m INFO[0m [2mmoq_native_ietf::quic[0m[2m:[0m UDP socket bound [3mbind[0m[2m=[0m[::]:0 [3mlocal[0m[2m=[0m[::]:45362 [3mdual_stack[0m[2m=[0mtrue
[2m2026-08-04T01:03:22.206154Z[0m [33m WARN[0m [2mweb_transport_quinn::session[0m[2m:[0m failed to read capsule [3me[0m[2m=[0mUnexpectedEnd
[2m2026-08-04T01:03:22.298635Z[0m [32m INFO[0m [2mmoq_native_ietf::quic[0m[2m:[0m UDP socket bound [3mbind[0m[2m=[0m[::]:0 [3mlocal[0m[2m=[0m[::]:46087 [3mdual_stack[0m[2m=[0mtrue
[2m2026-08-04T01:03:22.922861Z[0m [32m INFO[0m [2mmoq_test_client::scenarios[0m[2m:[0m Publisher sending PUBLISH_NAMESPACE: moq-test/interop
[2m2026-08-04T01:03:22.922881Z[0m [32m INFO[0m [2mmoq_test_client::scenarios[0m[2m:[0m Subscriber subscribing to track: moq-test/interop/test-track
[2m2026-08-04T01:03:22.939653Z[0m [33m WARN[0m [2mmoq_transport::serve::error[0m[2m:[0m [3f59f997-54d7-4eb3-b059-11ee7e9d0d0b] Not found: no such namespace or track at moq-transport/src/session/subscriber.rs:483
[2m2026-08-04T01:03:22.939672Z[0m [33m WARN[0m [2mmoq_transport::session::reader[0m[2m:[0m [READER] decode: stream ended while waiting for data (have=0 bytes, need=1)
[2m2026-08-04T01:03:22.939806Z[0m [32m INFO[0m [2mmoq_test_client::scenarios[0m[2m:[0m Subscriber got error: not found: Track not found [error:3f59f997-54d7-4eb3-b059-11ee7e9d0d0b] - subscription was processed
ok 4 - publish-namespace-subscribe
  ---
  duration_ms: 751
  publisher_connection_id: 7f88d4d46439bbce1734b1bbb6a4a0f1
  subscriber_connection_id: 73a1c66cdb998f9ce6751bed582ae4dd
  ...
[2m2026-08-04T01:03:22.940552Z[0m [32m INFO[0m [2mmoq_native_ietf::quic[0m[2m:[0m UDP socket bound [3mbind[0m[2m=[0m[::]:0 [3mlocal[0m[2m=[0m[::]:42784 [3mdual_stack[0m[2m=[0mtrue
[2m2026-08-04T01:03:22.956809Z[0m [33m WARN[0m [2mweb_transport_quinn::session[0m[2m:[0m failed to read capsule [3me[0m[2m=[0mUnexpectedEnd
[2m2026-08-04T01:03:22.957341Z[0m [33m WARN[0m [2mweb_transport_quinn::session[0m[2m:[0m failed to read capsule [3me[0m[2m=[0mUnexpectedEnd
[2m2026-08-04T01:03:23.048798Z[0m [32m INFO[0m [2mmoq_test_client::scenarios[0m[2m:[0m Subscriber subscribing BEFORE PUBLISH_NAMESPACE: moq-test/interop/test-track
[2m2026-08-04T01:03:23.070263Z[0m [33m WARN[0m [2mmoq_transport::serve::error[0m[2m:[0m [c6071a84-2102-4b26-92d1-d7d80e4514f3] Not found: no such namespace or track at moq-transport/src/session/subscriber.rs:483
[2m2026-08-04T01:03:23.070294Z[0m [33m WARN[0m [2mmoq_transport::session::reader[0m[2m:[0m [READER] decode: stream ended while waiting for data (have=0 bytes, need=1)
[2m2026-08-04T01:03:23.091486Z[0m [33m WARN[0m [2mweb_transport_quinn::session[0m[2m:[0m failed to read capsule [3me[0m[2m=[0mUnexpectedEnd
[2m2026-08-04T01:03:23.550743Z[0m [32m INFO[0m [2mmoq_native_ietf::quic[0m[2m:[0m UDP socket bound [3mbind[0m[2m=[0m[::]:0 [3mlocal[0m[2m=[0m[::]:32857 [3mdual_stack[0m[2m=[0mtrue
[2m2026-08-04T01:03:23.725468Z[0m [32m INFO[0m [2mmoq_test_client::scenarios[0m[2m:[0m Publisher sending PUBLISH_NAMESPACE (after subscriber): moq-test/interop
[2m2026-08-04T01:03:26.726856Z[0m [32m INFO[0m [2mmoq_test_client::scenarios[0m[2m:[0m Publisher PUBLISH_NAMESPACE timeout (expected)
[2m2026-08-04T01:03:26.726876Z[0m [32m INFO[0m [2mmoq_test_client::scenarios[0m[2m:[0m Subscriber got error: not found: Track not found [error:c6071a84-2102-4b26-92d1-d7d80e4514f3] (may be expected)
ok 5 - subscribe-before-publish-namespace
  ---
  duration_ms: 3787
  subscriber_connection_id: e51665383a2db95339e82a3b14a0ebcf
  publisher_connection_id: 71d32fba1205c592defaf7ab7d753e32
  ...
[2m2026-08-04T01:03:26.727901Z[0m [32m INFO[0m [2mmoq_native_ietf::quic[0m[2m:[0m UDP socket bound [3mbind[0m[2m=[0m[::]:0 [3mlocal[0m[2m=[0m[::]:44655 [3mdual_stack[0m[2m=[0mtrue
[2m2026-08-04T01:03:26.743976Z[0m [33m WARN[0m [2mweb_transport_quinn::session[0m[2m:[0m failed to read capsule [3me[0m[2m=[0mUnexpectedEnd
[2m2026-08-04T01:03:26.983284Z[0m [32m INFO[0m [2mmoq_test_client::scenarios[0m[2m:[0m Sending PUBLISH_NAMESPACE: moq-test/interop
[2m2026-08-04T01:03:28.984865Z[0m [32m INFO[0m [2mmoq_test_client::scenarios[0m[2m:[0m PUBLISH_NAMESPACE active; sending PUBLISH_NAMESPACE_DONE
[2m2026-08-04T01:03:29.086283Z[0m [32m INFO[0m [2mmoq_test_client::scenarios[0m[2m:[0m PUBLISH_NAMESPACE_DONE sent successfully
ok 6 - publish-namespace-done
  ---
  duration_ms: 2359
  connection_id: 1976f76c9e50092143261f6877990f2c
  ...
make[1]: Leaving directory '/home/runner/work/moq-interop-runner/moq-interop-runner/main'
