make[1]: Entering directory '/home/runner/work/moq-interop-runner/moq-interop-runner/main'
Running tests against moqt://moqt.nokiaresearch.com:4443/moq...
  Client: ghcr.io/englishm/moq-interop-runner-moq-test-client-draft-18:latest
docker run --rm \
	 \
	--network host \
	-e RELAY_URL=moqt://moqt.nokiaresearch.com:4443/moq \
	-e TLS_DISABLE_VERIFY=false \
	ghcr.io/englishm/moq-interop-runner-moq-test-client-draft-18:latest
TAP version 14
# moq-test-client v0.1.10
# Relay: moqt://moqt.nokiaresearch.com:4443/moq
1..6
[2m2026-08-04T01:02:36.358485Z[0m [32m INFO[0m [2mmoq_native_ietf::quic[0m[2m:[0m UDP socket bound [3mbind[0m[2m=[0m[::]:0 [3mlocal[0m[2m=[0m[::]:40536 [3mdual_stack[0m[2m=[0mtrue
[2m2026-08-04T01:02:36.753365Z[0m [32m INFO[0m [2mmoq_test_client::scenarios[0m[2m:[0m SETUP exchange completed successfully
ok 1 - setup-only
  ---
  duration_ms: 395
  connection_id: 3871141278da014ab6d8ec952affec73
  ...
[2m2026-08-04T01:02:36.754286Z[0m [32m INFO[0m [2mmoq_native_ietf::quic[0m[2m:[0m UDP socket bound [3mbind[0m[2m=[0m[::]:0 [3mlocal[0m[2m=[0m[::]:34490 [3mdual_stack[0m[2m=[0mtrue
[2m2026-08-04T01:02:37.166392Z[0m [32m INFO[0m [2mmoq_test_client::scenarios[0m[2m:[0m Sending PUBLISH_NAMESPACE for: moq-test/interop
[2m2026-08-04T01:02:39.167911Z[0m [32m INFO[0m [2mmoq_test_client::scenarios[0m[2m:[0m PUBLISH_NAMESPACE succeeded (REQUEST_OK received, waiting for subscribers)
ok 2 - publish-namespace-only
  ---
  duration_ms: 2414
  connection_id: fa3f50e26b798ee89dcda3da28be91ee
  ...
[2m2026-08-04T01:02:39.169023Z[0m [32m INFO[0m [2mmoq_native_ietf::quic[0m[2m:[0m UDP socket bound [3mbind[0m[2m=[0m[::]:0 [3mlocal[0m[2m=[0m[::]:39155 [3mdual_stack[0m[2m=[0mtrue
[2m2026-08-04T01:02:39.493114Z[0m [32m INFO[0m [2mmoq_test_client::scenarios[0m[2m:[0m Subscribing to non-existent track: nonexistent/namespace/test-track
[2m2026-08-04T01:02:39.597481Z[0m [33m WARN[0m [2mmoq_transport::serve::error[0m[2m:[0m [281fd9f6-0dcb-4f84-b0ad-db12233fd61c] Not found: Track /nonexistent/namespace/test-track does not exist at moq-transport/src/session/subscriber.rs:483
[2m2026-08-04T01:02:39.597499Z[0m [33m WARN[0m [2mmoq_transport::session::reader[0m[2m:[0m [READER] decode: stream ended while waiting for data (have=0 bytes, need=1)
[2m2026-08-04T01:02:39.597528Z[0m [32m INFO[0m [2mmoq_test_client::scenarios[0m[2m:[0m Got expected 'not found' error: not found: Track not found [error:281fd9f6-0dcb-4f84-b0ad-db12233fd61c]
ok 3 - subscribe-error
  ---
  duration_ms: 429
  connection_id: 520b64890568711b7dec90ef0f68b62e
  ...
[2m2026-08-04T01:02:39.598443Z[0m [32m INFO[0m [2mmoq_native_ietf::quic[0m[2m:[0m UDP socket bound [3mbind[0m[2m=[0m[::]:0 [3mlocal[0m[2m=[0m[::]:57189 [3mdual_stack[0m[2m=[0mtrue
[2m2026-08-04T01:02:39.984536Z[0m [32m INFO[0m [2mmoq_native_ietf::quic[0m[2m:[0m UDP socket bound [3mbind[0m[2m=[0m[::]:0 [3mlocal[0m[2m=[0m[::]:34089 [3mdual_stack[0m[2m=[0mtrue
[2m2026-08-04T01:02:40.378152Z[0m [32m INFO[0m [2mmoq_test_client::scenarios[0m[2m:[0m Publisher sending PUBLISH_NAMESPACE: moq-test/interop
[2m2026-08-04T01:02:40.378167Z[0m [32m INFO[0m [2mmoq_test_client::scenarios[0m[2m:[0m Subscriber subscribing to track: moq-test/interop/test-track
[2m2026-08-04T01:02:40.481190Z[0m [33m WARN[0m [2mmoq_transport::serve::error[0m[2m:[0m [9334d4f9-1fef-4571-a3e1-e7eec5f29da8] Not found: Track /moq-test/interop/test-track does not exist at moq-transport/src/session/subscriber.rs:483
[2m2026-08-04T01:02:40.481246Z[0m [32m INFO[0m [2mmoq_test_client::scenarios[0m[2m:[0m Subscriber got error: not found: Track not found [error:9334d4f9-1fef-4571-a3e1-e7eec5f29da8] - subscription was processed
ok 4 - publish-namespace-subscribe
  ---
  duration_ms: 883
  publisher_connection_id: e48750d60f082b3ec9488f622ac02f5c
  subscriber_connection_id: afa06caf9db5975b03db9d35a90f2666
  ...
[2m2026-08-04T01:02:40.482115Z[0m [32m INFO[0m [2mmoq_native_ietf::quic[0m[2m:[0m UDP socket bound [3mbind[0m[2m=[0m[::]:0 [3mlocal[0m[2m=[0m[::]:34500 [3mdual_stack[0m[2m=[0mtrue
[2m2026-08-04T01:02:40.841262Z[0m [32m INFO[0m [2mmoq_test_client::scenarios[0m[2m:[0m Subscriber subscribing BEFORE PUBLISH_NAMESPACE: moq-test/interop/test-track
[2m2026-08-04T01:02:40.944852Z[0m [33m WARN[0m [2mmoq_transport::serve::error[0m[2m:[0m [0e6afc81-b3e9-4a1e-89f3-7cff8036feea] Not found: Track /moq-test/interop/test-track does not exist at moq-transport/src/session/subscriber.rs:483
[2m2026-08-04T01:02:40.944869Z[0m [33m WARN[0m [2mmoq_transport::session::reader[0m[2m:[0m [READER] decode: stream ended while waiting for data (have=0 bytes, need=1)
[2m2026-08-04T01:02:41.342721Z[0m [32m INFO[0m [2mmoq_native_ietf::quic[0m[2m:[0m UDP socket bound [3mbind[0m[2m=[0m[::]:0 [3mlocal[0m[2m=[0m[::]:35411 [3mdual_stack[0m[2m=[0mtrue
[2m2026-08-04T01:02:41.751435Z[0m [32m INFO[0m [2mmoq_test_client::scenarios[0m[2m:[0m Publisher sending PUBLISH_NAMESPACE (after subscriber): moq-test/interop
[2m2026-08-04T01:02:44.752633Z[0m [32m INFO[0m [2mmoq_test_client::scenarios[0m[2m:[0m Publisher PUBLISH_NAMESPACE timeout (expected)
[2m2026-08-04T01:02:44.752651Z[0m [32m INFO[0m [2mmoq_test_client::scenarios[0m[2m:[0m Subscriber got error: not found: Track not found [error:0e6afc81-b3e9-4a1e-89f3-7cff8036feea] (may be expected)
ok 5 - subscribe-before-publish-namespace
  ---
  duration_ms: 4271
  subscriber_connection_id: fcb66f620df6ca3680c7c58679ac72d1
  publisher_connection_id: 91551f26ad9dadbfde6649bc0a118118
  ...
[2m2026-08-04T01:02:44.753471Z[0m [32m INFO[0m [2mmoq_native_ietf::quic[0m[2m:[0m UDP socket bound [3mbind[0m[2m=[0m[::]:0 [3mlocal[0m[2m=[0m[::]:58620 [3mdual_stack[0m[2m=[0mtrue
[2m2026-08-04T01:02:45.134004Z[0m [32m INFO[0m [2mmoq_test_client::scenarios[0m[2m:[0m Sending PUBLISH_NAMESPACE: moq-test/interop
[2m2026-08-04T01:02:47.134774Z[0m [32m INFO[0m [2mmoq_test_client::scenarios[0m[2m:[0m PUBLISH_NAMESPACE active; sending PUBLISH_NAMESPACE_DONE
[2m2026-08-04T01:02:47.236143Z[0m [32m INFO[0m [2mmoq_test_client::scenarios[0m[2m:[0m PUBLISH_NAMESPACE_DONE sent successfully
ok 6 - publish-namespace-done
  ---
  duration_ms: 2483
  connection_id: f6014a1432e76d830f9f910355c6476c
  ...
make[1]: Leaving directory '/home/runner/work/moq-interop-runner/moq-interop-runner/main'
