make[1]: Entering directory '/home/runner/work/moq-interop-runner/moq-interop-runner/main'
Running tests against https://draft-18-interop.cloudflare.mediaoverquic.com:443/moq...
  Client: ghcr.io/englishm/moq-interop-runner-moq-test-client-draft-18:latest
docker run --rm \
	 \
	--network host \
	-e RELAY_URL=https://draft-18-interop.cloudflare.mediaoverquic.com:443/moq \
	-e TLS_DISABLE_VERIFY=false \
	ghcr.io/englishm/moq-interop-runner-moq-test-client-draft-18:latest
TAP version 14
# moq-test-client v0.1.10
# Relay: https://draft-18-interop.cloudflare.mediaoverquic.com/moq
1..6
[2m2026-08-04T01:02:22.636040Z[0m [32m INFO[0m [2mmoq_native_ietf::quic[0m[2m:[0m UDP socket bound [3mbind[0m[2m=[0m[::]:0 [3mlocal[0m[2m=[0m[::]:47248 [3mdual_stack[0m[2m=[0mtrue
[2m2026-08-04T01:02:23.000013Z[0m [32m INFO[0m [2mmoq_test_client::scenarios[0m[2m:[0m SETUP exchange completed successfully
ok 1 - setup-only
  ---
  duration_ms: 364
  connection_id: 8af5e2d1f89d17e575681de972d3bf33
  ...
[2m2026-08-04T01:02:23.001062Z[0m [32m INFO[0m [2mmoq_native_ietf::quic[0m[2m:[0m UDP socket bound [3mbind[0m[2m=[0m[::]:0 [3mlocal[0m[2m=[0m[::]:36217 [3mdual_stack[0m[2m=[0mtrue
[2m2026-08-04T01:02:23.063644Z[0m [33m WARN[0m [2mweb_transport_quinn::session[0m[2m:[0m failed to read capsule [3me[0m[2m=[0mUnexpectedEnd
[2m2026-08-04T01:02:23.379876Z[0m [32m INFO[0m [2mmoq_test_client::scenarios[0m[2m:[0m Sending PUBLISH_NAMESPACE for: moq-test/interop
[2m2026-08-04T01:02:25.380679Z[0m [32m INFO[0m [2mmoq_test_client::scenarios[0m[2m:[0m PUBLISH_NAMESPACE succeeded (REQUEST_OK received, waiting for subscribers)
ok 2 - publish-namespace-only
  ---
  duration_ms: 2380
  connection_id: 982c1a6cd4d2d5eb31f37f1c2631a5f4
  ...
[2m2026-08-04T01:02:25.381702Z[0m [32m INFO[0m [2mmoq_native_ietf::quic[0m[2m:[0m UDP socket bound [3mbind[0m[2m=[0m[::]:0 [3mlocal[0m[2m=[0m[::]:43256 [3mdual_stack[0m[2m=[0mtrue
[2m2026-08-04T01:02:25.448204Z[0m [33m WARN[0m [2mweb_transport_quinn::session[0m[2m:[0m failed to read capsule [3me[0m[2m=[0mUnexpectedEnd
[2m2026-08-04T01:02:25.726006Z[0m [32m INFO[0m [2mmoq_test_client::scenarios[0m[2m:[0m Subscribing to non-existent track: nonexistent/namespace/test-track
[2m2026-08-04T01:02:25.794376Z[0m [33m WARN[0m [2mmoq_transport::serve::error[0m[2m:[0m [b147c557-262d-49ef-922f-d33456fa856a] Not found: not found: Track not found [error:e7dbc424-23dd-44f0-94e2-1eafe2c1e723] at moq-transport/src/session/subscriber.rs:483
[2m2026-08-04T01:02:25.794417Z[0m [32m INFO[0m [2mmoq_test_client::scenarios[0m[2m:[0m Got expected 'not found' error: not found: Track not found [error:b147c557-262d-49ef-922f-d33456fa856a]
ok 3 - subscribe-error
  ---
  duration_ms: 413
  connection_id: 54a01f5ff1ad8af29ae48fb829153f3d
  ...
[2m2026-08-04T01:02:25.795438Z[0m [32m INFO[0m [2mmoq_native_ietf::quic[0m[2m:[0m UDP socket bound [3mbind[0m[2m=[0m[::]:0 [3mlocal[0m[2m=[0m[::]:41744 [3mdual_stack[0m[2m=[0mtrue
[2m2026-08-04T01:02:25.861986Z[0m [33m WARN[0m [2mweb_transport_quinn::session[0m[2m:[0m failed to read capsule [3me[0m[2m=[0mUnexpectedEnd
[2m2026-08-04T01:02:26.179767Z[0m [32m INFO[0m [2mmoq_native_ietf::quic[0m[2m:[0m UDP socket bound [3mbind[0m[2m=[0m[::]:0 [3mlocal[0m[2m=[0m[::]:34457 [3mdual_stack[0m[2m=[0mtrue
[2m2026-08-04T01:02:26.527251Z[0m [32m INFO[0m [2mmoq_test_client::scenarios[0m[2m:[0m Publisher sending PUBLISH_NAMESPACE: moq-test/interop
[2m2026-08-04T01:02:26.527269Z[0m [32m INFO[0m [2mmoq_test_client::scenarios[0m[2m:[0m Subscriber subscribing to track: moq-test/interop/test-track
[2m2026-08-04T01:02:29.528714Z[0m [32m INFO[0m [2mmoq_test_client::scenarios[0m[2m:[0m Test timeout reached - subscription routing may still be in progress
ok 4 - publish-namespace-subscribe
  ---
  duration_ms: 3734
  publisher_connection_id: 562253e69e5a4d7192d2ed7d6d168541
  subscriber_connection_id: d15f3b1c52d5e85f758271e59c19d4d9
  ...
[2m2026-08-04T01:02:29.529624Z[0m [32m INFO[0m [2mmoq_native_ietf::quic[0m[2m:[0m UDP socket bound [3mbind[0m[2m=[0m[::]:0 [3mlocal[0m[2m=[0m[::]:48454 [3mdual_stack[0m[2m=[0mtrue
[2m2026-08-04T01:02:29.596398Z[0m [33m WARN[0m [2mweb_transport_quinn::session[0m[2m:[0m failed to read capsule [3me[0m[2m=[0mUnexpectedEnd
[2m2026-08-04T01:02:29.596548Z[0m [33m WARN[0m [2mweb_transport_quinn::session[0m[2m:[0m failed to read capsule [3me[0m[2m=[0mUnexpectedEnd
[2m2026-08-04T01:02:29.892981Z[0m [32m INFO[0m [2mmoq_test_client::scenarios[0m[2m:[0m Subscriber subscribing BEFORE PUBLISH_NAMESPACE: moq-test/interop/test-track
[2m2026-08-04T01:02:29.956194Z[0m [33m WARN[0m [2mmoq_transport::serve::error[0m[2m:[0m [6b5439df-0c74-4e4b-968f-d65f5bb1ada3] Not found: not found: Track not found [error:ba0bdbd5-77a8-42d3-b09e-02acb90a5f6d] at moq-transport/src/session/subscriber.rs:483
[2m2026-08-04T01:02:30.018907Z[0m [33m WARN[0m [2mweb_transport_quinn::session[0m[2m:[0m failed to read capsule [3me[0m[2m=[0mUnexpectedEnd
[2m2026-08-04T01:02:30.395475Z[0m [32m INFO[0m [2mmoq_native_ietf::quic[0m[2m:[0m UDP socket bound [3mbind[0m[2m=[0m[::]:0 [3mlocal[0m[2m=[0m[::]:36748 [3mdual_stack[0m[2m=[0mtrue
[2m2026-08-04T01:02:30.741110Z[0m [32m INFO[0m [2mmoq_test_client::scenarios[0m[2m:[0m Publisher sending PUBLISH_NAMESPACE (after subscriber): moq-test/interop
[2m2026-08-04T01:02:33.742975Z[0m [32m INFO[0m [2mmoq_test_client::scenarios[0m[2m:[0m Publisher PUBLISH_NAMESPACE timeout (expected)
[2m2026-08-04T01:02:33.742997Z[0m [32m INFO[0m [2mmoq_test_client::scenarios[0m[2m:[0m Subscriber got error: not found: Track not found [error:6b5439df-0c74-4e4b-968f-d65f5bb1ada3] (may be expected)
ok 5 - subscribe-before-publish-namespace
  ---
  duration_ms: 4214
  subscriber_connection_id: 5cab74797736aa8e59e2042b11bd6961
  publisher_connection_id: f8fd0e887dd562ed88bf4ef5a4cfbba4
  ...
[2m2026-08-04T01:02:33.743853Z[0m [32m INFO[0m [2mmoq_native_ietf::quic[0m[2m:[0m UDP socket bound [3mbind[0m[2m=[0m[::]:0 [3mlocal[0m[2m=[0m[::]:45888 [3mdual_stack[0m[2m=[0mtrue
[2m2026-08-04T01:02:34.097818Z[0m [32m INFO[0m [2mmoq_test_client::scenarios[0m[2m:[0m Sending PUBLISH_NAMESPACE: moq-test/interop
[2m2026-08-04T01:02:36.099063Z[0m [32m INFO[0m [2mmoq_test_client::scenarios[0m[2m:[0m PUBLISH_NAMESPACE active; sending PUBLISH_NAMESPACE_DONE
[2m2026-08-04T01:02:36.201081Z[0m [32m INFO[0m [2mmoq_test_client::scenarios[0m[2m:[0m PUBLISH_NAMESPACE_DONE sent successfully
ok 6 - publish-namespace-done
  ---
  duration_ms: 2457
  connection_id: 3e48f26cd91de22234968ebc6a2b0995
  ...
make[1]: Leaving directory '/home/runner/work/moq-interop-runner/moq-interop-runner/main'
