make[1]: Entering directory '/home/runner/work/moq-interop-runner/moq-interop-runner/main'
Running tests against moqt://moqx-main.ci.openmoq.org:4433...
  Client: ghcr.io/englishm/moq-interop-runner-moq-test-client-draft-18:latest
docker run --rm \
	 \
	--network host \
	-e RELAY_URL=moqt://moqx-main.ci.openmoq.org:4433 \
	-e TLS_DISABLE_VERIFY=false \
	ghcr.io/englishm/moq-interop-runner-moq-test-client-draft-18:latest
TAP version 14
# moq-test-client v0.1.10
# Relay: moqt://moqx-main.ci.openmoq.org:4433
1..6
[2m2026-08-04T01:03:29.227206Z[0m [32m INFO[0m [2mmoq_native_ietf::quic[0m[2m:[0m UDP socket bound [3mbind[0m[2m=[0m[::]:0 [3mlocal[0m[2m=[0m[::]:55369 [3mdual_stack[0m[2m=[0mtrue
[2m2026-08-04T01:03:29.615314Z[0m [32m INFO[0m [2mmoq_test_client::scenarios[0m[2m:[0m SETUP exchange completed successfully
ok 1 - setup-only
  ---
  duration_ms: 388
  connection_id: 136ddde38027c529acec2f5afba3f9a2
  ...
[2m2026-08-04T01:03:29.616161Z[0m [32m INFO[0m [2mmoq_native_ietf::quic[0m[2m:[0m UDP socket bound [3mbind[0m[2m=[0m[::]:0 [3mlocal[0m[2m=[0m[::]:56379 [3mdual_stack[0m[2m=[0mtrue
[2m2026-08-04T01:03:29.710905Z[0m [32m INFO[0m [2mmoq_test_client::scenarios[0m[2m:[0m Sending PUBLISH_NAMESPACE for: moq-test/interop
[2m2026-08-04T01:03:31.711960Z[0m [32m INFO[0m [2mmoq_test_client::scenarios[0m[2m:[0m PUBLISH_NAMESPACE succeeded (REQUEST_OK received, waiting for subscribers)
ok 2 - publish-namespace-only
  ---
  duration_ms: 2096
  connection_id: 323d5053ad8d5f1a7ff8b2b233155717
  ...
[2m2026-08-04T01:03:31.712925Z[0m [32m INFO[0m [2mmoq_native_ietf::quic[0m[2m:[0m UDP socket bound [3mbind[0m[2m=[0m[::]:0 [3mlocal[0m[2m=[0m[::]:41908 [3mdual_stack[0m[2m=[0mtrue
[2m2026-08-04T01:03:31.809561Z[0m [32m INFO[0m [2mmoq_test_client::scenarios[0m[2m:[0m Subscribing to non-existent track: nonexistent/namespace/test-track
[2m2026-08-04T01:03:31.826225Z[0m [33m WARN[0m [2mmoq_transport::serve::error[0m[2m:[0m [4d12dd31-e678-4a98-be90-bc4ff0fb8f81] Not found: no such namespace or track at moq-transport/src/session/subscriber.rs:483
[2m2026-08-04T01:03:31.826240Z[0m [33m WARN[0m [2mmoq_transport::session::reader[0m[2m:[0m [READER] decode: stream ended while waiting for data (have=0 bytes, need=1)
[2m2026-08-04T01:03:31.826266Z[0m [32m INFO[0m [2mmoq_test_client::scenarios[0m[2m:[0m Got expected 'not found' error: not found: Track not found [error:4d12dd31-e678-4a98-be90-bc4ff0fb8f81]
ok 3 - subscribe-error
  ---
  duration_ms: 114
  connection_id: 48a0a780b63d8a0ad268ae8e9117e6ef
  ...
[2m2026-08-04T01:03:31.827134Z[0m [32m INFO[0m [2mmoq_native_ietf::quic[0m[2m:[0m UDP socket bound [3mbind[0m[2m=[0m[::]:0 [3mlocal[0m[2m=[0m[::]:35663 [3mdual_stack[0m[2m=[0mtrue
[2m2026-08-04T01:03:31.893588Z[0m [32m INFO[0m [2mmoq_native_ietf::quic[0m[2m:[0m UDP socket bound [3mbind[0m[2m=[0m[::]:0 [3mlocal[0m[2m=[0m[::]:46950 [3mdual_stack[0m[2m=[0mtrue
[2m2026-08-04T01:03:32.058293Z[0m [32m INFO[0m [2mmoq_test_client::scenarios[0m[2m:[0m Publisher sending PUBLISH_NAMESPACE: moq-test/interop
[2m2026-08-04T01:03:32.058310Z[0m [32m INFO[0m [2mmoq_test_client::scenarios[0m[2m:[0m Subscriber subscribing to track: moq-test/interop/test-track
[2m2026-08-04T01:03:35.059989Z[0m [32m INFO[0m [2mmoq_test_client::scenarios[0m[2m:[0m Test timeout reached - subscription routing may still be in progress
ok 4 - publish-namespace-subscribe
  ---
  duration_ms: 3233
  publisher_connection_id: 03c0fd26956c8035bba3bdc1e5651071
  subscriber_connection_id: 02ba29be6b8004a5e4b4c91d41ce484c
  ...
[2m2026-08-04T01:03:35.060931Z[0m [32m INFO[0m [2mmoq_native_ietf::quic[0m[2m:[0m UDP socket bound [3mbind[0m[2m=[0m[::]:0 [3mlocal[0m[2m=[0m[::]:41385 [3mdual_stack[0m[2m=[0mtrue
[2m2026-08-04T01:03:35.298754Z[0m [32m INFO[0m [2mmoq_test_client::scenarios[0m[2m:[0m Subscriber subscribing BEFORE PUBLISH_NAMESPACE: moq-test/interop/test-track
[2m2026-08-04T01:03:35.322332Z[0m [33m WARN[0m [2mmoq_transport::serve::error[0m[2m:[0m [dbaf9d24-0e77-4b3c-9d3e-01b6fee4c42a] Not found: no such namespace or track at moq-transport/src/session/subscriber.rs:483
[2m2026-08-04T01:03:35.322345Z[0m [33m WARN[0m [2mmoq_transport::session::reader[0m[2m:[0m [READER] decode: stream ended while waiting for data (have=0 bytes, need=1)
[2m2026-08-04T01:03:35.800997Z[0m [32m INFO[0m [2mmoq_native_ietf::quic[0m[2m:[0m UDP socket bound [3mbind[0m[2m=[0m[::]:0 [3mlocal[0m[2m=[0m[::]:59628 [3mdual_stack[0m[2m=[0mtrue
[2m2026-08-04T01:03:35.856314Z[0m [32m INFO[0m [2mmoq_test_client::scenarios[0m[2m:[0m Publisher sending PUBLISH_NAMESPACE (after subscriber): moq-test/interop
[2m2026-08-04T01:03:38.857438Z[0m [32m INFO[0m [2mmoq_test_client::scenarios[0m[2m:[0m Publisher PUBLISH_NAMESPACE timeout (expected)
[2m2026-08-04T01:03:38.857453Z[0m [32m INFO[0m [2mmoq_test_client::scenarios[0m[2m:[0m Subscriber got error: not found: Track not found [error:dbaf9d24-0e77-4b3c-9d3e-01b6fee4c42a] (may be expected)
ok 5 - subscribe-before-publish-namespace
  ---
  duration_ms: 3797
  subscriber_connection_id: 68001dcbff1bf726cc6309ca0df4eb29
  publisher_connection_id: 98c8c03e7958784da4af2b315a0c66a8
  ...
[2m2026-08-04T01:03:38.858148Z[0m [32m INFO[0m [2mmoq_native_ietf::quic[0m[2m:[0m UDP socket bound [3mbind[0m[2m=[0m[::]:0 [3mlocal[0m[2m=[0m[::]:46740 [3mdual_stack[0m[2m=[0mtrue
[2m2026-08-04T01:03:38.908307Z[0m [32m INFO[0m [2mmoq_test_client::scenarios[0m[2m:[0m Sending PUBLISH_NAMESPACE: moq-test/interop
[2m2026-08-04T01:03:40.910193Z[0m [32m INFO[0m [2mmoq_test_client::scenarios[0m[2m:[0m PUBLISH_NAMESPACE active; sending PUBLISH_NAMESPACE_DONE
[2m2026-08-04T01:03:41.012078Z[0m [32m INFO[0m [2mmoq_test_client::scenarios[0m[2m:[0m PUBLISH_NAMESPACE_DONE sent successfully
ok 6 - publish-namespace-done
  ---
  duration_ms: 2154
  connection_id: 29fe506d92c0b1f52d5f757cf1cf03b2
  ...
make[1]: Leaving directory '/home/runner/work/moq-interop-runner/moq-interop-runner/main'
