make[1]: Entering directory '/home/runner/work/moq-interop-runner/moq-interop-runner/main'
Running tests against https://relay.moqtail.dev...
  Client: ghcr.io/openmoq/moq5-interop-client:latest
docker run --rm \
	 \
	--network host \
	-e RELAY_URL=https://relay.moqtail.dev \
	-e TLS_DISABLE_VERIFY=false \
	ghcr.io/openmoq/moq5-interop-client:latest
TAP version 14
1..6
# request: backend=auto wt-profile=native draft=auto
ok 1 - setup-only
  ---
  duration_ms: 212
  ...
ok 2 - announce-only
  ---
  duration_ms: 226
  ...
ok 3 - publish-namespace-done
  ---
  duration_ms: 150
  ...
ok 4 - subscribe-error
  ---
  duration_ms: 165
  ...
not ok 5 - announce-subscribe
  ---
  duration_ms: 433
  message: "publisher accepted subscribe: connection closed"
  ...
ok 6 - subscribe-before-announce
  ---
  duration_ms: 773
  ...
make[1]: Leaving directory '/home/runner/work/moq-interop-runner/moq-interop-runner/main'
