make[1]: Entering directory '/home/runner/work/moq-interop-runner/moq-interop-runner/main'
Running tests against https://us-west-2.relay.quicr.org:33437/relay...
  Client: ghcr.io/facebookexperimental/moxygen-interop-client:latest-amd64
docker run --rm \
	 \
	--network host \
	-e RELAY_URL=https://us-west-2.relay.quicr.org:33437/relay \
	-e TLS_DISABLE_VERIFY=1 \
	ghcr.io/facebookexperimental/moxygen-interop-client:latest-amd64
TAP version 14
# moxygen interop test client
# Relay: https://us-west-2.relay.quicr.org:33437/relay
# Transport: WebTransport
1..6
W0804 01:43:20.303404     1 MoQWebTransportClient.cpp:175] WebTransport: No WT-Protocol header in response, will use legacy version negotiation
E0804 01:43:20.381232     1 MoQFramer.cpp:1080] Server selected version draft-1 but we only offer draft-14 in legacy mode
E0804 01:43:20.381245     1 MoQCodec.cpp:126] Conn error=21
E0804 01:43:20.381248     1 MoQSession.cpp:5412] MoQCodec control stream parse error err=21
not ok 1 - setup-only
  ---
  duration_ms: 508
  error: coroutine operation cancelled
  ...
W0804 01:43:20.549348     1 MoQWebTransportClient.cpp:175] WebTransport: No WT-Protocol header in response, will use legacy version negotiation
E0804 01:43:20.631934     1 MoQFramer.cpp:1080] Server selected version draft-1 but we only offer draft-14 in legacy mode
E0804 01:43:20.631948     1 MoQCodec.cpp:126] Conn error=21
E0804 01:43:20.631952     1 MoQSession.cpp:5412] MoQCodec control stream parse error err=21
not ok 2 - announce-only
  ---
  duration_ms: 250
  error: coroutine operation cancelled
  ...
W0804 01:43:21.021201     1 MoQWebTransportClient.cpp:175] WebTransport: No WT-Protocol header in response, will use legacy version negotiation
E0804 01:43:21.107881     1 MoQFramer.cpp:1080] Server selected version draft-1 but we only offer draft-14 in legacy mode
E0804 01:43:21.107893     1 MoQCodec.cpp:126] Conn error=21
E0804 01:43:21.107896     1 MoQSession.cpp:5412] MoQCodec control stream parse error err=21
not ok 3 - subscribe-error
  ---
  duration_ms: 475
  error: coroutine operation cancelled
  ...
W0804 01:43:21.268130     1 MoQWebTransportClient.cpp:175] WebTransport: No WT-Protocol header in response, will use legacy version negotiation
E0804 01:43:21.346147     1 MoQFramer.cpp:1080] Server selected version draft-1 but we only offer draft-14 in legacy mode
E0804 01:43:21.346163     1 MoQCodec.cpp:126] Conn error=21
E0804 01:43:21.346167     1 MoQSession.cpp:5412] MoQCodec control stream parse error err=21
not ok 4 - announce-subscribe
  ---
  duration_ms: 238
  error: coroutine operation cancelled
  ...
W0804 01:43:21.578391     1 MoQWebTransportClient.cpp:175] WebTransport: No WT-Protocol header in response, will use legacy version negotiation
E0804 01:43:21.660643     1 MoQFramer.cpp:1080] Server selected version draft-1 but we only offer draft-14 in legacy mode
E0804 01:43:21.660665     1 MoQCodec.cpp:126] Conn error=21
E0804 01:43:21.660668     1 MoQSession.cpp:5412] MoQCodec control stream parse error err=21
not ok 5 - publish-namespace-done
  ---
  duration_ms: 314
  error: coroutine operation cancelled
  ...
W0804 01:43:21.829262     1 MoQWebTransportClient.cpp:175] WebTransport: No WT-Protocol header in response, will use legacy version negotiation
E0804 01:43:21.911817     1 MoQFramer.cpp:1080] Server selected version draft-1 but we only offer draft-14 in legacy mode
E0804 01:43:21.911829     1 MoQCodec.cpp:126] Conn error=21
E0804 01:43:21.911831     1 MoQSession.cpp:5412] MoQCodec control stream parse error err=21
not ok 6 - subscribe-before-announce
  ---
  duration_ms: 251
  error: coroutine operation cancelled
  ...
make[1]: *** [Makefile:122: test-external] Error 1
make[1]: Leaving directory '/home/runner/work/moq-interop-runner/moq-interop-runner/main'
