make[1]: Entering directory '/home/runner/work/moq-interop-runner/moq-interop-runner/main'
Running tests against moqt://lminiero.it:9000...
  Client: ghcr.io/facebookexperimental/moxygen-interop-client:latest-amd64
docker run --rm \
	 \
	--network host \
	-e RELAY_URL=moqt://lminiero.it:9000 \
	-e TLS_DISABLE_VERIFY=false \
	ghcr.io/facebookexperimental/moxygen-interop-client:latest-amd64
TAP version 14
# moxygen interop test client
# Relay: moqt://lminiero.it:9000
# Transport: QUIC
1..6
E0804 01:08:35.772776     1 MoQCodec.cpp:126] Conn error=3
E0804 01:08:35.772797     1 MoQSession.cpp:5412] MoQCodec control stream parse error err=3
not ok 1 - setup-only
  ---
  duration_ms: 1319
  error: coroutine operation cancelled
  ...
E0804 01:08:36.314068     1 MoQCodec.cpp:126] Conn error=3
E0804 01:08:36.314084     1 MoQSession.cpp:5412] MoQCodec control stream parse error err=3
not ok 2 - announce-only
  ---
  duration_ms: 541
  error: coroutine operation cancelled
  ...
E0804 01:08:37.059843     1 MoQCodec.cpp:126] Conn error=3
E0804 01:08:37.059858     1 MoQSession.cpp:5412] MoQCodec control stream parse error err=3
not ok 3 - subscribe-error
  ---
  duration_ms: 745
  error: coroutine operation cancelled
  ...
E0804 01:08:37.607414     1 MoQCodec.cpp:126] Conn error=3
E0804 01:08:37.607430     1 MoQSession.cpp:5412] MoQCodec control stream parse error err=3
not ok 4 - announce-subscribe
  ---
  duration_ms: 547
  error: coroutine operation cancelled
  ...
E0804 01:08:37.955717     1 MoQCodec.cpp:126] Conn error=3
E0804 01:08:37.955732     1 MoQSession.cpp:5412] MoQCodec control stream parse error err=3
not ok 5 - publish-namespace-done
  ---
  duration_ms: 348
  error: coroutine operation cancelled
  ...
E0804 01:08:38.699951     1 MoQCodec.cpp:126] Conn error=3
E0804 01:08:38.699967     1 MoQSession.cpp:5412] MoQCodec control stream parse error err=3
not ok 6 - subscribe-before-announce
  ---
  duration_ms: 744
  error: coroutine operation cancelled
  ...
E20260804 01:08:39.699832     1 EventHandler.cpp:90] EventBase: failed to register event handler for fd 9: No such file or directory
make[1]: *** [Makefile:122: test-external] Error 1
make[1]: Leaving directory '/home/runner/work/moq-interop-runner/moq-interop-runner/main'
