make[1]: Entering directory '/home/runner/work/moq-interop-runner/moq-interop-runner/main'
rm -rf mlog/
mkdir -p mlog/relay mlog/client
Running interop tests...
  Relay:  aiomoqt-interop-relay-quic:latest
  Client: ghcr.io/openmoq/moqx-interop-client:latest
  URL:    moqt://relay:4443
time="2026-06-30T22:14:34Z" level=warning msg="The \"PORT\" variable is not set. Defaulting to a blank string."
time="2026-06-30T22:14:34Z" level=warning msg="The \"PORT\" variable is not set. Defaulting to a blank string."
time="2026-06-30T22:14:34Z" level=warning msg="The \"PORT\" variable is not set. Defaulting to a blank string."
time="2026-06-30T22:14:34Z" level=warning msg="The \"HEX\" variable is not set. Defaulting to a blank string."
time="2026-06-30T22:14:34Z" level=warning msg="The \"HEX\" variable is not set. Defaulting to a blank string."
 Container main-relay-1  Recreate
 Container main-relay-1  Recreated
 Container main-test-client-1  Recreate
 Container main-test-client-1  Recreated
Attaching to relay-1, test-client-1
relay-1        | 2026-06-30 22:14:34.671 INFO : Starting MOQT server on 0.0.0.0:4443
relay-1        | ================================================================
relay-1        |  EXPERIMENTAL aiomoqt interop relay — control-plane only.
relay-1        |  NOT a production relay: no data forwarding, no auth,
relay-1        |  no scale handling. Use moxygen / moq-rs for real workloads.
relay-1        | ================================================================
relay-1        | Listening on 0.0.0.0:4443 (raw QUIC, draft-[16, 18])
test-client-1  | TAP version 14
test-client-1  | # moxygen interop test client
test-client-1  | # Relay: moqt://relay:4443
test-client-1  | # Transport: QUIC
test-client-1  | 1..6
relay-1        | 2026-06-30 22:14:40.045 INFO : MOQT: version set from ALPN: moqt-16 -> draft-16
relay-1        | 2026-06-30 22:14:40.045 INFO : deserializing param 1 length 0
relay-1        | 2026-06-30 22:14:40.046 INFO : MOQT event: control message parsed: ClientSetup(versions=[], parameters={PATH="", MAX_REQUEST_ID=100, MAX_AUTH_TOKEN_CACHE_SIZE=1024}))
relay-1        | 2026-06-30 22:14:40.046 INFO : MOQT event: handle ClientSetup(versions=[], parameters={PATH="", MAX_REQUEST_ID=100, MAX_AUTH_TOKEN_CACHE_SIZE=1024})
relay-1        | 2026-06-30 22:14:40.046 INFO : MOQT send: ServerSetup(selected_version=0xff00000e, parameters={})
relay-1        | 2026-06-30 22:14:40.046 INFO : Serialized 0 parameters: b'\x00\x02\x8e\x16\x7f\x7f\x00\x00 \x02\x8e\x16'
relay-1        | 2026-06-30 22:14:40.046 INFO : QUIC: connection closed: code: 0
relay-1        | 2026-06-30 22:14:40.046 INFO : MOQT: closing: ConnectionTerminated (0)
test-client-1  | ok 1 - setup-only
test-client-1  |   ---
test-client-1  |   duration_ms: 5
test-client-1  |   info: SETUP exchange completed successfully
test-client-1  |   ...
relay-1        | 2026-06-30 22:14:40.048 INFO : MOQT: version set from ALPN: moqt-16 -> draft-16
relay-1        | 2026-06-30 22:14:40.048 INFO : deserializing param 1 length 0
relay-1        | 2026-06-30 22:14:40.049 INFO : MOQT event: control message parsed: ClientSetup(versions=[], parameters={PATH="", MAX_REQUEST_ID=100, MAX_AUTH_TOKEN_CACHE_SIZE=1024}))
relay-1        | 2026-06-30 22:14:40.049 INFO : MOQT event: handle ClientSetup(versions=[], parameters={PATH="", MAX_REQUEST_ID=100, MAX_AUTH_TOKEN_CACHE_SIZE=1024})
relay-1        | 2026-06-30 22:14:40.049 INFO : MOQT send: ServerSetup(selected_version=0xff00000e, parameters={})
relay-1        | 2026-06-30 22:14:40.049 INFO : Serialized 0 parameters: b'\x00\x02\x8e\x16\x7f\x7f\x00\x00 \x02\x8e\x16'
test-client-1  | W0630 22:14:40.049668     1 MoQSession.cpp:5440] Issuing request that will fail; nextRequestID_=0 peerMaxRequestID_=0 sess=0x564298204a50
relay-1        | 2026-06-30 22:14:40.049 INFO : MOQT event: control message parsed: PublishNamespace(request_id=0, namespace=["moq-test"], parameters={}))
relay-1        | 2026-06-30 22:14:40.050 INFO : relay: announce ns=(b'moq-test',) -> count=1
relay-1        | 2026-06-30 22:14:40.050 INFO : MOQT send: RequestOk(request_id=0, parameters=None) request_id: 0 namespace: (b'moq-test',)
relay-1        | 2026-06-30 22:14:40.050 INFO : Serialized 0 parameters: b'\x00\x00\x8e\x16\x7f\x7f\x00\x00 \x02\x8e\x16'
test-client-1  | E0630 22:14:40.050562     1 MoQRelaySession.cpp:880] PublishNamespaceDone for unknown publishNamespace, sess=0x564298204a50
test-client-1  | ok 2 - announce-only
test-client-1  |   ---
test-client-1  |   duration_ms: 3
test-client-1  |   info: PUBLISH_NAMESPACE completed successfully
test-client-1  |   ...
relay-1        | 2026-06-30 22:14:40.050 INFO : QUIC: connection closed: code: 0
relay-1        | 2026-06-30 22:14:40.051 INFO : MOQT: closing: ConnectionTerminated (0)
relay-1        | 2026-06-30 22:14:40.052 INFO : MOQT: version set from ALPN: moqt-16 -> draft-16
relay-1        | 2026-06-30 22:14:40.052 INFO : deserializing param 1 length 0
relay-1        | 2026-06-30 22:14:40.053 INFO : MOQT event: control message parsed: ClientSetup(versions=[], parameters={PATH="", MAX_REQUEST_ID=100, MAX_AUTH_TOKEN_CACHE_SIZE=1024}))
relay-1        | 2026-06-30 22:14:40.053 INFO : MOQT event: handle ClientSetup(versions=[], parameters={PATH="", MAX_REQUEST_ID=100, MAX_AUTH_TOKEN_CACHE_SIZE=1024})
relay-1        | 2026-06-30 22:14:40.053 INFO : MOQT send: ServerSetup(selected_version=0xff00000e, parameters={})
relay-1        | 2026-06-30 22:14:40.053 INFO : Serialized 0 parameters: b'\x00\x02\x8e\x16\x7f\x7f\x00\x00 \x02\x8e\x16'
test-client-1  | W0630 22:14:40.053652     1 MoQSession.cpp:5440] Issuing request that will fail; nextRequestID_=0 peerMaxRequestID_=0 sess=0x564298204a50
relay-1        | 2026-06-30 22:14:40.053 INFO : deserializing param 33 length 2
relay-1        | 2026-06-30 22:14:40.053 INFO : MOQT event: control message parsed: Subscribe(request_id=0, track_namespace=["nonexistent"], track_name="no-such-track", priority=None, group_order=None, forward=None, filter_type=250, start_group=None, start_object=None, end_group=None, parameters={}, track_alias=None, libquicr_compat=False))
relay-1        | 2026-06-30 22:14:40.054 INFO : relay: subscribe ns=(b'nonexistent',) track=b'no-such-track' -> ERROR (not announced)
relay-1        | 2026-06-30 22:14:40.054 INFO : MOQT send: RequestError(request_id=0, error_code=16, retry_interval=0, reason=track does not exist)
test-client-1  | ok 3 - subscribe-error
relay-1        | 2026-06-30 22:14:40.054 INFO : QUIC: connection closed: code: 0
relay-1        | 2026-06-30 22:14:40.055 INFO : MOQT: closing: ConnectionTerminated (0)
test-client-1  |   ---
test-client-1  |   duration_ms: 4
test-client-1  |   info: Subscribe correctly returned error: track does not exist
test-client-1  |   ...
relay-1        | 2026-06-30 22:14:40.056 INFO : MOQT: version set from ALPN: moqt-16 -> draft-16
relay-1        | 2026-06-30 22:14:40.057 INFO : deserializing param 1 length 0
relay-1        | 2026-06-30 22:14:40.057 INFO : MOQT event: control message parsed: ClientSetup(versions=[], parameters={PATH="", MAX_REQUEST_ID=100, MAX_AUTH_TOKEN_CACHE_SIZE=1024}))
relay-1        | 2026-06-30 22:14:40.057 INFO : MOQT event: handle ClientSetup(versions=[], parameters={PATH="", MAX_REQUEST_ID=100, MAX_AUTH_TOKEN_CACHE_SIZE=1024})
relay-1        | 2026-06-30 22:14:40.057 INFO : MOQT send: ServerSetup(selected_version=0xff00000e, parameters={})
relay-1        | 2026-06-30 22:14:40.057 INFO : Serialized 0 parameters: b'\x00\x02\x8e\x16\x7f\x7f\x00\x00 \x02\x8e\x16'
test-client-1  | W0630 22:14:40.057785     1 MoQSession.cpp:5440] Issuing request that will fail; nextRequestID_=0 peerMaxRequestID_=0 sess=0x564298203290
relay-1        | 2026-06-30 22:14:40.058 INFO : MOQT event: control message parsed: PublishNamespace(request_id=0, namespace=["moq-interop-test"], parameters={}))
relay-1        | 2026-06-30 22:14:40.058 INFO : relay: announce ns=(b'moq-interop-test',) -> count=1
relay-1        | 2026-06-30 22:14:40.058 INFO : MOQT send: RequestOk(request_id=0, parameters=None) request_id: 0 namespace: (b'moq-interop-test',)
relay-1        | 2026-06-30 22:14:40.058 INFO : Serialized 0 parameters: b'\x00\x00\x8e\x16\x7f\x7f\x00\x00 \x02\x8e\x16'
relay-1        | 2026-06-30 22:14:40.060 INFO : MOQT: version set from ALPN: moqt-16 -> draft-16
relay-1        | 2026-06-30 22:14:40.060 INFO : deserializing param 1 length 0
relay-1        | 2026-06-30 22:14:40.060 INFO : MOQT event: control message parsed: ClientSetup(versions=[], parameters={PATH="", MAX_REQUEST_ID=100, MAX_AUTH_TOKEN_CACHE_SIZE=1024}))
relay-1        | 2026-06-30 22:14:40.060 INFO : MOQT event: handle ClientSetup(versions=[], parameters={PATH="", MAX_REQUEST_ID=100, MAX_AUTH_TOKEN_CACHE_SIZE=1024})
relay-1        | 2026-06-30 22:14:40.060 INFO : MOQT send: ServerSetup(selected_version=0xff00000e, parameters={})
relay-1        | 2026-06-30 22:14:40.060 INFO : Serialized 0 parameters: b'\x00\x01\x8e\x16\x7f\x7f\x00\x00p\x01\x8e\x16'
test-client-1  | W0630 22:14:40.061180     1 MoQSession.cpp:5440] Issuing request that will fail; nextRequestID_=0 peerMaxRequestID_=0 sess=0x5642982209c0
relay-1        | 2026-06-30 22:14:40.061 INFO : deserializing param 33 length 2
relay-1        | 2026-06-30 22:14:40.061 INFO : MOQT event: control message parsed: Subscribe(request_id=0, track_namespace=["moq-interop-test"], track_name="interop-track", priority=None, group_order=None, forward=None, filter_type=250, start_group=None, start_object=None, end_group=None, parameters={}, track_alias=None, libquicr_compat=False))
relay-1        | 2026-06-30 22:14:40.061 INFO : relay: subscribe ns=(b'moq-interop-test',) track=b'interop-track' -> SUBSCRIBE_OK
relay-1        | 2026-06-30 22:14:40.061 INFO : MOQT send: SubscribeOk(request_id=0, track_alias=0, expires=0, group_order=1, content_exists=0, largest_group_id=None, largest_object_id=None, parameters={}, track_extensions=None)
relay-1        | 2026-06-30 22:14:40.061 INFO : Serializing param 8 value 0
relay-1        | 2026-06-30 22:14:40.061 INFO : Serialized 1 parameters: b'\x00\x00\x01\x08\x00\x7f\x00\x00p\x01\x8e\x16'
test-client-1  | ok 4 - announce-subscribe
test-client-1  |   ---
test-client-1  |   duration_ms: 7
test-client-1  |   info: Publisher announced, subscriber subscribed successfully
test-client-1  |   ...
relay-1        | 2026-06-30 22:14:40.062 INFO : QUIC: connection closed: code: 0
relay-1        | 2026-06-30 22:14:40.062 INFO : MOQT: closing: ConnectionTerminated (0)
relay-1        | 2026-06-30 22:14:40.062 INFO : QUIC: connection closed: code: 0
relay-1        | 2026-06-30 22:14:40.062 INFO : MOQT: closing: ConnectionTerminated (0)
relay-1        | 2026-06-30 22:14:40.064 INFO : MOQT: version set from ALPN: moqt-16 -> draft-16
relay-1        | 2026-06-30 22:14:40.064 INFO : deserializing param 1 length 0
relay-1        | 2026-06-30 22:14:40.064 INFO : MOQT event: control message parsed: ClientSetup(versions=[], parameters={PATH="", MAX_REQUEST_ID=100, MAX_AUTH_TOKEN_CACHE_SIZE=1024}))
relay-1        | 2026-06-30 22:14:40.064 INFO : MOQT event: handle ClientSetup(versions=[], parameters={PATH="", MAX_REQUEST_ID=100, MAX_AUTH_TOKEN_CACHE_SIZE=1024})
relay-1        | 2026-06-30 22:14:40.064 INFO : MOQT send: ServerSetup(selected_version=0xff00000e, parameters={})
relay-1        | 2026-06-30 22:14:40.064 INFO : Serialized 0 parameters: b'\x00\x01\x8e\x16\x7f\x7f\x00\x00p\x01\x8e\x16'
test-client-1  | W0630 22:14:40.065204     1 MoQSession.cpp:5440] Issuing request that will fail; nextRequestID_=0 peerMaxRequestID_=0 sess=0x56429822f470
relay-1        | 2026-06-30 22:14:40.065 INFO : MOQT event: control message parsed: PublishNamespace(request_id=0, namespace=["moq-test", "interop"], parameters={}))
relay-1        | 2026-06-30 22:14:40.065 INFO : relay: announce ns=(b'moq-test', b'interop') -> count=1
relay-1        | 2026-06-30 22:14:40.065 INFO : MOQT send: RequestOk(request_id=0, parameters=None) request_id: 0 namespace: (b'moq-test', b'interop')
relay-1        | 2026-06-30 22:14:40.065 INFO : Serialized 0 parameters: b'\x00\x00\x8e\x16\x7f\x7f\x00\x00p\x01\x8e\x16'
test-client-1  | ok 5 - publish-namespace-done
test-client-1  |   ---
test-client-1  |   duration_ms: 4
test-client-1  |   info: PUBLISH_NAMESPACE_OK received, PUBLISH_NAMESPACE_DONE sent
test-client-1  |   ...
relay-1        | 2026-06-30 22:14:40.066 INFO : QUIC: connection closed: code: 0
relay-1        | 2026-06-30 22:14:40.066 INFO : MOQT: closing: ConnectionTerminated (0)
relay-1        | 2026-06-30 22:14:40.068 INFO : MOQT: version set from ALPN: moqt-16 -> draft-16
relay-1        | 2026-06-30 22:14:40.068 INFO : deserializing param 1 length 0
relay-1        | 2026-06-30 22:14:40.068 INFO : MOQT event: control message parsed: ClientSetup(versions=[], parameters={PATH="", MAX_REQUEST_ID=100, MAX_AUTH_TOKEN_CACHE_SIZE=1024}))
relay-1        | 2026-06-30 22:14:40.068 INFO : MOQT event: handle ClientSetup(versions=[], parameters={PATH="", MAX_REQUEST_ID=100, MAX_AUTH_TOKEN_CACHE_SIZE=1024})
relay-1        | 2026-06-30 22:14:40.068 INFO : MOQT send: ServerSetup(selected_version=0xff00000e, parameters={})
relay-1        | 2026-06-30 22:14:40.068 INFO : Serialized 0 parameters: b'\x00\x01\x8e\x16\x7f\x7f\x00\x00p\x01\x8e\x16'
test-client-1  | W0630 22:14:40.069127     1 MoQSession.cpp:5440] Issuing request that will fail; nextRequestID_=0 peerMaxRequestID_=0 sess=0x56429822f470
relay-1        | 2026-06-30 22:14:40.069 INFO : deserializing param 33 length 2
relay-1        | 2026-06-30 22:14:40.069 INFO : MOQT event: control message parsed: Subscribe(request_id=0, track_namespace=["moq-test", "interop"], track_name="test-track", priority=None, group_order=None, forward=None, filter_type=250, start_group=None, start_object=None, end_group=None, parameters={}, track_alias=None, libquicr_compat=False))
relay-1        | 2026-06-30 22:14:40.069 INFO : relay: subscribe ns=(b'moq-test', b'interop') track=b'test-track' -> SUBSCRIBE_OK
relay-1        | 2026-06-30 22:14:40.069 INFO : MOQT send: SubscribeOk(request_id=0, track_alias=0, expires=0, group_order=1, content_exists=0, largest_group_id=None, largest_object_id=None, parameters={}, track_extensions=None)
relay-1        | 2026-06-30 22:14:40.069 INFO : Serializing param 8 value 0
relay-1        | 2026-06-30 22:14:40.069 INFO : Serialized 1 parameters: b'\x00\x00\x01\x08\x00\x7f\x00\x00p\x01\x8e\x16'
relay-1        | 2026-06-30 22:14:40.130 INFO : QUIC: connection closed: code: 0
relay-1        | 2026-06-30 22:14:40.130 INFO : MOQT: closing: ConnectionTerminated (0)
relay-1        | 2026-06-30 22:14:40.131 INFO : QUIC: connection closed: code: 0
relay-1        | 2026-06-30 22:14:40.131 INFO : MOQT: closing: ConnectionTerminated (0)
relay-1        | 2026-06-30 22:14:40.135 INFO : QUIC: connection closed: code: 0
relay-1        | 2026-06-30 22:14:40.135 INFO : MOQT: closing: ConnectionTerminated (0)
relay-1        | 2026-06-30 22:14:40.139 INFO : QUIC: connection closed: code: 0
relay-1        | 2026-06-30 22:14:40.139 INFO : MOQT: closing: ConnectionTerminated (0)
relay-1        | 2026-06-30 22:14:40.142 INFO : QUIC: connection closed: code: 0
relay-1        | 2026-06-30 22:14:40.142 INFO : MOQT: closing: ConnectionTerminated (0)
relay-1        | 2026-06-30 22:14:40.146 INFO : QUIC: connection closed: code: 0
relay-1        | 2026-06-30 22:14:40.146 INFO : MOQT: closing: ConnectionTerminated (0)
relay-1        | 2026-06-30 22:14:40.571 INFO : MOQT: version set from ALPN: moqt-16 -> draft-16
relay-1        | 2026-06-30 22:14:40.571 INFO : deserializing param 1 length 0
relay-1        | 2026-06-30 22:14:40.572 INFO : MOQT event: control message parsed: ClientSetup(versions=[], parameters={PATH="", MAX_REQUEST_ID=100, MAX_AUTH_TOKEN_CACHE_SIZE=1024}))
relay-1        | 2026-06-30 22:14:40.572 INFO : MOQT event: handle ClientSetup(versions=[], parameters={PATH="", MAX_REQUEST_ID=100, MAX_AUTH_TOKEN_CACHE_SIZE=1024})
relay-1        | 2026-06-30 22:14:40.572 INFO : MOQT send: ServerSetup(selected_version=0xff00000e, parameters={})
relay-1        | 2026-06-30 22:14:40.572 INFO : Serialized 0 parameters: b'\x00\x01\x8e\x16\x7f\x7f\x00\x00P\x01\x8e\x16'
test-client-1  | W0630 22:14:40.572664     1 MoQSession.cpp:5440] Issuing request that will fail; nextRequestID_=0 peerMaxRequestID_=0 sess=0x5642982230d0
relay-1        | 2026-06-30 22:14:40.572 INFO : MOQT event: control message parsed: PublishNamespace(request_id=0, namespace=["moq-test", "interop"], parameters={}))
relay-1        | 2026-06-30 22:14:40.573 INFO : relay: announce ns=(b'moq-test', b'interop') -> count=2
relay-1        | 2026-06-30 22:14:40.573 INFO : MOQT send: RequestOk(request_id=0, parameters=None) request_id: 0 namespace: (b'moq-test', b'interop')
relay-1        | 2026-06-30 22:14:40.573 INFO : Serialized 0 parameters: b'\x00\x00\x8e\x16\x7f\x7f\x00\x00P\x01\x8e\x16'
test-client-1  | ok 6 - subscribe-before-announce
test-client-1  |   ---
test-client-1  |   duration_ms: 506
test-client-1  |   info: Subscribe succeeded after publisher announced (relay buffers pending subscriptions)
test-client-1  |   ...
relay-1        | 2026-06-30 22:14:40.573 INFO : QUIC: connection closed: code: 0
relay-1        | 2026-06-30 22:14:40.573 INFO : MOQT: closing: ConnectionTerminated (0)
relay-1        | 2026-06-30 22:14:40.573 INFO : QUIC: connection closed: code: 0
relay-1        | 2026-06-30 22:14:40.573 INFO : MOQT: closing: ConnectionTerminated (0)
relay-1        | 2026-06-30 22:14:40.573 INFO : QUIC: connection closed: code: 0
relay-1        | 2026-06-30 22:14:40.573 INFO : MOQT: closing: ConnectionTerminated (0)
relay-1        | 2026-06-30 22:14:40.655 INFO : QUIC: connection closed: code: 0
relay-1        | 2026-06-30 22:14:40.655 INFO : MOQT: closing: ConnectionTerminated (0)
[Ktest-client-1 exited with code 0
Aborting on container exit...
 Container main-test-client-1  Stopping
 Container main-test-client-1  Stopped
 Container main-relay-1  Stopping
 Container main-relay-1  Stopped

Test results in mlog/
make[1]: Leaving directory '/home/runner/work/moq-interop-runner/moq-interop-runner/main'
