make[1]: Entering directory '/home/runner/work/moq-interop-runner/moq-interop-runner/main'
rm -rf mlog/
mkdir -p mlog/relay mlog/client
Running interop tests...
  Relay:  aiomoqt-interop-relay-quic:latest
  Client: ghcr.io/facebookexperimental/moxygen-interop-client:latest-amd64
  URL:    moqt://relay:4443
time="2026-07-07T01:16:50Z" level=warning msg="The \"PORT\" variable is not set. Defaulting to a blank string."
time="2026-07-07T01:16:50Z" level=warning msg="The \"PORT\" variable is not set. Defaulting to a blank string."
time="2026-07-07T01:16:50Z" level=warning msg="The \"PORT\" variable is not set. Defaulting to a blank string."
time="2026-07-07T01:16:50Z" level=warning msg="The \"HEX\" variable is not set. Defaulting to a blank string."
time="2026-07-07T01:16:50Z" level=warning msg="The \"HEX\" variable is not set. Defaulting to a blank string."
 Container main-relay-1  Recreate
 Container main-relay-1  Recreated
 Container main-test-client-1  Recreate
 Container main-test-client-1  Recreated
Attaching to relay-1, test-client-1
relay-1        | 2026-07-07 01:16:51.398 INFO : Starting MOQT server on 0.0.0.0:4443
relay-1        | ================================================================
relay-1        |  EXPERIMENTAL aiomoqt interop relay — control-plane only.
relay-1        |  NOT a production relay: no data forwarding, no auth,
relay-1        |  no scale handling. Use moxygen / moq-rs for real workloads.
relay-1        | ================================================================
relay-1        | Listening on 0.0.0.0:4443 (raw QUIC, draft-[16, 18, 14])
test-client-1  | TAP version 14
test-client-1  | # moxygen interop test client
test-client-1  | # Relay: moqt://relay:4443
test-client-1  | # Transport: QUIC
test-client-1  | 1..6
relay-1        | 2026-07-07 01:16:56.768 INFO : MOQT: version set from ALPN: moqt-16 -> draft-16
relay-1        | 2026-07-07 01:16:56.768 INFO : deserializing param 1 length 0
relay-1        | 2026-07-07 01:16:56.768 INFO : MOQT event: control message parsed: ClientSetup(versions=[], parameters={PATH="", MAX_REQUEST_ID=100, MAX_AUTH_TOKEN_CACHE_SIZE=1024}))
relay-1        | 2026-07-07 01:16:56.768 INFO : MOQT event: handle ClientSetup(versions=[], parameters={PATH="", MAX_REQUEST_ID=100, MAX_AUTH_TOKEN_CACHE_SIZE=1024})
relay-1        | 2026-07-07 01:16:56.768 INFO : MOQT send: ServerSetup(selected_version=0xff00000e, parameters={})
relay-1        | 2026-07-07 01:16:56.768 INFO : Serialized 0 parameters: b'\x00\xb2\xaa\xb3\x06\x7f\x00\x00 \xb2\xaa\xb3'
test-client-1  | ok 1 - setup-only
test-client-1  |   ---
test-client-1  |   duration_ms: 6
test-client-1  |   info: SETUP exchange completed successfully
test-client-1  |   ...
relay-1        | 2026-07-07 01:16:56.769 INFO : QUIC: connection closed: code: 0
relay-1        | 2026-07-07 01:16:56.769 INFO : MOQT: closing: ConnectionTerminated (0)
relay-1        | 2026-07-07 01:16:56.771 INFO : MOQT: version set from ALPN: moqt-16 -> draft-16
relay-1        | 2026-07-07 01:16:56.771 INFO : deserializing param 1 length 0
relay-1        | 2026-07-07 01:16:56.771 INFO : MOQT event: control message parsed: ClientSetup(versions=[], parameters={PATH="", MAX_REQUEST_ID=100, MAX_AUTH_TOKEN_CACHE_SIZE=1024}))
relay-1        | 2026-07-07 01:16:56.771 INFO : MOQT event: handle ClientSetup(versions=[], parameters={PATH="", MAX_REQUEST_ID=100, MAX_AUTH_TOKEN_CACHE_SIZE=1024})
relay-1        | 2026-07-07 01:16:56.771 INFO : MOQT send: ServerSetup(selected_version=0xff00000e, parameters={})
relay-1        | 2026-07-07 01:16:56.771 INFO : Serialized 0 parameters: b'\x00\xb2\xaa\xb3\x06\x7f\x00\x00 \xb2\xaa\xb3'
test-client-1  | W0707 01:16:56.771590     1 MoQSession.cpp:5473] Issuing request that will fail; nextRequestID_=0 peerMaxRequestID_=0 sess=0x5615a737f7d0
relay-1        | 2026-07-07 01:16:56.771 INFO : MOQT event: control message parsed: PublishNamespace(request_id=0, namespace=["moq-test"], parameters={}))
relay-1        | 2026-07-07 01:16:56.772 INFO : relay: announce ns=(b'moq-test',) -> count=1
relay-1        | 2026-07-07 01:16:56.772 INFO : MOQT send: RequestOk(request_id=0, parameters=None) request_id: 0 namespace: (b'moq-test',)
relay-1        | 2026-07-07 01:16:56.772 INFO : Serialized 0 parameters: b'\x00\x00\xaa\xb3\x06\x7f\x00\x00 \xb2\xaa\xb3'
relay-1        | 2026-07-07 01:16:56.772 INFO : QUIC: connection closed: code: 0
test-client-1  | E0707 01:16:56.772412     1 MoQRelaySession.cpp:880] PublishNamespaceDone for unknown publishNamespace, sess=0x5615a737f7d0
test-client-1  | ok 2 - announce-only
test-client-1  |   ---
test-client-1  |   duration_ms: 3
test-client-1  |   info: PUBLISH_NAMESPACE completed successfully
test-client-1  |   ...
relay-1        | 2026-07-07 01:16:56.772 INFO : MOQT: closing: ConnectionTerminated (0)
relay-1        | 2026-07-07 01:16:56.774 INFO : MOQT: version set from ALPN: moqt-16 -> draft-16
relay-1        | 2026-07-07 01:16:56.774 INFO : deserializing param 1 length 0
relay-1        | 2026-07-07 01:16:56.774 INFO : MOQT event: control message parsed: ClientSetup(versions=[], parameters={PATH="", MAX_REQUEST_ID=100, MAX_AUTH_TOKEN_CACHE_SIZE=1024}))
relay-1        | 2026-07-07 01:16:56.774 INFO : MOQT event: handle ClientSetup(versions=[], parameters={PATH="", MAX_REQUEST_ID=100, MAX_AUTH_TOKEN_CACHE_SIZE=1024})
relay-1        | 2026-07-07 01:16:56.774 INFO : MOQT send: ServerSetup(selected_version=0xff00000e, parameters={})
relay-1        | 2026-07-07 01:16:56.774 INFO : Serialized 0 parameters: b'\x00\xb2\xaa\xb3\x06\x7f\x00\x00 \xb2\xaa\xb3'
test-client-1  | W0707 01:16:56.774867     1 MoQSession.cpp:5473] Issuing request that will fail; nextRequestID_=0 peerMaxRequestID_=0 sess=0x5615a737f7d0
relay-1        | 2026-07-07 01:16:56.775 INFO : deserializing param 33 length 2
relay-1        | 2026-07-07 01:16:56.775 INFO : MOQT event: control message parsed: Subscribe(request_id=0, track_namespace=["nonexistent"], track_name="no-such-track", priority=None, group_order=None, forward=None, filter_type=250, start_group=None, start_object=None, end_group=None, parameters={}, track_alias=None, libquicr_compat=False))
relay-1        | 2026-07-07 01:16:56.775 INFO : relay: subscribe ns=(b'nonexistent',) track=b'no-such-track' -> ERROR (not announced)
relay-1        | 2026-07-07 01:16:56.775 INFO : MOQT send: RequestError(request_id=0, error_code=16, retry_interval=0, reason=track does not exist)
test-client-1  | ok 3 - subscribe-error
test-client-1  |   ---
test-client-1  |   duration_ms: 3
test-client-1  |   info: Subscribe correctly returned error: track does not exist
test-client-1  |   ...
relay-1        | 2026-07-07 01:16:56.775 INFO : QUIC: connection closed: code: 0
relay-1        | 2026-07-07 01:16:56.775 INFO : MOQT: closing: ConnectionTerminated (0)
relay-1        | 2026-07-07 01:16:56.777 INFO : MOQT: version set from ALPN: moqt-16 -> draft-16
relay-1        | 2026-07-07 01:16:56.777 INFO : deserializing param 1 length 0
relay-1        | 2026-07-07 01:16:56.778 INFO : MOQT event: control message parsed: ClientSetup(versions=[], parameters={PATH="", MAX_REQUEST_ID=100, MAX_AUTH_TOKEN_CACHE_SIZE=1024}))
relay-1        | 2026-07-07 01:16:56.778 INFO : MOQT event: handle ClientSetup(versions=[], parameters={PATH="", MAX_REQUEST_ID=100, MAX_AUTH_TOKEN_CACHE_SIZE=1024})
relay-1        | 2026-07-07 01:16:56.778 INFO : MOQT send: ServerSetup(selected_version=0xff00000e, parameters={})
relay-1        | 2026-07-07 01:16:56.778 INFO : Serialized 0 parameters: b'\x00\xb2\xaa\xb3\x06\x7f\x00\x00 \xb2\xaa\xb3'
test-client-1  | W0707 01:16:56.778454     1 MoQSession.cpp:5473] Issuing request that will fail; nextRequestID_=0 peerMaxRequestID_=0 sess=0x5615a739a790
relay-1        | 2026-07-07 01:16:56.778 INFO : MOQT event: control message parsed: PublishNamespace(request_id=0, namespace=["moq-interop-test"], parameters={}))
relay-1        | 2026-07-07 01:16:56.778 INFO : relay: announce ns=(b'moq-interop-test',) -> count=1
relay-1        | 2026-07-07 01:16:56.778 INFO : MOQT send: RequestOk(request_id=0, parameters=None) request_id: 0 namespace: (b'moq-interop-test',)
relay-1        | 2026-07-07 01:16:56.778 INFO : Serialized 0 parameters: b'\x00\x00\xaa\xb3\x06\x7f\x00\x00 \xb2\xaa\xb3'
relay-1        | 2026-07-07 01:16:56.780 INFO : MOQT: version set from ALPN: moqt-16 -> draft-16
relay-1        | 2026-07-07 01:16:56.781 INFO : deserializing param 1 length 0
relay-1        | 2026-07-07 01:16:56.781 INFO : MOQT event: control message parsed: ClientSetup(versions=[], parameters={PATH="", MAX_REQUEST_ID=100, MAX_AUTH_TOKEN_CACHE_SIZE=1024}))
relay-1        | 2026-07-07 01:16:56.781 INFO : MOQT event: handle ClientSetup(versions=[], parameters={PATH="", MAX_REQUEST_ID=100, MAX_AUTH_TOKEN_CACHE_SIZE=1024})
relay-1        | 2026-07-07 01:16:56.781 INFO : MOQT send: ServerSetup(selected_version=0xff00000e, parameters={})
relay-1        | 2026-07-07 01:16:56.781 INFO : Serialized 0 parameters: b'\x00\xb1\xaa\xb3\x06\x7f\x00\x00p\xb1\xaa\xb3'
test-client-1  | W0707 01:16:56.781461     1 MoQSession.cpp:5473] Issuing request that will fail; nextRequestID_=0 peerMaxRequestID_=0 sess=0x5615a73935a0
relay-1        | 2026-07-07 01:16:56.781 INFO : deserializing param 33 length 2
relay-1        | 2026-07-07 01:16:56.781 INFO : MOQT event: control message parsed: Subscribe(request_id=0, track_namespace=["moq-interop-test"], track_name="interop-track", priority=None, group_order=None, forward=None, filter_type=250, start_group=None, start_object=None, end_group=None, parameters={}, track_alias=None, libquicr_compat=False))
relay-1        | 2026-07-07 01:16:56.781 INFO : relay: subscribe ns=(b'moq-interop-test',) track=b'interop-track' -> SUBSCRIBE_OK
relay-1        | 2026-07-07 01:16:56.781 INFO : MOQT send: SubscribeOk(request_id=0, track_alias=0, expires=0, group_order=1, content_exists=0, largest_group_id=None, largest_object_id=None, parameters={}, track_extensions=None)
relay-1        | 2026-07-07 01:16:56.781 INFO : Serializing param 8 value 0
relay-1        | 2026-07-07 01:16:56.781 INFO : Serialized 1 parameters: b'\x00\x00\x01\x08\x00\x7f\x00\x00p\xb1\xaa\xb3'
test-client-1  | ok 4 - announce-subscribe
test-client-1  |   ---
test-client-1  |   duration_ms: 6
test-client-1  |   info: Publisher announced, subscriber subscribed successfully
test-client-1  |   ...
relay-1        | 2026-07-07 01:16:56.782 INFO : QUIC: connection closed: code: 0
relay-1        | 2026-07-07 01:16:56.782 INFO : MOQT: closing: ConnectionTerminated (0)
relay-1        | 2026-07-07 01:16:56.782 INFO : QUIC: connection closed: code: 0
relay-1        | 2026-07-07 01:16:56.782 INFO : MOQT: closing: ConnectionTerminated (0)
relay-1        | 2026-07-07 01:16:56.784 INFO : MOQT: version set from ALPN: moqt-16 -> draft-16
relay-1        | 2026-07-07 01:16:56.784 INFO : deserializing param 1 length 0
relay-1        | 2026-07-07 01:16:56.784 INFO : MOQT event: control message parsed: ClientSetup(versions=[], parameters={PATH="", MAX_REQUEST_ID=100, MAX_AUTH_TOKEN_CACHE_SIZE=1024}))
relay-1        | 2026-07-07 01:16:56.784 INFO : MOQT event: handle ClientSetup(versions=[], parameters={PATH="", MAX_REQUEST_ID=100, MAX_AUTH_TOKEN_CACHE_SIZE=1024})
relay-1        | 2026-07-07 01:16:56.784 INFO : MOQT send: ServerSetup(selected_version=0xff00000e, parameters={})
relay-1        | 2026-07-07 01:16:56.784 INFO : Serialized 0 parameters: b'\x00\xb1\xaa\xb3\x06\x7f\x00\x00\xa0\xb1\xaa\xb3'
test-client-1  | W0707 01:16:56.784947     1 MoQSession.cpp:5473] Issuing request that will fail; nextRequestID_=0 peerMaxRequestID_=0 sess=0x5615a73a82c0
relay-1        | 2026-07-07 01:16:56.785 INFO : MOQT event: control message parsed: PublishNamespace(request_id=0, namespace=["moq-test", "interop"], parameters={}))
relay-1        | 2026-07-07 01:16:56.785 INFO : relay: announce ns=(b'moq-test', b'interop') -> count=1
relay-1        | 2026-07-07 01:16:56.785 INFO : MOQT send: RequestOk(request_id=0, parameters=None) request_id: 0 namespace: (b'moq-test', b'interop')
relay-1        | 2026-07-07 01:16:56.785 INFO : Serialized 0 parameters: b'\x00\x00\xaa\xb3\x06\x7f\x00\x00\xa0\xb1\xaa\xb3'
test-client-1  | ok 5 - publish-namespace-done
test-client-1  |   ---
test-client-1  |   duration_ms: 3
test-client-1  |   info: PUBLISH_NAMESPACE_OK received, PUBLISH_NAMESPACE_DONE sent
test-client-1  |   ...
relay-1        | 2026-07-07 01:16:56.785 INFO : QUIC: connection closed: code: 0
relay-1        | 2026-07-07 01:16:56.785 INFO : MOQT: closing: ConnectionTerminated (0)
relay-1        | 2026-07-07 01:16:56.787 INFO : MOQT: version set from ALPN: moqt-16 -> draft-16
relay-1        | 2026-07-07 01:16:56.787 INFO : deserializing param 1 length 0
relay-1        | 2026-07-07 01:16:56.787 INFO : MOQT event: control message parsed: ClientSetup(versions=[], parameters={PATH="", MAX_REQUEST_ID=100, MAX_AUTH_TOKEN_CACHE_SIZE=1024}))
relay-1        | 2026-07-07 01:16:56.787 INFO : MOQT event: handle ClientSetup(versions=[], parameters={PATH="", MAX_REQUEST_ID=100, MAX_AUTH_TOKEN_CACHE_SIZE=1024})
relay-1        | 2026-07-07 01:16:56.787 INFO : MOQT send: ServerSetup(selected_version=0xff00000e, parameters={})
relay-1        | 2026-07-07 01:16:56.787 INFO : Serialized 0 parameters: b'\x00\xb1\xaa\xb3\x06\x7f\x00\x00\xa0\xb1\xaa\xb3'
test-client-1  | W0707 01:16:56.788101     1 MoQSession.cpp:5473] Issuing request that will fail; nextRequestID_=0 peerMaxRequestID_=0 sess=0x5615a73a82c0
relay-1        | 2026-07-07 01:16:56.788 INFO : deserializing param 33 length 2
relay-1        | 2026-07-07 01:16:56.788 INFO : MOQT event: control message parsed: Subscribe(request_id=0, track_namespace=["moq-test", "interop"], track_name="test-track", priority=None, group_order=None, forward=None, filter_type=250, start_group=None, start_object=None, end_group=None, parameters={}, track_alias=None, libquicr_compat=False))
relay-1        | 2026-07-07 01:16:56.788 INFO : relay: subscribe ns=(b'moq-test', b'interop') track=b'test-track' -> SUBSCRIBE_OK
relay-1        | 2026-07-07 01:16:56.788 INFO : MOQT send: SubscribeOk(request_id=0, track_alias=0, expires=0, group_order=1, content_exists=0, largest_group_id=None, largest_object_id=None, parameters={}, track_extensions=None)
relay-1        | 2026-07-07 01:16:56.788 INFO : Serializing param 8 value 0
relay-1        | 2026-07-07 01:16:56.788 INFO : Serialized 1 parameters: b'\x00\x00\x01\x08\x00\x7f\x00\x00\xa0\xb1\xaa\xb3'
relay-1        | 2026-07-07 01:16:56.853 INFO : QUIC: connection closed: code: 0
relay-1        | 2026-07-07 01:16:56.853 INFO : MOQT: closing: ConnectionTerminated (0)
relay-1        | 2026-07-07 01:16:56.853 INFO : QUIC: connection closed: code: 0
relay-1        | 2026-07-07 01:16:56.853 INFO : MOQT: closing: ConnectionTerminated (0)
relay-1        | 2026-07-07 01:16:56.856 INFO : QUIC: connection closed: code: 0
relay-1        | 2026-07-07 01:16:56.856 INFO : MOQT: closing: ConnectionTerminated (0)
relay-1        | 2026-07-07 01:16:56.860 INFO : QUIC: connection closed: code: 0
relay-1        | 2026-07-07 01:16:56.860 INFO : MOQT: closing: ConnectionTerminated (0)
relay-1        | 2026-07-07 01:16:56.863 INFO : QUIC: connection closed: code: 0
relay-1        | 2026-07-07 01:16:56.863 INFO : MOQT: closing: ConnectionTerminated (0)
relay-1        | 2026-07-07 01:16:56.867 INFO : QUIC: connection closed: code: 0
relay-1        | 2026-07-07 01:16:56.867 INFO : MOQT: closing: ConnectionTerminated (0)
relay-1        | 2026-07-07 01:16:57.291 INFO : MOQT: version set from ALPN: moqt-16 -> draft-16
relay-1        | 2026-07-07 01:16:57.291 INFO : deserializing param 1 length 0
relay-1        | 2026-07-07 01:16:57.291 INFO : MOQT event: control message parsed: ClientSetup(versions=[], parameters={PATH="", MAX_REQUEST_ID=100, MAX_AUTH_TOKEN_CACHE_SIZE=1024}))
relay-1        | 2026-07-07 01:16:57.291 INFO : MOQT event: handle ClientSetup(versions=[], parameters={PATH="", MAX_REQUEST_ID=100, MAX_AUTH_TOKEN_CACHE_SIZE=1024})
relay-1        | 2026-07-07 01:16:57.291 INFO : MOQT send: ServerSetup(selected_version=0xff00000e, parameters={})
relay-1        | 2026-07-07 01:16:57.291 INFO : Serialized 0 parameters: b'\x00\xb1\xaa\xb3\x06\x7f\x00\x00`\xb1\xaa\xb3'
test-client-1  | W0707 01:16:57.291770     1 MoQSession.cpp:5473] Issuing request that will fail; nextRequestID_=0 peerMaxRequestID_=0 sess=0x5615a7375910
relay-1        | 2026-07-07 01:16:57.291 INFO : MOQT event: control message parsed: PublishNamespace(request_id=0, namespace=["moq-test", "interop"], parameters={}))
relay-1        | 2026-07-07 01:16:57.292 INFO : relay: announce ns=(b'moq-test', b'interop') -> count=2
relay-1        | 2026-07-07 01:16:57.292 INFO : MOQT send: RequestOk(request_id=0, parameters=None) request_id: 0 namespace: (b'moq-test', b'interop')
relay-1        | 2026-07-07 01:16:57.292 INFO : Serialized 0 parameters: b'\x00\x00\xaa\xb3\x06\x7f\x00\x00`\xb1\xaa\xb3'
relay-1        | 2026-07-07 01:16:57.292 INFO : QUIC: connection closed: code: 0
relay-1        | 2026-07-07 01:16:57.292 INFO : MOQT: closing: ConnectionTerminated (0)
test-client-1  | ok 6 - subscribe-before-announce
test-client-1  |   ---
test-client-1  |   duration_ms: 506
test-client-1  |   info: Subscribe succeeded after publisher announced (relay buffers pending subscriptions)
test-client-1  |   ...
relay-1        | 2026-07-07 01:16:57.292 INFO : QUIC: connection closed: code: 0
relay-1        | 2026-07-07 01:16:57.292 INFO : MOQT: closing: ConnectionTerminated (0)
relay-1        | 2026-07-07 01:16:57.293 INFO : QUIC: connection closed: code: 0
relay-1        | 2026-07-07 01:16:57.293 INFO : MOQT: closing: ConnectionTerminated (0)
relay-1        | 2026-07-07 01:16:57.376 INFO : QUIC: connection closed: code: 0
relay-1        | 2026-07-07 01:16:57.376 INFO : MOQT: closing: ConnectionTerminated (0)
[Ktest-client-1 exited with code 0
Aborting on container exit...
 Container main-test-client-1  Stopping
 Container main-test-client-1  Stopped
 Container main-relay-1  Stopping
 Container main-relay-1  Stopped

Test results in mlog/
make[1]: Leaving directory '/home/runner/work/moq-interop-runner/moq-interop-runner/main'
