make[1]: Entering directory '/home/runner/work/moq-interop-runner/moq-interop-runner/main'
rm -rf mlog/
mkdir -p mlog/relay mlog/client
Running interop tests...
  Relay:  ghcr.io/englishm/moq-interop-runner-moq-relay-ietf-draft-18:latest
  Client: ghcr.io/englishm/moq-interop-runner-moq-test-client-draft-18:latest
  URL:    https://relay:4443
time="2026-07-12T01:04:06Z" level=warning msg="The \"PORT\" variable is not set. Defaulting to a blank string."
time="2026-07-12T01:04:06Z" level=warning msg="The \"PORT\" variable is not set. Defaulting to a blank string."
time="2026-07-12T01:04:06Z" level=warning msg="The \"PORT\" variable is not set. Defaulting to a blank string."
time="2026-07-12T01:04:06Z" level=warning msg="The \"HEX\" variable is not set. Defaulting to a blank string."
time="2026-07-12T01:04:06Z" level=warning msg="The \"HEX\" variable is not set. Defaulting to a blank string."
 Container main-relay-1  Recreate
 Container main-relay-1  Recreated
Attaching to relay-1, test-client-1
relay-1        | Starting moq-rs relay on port 4443
relay-1        |   Cert: /certs/cert.pem
relay-1        |   Key:  /certs/priv.key
relay-1        |   Mlog: /mlog
relay-1        | [2m2026-07-12T01:04:06.304874Z[0m [32m INFO[0m [2mmoq_relay_ietf[0m[2m:[0m using file coordinator: /tmp/moq-coordinator.json
relay-1        | [2m2026-07-12T01:04:06.304914Z[0m [32m INFO[0m [2mmoq_native_ietf::quic[0m[2m:[0m UDP socket bound [3mbind[0m[2m=[0m0.0.0.0:4443 [3mlocal[0m[2m=[0m0.0.0.0:4443 [3mdual_stack[0m[2m=[0mfalse
relay-1        | [2m2026-07-12T01:04:06.305198Z[0m [32m INFO[0m [2mmoq_relay_ietf::relay[0m[2m:[0m mlog output enabled: /mlog
relay-1        | [2m2026-07-12T01:04:06.305220Z[0m [32m INFO[0m [2mmoq_relay_ietf::relay[0m[2m:[0m listening on 0.0.0.0:4443
test-client-1  | TAP version 14
test-client-1  | # moq-test-client v0.1.6
test-client-1  | # Relay: https://relay:4443/
test-client-1  | 1..6
test-client-1  | [2m2026-07-12T01:04:11.913909Z[0m [32m INFO[0m [2mmoq_native_ietf::quic[0m[2m:[0m UDP socket bound [3mbind[0m[2m=[0m[::]:0 [3mlocal[0m[2m=[0m[::]:56072 [3mdual_stack[0m[2m=[0mtrue
relay-1        | [2m2026-07-12T01:04:11.916437Z[0m [33m WARN[0m [2mmoq_transport::session[0m[2m:[0m Failed to create mlog: Permission denied (os error 13)
test-client-1  | [2m2026-07-12T01:04:11.916840Z[0m [32m INFO[0m [2mmoq_test_client::scenarios[0m[2m:[0m SETUP exchange completed successfully
test-client-1  | ok 1 - setup-only
test-client-1  |   ---
test-client-1  |   duration_ms: 3
test-client-1  |   connection_id: 9f1b24cbedd703c54d52a6d3d06dfeb4
test-client-1  |   ...
relay-1        | [2m2026-07-12T01:04:11.917014Z[0m [33m WARN[0m [2mmoq_transport::session::reader[0m[2m:[0m [READER] decode: stream ended while waiting for data (have=0 bytes, need=1)
relay-1        | [2m2026-07-12T01:04:11.917071Z[0m [33m WARN[0m [2mmoq_relay_ietf::relay[0m[2m:[0m MoQ session error: decode error: fill buffer [3merror[0m[2m=[0mdecode error: fill buffer
test-client-1  | [2m2026-07-12T01:04:11.917259Z[0m [33m WARN[0m [2mweb_transport_quinn::session[0m[2m:[0m failed to read capsule [3me[0m[2m=[0mUnexpectedEnd
test-client-1  | [2m2026-07-12T01:04:11.917785Z[0m [32m INFO[0m [2mmoq_native_ietf::quic[0m[2m:[0m UDP socket bound [3mbind[0m[2m=[0m[::]:0 [3mlocal[0m[2m=[0m[::]:43624 [3mdual_stack[0m[2m=[0mtrue
relay-1        | [2m2026-07-12T01:04:11.919717Z[0m [33m WARN[0m [2mmoq_transport::session[0m[2m:[0m Failed to create mlog: Permission denied (os error 13)
test-client-1  | [2m2026-07-12T01:04:11.920061Z[0m [32m INFO[0m [2mmoq_test_client::scenarios[0m[2m:[0m Sending PUBLISH_NAMESPACE for: moq-test/interop
relay-1        | [2m2026-07-12T01:04:11.920273Z[0m [32m INFO[0m [2mmoq_relay_ietf::consumer[0m[2m:[0m serving PUBLISH_NAMESPACE: PublishNamespaceInfo { request_id: 0, namespace: /moq-test/interop } [3mnamespace[0m[2m=[0m/moq-test/interop
relay-1        | [2m2026-07-12T01:04:11.920860Z[0m [32m INFO[0m [2mmoq_relay_ietf::file_coordinator[0m[2m:[0m registering namespace: /moq-test/interop -> https://0.0.0.0:4443/ [3mnamespace[0m[2m=[0m/moq-test/interop [3mscope[0m[2m=[0m [3mrelay_url[0m[2m=[0mhttps://0.0.0.0:4443/
test-client-1  | [2m2026-07-12T01:04:13.921878Z[0m [32m INFO[0m [2mmoq_test_client::scenarios[0m[2m:[0m PUBLISH_NAMESPACE succeeded (REQUEST_OK received, waiting for subscribers)
test-client-1  | ok 2 - publish-namespace-only
relay-1        | [2m2026-07-12T01:04:13.922031Z[0m [33m WARN[0m [2mmoq_transport::session::reader[0m[2m:[0m [READER] decode: stream ended while waiting for data (have=0 bytes, need=1)
test-client-1  |   ---
test-client-1  |   duration_ms: 2004
test-client-1  |   connection_id: 7fb70aaa65cb0397af7b708cf2bb2217
test-client-1  |   ...
test-client-1  | [2m2026-07-12T01:04:13.922468Z[0m [33m WARN[0m [2mmoq_transport::session::reader[0m[2m:[0m [READER] decode: stream ended while waiting for data (have=0 bytes, need=1)
relay-1        | [2m2026-07-12T01:04:13.922660Z[0m [33m WARN[0m [2mmoq_relay_ietf::relay[0m[2m:[0m MoQ session error: decode error: fill buffer [3merror[0m[2m=[0mdecode error: fill buffer
test-client-1  | [2m2026-07-12T01:04:13.923073Z[0m [32m INFO[0m [2mmoq_native_ietf::quic[0m[2m:[0m UDP socket bound [3mbind[0m[2m=[0m[::]:0 [3mlocal[0m[2m=[0m[::]:39186 [3mdual_stack[0m[2m=[0mtrue
relay-1        | [2m2026-07-12T01:04:13.925117Z[0m [33m WARN[0m [2mmoq_transport::session[0m[2m:[0m Failed to create mlog: Permission denied (os error 13)
test-client-1  | [2m2026-07-12T01:04:13.925458Z[0m [32m INFO[0m [2mmoq_test_client::scenarios[0m[2m:[0m Subscribing to non-existent track: nonexistent/namespace/test-track
relay-1        | [2m2026-07-12T01:04:13.925727Z[0m [32m INFO[0m [2mmoq_relay_ietf::producer[0m[2m:[0m serving subscribe: SubscribeInfo { id: 0, track_namespace: /nonexistent/namespace, track_name: test-track, subscriber_priority: 128, group_order: Publisher, forward: true, filter_type: AbsoluteStart, start_location: None, end_group_id: None, filter: None, params: {  }, track_status: false } [3mnamespace[0m[2m=[0m/nonexistent/namespace [3mtrack[0m[2m=[0mtest-track
relay-1        | [2m2026-07-12T01:04:13.925877Z[0m [33m WARN[0m [2mmoq_transport::serve::error[0m[2m:[0m [c29b4f8f-cc02-4984-95f8-c2476bd213c5] Not found: track '/nonexistent/namespace/test-track' not found in local or remote tracks at /build/moq-relay-ietf/src/producer.rs:168
relay-1        | [2m2026-07-12T01:04:13.925903Z[0m [33m WARN[0m [2mmoq_relay_ietf::producer[0m[2m:[0m failed serving subscribe [3mnamespace[0m[2m=[0m/nonexistent/namespace [3mtrack[0m[2m=[0mtest-track [3msubscribe_info[0m[2m=[0mSubscribeInfo { id: 0, track_namespace: /nonexistent/namespace, track_name: test-track, subscriber_priority: 128, group_order: Publisher, forward: true, filter_type: AbsoluteStart, start_location: None, end_group_id: None, filter: None, params: {  }, track_status: false } [3merror[0m[2m=[0mnot found: Track not found [error:c29b4f8f-cc02-4984-95f8-c2476bd213c5]
test-client-1  | [2m2026-07-12T01:04:13.926160Z[0m [33m WARN[0m [2mmoq_transport::serve::error[0m[2m:[0m [b2cadc15-2d4b-4668-bde4-90120c990560] Not found: not found: Track not found [error:c29b4f8f-cc02-4984-95f8-c2476bd213c5] at moq-transport/src/session/subscriber.rs:455
test-client-1  | [2m2026-07-12T01:04:13.926234Z[0m [32m INFO[0m [2mmoq_test_client::scenarios[0m[2m:[0m Got expected 'not found' error: not found: Track not found [error:b2cadc15-2d4b-4668-bde4-90120c990560]
relay-1        | [2m2026-07-12T01:04:13.926332Z[0m [33m WARN[0m [2mmoq_transport::session::reader[0m[2m:[0m [READER] decode: stream ended while waiting for data (have=0 bytes, need=1)
relay-1        | [2m2026-07-12T01:04:13.926434Z[0m [33m WARN[0m [2mmoq_relay_ietf::relay[0m[2m:[0m MoQ session error: decode error: fill buffer [3merror[0m[2m=[0mdecode error: fill buffer
test-client-1  | ok 3 - subscribe-error
test-client-1  |   ---
test-client-1  |   duration_ms: 4
test-client-1  |   connection_id: 694a6847400f27fa72a7b9eb6912afff
test-client-1  |   ...
test-client-1  | [2m2026-07-12T01:04:13.926447Z[0m [33m WARN[0m [2mmoq_transport::session::reader[0m[2m:[0m [READER] decode: stream ended while waiting for data (have=0 bytes, need=1)
test-client-1  | [2m2026-07-12T01:04:13.927201Z[0m [32m INFO[0m [2mmoq_native_ietf::quic[0m[2m:[0m UDP socket bound [3mbind[0m[2m=[0m[::]:0 [3mlocal[0m[2m=[0m[::]:53685 [3mdual_stack[0m[2m=[0mtrue
relay-1        | [2m2026-07-12T01:04:13.928952Z[0m [33m WARN[0m [2mmoq_transport::session[0m[2m:[0m Failed to create mlog: Permission denied (os error 13)
test-client-1  | [2m2026-07-12T01:04:13.929817Z[0m [32m INFO[0m [2mmoq_native_ietf::quic[0m[2m:[0m UDP socket bound [3mbind[0m[2m=[0m[::]:0 [3mlocal[0m[2m=[0m[::]:55585 [3mdual_stack[0m[2m=[0mtrue
relay-1        | [2m2026-07-12T01:04:13.931436Z[0m [33m WARN[0m [2mmoq_transport::session[0m[2m:[0m Failed to create mlog: Permission denied (os error 13)
test-client-1  | [2m2026-07-12T01:04:13.931735Z[0m [32m INFO[0m [2mmoq_test_client::scenarios[0m[2m:[0m Publisher sending PUBLISH_NAMESPACE: moq-test/interop
test-client-1  | [2m2026-07-12T01:04:13.931750Z[0m [32m INFO[0m [2mmoq_test_client::scenarios[0m[2m:[0m Subscriber subscribing to track: moq-test/interop/test-track
relay-1        | [2m2026-07-12T01:04:13.931973Z[0m [32m INFO[0m [2mmoq_relay_ietf::producer[0m[2m:[0m serving subscribe: SubscribeInfo { id: 0, track_namespace: /moq-test/interop, track_name: test-track, subscriber_priority: 128, group_order: Publisher, forward: true, filter_type: AbsoluteStart, start_location: None, end_group_id: None, filter: None, params: {  }, track_status: false } [3mnamespace[0m[2m=[0m/moq-test/interop [3mtrack[0m[2m=[0mtest-track
relay-1        | [2m2026-07-12T01:04:13.932090Z[0m [32m INFO[0m [2mmoq_relay_ietf::consumer[0m[2m:[0m serving PUBLISH_NAMESPACE: PublishNamespaceInfo { request_id: 0, namespace: /moq-test/interop } [3mnamespace[0m[2m=[0m/moq-test/interop
relay-1        | [2m2026-07-12T01:04:13.932122Z[0m [33m WARN[0m [2mmoq_transport::serve::error[0m[2m:[0m [9b32e0f7-6854-4b54-bdef-9a184d4461ad] Not found: track '/moq-test/interop/test-track' not found in local or remote tracks at /build/moq-relay-ietf/src/producer.rs:168
relay-1        | [2m2026-07-12T01:04:13.932149Z[0m [32m INFO[0m [2mmoq_relay_ietf::file_coordinator[0m[2m:[0m registering namespace: /moq-test/interop -> https://0.0.0.0:4443/ [3mnamespace[0m[2m=[0m/moq-test/interop [3mscope[0m[2m=[0m [3mrelay_url[0m[2m=[0mhttps://0.0.0.0:4443/
relay-1        | [2m2026-07-12T01:04:13.932177Z[0m [33m WARN[0m [2mmoq_relay_ietf::producer[0m[2m:[0m failed serving subscribe [3mnamespace[0m[2m=[0m/moq-test/interop [3mtrack[0m[2m=[0mtest-track [3msubscribe_info[0m[2m=[0mSubscribeInfo { id: 0, track_namespace: /moq-test/interop, track_name: test-track, subscriber_priority: 128, group_order: Publisher, forward: true, filter_type: AbsoluteStart, start_location: None, end_group_id: None, filter: None, params: {  }, track_status: false } [3merror[0m[2m=[0mnot found: Track not found [error:9b32e0f7-6854-4b54-bdef-9a184d4461ad]
test-client-1  | [2m2026-07-12T01:04:13.932333Z[0m [33m WARN[0m [2mmoq_transport::serve::error[0m[2m:[0m [03c703e4-a68c-4628-9b38-d0d8b2c90999] Not found: not found: Track not found [error:9b32e0f7-6854-4b54-bdef-9a184d4461ad] at moq-transport/src/session/subscriber.rs:455
test-client-1  | [2m2026-07-12T01:04:13.932415Z[0m [32m INFO[0m [2mmoq_test_client::scenarios[0m[2m:[0m Subscriber got error: not found: Track not found [error:03c703e4-a68c-4628-9b38-d0d8b2c90999] - subscription was processed
test-client-1  | ok 4 - publish-namespace-subscribe
test-client-1  |   ---
test-client-1  |   duration_ms: 6
test-client-1  |   publisher_connection_id: 4921fdbba11a33e371c273595814afef
relay-1        | [2m2026-07-12T01:04:13.932590Z[0m [33m WARN[0m [2mmoq_transport::session::reader[0m[2m:[0m [READER] decode: stream ended while waiting for data (have=0 bytes, need=1)
relay-1        | [2m2026-07-12T01:04:13.932646Z[0m [33m WARN[0m [2mmoq_relay_ietf::relay[0m[2m:[0m MoQ session error: decode error: fill buffer [3merror[0m[2m=[0mdecode error: fill buffer
relay-1        | [2m2026-07-12T01:04:13.932666Z[0m [33m WARN[0m [2mmoq_transport::session::reader[0m[2m:[0m [READER] decode: stream ended while waiting for data (have=0 bytes, need=1)
test-client-1  |   subscriber_connection_id: e6d9b4ce2d620ca767fd2897bda8064e
test-client-1  |   ...
relay-1        | [2m2026-07-12T01:04:13.932819Z[0m [33m WARN[0m [2mmoq_relay_ietf::relay[0m[2m:[0m MoQ session error: decode error: fill buffer [3merror[0m[2m=[0mdecode error: fill buffer
relay-1        | [2m2026-07-12T01:04:13.932875Z[0m [33m WARN[0m [2mweb_transport_quinn::session[0m[2m:[0m failed to read capsule [3me[0m[2m=[0mUnexpectedEnd
test-client-1  | [2m2026-07-12T01:04:13.932813Z[0m [33m WARN[0m [2mmoq_transport::session::reader[0m[2m:[0m [READER] decode: stream ended while waiting for data (have=0 bytes, need=1)
test-client-1  | [2m2026-07-12T01:04:13.932997Z[0m [33m WARN[0m [2mmoq_transport::session::reader[0m[2m:[0m [READER] decode: stream ended while waiting for data (have=0 bytes, need=1)
test-client-1  | [2m2026-07-12T01:04:13.933783Z[0m [32m INFO[0m [2mmoq_native_ietf::quic[0m[2m:[0m UDP socket bound [3mbind[0m[2m=[0m[::]:0 [3mlocal[0m[2m=[0m[::]:36086 [3mdual_stack[0m[2m=[0mtrue
relay-1        | [2m2026-07-12T01:04:13.935433Z[0m [33m WARN[0m [2mmoq_transport::session[0m[2m:[0m Failed to create mlog: Permission denied (os error 13)
test-client-1  | [2m2026-07-12T01:04:13.935714Z[0m [32m INFO[0m [2mmoq_test_client::scenarios[0m[2m:[0m Subscriber subscribing BEFORE PUBLISH_NAMESPACE: moq-test/interop/test-track
relay-1        | [2m2026-07-12T01:04:13.936008Z[0m [32m INFO[0m [2mmoq_relay_ietf::producer[0m[2m:[0m serving subscribe: SubscribeInfo { id: 0, track_namespace: /moq-test/interop, track_name: test-track, subscriber_priority: 128, group_order: Publisher, forward: true, filter_type: AbsoluteStart, start_location: None, end_group_id: None, filter: None, params: {  }, track_status: false } [3mnamespace[0m[2m=[0m/moq-test/interop [3mtrack[0m[2m=[0mtest-track
relay-1        | [2m2026-07-12T01:04:13.936109Z[0m [33m WARN[0m [2mmoq_transport::serve::error[0m[2m:[0m [a57d91de-3034-4211-a623-4018f13ce7b5] Not found: track '/moq-test/interop/test-track' not found in local or remote tracks at /build/moq-relay-ietf/src/producer.rs:168
relay-1        | [2m2026-07-12T01:04:13.936127Z[0m [33m WARN[0m [2mmoq_relay_ietf::producer[0m[2m:[0m failed serving subscribe [3mnamespace[0m[2m=[0m/moq-test/interop [3mtrack[0m[2m=[0mtest-track [3msubscribe_info[0m[2m=[0mSubscribeInfo { id: 0, track_namespace: /moq-test/interop, track_name: test-track, subscriber_priority: 128, group_order: Publisher, forward: true, filter_type: AbsoluteStart, start_location: None, end_group_id: None, filter: None, params: {  }, track_status: false } [3merror[0m[2m=[0mnot found: Track not found [error:a57d91de-3034-4211-a623-4018f13ce7b5]
test-client-1  | [2m2026-07-12T01:04:13.936304Z[0m [33m WARN[0m [2mmoq_transport::serve::error[0m[2m:[0m [cd30766f-2ea6-40ab-8fe4-1a0883bcb64d] Not found: not found: Track not found [error:a57d91de-3034-4211-a623-4018f13ce7b5] at moq-transport/src/session/subscriber.rs:455
relay-1        | [2m2026-07-12T01:04:13.936429Z[0m [33m WARN[0m [2mmoq_transport::session::reader[0m[2m:[0m [READER] decode: stream ended while waiting for data (have=0 bytes, need=1)
relay-1        | [2m2026-07-12T01:04:13.936462Z[0m [33m WARN[0m [2mmoq_relay_ietf::relay[0m[2m:[0m MoQ session error: decode error: fill buffer [3merror[0m[2m=[0mdecode error: fill buffer
test-client-1  | [2m2026-07-12T01:04:13.936594Z[0m [33m WARN[0m [2mmoq_transport::session::reader[0m[2m:[0m [READER] decode: stream ended while waiting for data (have=0 bytes, need=1)
relay-1        | [2m2026-07-12T01:04:13.936647Z[0m [33m WARN[0m [2mweb_transport_quinn::session[0m[2m:[0m failed to read capsule [3me[0m[2m=[0mUnexpectedEnd
test-client-1  | [2m2026-07-12T01:04:14.437294Z[0m [32m INFO[0m [2mmoq_native_ietf::quic[0m[2m:[0m UDP socket bound [3mbind[0m[2m=[0m[::]:0 [3mlocal[0m[2m=[0m[::]:50044 [3mdual_stack[0m[2m=[0mtrue
relay-1        | [2m2026-07-12T01:04:14.441017Z[0m [33m WARN[0m [2mmoq_transport::session[0m[2m:[0m Failed to create mlog: Permission denied (os error 13)
test-client-1  | [2m2026-07-12T01:04:14.441420Z[0m [32m INFO[0m [2mmoq_test_client::scenarios[0m[2m:[0m Publisher sending PUBLISH_NAMESPACE (after subscriber): moq-test/interop
relay-1        | [2m2026-07-12T01:04:14.441671Z[0m [32m INFO[0m [2mmoq_relay_ietf::consumer[0m[2m:[0m serving PUBLISH_NAMESPACE: PublishNamespaceInfo { request_id: 0, namespace: /moq-test/interop } [3mnamespace[0m[2m=[0m/moq-test/interop
relay-1        | [2m2026-07-12T01:04:14.441758Z[0m [32m INFO[0m [2mmoq_relay_ietf::file_coordinator[0m[2m:[0m registering namespace: /moq-test/interop -> https://0.0.0.0:4443/ [3mnamespace[0m[2m=[0m/moq-test/interop [3mscope[0m[2m=[0m [3mrelay_url[0m[2m=[0mhttps://0.0.0.0:4443/
test-client-1  | [2m2026-07-12T01:04:17.442203Z[0m [32m INFO[0m [2mmoq_test_client::scenarios[0m[2m:[0m Publisher PUBLISH_NAMESPACE timeout (expected)
test-client-1  | [2m2026-07-12T01:04:17.442223Z[0m [32m INFO[0m [2mmoq_test_client::scenarios[0m[2m:[0m Subscriber got error: not found: Track not found [error:cd30766f-2ea6-40ab-8fe4-1a0883bcb64d] (may be expected)
test-client-1  | ok 5 - subscribe-before-publish-namespace
test-client-1  |   ---
test-client-1  |   duration_ms: 3509
test-client-1  |   subscriber_connection_id: e1ca8924123a07449bf9a02e6c925506
test-client-1  |   publisher_connection_id: 35eb09d093113f83b58b627e05c8aa09
test-client-1  |   ...
relay-1        | [2m2026-07-12T01:04:17.442472Z[0m [33m WARN[0m [2mmoq_transport::session::reader[0m[2m:[0m [READER] decode: stream ended while waiting for data (have=0 bytes, need=1)
relay-1        | [2m2026-07-12T01:04:17.442754Z[0m [33m WARN[0m [2mmoq_relay_ietf::relay[0m[2m:[0m MoQ session error: decode error: fill buffer [3merror[0m[2m=[0mdecode error: fill buffer
relay-1        | [2m2026-07-12T01:04:17.443070Z[0m [33m WARN[0m [2mweb_transport_quinn::session[0m[2m:[0m failed to read capsule [3me[0m[2m=[0mUnexpectedEnd
test-client-1  | [2m2026-07-12T01:04:17.443096Z[0m [33m WARN[0m [2mmoq_transport::session::reader[0m[2m:[0m [READER] decode: stream ended while waiting for data (have=0 bytes, need=1)
test-client-1  | [2m2026-07-12T01:04:17.443667Z[0m [32m INFO[0m [2mmoq_native_ietf::quic[0m[2m:[0m UDP socket bound [3mbind[0m[2m=[0m[::]:0 [3mlocal[0m[2m=[0m[::]:37234 [3mdual_stack[0m[2m=[0mtrue
relay-1        | [2m2026-07-12T01:04:17.446336Z[0m [33m WARN[0m [2mmoq_transport::session[0m[2m:[0m Failed to create mlog: Permission denied (os error 13)
test-client-1  | [2m2026-07-12T01:04:17.446739Z[0m [32m INFO[0m [2mmoq_test_client::scenarios[0m[2m:[0m Sending PUBLISH_NAMESPACE: moq-test/interop
relay-1        | [2m2026-07-12T01:04:17.447004Z[0m [32m INFO[0m [2mmoq_relay_ietf::consumer[0m[2m:[0m serving PUBLISH_NAMESPACE: PublishNamespaceInfo { request_id: 0, namespace: /moq-test/interop } [3mnamespace[0m[2m=[0m/moq-test/interop
relay-1        | [2m2026-07-12T01:04:17.447081Z[0m [32m INFO[0m [2mmoq_relay_ietf::file_coordinator[0m[2m:[0m registering namespace: /moq-test/interop -> https://0.0.0.0:4443/ [3mnamespace[0m[2m=[0m/moq-test/interop [3mscope[0m[2m=[0m [3mrelay_url[0m[2m=[0mhttps://0.0.0.0:4443/
test-client-1  | [2m2026-07-12T01:04:19.448156Z[0m [32m INFO[0m [2mmoq_test_client::scenarios[0m[2m:[0m PUBLISH_NAMESPACE active; sending PUBLISH_NAMESPACE_DONE
relay-1        | [2m2026-07-12T01:04:19.448296Z[0m [33m WARN[0m [2mmoq_transport::session::reader[0m[2m:[0m [READER] decode: stream ended while waiting for data (have=0 bytes, need=1)
test-client-1  | [2m2026-07-12T01:04:19.448670Z[0m [33m WARN[0m [2mmoq_transport::session::reader[0m[2m:[0m [READER] decode: stream ended while waiting for data (have=0 bytes, need=1)
relay-1        | [2m2026-07-12T01:04:19.448774Z[0m [33m WARN[0m [2mmoq_relay_ietf::relay[0m[2m:[0m MoQ session error: decode error: fill buffer [3merror[0m[2m=[0mdecode error: fill buffer
relay-1        | [2m2026-07-12T01:04:19.449056Z[0m [33m WARN[0m [2mweb_transport_quinn::session[0m[2m:[0m failed to read capsule [3me[0m[2m=[0mUnexpectedEnd
test-client-1  | [2m2026-07-12T01:04:19.549532Z[0m [32m INFO[0m [2mmoq_test_client::scenarios[0m[2m:[0m PUBLISH_NAMESPACE_DONE sent successfully
test-client-1  | ok 6 - publish-namespace-done
test-client-1  |   ---
test-client-1  |   duration_ms: 2107
test-client-1  |   connection_id: dc18bbb081b0e8d9fe520ff22b281bd5
test-client-1  |   ...
[Ktest-client-1 exited with code 0
Aborting on container exit...
 Container main-test-client-1  Stopping
 Container main-test-client-1  Stopped
 Container main-relay-1  Stopping
 Container main-relay-1  Stopped

Test results in mlog/
make[1]: Leaving directory '/home/runner/work/moq-interop-runner/moq-interop-runner/main'
