make[1]: Entering directory '/home/runner/work/moq-interop-runner/moq-interop-runner/main'
Running tests against moqt://moqt.nokiaresearch.com:4443/moq...
  Client: ghcr.io/englishm/moq-interop-runner-moq-test-client-draft-18:latest
docker run --rm \
	 \
	--network host \
	-e RELAY_URL=moqt://moqt.nokiaresearch.com:4443/moq \
	-e TLS_DISABLE_VERIFY=false \
	ghcr.io/englishm/moq-interop-runner-moq-test-client-draft-18:latest
TAP version 14
# moq-test-client v0.1.12
# Relay: moqt://moqt.nokiaresearch.com:4443/moq
1..18
[2m2026-09-25T00:46:51.820043Z[0m [32m INFO[0m [2mmoq_native_ietf::quic[0m[2m:[0m UDP socket bound [3mbind[0m[2m=[0m[::]:0 [3mlocal[0m[2m=[0m[::]:47315 [3mdual_stack[0m[2m=[0mtrue
[2m2026-09-25T00:46:52.171807Z[0m [32m INFO[0m [2mmoq_test_client::scenarios[0m[2m:[0m SETUP exchange completed successfully
ok 1 - setup-only
  ---
  duration_ms: 352
  connection_id: cfb3b9e6a99158a41c0254301128382e
  ...
[2m2026-09-25T00:46:52.172910Z[0m [32m INFO[0m [2mmoq_native_ietf::quic[0m[2m:[0m UDP socket bound [3mbind[0m[2m=[0m[::]:0 [3mlocal[0m[2m=[0m[::]:54140 [3mdual_stack[0m[2m=[0mtrue
[2m2026-09-25T00:46:52.546469Z[0m [32m INFO[0m [2mmoq_test_client::scenarios[0m[2m:[0m Sending PUBLISH_NAMESPACE for: moq-test/interop
[2m2026-09-25T00:46:54.547063Z[0m [32m INFO[0m [2mmoq_test_client::scenarios[0m[2m:[0m PUBLISH_NAMESPACE succeeded (REQUEST_OK received, waiting for subscribers)
ok 2 - publish-namespace-only
  ---
  duration_ms: 2375
  connection_id: 94ccba04786ce15f618a71c452d56737
  ...
[2m2026-09-25T00:46:54.548317Z[0m [32m INFO[0m [2mmoq_native_ietf::quic[0m[2m:[0m UDP socket bound [3mbind[0m[2m=[0m[::]:0 [3mlocal[0m[2m=[0m[::]:47851 [3mdual_stack[0m[2m=[0mtrue
[2m2026-09-25T00:46:54.904681Z[0m [32m INFO[0m [2mmoq_test_client::scenarios[0m[2m:[0m Subscribing to non-existent track: nonexistent/namespace/test-track
[2m2026-09-25T00:46:55.008341Z[0m [33m WARN[0m [2mmoq_transport::serve::error[0m[2m:[0m [adafd214-81ce-47d7-9224-d45189071050] Not found: Track /nonexistent/namespace/test-track does not exist at moq-transport/src/session/subscriber.rs:1653
[2m2026-09-25T00:46:55.008413Z[0m [32m INFO[0m [2mmoq_test_client::scenarios[0m[2m:[0m Got expected 'not found' error: not found: Track not found [error:adafd214-81ce-47d7-9224-d45189071050]
ok 3 - subscribe-error
  ---
  duration_ms: 461
  connection_id: 133350d696ecd57f36836b0baa4160dc
  ...
[2m2026-09-25T00:46:55.009542Z[0m [32m INFO[0m [2mmoq_native_ietf::quic[0m[2m:[0m UDP socket bound [3mbind[0m[2m=[0m[::]:0 [3mlocal[0m[2m=[0m[::]:53809 [3mdual_stack[0m[2m=[0mtrue
[2m2026-09-25T00:46:55.366414Z[0m [32m INFO[0m [2mmoq_native_ietf::quic[0m[2m:[0m UDP socket bound [3mbind[0m[2m=[0m[::]:0 [3mlocal[0m[2m=[0m[::]:41199 [3mdual_stack[0m[2m=[0mtrue
[2m2026-09-25T00:46:55.717851Z[0m [32m INFO[0m [2mmoq_test_client::scenarios[0m[2m:[0m Publisher sending PUBLISH_NAMESPACE: moq-test/interop
[2m2026-09-25T00:46:55.717871Z[0m [32m INFO[0m [2mmoq_test_client::scenarios[0m[2m:[0m Subscriber subscribing to track: moq-test/interop/test-track
[2m2026-09-25T00:46:55.819369Z[0m [33m WARN[0m [2mmoq_transport::serve::error[0m[2m:[0m [5ff8b7d9-d320-479b-b515-810a27ee2bb5] Not found: Track /moq-test/interop/test-track does not exist at moq-transport/src/session/subscriber.rs:1653
[2m2026-09-25T00:46:55.819581Z[0m [32m INFO[0m [2mmoq_test_client::scenarios[0m[2m:[0m Subscriber got error: not found: Track not found [error:5ff8b7d9-d320-479b-b515-810a27ee2bb5] - subscription was processed
ok 4 - publish-namespace-subscribe
  ---
  duration_ms: 811
  publisher_connection_id: 592c8c8175b0869e943d7a058ed5ad46
  subscriber_connection_id: 3389a07106e7d1ac7a11b16dbe5c578a
  ...
[2m2026-09-25T00:46:55.820646Z[0m [32m INFO[0m [2mmoq_native_ietf::quic[0m[2m:[0m UDP socket bound [3mbind[0m[2m=[0m[::]:0 [3mlocal[0m[2m=[0m[::]:35807 [3mdual_stack[0m[2m=[0mtrue
[2m2026-09-25T00:46:56.145934Z[0m [32m INFO[0m [2mmoq_test_client::scenarios[0m[2m:[0m Subscriber subscribing BEFORE PUBLISH_NAMESPACE: moq-test/interop/test-track
[2m2026-09-25T00:46:56.247389Z[0m [33m WARN[0m [2mmoq_transport::serve::error[0m[2m:[0m [458e5ea8-6014-4bcc-bb0b-769da9da6914] Not found: Track /moq-test/interop/test-track does not exist at moq-transport/src/session/subscriber.rs:1653
[2m2026-09-25T00:46:56.648633Z[0m [32m INFO[0m [2mmoq_native_ietf::quic[0m[2m:[0m UDP socket bound [3mbind[0m[2m=[0m[::]:0 [3mlocal[0m[2m=[0m[::]:43980 [3mdual_stack[0m[2m=[0mtrue
[2m2026-09-25T00:46:57.001390Z[0m [32m INFO[0m [2mmoq_test_client::scenarios[0m[2m:[0m Publisher sending PUBLISH_NAMESPACE (after subscriber): moq-test/interop
[2m2026-09-25T00:47:00.002351Z[0m [32m INFO[0m [2mmoq_test_client::scenarios[0m[2m:[0m Publisher PUBLISH_NAMESPACE timeout (expected)
[2m2026-09-25T00:47:00.002380Z[0m [32m INFO[0m [2mmoq_test_client::scenarios[0m[2m:[0m Subscriber got error: not found: Track not found [error:458e5ea8-6014-4bcc-bb0b-769da9da6914] (may be expected)
ok 5 - subscribe-before-publish-namespace
  ---
  duration_ms: 4182
  subscriber_connection_id: 0c25d5bd0aaa2947ebb637dd3ead97a0
  publisher_connection_id: 20cd983e5a2711467010682694f315bc
  ...
[2m2026-09-25T00:47:00.003635Z[0m [32m INFO[0m [2mmoq_native_ietf::quic[0m[2m:[0m UDP socket bound [3mbind[0m[2m=[0m[::]:0 [3mlocal[0m[2m=[0m[::]:55169 [3mdual_stack[0m[2m=[0mtrue
[2m2026-09-25T00:47:00.317781Z[0m [32m INFO[0m [2mmoq_test_client::scenarios[0m[2m:[0m Sending PUBLISH_NAMESPACE: moq-test/interop
[2m2026-09-25T00:47:02.319086Z[0m [32m INFO[0m [2mmoq_test_client::scenarios[0m[2m:[0m PUBLISH_NAMESPACE active; sending PUBLISH_NAMESPACE_DONE
ok 6 - publish-namespace-done
  ---
  duration_ms: 2418
  connection_id: 8a78a5f5c1dcdff2720e06275ac8aba0
  ...
[2m2026-09-25T00:47:02.420575Z[0m [32m INFO[0m [2mmoq_test_client::scenarios[0m[2m:[0m PUBLISH_NAMESPACE_DONE sent successfully
[2m2026-09-25T00:47:02.421605Z[0m [32m INFO[0m [2mmoq_native_ietf::quic[0m[2m:[0m UDP socket bound [3mbind[0m[2m=[0m[::]:0 [3mlocal[0m[2m=[0m[::]:52926 [3mdual_stack[0m[2m=[0mtrue
[2m2026-09-25T00:47:02.813662Z[0m [32m INFO[0m [2mmoq_test_client::scenarios[0m[2m:[0m Publisher sending direct PUBLISH [3mnamespace[0m[2m=[0m/moq-test/publish [3mtrack[0m[2m=[0m"published-track"
[2m2026-09-25T00:47:02.914573Z[0m [32m INFO[0m [2mmoq_test_client::scenarios[0m[2m:[0m PUBLISH accepted [3mnamespace[0m[2m=[0m/moq-test/publish [3mtrack[0m[2m=[0m"published-track"
ok 7 - publish-track-only
  ---
  duration_ms: 494
  connection_id: 75727e460dd31f0ccd1a11bfee31c121
  ...
[2m2026-09-25T00:47:02.914881Z[0m [32m INFO[0m [2mmoq_test_client::scenarios[0m[2m:[0m PUBLISH completed [3mnamespace[0m[2m=[0m/moq-test/publish [3mtrack[0m[2m=[0m"published-track"
[2m2026-09-25T00:47:02.915800Z[0m [32m INFO[0m [2mmoq_native_ietf::quic[0m[2m:[0m UDP socket bound [3mbind[0m[2m=[0m[::]:0 [3mlocal[0m[2m=[0m[::]:47085 [3mdual_stack[0m[2m=[0mtrue
[2m2026-09-25T00:47:03.343145Z[0m [32m INFO[0m [2mmoq_native_ietf::quic[0m[2m:[0m UDP socket bound [3mbind[0m[2m=[0m[::]:0 [3mlocal[0m[2m=[0m[::]:55800 [3mdual_stack[0m[2m=[0mtrue
[2m2026-09-25T00:47:03.741588Z[0m [32m INFO[0m [2mmoq_test_client::scenarios[0m[2m:[0m Publisher sending direct PUBLISH before subscriber subscribes [3mnamespace[0m[2m=[0m/moq-test/publish [3mtrack[0m[2m=[0m"published-track"
[2m2026-09-25T00:47:03.844909Z[0m [32m INFO[0m [2mmoq_test_client::scenarios[0m[2m:[0m PUBLISH accepted; starting subscriber [3mnamespace[0m[2m=[0m/moq-test/publish [3mtrack[0m[2m=[0m"published-track"
[2m2026-09-25T00:47:09.048247Z[0m [33m WARN[0m [2mmoq_transport::session::subscriber[0m[2m:[0m PUBLISH_DONE Stream Count was never reached; ending subscription on timer [3mrequest_id[0m[2m=[0m0 [3mtimeout_ms[0m[2m=[0m5000
not ok 8 - publish-track-subscribe
  ---
  duration_ms: 6133
  message: "subscriber track mode failed: closed, code=2"
  ...
[2m2026-09-25T00:47:09.049384Z[0m [32m INFO[0m [2mmoq_native_ietf::quic[0m[2m:[0m UDP socket bound [3mbind[0m[2m=[0m[::]:0 [3mlocal[0m[2m=[0m[::]:34794 [3mdual_stack[0m[2m=[0mtrue
[2m2026-09-25T00:47:09.385779Z[0m [32m INFO[0m [2mmoq_test_client::scenarios[0m[2m:[0m Subscribing with RENDEZVOUS_TIMEOUT to a track with no publisher [3mtimeout_ms[0m[2m=[0m500
ok 9 - rendezvous-timeout
  ---
  duration_ms: 941
  connection_id: 65a2c939feea8717ce6b1964b450dbaa
  ...
[2m2026-09-25T00:47:09.989391Z[0m [32m INFO[0m [2mmoq_test_client::scenarios[0m[2m:[0m Received expected REQUEST_ERROR TIMEOUT
[2m2026-09-25T00:47:09.990426Z[0m [32m INFO[0m [2mmoq_native_ietf::quic[0m[2m:[0m UDP socket bound [3mbind[0m[2m=[0m[::]:0 [3mlocal[0m[2m=[0m[::]:47260 [3mdual_stack[0m[2m=[0mtrue
[2m2026-09-25T00:47:10.702655Z[0m [32m INFO[0m [2mmoq_native_ietf::quic[0m[2m:[0m UDP socket bound [3mbind[0m[2m=[0m[::]:0 [3mlocal[0m[2m=[0m[::]:37903 [3mdual_stack[0m[2m=[0mtrue
[2m2026-09-25T00:47:11.128129Z[0m [32m INFO[0m [2mmoq_test_client::moqtest[0m[2m:[0m PUBLISH accepted and subscription bound; generating objects [3mobjects[0m[2m=[0m15 [3mstreams[0m[2m=[0m3
[2m2026-09-25T00:47:11.174353Z[0m [32m INFO[0m [2mmoq_test_client::moqtest[0m[2m:[0m PUBLISH completed
ok 10 - moq-test-subgroup-per-group
  ---
  duration_ms: 1289
  subscriber_connection_id: 7beb9e88acc1ef8131847008b0f0a188
  publisher_connection_id: 37b52e52f00a6a2581623930dd6cc4fa
  ...
[2m2026-09-25T00:47:11.279263Z[0m [32m INFO[0m [2mmoq_test_client[0m[2m:[0m moq-test passed: objects 15/15, eog 0/0, streams 3, publish_done status=2 stream_count=3 reason=ReasonPhrase("publish ended")
[2m2026-09-25T00:47:11.280186Z[0m [32m INFO[0m [2mmoq_native_ietf::quic[0m[2m:[0m UDP socket bound [3mbind[0m[2m=[0m[::]:0 [3mlocal[0m[2m=[0m[::]:60073 [3mdual_stack[0m[2m=[0mtrue
[2m2026-09-25T00:47:11.809852Z[0m [32m INFO[0m [2mmoq_native_ietf::quic[0m[2m:[0m UDP socket bound [3mbind[0m[2m=[0m[::]:0 [3mlocal[0m[2m=[0m[::]:60529 [3mdual_stack[0m[2m=[0mtrue
[2m2026-09-25T00:47:12.252857Z[0m [32m INFO[0m [2mmoq_test_client::moqtest[0m[2m:[0m PUBLISH accepted and subscription bound; generating objects [3mobjects[0m[2m=[0m15 [3mstreams[0m[2m=[0m3
[2m2026-09-25T00:47:12.309490Z[0m [32m INFO[0m [2mmoq_test_client::moqtest[0m[2m:[0m PUBLISH completed
[2m2026-09-25T00:47:12.410575Z[0m [32m INFO[0m [2mmoq_test_client[0m[2m:[0m moq-test passed: objects 15/15, eog 3/3, streams 3, publish_done status=2 stream_count=3 reason=ReasonPhrase("publish ended")
[2m2026-09-25T00:47:12.411476Z[0m [32m INFO[0m [2mmoq_native_ietf::quic[0m[2m:[0m UDP socket bound [3mbind[0m[2m=[0m[::]:0 [3mlocal[0m[2m=[0m[::]:38295 [3mdual_stack[0m[2m=[0mtrue
ok 11 - moq-test-subgroup-per-group-eog
  ---
  duration_ms: 1131
  subscriber_connection_id: c9ffa4c406f3953178f73b58c6e59588
  publisher_connection_id: 5c337f61d1563560c9a4726ba6201c10
  ...
[2m2026-09-25T00:47:12.921410Z[0m [32m INFO[0m [2mmoq_native_ietf::quic[0m[2m:[0m UDP socket bound [3mbind[0m[2m=[0m[::]:0 [3mlocal[0m[2m=[0m[::]:45462 [3mdual_stack[0m[2m=[0mtrue
[2m2026-09-25T00:47:13.449366Z[0m [32m INFO[0m [2mmoq_test_client::moqtest[0m[2m:[0m PUBLISH accepted and subscription bound; generating objects [3mobjects[0m[2m=[0m8 [3mstreams[0m[2m=[0m8
[2m2026-09-25T00:47:13.475053Z[0m [32m INFO[0m [2mmoq_test_client::moqtest[0m[2m:[0m PUBLISH completed
[2m2026-09-25T00:47:18.581599Z[0m [33m WARN[0m [2mmoq_transport::session::subscriber[0m[2m:[0m PUBLISH_DONE Stream Count was never reached; ending subscription on timer [3mrequest_id[0m[2m=[0m0 [3mtimeout_ms[0m[2m=[0m5000
not ok 12 - moq-test-subgroup-per-object
  ---
  duration_ms: 6171
  message: "moq-test verification failed: PUBLISH_DONE stream count 4611686018427387903 != expected 8"
  ...
[2m2026-09-25T00:47:18.582902Z[0m [32m INFO[0m [2mmoq_native_ietf::quic[0m[2m:[0m UDP socket bound [3mbind[0m[2m=[0m[::]:0 [3mlocal[0m[2m=[0m[::]:53694 [3mdual_stack[0m[2m=[0mtrue
[2m2026-09-25T00:47:19.096073Z[0m [32m INFO[0m [2mmoq_native_ietf::quic[0m[2m:[0m UDP socket bound [3mbind[0m[2m=[0m[::]:0 [3mlocal[0m[2m=[0m[::]:37087 [3mdual_stack[0m[2m=[0mtrue
[2m2026-09-25T00:47:19.513149Z[0m [32m INFO[0m [2mmoq_test_client::moqtest[0m[2m:[0m PUBLISH accepted and subscription bound; generating objects [3mobjects[0m[2m=[0m18 [3mstreams[0m[2m=[0m6
[2m2026-09-25T00:47:19.579239Z[0m [32m INFO[0m [2mmoq_test_client::moqtest[0m[2m:[0m PUBLISH completed
[2m2026-09-25T00:47:19.684641Z[0m [32m INFO[0m [2mmoq_test_client[0m[2m:[0m moq-test passed: objects 18/18, eog 3/3, streams 6, publish_done status=2 stream_count=6 reason=ReasonPhrase("publish ended")
ok 13 - moq-test-two-subgroups-eog
  ---
  duration_ms: 1102
  subscriber_connection_id: ca9f72de8bd90799705df2ffb2d1a814
  publisher_connection_id: ce5d8f355b3329ea441430c725050d49
  ...
[2m2026-09-25T00:47:19.685543Z[0m [32m INFO[0m [2mmoq_native_ietf::quic[0m[2m:[0m UDP socket bound [3mbind[0m[2m=[0m[::]:0 [3mlocal[0m[2m=[0m[::]:48630 [3mdual_stack[0m[2m=[0mtrue
[2m2026-09-25T00:47:20.314745Z[0m [32m INFO[0m [2mmoq_native_ietf::quic[0m[2m:[0m UDP socket bound [3mbind[0m[2m=[0m[::]:0 [3mlocal[0m[2m=[0m[::]:53472 [3mdual_stack[0m[2m=[0mtrue
[2m2026-09-25T00:47:20.747903Z[0m [32m INFO[0m [2mmoq_test_client::moqtest[0m[2m:[0m PUBLISH accepted and subscription bound; generating objects [3mobjects[0m[2m=[0m15 [3mstreams[0m[2m=[0m0
[2m2026-09-25T00:47:21.064726Z[0m [32m INFO[0m [2mmoq_test_client::moqtest[0m[2m:[0m PUBLISH completed
[2m2026-09-25T00:47:21.166149Z[0m [32m INFO[0m [2mmoq_test_client[0m[2m:[0m moq-test passed: objects 15/15, eog 0/0, streams 0, publish_done status=2 stream_count=0 reason=ReasonPhrase("publish ended")
ok 14 - moq-test-datagram
  ---
  duration_ms: 1481
  subscriber_connection_id: 24daf554a27421498496becc6da3e822
  publisher_connection_id: 137648e0502c4133f4c5552409df35ee
  ...
[2m2026-09-25T00:47:21.167073Z[0m [32m INFO[0m [2mmoq_native_ietf::quic[0m[2m:[0m UDP socket bound [3mbind[0m[2m=[0m[::]:0 [3mlocal[0m[2m=[0m[::]:57693 [3mdual_stack[0m[2m=[0mtrue
[2m2026-09-25T00:47:21.693315Z[0m [32m INFO[0m [2mmoq_native_ietf::quic[0m[2m:[0m UDP socket bound [3mbind[0m[2m=[0m[::]:0 [3mlocal[0m[2m=[0m[::]:58836 [3mdual_stack[0m[2m=[0mtrue
[2m2026-09-25T00:47:22.207392Z[0m [32m INFO[0m [2mmoq_test_client::moqtest[0m[2m:[0m PUBLISH accepted and subscription bound; generating objects [3mobjects[0m[2m=[0m15 [3mstreams[0m[2m=[0m0
[2m2026-09-25T00:47:22.588405Z[0m [32m INFO[0m [2mmoq_test_client::moqtest[0m[2m:[0m PUBLISH completed
[2m2026-09-25T00:47:27.697570Z[0m [33m WARN[0m [2mmoq_transport::session::subscriber[0m[2m:[0m PUBLISH_DONE Stream Count was never reached; ending subscription on timer [3mrequest_id[0m[2m=[0m0 [3mtimeout_ms[0m[2m=[0m5000
not ok 15 - moq-test-datagram-eog
  ---
  duration_ms: 6531
  message: "moq-test verification failed: PUBLISH_DONE stream count 4611686018427387903 != expected 0"
  ...
[2m2026-09-25T00:47:27.698831Z[0m [32m INFO[0m [2mmoq_native_ietf::quic[0m[2m:[0m UDP socket bound [3mbind[0m[2m=[0m[::]:0 [3mlocal[0m[2m=[0m[::]:49586 [3mdual_stack[0m[2m=[0mtrue
[2m2026-09-25T00:47:28.228567Z[0m [32m INFO[0m [2mmoq_native_ietf::quic[0m[2m:[0m UDP socket bound [3mbind[0m[2m=[0m[::]:0 [3mlocal[0m[2m=[0m[::]:33903 [3mdual_stack[0m[2m=[0mtrue
[2m2026-09-25T00:47:28.680037Z[0m [32m INFO[0m [2mmoq_test_client::moqtest[0m[2m:[0m PUBLISH accepted and subscription bound; generating objects [3mobjects[0m[2m=[0m15 [3mstreams[0m[2m=[0m3
[2m2026-09-25T00:47:28.734758Z[0m [32m INFO[0m [2mmoq_test_client::moqtest[0m[2m:[0m PUBLISH completed
[2m2026-09-25T00:47:28.836184Z[0m [32m INFO[0m [2mmoq_test_client[0m[2m:[0m moq-test passed: objects 15/15, eog 3/3, streams 3, publish_done status=2 stream_count=3 reason=ReasonPhrase("publish ended")
ok 16 - moq-test-extensions
  ---
  duration_ms: 1138
  subscriber_connection_id: 58c7822bddafac915a03a26dc6d1cdeb
  publisher_connection_id: b5f7e49ff3cc680ac9f8540c59d5db23
  ...
[2m2026-09-25T00:47:28.837095Z[0m [32m INFO[0m [2mmoq_native_ietf::quic[0m[2m:[0m UDP socket bound [3mbind[0m[2m=[0m[::]:0 [3mlocal[0m[2m=[0m[::]:59555 [3mdual_stack[0m[2m=[0mtrue
[2m2026-09-25T00:47:29.439545Z[0m [32m INFO[0m [2mmoq_native_ietf::quic[0m[2m:[0m UDP socket bound [3mbind[0m[2m=[0m[::]:0 [3mlocal[0m[2m=[0m[::]:43353 [3mdual_stack[0m[2m=[0mtrue
[2m2026-09-25T00:47:29.873855Z[0m [32m INFO[0m [2mmoq_test_client::moqtest[0m[2m:[0m PUBLISH accepted and subscription bound; generating objects [3mobjects[0m[2m=[0m9 [3mstreams[0m[2m=[0m3
[2m2026-09-25T00:47:29.902789Z[0m [32m INFO[0m [2mmoq_test_client::moqtest[0m[2m:[0m PUBLISH completed
[2m2026-09-25T00:47:30.006179Z[0m [32m INFO[0m [2mmoq_test_client[0m[2m:[0m moq-test passed: objects 9/9, eog 0/0, streams 3, publish_done status=2 stream_count=3 reason=ReasonPhrase("publish ended")
ok 17 - moq-test-increments
  ---
  duration_ms: 1169
  subscriber_connection_id: e999090229e4f43ac6566c896e9d2aaf
  publisher_connection_id: e0fd9301f26fd8e75cae1df48b8596c7
  ...
[2m2026-09-25T00:47:30.007081Z[0m [32m INFO[0m [2mmoq_native_ietf::quic[0m[2m:[0m UDP socket bound [3mbind[0m[2m=[0m[::]:0 [3mlocal[0m[2m=[0m[::]:34232 [3mdual_stack[0m[2m=[0mtrue
[2m2026-09-25T00:47:30.515940Z[0m [32m INFO[0m [2mmoq_native_ietf::quic[0m[2m:[0m UDP socket bound [3mbind[0m[2m=[0m[::]:0 [3mlocal[0m[2m=[0m[::]:43782 [3mdual_stack[0m[2m=[0mtrue
[2m2026-09-25T00:47:30.937250Z[0m [32m INFO[0m [2mmoq_test_client::moqtest[0m[2m:[0m PUBLISH accepted and subscription bound; generating objects [3mobjects[0m[2m=[0m6 [3mstreams[0m[2m=[0m2
[2m2026-09-25T00:47:30.956527Z[0m [32m INFO[0m [2mmoq_test_client::moqtest[0m[2m:[0m PUBLISH completed
[2m2026-09-25T00:47:36.061606Z[0m [33m WARN[0m [2mmoq_transport::session::subscriber[0m[2m:[0m PUBLISH_DONE Stream Count was never reached; ending subscription on timer [3mrequest_id[0m[2m=[0m0 [3mtimeout_ms[0m[2m=[0m5000
not ok 18 - moq-test-forward-zero
  ---
  duration_ms: 6055
  message: "moq-test verification failed: PUBLISH_DONE stream count 2 != expected 0"
  ...
make[1]: *** [Makefile:122: test-external] Error 1
make[1]: Leaving directory '/home/runner/work/moq-interop-runner/moq-interop-runner/main'
