make[1]: Entering directory '/home/runner/work/moq-interop-runner/moq-interop-runner/main'
Running tests against moqt://lminiero.it:9000...
  Client: ghcr.io/englishm/moq-interop-runner-moq-test-client-draft-18:latest
docker run --rm \
	 \
	--network host \
	-e RELAY_URL=moqt://lminiero.it:9000 \
	-e TLS_DISABLE_VERIFY=false \
	ghcr.io/englishm/moq-interop-runner-moq-test-client-draft-18:latest
TAP version 14
# moq-test-client v0.1.12
# Relay: moqt://lminiero.it:9000
1..18
[2m2026-09-25T00:42:13.987644Z[0m [32m INFO[0m [2mmoq_native_ietf::quic[0m[2m:[0m UDP socket bound [3mbind[0m[2m=[0m[::]:0 [3mlocal[0m[2m=[0m[::]:37278 [3mdual_stack[0m[2m=[0mtrue
[2m2026-09-25T00:42:14.217164Z[0m [32m INFO[0m [2mmoq_test_client::scenarios[0m[2m:[0m SETUP exchange completed successfully
ok 1 - setup-only
  ---
  duration_ms: 230
  connection_id: 4c0680d1c32ef5339a931fe4d76ca055
  ...
[2m2026-09-25T00:42:14.218148Z[0m [32m INFO[0m [2mmoq_native_ietf::quic[0m[2m:[0m UDP socket bound [3mbind[0m[2m=[0m[::]:0 [3mlocal[0m[2m=[0m[::]:50018 [3mdual_stack[0m[2m=[0mtrue
[2m2026-09-25T00:42:14.447185Z[0m [32m INFO[0m [2mmoq_test_client::scenarios[0m[2m:[0m Sending PUBLISH_NAMESPACE for: moq-test/interop
[2m2026-09-25T00:42:16.448415Z[0m [32m INFO[0m [2mmoq_test_client::scenarios[0m[2m:[0m PUBLISH_NAMESPACE succeeded (REQUEST_OK received, waiting for subscribers)
ok 2 - publish-namespace-only
  ---
  duration_ms: 2231
  connection_id: 33d711fde322a64ba44064de3598cb3a
  ...
[2m2026-09-25T00:42:16.449647Z[0m [32m INFO[0m [2mmoq_native_ietf::quic[0m[2m:[0m UDP socket bound [3mbind[0m[2m=[0m[::]:0 [3mlocal[0m[2m=[0m[::]:56753 [3mdual_stack[0m[2m=[0mtrue
[2m2026-09-25T00:42:16.671635Z[0m [32m INFO[0m [2mmoq_test_client::scenarios[0m[2m:[0m Subscribing to non-existent track: nonexistent/namespace/test-track
[2m2026-09-25T00:42:16.777078Z[0m [33m WARN[0m [2mmoq_transport::serve::error[0m[2m:[0m [2ac9ab24-6b3a-4a5c-90b0-ce026e4be0ed] Not found: Namespace not found at moq-transport/src/session/subscriber.rs:1653
[2m2026-09-25T00:42:16.777252Z[0m [32m INFO[0m [2mmoq_test_client::scenarios[0m[2m:[0m Got expected 'not found' error: not found: Track not found [error:2ac9ab24-6b3a-4a5c-90b0-ce026e4be0ed]
ok 3 - subscribe-error
  ---
  duration_ms: 328
  connection_id: 2134b25e91422f9eac37b8921d6c294c
  ...
[2m2026-09-25T00:42:16.778575Z[0m [32m INFO[0m [2mmoq_native_ietf::quic[0m[2m:[0m UDP socket bound [3mbind[0m[2m=[0m[::]:0 [3mlocal[0m[2m=[0m[::]:35535 [3mdual_stack[0m[2m=[0mtrue
[2m2026-09-25T00:42:17.009220Z[0m [32m INFO[0m [2mmoq_native_ietf::quic[0m[2m:[0m UDP socket bound [3mbind[0m[2m=[0m[::]:0 [3mlocal[0m[2m=[0m[::]:44017 [3mdual_stack[0m[2m=[0mtrue
[2m2026-09-25T00:42:17.447552Z[0m [32m INFO[0m [2mmoq_test_client::scenarios[0m[2m:[0m Publisher sending PUBLISH_NAMESPACE: moq-test/interop
[2m2026-09-25T00:42:17.447570Z[0m [32m INFO[0m [2mmoq_test_client::scenarios[0m[2m:[0m Subscriber subscribing to track: moq-test/interop/test-track
[2m2026-09-25T00:42:20.449332Z[0m [32m INFO[0m [2mmoq_test_client::scenarios[0m[2m:[0m Test timeout reached - subscription routing may still be in progress
ok 4 - publish-namespace-subscribe
  ---
  duration_ms: 3672
  publisher_connection_id: 59db358a83d0374c41436092b2dcc101
  subscriber_connection_id: cac3d223c4d14de4eb82dd58581f1706
  ...
[2m2026-09-25T00:42:20.450603Z[0m [32m INFO[0m [2mmoq_native_ietf::quic[0m[2m:[0m UDP socket bound [3mbind[0m[2m=[0m[::]:0 [3mlocal[0m[2m=[0m[::]:34174 [3mdual_stack[0m[2m=[0mtrue
[2m2026-09-25T00:42:23.674304Z[0m [32m INFO[0m [2mmoq_test_client::scenarios[0m[2m:[0m Subscriber subscribing BEFORE PUBLISH_NAMESPACE: moq-test/interop/test-track
[2m2026-09-25T00:42:23.782259Z[0m [33m WARN[0m [2mmoq_transport::serve::error[0m[2m:[0m [dfca81bd-19ce-4592-845b-3076b578b88f] Not found: Namespace not found at moq-transport/src/session/subscriber.rs:1653
[2m2026-09-25T00:42:24.176338Z[0m [32m INFO[0m [2mmoq_native_ietf::quic[0m[2m:[0m UDP socket bound [3mbind[0m[2m=[0m[::]:0 [3mlocal[0m[2m=[0m[::]:40946 [3mdual_stack[0m[2m=[0mtrue
[2m2026-09-25T00:42:24.405281Z[0m [32m INFO[0m [2mmoq_test_client::scenarios[0m[2m:[0m Publisher sending PUBLISH_NAMESPACE (after subscriber): moq-test/interop
[2m2026-09-25T00:42:27.406121Z[0m [32m INFO[0m [2mmoq_test_client::scenarios[0m[2m:[0m Publisher PUBLISH_NAMESPACE timeout (expected)
[2m2026-09-25T00:42:27.406146Z[0m [32m INFO[0m [2mmoq_test_client::scenarios[0m[2m:[0m Subscriber got error: not found: Track not found [error:dfca81bd-19ce-4592-845b-3076b578b88f] (may be expected)
ok 5 - subscribe-before-publish-namespace
  ---
  duration_ms: 6956
  subscriber_connection_id: e6c3fc7d397864dc60fd144a6a40b0bf
  publisher_connection_id: 181f784dfb4d45accbf7208bd0e1255c
  ...
[2m2026-09-25T00:42:27.407356Z[0m [32m INFO[0m [2mmoq_native_ietf::quic[0m[2m:[0m UDP socket bound [3mbind[0m[2m=[0m[::]:0 [3mlocal[0m[2m=[0m[::]:41835 [3mdual_stack[0m[2m=[0mtrue
[2m2026-09-25T00:42:27.634317Z[0m [32m INFO[0m [2mmoq_test_client::scenarios[0m[2m:[0m Sending PUBLISH_NAMESPACE: moq-test/interop
[2m2026-09-25T00:42:29.635278Z[0m [32m INFO[0m [2mmoq_test_client::scenarios[0m[2m:[0m PUBLISH_NAMESPACE active; sending PUBLISH_NAMESPACE_DONE
[2m2026-09-25T00:42:29.735694Z[0m [32m INFO[0m [2mmoq_test_client::scenarios[0m[2m:[0m PUBLISH_NAMESPACE_DONE sent successfully
ok 6 - publish-namespace-done
  ---
  duration_ms: 2329
  connection_id: a1934fac576e241b64b82736f2985ac9
  ...
[2m2026-09-25T00:42:29.736553Z[0m [32m INFO[0m [2mmoq_native_ietf::quic[0m[2m:[0m UDP socket bound [3mbind[0m[2m=[0m[::]:0 [3mlocal[0m[2m=[0m[::]:34461 [3mdual_stack[0m[2m=[0mtrue
[2m2026-09-25T00:42:29.965509Z[0m [32m INFO[0m [2mmoq_test_client::scenarios[0m[2m:[0m Publisher sending direct PUBLISH [3mnamespace[0m[2m=[0m/moq-test/publish [3mtrack[0m[2m=[0m"published-track"
[2m2026-09-25T00:42:30.074337Z[0m [32m INFO[0m [2mmoq_test_client::scenarios[0m[2m:[0m PUBLISH accepted [3mnamespace[0m[2m=[0m/moq-test/publish [3mtrack[0m[2m=[0m"published-track"
[2m2026-09-25T00:42:30.074455Z[0m [32m INFO[0m [2mmoq_test_client::scenarios[0m[2m:[0m PUBLISH completed [3mnamespace[0m[2m=[0m/moq-test/publish [3mtrack[0m[2m=[0m"published-track"
ok 7 - publish-track-only
  ---
  duration_ms: 338
  connection_id: f54fa1f4e74a065a956da53acb58b23b
  ...
[2m2026-09-25T00:42:30.075517Z[0m [32m INFO[0m [2mmoq_native_ietf::quic[0m[2m:[0m UDP socket bound [3mbind[0m[2m=[0m[::]:0 [3mlocal[0m[2m=[0m[::]:54402 [3mdual_stack[0m[2m=[0mtrue
[2m2026-09-25T00:42:30.302653Z[0m [32m INFO[0m [2mmoq_native_ietf::quic[0m[2m:[0m UDP socket bound [3mbind[0m[2m=[0m[::]:0 [3mlocal[0m[2m=[0m[::]:59269 [3mdual_stack[0m[2m=[0mtrue
[2m2026-09-25T00:42:30.752090Z[0m [32m INFO[0m [2mmoq_test_client::scenarios[0m[2m:[0m Publisher sending direct PUBLISH before subscriber subscribes [3mnamespace[0m[2m=[0m/moq-test/publish [3mtrack[0m[2m=[0m"published-track"
[2m2026-09-25T00:42:30.858399Z[0m [32m INFO[0m [2mmoq_test_client::scenarios[0m[2m:[0m PUBLISH accepted; starting subscriber [3mnamespace[0m[2m=[0m/moq-test/publish [3mtrack[0m[2m=[0m"published-track"
not ok 8 - publish-track-subscribe
  ---
  duration_ms: 994
  message: "subscriber track mode failed: closed, code=3"
  ...
[2m2026-09-25T00:42:31.070407Z[0m [32m INFO[0m [2mmoq_native_ietf::quic[0m[2m:[0m UDP socket bound [3mbind[0m[2m=[0m[::]:0 [3mlocal[0m[2m=[0m[::]:50349 [3mdual_stack[0m[2m=[0mtrue
[2m2026-09-25T00:42:31.300330Z[0m [32m INFO[0m [2mmoq_test_client::scenarios[0m[2m:[0m Subscribing with RENDEZVOUS_TIMEOUT to a track with no publisher [3mtimeout_ms[0m[2m=[0m500
[2m2026-09-25T00:42:31.409644Z[0m [33m WARN[0m [2mmoq_transport::serve::error[0m[2m:[0m [3ea39ac9-e06f-444e-8b57-7d006469caaa] Not found: Namespace not found at moq-transport/src/session/subscriber.rs:1653
not ok 9 - rendezvous-timeout
  ---
  duration_ms: 340
  message: "expected REQUEST_ERROR TIMEOUT, got: not found: Track not found [error:3ea39ac9-e06f-444e-8b57-7d006469caaa]"
  ...
[2m2026-09-25T00:42:31.410805Z[0m [32m INFO[0m [2mmoq_native_ietf::quic[0m[2m:[0m UDP socket bound [3mbind[0m[2m=[0m[::]:0 [3mlocal[0m[2m=[0m[::]:57661 [3mdual_stack[0m[2m=[0mtrue
[2m2026-09-25T00:42:31.748385Z[0m [33m WARN[0m [2mmoq_transport::serve::error[0m[2m:[0m [eae348f1-c683-48bd-8ced-f9156f2a4008] Not found: Namespace not found at moq-transport/src/session/subscriber.rs:1653
[2m2026-09-25T00:42:31.841749Z[0m [32m INFO[0m [2mmoq_native_ietf::quic[0m[2m:[0m UDP socket bound [3mbind[0m[2m=[0m[::]:0 [3mlocal[0m[2m=[0m[::]:40766 [3mdual_stack[0m[2m=[0mtrue
not ok 10 - moq-test-subgroup-per-group
  ---
  duration_ms: 768
  message: "subscriber setup failed before generation started"
  ...
[2m2026-09-25T00:42:32.179333Z[0m [32m INFO[0m [2mmoq_native_ietf::quic[0m[2m:[0m UDP socket bound [3mbind[0m[2m=[0m[::]:0 [3mlocal[0m[2m=[0m[::]:57929 [3mdual_stack[0m[2m=[0mtrue
[2m2026-09-25T00:42:32.515880Z[0m [33m WARN[0m [2mmoq_transport::serve::error[0m[2m:[0m [eb356a77-3bc1-4a3d-84f1-ab6cb8b64c80] Not found: Namespace not found at moq-transport/src/session/subscriber.rs:1653
[2m2026-09-25T00:42:32.610052Z[0m [32m INFO[0m [2mmoq_native_ietf::quic[0m[2m:[0m UDP socket bound [3mbind[0m[2m=[0m[::]:0 [3mlocal[0m[2m=[0m[::]:37199 [3mdual_stack[0m[2m=[0mtrue
not ok 11 - moq-test-subgroup-per-group-eog
  ---
  duration_ms: 762
  message: "subscriber setup failed before generation started"
  ...
[2m2026-09-25T00:42:32.942079Z[0m [32m INFO[0m [2mmoq_native_ietf::quic[0m[2m:[0m UDP socket bound [3mbind[0m[2m=[0m[::]:0 [3mlocal[0m[2m=[0m[::]:51385 [3mdual_stack[0m[2m=[0mtrue
[2m2026-09-25T00:42:33.278911Z[0m [33m WARN[0m [2mmoq_transport::serve::error[0m[2m:[0m [a855da3e-bca4-4260-8164-643daaadcbe0] Not found: Namespace not found at moq-transport/src/session/subscriber.rs:1653
[2m2026-09-25T00:42:33.373140Z[0m [32m INFO[0m [2mmoq_native_ietf::quic[0m[2m:[0m UDP socket bound [3mbind[0m[2m=[0m[::]:0 [3mlocal[0m[2m=[0m[::]:35263 [3mdual_stack[0m[2m=[0mtrue
not ok 12 - moq-test-subgroup-per-object
  ---
  duration_ms: 766
  message: "subscriber setup failed before generation started"
  ...
[2m2026-09-25T00:42:33.708928Z[0m [32m INFO[0m [2mmoq_native_ietf::quic[0m[2m:[0m UDP socket bound [3mbind[0m[2m=[0m[::]:0 [3mlocal[0m[2m=[0m[::]:47760 [3mdual_stack[0m[2m=[0mtrue
[2m2026-09-25T00:42:34.045083Z[0m [33m WARN[0m [2mmoq_transport::serve::error[0m[2m:[0m [9a3732cc-92e1-46cf-83f2-34e366fc7ebb] Not found: Namespace not found at moq-transport/src/session/subscriber.rs:1653
[2m2026-09-25T00:42:34.139155Z[0m [32m INFO[0m [2mmoq_native_ietf::quic[0m[2m:[0m UDP socket bound [3mbind[0m[2m=[0m[::]:0 [3mlocal[0m[2m=[0m[::]:54876 [3mdual_stack[0m[2m=[0mtrue
not ok 13 - moq-test-two-subgroups-eog
  ---
  duration_ms: 770
  message: "subscriber setup failed before generation started"
  ...
[2m2026-09-25T00:42:34.479010Z[0m [32m INFO[0m [2mmoq_native_ietf::quic[0m[2m:[0m UDP socket bound [3mbind[0m[2m=[0m[::]:0 [3mlocal[0m[2m=[0m[::]:50857 [3mdual_stack[0m[2m=[0mtrue
[2m2026-09-25T00:42:35.231648Z[0m [33m WARN[0m [2mmoq_transport::serve::error[0m[2m:[0m [c7f90246-6001-4c26-87f5-541bb20ffbaf] Not found: Namespace not found at moq-transport/src/session/subscriber.rs:1653
[2m2026-09-25T00:42:35.326119Z[0m [32m INFO[0m [2mmoq_native_ietf::quic[0m[2m:[0m UDP socket bound [3mbind[0m[2m=[0m[::]:0 [3mlocal[0m[2m=[0m[::]:51187 [3mdual_stack[0m[2m=[0mtrue
not ok 14 - moq-test-datagram
  ---
  duration_ms: 1187
  message: "subscriber setup failed before generation started"
  ...
[2m2026-09-25T00:42:35.667083Z[0m [32m INFO[0m [2mmoq_native_ietf::quic[0m[2m:[0m UDP socket bound [3mbind[0m[2m=[0m[::]:0 [3mlocal[0m[2m=[0m[::]:59045 [3mdual_stack[0m[2m=[0mtrue
[2m2026-09-25T00:42:35.996028Z[0m [33m WARN[0m [2mmoq_transport::serve::error[0m[2m:[0m [d54cbba7-9f5a-4bdd-a535-9db784b83a51] Not found: Namespace not found at moq-transport/src/session/subscriber.rs:1653
[2m2026-09-25T00:42:36.091999Z[0m [32m INFO[0m [2mmoq_native_ietf::quic[0m[2m:[0m UDP socket bound [3mbind[0m[2m=[0m[::]:0 [3mlocal[0m[2m=[0m[::]:34721 [3mdual_stack[0m[2m=[0mtrue
not ok 15 - moq-test-datagram-eog
  ---
  duration_ms: 1072
  message: "subscriber setup failed before generation started"
  ...
[2m2026-09-25T00:42:36.739540Z[0m [32m INFO[0m [2mmoq_native_ietf::quic[0m[2m:[0m UDP socket bound [3mbind[0m[2m=[0m[::]:0 [3mlocal[0m[2m=[0m[::]:56824 [3mdual_stack[0m[2m=[0mtrue
[2m2026-09-25T00:42:37.069417Z[0m [33m WARN[0m [2mmoq_transport::serve::error[0m[2m:[0m [6c71c4c5-8bfa-46ff-b129-7e3329dd7953] Not found: Namespace not found at moq-transport/src/session/subscriber.rs:1653
[2m2026-09-25T00:42:37.164528Z[0m [32m INFO[0m [2mmoq_native_ietf::quic[0m[2m:[0m UDP socket bound [3mbind[0m[2m=[0m[::]:0 [3mlocal[0m[2m=[0m[::]:57907 [3mdual_stack[0m[2m=[0mtrue
not ok 16 - moq-test-extensions
  ---
  duration_ms: 762
  message: "subscriber setup failed before generation started"
  ...
[2m2026-09-25T00:42:37.502158Z[0m [32m INFO[0m [2mmoq_native_ietf::quic[0m[2m:[0m UDP socket bound [3mbind[0m[2m=[0m[::]:0 [3mlocal[0m[2m=[0m[::]:51163 [3mdual_stack[0m[2m=[0mtrue
[2m2026-09-25T00:42:38.037972Z[0m [33m WARN[0m [2mmoq_transport::serve::error[0m[2m:[0m [d65f790b-e008-4e5e-b96b-29fd500cdb34] Not found: Namespace not found at moq-transport/src/session/subscriber.rs:1653
[2m2026-09-25T00:42:38.132342Z[0m [32m INFO[0m [2mmoq_native_ietf::quic[0m[2m:[0m UDP socket bound [3mbind[0m[2m=[0m[::]:0 [3mlocal[0m[2m=[0m[::]:60755 [3mdual_stack[0m[2m=[0mtrue
not ok 17 - moq-test-increments
  ---
  duration_ms: 968
  message: "subscriber setup failed before generation started"
  ...
[2m2026-09-25T00:42:38.471084Z[0m [32m INFO[0m [2mmoq_native_ietf::quic[0m[2m:[0m UDP socket bound [3mbind[0m[2m=[0m[::]:0 [3mlocal[0m[2m=[0m[::]:60590 [3mdual_stack[0m[2m=[0mtrue
[2m2026-09-25T00:42:38.808986Z[0m [33m WARN[0m [2mmoq_transport::serve::error[0m[2m:[0m [4f69a5e8-add9-4d8b-b4c0-214126be724e] Not found: Namespace not found at moq-transport/src/session/subscriber.rs:1653
[2m2026-09-25T00:42:38.901942Z[0m [32m INFO[0m [2mmoq_native_ietf::quic[0m[2m:[0m UDP socket bound [3mbind[0m[2m=[0m[::]:0 [3mlocal[0m[2m=[0m[::]:48083 [3mdual_stack[0m[2m=[0mtrue
not ok 18 - moq-test-forward-zero
  ---
  duration_ms: 774
  message: "subscriber setup failed before generation started"
  ...
make[1]: *** [Makefile:122: test-external] Error 1
make[1]: Leaving directory '/home/runner/work/moq-interop-runner/moq-interop-runner/main'
