make[1]: Entering directory '/home/runner/work/moq-interop-runner/moq-interop-runner/main'
Running tests against https://34-72-6-160.sslip.io:443...
  Client: ghcr.io/englishm/moq-interop-runner-moq-test-client-draft-18:latest
docker run --rm \
	 \
	--network host \
	-e RELAY_URL=https://34-72-6-160.sslip.io:443 \
	-e TLS_DISABLE_VERIFY=false \
	ghcr.io/englishm/moq-interop-runner-moq-test-client-draft-18:latest
TAP version 14
# moq-test-client v0.1.12
# Relay: https://34-72-6-160.sslip.io/
1..18
[2m2026-09-25T00:50:01.479224Z[0m [32m INFO[0m [2mmoq_native_ietf::quic[0m[2m:[0m UDP socket bound [3mbind[0m[2m=[0m[::]:0 [3mlocal[0m[2m=[0m[::]:58276 [3mdual_stack[0m[2m=[0mtrue
[2m2026-09-25T00:50:01.695876Z[0m [32m INFO[0m [2mmoq_test_client::scenarios[0m[2m:[0m SETUP exchange completed successfully
ok 1 - setup-only
  ---
  duration_ms: 217
  connection_id: e3f6a30577aceb8afe21cf866ba52c74
  ...
[2m2026-09-25T00:50:01.697115Z[0m [32m INFO[0m [2mmoq_native_ietf::quic[0m[2m:[0m UDP socket bound [3mbind[0m[2m=[0m[::]:0 [3mlocal[0m[2m=[0m[::]:37598 [3mdual_stack[0m[2m=[0mtrue
[2m2026-09-25T00:50:01.721643Z[0m [33m WARN[0m [2mweb_transport_quinn::session[0m[2m:[0m failed to read capsule [3me[0m[2m=[0mUnexpectedEnd
[2m2026-09-25T00:50:01.880830Z[0m [32m INFO[0m [2mmoq_test_client::scenarios[0m[2m:[0m Sending PUBLISH_NAMESPACE for: moq-test/interop
[2m2026-09-25T00:50:03.882082Z[0m [32m INFO[0m [2mmoq_test_client::scenarios[0m[2m:[0m PUBLISH_NAMESPACE succeeded (REQUEST_OK received, waiting for subscribers)
ok 2 - publish-namespace-only
  ---
  duration_ms: 2186
  connection_id: be1284cbd99cd808981252c66624421d
  ...
[2m2026-09-25T00:50:03.883061Z[0m [32m INFO[0m [2mmoq_native_ietf::quic[0m[2m:[0m UDP socket bound [3mbind[0m[2m=[0m[::]:0 [3mlocal[0m[2m=[0m[::]:37346 [3mdual_stack[0m[2m=[0mtrue
[2m2026-09-25T00:50:03.908808Z[0m [33m WARN[0m [2mweb_transport_quinn::session[0m[2m:[0m failed to read capsule [3me[0m[2m=[0mUnexpectedEnd
[2m2026-09-25T00:50:04.119277Z[0m [32m INFO[0m [2mmoq_test_client::scenarios[0m[2m:[0m Subscribing to non-existent track: nonexistent/namespace/test-track
[2m2026-09-25T00:50:04.151033Z[0m [33m WARN[0m [2mmoq_transport::serve::error[0m[2m:[0m [af6211b3-5bdf-497d-bab9-c10c2f72c6f5] Not found: unroutable at moq-transport/src/session/subscriber.rs:1653
ok 3 - subscribe-error
  ---
  duration_ms: 269
  connection_id: b447c7b23d23d0052cf1968c9c870d59
  ...
[2m2026-09-25T00:50:04.151358Z[0m [32m INFO[0m [2mmoq_test_client::scenarios[0m[2m:[0m Got expected 'not found' error: not found: Track not found [error:af6211b3-5bdf-497d-bab9-c10c2f72c6f5]
[2m2026-09-25T00:50:04.152278Z[0m [32m INFO[0m [2mmoq_native_ietf::quic[0m[2m:[0m UDP socket bound [3mbind[0m[2m=[0m[::]:0 [3mlocal[0m[2m=[0m[::]:49553 [3mdual_stack[0m[2m=[0mtrue
[2m2026-09-25T00:50:04.182541Z[0m [33m WARN[0m [2mweb_transport_quinn::session[0m[2m:[0m failed to read capsule [3me[0m[2m=[0mUnexpectedEnd
[2m2026-09-25T00:50:04.339151Z[0m [32m INFO[0m [2mmoq_native_ietf::quic[0m[2m:[0m UDP socket bound [3mbind[0m[2m=[0m[::]:0 [3mlocal[0m[2m=[0m[::]:46665 [3mdual_stack[0m[2m=[0mtrue
[2m2026-09-25T00:50:04.522105Z[0m [32m INFO[0m [2mmoq_test_client::scenarios[0m[2m:[0m Publisher sending PUBLISH_NAMESPACE: moq-test/interop
[2m2026-09-25T00:50:04.522127Z[0m [32m INFO[0m [2mmoq_test_client::scenarios[0m[2m:[0m Subscriber subscribing to track: moq-test/interop/test-track
[2m2026-09-25T00:50:04.548332Z[0m [33m WARN[0m [2mmoq_transport::serve::error[0m[2m:[0m [65d39c1f-805a-46af-8764-e081865ffe4f] Not found: unroutable at moq-transport/src/session/subscriber.rs:1653
[2m2026-09-25T00:50:04.548445Z[0m [32m INFO[0m [2mmoq_test_client::scenarios[0m[2m:[0m Subscriber got error: not found: Track not found [error:65d39c1f-805a-46af-8764-e081865ffe4f] - subscription was processed
ok 4 - publish-namespace-subscribe
  ---
  duration_ms: 397
  publisher_connection_id: d312f66b40f1ec9eb977b88802698250
  subscriber_connection_id: e0b90474aae7dc840cc0c7ee349a99e3
  ...
[2m2026-09-25T00:50:04.549334Z[0m [32m INFO[0m [2mmoq_native_ietf::quic[0m[2m:[0m UDP socket bound [3mbind[0m[2m=[0m[::]:0 [3mlocal[0m[2m=[0m[::]:47975 [3mdual_stack[0m[2m=[0mtrue
[2m2026-09-25T00:50:04.573985Z[0m [33m WARN[0m [2mweb_transport_quinn::session[0m[2m:[0m failed to read capsule [3me[0m[2m=[0mUnexpectedEnd
[2m2026-09-25T00:50:04.574839Z[0m [33m WARN[0m [2mweb_transport_quinn::session[0m[2m:[0m failed to read capsule [3me[0m[2m=[0mUnexpectedEnd
[2m2026-09-25T00:50:04.985522Z[0m [32m INFO[0m [2mmoq_test_client::scenarios[0m[2m:[0m Subscriber subscribing BEFORE PUBLISH_NAMESPACE: moq-test/interop/test-track
[2m2026-09-25T00:50:05.013136Z[0m [33m WARN[0m [2mmoq_transport::serve::error[0m[2m:[0m [83f8cf39-5243-4cd0-ac71-356daccf3cab] Not found: unroutable at moq-transport/src/session/subscriber.rs:1653
[2m2026-09-25T00:50:05.040258Z[0m [33m WARN[0m [2mweb_transport_quinn::session[0m[2m:[0m failed to read capsule [3me[0m[2m=[0mUnexpectedEnd
[2m2026-09-25T00:50:05.488033Z[0m [32m INFO[0m [2mmoq_native_ietf::quic[0m[2m:[0m UDP socket bound [3mbind[0m[2m=[0m[::]:0 [3mlocal[0m[2m=[0m[::]:34284 [3mdual_stack[0m[2m=[0mtrue
[2m2026-09-25T00:50:05.710202Z[0m [32m INFO[0m [2mmoq_test_client::scenarios[0m[2m:[0m Publisher sending PUBLISH_NAMESPACE (after subscriber): moq-test/interop
[2m2026-09-25T00:50:08.712816Z[0m [32m INFO[0m [2mmoq_test_client::scenarios[0m[2m:[0m Publisher PUBLISH_NAMESPACE timeout (expected)
[2m2026-09-25T00:50:08.712838Z[0m [32m INFO[0m [2mmoq_test_client::scenarios[0m[2m:[0m Subscriber got error: not found: Track not found [error:83f8cf39-5243-4cd0-ac71-356daccf3cab] (may be expected)
ok 5 - subscribe-before-publish-namespace
  ---
  duration_ms: 4164
  subscriber_connection_id: abfce47d79057154b645c48deeaf11ed
  publisher_connection_id: baa031656e2f097303b04c70493aa426
  ...
[2m2026-09-25T00:50:08.713745Z[0m [32m INFO[0m [2mmoq_native_ietf::quic[0m[2m:[0m UDP socket bound [3mbind[0m[2m=[0m[::]:0 [3mlocal[0m[2m=[0m[::]:46536 [3mdual_stack[0m[2m=[0mtrue
[2m2026-09-25T00:50:08.739836Z[0m [33m WARN[0m [2mweb_transport_quinn::session[0m[2m:[0m failed to read capsule [3me[0m[2m=[0mUnexpectedEnd
[2m2026-09-25T00:50:08.940336Z[0m [32m INFO[0m [2mmoq_test_client::scenarios[0m[2m:[0m Sending PUBLISH_NAMESPACE: moq-test/interop
[2m2026-09-25T00:50:10.942219Z[0m [32m INFO[0m [2mmoq_test_client::scenarios[0m[2m:[0m PUBLISH_NAMESPACE active; sending PUBLISH_NAMESPACE_DONE
ok 6 - publish-namespace-done
  ---
  duration_ms: 2330
  connection_id: 35cc85311d71cf3b525afa3a8d8e4273
  ...
[2m2026-09-25T00:50:11.043204Z[0m [32m INFO[0m [2mmoq_test_client::scenarios[0m[2m:[0m PUBLISH_NAMESPACE_DONE sent successfully
[2m2026-09-25T00:50:11.044164Z[0m [32m INFO[0m [2mmoq_native_ietf::quic[0m[2m:[0m UDP socket bound [3mbind[0m[2m=[0m[::]:0 [3mlocal[0m[2m=[0m[::]:42222 [3mdual_stack[0m[2m=[0mtrue
[2m2026-09-25T00:50:11.262087Z[0m [32m INFO[0m [2mmoq_test_client::scenarios[0m[2m:[0m Publisher sending direct PUBLISH [3mnamespace[0m[2m=[0m/moq-test/publish [3mtrack[0m[2m=[0m"published-track"
[2m2026-09-25T00:50:11.288927Z[0m [33m WARN[0m [2mmoq_transport::session::reader[0m[2m:[0m [READER] decode: stream ended while waiting for data (have=0 bytes, need=1)
not ok 7 - publish-track-only
  ---
  duration_ms: 245
  message: "PUBLISH was rejected: closed, code=3"
  ...
[2m2026-09-25T00:50:11.289954Z[0m [32m INFO[0m [2mmoq_native_ietf::quic[0m[2m:[0m UDP socket bound [3mbind[0m[2m=[0m[::]:0 [3mlocal[0m[2m=[0m[::]:50780 [3mdual_stack[0m[2m=[0mtrue
[2m2026-09-25T00:50:11.412955Z[0m [32m INFO[0m [2mmoq_native_ietf::quic[0m[2m:[0m UDP socket bound [3mbind[0m[2m=[0m[::]:0 [3mlocal[0m[2m=[0m[::]:44560 [3mdual_stack[0m[2m=[0mtrue
[2m2026-09-25T00:50:11.521727Z[0m [32m INFO[0m [2mmoq_test_client::scenarios[0m[2m:[0m Publisher sending direct PUBLISH before subscriber subscribes [3mnamespace[0m[2m=[0m/moq-test/publish [3mtrack[0m[2m=[0m"published-track"
[2m2026-09-25T00:50:11.551758Z[0m [33m WARN[0m [2mmoq_transport::session::reader[0m[2m:[0m [READER] decode: stream ended while waiting for data (have=0 bytes, need=1)
[2m2026-09-25T00:50:11.552895Z[0m [32m INFO[0m [2mmoq_native_ietf::quic[0m[2m:[0m UDP socket bound [3mbind[0m[2m=[0m[::]:0 [3mlocal[0m[2m=[0m[::]:42125 [3mdual_stack[0m[2m=[0mtrue
not ok 8 - publish-track-subscribe
  ---
  duration_ms: 262
  message: "PUBLISH was rejected: closed, code=3"
  ...
[2m2026-09-25T00:50:11.577285Z[0m [33m WARN[0m [2mweb_transport_quinn::session[0m[2m:[0m failed to read capsule [3me[0m[2m=[0mUnexpectedEnd
[2m2026-09-25T00:50:11.785512Z[0m [32m INFO[0m [2mmoq_test_client::scenarios[0m[2m:[0m Subscribing with RENDEZVOUS_TIMEOUT to a track with no publisher [3mtimeout_ms[0m[2m=[0m500
[2m2026-09-25T00:50:11.815661Z[0m [33m WARN[0m [2mmoq_transport::serve::error[0m[2m:[0m [0e1dca33-0e2c-45d3-87ab-50cad0109f3d] Not found: unroutable at moq-transport/src/session/subscriber.rs:1653
not ok 9 - rendezvous-timeout
  ---
  duration_ms: 263
  message: "expected REQUEST_ERROR TIMEOUT, got: not found: Track not found [error:0e1dca33-0e2c-45d3-87ab-50cad0109f3d]"
  ...
[2m2026-09-25T00:50:11.816715Z[0m [32m INFO[0m [2mmoq_native_ietf::quic[0m[2m:[0m UDP socket bound [3mbind[0m[2m=[0m[::]:0 [3mlocal[0m[2m=[0m[::]:60929 [3mdual_stack[0m[2m=[0mtrue
[2m2026-09-25T00:50:11.845521Z[0m [33m WARN[0m [2mweb_transport_quinn::session[0m[2m:[0m failed to read capsule [3me[0m[2m=[0mUnexpectedEnd
[2m2026-09-25T00:50:11.974653Z[0m [33m WARN[0m [2mmoq_transport::serve::error[0m[2m:[0m [7969a431-4b59-4600-bb28-1aebe826d560] Not found: unroutable at moq-transport/src/session/subscriber.rs:1653
[2m2026-09-25T00:50:12.146084Z[0m [32m INFO[0m [2mmoq_native_ietf::quic[0m[2m:[0m UDP socket bound [3mbind[0m[2m=[0m[::]:0 [3mlocal[0m[2m=[0m[::]:36661 [3mdual_stack[0m[2m=[0mtrue
[2m2026-09-25T00:50:12.312216Z[0m [33m WARN[0m [2mmoq_transport::session::reader[0m[2m:[0m [READER] decode: stream ended while waiting for data (have=0 bytes, need=1)
not ok 10 - moq-test-subgroup-per-group
  ---
  duration_ms: 496
  message: "PUBLISH was rejected: closed, code=3"
  ...
[2m2026-09-25T00:50:12.313412Z[0m [32m INFO[0m [2mmoq_native_ietf::quic[0m[2m:[0m UDP socket bound [3mbind[0m[2m=[0m[::]:0 [3mlocal[0m[2m=[0m[::]:34845 [3mdual_stack[0m[2m=[0mtrue
[2m2026-09-25T00:50:12.344444Z[0m [33m WARN[0m [2mweb_transport_quinn::session[0m[2m:[0m failed to read capsule [3me[0m[2m=[0mUnexpectedEnd
[2m2026-09-25T00:50:12.459247Z[0m [33m WARN[0m [2mmoq_transport::serve::error[0m[2m:[0m [8e8f9a29-5297-4bd8-aeb5-cd85eb5fd7a1] Not found: unroutable at moq-transport/src/session/subscriber.rs:1653
[2m2026-09-25T00:50:12.633503Z[0m [32m INFO[0m [2mmoq_native_ietf::quic[0m[2m:[0m UDP socket bound [3mbind[0m[2m=[0m[::]:0 [3mlocal[0m[2m=[0m[::]:47024 [3mdual_stack[0m[2m=[0mtrue
[2m2026-09-25T00:50:12.879945Z[0m [33m WARN[0m [2mmoq_transport::session::reader[0m[2m:[0m [READER] decode: stream ended while waiting for data (have=0 bytes, need=1)
not ok 11 - moq-test-subgroup-per-group-eog
  ---
  duration_ms: 567
  message: "PUBLISH was rejected: closed, code=3"
  ...
[2m2026-09-25T00:50:12.881206Z[0m [32m INFO[0m [2mmoq_native_ietf::quic[0m[2m:[0m UDP socket bound [3mbind[0m[2m=[0m[::]:0 [3mlocal[0m[2m=[0m[::]:41732 [3mdual_stack[0m[2m=[0mtrue
[2m2026-09-25T00:50:12.911074Z[0m [33m WARN[0m [2mweb_transport_quinn::session[0m[2m:[0m failed to read capsule [3me[0m[2m=[0mUnexpectedEnd
[2m2026-09-25T00:50:13.106446Z[0m [33m WARN[0m [2mmoq_transport::serve::error[0m[2m:[0m [85d8a176-be61-4fd3-b644-47426f403268] Not found: unroutable at moq-transport/src/session/subscriber.rs:1653
[2m2026-09-25T00:50:13.281818Z[0m [32m INFO[0m [2mmoq_native_ietf::quic[0m[2m:[0m UDP socket bound [3mbind[0m[2m=[0m[::]:0 [3mlocal[0m[2m=[0m[::]:46070 [3mdual_stack[0m[2m=[0mtrue
[2m2026-09-25T00:50:13.429378Z[0m [33m WARN[0m [2mmoq_transport::session::reader[0m[2m:[0m [READER] decode: stream ended while waiting for data (have=0 bytes, need=1)
not ok 12 - moq-test-subgroup-per-object
  ---
  duration_ms: 549
  message: "PUBLISH was rejected: closed, code=3"
  ...
[2m2026-09-25T00:50:13.430518Z[0m [32m INFO[0m [2mmoq_native_ietf::quic[0m[2m:[0m UDP socket bound [3mbind[0m[2m=[0m[::]:0 [3mlocal[0m[2m=[0m[::]:51681 [3mdual_stack[0m[2m=[0mtrue
[2m2026-09-25T00:50:13.456530Z[0m [33m WARN[0m [2mweb_transport_quinn::session[0m[2m:[0m failed to read capsule [3me[0m[2m=[0mUnexpectedEnd
[2m2026-09-25T00:50:13.684916Z[0m [33m WARN[0m [2mmoq_transport::serve::error[0m[2m:[0m [177c931f-d953-4676-983d-1d4b79939e5b] Not found: unroutable at moq-transport/src/session/subscriber.rs:1653
[2m2026-09-25T00:50:13.859709Z[0m [32m INFO[0m [2mmoq_native_ietf::quic[0m[2m:[0m UDP socket bound [3mbind[0m[2m=[0m[::]:0 [3mlocal[0m[2m=[0m[::]:32776 [3mdual_stack[0m[2m=[0mtrue
[2m2026-09-25T00:50:14.005682Z[0m [33m WARN[0m [2mmoq_transport::session::reader[0m[2m:[0m [READER] decode: stream ended while waiting for data (have=0 bytes, need=1)
not ok 13 - moq-test-two-subgroups-eog
  ---
  duration_ms: 576
  message: "PUBLISH was rejected: closed, code=3"
  ...
[2m2026-09-25T00:50:14.006844Z[0m [32m INFO[0m [2mmoq_native_ietf::quic[0m[2m:[0m UDP socket bound [3mbind[0m[2m=[0m[::]:0 [3mlocal[0m[2m=[0m[::]:42852 [3mdual_stack[0m[2m=[0mtrue
[2m2026-09-25T00:50:14.032469Z[0m [33m WARN[0m [2mweb_transport_quinn::session[0m[2m:[0m failed to read capsule [3me[0m[2m=[0mUnexpectedEnd
[2m2026-09-25T00:50:14.254025Z[0m [33m WARN[0m [2mmoq_transport::serve::error[0m[2m:[0m [5ef3f5db-3c45-4f56-af6d-4d6203e018e8] Not found: unroutable at moq-transport/src/session/subscriber.rs:1653
[2m2026-09-25T00:50:14.428786Z[0m [32m INFO[0m [2mmoq_native_ietf::quic[0m[2m:[0m UDP socket bound [3mbind[0m[2m=[0m[::]:0 [3mlocal[0m[2m=[0m[::]:36000 [3mdual_stack[0m[2m=[0mtrue
[2m2026-09-25T00:50:14.682308Z[0m [33m WARN[0m [2mmoq_transport::session::reader[0m[2m:[0m [READER] decode: stream ended while waiting for data (have=0 bytes, need=1)
not ok 14 - moq-test-datagram
  ---
  duration_ms: 676
  message: "PUBLISH was rejected: closed, code=3"
  ...
[2m2026-09-25T00:50:14.683407Z[0m [32m INFO[0m [2mmoq_native_ietf::quic[0m[2m:[0m UDP socket bound [3mbind[0m[2m=[0m[::]:0 [3mlocal[0m[2m=[0m[::]:41318 [3mdual_stack[0m[2m=[0mtrue
[2m2026-09-25T00:50:14.709037Z[0m [33m WARN[0m [2mweb_transport_quinn::session[0m[2m:[0m failed to read capsule [3me[0m[2m=[0mUnexpectedEnd
[2m2026-09-25T00:50:14.822830Z[0m [33m WARN[0m [2mmoq_transport::serve::error[0m[2m:[0m [d94a4cc3-a5d3-413b-82c2-9c5bc47d8a0d] Not found: unroutable at moq-transport/src/session/subscriber.rs:1653
[2m2026-09-25T00:50:14.999285Z[0m [32m INFO[0m [2mmoq_native_ietf::quic[0m[2m:[0m UDP socket bound [3mbind[0m[2m=[0m[::]:0 [3mlocal[0m[2m=[0m[::]:41346 [3mdual_stack[0m[2m=[0mtrue
[2m2026-09-25T00:50:15.134981Z[0m [33m WARN[0m [2mmoq_transport::session::reader[0m[2m:[0m [READER] decode: stream ended while waiting for data (have=0 bytes, need=1)
not ok 15 - moq-test-datagram-eog
  ---
  duration_ms: 452
  message: "PUBLISH was rejected: closed, code=3"
  ...
[2m2026-09-25T00:50:15.136093Z[0m [32m INFO[0m [2mmoq_native_ietf::quic[0m[2m:[0m UDP socket bound [3mbind[0m[2m=[0m[::]:0 [3mlocal[0m[2m=[0m[::]:56250 [3mdual_stack[0m[2m=[0mtrue
[2m2026-09-25T00:50:15.160526Z[0m [33m WARN[0m [2mweb_transport_quinn::session[0m[2m:[0m failed to read capsule [3me[0m[2m=[0mUnexpectedEnd
[2m2026-09-25T00:50:15.622433Z[0m [33m WARN[0m [2mmoq_transport::serve::error[0m[2m:[0m [c3cd89bb-977f-4acb-b53e-e533de2aba06] Not found: unroutable at moq-transport/src/session/subscriber.rs:1653
[2m2026-09-25T00:50:15.792153Z[0m [32m INFO[0m [2mmoq_native_ietf::quic[0m[2m:[0m UDP socket bound [3mbind[0m[2m=[0m[::]:0 [3mlocal[0m[2m=[0m[::]:40878 [3mdual_stack[0m[2m=[0mtrue
[2m2026-09-25T00:50:16.003818Z[0m [33m WARN[0m [2mmoq_transport::session::reader[0m[2m:[0m [READER] decode: stream ended while waiting for data (have=0 bytes, need=1)
not ok 16 - moq-test-extensions
  ---
  duration_ms: 868
  message: "PUBLISH was rejected: closed, code=3"
  ...
[2m2026-09-25T00:50:16.005021Z[0m [32m INFO[0m [2mmoq_native_ietf::quic[0m[2m:[0m UDP socket bound [3mbind[0m[2m=[0m[::]:0 [3mlocal[0m[2m=[0m[::]:34788 [3mdual_stack[0m[2m=[0mtrue
[2m2026-09-25T00:50:16.029357Z[0m [33m WARN[0m [2mweb_transport_quinn::session[0m[2m:[0m failed to read capsule [3me[0m[2m=[0mUnexpectedEnd
[2m2026-09-25T00:50:16.250553Z[0m [33m WARN[0m [2mmoq_transport::serve::error[0m[2m:[0m [83d6c95d-99b2-4693-90ab-f429db0f19a9] Not found: unroutable at moq-transport/src/session/subscriber.rs:1653
[2m2026-09-25T00:50:16.425949Z[0m [32m INFO[0m [2mmoq_native_ietf::quic[0m[2m:[0m UDP socket bound [3mbind[0m[2m=[0m[::]:0 [3mlocal[0m[2m=[0m[::]:43744 [3mdual_stack[0m[2m=[0mtrue
[2m2026-09-25T00:50:16.640907Z[0m [33m WARN[0m [2mmoq_transport::session::reader[0m[2m:[0m [READER] decode: stream ended while waiting for data (have=0 bytes, need=1)
not ok 17 - moq-test-increments
  ---
  duration_ms: 637
  message: "PUBLISH was rejected: closed, code=3"
  ...
[2m2026-09-25T00:50:16.642126Z[0m [32m INFO[0m [2mmoq_native_ietf::quic[0m[2m:[0m UDP socket bound [3mbind[0m[2m=[0m[::]:0 [3mlocal[0m[2m=[0m[::]:47711 [3mdual_stack[0m[2m=[0mtrue
[2m2026-09-25T00:50:16.955164Z[0m [32m INFO[0m [2mmoq_native_ietf::quic[0m[2m:[0m UDP socket bound [3mbind[0m[2m=[0m[::]:0 [3mlocal[0m[2m=[0m[::]:32899 [3mdual_stack[0m[2m=[0mtrue
[2m2026-09-25T00:50:17.091228Z[0m [33m WARN[0m [2mmoq_transport::session::reader[0m[2m:[0m [READER] decode: stream ended while waiting for data (have=0 bytes, need=1)
not ok 18 - moq-test-forward-zero
  ---
  duration_ms: 450
  message: "PUBLISH was rejected: closed, code=3"
  ...
make[1]: *** [Makefile:122: test-external] Error 1
make[1]: Leaving directory '/home/runner/work/moq-interop-runner/moq-interop-runner/main'
