make[1]: Entering directory '/home/runner/work/moq-interop-runner/moq-interop-runner/main'
Running tests against https://fb.mvfst.net:9448/moq-relay...
  Client: ghcr.io/englishm/moq-interop-runner-moq-test-client-draft-18:latest
docker run --rm \
	 \
	--network host \
	-e RELAY_URL=https://fb.mvfst.net:9448/moq-relay \
	-e TLS_DISABLE_VERIFY=1 \
	ghcr.io/englishm/moq-interop-runner-moq-test-client-draft-18:latest
TAP version 14
# moq-test-client v0.1.12
# Relay: https://fb.mvfst.net:9448/moq-relay
1..18
[2m2026-09-25T00:49:32.865522Z[0m [32m INFO[0m [2mmoq_native_ietf::quic[0m[2m:[0m UDP socket bound [3mbind[0m[2m=[0m[::]:0 [3mlocal[0m[2m=[0m[::]:57822 [3mdual_stack[0m[2m=[0mtrue
ok 1 - setup-only
  ---
  duration_ms: 90
  connection_id: e062f2b79a701b8dbf876fc8cdad13d4
  ...
[2m2026-09-25T00:49:32.954781Z[0m [32m INFO[0m [2mmoq_test_client::scenarios[0m[2m:[0m SETUP exchange completed successfully
[2m2026-09-25T00:49:32.955689Z[0m [32m INFO[0m [2mmoq_native_ietf::quic[0m[2m:[0m UDP socket bound [3mbind[0m[2m=[0m[::]:0 [3mlocal[0m[2m=[0m[::]:35572 [3mdual_stack[0m[2m=[0mtrue
[2m2026-09-25T00:49:32.974970Z[0m [33m WARN[0m [2mweb_transport_quinn::session[0m[2m:[0m failed to read capsule [3me[0m[2m=[0mUnexpectedEnd
[2m2026-09-25T00:49:33.107894Z[0m [32m INFO[0m [2mmoq_test_client::scenarios[0m[2m:[0m Sending PUBLISH_NAMESPACE for: moq-test/interop
[2m2026-09-25T00:49:35.108875Z[0m [32m INFO[0m [2mmoq_test_client::scenarios[0m[2m:[0m PUBLISH_NAMESPACE succeeded (REQUEST_OK received, waiting for subscribers)
ok 2 - publish-namespace-only
  ---
  duration_ms: 2154
  connection_id: ee4a572d85a496760593d4d5a84c05c7
  ...
[2m2026-09-25T00:49:35.110049Z[0m [32m INFO[0m [2mmoq_native_ietf::quic[0m[2m:[0m UDP socket bound [3mbind[0m[2m=[0m[::]:0 [3mlocal[0m[2m=[0m[::]:54225 [3mdual_stack[0m[2m=[0mtrue
[2m2026-09-25T00:49:35.128707Z[0m [33m WARN[0m [2mweb_transport_quinn::session[0m[2m:[0m failed to read capsule [3me[0m[2m=[0mUnexpectedEnd
[2m2026-09-25T00:49:35.200291Z[0m [32m INFO[0m [2mmoq_test_client::scenarios[0m[2m:[0m Subscribing to non-existent track: nonexistent/namespace/test-track
[2m2026-09-25T00:49:35.222203Z[0m [33m WARN[0m [2mmoq_transport::serve::error[0m[2m:[0m [8f3cf486-9b50-4ef0-b0b3-922e32c98557] Not found: no such namespace or track at moq-transport/src/session/subscriber.rs:1653
[2m2026-09-25T00:49:35.222267Z[0m [32m INFO[0m [2mmoq_test_client::scenarios[0m[2m:[0m Got expected 'not found' error: not found: Track not found [error:8f3cf486-9b50-4ef0-b0b3-922e32c98557]
ok 3 - subscribe-error
  ---
  duration_ms: 113
  connection_id: 33562af22d6f41e521afe562bae8e1a7
  ...
[2m2026-09-25T00:49:35.223254Z[0m [32m INFO[0m [2mmoq_native_ietf::quic[0m[2m:[0m UDP socket bound [3mbind[0m[2m=[0m[::]:0 [3mlocal[0m[2m=[0m[::]:45902 [3mdual_stack[0m[2m=[0mtrue
[2m2026-09-25T00:49:35.242692Z[0m [33m WARN[0m [2mweb_transport_quinn::session[0m[2m:[0m failed to read capsule [3me[0m[2m=[0mUnexpectedEnd
[2m2026-09-25T00:49:35.366438Z[0m [32m INFO[0m [2mmoq_native_ietf::quic[0m[2m:[0m UDP socket bound [3mbind[0m[2m=[0m[::]:0 [3mlocal[0m[2m=[0m[::]:34181 [3mdual_stack[0m[2m=[0mtrue
[2m2026-09-25T00:49:35.436665Z[0m [32m INFO[0m [2mmoq_test_client::scenarios[0m[2m:[0m Publisher sending PUBLISH_NAMESPACE: moq-test/interop
[2m2026-09-25T00:49:35.436682Z[0m [32m INFO[0m [2mmoq_test_client::scenarios[0m[2m:[0m Subscriber subscribing to track: moq-test/interop/test-track
[2m2026-09-25T00:49:35.463758Z[0m [33m WARN[0m [2mmoq_transport::serve::error[0m[2m:[0m [e5772862-b819-484d-9be0-26b2c1dad9e4] Not found: no such namespace or track at moq-transport/src/session/subscriber.rs:1653
[2m2026-09-25T00:49:35.463939Z[0m [32m INFO[0m [2mmoq_test_client::scenarios[0m[2m:[0m Subscriber got error: not found: Track not found [error:e5772862-b819-484d-9be0-26b2c1dad9e4] - subscription was processed
ok 4 - publish-namespace-subscribe
  ---
  duration_ms: 241
  publisher_connection_id: 988465c81261ecba55e809fbb3b5370c
  subscriber_connection_id: 6e31169c10fbb610400927eeb41592f7
  ...
[2m2026-09-25T00:49:35.464999Z[0m [32m INFO[0m [2mmoq_native_ietf::quic[0m[2m:[0m UDP socket bound [3mbind[0m[2m=[0m[::]:0 [3mlocal[0m[2m=[0m[::]:59629 [3mdual_stack[0m[2m=[0mtrue
[2m2026-09-25T00:49:35.488519Z[0m [33m WARN[0m [2mweb_transport_quinn::session[0m[2m:[0m failed to read capsule [3me[0m[2m=[0mUnexpectedEnd
[2m2026-09-25T00:49:35.488817Z[0m [33m WARN[0m [2mweb_transport_quinn::session[0m[2m:[0m failed to read capsule [3me[0m[2m=[0mUnexpectedEnd
[2m2026-09-25T00:49:35.550124Z[0m [32m INFO[0m [2mmoq_test_client::scenarios[0m[2m:[0m Subscriber subscribing BEFORE PUBLISH_NAMESPACE: moq-test/interop/test-track
[2m2026-09-25T00:49:35.573933Z[0m [33m WARN[0m [2mmoq_transport::serve::error[0m[2m:[0m [80102faa-6c06-4b7c-98eb-9b4d9c3fb225] Not found: no such namespace or track at moq-transport/src/session/subscriber.rs:1653
[2m2026-09-25T00:49:35.596353Z[0m [33m WARN[0m [2mweb_transport_quinn::session[0m[2m:[0m failed to read capsule [3me[0m[2m=[0mUnexpectedEnd
[2m2026-09-25T00:49:36.051685Z[0m [32m INFO[0m [2mmoq_native_ietf::quic[0m[2m:[0m UDP socket bound [3mbind[0m[2m=[0m[::]:0 [3mlocal[0m[2m=[0m[::]:58297 [3mdual_stack[0m[2m=[0mtrue
[2m2026-09-25T00:49:36.263374Z[0m [32m INFO[0m [2mmoq_test_client::scenarios[0m[2m:[0m Publisher sending PUBLISH_NAMESPACE (after subscriber): moq-test/interop
[2m2026-09-25T00:49:39.265935Z[0m [32m INFO[0m [2mmoq_test_client::scenarios[0m[2m:[0m Publisher PUBLISH_NAMESPACE timeout (expected)
[2m2026-09-25T00:49:39.265995Z[0m [32m INFO[0m [2mmoq_test_client::scenarios[0m[2m:[0m Subscriber got error: not found: Track not found [error:80102faa-6c06-4b7c-98eb-9b4d9c3fb225] (may be expected)
ok 5 - subscribe-before-publish-namespace
  ---
  duration_ms: 3802
  subscriber_connection_id: acfe3dd7b5b3ee0f22ef7af34633ea71
  publisher_connection_id: c78fcf258cf55599eccaadd7b9b6cfeb
  ...
[2m2026-09-25T00:49:39.267123Z[0m [32m INFO[0m [2mmoq_native_ietf::quic[0m[2m:[0m UDP socket bound [3mbind[0m[2m=[0m[::]:0 [3mlocal[0m[2m=[0m[::]:49568 [3mdual_stack[0m[2m=[0mtrue
[2m2026-09-25T00:49:39.288946Z[0m [33m WARN[0m [2mweb_transport_quinn::session[0m[2m:[0m failed to read capsule [3me[0m[2m=[0mUnexpectedEnd
[2m2026-09-25T00:49:39.333401Z[0m [32m INFO[0m [2mmoq_test_client::scenarios[0m[2m:[0m Sending PUBLISH_NAMESPACE: moq-test/interop
[2m2026-09-25T00:49:41.334913Z[0m [32m INFO[0m [2mmoq_test_client::scenarios[0m[2m:[0m PUBLISH_NAMESPACE active; sending PUBLISH_NAMESPACE_DONE
[2m2026-09-25T00:49:41.435992Z[0m [32m INFO[0m [2mmoq_test_client::scenarios[0m[2m:[0m PUBLISH_NAMESPACE_DONE sent successfully
ok 6 - publish-namespace-done
  ---
  duration_ms: 2169
  connection_id: 3f68e89dd1bbb950c3618f770bc229c3
  ...
[2m2026-09-25T00:49:41.437130Z[0m [32m INFO[0m [2mmoq_native_ietf::quic[0m[2m:[0m UDP socket bound [3mbind[0m[2m=[0m[::]:0 [3mlocal[0m[2m=[0m[::]:36064 [3mdual_stack[0m[2m=[0mtrue
[2m2026-09-25T00:49:41.460103Z[0m [33m WARN[0m [2mweb_transport_quinn::session[0m[2m:[0m failed to read capsule [3me[0m[2m=[0mUnexpectedEnd
[2m2026-09-25T00:49:41.504171Z[0m [32m INFO[0m [2mmoq_test_client::scenarios[0m[2m:[0m Publisher sending direct PUBLISH [3mnamespace[0m[2m=[0m/moq-test/publish [3mtrack[0m[2m=[0m"published-track"
[2m2026-09-25T00:49:41.531421Z[0m [32m INFO[0m [2mmoq_test_client::scenarios[0m[2m:[0m PUBLISH accepted [3mnamespace[0m[2m=[0m/moq-test/publish [3mtrack[0m[2m=[0m"published-track"
[2m2026-09-25T00:49:41.531484Z[0m [32m INFO[0m [2mmoq_test_client::scenarios[0m[2m:[0m PUBLISH completed [3mnamespace[0m[2m=[0m/moq-test/publish [3mtrack[0m[2m=[0m"published-track"
ok 7 - publish-track-only
  ---
  duration_ms: 95
  connection_id: 21ce2927b482b3c98e2d357d078c8650
  ...
[2m2026-09-25T00:49:41.532508Z[0m [32m INFO[0m [2mmoq_native_ietf::quic[0m[2m:[0m UDP socket bound [3mbind[0m[2m=[0m[::]:0 [3mlocal[0m[2m=[0m[::]:43619 [3mdual_stack[0m[2m=[0mtrue
[2m2026-09-25T00:49:41.558105Z[0m [33m WARN[0m [2mweb_transport_quinn::session[0m[2m:[0m failed to read capsule [3me[0m[2m=[0mUnexpectedEnd
[2m2026-09-25T00:49:41.622250Z[0m [32m INFO[0m [2mmoq_native_ietf::quic[0m[2m:[0m UDP socket bound [3mbind[0m[2m=[0m[::]:0 [3mlocal[0m[2m=[0m[::]:43341 [3mdual_stack[0m[2m=[0mtrue
[2m2026-09-25T00:49:41.689874Z[0m [32m INFO[0m [2mmoq_test_client::scenarios[0m[2m:[0m Publisher sending direct PUBLISH before subscriber subscribes [3mnamespace[0m[2m=[0m/moq-test/publish [3mtrack[0m[2m=[0m"published-track"
[2m2026-09-25T00:49:41.717256Z[0m [32m INFO[0m [2mmoq_test_client::scenarios[0m[2m:[0m PUBLISH accepted; starting subscriber [3mnamespace[0m[2m=[0m/moq-test/publish [3mtrack[0m[2m=[0m"published-track"
[2m2026-09-25T00:49:41.744402Z[0m [33m WARN[0m [2mmoq_transport::session[0m[2m:[0m unexpected bidi response message type [3mmsg_type[0m[2m=[0m2
[2m2026-09-25T00:49:41.744420Z[0m [33m WARN[0m [2mmoq_transport::serve::error[0m[2m:[0m [c5a11eea-18c9-46e4-9fda-9a8b3b50fa8d] Not implemented: bidi response type 0x2 at moq-transport/src/session/error.rs:89
not ok 8 - publish-track-subscribe
  ---
  duration_ms: 286
  message: "failed serving PUBLISH track: serve error: cancelled: cancelled"
  ...
[2m2026-09-25T00:49:41.819056Z[0m [32m INFO[0m [2mmoq_native_ietf::quic[0m[2m:[0m UDP socket bound [3mbind[0m[2m=[0m[::]:0 [3mlocal[0m[2m=[0m[::]:57296 [3mdual_stack[0m[2m=[0mtrue
[2m2026-09-25T00:49:41.843064Z[0m [33m WARN[0m [2mweb_transport_quinn::session[0m[2m:[0m failed to read capsule [3me[0m[2m=[0mUnexpectedEnd
[2m2026-09-25T00:49:41.846970Z[0m [33m WARN[0m [2mweb_transport_quinn::session[0m[2m:[0m failed to read capsule [3me[0m[2m=[0mUnexpectedEnd
[2m2026-09-25T00:49:41.959557Z[0m [32m INFO[0m [2mmoq_test_client::scenarios[0m[2m:[0m Subscribing with RENDEZVOUS_TIMEOUT to a track with no publisher [3mtimeout_ms[0m[2m=[0m500
ok 9 - rendezvous-timeout
  ---
  duration_ms: 666
  connection_id: 8702128c45e29c236566334ad955ee8f
  ...
[2m2026-09-25T00:49:42.484790Z[0m [32m INFO[0m [2mmoq_test_client::scenarios[0m[2m:[0m Received expected REQUEST_ERROR TIMEOUT
[2m2026-09-25T00:49:42.485742Z[0m [32m INFO[0m [2mmoq_native_ietf::quic[0m[2m:[0m UDP socket bound [3mbind[0m[2m=[0m[::]:0 [3mlocal[0m[2m=[0m[::]:36375 [3mdual_stack[0m[2m=[0mtrue
[2m2026-09-25T00:49:42.508009Z[0m [33m WARN[0m [2mweb_transport_quinn::session[0m[2m:[0m failed to read capsule [3me[0m[2m=[0mUnexpectedEnd
[2m2026-09-25T00:49:42.760417Z[0m [32m INFO[0m [2mmoq_native_ietf::quic[0m[2m:[0m UDP socket bound [3mbind[0m[2m=[0m[::]:0 [3mlocal[0m[2m=[0m[::]:46503 [3mdual_stack[0m[2m=[0mtrue
[2m2026-09-25T00:49:42.943543Z[0m [33m WARN[0m [2mmoq_transport::session[0m[2m:[0m unexpected bidi response message type [3mmsg_type[0m[2m=[0m2
[2m2026-09-25T00:49:42.943566Z[0m [33m WARN[0m [2mmoq_transport::serve::error[0m[2m:[0m [66ad3406-22ee-4cc2-be42-25af13ef49cb] Not implemented: bidi response type 0x2 at moq-transport/src/session/error.rs:89
[2m2026-09-25T00:49:42.948028Z[0m [32m INFO[0m [2mmoq_test_client::moqtest[0m[2m:[0m PUBLISH accepted and subscription bound; generating objects [3mobjects[0m[2m=[0m15 [3mstreams[0m[2m=[0m3
not ok 10 - moq-test-subgroup-per-group
  ---
  duration_ms: 478
  message: "failed to create subgroup: cancelled"
  ...
[2m2026-09-25T00:49:42.964621Z[0m [32m INFO[0m [2mmoq_native_ietf::quic[0m[2m:[0m UDP socket bound [3mbind[0m[2m=[0m[::]:0 [3mlocal[0m[2m=[0m[::]:39992 [3mdual_stack[0m[2m=[0mtrue
[2m2026-09-25T00:49:42.987152Z[0m [33m WARN[0m [2mweb_transport_quinn::session[0m[2m:[0m failed to read capsule [3me[0m[2m=[0mUnexpectedEnd
[2m2026-09-25T00:49:42.993800Z[0m [33m WARN[0m [2mweb_transport_quinn::session[0m[2m:[0m failed to read capsule [3me[0m[2m=[0mUnexpectedEnd
[2m2026-09-25T00:49:43.231586Z[0m [32m INFO[0m [2mmoq_native_ietf::quic[0m[2m:[0m UDP socket bound [3mbind[0m[2m=[0m[::]:0 [3mlocal[0m[2m=[0m[::]:47662 [3mdual_stack[0m[2m=[0mtrue
[2m2026-09-25T00:49:43.321816Z[0m [32m INFO[0m [2mmoq_test_client::moqtest[0m[2m:[0m PUBLISH accepted and subscription bound; generating objects [3mobjects[0m[2m=[0m15 [3mstreams[0m[2m=[0m3
not ok 11 - moq-test-subgroup-per-group-eog
  ---
  duration_ms: 377
  message: "failed to create subgroup: cancelled"
  ...
[2m2026-09-25T00:49:43.341884Z[0m [32m INFO[0m [2mmoq_native_ietf::quic[0m[2m:[0m UDP socket bound [3mbind[0m[2m=[0m[::]:0 [3mlocal[0m[2m=[0m[::]:59849 [3mdual_stack[0m[2m=[0mtrue
[2m2026-09-25T00:49:43.364100Z[0m [33m WARN[0m [2mweb_transport_quinn::session[0m[2m:[0m failed to read capsule [3me[0m[2m=[0mUnexpectedEnd
[2m2026-09-25T00:49:43.364434Z[0m [33m WARN[0m [2mweb_transport_quinn::session[0m[2m:[0m failed to read capsule [3me[0m[2m=[0mUnexpectedEnd
[2m2026-09-25T00:49:43.705748Z[0m [32m INFO[0m [2mmoq_native_ietf::quic[0m[2m:[0m UDP socket bound [3mbind[0m[2m=[0m[::]:0 [3mlocal[0m[2m=[0m[::]:40850 [3mdual_stack[0m[2m=[0mtrue
[2m2026-09-25T00:49:43.814083Z[0m [32m INFO[0m [2mmoq_test_client::moqtest[0m[2m:[0m PUBLISH accepted and subscription bound; generating objects [3mobjects[0m[2m=[0m8 [3mstreams[0m[2m=[0m8
not ok 12 - moq-test-subgroup-per-object
  ---
  duration_ms: 476
  message: "failed to create subgroup: cancelled"
  ...
[2m2026-09-25T00:49:43.817915Z[0m [32m INFO[0m [2mmoq_native_ietf::quic[0m[2m:[0m UDP socket bound [3mbind[0m[2m=[0m[::]:0 [3mlocal[0m[2m=[0m[::]:51344 [3mdual_stack[0m[2m=[0mtrue
[2m2026-09-25T00:49:43.840810Z[0m [33m WARN[0m [2mweb_transport_quinn::session[0m[2m:[0m failed to read capsule [3me[0m[2m=[0mUnexpectedEnd
[2m2026-09-25T00:49:43.840968Z[0m [33m WARN[0m [2mweb_transport_quinn::session[0m[2m:[0m failed to read capsule [3me[0m[2m=[0mUnexpectedEnd
[2m2026-09-25T00:49:44.112337Z[0m [32m INFO[0m [2mmoq_native_ietf::quic[0m[2m:[0m UDP socket bound [3mbind[0m[2m=[0m[::]:0 [3mlocal[0m[2m=[0m[::]:46780 [3mdual_stack[0m[2m=[0mtrue
[2m2026-09-25T00:49:44.207580Z[0m [32m INFO[0m [2mmoq_test_client::moqtest[0m[2m:[0m PUBLISH accepted and subscription bound; generating objects [3mobjects[0m[2m=[0m18 [3mstreams[0m[2m=[0m6
not ok 13 - moq-test-two-subgroups-eog
  ---
  duration_ms: 412
  message: "failed to create subgroup 0: cancelled"
  ...
[2m2026-09-25T00:49:44.230737Z[0m [32m INFO[0m [2mmoq_native_ietf::quic[0m[2m:[0m UDP socket bound [3mbind[0m[2m=[0m[::]:0 [3mlocal[0m[2m=[0m[::]:37549 [3mdual_stack[0m[2m=[0mtrue
[2m2026-09-25T00:49:44.255841Z[0m [33m WARN[0m [2mweb_transport_quinn::session[0m[2m:[0m failed to read capsule [3me[0m[2m=[0mUnexpectedEnd
[2m2026-09-25T00:49:44.256809Z[0m [33m WARN[0m [2mweb_transport_quinn::session[0m[2m:[0m failed to read capsule [3me[0m[2m=[0mUnexpectedEnd
[2m2026-09-25T00:49:44.501848Z[0m [32m INFO[0m [2mmoq_native_ietf::quic[0m[2m:[0m UDP socket bound [3mbind[0m[2m=[0m[::]:0 [3mlocal[0m[2m=[0m[::]:43535 [3mdual_stack[0m[2m=[0mtrue
[2m2026-09-25T00:49:44.625841Z[0m [33m WARN[0m [2mmoq_transport::session[0m[2m:[0m unexpected bidi response message type [3mmsg_type[0m[2m=[0m2
[2m2026-09-25T00:49:44.625867Z[0m [33m WARN[0m [2mmoq_transport::serve::error[0m[2m:[0m [ee76ef45-7398-420b-8141-4e1b5d417ed8] Not implemented: bidi response type 0x2 at moq-transport/src/session/error.rs:89
[2m2026-09-25T00:49:44.628705Z[0m [32m INFO[0m [2mmoq_test_client::moqtest[0m[2m:[0m PUBLISH accepted and subscription bound; generating objects [3mobjects[0m[2m=[0m15 [3mstreams[0m[2m=[0m0
not ok 14 - moq-test-datagram
  ---
  duration_ms: 420
  message: "failed to write datagram: cancelled"
  ...
[2m2026-09-25T00:49:44.651082Z[0m [32m INFO[0m [2mmoq_native_ietf::quic[0m[2m:[0m UDP socket bound [3mbind[0m[2m=[0m[::]:0 [3mlocal[0m[2m=[0m[::]:58852 [3mdual_stack[0m[2m=[0mtrue
[2m2026-09-25T00:49:44.673926Z[0m [33m WARN[0m [2mweb_transport_quinn::session[0m[2m:[0m failed to read capsule [3me[0m[2m=[0mUnexpectedEnd
[2m2026-09-25T00:49:44.678884Z[0m [33m WARN[0m [2mweb_transport_quinn::session[0m[2m:[0m failed to read capsule [3me[0m[2m=[0mUnexpectedEnd
[2m2026-09-25T00:49:44.940656Z[0m [32m INFO[0m [2mmoq_native_ietf::quic[0m[2m:[0m UDP socket bound [3mbind[0m[2m=[0m[::]:0 [3mlocal[0m[2m=[0m[::]:58251 [3mdual_stack[0m[2m=[0mtrue
[2m2026-09-25T00:49:45.034446Z[0m [32m INFO[0m [2mmoq_test_client::moqtest[0m[2m:[0m PUBLISH accepted and subscription bound; generating objects [3mobjects[0m[2m=[0m15 [3mstreams[0m[2m=[0m0
not ok 15 - moq-test-datagram-eog
  ---
  duration_ms: 405
  message: "failed to write datagram: cancelled"
  ...
[2m2026-09-25T00:49:45.057081Z[0m [32m INFO[0m [2mmoq_native_ietf::quic[0m[2m:[0m UDP socket bound [3mbind[0m[2m=[0m[::]:0 [3mlocal[0m[2m=[0m[::]:38823 [3mdual_stack[0m[2m=[0mtrue
[2m2026-09-25T00:49:45.079223Z[0m [33m WARN[0m [2mweb_transport_quinn::session[0m[2m:[0m failed to read capsule [3me[0m[2m=[0mUnexpectedEnd
[2m2026-09-25T00:49:45.083224Z[0m [33m WARN[0m [2mweb_transport_quinn::session[0m[2m:[0m failed to read capsule [3me[0m[2m=[0mUnexpectedEnd
[2m2026-09-25T00:49:45.403621Z[0m [32m INFO[0m [2mmoq_native_ietf::quic[0m[2m:[0m UDP socket bound [3mbind[0m[2m=[0m[::]:0 [3mlocal[0m[2m=[0m[::]:56174 [3mdual_stack[0m[2m=[0mtrue
[2m2026-09-25T00:49:45.484174Z[0m [33m WARN[0m [2mmoq_transport::session[0m[2m:[0m unexpected bidi response message type [3mmsg_type[0m[2m=[0m2
[2m2026-09-25T00:49:45.484201Z[0m [33m WARN[0m [2mmoq_transport::serve::error[0m[2m:[0m [48e85c6e-9f7f-469d-8a99-2b0548e55daa] Not implemented: bidi response type 0x2 at moq-transport/src/session/error.rs:89
[2m2026-09-25T00:49:45.486292Z[0m [32m INFO[0m [2mmoq_test_client::moqtest[0m[2m:[0m PUBLISH accepted and subscription bound; generating objects [3mobjects[0m[2m=[0m15 [3mstreams[0m[2m=[0m3
not ok 16 - moq-test-extensions
  ---
  duration_ms: 449
  message: "failed to create subgroup: cancelled"
  ...
[2m2026-09-25T00:49:45.506057Z[0m [32m INFO[0m [2mmoq_native_ietf::quic[0m[2m:[0m UDP socket bound [3mbind[0m[2m=[0m[::]:0 [3mlocal[0m[2m=[0m[::]:55586 [3mdual_stack[0m[2m=[0mtrue
[2m2026-09-25T00:49:45.526887Z[0m [33m WARN[0m [2mweb_transport_quinn::session[0m[2m:[0m failed to read capsule [3me[0m[2m=[0mUnexpectedEnd
[2m2026-09-25T00:49:45.533455Z[0m [33m WARN[0m [2mweb_transport_quinn::session[0m[2m:[0m failed to read capsule [3me[0m[2m=[0mUnexpectedEnd
[2m2026-09-25T00:49:45.854119Z[0m [32m INFO[0m [2mmoq_native_ietf::quic[0m[2m:[0m UDP socket bound [3mbind[0m[2m=[0m[::]:0 [3mlocal[0m[2m=[0m[::]:42269 [3mdual_stack[0m[2m=[0mtrue
[2m2026-09-25T00:49:45.933858Z[0m [32m INFO[0m [2mmoq_test_client::moqtest[0m[2m:[0m PUBLISH accepted and subscription bound; generating objects [3mobjects[0m[2m=[0m9 [3mstreams[0m[2m=[0m3
not ok 17 - moq-test-increments
  ---
  duration_ms: 437
  message: "failed to create subgroup: cancelled"
  ...
[2m2026-09-25T00:49:45.943852Z[0m [32m INFO[0m [2mmoq_native_ietf::quic[0m[2m:[0m UDP socket bound [3mbind[0m[2m=[0m[::]:0 [3mlocal[0m[2m=[0m[::]:36811 [3mdual_stack[0m[2m=[0mtrue
[2m2026-09-25T00:49:45.962990Z[0m [33m WARN[0m [2mweb_transport_quinn::session[0m[2m:[0m failed to read capsule [3me[0m[2m=[0mUnexpectedEnd
[2m2026-09-25T00:49:45.965208Z[0m [33m WARN[0m [2mweb_transport_quinn::session[0m[2m:[0m failed to read capsule [3me[0m[2m=[0mUnexpectedEnd
[2m2026-09-25T00:49:46.212359Z[0m [32m INFO[0m [2mmoq_native_ietf::quic[0m[2m:[0m UDP socket bound [3mbind[0m[2m=[0m[::]:0 [3mlocal[0m[2m=[0m[::]:56227 [3mdual_stack[0m[2m=[0mtrue
[2m2026-09-25T00:49:46.300491Z[0m [32m INFO[0m [2mmoq_test_client::moqtest[0m[2m:[0m PUBLISH accepted and subscription bound; generating objects [3mobjects[0m[2m=[0m6 [3mstreams[0m[2m=[0m2
not ok 18 - moq-test-forward-zero
  ---
  duration_ms: 367
  message: "failed to create subgroup: cancelled"
  ...
make[1]: *** [Makefile:122: test-external] Error 1
make[1]: Leaving directory '/home/runner/work/moq-interop-runner/moq-interop-runner/main'
