make[1]: Entering directory '/home/runner/work/moq-interop-runner/moq-interop-runner/main'
Running tests against https://relay.moqtail.dev...
  Client: ghcr.io/facebookexperimental/moxygen-interop-client:latest-amd64
docker run --rm \
	 \
	--network host \
	-e RELAY_URL=https://relay.moqtail.dev \
	-e TLS_DISABLE_VERIFY=false \
	ghcr.io/facebookexperimental/moxygen-interop-client:latest-amd64
TAP version 14
# moxygen interop test client
# Relay: https://relay.moqtail.dev
# Transport: WebTransport
# Offered ALPNs: moqt-18, moqt-16, moqt-15, moq-00
1..6
ok 1 - setup-only
  ---
  duration_ms: 108
  negotiated_version: draft-18
  info: SETUP exchange completed successfully
  ...
E0925 01:02:23.523953     1 MoQRelaySession.cpp:1116] PublishNamespaceDone for unknown publishNamespace, sess=0x55c6390e6c20
ok 2 - announce-only
  ---
  duration_ms: 140
  negotiated_version: draft-18
  info: PUBLISH_NAMESPACE completed successfully
  ...
E0925 01:02:23.632329     1 MoQSession.cpp:5128] No matching subscribe ID=0 sess=0x55c63909c180
ok 3 - subscribe-error
  ---
  duration_ms: 108
  negotiated_version: draft-18
  info: Subscribe correctly returned error: peer FINed without terminal reply
  ...
E0925 01:02:23.811642     1 MoQSession.cpp:5128] No matching subscribe ID=0 sess=0x55c6390e6c20
not ok 4 - announce-subscribe
  ---
  duration_ms: 179
  negotiated_version: draft-18
  error: Subscribe failed: peer FINed without terminal reply
  ...
ok 5 - publish-namespace-done
  ---
  duration_ms: 115
  negotiated_version: draft-18
  info: PUBLISH_NAMESPACE_OK received, PUBLISH_NAMESPACE_DONE sent
  ...
E0925 01:02:24.052846     1 MoQSession.cpp:5128] No matching subscribe ID=0 sess=0x55c63910f670
ok 6 - subscribe-before-announce
  ---
  duration_ms: 719
  negotiated_version: draft-18
  info: Subscribe returned error (relay doesn't buffer pending subscriptions): peer FINed without terminal reply
  ...
make[1]: *** [Makefile:122: test-external] Error 1
make[1]: Leaving directory '/home/runner/work/moq-interop-runner/moq-interop-runner/main'
