make[1]: Entering directory '/home/runner/work/moq-interop-runner/moq-interop-runner/main'
Running tests against moqt://us-west-2.relay.quicr.org:33437...
  Client: ghcr.io/englishm/moq-interop-runner-moq-test-client-draft-16:latest
docker run --rm \
	 \
	--network host \
	-e RELAY_URL=moqt://us-west-2.relay.quicr.org:33437 \
	-e TLS_DISABLE_VERIFY=1 \
	ghcr.io/englishm/moq-interop-runner-moq-test-client-draft-16:latest
TAP version 14
# moq-test-client v0.1.0
# Relay: moqt://us-west-2.relay.quicr.org:33437
1..6
ok 1 - setup-only
  ---
  duration_ms: 118
  connection_id: cb31199faf1227391bf663227c6c26c0
  ...
ok 2 - announce-only
  ---
  duration_ms: 2354
  connection_id: 1b574d51d10fd304368d95e04543ebd5
  ...
not ok 3 - subscribe-error
  ---
  duration_ms: 245
  message: "session error: decode error: invalid message: 1: invalid message: 1"
  ...
[2026-07-28T01:35:12Z ERROR moq_transport::session::reader] [READER] decode: ERROR decoding moq_transport::message::Message - InvalidMessage(1) (buffer_len=5)
[2026-07-28T01:35:12Z ERROR moq_transport::session::reader] [READER] decode: ERROR decoding moq_transport::message::Message - InvalidMessage(1) (buffer_len=5)
not ok 4 - announce-subscribe
  ---
  duration_ms: 395
  message: "subscriber session error: decode error: invalid message: 1: invalid message: 1"
  ...
[2026-07-28T01:35:13Z ERROR moq_transport::session::reader] [READER] decode: ERROR decoding moq_transport::message::Message - InvalidMessage(1) (buffer_len=5)
ok 5 - subscribe-before-announce
  ---
  duration_ms: 3833
  subscriber_connection_id: 24677a72f1336ce6833aa1ae881bd6c6
  publisher_connection_id: 9baa8e7be865986b414385c9e36245d2
  ...
ok 6 - publish-namespace-done
  ---
  duration_ms: 2438
  connection_id: 934cdbc0eb6aef4cea665a3ad41a9ef7
  ...
make[1]: *** [Makefile:122: test-external] Error 1
make[1]: Leaving directory '/home/runner/work/moq-interop-runner/moq-interop-runner/main'
