make[1]: Entering directory '/home/runner/work/moq-interop-runner/moq-interop-runner/main'
Running tests against moqt://fb.mvfst.net:9448...
  Client: ghcr.io/englishm/moq-interop-runner-moq-test-client-draft-18:latest
docker run --rm \
	 \
	--network host \
	-e RELAY_URL=moqt://fb.mvfst.net:9448 \
	-e TLS_DISABLE_VERIFY=1 \
	ghcr.io/englishm/moq-interop-runner-moq-test-client-draft-18:latest
TAP version 14
# moq-test-client v0.1.10
# Relay: moqt://fb.mvfst.net:9448
1..6
[2m2026-07-28T01:05:30.071046Z[0m [32m INFO[0m [2mmoq_native_ietf::quic[0m[2m:[0m UDP socket bound [3mbind[0m[2m=[0m[::]:0 [3mlocal[0m[2m=[0m[::]:38963 [3mdual_stack[0m[2m=[0mtrue
[2m2026-07-28T01:05:30.203499Z[0m [32m INFO[0m [2mmoq_test_client::scenarios[0m[2m:[0m SETUP exchange completed successfully
ok 1 - setup-only
  ---
  duration_ms: 133
  connection_id: 9e8ba22cc18eda16455a9f175d8ae459
  ...
[2m2026-07-28T01:05:30.204125Z[0m [32m INFO[0m [2mmoq_native_ietf::quic[0m[2m:[0m UDP socket bound [3mbind[0m[2m=[0m[::]:0 [3mlocal[0m[2m=[0m[::]:50316 [3mdual_stack[0m[2m=[0mtrue
[2m2026-07-28T01:05:30.247155Z[0m [32m INFO[0m [2mmoq_test_client::scenarios[0m[2m:[0m Sending PUBLISH_NAMESPACE for: moq-test/interop
[2m2026-07-28T01:05:32.248338Z[0m [32m INFO[0m [2mmoq_test_client::scenarios[0m[2m:[0m PUBLISH_NAMESPACE succeeded (REQUEST_OK received, waiting for subscribers)
ok 2 - publish-namespace-only
  ---
  duration_ms: 2044
  connection_id: cb9d5c26497104230a1066f96344ff41
  ...
[2m2026-07-28T01:05:32.249036Z[0m [32m INFO[0m [2mmoq_native_ietf::quic[0m[2m:[0m UDP socket bound [3mbind[0m[2m=[0m[::]:0 [3mlocal[0m[2m=[0m[::]:58716 [3mdual_stack[0m[2m=[0mtrue
[2m2026-07-28T01:05:32.334873Z[0m [32m INFO[0m [2mmoq_test_client::scenarios[0m[2m:[0m Subscribing to non-existent track: nonexistent/namespace/test-track
[2m2026-07-28T01:05:32.363913Z[0m [33m WARN[0m [2mmoq_transport::serve::error[0m[2m:[0m [f315e9fb-78d8-4b22-914a-73f3ee638aac] Not found: no such namespace or track at moq-transport/src/session/subscriber.rs:483
[2m2026-07-28T01:05:32.363940Z[0m [33m WARN[0m [2mmoq_transport::session::reader[0m[2m:[0m [READER] decode: stream ended while waiting for data (have=0 bytes, need=1)
[2m2026-07-28T01:05:32.363980Z[0m [32m INFO[0m [2mmoq_test_client::scenarios[0m[2m:[0m Got expected 'not found' error: not found: Track not found [error:f315e9fb-78d8-4b22-914a-73f3ee638aac]
ok 3 - subscribe-error
  ---
  duration_ms: 115
  connection_id: 5f157bcaedabe6dfa90540959fa0bdd5
  ...
[2m2026-07-28T01:05:32.364613Z[0m [32m INFO[0m [2mmoq_native_ietf::quic[0m[2m:[0m UDP socket bound [3mbind[0m[2m=[0m[::]:0 [3mlocal[0m[2m=[0m[::]:44381 [3mdual_stack[0m[2m=[0mtrue
[2m2026-07-28T01:05:32.408171Z[0m [32m INFO[0m [2mmoq_native_ietf::quic[0m[2m:[0m UDP socket bound [3mbind[0m[2m=[0m[::]:0 [3mlocal[0m[2m=[0m[::]:55463 [3mdual_stack[0m[2m=[0mtrue
[2m2026-07-28T01:05:32.468391Z[0m [32m INFO[0m [2mmoq_test_client::scenarios[0m[2m:[0m Publisher sending PUBLISH_NAMESPACE: moq-test/interop
[2m2026-07-28T01:05:32.468425Z[0m [32m INFO[0m [2mmoq_test_client::scenarios[0m[2m:[0m Subscriber subscribing to track: moq-test/interop/test-track
[2m2026-07-28T01:05:32.498085Z[0m [33m WARN[0m [2mmoq_transport::serve::error[0m[2m:[0m [feb6c99a-45f8-44a7-9c2e-fd37753a3237] Not found: no such namespace or track at moq-transport/src/session/subscriber.rs:483
[2m2026-07-28T01:05:32.498105Z[0m [33m WARN[0m [2mmoq_transport::session::reader[0m[2m:[0m [READER] decode: stream ended while waiting for data (have=0 bytes, need=1)
[2m2026-07-28T01:05:32.498154Z[0m [32m INFO[0m [2mmoq_test_client::scenarios[0m[2m:[0m Subscriber got error: not found: Track not found [error:feb6c99a-45f8-44a7-9c2e-fd37753a3237] - subscription was processed
ok 4 - publish-namespace-subscribe
  ---
  duration_ms: 134
  publisher_connection_id: 01096064dc38f1d83dc2b5d02d4beded
  subscriber_connection_id: f6ae6c697bda8cfe37c7d74e4bec5359
  ...
[2m2026-07-28T01:05:32.498803Z[0m [32m INFO[0m [2mmoq_native_ietf::quic[0m[2m:[0m UDP socket bound [3mbind[0m[2m=[0m[::]:0 [3mlocal[0m[2m=[0m[::]:36802 [3mdual_stack[0m[2m=[0mtrue
[2m2026-07-28T01:05:32.594730Z[0m [32m INFO[0m [2mmoq_test_client::scenarios[0m[2m:[0m Subscriber subscribing BEFORE PUBLISH_NAMESPACE: moq-test/interop/test-track
[2m2026-07-28T01:05:32.623666Z[0m [33m WARN[0m [2mmoq_transport::serve::error[0m[2m:[0m [6fd10350-aa4a-480e-b0b8-cef85a84bc81] Not found: no such namespace or track at moq-transport/src/session/subscriber.rs:483
[2m2026-07-28T01:05:32.623691Z[0m [33m WARN[0m [2mmoq_transport::session::reader[0m[2m:[0m [READER] decode: stream ended while waiting for data (have=0 bytes, need=1)
[2m2026-07-28T01:05:33.096822Z[0m [32m INFO[0m [2mmoq_native_ietf::quic[0m[2m:[0m UDP socket bound [3mbind[0m[2m=[0m[::]:0 [3mlocal[0m[2m=[0m[::]:35609 [3mdual_stack[0m[2m=[0mtrue
[2m2026-07-28T01:05:33.156896Z[0m [32m INFO[0m [2mmoq_test_client::scenarios[0m[2m:[0m Publisher sending PUBLISH_NAMESPACE (after subscriber): moq-test/interop
[2m2026-07-28T01:05:36.157897Z[0m [32m INFO[0m [2mmoq_test_client::scenarios[0m[2m:[0m Publisher PUBLISH_NAMESPACE timeout (expected)
[2m2026-07-28T01:05:36.157922Z[0m [32m INFO[0m [2mmoq_test_client::scenarios[0m[2m:[0m Subscriber got error: not found: Track not found [error:6fd10350-aa4a-480e-b0b8-cef85a84bc81] (may be expected)
ok 5 - subscribe-before-publish-namespace
  ---
  duration_ms: 3659
  subscriber_connection_id: edb3f3dba3591b3c3f0a740a5194b529
  publisher_connection_id: 965749c0f4bb3129488d68748686052b
  ...
[2m2026-07-28T01:05:36.158581Z[0m [32m INFO[0m [2mmoq_native_ietf::quic[0m[2m:[0m UDP socket bound [3mbind[0m[2m=[0m[::]:0 [3mlocal[0m[2m=[0m[::]:57519 [3mdual_stack[0m[2m=[0mtrue
[2m2026-07-28T01:05:36.222231Z[0m [32m INFO[0m [2mmoq_test_client::scenarios[0m[2m:[0m Sending PUBLISH_NAMESPACE: moq-test/interop
[2m2026-07-28T01:05:38.223868Z[0m [32m INFO[0m [2mmoq_test_client::scenarios[0m[2m:[0m PUBLISH_NAMESPACE active; sending PUBLISH_NAMESPACE_DONE
[2m2026-07-28T01:05:38.325441Z[0m [32m INFO[0m [2mmoq_test_client::scenarios[0m[2m:[0m PUBLISH_NAMESPACE_DONE sent successfully
ok 6 - publish-namespace-done
  ---
  duration_ms: 2167
  connection_id: b2e57dd0d9303c224141ef1119b68de3
  ...
make[1]: Leaving directory '/home/runner/work/moq-interop-runner/moq-interop-runner/main'
