make[1]: Entering directory '/home/runner/work/moq-interop-runner/moq-interop-runner/main'
Running tests against https://moqx-main.ci.openmoq.org:4433/moq-relay...
  Client: ghcr.io/englishm/moq-interop-runner-moq-test-client-draft-16:latest
docker run --rm \
	 \
	--network host \
	-e RELAY_URL=https://moqx-main.ci.openmoq.org:4433/moq-relay \
	-e TLS_DISABLE_VERIFY=false \
	ghcr.io/englishm/moq-interop-runner-moq-test-client-draft-16:latest
TAP version 14
# moq-test-client v0.1.0
# Relay: https://moqx-main.ci.openmoq.org:4433/moq-relay
1..6
ok 1 - setup-only
  ---
  duration_ms: 304
  connection_id: 1e9669f8283f687b979bf5038383503c
  ...
ok 2 - announce-only
  ---
  duration_ms: 2296
  connection_id: 89591ffb0af9b543467da584b3e1c143
  ...
ok 3 - subscribe-error
  ---
  duration_ms: 337
  connection_id: deb3a80c3eacc27537af557d10a756ee
  ...
ok 4 - announce-subscribe
  ---
  duration_ms: 3505
  publisher_connection_id: 265f58057837d1c1d30bfcb9caeaf6ec
  subscriber_connection_id: 7c201831d7fef7b1d11bbb6ab8168416
  ...
ok 5 - subscribe-before-announce
  ---
  duration_ms: 4668
  subscriber_connection_id: e2a12c0a950582952abf0730addf0a6b
  publisher_connection_id: 9dac725e1b3a933fc54f9e17ab717e1c
  ...
ok 6 - publish-namespace-done
  ---
  duration_ms: 2430
  connection_id: bc8a245d20f6f353899530f600ec0022
  ...
make[1]: Leaving directory '/home/runner/work/moq-interop-runner/moq-interop-runner/main'
