make[1]: Entering directory '/home/runner/work/moq-interop-runner/moq-interop-runner/main'
Running tests against https://moqt.nokiaresearch.com:4443/moq...
  Client: ghcr.io/englishm/moq-interop-runner-moq-test-client-draft-18:latest
docker run --rm \
	 \
	--network host \
	-e RELAY_URL=https://moqt.nokiaresearch.com:4443/moq \
	-e TLS_DISABLE_VERIFY=false \
	ghcr.io/englishm/moq-interop-runner-moq-test-client-draft-18:latest
TAP version 14
# moq-test-client v0.1.10
# Relay: https://moqt.nokiaresearch.com:4443/moq
1..6
[2m2026-07-28T01:03:53.065228Z[0m [32m INFO[0m [2mmoq_native_ietf::quic[0m[2m:[0m UDP socket bound [3mbind[0m[2m=[0m[::]:0 [3mlocal[0m[2m=[0m[::]:38156 [3mdual_stack[0m[2m=[0mtrue
[2m2026-07-28T01:03:53.745256Z[0m [32m INFO[0m [2mmoq_test_client::scenarios[0m[2m:[0m SETUP exchange completed successfully
ok 1 - setup-only
  ---
  duration_ms: 680
  connection_id: 25cf8d23fd236e4542973f3498e1ec0f
  ...
[2m2026-07-28T01:03:53.745971Z[0m [32m INFO[0m [2mmoq_native_ietf::quic[0m[2m:[0m UDP socket bound [3mbind[0m[2m=[0m[::]:0 [3mlocal[0m[2m=[0m[::]:36388 [3mdual_stack[0m[2m=[0mtrue
[2m2026-07-28T01:03:54.391503Z[0m [32m INFO[0m [2mmoq_test_client::scenarios[0m[2m:[0m Sending PUBLISH_NAMESPACE for: moq-test/interop
[2m2026-07-28T01:03:56.394081Z[0m [32m INFO[0m [2mmoq_test_client::scenarios[0m[2m:[0m PUBLISH_NAMESPACE succeeded (REQUEST_OK received, waiting for subscribers)
ok 2 - publish-namespace-only
  ---
  duration_ms: 2648
  connection_id: 3212144aa26c02963b2d590e4cfb8574
  ...
[2m2026-07-28T01:03:56.394844Z[0m [32m INFO[0m [2mmoq_native_ietf::quic[0m[2m:[0m UDP socket bound [3mbind[0m[2m=[0m[::]:0 [3mlocal[0m[2m=[0m[::]:43774 [3mdual_stack[0m[2m=[0mtrue
[2m2026-07-28T01:03:57.164646Z[0m [32m INFO[0m [2mmoq_test_client::scenarios[0m[2m:[0m Subscribing to non-existent track: nonexistent/namespace/test-track
[2m2026-07-28T01:03:57.291612Z[0m [33m WARN[0m [2mmoq_transport::serve::error[0m[2m:[0m [d19bc55a-a701-499b-af9a-34556b4a2029] Not found: Track /nonexistent/namespace/test-track does not exist at moq-transport/src/session/subscriber.rs:483
[2m2026-07-28T01:03:57.291642Z[0m [33m WARN[0m [2mmoq_transport::session::reader[0m[2m:[0m [READER] decode: stream ended while waiting for data (have=0 bytes, need=1)
[2m2026-07-28T01:03:57.291703Z[0m [32m INFO[0m [2mmoq_test_client::scenarios[0m[2m:[0m Got expected 'not found' error: not found: Track not found [error:d19bc55a-a701-499b-af9a-34556b4a2029]
ok 3 - subscribe-error
  ---
  duration_ms: 897
  connection_id: 0f97f38e21e2bb5c0d5d560e59ef2768
  ...
[2m2026-07-28T01:03:57.292693Z[0m [32m INFO[0m [2mmoq_native_ietf::quic[0m[2m:[0m UDP socket bound [3mbind[0m[2m=[0m[::]:0 [3mlocal[0m[2m=[0m[::]:52863 [3mdual_stack[0m[2m=[0mtrue
[2m2026-07-28T01:03:58.175657Z[0m [32m INFO[0m [2mmoq_native_ietf::quic[0m[2m:[0m UDP socket bound [3mbind[0m[2m=[0m[::]:0 [3mlocal[0m[2m=[0m[::]:56600 [3mdual_stack[0m[2m=[0mtrue
[2m2026-07-28T01:03:58.825162Z[0m [32m INFO[0m [2mmoq_test_client::scenarios[0m[2m:[0m Publisher sending PUBLISH_NAMESPACE: moq-test/interop
[2m2026-07-28T01:03:58.825189Z[0m [32m INFO[0m [2mmoq_test_client::scenarios[0m[2m:[0m Subscriber subscribing to track: moq-test/interop/test-track
[2m2026-07-28T01:03:58.952811Z[0m [33m WARN[0m [2mmoq_transport::serve::error[0m[2m:[0m [1e6efe05-9d39-421a-add6-b9b8147f0b23] Not found: Track /moq-test/interop/test-track does not exist at moq-transport/src/session/subscriber.rs:483
[2m2026-07-28T01:03:58.952843Z[0m [33m WARN[0m [2mmoq_transport::session::reader[0m[2m:[0m [READER] decode: stream ended while waiting for data (have=0 bytes, need=1)
[2m2026-07-28T01:03:58.952987Z[0m [32m INFO[0m [2mmoq_test_client::scenarios[0m[2m:[0m Subscriber got error: not found: Track not found [error:1e6efe05-9d39-421a-add6-b9b8147f0b23] - subscription was processed
ok 4 - publish-namespace-subscribe
  ---
  duration_ms: 1660
  publisher_connection_id: 5f93fa9136a98d5c60c1a7583a5a60c6
  subscriber_connection_id: 6b0708b3e0ccc58a90d00294db973add
  ...
[2m2026-07-28T01:03:58.953625Z[0m [32m INFO[0m [2mmoq_native_ietf::quic[0m[2m:[0m UDP socket bound [3mbind[0m[2m=[0m[::]:0 [3mlocal[0m[2m=[0m[::]:39233 [3mdual_stack[0m[2m=[0mtrue
[2m2026-07-28T01:03:59.648751Z[0m [32m INFO[0m [2mmoq_test_client::scenarios[0m[2m:[0m Subscriber subscribing BEFORE PUBLISH_NAMESPACE: moq-test/interop/test-track
[2m2026-07-28T01:03:59.775159Z[0m [33m WARN[0m [2mmoq_transport::serve::error[0m[2m:[0m [13774558-9d72-49f3-84bc-9b4a3af9658e] Not found: Track /moq-test/interop/test-track does not exist at moq-transport/src/session/subscriber.rs:483
[2m2026-07-28T01:03:59.775195Z[0m [33m WARN[0m [2mmoq_transport::session::reader[0m[2m:[0m [READER] decode: stream ended while waiting for data (have=0 bytes, need=1)
[2m2026-07-28T01:04:00.150741Z[0m [32m INFO[0m [2mmoq_native_ietf::quic[0m[2m:[0m UDP socket bound [3mbind[0m[2m=[0m[::]:0 [3mlocal[0m[2m=[0m[::]:53158 [3mdual_stack[0m[2m=[0mtrue
[2m2026-07-28T01:04:00.794782Z[0m [32m INFO[0m [2mmoq_test_client::scenarios[0m[2m:[0m Publisher sending PUBLISH_NAMESPACE (after subscriber): moq-test/interop
[2m2026-07-28T01:04:03.797074Z[0m [32m INFO[0m [2mmoq_test_client::scenarios[0m[2m:[0m Publisher PUBLISH_NAMESPACE timeout (expected)
[2m2026-07-28T01:04:03.797099Z[0m [32m INFO[0m [2mmoq_test_client::scenarios[0m[2m:[0m Subscriber got error: not found: Track not found [error:13774558-9d72-49f3-84bc-9b4a3af9658e] (may be expected)
ok 5 - subscribe-before-publish-namespace
  ---
  duration_ms: 4844
  subscriber_connection_id: 3a17e3429470f6645948acacd9abb3df
  publisher_connection_id: 4d29ce549d4715959a518fd2ffae6acf
  ...
[2m2026-07-28T01:04:03.797753Z[0m [32m INFO[0m [2mmoq_native_ietf::quic[0m[2m:[0m UDP socket bound [3mbind[0m[2m=[0m[::]:0 [3mlocal[0m[2m=[0m[::]:39490 [3mdual_stack[0m[2m=[0mtrue
[2m2026-07-28T01:04:04.530872Z[0m [32m INFO[0m [2mmoq_test_client::scenarios[0m[2m:[0m Sending PUBLISH_NAMESPACE: moq-test/interop
[2m2026-07-28T01:04:06.532675Z[0m [32m INFO[0m [2mmoq_test_client::scenarios[0m[2m:[0m PUBLISH_NAMESPACE active; sending PUBLISH_NAMESPACE_DONE
[2m2026-07-28T01:04:06.634455Z[0m [32m INFO[0m [2mmoq_test_client::scenarios[0m[2m:[0m PUBLISH_NAMESPACE_DONE sent successfully
ok 6 - publish-namespace-done
  ---
  duration_ms: 2837
  connection_id: 8776bd21379aaab4ddc6c4d6df1b5f21
  ...
make[1]: Leaving directory '/home/runner/work/moq-interop-runner/moq-interop-runner/main'
