make[1]: Entering directory '/home/runner/work/moq-interop-runner/moq-interop-runner/main'
Running tests against moqt://us-west-2.relay.quicr.org:33437...
  Client: ghcr.io/englishm/moq-interop-runner-moq-test-client-draft-18:latest
docker run --rm \
	 \
	--network host \
	-e RELAY_URL=moqt://us-west-2.relay.quicr.org:33437 \
	-e TLS_DISABLE_VERIFY=1 \
	ghcr.io/englishm/moq-interop-runner-moq-test-client-draft-18:latest
TAP version 14
# moq-test-client v0.1.12
# Relay: moqt://us-west-2.relay.quicr.org:33437
1..18
[2m2026-10-09T00:50:00.256619Z[0m [32m INFO[0m [2mmoq_native_ietf::quic[0m[2m:[0m UDP socket bound [3mbind[0m[2m=[0m[::]:0 [3mlocal[0m[2m=[0m[::]:44278 [3mdual_stack[0m[2m=[0mtrue
not ok 1 - setup-only
  ---
  duration_ms: 139
  message: "failed to connect to relay: aborted by peer: the cryptographic handshake failed: error 120"
  ...
[2m2026-10-09T00:50:00.396466Z[0m [32m INFO[0m [2mmoq_native_ietf::quic[0m[2m:[0m UDP socket bound [3mbind[0m[2m=[0m[::]:0 [3mlocal[0m[2m=[0m[::]:37853 [3mdual_stack[0m[2m=[0mtrue
not ok 2 - publish-namespace-only
  ---
  duration_ms: 60
  message: "failed to connect to relay: aborted by peer: the cryptographic handshake failed: error 120"
  ...
[2m2026-10-09T00:50:00.457390Z[0m [32m INFO[0m [2mmoq_native_ietf::quic[0m[2m:[0m UDP socket bound [3mbind[0m[2m=[0m[::]:0 [3mlocal[0m[2m=[0m[::]:59283 [3mdual_stack[0m[2m=[0mtrue
not ok 3 - subscribe-error
  ---
  duration_ms: 67
  message: "failed to connect to relay: aborted by peer: the cryptographic handshake failed: error 120"
  ...
[2m2026-10-09T00:50:00.524579Z[0m [32m INFO[0m [2mmoq_native_ietf::quic[0m[2m:[0m UDP socket bound [3mbind[0m[2m=[0m[::]:0 [3mlocal[0m[2m=[0m[::]:42072 [3mdual_stack[0m[2m=[0mtrue
not ok 4 - publish-namespace-subscribe
  ---
  duration_ms: 60
  message: "publisher failed to connect: aborted by peer: the cryptographic handshake failed: error 120"
  ...
[2m2026-10-09T00:50:00.584810Z[0m [32m INFO[0m [2mmoq_native_ietf::quic[0m[2m:[0m UDP socket bound [3mbind[0m[2m=[0m[::]:0 [3mlocal[0m[2m=[0m[::]:47935 [3mdual_stack[0m[2m=[0mtrue
not ok 5 - subscribe-before-publish-namespace
  ---
  duration_ms: 62
  message: "subscriber failed to connect: aborted by peer: the cryptographic handshake failed: error 120"
  ...
[2m2026-10-09T00:50:00.647075Z[0m [32m INFO[0m [2mmoq_native_ietf::quic[0m[2m:[0m UDP socket bound [3mbind[0m[2m=[0m[::]:0 [3mlocal[0m[2m=[0m[::]:44752 [3mdual_stack[0m[2m=[0mtrue
not ok 6 - publish-namespace-done
  ---
  duration_ms: 142
  message: "failed to connect to relay: aborted by peer: the cryptographic handshake failed: error 120"
  ...
[2m2026-10-09T00:50:00.789623Z[0m [32m INFO[0m [2mmoq_native_ietf::quic[0m[2m:[0m UDP socket bound [3mbind[0m[2m=[0m[::]:0 [3mlocal[0m[2m=[0m[::]:37069 [3mdual_stack[0m[2m=[0mtrue
not ok 7 - publish-track-only
  ---
  duration_ms: 56
  message: "publisher failed to connect to relay: aborted by peer: the cryptographic handshake failed: error 120"
  ...
[2m2026-10-09T00:50:00.845943Z[0m [32m INFO[0m [2mmoq_native_ietf::quic[0m[2m:[0m UDP socket bound [3mbind[0m[2m=[0m[::]:0 [3mlocal[0m[2m=[0m[::]:43838 [3mdual_stack[0m[2m=[0mtrue
not ok 8 - publish-track-subscribe
  ---
  duration_ms: 58
  message: "publisher failed to connect: aborted by peer: the cryptographic handshake failed: error 120"
  ...
[2m2026-10-09T00:50:00.904358Z[0m [32m INFO[0m [2mmoq_native_ietf::quic[0m[2m:[0m UDP socket bound [3mbind[0m[2m=[0m[::]:0 [3mlocal[0m[2m=[0m[::]:44630 [3mdual_stack[0m[2m=[0mtrue
not ok 9 - rendezvous-timeout
  ---
  duration_ms: 69
  message: "failed to connect to relay: aborted by peer: the cryptographic handshake failed: error 120"
  ...
[2m2026-10-09T00:50:00.973677Z[0m [32m INFO[0m [2mmoq_native_ietf::quic[0m[2m:[0m UDP socket bound [3mbind[0m[2m=[0m[::]:0 [3mlocal[0m[2m=[0m[::]:56642 [3mdual_stack[0m[2m=[0mtrue
not ok 10 - moq-test-subgroup-per-group
  ---
  duration_ms: 65
  message: "subscriber failed to connect: aborted by peer: the cryptographic handshake failed: error 120"
  ...
[2m2026-10-09T00:50:01.039415Z[0m [32m INFO[0m [2mmoq_native_ietf::quic[0m[2m:[0m UDP socket bound [3mbind[0m[2m=[0m[::]:0 [3mlocal[0m[2m=[0m[::]:44893 [3mdual_stack[0m[2m=[0mtrue
not ok 11 - moq-test-subgroup-per-group-eog
  ---
  duration_ms: 59
  message: "subscriber failed to connect: aborted by peer: the cryptographic handshake failed: error 120"
  ...
[2m2026-10-09T00:50:01.099042Z[0m [32m INFO[0m [2mmoq_native_ietf::quic[0m[2m:[0m UDP socket bound [3mbind[0m[2m=[0m[::]:0 [3mlocal[0m[2m=[0m[::]:36574 [3mdual_stack[0m[2m=[0mtrue
not ok 12 - moq-test-subgroup-per-object
  ---
  duration_ms: 58
  message: "subscriber failed to connect: aborted by peer: the cryptographic handshake failed: error 120"
  ...
[2m2026-10-09T00:50:01.157178Z[0m [32m INFO[0m [2mmoq_native_ietf::quic[0m[2m:[0m UDP socket bound [3mbind[0m[2m=[0m[::]:0 [3mlocal[0m[2m=[0m[::]:58029 [3mdual_stack[0m[2m=[0mtrue
not ok 13 - moq-test-two-subgroups-eog
  ---
  duration_ms: 169
  message: "subscriber failed to connect: aborted by peer: the cryptographic handshake failed: error 120"
  ...
[2m2026-10-09T00:50:01.326540Z[0m [32m INFO[0m [2mmoq_native_ietf::quic[0m[2m:[0m UDP socket bound [3mbind[0m[2m=[0m[::]:0 [3mlocal[0m[2m=[0m[::]:54315 [3mdual_stack[0m[2m=[0mtrue
not ok 14 - moq-test-datagram
  ---
  duration_ms: 65
  message: "subscriber failed to connect: aborted by peer: the cryptographic handshake failed: error 120"
  ...
[2m2026-10-09T00:50:01.392498Z[0m [32m INFO[0m [2mmoq_native_ietf::quic[0m[2m:[0m UDP socket bound [3mbind[0m[2m=[0m[::]:0 [3mlocal[0m[2m=[0m[::]:42725 [3mdual_stack[0m[2m=[0mtrue
not ok 15 - moq-test-datagram-eog
  ---
  duration_ms: 112
  message: "subscriber failed to connect: aborted by peer: the cryptographic handshake failed: error 120"
  ...
[2m2026-10-09T00:50:01.505268Z[0m [32m INFO[0m [2mmoq_native_ietf::quic[0m[2m:[0m UDP socket bound [3mbind[0m[2m=[0m[::]:0 [3mlocal[0m[2m=[0m[::]:42899 [3mdual_stack[0m[2m=[0mtrue
not ok 16 - moq-test-extensions
  ---
  duration_ms: 59
  message: "subscriber failed to connect: aborted by peer: the cryptographic handshake failed: error 120"
  ...
[2m2026-10-09T00:50:01.564354Z[0m [32m INFO[0m [2mmoq_native_ietf::quic[0m[2m:[0m UDP socket bound [3mbind[0m[2m=[0m[::]:0 [3mlocal[0m[2m=[0m[::]:37385 [3mdual_stack[0m[2m=[0mtrue
not ok 17 - moq-test-increments
  ---
  duration_ms: 196
  message: "subscriber failed to connect: aborted by peer: the cryptographic handshake failed: error 120"
  ...
[2m2026-10-09T00:50:01.761163Z[0m [32m INFO[0m [2mmoq_native_ietf::quic[0m[2m:[0m UDP socket bound [3mbind[0m[2m=[0m[::]:0 [3mlocal[0m[2m=[0m[::]:53565 [3mdual_stack[0m[2m=[0mtrue
not ok 18 - moq-test-forward-zero
  ---
  duration_ms: 57
  message: "subscriber failed to connect: aborted by peer: the cryptographic handshake failed: error 120"
  ...
make[1]: *** [Makefile:122: test-external] Error 1
make[1]: Leaving directory '/home/runner/work/moq-interop-runner/moq-interop-runner/main'
