make[1]: Entering directory '/home/runner/work/moq-interop-runner/moq-interop-runner/main'
Running tests against moqt://moqt.nokiaresearch.com:4443/moq...
  Client: ghcr.io/englishm/moq-interop-runner-moq-test-client-draft-18:latest
docker run --rm \
	 \
	--network host \
	-e RELAY_URL=moqt://moqt.nokiaresearch.com:4443/moq \
	-e TLS_DISABLE_VERIFY=false \
	ghcr.io/englishm/moq-interop-runner-moq-test-client-draft-18:latest
TAP version 14
# moq-test-client v0.1.12
# Relay: moqt://moqt.nokiaresearch.com:4443/moq
1..18
[2m2026-10-09T00:52:39.526446Z[0m [32m INFO[0m [2mmoq_native_ietf::quic[0m[2m:[0m UDP socket bound [3mbind[0m[2m=[0m[::]:0 [3mlocal[0m[2m=[0m[::]:53653 [3mdual_stack[0m[2m=[0mtrue
[2m2026-10-09T00:52:40.063788Z[0m [32m INFO[0m [2mmoq_test_client::scenarios[0m[2m:[0m SETUP exchange completed successfully
ok 1 - setup-only
  ---
  duration_ms: 538
  connection_id: 3c25b4150a577c2534eb05c338f86a61
  ...
[2m2026-10-09T00:52:40.064676Z[0m [32m INFO[0m [2mmoq_native_ietf::quic[0m[2m:[0m UDP socket bound [3mbind[0m[2m=[0m[::]:0 [3mlocal[0m[2m=[0m[::]:57624 [3mdual_stack[0m[2m=[0mtrue
[2m2026-10-09T00:52:40.597826Z[0m [32m INFO[0m [2mmoq_test_client::scenarios[0m[2m:[0m Sending PUBLISH_NAMESPACE for: moq-test/interop
[2m2026-10-09T00:52:42.598870Z[0m [32m INFO[0m [2mmoq_test_client::scenarios[0m[2m:[0m PUBLISH_NAMESPACE succeeded (REQUEST_OK received, waiting for subscribers)
ok 2 - publish-namespace-only
  ---
  duration_ms: 2534
  connection_id: 0281a14742dfae8602fc8449d3c01033
  ...
[2m2026-10-09T00:52:42.599641Z[0m [32m INFO[0m [2mmoq_native_ietf::quic[0m[2m:[0m UDP socket bound [3mbind[0m[2m=[0m[::]:0 [3mlocal[0m[2m=[0m[::]:34262 [3mdual_stack[0m[2m=[0mtrue
[2m2026-10-09T00:52:43.058686Z[0m [32m INFO[0m [2mmoq_test_client::scenarios[0m[2m:[0m Subscribing to non-existent track: nonexistent/namespace/test-track
[2m2026-10-09T00:52:43.185586Z[0m [33m WARN[0m [2mmoq_transport::serve::error[0m[2m:[0m [dde82563-e811-4c77-9840-b666c9f3ee28] Not found: Track /nonexistent/namespace/test-track does not exist at moq-transport/src/session/subscriber.rs:1653
ok 3 - subscribe-error
  ---
  duration_ms: 586
  connection_id: 2545c4fe687a9fcd0b6b904c07324759
  ...
[2m2026-10-09T00:52:43.185763Z[0m [32m INFO[0m [2mmoq_test_client::scenarios[0m[2m:[0m Got expected 'not found' error: not found: Track not found [error:dde82563-e811-4c77-9840-b666c9f3ee28]
[2m2026-10-09T00:52:43.186451Z[0m [32m INFO[0m [2mmoq_native_ietf::quic[0m[2m:[0m UDP socket bound [3mbind[0m[2m=[0m[::]:0 [3mlocal[0m[2m=[0m[::]:48474 [3mdual_stack[0m[2m=[0mtrue
[2m2026-10-09T00:52:43.694142Z[0m [32m INFO[0m [2mmoq_native_ietf::quic[0m[2m:[0m UDP socket bound [3mbind[0m[2m=[0m[::]:0 [3mlocal[0m[2m=[0m[::]:45918 [3mdual_stack[0m[2m=[0mtrue
[2m2026-10-09T00:52:44.155245Z[0m [32m INFO[0m [2mmoq_test_client::scenarios[0m[2m:[0m Publisher sending PUBLISH_NAMESPACE: moq-test/interop
[2m2026-10-09T00:52:44.155263Z[0m [32m INFO[0m [2mmoq_test_client::scenarios[0m[2m:[0m Subscriber subscribing to track: moq-test/interop/test-track
ok 4 - publish-namespace-subscribe
  ---
  duration_ms: 3970
  publisher_connection_id: 5142715e70ca9c18c877fb711356b97c
  subscriber_connection_id: 2263f897f90417b3b4665c767e864828
  ...
[2m2026-10-09T00:52:47.155837Z[0m [32m INFO[0m [2mmoq_test_client::scenarios[0m[2m:[0m Test timeout reached - subscription routing may still be in progress
[2m2026-10-09T00:52:47.156577Z[0m [32m INFO[0m [2mmoq_native_ietf::quic[0m[2m:[0m UDP socket bound [3mbind[0m[2m=[0m[::]:0 [3mlocal[0m[2m=[0m[::]:40579 [3mdual_stack[0m[2m=[0mtrue
[2m2026-10-09T00:52:47.672138Z[0m [32m INFO[0m [2mmoq_test_client::scenarios[0m[2m:[0m Subscriber subscribing BEFORE PUBLISH_NAMESPACE: moq-test/interop/test-track
[2m2026-10-09T00:52:47.797379Z[0m [33m WARN[0m [2mmoq_transport::serve::error[0m[2m:[0m [6d00ad83-5e84-4d97-ad05-f645501c436a] Not found: Track /moq-test/interop/test-track does not exist at moq-transport/src/session/subscriber.rs:1653
[2m2026-10-09T00:52:48.174230Z[0m [32m INFO[0m [2mmoq_native_ietf::quic[0m[2m:[0m UDP socket bound [3mbind[0m[2m=[0m[::]:0 [3mlocal[0m[2m=[0m[::]:36614 [3mdual_stack[0m[2m=[0mtrue
[2m2026-10-09T00:52:48.707675Z[0m [32m INFO[0m [2mmoq_test_client::scenarios[0m[2m:[0m Publisher sending PUBLISH_NAMESPACE (after subscriber): moq-test/interop
[2m2026-10-09T00:52:51.709665Z[0m [32m INFO[0m [2mmoq_test_client::scenarios[0m[2m:[0m Publisher PUBLISH_NAMESPACE timeout (expected)
[2m2026-10-09T00:52:51.709691Z[0m [32m INFO[0m [2mmoq_test_client::scenarios[0m[2m:[0m Subscriber got error: not found: Track not found [error:6d00ad83-5e84-4d97-ad05-f645501c436a] (may be expected)
ok 5 - subscribe-before-publish-namespace
  ---
  duration_ms: 4553
  subscriber_connection_id: 5fff5aacfb731fd989289800dee05bb6
  publisher_connection_id: 00a9dc78f1f2a7f915262dfab8714129
  ...
[2m2026-10-09T00:52:51.710543Z[0m [32m INFO[0m [2mmoq_native_ietf::quic[0m[2m:[0m UDP socket bound [3mbind[0m[2m=[0m[::]:0 [3mlocal[0m[2m=[0m[::]:40295 [3mdual_stack[0m[2m=[0mtrue
[2m2026-10-09T00:52:52.255555Z[0m [32m INFO[0m [2mmoq_test_client::scenarios[0m[2m:[0m Sending PUBLISH_NAMESPACE: moq-test/interop
[2m2026-10-09T00:52:54.256918Z[0m [32m INFO[0m [2mmoq_test_client::scenarios[0m[2m:[0m PUBLISH_NAMESPACE active; sending PUBLISH_NAMESPACE_DONE
[2m2026-10-09T00:52:54.358162Z[0m [32m INFO[0m [2mmoq_test_client::scenarios[0m[2m:[0m PUBLISH_NAMESPACE_DONE sent successfully
ok 6 - publish-namespace-done
  ---
  duration_ms: 2648
  connection_id: a1a605243e198a7ab6883b3967a6956b
  ...
[2m2026-10-09T00:52:54.358927Z[0m [32m INFO[0m [2mmoq_native_ietf::quic[0m[2m:[0m UDP socket bound [3mbind[0m[2m=[0m[::]:0 [3mlocal[0m[2m=[0m[::]:42705 [3mdual_stack[0m[2m=[0mtrue
[2m2026-10-09T00:52:54.769945Z[0m [32m INFO[0m [2mmoq_test_client::scenarios[0m[2m:[0m Publisher sending direct PUBLISH [3mnamespace[0m[2m=[0m/moq-test/publish [3mtrack[0m[2m=[0m"published-track"
[2m2026-10-09T00:52:54.896514Z[0m [32m INFO[0m [2mmoq_test_client::scenarios[0m[2m:[0m PUBLISH accepted [3mnamespace[0m[2m=[0m/moq-test/publish [3mtrack[0m[2m=[0m"published-track"
[2m2026-10-09T00:52:54.896800Z[0m [32m INFO[0m [2mmoq_test_client::scenarios[0m[2m:[0m PUBLISH completed [3mnamespace[0m[2m=[0m/moq-test/publish [3mtrack[0m[2m=[0m"published-track"
ok 7 - publish-track-only
  ---
  duration_ms: 538
  connection_id: d89f172a47aa1cb4763a742430bac7f3
  ...
[2m2026-10-09T00:52:54.897509Z[0m [32m INFO[0m [2mmoq_native_ietf::quic[0m[2m:[0m UDP socket bound [3mbind[0m[2m=[0m[::]:0 [3mlocal[0m[2m=[0m[::]:40143 [3mdual_stack[0m[2m=[0mtrue
[2m2026-10-09T00:52:55.377754Z[0m [32m INFO[0m [2mmoq_native_ietf::quic[0m[2m:[0m UDP socket bound [3mbind[0m[2m=[0m[::]:0 [3mlocal[0m[2m=[0m[::]:43536 [3mdual_stack[0m[2m=[0mtrue
[2m2026-10-09T00:52:55.873625Z[0m [32m INFO[0m [2mmoq_test_client::scenarios[0m[2m:[0m Publisher sending direct PUBLISH before subscriber subscribes [3mnamespace[0m[2m=[0m/moq-test/publish [3mtrack[0m[2m=[0m"published-track"
[2m2026-10-09T00:52:56.008506Z[0m [32m INFO[0m [2mmoq_test_client::scenarios[0m[2m:[0m PUBLISH accepted; starting subscriber [3mnamespace[0m[2m=[0m/moq-test/publish [3mtrack[0m[2m=[0m"published-track"
[2m2026-10-09T00:52:56.244518Z[0m [32m INFO[0m [2mmoq_test_client::scenarios[0m[2m:[0m Subscriber received direct PUBLISH track [3mnamespace[0m[2m=[0m/moq-test/publish [3mtrack[0m[2m=[0m"published-track"
ok 8 - publish-track-subscribe
  ---
  duration_ms: 1347
  publisher_connection_id: fe52c4cfc56a56a91c749d1fc2220f83
  subscriber_connection_id: d12b8806eb33b4d1a20dbd9d8e84fd8b
  ...
[2m2026-10-09T00:52:56.245358Z[0m [32m INFO[0m [2mmoq_native_ietf::quic[0m[2m:[0m UDP socket bound [3mbind[0m[2m=[0m[::]:0 [3mlocal[0m[2m=[0m[::]:55898 [3mdual_stack[0m[2m=[0mtrue
[2m2026-10-09T00:52:56.660189Z[0m [32m INFO[0m [2mmoq_test_client::scenarios[0m[2m:[0m Subscribing with RENDEZVOUS_TIMEOUT to a track with no publisher [3mtimeout_ms[0m[2m=[0m500
[2m2026-10-09T00:52:57.288725Z[0m [32m INFO[0m [2mmoq_test_client::scenarios[0m[2m:[0m Received expected REQUEST_ERROR TIMEOUT
ok 9 - rendezvous-timeout
  ---
  duration_ms: 1044
  connection_id: ae8ff0a00970a5b5ffe67b9870efc9f1
  ...
[2m2026-10-09T00:52:57.289506Z[0m [32m INFO[0m [2mmoq_native_ietf::quic[0m[2m:[0m UDP socket bound [3mbind[0m[2m=[0m[::]:0 [3mlocal[0m[2m=[0m[::]:59732 [3mdual_stack[0m[2m=[0mtrue
[2m2026-10-09T00:52:57.889627Z[0m [32m INFO[0m [2mmoq_native_ietf::quic[0m[2m:[0m UDP socket bound [3mbind[0m[2m=[0m[::]:0 [3mlocal[0m[2m=[0m[::]:49399 [3mdual_stack[0m[2m=[0mtrue
[2m2026-10-09T00:52:58.451060Z[0m [32m INFO[0m [2mmoq_test_client::moqtest[0m[2m:[0m PUBLISH accepted and subscription bound; generating objects [3mobjects[0m[2m=[0m15 [3mstreams[0m[2m=[0m3
[2m2026-10-09T00:52:58.496577Z[0m [32m INFO[0m [2mmoq_test_client::moqtest[0m[2m:[0m PUBLISH completed
ok 10 - moq-test-subgroup-per-group
  ---
  duration_ms: 1336
  subscriber_connection_id: 9b569443ce72cf101671bcca7aaac459
  publisher_connection_id: 8642afc5d53fde10f1e5367d52bb5869
  ...
[2m2026-10-09T00:52:58.625193Z[0m [32m INFO[0m [2mmoq_test_client[0m[2m:[0m moq-test passed: objects 15/15, eog 0/0, streams 3, publish_done status=2 stream_count=3 reason=ReasonPhrase("publish ended")
[2m2026-10-09T00:52:58.625861Z[0m [32m INFO[0m [2mmoq_native_ietf::quic[0m[2m:[0m UDP socket bound [3mbind[0m[2m=[0m[::]:0 [3mlocal[0m[2m=[0m[::]:38505 [3mdual_stack[0m[2m=[0mtrue
[2m2026-10-09T00:52:59.250577Z[0m [32m INFO[0m [2mmoq_native_ietf::quic[0m[2m:[0m UDP socket bound [3mbind[0m[2m=[0m[::]:0 [3mlocal[0m[2m=[0m[::]:48076 [3mdual_stack[0m[2m=[0mtrue
[2m2026-10-09T00:52:59.789863Z[0m [32m INFO[0m [2mmoq_test_client::moqtest[0m[2m:[0m PUBLISH accepted and subscription bound; generating objects [3mobjects[0m[2m=[0m15 [3mstreams[0m[2m=[0m3
[2m2026-10-09T00:52:59.844707Z[0m [32m INFO[0m [2mmoq_test_client::moqtest[0m[2m:[0m PUBLISH completed
[2m2026-10-09T00:52:59.975412Z[0m [32m INFO[0m [2mmoq_test_client[0m[2m:[0m moq-test passed: objects 15/15, eog 3/3, streams 3, publish_done status=2 stream_count=3 reason=ReasonPhrase("publish ended")
ok 11 - moq-test-subgroup-per-group-eog
  ---
  duration_ms: 1350
  subscriber_connection_id: 2f6c9e61f90ce44b5fd49a8866b3c1b7
  publisher_connection_id: 66c4d25dcd7452ea76ef73a179ed317e
  ...
[2m2026-10-09T00:52:59.976117Z[0m [32m INFO[0m [2mmoq_native_ietf::quic[0m[2m:[0m UDP socket bound [3mbind[0m[2m=[0m[::]:0 [3mlocal[0m[2m=[0m[::]:46624 [3mdual_stack[0m[2m=[0mtrue
[2m2026-10-09T00:53:00.599374Z[0m [32m INFO[0m [2mmoq_native_ietf::quic[0m[2m:[0m UDP socket bound [3mbind[0m[2m=[0m[::]:0 [3mlocal[0m[2m=[0m[::]:36959 [3mdual_stack[0m[2m=[0mtrue
[2m2026-10-09T00:53:01.268920Z[0m [32m INFO[0m [2mmoq_test_client::moqtest[0m[2m:[0m PUBLISH accepted and subscription bound; generating objects [3mobjects[0m[2m=[0m8 [3mstreams[0m[2m=[0m8
[2m2026-10-09T00:53:01.294312Z[0m [32m INFO[0m [2mmoq_test_client::moqtest[0m[2m:[0m PUBLISH completed
[2m2026-10-09T00:53:06.427645Z[0m [33m WARN[0m [2mmoq_transport::session::subscriber[0m[2m:[0m PUBLISH_DONE Stream Count was never reached; ending subscription on timer [3mrequest_id[0m[2m=[0m0 [3mtimeout_ms[0m[2m=[0m5000
not ok 12 - moq-test-subgroup-per-object
  ---
  duration_ms: 6452
  message: "moq-test verification failed: PUBLISH_DONE stream count 4611686018427387903 != expected 8"
  ...
[2m2026-10-09T00:53:06.428604Z[0m [32m INFO[0m [2mmoq_native_ietf::quic[0m[2m:[0m UDP socket bound [3mbind[0m[2m=[0m[::]:0 [3mlocal[0m[2m=[0m[::]:40271 [3mdual_stack[0m[2m=[0mtrue
[2m2026-10-09T00:53:07.080652Z[0m [32m INFO[0m [2mmoq_native_ietf::quic[0m[2m:[0m UDP socket bound [3mbind[0m[2m=[0m[::]:0 [3mlocal[0m[2m=[0m[::]:36827 [3mdual_stack[0m[2m=[0mtrue
[2m2026-10-09T00:53:07.594688Z[0m [32m INFO[0m [2mmoq_test_client::moqtest[0m[2m:[0m PUBLISH accepted and subscription bound; generating objects [3mobjects[0m[2m=[0m18 [3mstreams[0m[2m=[0m6
[2m2026-10-09T00:53:07.658145Z[0m [32m INFO[0m [2mmoq_test_client::moqtest[0m[2m:[0m PUBLISH completed
[2m2026-10-09T00:53:07.782552Z[0m [32m INFO[0m [2mmoq_test_client[0m[2m:[0m moq-test passed: objects 18/18, eog 3/3, streams 6, publish_done status=2 stream_count=6 reason=ReasonPhrase("publish ended")
ok 13 - moq-test-two-subgroups-eog
  ---
  duration_ms: 1354
  subscriber_connection_id: 8b63b2b334762c5efd2a03711bb67b87
  publisher_connection_id: 429cf172e252c112ece8ecbd926bed4c
  ...
[2m2026-10-09T00:53:07.783260Z[0m [32m INFO[0m [2mmoq_native_ietf::quic[0m[2m:[0m UDP socket bound [3mbind[0m[2m=[0m[::]:0 [3mlocal[0m[2m=[0m[::]:33674 [3mdual_stack[0m[2m=[0mtrue
[2m2026-10-09T00:53:08.382968Z[0m [32m INFO[0m [2mmoq_native_ietf::quic[0m[2m:[0m UDP socket bound [3mbind[0m[2m=[0m[::]:0 [3mlocal[0m[2m=[0m[::]:59654 [3mdual_stack[0m[2m=[0mtrue
[2m2026-10-09T00:53:09.011319Z[0m [32m INFO[0m [2mmoq_test_client::moqtest[0m[2m:[0m PUBLISH accepted and subscription bound; generating objects [3mobjects[0m[2m=[0m15 [3mstreams[0m[2m=[0m0
[2m2026-10-09T00:53:09.327556Z[0m [32m INFO[0m [2mmoq_test_client::moqtest[0m[2m:[0m PUBLISH completed
ok 14 - moq-test-datagram
  ---
  duration_ms: 1669
  subscriber_connection_id: 8e09474ef9c5888ef9212838e9b27897
  publisher_connection_id: faaa395a5669aa0a1c4801ec98169d97
  ...
[2m2026-10-09T00:53:09.451796Z[0m [32m INFO[0m [2mmoq_test_client[0m[2m:[0m moq-test passed: objects 15/15, eog 0/0, streams 0, publish_done status=2 stream_count=0 reason=ReasonPhrase("publish ended")
[2m2026-10-09T00:53:09.452498Z[0m [32m INFO[0m [2mmoq_native_ietf::quic[0m[2m:[0m UDP socket bound [3mbind[0m[2m=[0m[::]:0 [3mlocal[0m[2m=[0m[::]:43153 [3mdual_stack[0m[2m=[0mtrue
[2m2026-10-09T00:53:10.173863Z[0m [32m INFO[0m [2mmoq_native_ietf::quic[0m[2m:[0m UDP socket bound [3mbind[0m[2m=[0m[::]:0 [3mlocal[0m[2m=[0m[::]:39348 [3mdual_stack[0m[2m=[0mtrue
[2m2026-10-09T00:53:10.756421Z[0m [32m INFO[0m [2mmoq_test_client::moqtest[0m[2m:[0m PUBLISH accepted and subscription bound; generating objects [3mobjects[0m[2m=[0m15 [3mstreams[0m[2m=[0m0
[2m2026-10-09T00:53:11.135798Z[0m [32m INFO[0m [2mmoq_test_client::moqtest[0m[2m:[0m PUBLISH completed
ok 15 - moq-test-datagram-eog
  ---
  duration_ms: 1817
  subscriber_connection_id: e512964c8a2769e71a789b77e3d13e40
  publisher_connection_id: 740a1337a1472a3831f32cd0268a77ba
  ...
[2m2026-10-09T00:53:11.269019Z[0m [32m INFO[0m [2mmoq_test_client[0m[2m:[0m moq-test passed: objects 15/15, eog 3/3, streams 0, publish_done status=2 stream_count=0 reason=ReasonPhrase("publish ended")
[2m2026-10-09T00:53:11.269690Z[0m [32m INFO[0m [2mmoq_native_ietf::quic[0m[2m:[0m UDP socket bound [3mbind[0m[2m=[0m[::]:0 [3mlocal[0m[2m=[0m[::]:56148 [3mdual_stack[0m[2m=[0mtrue
[2m2026-10-09T00:53:11.856928Z[0m [32m INFO[0m [2mmoq_native_ietf::quic[0m[2m:[0m UDP socket bound [3mbind[0m[2m=[0m[::]:0 [3mlocal[0m[2m=[0m[::]:60465 [3mdual_stack[0m[2m=[0mtrue
[2m2026-10-09T00:53:12.377370Z[0m [32m INFO[0m [2mmoq_test_client::moqtest[0m[2m:[0m PUBLISH accepted and subscription bound; generating objects [3mobjects[0m[2m=[0m15 [3mstreams[0m[2m=[0m3
[2m2026-10-09T00:53:12.433361Z[0m [32m INFO[0m [2mmoq_test_client::moqtest[0m[2m:[0m PUBLISH completed
[2m2026-10-09T00:53:12.559902Z[0m [32m INFO[0m [2mmoq_test_client[0m[2m:[0m moq-test passed: objects 15/15, eog 3/3, streams 3, publish_done status=2 stream_count=3 reason=ReasonPhrase("publish ended")
ok 16 - moq-test-extensions
  ---
  duration_ms: 1290
  subscriber_connection_id: e7e0d143af73b964b2afcc979bb5f205
  publisher_connection_id: 7140e354a2e5b89e7e8ca30347c69575
  ...
[2m2026-10-09T00:53:12.560588Z[0m [32m INFO[0m [2mmoq_native_ietf::quic[0m[2m:[0m UDP socket bound [3mbind[0m[2m=[0m[::]:0 [3mlocal[0m[2m=[0m[::]:57931 [3mdual_stack[0m[2m=[0mtrue
[2m2026-10-09T00:53:13.153848Z[0m [32m INFO[0m [2mmoq_native_ietf::quic[0m[2m:[0m UDP socket bound [3mbind[0m[2m=[0m[::]:0 [3mlocal[0m[2m=[0m[::]:49187 [3mdual_stack[0m[2m=[0mtrue
[2m2026-10-09T00:53:13.696115Z[0m [32m INFO[0m [2mmoq_test_client::moqtest[0m[2m:[0m PUBLISH accepted and subscription bound; generating objects [3mobjects[0m[2m=[0m9 [3mstreams[0m[2m=[0m3
[2m2026-10-09T00:53:13.722741Z[0m [32m INFO[0m [2mmoq_test_client::moqtest[0m[2m:[0m PUBLISH completed
[2m2026-10-09T00:53:13.846735Z[0m [32m INFO[0m [2mmoq_test_client[0m[2m:[0m moq-test passed: objects 9/9, eog 0/0, streams 3, publish_done status=2 stream_count=3 reason=ReasonPhrase("publish ended")
ok 17 - moq-test-increments
  ---
  duration_ms: 1286
  subscriber_connection_id: da223739ee9e6969584208194a5564ba
  publisher_connection_id: d2e02831e61ebf61c7b6353bd658f3e3
  ...
[2m2026-10-09T00:53:13.847435Z[0m [32m INFO[0m [2mmoq_native_ietf::quic[0m[2m:[0m UDP socket bound [3mbind[0m[2m=[0m[::]:0 [3mlocal[0m[2m=[0m[::]:58063 [3mdual_stack[0m[2m=[0mtrue
[2m2026-10-09T00:53:14.456386Z[0m [32m INFO[0m [2mmoq_native_ietf::quic[0m[2m:[0m UDP socket bound [3mbind[0m[2m=[0m[::]:0 [3mlocal[0m[2m=[0m[::]:40731 [3mdual_stack[0m[2m=[0mtrue
[2m2026-10-09T00:53:14.999901Z[0m [32m INFO[0m [2mmoq_test_client::moqtest[0m[2m:[0m PUBLISH accepted and subscription bound; generating objects [3mobjects[0m[2m=[0m6 [3mstreams[0m[2m=[0m2
[2m2026-10-09T00:53:15.017985Z[0m [32m INFO[0m [2mmoq_test_client::moqtest[0m[2m:[0m PUBLISH completed
[2m2026-10-09T00:53:20.154142Z[0m [33m WARN[0m [2mmoq_transport::session::subscriber[0m[2m:[0m PUBLISH_DONE Stream Count was never reached; ending subscription on timer [3mrequest_id[0m[2m=[0m0 [3mtimeout_ms[0m[2m=[0m5000
not ok 18 - moq-test-forward-zero
  ---
  duration_ms: 6307
  message: "moq-test verification failed: PUBLISH_DONE stream count 2 != expected 0"
  ...
make[1]: *** [Makefile:122: test-external] Error 1
make[1]: Leaving directory '/home/runner/work/moq-interop-runner/moq-interop-runner/main'
