make[1]: Entering directory '/home/runner/work/moq-interop-runner/moq-interop-runner/main'
Running tests against https://34-72-6-160.sslip.io:443...
  Client: ghcr.io/englishm/moq-interop-runner-moq-test-client-draft-14:latest
docker run --rm \
	 \
	--network host \
	-e RELAY_URL=https://34-72-6-160.sslip.io:443 \
	-e TLS_DISABLE_VERIFY=false \
	ghcr.io/englishm/moq-interop-runner-moq-test-client-draft-14:latest
TAP version 14
# moq-test-client v0.1.7
# Relay: https://34-72-6-160.sslip.io/
1..6
[2m2026-10-09T01:49:11.880331Z[0m [32m INFO[0m [2mmoq_native_ietf::quic[0m[2m:[0m UDP socket bound [3mbind[0m[2m=[0m[::]:0 [3mlocal[0m[2m=[0m[::]:41690 [3mdual_stack[0m[2m=[0mtrue
[2m2026-10-09T01:49:12.280083Z[0m [32m INFO[0m [2mmoq_test_client::scenarios[0m[2m:[0m SETUP exchange completed successfully
ok 1 - setup-only
  ---
  duration_ms: 400
  connection_id: a4ef1c5a49915676534f38767642218d
  ...
[2m2026-10-09T01:49:12.280798Z[0m [32m INFO[0m [2mmoq_native_ietf::quic[0m[2m:[0m UDP socket bound [3mbind[0m[2m=[0m[::]:0 [3mlocal[0m[2m=[0m[::]:60776 [3mdual_stack[0m[2m=[0mtrue
[2m2026-10-09T01:49:12.299164Z[0m [33m WARN[0m [2mweb_transport_quinn::session[0m[2m:[0m unknown capsule [3mtyp[0m[2m=[0m0 [3msize[0m[2m=[0m7
[2m2026-10-09T01:49:12.526657Z[0m [32m INFO[0m [2mmoq_test_client::scenarios[0m[2m:[0m Announcing namespace: moq-test/interop
[2m2026-10-09T01:49:12.526721Z[0m [33m WARN[0m [2mmoq_transport::serve::error[0m[2m:[0m [65b184b4-f6f1-4bdc-b786-0ddace99c362] Not implemented: SUBSCRIBE_NAMESPACE at moq-transport/src/session/error.rs:77
[2m2026-10-09T01:49:12.526727Z[0m [33m WARN[0m [2mmoq_transport::session::publisher[0m[2m:[0m failed to process message: serve error: not implemented: Feature not implemented [error:65b184b4-f6f1-4bdc-b786-0ddace99c362]
[2m2026-10-09T01:49:12.526734Z[0m [33m WARN[0m [2mmoq_transport::serve::error[0m[2m:[0m [aa1794af-9084-4735-8b6f-038d86ef974d] Not implemented: SUBSCRIBE_NAMESPACE at moq-transport/src/session/error.rs:77
[2m2026-10-09T01:49:12.526735Z[0m [33m WARN[0m [2mmoq_transport::session::publisher[0m[2m:[0m failed to process message: serve error: not implemented: Feature not implemented [error:aa1794af-9084-4735-8b6f-038d86ef974d]
[2m2026-10-09T01:49:12.526738Z[0m [33m WARN[0m [2mmoq_transport::serve::error[0m[2m:[0m [a12d9130-4195-4a6d-ad59-ebcf2ab948bb] Not implemented: SUBSCRIBE_NAMESPACE at moq-transport/src/session/error.rs:77
[2m2026-10-09T01:49:12.526739Z[0m [33m WARN[0m [2mmoq_transport::session::publisher[0m[2m:[0m failed to process message: serve error: not implemented: Feature not implemented [error:a12d9130-4195-4a6d-ad59-ebcf2ab948bb]
[2m2026-10-09T01:49:14.527079Z[0m [32m INFO[0m [2mmoq_test_client::scenarios[0m[2m:[0m Announce succeeded (no error received, waiting for subscriptions timed out)
ok 2 - announce-only
  ---
  duration_ms: 2246
  connection_id: 03214315d21206daa385854cafa86108
  ...
[2m2026-10-09T01:49:14.527810Z[0m [32m INFO[0m [2mmoq_native_ietf::quic[0m[2m:[0m UDP socket bound [3mbind[0m[2m=[0m[::]:0 [3mlocal[0m[2m=[0m[::]:39934 [3mdual_stack[0m[2m=[0mtrue
[2m2026-10-09T01:49:14.551792Z[0m [33m WARN[0m [2mweb_transport_quinn::session[0m[2m:[0m unknown capsule [3mtyp[0m[2m=[0m0 [3msize[0m[2m=[0m7
[2m2026-10-09T01:49:14.758570Z[0m [32m INFO[0m [2mmoq_test_client::scenarios[0m[2m:[0m Subscribing to non-existent track: nonexistent/namespace/test-track
[2m2026-10-09T01:49:14.758605Z[0m [33m WARN[0m [2mmoq_transport::serve::error[0m[2m:[0m [b2b9b843-d8d7-4cfb-9950-e1e74d735e8d] Not implemented: SUBSCRIBE_NAMESPACE at moq-transport/src/session/error.rs:77
[2m2026-10-09T01:49:14.758609Z[0m [33m WARN[0m [2mmoq_transport::session::publisher[0m[2m:[0m failed to process message: serve error: not implemented: Feature not implemented [error:b2b9b843-d8d7-4cfb-9950-e1e74d735e8d]
[2m2026-10-09T01:49:14.758616Z[0m [33m WARN[0m [2mmoq_transport::serve::error[0m[2m:[0m [11e43ff7-51ee-4b4c-b246-daff0a7522db] Not implemented: SUBSCRIBE_NAMESPACE at moq-transport/src/session/error.rs:77
[2m2026-10-09T01:49:14.758617Z[0m [33m WARN[0m [2mmoq_transport::session::publisher[0m[2m:[0m failed to process message: serve error: not implemented: Feature not implemented [error:11e43ff7-51ee-4b4c-b246-daff0a7522db]
[2m2026-10-09T01:49:14.758619Z[0m [33m WARN[0m [2mmoq_transport::serve::error[0m[2m:[0m [2773aa2f-4fad-4ff6-88be-de0e8e78c009] Not implemented: SUBSCRIBE_NAMESPACE at moq-transport/src/session/error.rs:77
[2m2026-10-09T01:49:14.758620Z[0m [33m WARN[0m [2mmoq_transport::session::publisher[0m[2m:[0m failed to process message: serve error: not implemented: Feature not implemented [error:2773aa2f-4fad-4ff6-88be-de0e8e78c009]
[2m2026-10-09T01:49:14.780421Z[0m [33m WARN[0m [2mmoq_test_client::scenarios[0m[2m:[0m Got error but not clearly 'not found': closed, code=4. This may indicate a different error type than expected.
ok 3 - subscribe-error
  ---
  duration_ms: 253
  connection_id: 2b327909fe1a290e473e4930069d2ce1
  ...
[2m2026-10-09T01:49:14.781129Z[0m [32m INFO[0m [2mmoq_native_ietf::quic[0m[2m:[0m UDP socket bound [3mbind[0m[2m=[0m[::]:0 [3mlocal[0m[2m=[0m[::]:38573 [3mdual_stack[0m[2m=[0mtrue
[2m2026-10-09T01:49:14.802149Z[0m [33m WARN[0m [2mweb_transport_quinn::session[0m[2m:[0m unknown capsule [3mtyp[0m[2m=[0m0 [3msize[0m[2m=[0m7
[2m2026-10-09T01:49:14.949352Z[0m [32m INFO[0m [2mmoq_native_ietf::quic[0m[2m:[0m UDP socket bound [3mbind[0m[2m=[0m[::]:0 [3mlocal[0m[2m=[0m[::]:56041 [3mdual_stack[0m[2m=[0mtrue
[2m2026-10-09T01:49:15.095586Z[0m [32m INFO[0m [2mmoq_test_client::scenarios[0m[2m:[0m Publisher announcing namespace: moq-test/interop
[2m2026-10-09T01:49:15.095611Z[0m [32m INFO[0m [2mmoq_test_client::scenarios[0m[2m:[0m Subscriber subscribing to track: moq-test/interop/test-track
[2m2026-10-09T01:49:15.095634Z[0m [33m WARN[0m [2mmoq_transport::serve::error[0m[2m:[0m [089235d2-ba7c-447a-8dd8-0866edf6721e] Not implemented: SUBSCRIBE_NAMESPACE at moq-transport/src/session/error.rs:77
[2m2026-10-09T01:49:15.095638Z[0m [33m WARN[0m [2mmoq_transport::session::publisher[0m[2m:[0m failed to process message: serve error: not implemented: Feature not implemented [error:089235d2-ba7c-447a-8dd8-0866edf6721e]
[2m2026-10-09T01:49:15.095645Z[0m [33m WARN[0m [2mmoq_transport::serve::error[0m[2m:[0m [118fc4ea-8ac3-4f95-b6d3-6216ca636709] Not implemented: SUBSCRIBE_NAMESPACE at moq-transport/src/session/error.rs:77
[2m2026-10-09T01:49:15.095647Z[0m [33m WARN[0m [2mmoq_transport::session::publisher[0m[2m:[0m failed to process message: serve error: not implemented: Feature not implemented [error:118fc4ea-8ac3-4f95-b6d3-6216ca636709]
[2m2026-10-09T01:49:15.095650Z[0m [33m WARN[0m [2mmoq_transport::serve::error[0m[2m:[0m [18437659-b11e-4157-bfe3-ba7d34ab4955] Not implemented: SUBSCRIBE_NAMESPACE at moq-transport/src/session/error.rs:77
[2m2026-10-09T01:49:15.095651Z[0m [33m WARN[0m [2mmoq_transport::session::publisher[0m[2m:[0m failed to process message: serve error: not implemented: Feature not implemented [error:18437659-b11e-4157-bfe3-ba7d34ab4955]
[2m2026-10-09T01:49:15.095689Z[0m [33m WARN[0m [2mmoq_transport::serve::error[0m[2m:[0m [5481c18e-ab59-47f6-bb49-445b637429ad] Not implemented: SUBSCRIBE_NAMESPACE at moq-transport/src/session/error.rs:77
[2m2026-10-09T01:49:15.095698Z[0m [33m WARN[0m [2mmoq_transport::session::publisher[0m[2m:[0m failed to process message: serve error: not implemented: Feature not implemented [error:5481c18e-ab59-47f6-bb49-445b637429ad]
[2m2026-10-09T01:49:15.095705Z[0m [33m WARN[0m [2mmoq_transport::serve::error[0m[2m:[0m [5e639410-f07d-4c11-a3db-f8058e3ab4ce] Not implemented: SUBSCRIBE_NAMESPACE at moq-transport/src/session/error.rs:77
[2m2026-10-09T01:49:15.095707Z[0m [33m WARN[0m [2mmoq_transport::session::publisher[0m[2m:[0m failed to process message: serve error: not implemented: Feature not implemented [error:5e639410-f07d-4c11-a3db-f8058e3ab4ce]
[2m2026-10-09T01:49:15.095710Z[0m [33m WARN[0m [2mmoq_transport::serve::error[0m[2m:[0m [3f4cb221-bc9e-40ee-ad20-3b589e31aaa3] Not implemented: SUBSCRIBE_NAMESPACE at moq-transport/src/session/error.rs:77
[2m2026-10-09T01:49:15.095711Z[0m [33m WARN[0m [2mmoq_transport::session::publisher[0m[2m:[0m failed to process message: serve error: not implemented: Feature not implemented [error:3f4cb221-bc9e-40ee-ad20-3b589e31aaa3]
[2m2026-10-09T01:49:18.096993Z[0m [32m INFO[0m [2mmoq_test_client::scenarios[0m[2m:[0m Test timeout reached - subscription routing may still be in progress
ok 4 - announce-subscribe
  ---
  duration_ms: 3316
  publisher_connection_id: ca35b1129fd2e2955fd859018cfff074
  subscriber_connection_id: dd89e74904b4d585b3f63549dcb17525
  ...
[2m2026-10-09T01:49:18.097754Z[0m [32m INFO[0m [2mmoq_native_ietf::quic[0m[2m:[0m UDP socket bound [3mbind[0m[2m=[0m[::]:0 [3mlocal[0m[2m=[0m[::]:49225 [3mdual_stack[0m[2m=[0mtrue
[2m2026-10-09T01:49:18.115653Z[0m [33m WARN[0m [2mweb_transport_quinn::session[0m[2m:[0m unknown capsule [3mtyp[0m[2m=[0m0 [3msize[0m[2m=[0m7
[2m2026-10-09T01:49:18.118703Z[0m [33m WARN[0m [2mweb_transport_quinn::session[0m[2m:[0m unknown capsule [3mtyp[0m[2m=[0m0 [3msize[0m[2m=[0m7
[2m2026-10-09T01:49:18.183894Z[0m [32m INFO[0m [2mmoq_test_client::scenarios[0m[2m:[0m Subscriber subscribing BEFORE announce: moq-test/interop/test-track
[2m2026-10-09T01:49:18.184056Z[0m [33m WARN[0m [2mmoq_transport::serve::error[0m[2m:[0m [dc784021-96aa-48dc-8a03-1bc56a5b0489] Not implemented: SUBSCRIBE_NAMESPACE at moq-transport/src/session/error.rs:77
[2m2026-10-09T01:49:18.184070Z[0m [33m WARN[0m [2mmoq_transport::session::publisher[0m[2m:[0m failed to process message: serve error: not implemented: Feature not implemented [error:dc784021-96aa-48dc-8a03-1bc56a5b0489]
[2m2026-10-09T01:49:18.184085Z[0m [33m WARN[0m [2mmoq_transport::serve::error[0m[2m:[0m [4072abea-8b30-4f76-98be-9034fcdbf1dd] Not implemented: SUBSCRIBE_NAMESPACE at moq-transport/src/session/error.rs:77
[2m2026-10-09T01:49:18.184087Z[0m [33m WARN[0m [2mmoq_transport::session::publisher[0m[2m:[0m failed to process message: serve error: not implemented: Feature not implemented [error:4072abea-8b30-4f76-98be-9034fcdbf1dd]
[2m2026-10-09T01:49:18.184091Z[0m [33m WARN[0m [2mmoq_transport::serve::error[0m[2m:[0m [b0d8eea6-34a4-4f37-9d75-16c75594006d] Not implemented: SUBSCRIBE_NAMESPACE at moq-transport/src/session/error.rs:77
[2m2026-10-09T01:49:18.184092Z[0m [33m WARN[0m [2mmoq_transport::session::publisher[0m[2m:[0m failed to process message: serve error: not implemented: Feature not implemented [error:b0d8eea6-34a4-4f37-9d75-16c75594006d]
[2m2026-10-09T01:49:18.221284Z[0m [33m WARN[0m [2mweb_transport_quinn::session[0m[2m:[0m unknown capsule [3mtyp[0m[2m=[0m0 [3msize[0m[2m=[0m7
[2m2026-10-09T01:49:18.685577Z[0m [32m INFO[0m [2mmoq_native_ietf::quic[0m[2m:[0m UDP socket bound [3mbind[0m[2m=[0m[::]:0 [3mlocal[0m[2m=[0m[::]:39807 [3mdual_stack[0m[2m=[0mtrue
[2m2026-10-09T01:49:18.924379Z[0m [32m INFO[0m [2mmoq_test_client::scenarios[0m[2m:[0m Publisher announcing namespace (after subscriber): moq-test/interop
[2m2026-10-09T01:49:18.924422Z[0m [33m WARN[0m [2mmoq_transport::serve::error[0m[2m:[0m [f4e97489-5a9c-40ca-b387-eb09b5d92c6a] Not implemented: SUBSCRIBE_NAMESPACE at moq-transport/src/session/error.rs:77
[2m2026-10-09T01:49:18.924427Z[0m [33m WARN[0m [2mmoq_transport::session::publisher[0m[2m:[0m failed to process message: serve error: not implemented: Feature not implemented [error:f4e97489-5a9c-40ca-b387-eb09b5d92c6a]
[2m2026-10-09T01:49:18.924434Z[0m [33m WARN[0m [2mmoq_transport::serve::error[0m[2m:[0m [ea6a3854-aa11-480a-a3c0-fc46792814d2] Not implemented: SUBSCRIBE_NAMESPACE at moq-transport/src/session/error.rs:77
[2m2026-10-09T01:49:18.924436Z[0m [33m WARN[0m [2mmoq_transport::session::publisher[0m[2m:[0m failed to process message: serve error: not implemented: Feature not implemented [error:ea6a3854-aa11-480a-a3c0-fc46792814d2]
[2m2026-10-09T01:49:18.924438Z[0m [33m WARN[0m [2mmoq_transport::serve::error[0m[2m:[0m [8bb27293-8ebf-4752-9233-55b12a7472bb] Not implemented: SUBSCRIBE_NAMESPACE at moq-transport/src/session/error.rs:77
[2m2026-10-09T01:49:18.924439Z[0m [33m WARN[0m [2mmoq_transport::session::publisher[0m[2m:[0m failed to process message: serve error: not implemented: Feature not implemented [error:8bb27293-8ebf-4752-9233-55b12a7472bb]
[2m2026-10-09T01:49:21.925774Z[0m [32m INFO[0m [2mmoq_test_client::scenarios[0m[2m:[0m Publisher announce timeout (expected)
[2m2026-10-09T01:49:21.925799Z[0m [32m INFO[0m [2mmoq_test_client::scenarios[0m[2m:[0m Subscriber got error: closed, code=4 (may be expected)
ok 5 - subscribe-before-announce
  ---
  duration_ms: 3828
  subscriber_connection_id: f1d0d723637e4086837f5c454e87ae2b
  publisher_connection_id: c932cf7973b0ea229eb382a5d72fd5af
  ...
[2m2026-10-09T01:49:21.926514Z[0m [32m INFO[0m [2mmoq_native_ietf::quic[0m[2m:[0m UDP socket bound [3mbind[0m[2m=[0m[::]:0 [3mlocal[0m[2m=[0m[::]:40976 [3mdual_stack[0m[2m=[0mtrue
[2m2026-10-09T01:49:21.944019Z[0m [33m WARN[0m [2mweb_transport_quinn::session[0m[2m:[0m unknown capsule [3mtyp[0m[2m=[0m0 [3msize[0m[2m=[0m7
[2m2026-10-09T01:49:22.010717Z[0m [32m INFO[0m [2mmoq_test_client::scenarios[0m[2m:[0m Announcing namespace: moq-test/interop
[2m2026-10-09T01:49:22.010761Z[0m [33m WARN[0m [2mmoq_transport::serve::error[0m[2m:[0m [bff7d991-d56a-48fa-ba62-3ef6b77b4277] Not implemented: SUBSCRIBE_NAMESPACE at moq-transport/src/session/error.rs:77
[2m2026-10-09T01:49:22.010766Z[0m [33m WARN[0m [2mmoq_transport::session::publisher[0m[2m:[0m failed to process message: serve error: not implemented: Feature not implemented [error:bff7d991-d56a-48fa-ba62-3ef6b77b4277]
[2m2026-10-09T01:49:22.010773Z[0m [33m WARN[0m [2mmoq_transport::serve::error[0m[2m:[0m [e5f9e905-6768-46d5-ac96-cc95afd5e3cc] Not implemented: SUBSCRIBE_NAMESPACE at moq-transport/src/session/error.rs:77
[2m2026-10-09T01:49:22.010774Z[0m [33m WARN[0m [2mmoq_transport::session::publisher[0m[2m:[0m failed to process message: serve error: not implemented: Feature not implemented [error:e5f9e905-6768-46d5-ac96-cc95afd5e3cc]
[2m2026-10-09T01:49:22.010776Z[0m [33m WARN[0m [2mmoq_transport::serve::error[0m[2m:[0m [f27d3028-5311-4e81-a32e-21ec1d9a0aa2] Not implemented: SUBSCRIBE_NAMESPACE at moq-transport/src/session/error.rs:77
[2m2026-10-09T01:49:22.010777Z[0m [33m WARN[0m [2mmoq_transport::session::publisher[0m[2m:[0m failed to process message: serve error: not implemented: Feature not implemented [error:f27d3028-5311-4e81-a32e-21ec1d9a0aa2]
[2m2026-10-09T01:49:24.012628Z[0m [32m INFO[0m [2mmoq_test_client::scenarios[0m[2m:[0m Announce active, now sending PUBLISH_NAMESPACE_DONE
[2m2026-10-09T01:49:24.032234Z[0m [33m WARN[0m [2mweb_transport_quinn::session[0m[2m:[0m unknown capsule [3mtyp[0m[2m=[0m0 [3msize[0m[2m=[0m7
[2m2026-10-09T01:49:24.113022Z[0m [32m INFO[0m [2mmoq_test_client::scenarios[0m[2m:[0m PUBLISH_NAMESPACE_DONE sent successfully
ok 6 - publish-namespace-done
  ---
  duration_ms: 2187
  connection_id: 3b881fa9ee9ade17a793decfc70669e3
  ...
make[1]: Leaving directory '/home/runner/work/moq-interop-runner/moq-interop-runner/main'
