make[1]: Entering directory '/home/runner/work/moq-interop-runner/moq-interop-runner/main'
Running tests against https://relay.moqtail.dev...
  Client: ghcr.io/openmoq/moqx-interop-client:latest
docker run --rm \
	 \
	--network host \
	-e RELAY_URL=https://relay.moqtail.dev \
	-e TLS_DISABLE_VERIFY=false \
	ghcr.io/openmoq/moqx-interop-client:latest
TAP version 14
# moxygen interop test client
# Relay: https://relay.moqtail.dev
# Transport: WebTransport
# Offered ALPNs: moqt-18, moqt-16
1..6
ok 1 - setup-only
  ---
  duration_ms: 134
  negotiated_version: draft-18
  info: SETUP exchange completed successfully
  ...
E20261009 01:04:43.788640     1 HQSession.cpp:583] Connection closed with error err=1 msg=Client closed by peer reason=Error in control stream handler proto=h3, client CID=, server CID=f10d2394bb42abd5, local=10.1.0.92:55235, 172.232.23.42:443=upstream, drain=done
E1009 01:04:43.834557     1 MoQRelaySession.cpp:1123] PublishNamespaceDone for unknown publishNamespace, sess=0x561102b22150
ok 2 - announce-only
  ---
  duration_ms: 100
  negotiated_version: draft-18
  info: PUBLISH_NAMESPACE completed successfully
  ...
E1009 01:04:43.924856     1 MoQSession.cpp:5178] No matching subscribe ID=0 sess=0x561102b419a0
ok 3 - subscribe-error
  ---
  duration_ms: 90
  negotiated_version: draft-18
  info: Subscribe correctly returned error: peer FINed without terminal reply
  ...
E20261009 01:04:43.933662     1 HQSession.cpp:583] Connection closed with error err=1 msg=Client closed by peer reason=Error in control stream handler proto=h3, client CID=, server CID=c84f60c59aaeef32, local=10.1.0.92:50106, 172.232.23.42:443=upstream, drain=done
E1009 01:04:44.107952     1 MoQSession.cpp:5178] No matching subscribe ID=0 sess=0x561102b0be70
not ok 4 - announce-subscribe
  ---
  duration_ms: 182
  negotiated_version: draft-18
  error: Subscribe failed: peer FINed without terminal reply
  ...
ok 5 - publish-namespace-done
  ---
  duration_ms: 108
  negotiated_version: draft-18
  info: PUBLISH_NAMESPACE_OK received, PUBLISH_NAMESPACE_DONE sent
  ...
E20261009 01:04:44.271863     1 HQSession.cpp:583] Connection closed with error err=1 msg=Client closed by peer reason=Error in control stream handler proto=h3, client CID=, server CID=db5be6cfc59a0d8d, local=10.1.0.92:44403, 172.232.23.42:443=upstream, drain=done
E1009 01:04:44.312523     1 MoQSession.cpp:5178] No matching subscribe ID=0 sess=0x561102b4d490
ok 6 - subscribe-before-announce
  ---
  duration_ms: 744
  negotiated_version: draft-18
  info: Subscribe returned error (relay doesn't buffer pending subscriptions): peer FINed without terminal reply
  ...
make[1]: *** [Makefile:122: test-external] Error 1
make[1]: Leaving directory '/home/runner/work/moq-interop-runner/moq-interop-runner/main'
