make[1]: Entering directory '/home/runner/work/moq-interop-runner/moq-interop-runner/main'
Running tests against https://us-west-2.relay.quicr.org:33437/relay...
  Client: ghcr.io/facebookexperimental/moxygen-interop-client:latest-amd64
docker run --rm \
	 \
	--network host \
	-e RELAY_URL=https://us-west-2.relay.quicr.org:33437/relay \
	-e TLS_DISABLE_VERIFY=1 \
	ghcr.io/facebookexperimental/moxygen-interop-client:latest-amd64
TAP version 14
# moxygen interop test client
# Relay: https://us-west-2.relay.quicr.org:33437/relay
# Transport: WebTransport
# Offered ALPNs: moqt-18, moqt-16, moqt-15, moq-00
1..6
W1009 01:07:30.606498     1 MoQWebTransportClient.cpp:158] WebTransport: No WT-Protocol header in response, will use legacy version negotiation
E1009 01:07:30.659106     1 MoQFramer.cpp:1042] Server selected version draft-1 but we only offer draft-14 in legacy mode
E1009 01:07:30.659125     1 MoQCodec.cpp:126] Conn error=21
E1009 01:07:30.659128     1 MoQSession.cpp:6053] MoQCodec control stream parse error err=21
not ok 1 - setup-only
  ---
  duration_ms: 381
  error: coroutine operation cancelled
  ...
E20261009 01:07:30.711285     1 HQSession.cpp:583] Connection closed with error err=3 msg=Client closed by peer reason= proto=h3, client CID=, server CID=0b7239c22a615267, local=10.1.0.92:35364, 35.95.73.240:33437=upstream, drain=done
W1009 01:07:30.772498     1 MoQWebTransportClient.cpp:158] WebTransport: No WT-Protocol header in response, will use legacy version negotiation
E1009 01:07:30.824479     1 MoQFramer.cpp:1042] Server selected version draft-1 but we only offer draft-14 in legacy mode
E1009 01:07:30.824498     1 MoQCodec.cpp:126] Conn error=21
E1009 01:07:30.824500     1 MoQSession.cpp:6053] MoQCodec control stream parse error err=21
not ok 2 - announce-only
  ---
  duration_ms: 165
  error: coroutine operation cancelled
  ...
E20261009 01:07:30.875722     1 HQSession.cpp:583] Connection closed with error err=3 msg=Client closed by peer reason= proto=h3, client CID=, server CID=ecec054a94f10a34, local=10.1.0.92:35680, 35.95.73.240:33437=upstream, drain=done
W1009 01:07:30.942522     1 MoQWebTransportClient.cpp:158] WebTransport: No WT-Protocol header in response, will use legacy version negotiation
E1009 01:07:30.995209     1 MoQFramer.cpp:1042] Server selected version draft-1 but we only offer draft-14 in legacy mode
E1009 01:07:30.995230     1 MoQCodec.cpp:126] Conn error=21
E1009 01:07:30.995233     1 MoQSession.cpp:6053] MoQCodec control stream parse error err=21
not ok 3 - subscribe-error
  ---
  duration_ms: 170
  error: coroutine operation cancelled
  ...
E20261009 01:07:31.297365     1 HQSession.cpp:583] Connection closed with error err=3 msg=Client closed by peer reason= proto=h3, client CID=, server CID=9a8e830dbb2fb3ff, local=10.1.0.92:46060, 35.95.73.240:33437=upstream, drain=done
W1009 01:07:31.409456     1 MoQWebTransportClient.cpp:158] WebTransport: No WT-Protocol header in response, will use legacy version negotiation
E1009 01:07:31.462551     1 MoQFramer.cpp:1042] Server selected version draft-1 but we only offer draft-14 in legacy mode
E1009 01:07:31.462573     1 MoQCodec.cpp:126] Conn error=21
E1009 01:07:31.462575     1 MoQSession.cpp:6053] MoQCodec control stream parse error err=21
not ok 4 - announce-subscribe
  ---
  duration_ms: 467
  error: coroutine operation cancelled
  ...
E20261009 01:07:31.514520     1 HQSession.cpp:583] Connection closed with error err=3 msg=Client closed by peer reason= proto=h3, client CID=, server CID=16529699c161725e, local=10.1.0.92:33059, 35.95.73.240:33437=upstream, drain=done
W1009 01:07:31.571164     1 MoQWebTransportClient.cpp:158] WebTransport: No WT-Protocol header in response, will use legacy version negotiation
E1009 01:07:31.623873     1 MoQFramer.cpp:1042] Server selected version draft-1 but we only offer draft-14 in legacy mode
E1009 01:07:31.623894     1 MoQCodec.cpp:126] Conn error=21
E1009 01:07:31.623896     1 MoQSession.cpp:6053] MoQCodec control stream parse error err=21
not ok 5 - publish-namespace-done
  ---
  duration_ms: 161
  error: coroutine operation cancelled
  ...
E20261009 01:07:31.675618     1 HQSession.cpp:583] Connection closed with error err=3 msg=Client closed by peer reason= proto=h3, client CID=, server CID=497926041fd6f76a, local=10.1.0.92:59331, 35.95.73.240:33437=upstream, drain=done
W1009 01:07:31.741887     1 MoQWebTransportClient.cpp:158] WebTransport: No WT-Protocol header in response, will use legacy version negotiation
E1009 01:07:31.794365     1 MoQFramer.cpp:1042] Server selected version draft-1 but we only offer draft-14 in legacy mode
E1009 01:07:31.794386     1 MoQCodec.cpp:126] Conn error=21
E1009 01:07:31.794388     1 MoQSession.cpp:6053] MoQCodec control stream parse error err=21
not ok 6 - subscribe-before-announce
  ---
  duration_ms: 170
  error: coroutine operation cancelled
  ...
E20261009 01:07:31.846151     1 HQSession.cpp:583] Connection closed with error err=3 msg=Client closed by peer reason= proto=h3, client CID=, server CID=bf54ccc20c8c52ab, local=10.1.0.92:34493, 35.95.73.240:33437=upstream, drain=done
make[1]: *** [Makefile:122: test-external] Error 1
make[1]: Leaving directory '/home/runner/work/moq-interop-runner/moq-interop-runner/main'
