make[1]: Entering directory '/home/runner/work/moq-interop-runner/moq-interop-runner/main'
Running tests against moqt://us-west-2.relay.quicr.org:33437...
  Client: ghcr.io/englishm/moq-interop-runner-imquic-moq-interop-test:latest
docker run --rm \
	 \
	--network host \
	-e RELAY_URL=moqt://us-west-2.relay.quicr.org:33437 \
	-e TLS_DISABLE_VERIFY=1 \
	ghcr.io/englishm/moq-interop-runner-imquic-moq-interop-test:latest
TAP version 14
# imquic-moq-interop-test v0.0.2/alpha
# Relay: moqt://us-west-2.relay.quicr.org:33437
1..7
ok 1 - setup-only
ok 2 - announce-only
ok 3 - publish-namespace-done
not ok 4 - subscribe-error
  ---
  duration_ms: 79
  expected: REQUEST_ERROR
  received: SUBSCRIBE_OK
  connection_id: 124fadf2cba70561
  ---
not ok 5 - rendezvous-timeout
  ---
  duration_ms: 78
  expected: REQUEST_ERROR
  received: SUBSCRIBE_OK
  connection_id: 53e21e8506e9627b
  ---
ok 6 - announce-subscribe
ok 7 - subscribe-before-announce
make[1]: *** [Makefile:122: test-external] Error 1
make[1]: Leaving directory '/home/runner/work/moq-interop-runner/moq-interop-runner/main'
