make[1]: Entering directory '/home/runner/work/moq-interop-runner/moq-interop-runner/main'
Running tests against moqt://us-west-2.relay.quicr.org:33437...
  Client: ghcr.io/openmoq/moq5-interop-client:latest
docker run --rm \
	 \
	--network host \
	-e RELAY_URL=moqt://us-west-2.relay.quicr.org:33437 \
	-e TLS_DISABLE_VERIFY=1 \
	ghcr.io/openmoq/moq5-interop-client:latest
TAP version 14
1..6
# request: backend=auto wt-profile=n/a draft=auto
ok 1 - setup-only
  ---
  duration_ms: 295
  ...
not ok 2 - announce-only
  ---
  duration_ms: 44
  message: "namespace accepted: publish_namespace failed: -10"
  ...
not ok 3 - publish-namespace-done
  ---
  duration_ms: 43
  message: "namespace accepted: publish_namespace failed: -10"
  ...
not ok 4 - subscribe-error
  ---
  duration_ms: 42
  message: "subscribe error or timeout: subscribe call failed: -10"
  ...
not ok 5 - announce-subscribe
  ---
  duration_ms: 70
  message: "publisher namespace accepted: publish_namespace failed: -10"
  ...
not ok 6 - subscribe-before-announce
  ---
  duration_ms: 604
  message: "publisher namespace accepted: publish_namespace failed: -10"
  ...
make[1]: Leaving directory '/home/runner/work/moq-interop-runner/moq-interop-runner/main'
