make[1]: Entering directory '/home/runner/work/moq-interop-runner/moq-interop-runner/main'
Running tests against moqt://moqt.nokiaresearch.com:4443/moq...
  Client: ghcr.io/englishm/moq-interop-runner-moqtopus-interop-client:latest
docker run --rm \
	 \
	--network host \
	-e RELAY_URL=moqt://moqt.nokiaresearch.com:4443/moq \
	-e TLS_DISABLE_VERIFY=false \
	ghcr.io/englishm/moq-interop-runner-moqtopus-interop-client:latest
TAP version 14
# moqtopus interop client
# Relay: moqt://moqt.nokiaresearch.com:4443/moq
# Draft: draft-18
1..6
ok 1 - setup-only
  ---
  duration_ms: 1785
  ...
ok 2 - announce-only
  ---
  duration_ms: 2173
  ...
ok 3 - publish-namespace-done
  ---
  duration_ms: 2297
  ...
ok 4 - subscribe-error
  ---
  duration_ms: 1882
  ...
ok 5 - announce-subscribe
  ---
  duration_ms: 3699
  ...
ok 6 - subscribe-before-announce
  ---
  duration_ms: 4190
  ...
make[1]: Leaving directory '/home/runner/work/moq-interop-runner/moq-interop-runner/main'
