make[1]: Entering directory '/home/runner/work/moq-interop-runner/moq-interop-runner/main'
Running tests against moqt://us-west-2.relay.quicr.org:33437...
  Client: ghcr.io/facebookexperimental/moxygen-interop-client:latest-amd64
docker run --rm \
	 \
	--network host \
	-e RELAY_URL=moqt://us-west-2.relay.quicr.org:33437 \
	-e TLS_DISABLE_VERIFY=1 \
	ghcr.io/facebookexperimental/moxygen-interop-client:latest-amd64
TAP version 14
# moxygen interop test client
# Relay: moqt://us-west-2.relay.quicr.org:33437
# Transport: QUIC
# Offered ALPNs: moqt-18, moqt-16, moqt-15, moq-00
1..6
ok 1 - setup-only
  ---
  duration_ms: 46
  negotiated_version: draft-16
  info: SETUP exchange completed successfully
  ...
W1006 01:06:48.227714     1 MoQSession.cpp:6158] Issuing request that will fail; nextRequestID_=0 peerMaxRequestID_=0 sess=0x563dfa8f4620
ok 2 - announce-only
  ---
  duration_ms: 78
  negotiated_version: draft-16
  info: PUBLISH_NAMESPACE completed successfully
  ...
E1006 01:06:48.247829     1 MoQRelaySession.cpp:1123] PublishNamespaceDone for unknown publishNamespace, sess=0x563dfa8f4620
W1006 01:06:48.290836     1 MoQSession.cpp:6158] Issuing request that will fail; nextRequestID_=0 peerMaxRequestID_=0 sess=0x563dfa8f58b0
E1006 01:06:48.310146     1 MoQCodec.cpp:126] Conn error=3
E1006 01:06:48.310163     1 MoQSession.cpp:5938] MoQCodec control stream parse error err=3
ok 3 - subscribe-error
  ---
  duration_ms: 62
  negotiated_version: draft-16
  info: Subscribe correctly returned error: Session closed
  ...
W1006 01:06:48.354849     1 MoQSession.cpp:6158] Issuing request that will fail; nextRequestID_=0 peerMaxRequestID_=0 sess=0x563dfa911600
W1006 01:06:48.681462     1 MoQSession.cpp:6158] Issuing request that will fail; nextRequestID_=0 peerMaxRequestID_=0 sess=0x563dfa8e4b30
E1006 01:06:48.702289     1 MoQCodec.cpp:126] Conn error=3
E1006 01:06:48.702305     1 MoQSession.cpp:5938] MoQCodec control stream parse error err=3
not ok 4 - announce-subscribe
  ---
  duration_ms: 392
  negotiated_version: draft-16
  error: Subscribe failed: Session closed
  ...
W1006 01:06:48.745857     1 MoQSession.cpp:6158] Issuing request that will fail; nextRequestID_=0 peerMaxRequestID_=0 sess=0x563dfa90bfc0
ok 5 - publish-namespace-done
  ---
  duration_ms: 62
  negotiated_version: draft-16
  info: PUBLISH_NAMESPACE_OK received, PUBLISH_NAMESPACE_DONE sent
  ...
W1006 01:06:48.807674     1 MoQSession.cpp:6158] Issuing request that will fail; nextRequestID_=0 peerMaxRequestID_=0 sess=0x563dfa90bfc0
E1006 01:06:48.826762     1 MoQCodec.cpp:126] Conn error=3
E1006 01:06:48.826783     1 MoQSession.cpp:5938] MoQCodec control stream parse error err=3
W1006 01:06:49.352611     1 MoQSession.cpp:6158] Issuing request that will fail; nextRequestID_=0 peerMaxRequestID_=0 sess=0x563dfa908bf0
ok 6 - subscribe-before-announce
  ---
  duration_ms: 607
  negotiated_version: draft-16
  info: Subscribe returned error (relay doesn't buffer pending subscriptions): Session closed
  ...
make[1]: *** [Makefile:122: test-external] Error 1
make[1]: Leaving directory '/home/runner/work/moq-interop-runner/moq-interop-runner/main'
