make[1]: Entering directory '/home/runner/work/moq-interop-runner/moq-interop-runner/main'
Running tests against https://moqx-main.ci.openmoq.org:4433/moq-relay...
  Client: ghcr.io/englishm/moq-interop-runner-moq-test-client-draft-18:latest
docker run --rm \
	 \
	--network host \
	-e RELAY_URL=https://moqx-main.ci.openmoq.org:4433/moq-relay \
	-e TLS_DISABLE_VERIFY=false \
	ghcr.io/englishm/moq-interop-runner-moq-test-client-draft-18:latest
TAP version 14
# moq-test-client v0.1.12
# Relay: https://moqx-main.ci.openmoq.org:4433/moq-relay
1..18
[2m2026-09-22T00:51:21.849728Z[0m [32m INFO[0m [2mmoq_native_ietf::quic[0m[2m:[0m UDP socket bound [3mbind[0m[2m=[0m[::]:0 [3mlocal[0m[2m=[0m[::]:60693 [3mdual_stack[0m[2m=[0mtrue
ok 1 - setup-only
  ---
  duration_ms: 347
  connection_id: e72efaa95e50c4e0de0542d22690ef2a
  ...
[2m2026-09-22T00:51:22.196070Z[0m [32m INFO[0m [2mmoq_test_client::scenarios[0m[2m:[0m SETUP exchange completed successfully
[2m2026-09-22T00:51:22.196997Z[0m [32m INFO[0m [2mmoq_native_ietf::quic[0m[2m:[0m UDP socket bound [3mbind[0m[2m=[0m[::]:0 [3mlocal[0m[2m=[0m[::]:60651 [3mdual_stack[0m[2m=[0mtrue
[2m2026-09-22T00:51:22.247101Z[0m [33m WARN[0m [2mweb_transport_quinn::session[0m[2m:[0m failed to read capsule [3me[0m[2m=[0mUnexpectedEnd
[2m2026-09-22T00:51:22.568252Z[0m [32m INFO[0m [2mmoq_test_client::scenarios[0m[2m:[0m Sending PUBLISH_NAMESPACE for: moq-test/interop
[2m2026-09-22T00:51:24.568787Z[0m [32m INFO[0m [2mmoq_test_client::scenarios[0m[2m:[0m PUBLISH_NAMESPACE succeeded (REQUEST_OK received, waiting for subscribers)
ok 2 - publish-namespace-only
  ---
  duration_ms: 2372
  connection_id: e95546f582eceb68bcf61ce812d2429c
  ...
[2m2026-09-22T00:51:24.569909Z[0m [32m INFO[0m [2mmoq_native_ietf::quic[0m[2m:[0m UDP socket bound [3mbind[0m[2m=[0m[::]:0 [3mlocal[0m[2m=[0m[::]:51381 [3mdual_stack[0m[2m=[0mtrue
[2m2026-09-22T00:51:24.620161Z[0m [33m WARN[0m [2mweb_transport_quinn::session[0m[2m:[0m failed to read capsule [3me[0m[2m=[0mUnexpectedEnd
[2m2026-09-22T00:51:24.831481Z[0m [32m INFO[0m [2mmoq_test_client::scenarios[0m[2m:[0m Subscribing to non-existent track: nonexistent/namespace/test-track
[2m2026-09-22T00:51:24.880476Z[0m [33m WARN[0m [2mmoq_transport::serve::error[0m[2m:[0m [60e995e4-a7e0-4786-9639-5d7ceab4145d] Not found: no such namespace or track at moq-transport/src/session/subscriber.rs:1653
[2m2026-09-22T00:51:24.880540Z[0m [32m INFO[0m [2mmoq_test_client::scenarios[0m[2m:[0m Got expected 'not found' error: not found: Track not found [error:60e995e4-a7e0-4786-9639-5d7ceab4145d]
ok 3 - subscribe-error
  ---
  duration_ms: 311
  connection_id: 08302dbd15415afa16ded594a87a1e64
  ...
[2m2026-09-22T00:51:24.881674Z[0m [32m INFO[0m [2mmoq_native_ietf::quic[0m[2m:[0m UDP socket bound [3mbind[0m[2m=[0m[::]:0 [3mlocal[0m[2m=[0m[::]:48867 [3mdual_stack[0m[2m=[0mtrue
[2m2026-09-22T00:51:24.929874Z[0m [33m WARN[0m [2mweb_transport_quinn::session[0m[2m:[0m failed to read capsule [3me[0m[2m=[0mUnexpectedEnd
[2m2026-09-22T00:51:25.189036Z[0m [32m INFO[0m [2mmoq_native_ietf::quic[0m[2m:[0m UDP socket bound [3mbind[0m[2m=[0m[::]:0 [3mlocal[0m[2m=[0m[::]:45703 [3mdual_stack[0m[2m=[0mtrue
[2m2026-09-22T00:51:25.606608Z[0m [32m INFO[0m [2mmoq_test_client::scenarios[0m[2m:[0m Publisher sending PUBLISH_NAMESPACE: moq-test/interop
[2m2026-09-22T00:51:25.606630Z[0m [32m INFO[0m [2mmoq_test_client::scenarios[0m[2m:[0m Subscriber subscribing to track: moq-test/interop/test-track
[2m2026-09-22T00:51:25.657744Z[0m [33m WARN[0m [2mmoq_transport::serve::error[0m[2m:[0m [fe2176f7-2715-4321-8762-50f7b0e960fe] Not found: no such namespace or track at moq-transport/src/session/subscriber.rs:1653
[2m2026-09-22T00:51:25.658019Z[0m [32m INFO[0m [2mmoq_test_client::scenarios[0m[2m:[0m Subscriber got error: not found: Track not found [error:fe2176f7-2715-4321-8762-50f7b0e960fe] - subscription was processed
ok 4 - publish-namespace-subscribe
  ---
  duration_ms: 777
  publisher_connection_id: 79fdf8f918d0ed844b35625a149bbf3f
  subscriber_connection_id: 9865c69bf6eb10ad34cb74a47c651cad
  ...
[2m2026-09-22T00:51:25.659082Z[0m [32m INFO[0m [2mmoq_native_ietf::quic[0m[2m:[0m UDP socket bound [3mbind[0m[2m=[0m[::]:0 [3mlocal[0m[2m=[0m[::]:51710 [3mdual_stack[0m[2m=[0mtrue
[2m2026-09-22T00:51:25.709317Z[0m [33m WARN[0m [2mweb_transport_quinn::session[0m[2m:[0m failed to read capsule [3me[0m[2m=[0mUnexpectedEnd
[2m2026-09-22T00:51:25.712755Z[0m [33m WARN[0m [2mweb_transport_quinn::session[0m[2m:[0m failed to read capsule [3me[0m[2m=[0mUnexpectedEnd
[2m2026-09-22T00:51:26.025207Z[0m [32m INFO[0m [2mmoq_test_client::scenarios[0m[2m:[0m Subscriber subscribing BEFORE PUBLISH_NAMESPACE: moq-test/interop/test-track
[2m2026-09-22T00:51:26.074243Z[0m [33m WARN[0m [2mmoq_transport::serve::error[0m[2m:[0m [bccd6723-0a4b-4140-a0b6-d20f1439b634] Not found: no such namespace or track at moq-transport/src/session/subscriber.rs:1653
[2m2026-09-22T00:51:26.123356Z[0m [33m WARN[0m [2mweb_transport_quinn::session[0m[2m:[0m failed to read capsule [3me[0m[2m=[0mUnexpectedEnd
[2m2026-09-22T00:51:26.527367Z[0m [32m INFO[0m [2mmoq_native_ietf::quic[0m[2m:[0m UDP socket bound [3mbind[0m[2m=[0m[::]:0 [3mlocal[0m[2m=[0m[::]:45121 [3mdual_stack[0m[2m=[0mtrue
[2m2026-09-22T00:51:26.847448Z[0m [32m INFO[0m [2mmoq_test_client::scenarios[0m[2m:[0m Publisher sending PUBLISH_NAMESPACE (after subscriber): moq-test/interop
[2m2026-09-22T00:51:29.850721Z[0m [32m INFO[0m [2mmoq_test_client::scenarios[0m[2m:[0m Publisher PUBLISH_NAMESPACE timeout (expected)
[2m2026-09-22T00:51:29.850775Z[0m [32m INFO[0m [2mmoq_test_client::scenarios[0m[2m:[0m Subscriber got error: not found: Track not found [error:bccd6723-0a4b-4140-a0b6-d20f1439b634] (may be expected)
[2m2026-09-22T00:51:29.851783Z[0m [32m INFO[0m [2mmoq_native_ietf::quic[0m[2m:[0m UDP socket bound [3mbind[0m[2m=[0m[::]:0 [3mlocal[0m[2m=[0m[::]:48918 [3mdual_stack[0m[2m=[0mtrue
ok 5 - subscribe-before-publish-namespace
  ---
  duration_ms: 4192
  subscriber_connection_id: 26c541ef48e95ce3d811fa0ea4445fc3
  publisher_connection_id: 4bbd8a1964c1b4ed0d2fbad8efd90769
  ...
[2m2026-09-22T00:51:29.902512Z[0m [33m WARN[0m [2mweb_transport_quinn::session[0m[2m:[0m failed to read capsule [3me[0m[2m=[0mUnexpectedEnd
[2m2026-09-22T00:51:30.087780Z[0m [32m INFO[0m [2mmoq_test_client::scenarios[0m[2m:[0m Sending PUBLISH_NAMESPACE: moq-test/interop
[2m2026-09-22T00:51:32.090267Z[0m [32m INFO[0m [2mmoq_test_client::scenarios[0m[2m:[0m PUBLISH_NAMESPACE active; sending PUBLISH_NAMESPACE_DONE
[2m2026-09-22T00:51:32.190943Z[0m [32m INFO[0m [2mmoq_test_client::scenarios[0m[2m:[0m PUBLISH_NAMESPACE_DONE sent successfully
ok 6 - publish-namespace-done
  ---
  duration_ms: 2340
  connection_id: f38532bd986d0b7ab2ddf201460a03d0
  ...
[2m2026-09-22T00:51:32.191935Z[0m [32m INFO[0m [2mmoq_native_ietf::quic[0m[2m:[0m UDP socket bound [3mbind[0m[2m=[0m[::]:0 [3mlocal[0m[2m=[0m[::]:40567 [3mdual_stack[0m[2m=[0mtrue
[2m2026-09-22T00:51:32.239943Z[0m [33m WARN[0m [2mweb_transport_quinn::session[0m[2m:[0m failed to read capsule [3me[0m[2m=[0mUnexpectedEnd
[2m2026-09-22T00:51:32.643278Z[0m [32m INFO[0m [2mmoq_test_client::scenarios[0m[2m:[0m Publisher sending direct PUBLISH [3mnamespace[0m[2m=[0m/moq-test/publish [3mtrack[0m[2m=[0m"published-track"
[2m2026-09-22T00:51:32.692480Z[0m [32m INFO[0m [2mmoq_test_client::scenarios[0m[2m:[0m PUBLISH accepted [3mnamespace[0m[2m=[0m/moq-test/publish [3mtrack[0m[2m=[0m"published-track"
[2m2026-09-22T00:51:32.692548Z[0m [32m INFO[0m [2mmoq_test_client::scenarios[0m[2m:[0m PUBLISH completed [3mnamespace[0m[2m=[0m/moq-test/publish [3mtrack[0m[2m=[0m"published-track"
ok 7 - publish-track-only
  ---
  duration_ms: 501
  connection_id: 6380d40a2e1883ca98ca1d542360396a
  ...
[2m2026-09-22T00:51:32.693441Z[0m [32m INFO[0m [2mmoq_native_ietf::quic[0m[2m:[0m UDP socket bound [3mbind[0m[2m=[0m[::]:0 [3mlocal[0m[2m=[0m[::]:36578 [3mdual_stack[0m[2m=[0mtrue
[2m2026-09-22T00:51:32.742461Z[0m [33m WARN[0m [2mweb_transport_quinn::session[0m[2m:[0m failed to read capsule [3me[0m[2m=[0mUnexpectedEnd
[2m2026-09-22T00:51:32.812152Z[0m [32m INFO[0m [2mmoq_native_ietf::quic[0m[2m:[0m UDP socket bound [3mbind[0m[2m=[0m[::]:0 [3mlocal[0m[2m=[0m[::]:57074 [3mdual_stack[0m[2m=[0mtrue
[2m2026-09-22T00:51:32.956337Z[0m [32m INFO[0m [2mmoq_test_client::scenarios[0m[2m:[0m Publisher sending direct PUBLISH before subscriber subscribes [3mnamespace[0m[2m=[0m/moq-test/publish [3mtrack[0m[2m=[0m"published-track"
[2m2026-09-22T00:51:33.005241Z[0m [32m INFO[0m [2mmoq_test_client::scenarios[0m[2m:[0m PUBLISH accepted; starting subscriber [3mnamespace[0m[2m=[0m/moq-test/publish [3mtrack[0m[2m=[0m"published-track"
[2m2026-09-22T00:51:33.056705Z[0m [33m WARN[0m [2mmoq_transport::session[0m[2m:[0m unexpected bidi response message type [3mmsg_type[0m[2m=[0m2
[2m2026-09-22T00:51:33.056718Z[0m [33m WARN[0m [2mmoq_transport::serve::error[0m[2m:[0m [992ee59f-1e15-43ed-bd34-c0267ce23297] Not implemented: bidi response type 0x2 at moq-transport/src/session/error.rs:89
not ok 8 - publish-track-subscribe
  ---
  duration_ms: 413
  message: "failed serving PUBLISH track: serve error: cancelled: cancelled"
  ...
[2m2026-09-22T00:51:33.107502Z[0m [32m INFO[0m [2mmoq_native_ietf::quic[0m[2m:[0m UDP socket bound [3mbind[0m[2m=[0m[::]:0 [3mlocal[0m[2m=[0m[::]:39811 [3mdual_stack[0m[2m=[0mtrue
[2m2026-09-22T00:51:33.155412Z[0m [33m WARN[0m [2mweb_transport_quinn::session[0m[2m:[0m failed to read capsule [3me[0m[2m=[0mUnexpectedEnd
[2m2026-09-22T00:51:33.157635Z[0m [33m WARN[0m [2mweb_transport_quinn::session[0m[2m:[0m failed to read capsule [3me[0m[2m=[0mUnexpectedEnd
[2m2026-09-22T00:51:33.354718Z[0m [32m INFO[0m [2mmoq_test_client::scenarios[0m[2m:[0m Subscribing with RENDEZVOUS_TIMEOUT to a track with no publisher [3mtimeout_ms[0m[2m=[0m500
[2m2026-09-22T00:51:33.403676Z[0m [33m WARN[0m [2mmoq_transport::serve::error[0m[2m:[0m [67548612-a6b5-43e8-995b-fc6281fd2b4f] Not found: no such namespace or track at moq-transport/src/session/subscriber.rs:1653
not ok 9 - rendezvous-timeout
  ---
  duration_ms: 297
  message: "expected REQUEST_ERROR TIMEOUT, got: not found: Track not found [error:67548612-a6b5-43e8-995b-fc6281fd2b4f]"
  ...
[2m2026-09-22T00:51:33.404634Z[0m [32m INFO[0m [2mmoq_native_ietf::quic[0m[2m:[0m UDP socket bound [3mbind[0m[2m=[0m[::]:0 [3mlocal[0m[2m=[0m[::]:40521 [3mdual_stack[0m[2m=[0mtrue
[2m2026-09-22T00:51:33.453447Z[0m [33m WARN[0m [2mweb_transport_quinn::session[0m[2m:[0m failed to read capsule [3me[0m[2m=[0mUnexpectedEnd
[2m2026-09-22T00:51:33.798326Z[0m [33m WARN[0m [2mmoq_transport::serve::error[0m[2m:[0m [cebe4d5c-e46f-4fc0-a4e2-8952642b70c9] Not found: no such namespace or track at moq-transport/src/session/subscriber.rs:1653
[2m2026-09-22T00:51:33.949349Z[0m [32m INFO[0m [2mmoq_native_ietf::quic[0m[2m:[0m UDP socket bound [3mbind[0m[2m=[0m[::]:0 [3mlocal[0m[2m=[0m[::]:45200 [3mdual_stack[0m[2m=[0mtrue
not ok 10 - moq-test-subgroup-per-group
  ---
  duration_ms: 697
  message: "subscriber setup failed before generation started"
  ...
[2m2026-09-22T00:51:34.102468Z[0m [32m INFO[0m [2mmoq_native_ietf::quic[0m[2m:[0m UDP socket bound [3mbind[0m[2m=[0m[::]:0 [3mlocal[0m[2m=[0m[::]:51462 [3mdual_stack[0m[2m=[0mtrue
[2m2026-09-22T00:51:34.150860Z[0m [33m WARN[0m [2mweb_transport_quinn::session[0m[2m:[0m failed to read capsule [3me[0m[2m=[0mUnexpectedEnd
[2m2026-09-22T00:51:34.152465Z[0m [33m WARN[0m [2mweb_transport_quinn::session[0m[2m:[0m failed to read capsule [3me[0m[2m=[0mUnexpectedEnd
[2m2026-09-22T00:51:34.259904Z[0m [33m WARN[0m [2mmoq_transport::serve::error[0m[2m:[0m [b35f69c2-d298-4075-a6c3-4756e1c47645] Not found: no such namespace or track at moq-transport/src/session/subscriber.rs:1653
[2m2026-09-22T00:51:34.411169Z[0m [32m INFO[0m [2mmoq_native_ietf::quic[0m[2m:[0m UDP socket bound [3mbind[0m[2m=[0m[::]:0 [3mlocal[0m[2m=[0m[::]:37912 [3mdual_stack[0m[2m=[0mtrue
not ok 11 - moq-test-subgroup-per-group-eog
  ---
  duration_ms: 713
  message: "subscriber setup failed before generation started"
  ...
[2m2026-09-22T00:51:34.816056Z[0m [32m INFO[0m [2mmoq_native_ietf::quic[0m[2m:[0m UDP socket bound [3mbind[0m[2m=[0m[::]:0 [3mlocal[0m[2m=[0m[::]:58548 [3mdual_stack[0m[2m=[0mtrue
[2m2026-09-22T00:51:34.864117Z[0m [33m WARN[0m [2mweb_transport_quinn::session[0m[2m:[0m failed to read capsule [3me[0m[2m=[0mUnexpectedEnd
[2m2026-09-22T00:51:34.866147Z[0m [33m WARN[0m [2mweb_transport_quinn::session[0m[2m:[0m failed to read capsule [3me[0m[2m=[0mUnexpectedEnd
[2m2026-09-22T00:51:34.966986Z[0m [33m WARN[0m [2mmoq_transport::serve::error[0m[2m:[0m [59186e3d-9bcf-4113-a781-7f04e362b55f] Not found: no such namespace or track at moq-transport/src/session/subscriber.rs:1653
[2m2026-09-22T00:51:35.120362Z[0m [32m INFO[0m [2mmoq_native_ietf::quic[0m[2m:[0m UDP socket bound [3mbind[0m[2m=[0m[::]:0 [3mlocal[0m[2m=[0m[::]:39266 [3mdual_stack[0m[2m=[0mtrue
not ok 12 - moq-test-subgroup-per-object
  ---
  duration_ms: 458
  message: "subscriber setup failed before generation started"
  ...
[2m2026-09-22T00:51:35.274632Z[0m [32m INFO[0m [2mmoq_native_ietf::quic[0m[2m:[0m UDP socket bound [3mbind[0m[2m=[0m[::]:0 [3mlocal[0m[2m=[0m[::]:48254 [3mdual_stack[0m[2m=[0mtrue
[2m2026-09-22T00:51:35.322649Z[0m [33m WARN[0m [2mweb_transport_quinn::session[0m[2m:[0m failed to read capsule [3me[0m[2m=[0mUnexpectedEnd
[2m2026-09-22T00:51:35.322701Z[0m [33m WARN[0m [2mweb_transport_quinn::session[0m[2m:[0m failed to read capsule [3me[0m[2m=[0mUnexpectedEnd
[2m2026-09-22T00:51:35.426075Z[0m [33m WARN[0m [2mmoq_transport::serve::error[0m[2m:[0m [f9b9f26b-4c17-492b-931f-d837754f83b0] Not found: no such namespace or track at moq-transport/src/session/subscriber.rs:1653
[2m2026-09-22T00:51:35.579237Z[0m [32m INFO[0m [2mmoq_native_ietf::quic[0m[2m:[0m UDP socket bound [3mbind[0m[2m=[0m[::]:0 [3mlocal[0m[2m=[0m[::]:57503 [3mdual_stack[0m[2m=[0mtrue
not ok 13 - moq-test-two-subgroups-eog
  ---
  duration_ms: 457
  message: "subscriber setup failed before generation started"
  ...
[2m2026-09-22T00:51:35.731635Z[0m [32m INFO[0m [2mmoq_native_ietf::quic[0m[2m:[0m UDP socket bound [3mbind[0m[2m=[0m[::]:0 [3mlocal[0m[2m=[0m[::]:33748 [3mdual_stack[0m[2m=[0mtrue
[2m2026-09-22T00:51:35.779728Z[0m [33m WARN[0m [2mweb_transport_quinn::session[0m[2m:[0m failed to read capsule [3me[0m[2m=[0mUnexpectedEnd
[2m2026-09-22T00:51:35.780505Z[0m [33m WARN[0m [2mweb_transport_quinn::session[0m[2m:[0m failed to read capsule [3me[0m[2m=[0mUnexpectedEnd
[2m2026-09-22T00:51:36.250007Z[0m [33m WARN[0m [2mmoq_transport::serve::error[0m[2m:[0m [c5a514f0-d9f9-4814-afe5-e08024591a95] Not found: no such namespace or track at moq-transport/src/session/subscriber.rs:1653
[2m2026-09-22T00:51:36.401477Z[0m [32m INFO[0m [2mmoq_native_ietf::quic[0m[2m:[0m UDP socket bound [3mbind[0m[2m=[0m[::]:0 [3mlocal[0m[2m=[0m[::]:57433 [3mdual_stack[0m[2m=[0mtrue
not ok 14 - moq-test-datagram
  ---
  duration_ms: 822
  message: "subscriber setup failed before generation started"
  ...
[2m2026-09-22T00:51:36.554271Z[0m [32m INFO[0m [2mmoq_native_ietf::quic[0m[2m:[0m UDP socket bound [3mbind[0m[2m=[0m[::]:0 [3mlocal[0m[2m=[0m[::]:35215 [3mdual_stack[0m[2m=[0mtrue
[2m2026-09-22T00:51:36.602592Z[0m [33m WARN[0m [2mweb_transport_quinn::session[0m[2m:[0m failed to read capsule [3me[0m[2m=[0mUnexpectedEnd
[2m2026-09-22T00:51:36.604026Z[0m [33m WARN[0m [2mweb_transport_quinn::session[0m[2m:[0m failed to read capsule [3me[0m[2m=[0mUnexpectedEnd
[2m2026-09-22T00:51:36.811713Z[0m [33m WARN[0m [2mmoq_transport::serve::error[0m[2m:[0m [a58a40ea-9ec9-4b8d-90d2-7a00dd22de83] Not found: no such namespace or track at moq-transport/src/session/subscriber.rs:1653
[2m2026-09-22T00:51:36.962908Z[0m [32m INFO[0m [2mmoq_native_ietf::quic[0m[2m:[0m UDP socket bound [3mbind[0m[2m=[0m[::]:0 [3mlocal[0m[2m=[0m[::]:44277 [3mdual_stack[0m[2m=[0mtrue
not ok 15 - moq-test-datagram-eog
  ---
  duration_ms: 673
  message: "subscriber setup failed before generation started"
  ...
[2m2026-09-22T00:51:37.227573Z[0m [32m INFO[0m [2mmoq_native_ietf::quic[0m[2m:[0m UDP socket bound [3mbind[0m[2m=[0m[::]:0 [3mlocal[0m[2m=[0m[::]:55313 [3mdual_stack[0m[2m=[0mtrue
[2m2026-09-22T00:51:37.277384Z[0m [33m WARN[0m [2mweb_transport_quinn::session[0m[2m:[0m failed to read capsule [3me[0m[2m=[0mUnexpectedEnd
[2m2026-09-22T00:51:37.277941Z[0m [33m WARN[0m [2mweb_transport_quinn::session[0m[2m:[0m failed to read capsule [3me[0m[2m=[0mUnexpectedEnd
[2m2026-09-22T00:51:37.511552Z[0m [33m WARN[0m [2mmoq_transport::serve::error[0m[2m:[0m [459c238e-4220-4428-8088-6a4e819df9ea] Not found: no such namespace or track at moq-transport/src/session/subscriber.rs:1653
[2m2026-09-22T00:51:37.665038Z[0m [32m INFO[0m [2mmoq_native_ietf::quic[0m[2m:[0m UDP socket bound [3mbind[0m[2m=[0m[::]:0 [3mlocal[0m[2m=[0m[::]:41526 [3mdual_stack[0m[2m=[0mtrue
not ok 16 - moq-test-extensions
  ---
  duration_ms: 598
  message: "subscriber setup failed before generation started"
  ...
[2m2026-09-22T00:51:37.825706Z[0m [32m INFO[0m [2mmoq_native_ietf::quic[0m[2m:[0m UDP socket bound [3mbind[0m[2m=[0m[::]:0 [3mlocal[0m[2m=[0m[::]:38264 [3mdual_stack[0m[2m=[0mtrue
[2m2026-09-22T00:51:37.874039Z[0m [33m WARN[0m [2mweb_transport_quinn::session[0m[2m:[0m failed to read capsule [3me[0m[2m=[0mUnexpectedEnd
[2m2026-09-22T00:51:37.875487Z[0m [33m WARN[0m [2mweb_transport_quinn::session[0m[2m:[0m failed to read capsule [3me[0m[2m=[0mUnexpectedEnd
[2m2026-09-22T00:51:38.082776Z[0m [33m WARN[0m [2mmoq_transport::serve::error[0m[2m:[0m [7e8eaf29-f8b8-4956-8edf-1c321d2e505d] Not found: no such namespace or track at moq-transport/src/session/subscriber.rs:1653
[2m2026-09-22T00:51:38.234137Z[0m [32m INFO[0m [2mmoq_native_ietf::quic[0m[2m:[0m UDP socket bound [3mbind[0m[2m=[0m[::]:0 [3mlocal[0m[2m=[0m[::]:35926 [3mdual_stack[0m[2m=[0mtrue
not ok 17 - moq-test-increments
  ---
  duration_ms: 566
  message: "subscriber setup failed before generation started"
  ...
[2m2026-09-22T00:51:38.392582Z[0m [32m INFO[0m [2mmoq_native_ietf::quic[0m[2m:[0m UDP socket bound [3mbind[0m[2m=[0m[::]:0 [3mlocal[0m[2m=[0m[::]:46156 [3mdual_stack[0m[2m=[0mtrue
[2m2026-09-22T00:51:38.442289Z[0m [33m WARN[0m [2mweb_transport_quinn::session[0m[2m:[0m failed to read capsule [3me[0m[2m=[0mUnexpectedEnd
[2m2026-09-22T00:51:38.442535Z[0m [33m WARN[0m [2mweb_transport_quinn::session[0m[2m:[0m failed to read capsule [3me[0m[2m=[0mUnexpectedEnd
[2m2026-09-22T00:51:38.821188Z[0m [33m WARN[0m [2mmoq_transport::serve::error[0m[2m:[0m [b24b4829-5015-400b-8285-6760ec30bc17] Not found: no such namespace or track at moq-transport/src/session/subscriber.rs:1653
[2m2026-09-22T00:51:38.974416Z[0m [32m INFO[0m [2mmoq_native_ietf::quic[0m[2m:[0m UDP socket bound [3mbind[0m[2m=[0m[::]:0 [3mlocal[0m[2m=[0m[::]:52315 [3mdual_stack[0m[2m=[0mtrue
not ok 18 - moq-test-forward-zero
  ---
  duration_ms: 832
  message: "subscriber setup failed before generation started"
  ...
make[1]: *** [Makefile:122: test-external] Error 1
make[1]: Leaving directory '/home/runner/work/moq-interop-runner/moq-interop-runner/main'
