make[1]: Entering directory '/home/runner/work/moq-interop-runner/moq-interop-runner/main'
Running tests against https://lminiero.it:9000...
  Client: ghcr.io/openmoq/moqx-interop-client:latest
docker run --rm \
	 \
	--network host \
	-e RELAY_URL=https://lminiero.it:9000 \
	-e TLS_DISABLE_VERIFY=false \
	ghcr.io/openmoq/moqx-interop-client:latest
TAP version 14
# moxygen interop test client
# Relay: https://lminiero.it:9000
# Transport: WebTransport
# Offered ALPNs: moqt-18, moqt-16, moqt-15, moq-00
1..6
E0922 01:00:56.007482     1 MoQWebTransportClient.cpp:150] std::runtime_error: Error setting up WebTransport: proxygen::HTTPException: ingress timeout, streamID=0, timeout=2000ms
not ok 1 - setup-only
  ---
  duration_ms: 2634
  error: Error setting up WebTransport: proxygen::HTTPException: ingress timeout, streamID=0, timeout=2000ms
  ...
E0922 01:00:58.628135     1 MoQWebTransportClient.cpp:150] std::runtime_error: Error setting up WebTransport: proxygen::HTTPException: ingress timeout, streamID=0, timeout=2000ms
not ok 2 - announce-only
  ---
  duration_ms: 2620
  error: Error setting up WebTransport: proxygen::HTTPException: ingress timeout, streamID=0, timeout=2000ms
  ...
E0922 01:01:01.088365     1 MoQWebTransportClient.cpp:150] std::runtime_error: Error setting up WebTransport: proxygen::HTTPException: ingress timeout, streamID=0, timeout=2000ms
not ok 3 - subscribe-error
  ---
  duration_ms: 2460
  error: Error setting up WebTransport: proxygen::HTTPException: ingress timeout, streamID=0, timeout=2000ms
  ...
E0922 01:01:03.719921     1 MoQWebTransportClient.cpp:150] std::runtime_error: Error setting up WebTransport: proxygen::HTTPException: ingress timeout, streamID=0, timeout=2000ms
not ok 4 - announce-subscribe
  ---
  duration_ms: 2631
  error: Error setting up WebTransport: proxygen::HTTPException: ingress timeout, streamID=0, timeout=2000ms
  ...
E0922 01:01:06.344107     1 MoQWebTransportClient.cpp:150] std::runtime_error: Error setting up WebTransport: proxygen::HTTPException: ingress timeout, streamID=0, timeout=2000ms
not ok 5 - publish-namespace-done
  ---
  duration_ms: 2624
  error: Error setting up WebTransport: proxygen::HTTPException: ingress timeout, streamID=0, timeout=2000ms
  ...
E0922 01:01:09.123017     1 MoQWebTransportClient.cpp:150] std::runtime_error: Error setting up WebTransport: proxygen::HTTPException: ingress timeout, streamID=0, timeout=2000ms
not ok 6 - subscribe-before-announce
  ---
  duration_ms: 2778
  error: Error setting up WebTransport: proxygen::HTTPException: ingress timeout, streamID=0, timeout=2000ms
  ...
E20260922 01:01:10.124567     1 EventHandler.cpp:95] EventBase: failed to register event handler for fd 10: Resource temporarily unavailable
E20260922 01:01:10.125726     1 EventHandler.cpp:95] EventBase: failed to register event handler for fd 11: Resource temporarily unavailable
E20260922 01:01:10.125861     1 EventHandler.cpp:95] EventBase: failed to register event handler for fd 12: Resource temporarily unavailable
E20260922 01:01:10.125953     1 EventHandler.cpp:95] EventBase: failed to register event handler for fd 13: Resource temporarily unavailable
E20260922 01:01:10.126044     1 EventHandler.cpp:95] EventBase: failed to register event handler for fd 14: Resource temporarily unavailable
E20260922 01:01:10.126127     1 EventHandler.cpp:95] EventBase: failed to register event handler for fd 9: Resource temporarily unavailable
make[1]: *** [Makefile:122: test-external] Error 1
make[1]: Leaving directory '/home/runner/work/moq-interop-runner/moq-interop-runner/main'
