make[1]: Entering directory '/home/runner/work/moq-interop-runner/moq-interop-runner/main'
Running tests against https://draft-18-interop.cloudflare.mediaoverquic.com:443/moq...
  Client: ghcr.io/facebookexperimental/moxygen-interop-client:latest-amd64
docker run --rm \
	 \
	--network host \
	-e RELAY_URL=https://draft-18-interop.cloudflare.mediaoverquic.com:443/moq \
	-e TLS_DISABLE_VERIFY=false \
	ghcr.io/facebookexperimental/moxygen-interop-client:latest-amd64
TAP version 14
# moxygen interop test client
# Relay: https://draft-18-interop.cloudflare.mediaoverquic.com:443/moq
# Transport: WebTransport
1..6
E0806 01:04:16.815400     1 MoQWebTransportClient.cpp:147] std::runtime_error: Error setting up WebTransport: proxygen::HTTPException: Got error=ApplicationError: No Error, Client closed by peer reason=
E20260806 01:04:16.815513     1 HQSession.cpp:1872] Got error=Stream does not exist streamID=10 bufLen=1 readEOF=0
not ok 1 - setup-only
  ---
  duration_ms: 158
  error: Error setting up WebTransport: proxygen::HTTPException: Got error=ApplicationError: No Error, Client closed by peer reason=
  ...
E0806 01:04:17.039926     1 MoQWebTransportClient.cpp:147] std::runtime_error: Error setting up WebTransport: proxygen::HTTPException: Got error=ApplicationError: No Error, Client closed by peer reason=
E20260806 01:04:17.040006     1 HQSession.cpp:1872] Got error=Stream does not exist streamID=10 bufLen=1 readEOF=0
not ok 2 - announce-only
  ---
  duration_ms: 223
  error: Error setting up WebTransport: proxygen::HTTPException: Got error=ApplicationError: No Error, Client closed by peer reason=
  ...
E0806 01:04:17.204927     1 MoQWebTransportClient.cpp:147] std::runtime_error: Error setting up WebTransport: proxygen::HTTPException: Got error=ApplicationError: No Error, Client closed by peer reason=
E20260806 01:04:17.204998     1 HQSession.cpp:1872] Got error=Stream does not exist streamID=10 bufLen=1 readEOF=0
not ok 3 - subscribe-error
  ---
  duration_ms: 164
  error: Error setting up WebTransport: proxygen::HTTPException: Got error=ApplicationError: No Error, Client closed by peer reason=
  ...
E0806 01:04:17.343209     1 MoQWebTransportClient.cpp:147] std::runtime_error: Error setting up WebTransport: proxygen::HTTPException: Got error=ApplicationError: No Error, Client closed by peer reason=
E20260806 01:04:17.343278     1 HQSession.cpp:1872] Got error=Stream does not exist streamID=10 bufLen=1 readEOF=0
not ok 4 - announce-subscribe
  ---
  duration_ms: 138
  error: Error setting up WebTransport: proxygen::HTTPException: Got error=ApplicationError: No Error, Client closed by peer reason=
  ...
E0806 01:04:17.479932     1 MoQWebTransportClient.cpp:147] std::runtime_error: Error setting up WebTransport: proxygen::HTTPException: Got error=ApplicationError: No Error, Client closed by peer reason=
not ok 5 - publish-namespace-done
  ---
  duration_ms: 136
  error: Error setting up WebTransport: proxygen::HTTPException: Got error=ApplicationError: No Error, Client closed by peer reason=
  ...
E20260806 01:04:17.480003     1 HQSession.cpp:1872] Got error=Stream does not exist streamID=10 bufLen=1 readEOF=0
not ok 6 - subscribe-before-announce
  ---
  duration_ms: 143
  error: Error setting up WebTransport: proxygen::HTTPException: Got error=ApplicationError: No Error, Client closed by peer reason=
  ...
E0806 01:04:17.623999     1 MoQWebTransportClient.cpp:147] std::runtime_error: Error setting up WebTransport: proxygen::HTTPException: Got error=ApplicationError: No Error, Client closed by peer reason=
E20260806 01:04:17.624076     1 HQSession.cpp:1872] Got error=Stream does not exist streamID=10 bufLen=1 readEOF=0
make[1]: *** [Makefile:122: test-external] Error 1
make[1]: Leaving directory '/home/runner/work/moq-interop-runner/moq-interop-runner/main'
