make[1]: Entering directory '/home/runner/work/moq-interop-runner/moq-interop-runner/main'
Running tests against https://relay.moqtail.dev...
  Client: ghcr.io/openmoq/moqx-interop-client:latest
docker run --rm \
	 \
	--network host \
	-e RELAY_URL=https://relay.moqtail.dev \
	-e TLS_DISABLE_VERIFY=false \
	ghcr.io/openmoq/moqx-interop-client:latest
TAP version 14
# moxygen interop test client
# Relay: https://relay.moqtail.dev
# Transport: WebTransport
1..6
E20260730 01:40:12.387713     1 StructuredHeadersBuffer.cpp:287] Error message: Invalid character. Number of characters parsed before error:0. Header Content:moqt-16
W0730 01:40:12.388638     1 MoQWebTransportClient.cpp:175] WebTransport: No WT-Protocol header in response, will use legacy version negotiation
E0730 01:40:12.411298     1 MoQWebTransportClient.cpp:200] proxygen::HTTPException: Got error=ApplicationError: No Error, Client closed by peer reason=Setup failed
not ok 1 - setup-only
  ---
  duration_ms: 159
  error: coroutine operation cancelled
  ...
E20260730 01:40:12.497720     1 HQStreamCodec.cpp:194] Failed parsing header list for stream=0, error=Pseudo headers forbidden in trailers.
E0730 01:40:12.497830     1 MoQWebTransportClient.cpp:147] std::runtime_error: Error setting up WebTransport: proxygen::HTTPException: HQStreamCodec stream error: stream=0 status=400 error:Pseudo headers forbidden in trailers.
not ok 2 - announce-only
  ---
  duration_ms: 86
  error: Error setting up WebTransport: proxygen::HTTPException: HQStreamCodec stream error: stream=0 status=400 error:Pseudo headers forbidden in trailers.
  ...
W0730 01:40:12.706027     1 MoQWebTransportClient.cpp:175] WebTransport: No WT-Protocol header in response, will use legacy version negotiation
E0730 01:40:12.728567     1 MoQWebTransportClient.cpp:200] proxygen::HTTPException: Got error=ApplicationError: No Error, Client closed by peer reason=Setup failed
not ok 3 - subscribe-error
  ---
  duration_ms: 230
  error: coroutine operation cancelled
  ...
W0730 01:40:12.835222     1 MoQWebTransportClient.cpp:175] WebTransport: No WT-Protocol header in response, will use legacy version negotiation
E0730 01:40:12.844635     1 MoQWebTransportClient.cpp:200] proxygen::HTTPException: Got error=ApplicationError: No Error, Client closed by peer reason=Setup failed
not ok 4 - announce-subscribe
  ---
  duration_ms: 115
  error: coroutine operation cancelled
  ...
W0730 01:40:12.953134     1 MoQWebTransportClient.cpp:175] WebTransport: No WT-Protocol header in response, will use legacy version negotiation
E0730 01:40:12.975681     1 MoQWebTransportClient.cpp:200] proxygen::HTTPException: Got error=ApplicationError: No Error, Client closed by peer reason=Setup failed
not ok 5 - publish-namespace-done
  ---
  duration_ms: 130
  error: coroutine operation cancelled
  ...
E20260730 01:40:13.039695     1 HQStreamCodec.cpp:194] Failed parsing header list for stream=0, error=Pseudo headers forbidden in trailers.
E0730 01:40:13.039812     1 MoQWebTransportClient.cpp:147] std::runtime_error: Error setting up WebTransport: proxygen::HTTPException: HQStreamCodec stream error: stream=0 status=400 error:Pseudo headers forbidden in trailers.
not ok 6 - subscribe-before-announce
  ---
  duration_ms: 63
  error: Error setting up WebTransport: proxygen::HTTPException: HQStreamCodec stream error: stream=0 status=400 error:Pseudo headers forbidden in trailers.
  ...
E20260730 01:40:14.041627     1 EventHandler.cpp:90] EventBase: failed to register event handler for fd 13: Resource temporarily unavailable
E20260730 01:40:14.041774     1 EventHandler.cpp:90] EventBase: failed to register event handler for fd 9: Resource temporarily unavailable
make[1]: *** [Makefile:122: test-external] Error 1
make[1]: Leaving directory '/home/runner/work/moq-interop-runner/moq-interop-runner/main'
