make[1]: Entering directory '/home/runner/work/moq-interop-runner/moq-interop-runner/main'
Running tests against https://draft-18-interop.cloudflare.mediaoverquic.com:443/moq...
  Client: ghcr.io/openmoq/moqx-interop-client:latest
docker run --rm \
	 \
	--network host \
	-e RELAY_URL=https://draft-18-interop.cloudflare.mediaoverquic.com:443/moq \
	-e TLS_DISABLE_VERIFY=false \
	ghcr.io/openmoq/moqx-interop-client:latest
TAP version 14
# moxygen interop test client
# Relay: https://draft-18-interop.cloudflare.mediaoverquic.com:443/moq
# Transport: WebTransport
# Offered ALPNs: moqt-18, moqt-16, moqt-15, moq-00
1..6
ok 1 - setup-only
  ---
  duration_ms: 300
  negotiated_version: draft-18
  info: SETUP exchange completed successfully
  ...
E0916 01:02:02.322605     1 MoQRelaySession.cpp:1116] PublishNamespaceDone for unknown publishNamespace, sess=0x559339e7e6f0
ok 2 - announce-only
  ---
  duration_ms: 267
  negotiated_version: draft-18
  info: PUBLISH_NAMESPACE completed successfully
  ...
E20260916 01:02:02.583753     1 HQControlCodec.h:58] Unexpected control stream EOF
E20260916 01:02:02.584748     1 HQSession.cpp:3158] Got error on control stream error=HTTP: Critical stream was closed streamID=3 sess=proto=h3, client CID=, server CID=34e982b7f4f45bd3, local=10.1.0.152:44529, 8.228.3.228:443=upstream, drain=done
ok 3 - subscribe-error
  ---
  duration_ms: 260
  negotiated_version: draft-18
  info: Subscribe correctly returned error: Session closed
  ...
E0916 01:02:03.107491     1 MoQSession.cpp:5060] No matching subscribe ID=0 sess=0x559339e67640
not ok 4 - announce-subscribe
  ---
  duration_ms: 522
  negotiated_version: draft-18
  error: Subscribe failed: peer FINed without terminal reply
  ...
E20260916 01:02:03.108115     1 HQControlCodec.h:58] Unexpected control stream EOF
E20260916 01:02:03.108179     1 HQSession.cpp:3158] Got error on control stream error=HTTP: Critical stream was closed streamID=3 sess=proto=h3, client CID=, server CID=95a1d35cda264108, local=10.1.0.152:40377, 8.228.3.228:443=upstream, drain=done
ok 5 - publish-namespace-done
  ---
  duration_ms: 286
  negotiated_version: draft-18
  info: PUBLISH_NAMESPACE_OK received, PUBLISH_NAMESPACE_DONE sent
  ...
E20260916 01:02:03.671788     1 HQControlCodec.h:58] Unexpected control stream EOF
E20260916 01:02:03.671870     1 HQSession.cpp:3158] Got error on control stream error=HTTP: Critical stream was closed streamID=3 sess=proto=h3, client CID=, server CID=a84c5931eed48d4d, local=10.1.0.152:55305, 8.228.3.228:443=upstream, drain=done
ok 6 - subscribe-before-announce
  ---
  duration_ms: 1080
  negotiated_version: draft-18
  info: Subscribe returned error (relay doesn't buffer pending subscriptions): Session closed
  ...
make[1]: *** [Makefile:122: test-external] Error 1
make[1]: Leaving directory '/home/runner/work/moq-interop-runner/moq-interop-runner/main'
