make[1]: Entering directory '/home/runner/work/moq-interop-runner/moq-interop-runner/main'
Running tests against moqt://moqt.nokiaresearch.com:4443/moq...
  Client: ghcr.io/facebookexperimental/moxygen-interop-client:latest-amd64
docker run --rm \
	 \
	--network host \
	-e RELAY_URL=moqt://moqt.nokiaresearch.com:4443/moq \
	-e TLS_DISABLE_VERIFY=false \
	ghcr.io/facebookexperimental/moxygen-interop-client:latest-amd64
TAP version 14
# moxygen interop test client
# Relay: moqt://moqt.nokiaresearch.com:4443/moq
# Transport: QUIC
# Offered ALPNs: moqt-18, moqt-16, moqt-15, moq-00
1..6
ok 1 - setup-only
  ---
  duration_ms: 406
  negotiated_version: draft-18
  info: SETUP exchange completed successfully
  ...
ok 2 - announce-only
  ---
  duration_ms: 498
  negotiated_version: draft-18
  info: PUBLISH_NAMESPACE completed successfully
  ...
E0916 01:05:37.649692     1 MoQRelaySession.cpp:1116] PublishNamespaceDone for unknown publishNamespace, sess=0x55cb26314960
ok 3 - subscribe-error
  ---
  duration_ms: 529
  negotiated_version: draft-18
  info: Subscribe correctly returned error: Track /nonexistent/no-such-track does not exist
  ...
ok 4 - announce-subscribe
  ---
  duration_ms: 980
  negotiated_version: draft-18
  info: Publisher announced, subscriber subscribed successfully
  ...
E0916 01:05:39.160084     1 MoQSession.cpp:6309] publishDone for invalid id=1 sess=0x55cb26308980
ok 5 - publish-namespace-done
  ---
  duration_ms: 419
  negotiated_version: draft-18
  info: PUBLISH_NAMESPACE_OK received, PUBLISH_NAMESPACE_DONE sent
  ...
ok 6 - subscribe-before-announce
  ---
  duration_ms: 1352
  negotiated_version: draft-18
  info: Subscribe returned error (relay doesn't buffer pending subscriptions): Track /moq-test/interop/test-track does not exist
  ...
make[1]: Leaving directory '/home/runner/work/moq-interop-runner/moq-interop-runner/main'
