make[1]: Entering directory '/home/runner/work/moq-interop-runner/moq-interop-runner/main'
Running tests against https://fb.mvfst.net:9448/moq-relay...
  Client: ghcr.io/englishm/moq-interop-runner-moq-test-client-draft-14:latest
docker run --rm \
	 \
	--network host \
	-e RELAY_URL=https://fb.mvfst.net:9448/moq-relay \
	-e TLS_DISABLE_VERIFY=1 \
	ghcr.io/englishm/moq-interop-runner-moq-test-client-draft-14:latest
TAP version 14
# moq-test-client v0.1.7
# Relay: https://fb.mvfst.net:9448/moq-relay
1..6
[2m2026-09-15T01:52:26.586500Z[0m [32m INFO[0m [2mmoq_native_ietf::quic[0m[2m:[0m UDP socket bound [3mbind[0m[2m=[0m[::]:0 [3mlocal[0m[2m=[0m[::]:40080 [3mdual_stack[0m[2m=[0mtrue
[2m2026-09-15T01:52:26.835775Z[0m [32m INFO[0m [2mmoq_test_client::scenarios[0m[2m:[0m SETUP exchange completed successfully
ok 1 - setup-only
  ---
  duration_ms: 250
  connection_id: 456e2c95dcaafe42ac542ec75b2b37cf
  ...
[2m2026-09-15T01:52:26.836722Z[0m [32m INFO[0m [2mmoq_native_ietf::quic[0m[2m:[0m UDP socket bound [3mbind[0m[2m=[0m[::]:0 [3mlocal[0m[2m=[0m[::]:39797 [3mdual_stack[0m[2m=[0mtrue
[2m2026-09-15T01:52:27.076441Z[0m [32m INFO[0m [2mmoq_test_client::scenarios[0m[2m:[0m Announcing namespace: moq-test/interop
[2m2026-09-15T01:52:29.077673Z[0m [32m INFO[0m [2mmoq_test_client::scenarios[0m[2m:[0m Announce succeeded (no error received, waiting for subscriptions timed out)
ok 2 - announce-only
  ---
  duration_ms: 2242
  connection_id: 100e63d290b0656ed831d309e6e8ccfb
  ...
[2m2026-09-15T01:52:29.078904Z[0m [32m INFO[0m [2mmoq_native_ietf::quic[0m[2m:[0m UDP socket bound [3mbind[0m[2m=[0m[::]:0 [3mlocal[0m[2m=[0m[::]:33518 [3mdual_stack[0m[2m=[0mtrue
[2m2026-09-15T01:52:29.325758Z[0m [32m INFO[0m [2mmoq_test_client::scenarios[0m[2m:[0m Subscribing to non-existent track: nonexistent/namespace/test-track
[2m2026-09-15T01:52:29.395489Z[0m [33m WARN[0m [2mmoq_test_client::scenarios[0m[2m:[0m Got error but not clearly 'not found': closed, code=16. This may indicate a different error type than expected.
ok 3 - subscribe-error
  ---
  duration_ms: 317
  connection_id: 9099220ac53c0d48f1de19608702b449
  ...
[2m2026-09-15T01:52:29.396596Z[0m [32m INFO[0m [2mmoq_native_ietf::quic[0m[2m:[0m UDP socket bound [3mbind[0m[2m=[0m[::]:0 [3mlocal[0m[2m=[0m[::]:34041 [3mdual_stack[0m[2m=[0mtrue
[2m2026-09-15T01:52:29.639773Z[0m [32m INFO[0m [2mmoq_native_ietf::quic[0m[2m:[0m UDP socket bound [3mbind[0m[2m=[0m[::]:0 [3mlocal[0m[2m=[0m[::]:41380 [3mdual_stack[0m[2m=[0mtrue
[2m2026-09-15T01:52:29.876159Z[0m [32m INFO[0m [2mmoq_test_client::scenarios[0m[2m:[0m Publisher announcing namespace: moq-test/interop
[2m2026-09-15T01:52:29.876178Z[0m [32m INFO[0m [2mmoq_test_client::scenarios[0m[2m:[0m Subscriber subscribing to track: moq-test/interop/test-track
[2m2026-09-15T01:52:32.877121Z[0m [32m INFO[0m [2mmoq_test_client::scenarios[0m[2m:[0m Test timeout reached - subscription routing may still be in progress
ok 4 - announce-subscribe
  ---
  duration_ms: 3481
  publisher_connection_id: a18b6cd3b083309ea8cd8c81523b54fa
  subscriber_connection_id: 6e1362c7249b31e54e64abe2a015a8ed
  ...
[2m2026-09-15T01:52:32.878174Z[0m [32m INFO[0m [2mmoq_native_ietf::quic[0m[2m:[0m UDP socket bound [3mbind[0m[2m=[0m[::]:0 [3mlocal[0m[2m=[0m[::]:41053 [3mdual_stack[0m[2m=[0mtrue
[2m2026-09-15T01:52:33.124558Z[0m [32m INFO[0m [2mmoq_test_client::scenarios[0m[2m:[0m Subscriber subscribing BEFORE announce: moq-test/interop/test-track
[2m2026-09-15T01:52:33.626960Z[0m [32m INFO[0m [2mmoq_native_ietf::quic[0m[2m:[0m UDP socket bound [3mbind[0m[2m=[0m[::]:0 [3mlocal[0m[2m=[0m[::]:47525 [3mdual_stack[0m[2m=[0mtrue
[2m2026-09-15T01:52:33.845220Z[0m [32m INFO[0m [2mmoq_test_client::scenarios[0m[2m:[0m Publisher announcing namespace (after subscriber): moq-test/interop
[2m2026-09-15T01:52:36.845796Z[0m [32m INFO[0m [2mmoq_test_client::scenarios[0m[2m:[0m Publisher announce timeout (expected)
[2m2026-09-15T01:52:37.847452Z[0m [32m INFO[0m [2mmoq_test_client::scenarios[0m[2m:[0m Subscriber still waiting (test complete)
ok 5 - subscribe-before-announce
  ---
  duration_ms: 4970
  subscriber_connection_id: 5cfdbe27bb9d833a50b8eb2286337aa4
  publisher_connection_id: e05624eeb0f6e6ecfcb9305e90d2974e
  ...
[2m2026-09-15T01:52:37.848444Z[0m [32m INFO[0m [2mmoq_native_ietf::quic[0m[2m:[0m UDP socket bound [3mbind[0m[2m=[0m[::]:0 [3mlocal[0m[2m=[0m[::]:47616 [3mdual_stack[0m[2m=[0mtrue
[2m2026-09-15T01:52:38.075508Z[0m [32m INFO[0m [2mmoq_test_client::scenarios[0m[2m:[0m Announcing namespace: moq-test/interop
[2m2026-09-15T01:52:40.076604Z[0m [32m INFO[0m [2mmoq_test_client::scenarios[0m[2m:[0m Announce active, now sending PUBLISH_NAMESPACE_DONE
[2m2026-09-15T01:52:40.177533Z[0m [32m INFO[0m [2mmoq_test_client::scenarios[0m[2m:[0m PUBLISH_NAMESPACE_DONE sent successfully
ok 6 - publish-namespace-done
  ---
  duration_ms: 2330
  connection_id: bf979bad1882826c734e1c5f733b7e09
  ...
make[1]: Leaving directory '/home/runner/work/moq-interop-runner/moq-interop-runner/main'
