make[1]: Entering directory '/home/runner/work/moq-interop-runner/moq-interop-runner/main'
Running tests against moqt://moqt.nokiaresearch.com:4443/moq...
  Client: ghcr.io/englishm/moq-interop-runner-moq-test-client-draft-18:latest
docker run --rm \
	 \
	--network host \
	-e RELAY_URL=moqt://moqt.nokiaresearch.com:4443/moq \
	-e TLS_DISABLE_VERIFY=false \
	ghcr.io/englishm/moq-interop-runner-moq-test-client-draft-18:latest
TAP version 14
# moq-test-client v0.1.12
# Relay: moqt://moqt.nokiaresearch.com:4443/moq
1..18
[2m2026-09-15T00:52:02.622632Z[0m [32m INFO[0m [2mmoq_native_ietf::quic[0m[2m:[0m UDP socket bound [3mbind[0m[2m=[0m[::]:0 [3mlocal[0m[2m=[0m[::]:52449 [3mdual_stack[0m[2m=[0mtrue
ok 1 - setup-only
  ---
  duration_ms: 542
  connection_id: a15780c7e236e01e3b670a7a5344ef11
  ...
[2m2026-09-15T00:52:03.163880Z[0m [32m INFO[0m [2mmoq_test_client::scenarios[0m[2m:[0m SETUP exchange completed successfully
[2m2026-09-15T00:52:03.164979Z[0m [32m INFO[0m [2mmoq_native_ietf::quic[0m[2m:[0m UDP socket bound [3mbind[0m[2m=[0m[::]:0 [3mlocal[0m[2m=[0m[::]:41759 [3mdual_stack[0m[2m=[0mtrue
[2m2026-09-15T00:52:03.714276Z[0m [32m INFO[0m [2mmoq_test_client::scenarios[0m[2m:[0m Sending PUBLISH_NAMESPACE for: moq-test/interop
[2m2026-09-15T00:52:05.714659Z[0m [32m INFO[0m [2mmoq_test_client::scenarios[0m[2m:[0m PUBLISH_NAMESPACE succeeded (REQUEST_OK received, waiting for subscribers)
ok 2 - publish-namespace-only
  ---
  duration_ms: 2550
  connection_id: 0c71ddf9e03c8bf7476c81fde9fee4e2
  ...
[2m2026-09-15T00:52:05.715761Z[0m [32m INFO[0m [2mmoq_native_ietf::quic[0m[2m:[0m UDP socket bound [3mbind[0m[2m=[0m[::]:0 [3mlocal[0m[2m=[0m[::]:49357 [3mdual_stack[0m[2m=[0mtrue
[2m2026-09-15T00:52:06.240540Z[0m [32m INFO[0m [2mmoq_test_client::scenarios[0m[2m:[0m Subscribing to non-existent track: nonexistent/namespace/test-track
[2m2026-09-15T00:52:06.408855Z[0m [33m WARN[0m [2mmoq_transport::serve::error[0m[2m:[0m [905a81c8-bf62-423e-b8a5-21cb9d688401] Not found: Track /nonexistent/namespace/test-track does not exist at moq-transport/src/session/subscriber.rs:1653
[2m2026-09-15T00:52:06.408956Z[0m [32m INFO[0m [2mmoq_test_client::scenarios[0m[2m:[0m Got expected 'not found' error: not found: Track not found [error:905a81c8-bf62-423e-b8a5-21cb9d688401]
ok 3 - subscribe-error
  ---
  duration_ms: 694
  connection_id: d10a2caf776c9c3f5a8cdcda27338d86
  ...
[2m2026-09-15T00:52:06.409956Z[0m [32m INFO[0m [2mmoq_native_ietf::quic[0m[2m:[0m UDP socket bound [3mbind[0m[2m=[0m[::]:0 [3mlocal[0m[2m=[0m[::]:54452 [3mdual_stack[0m[2m=[0mtrue
[2m2026-09-15T00:52:06.958480Z[0m [32m INFO[0m [2mmoq_native_ietf::quic[0m[2m:[0m UDP socket bound [3mbind[0m[2m=[0m[::]:0 [3mlocal[0m[2m=[0m[::]:56622 [3mdual_stack[0m[2m=[0mtrue
[2m2026-09-15T00:52:08.508097Z[0m [32m INFO[0m [2mmoq_test_client::scenarios[0m[2m:[0m Publisher sending PUBLISH_NAMESPACE: moq-test/interop
[2m2026-09-15T00:52:08.508120Z[0m [32m INFO[0m [2mmoq_test_client::scenarios[0m[2m:[0m Subscriber subscribing to track: moq-test/interop/test-track
[2m2026-09-15T00:52:11.509616Z[0m [32m INFO[0m [2mmoq_test_client::scenarios[0m[2m:[0m Test timeout reached - subscription routing may still be in progress
ok 4 - publish-namespace-subscribe
  ---
  duration_ms: 5100
  publisher_connection_id: 605a51841e476af819b6b0750a704036
  subscriber_connection_id: 5d8d27e41e1233aaac2d1402f20fde03
  ...
[2m2026-09-15T00:52:11.510687Z[0m [32m INFO[0m [2mmoq_native_ietf::quic[0m[2m:[0m UDP socket bound [3mbind[0m[2m=[0m[::]:0 [3mlocal[0m[2m=[0m[::]:36638 [3mdual_stack[0m[2m=[0mtrue
[2m2026-09-15T00:52:12.202817Z[0m [32m INFO[0m [2mmoq_test_client::scenarios[0m[2m:[0m Subscriber subscribing BEFORE PUBLISH_NAMESPACE: moq-test/interop/test-track
[2m2026-09-15T00:52:12.377783Z[0m [33m WARN[0m [2mmoq_transport::serve::error[0m[2m:[0m [0f2d278b-303a-4efb-9d9d-6de44a3acb4c] Not found: Track /moq-test/interop/test-track does not exist at moq-transport/src/session/subscriber.rs:1653
[2m2026-09-15T00:52:12.704816Z[0m [32m INFO[0m [2mmoq_native_ietf::quic[0m[2m:[0m UDP socket bound [3mbind[0m[2m=[0m[::]:0 [3mlocal[0m[2m=[0m[::]:43575 [3mdual_stack[0m[2m=[0mtrue
[2m2026-09-15T00:52:13.247834Z[0m [32m INFO[0m [2mmoq_test_client::scenarios[0m[2m:[0m Publisher sending PUBLISH_NAMESPACE (after subscriber): moq-test/interop
[2m2026-09-15T00:52:16.248787Z[0m [32m INFO[0m [2mmoq_test_client::scenarios[0m[2m:[0m Publisher PUBLISH_NAMESPACE timeout (expected)
[2m2026-09-15T00:52:16.248813Z[0m [32m INFO[0m [2mmoq_test_client::scenarios[0m[2m:[0m Subscriber got error: not found: Track not found [error:0f2d278b-303a-4efb-9d9d-6de44a3acb4c] (may be expected)
ok 5 - subscribe-before-publish-namespace
  ---
  duration_ms: 4739
  subscriber_connection_id: 83ea650a2562b68ba27bbae957783e2b
  publisher_connection_id: 6b7e45102cff944e3d30abd7145b5be5
  ...
[2m2026-09-15T00:52:16.249902Z[0m [32m INFO[0m [2mmoq_native_ietf::quic[0m[2m:[0m UDP socket bound [3mbind[0m[2m=[0m[::]:0 [3mlocal[0m[2m=[0m[::]:53089 [3mdual_stack[0m[2m=[0mtrue
[2m2026-09-15T00:52:16.788094Z[0m [32m INFO[0m [2mmoq_test_client::scenarios[0m[2m:[0m Sending PUBLISH_NAMESPACE: moq-test/interop
[2m2026-09-15T00:52:18.789013Z[0m [32m INFO[0m [2mmoq_test_client::scenarios[0m[2m:[0m PUBLISH_NAMESPACE active; sending PUBLISH_NAMESPACE_DONE
[2m2026-09-15T00:52:18.890423Z[0m [32m INFO[0m [2mmoq_test_client::scenarios[0m[2m:[0m PUBLISH_NAMESPACE_DONE sent successfully
ok 6 - publish-namespace-done
  ---
  duration_ms: 2641
  connection_id: 367f81d400107f5da8843957df04ade6
  ...
[2m2026-09-15T00:52:18.891411Z[0m [32m INFO[0m [2mmoq_native_ietf::quic[0m[2m:[0m UDP socket bound [3mbind[0m[2m=[0m[::]:0 [3mlocal[0m[2m=[0m[::]:55913 [3mdual_stack[0m[2m=[0mtrue
[2m2026-09-15T00:52:19.413821Z[0m [32m INFO[0m [2mmoq_test_client::scenarios[0m[2m:[0m Publisher sending direct PUBLISH [3mnamespace[0m[2m=[0m/moq-test/publish [3mtrack[0m[2m=[0m"published-track"
[2m2026-09-15T00:52:19.586564Z[0m [32m INFO[0m [2mmoq_test_client::scenarios[0m[2m:[0m PUBLISH accepted [3mnamespace[0m[2m=[0m/moq-test/publish [3mtrack[0m[2m=[0m"published-track"
[2m2026-09-15T00:52:19.586671Z[0m [32m INFO[0m [2mmoq_test_client::scenarios[0m[2m:[0m PUBLISH completed [3mnamespace[0m[2m=[0m/moq-test/publish [3mtrack[0m[2m=[0m"published-track"
ok 7 - publish-track-only
  ---
  duration_ms: 696
  connection_id: 47f29bdb7ecb30f4b002a1c2b09ae24f
  ...
[2m2026-09-15T00:52:19.587730Z[0m [32m INFO[0m [2mmoq_native_ietf::quic[0m[2m:[0m UDP socket bound [3mbind[0m[2m=[0m[::]:0 [3mlocal[0m[2m=[0m[::]:48919 [3mdual_stack[0m[2m=[0mtrue
[2m2026-09-15T00:52:20.096666Z[0m [32m INFO[0m [2mmoq_native_ietf::quic[0m[2m:[0m UDP socket bound [3mbind[0m[2m=[0m[::]:0 [3mlocal[0m[2m=[0m[::]:59118 [3mdual_stack[0m[2m=[0mtrue
[2m2026-09-15T00:52:20.630205Z[0m [32m INFO[0m [2mmoq_test_client::scenarios[0m[2m:[0m Publisher sending direct PUBLISH before subscriber subscribes [3mnamespace[0m[2m=[0m/moq-test/publish [3mtrack[0m[2m=[0m"published-track"
[2m2026-09-15T00:52:20.799482Z[0m [32m INFO[0m [2mmoq_test_client::scenarios[0m[2m:[0m PUBLISH accepted; starting subscriber [3mnamespace[0m[2m=[0m/moq-test/publish [3mtrack[0m[2m=[0m"published-track"
[2m2026-09-15T00:52:26.068824Z[0m [33m WARN[0m [2mmoq_transport::session::subscriber[0m[2m:[0m PUBLISH_DONE Stream Count was never reached; ending subscription on timer [3mrequest_id[0m[2m=[0m0 [3mtimeout_ms[0m[2m=[0m5000
not ok 8 - publish-track-subscribe
  ---
  duration_ms: 6482
  message: "subscriber track mode failed: closed, code=2"
  ...
[2m2026-09-15T00:52:26.069987Z[0m [32m INFO[0m [2mmoq_native_ietf::quic[0m[2m:[0m UDP socket bound [3mbind[0m[2m=[0m[::]:0 [3mlocal[0m[2m=[0m[::]:53343 [3mdual_stack[0m[2m=[0mtrue
[2m2026-09-15T00:52:26.589905Z[0m [32m INFO[0m [2mmoq_test_client::scenarios[0m[2m:[0m Subscribing with RENDEZVOUS_TIMEOUT to a track with no publisher [3mtimeout_ms[0m[2m=[0m500
[2m2026-09-15T00:52:27.260349Z[0m [32m INFO[0m [2mmoq_test_client::scenarios[0m[2m:[0m Received expected REQUEST_ERROR TIMEOUT
ok 9 - rendezvous-timeout
  ---
  duration_ms: 1191
  connection_id: 36e817164bfc2cf542032946ed54adbe
  ...
[2m2026-09-15T00:52:27.261379Z[0m [32m INFO[0m [2mmoq_native_ietf::quic[0m[2m:[0m UDP socket bound [3mbind[0m[2m=[0m[::]:0 [3mlocal[0m[2m=[0m[::]:55116 [3mdual_stack[0m[2m=[0mtrue
[2m2026-09-15T00:52:27.973575Z[0m [32m INFO[0m [2mmoq_native_ietf::quic[0m[2m:[0m UDP socket bound [3mbind[0m[2m=[0m[::]:0 [3mlocal[0m[2m=[0m[::]:55756 [3mdual_stack[0m[2m=[0mtrue
[2m2026-09-15T00:52:28.646867Z[0m [32m INFO[0m [2mmoq_test_client::moqtest[0m[2m:[0m PUBLISH accepted and subscription bound; generating objects [3mobjects[0m[2m=[0m15 [3mstreams[0m[2m=[0m3
[2m2026-09-15T00:52:28.694119Z[0m [32m INFO[0m [2mmoq_test_client::moqtest[0m[2m:[0m PUBLISH completed
ok 10 - moq-test-subgroup-per-group
  ---
  duration_ms: 1600
  subscriber_connection_id: 4c14ae8f441befc26d460ac7bd89aae7
  publisher_connection_id: db3667e8d09b1fc0f755bc8d4c93d701
  ...
[2m2026-09-15T00:52:28.860840Z[0m [32m INFO[0m [2mmoq_test_client[0m[2m:[0m moq-test passed: objects 15/15, eog 0/0, streams 3, publish_done status=2 stream_count=3 reason=ReasonPhrase("publish ended")
[2m2026-09-15T00:52:28.861695Z[0m [32m INFO[0m [2mmoq_native_ietf::quic[0m[2m:[0m UDP socket bound [3mbind[0m[2m=[0m[::]:0 [3mlocal[0m[2m=[0m[::]:60657 [3mdual_stack[0m[2m=[0mtrue
[2m2026-09-15T00:52:29.742060Z[0m [32m INFO[0m [2mmoq_native_ietf::quic[0m[2m:[0m UDP socket bound [3mbind[0m[2m=[0m[::]:0 [3mlocal[0m[2m=[0m[::]:40264 [3mdual_stack[0m[2m=[0mtrue
[2m2026-09-15T00:52:30.427895Z[0m [32m INFO[0m [2mmoq_test_client::moqtest[0m[2m:[0m PUBLISH accepted and subscription bound; generating objects [3mobjects[0m[2m=[0m15 [3mstreams[0m[2m=[0m3
[2m2026-09-15T00:52:30.484719Z[0m [32m INFO[0m [2mmoq_test_client::moqtest[0m[2m:[0m PUBLISH completed
[2m2026-09-15T00:52:30.653115Z[0m [32m INFO[0m [2mmoq_test_client[0m[2m:[0m moq-test passed: objects 15/15, eog 3/3, streams 3, publish_done status=2 stream_count=3 reason=ReasonPhrase("publish ended")
ok 11 - moq-test-subgroup-per-group-eog
  ---
  duration_ms: 1792
  subscriber_connection_id: 84a62465eb4420aa82c40379a0a0606f
  publisher_connection_id: 9c26585e6762b6bc26f97e59f5d7bc4e
  ...
[2m2026-09-15T00:52:30.654172Z[0m [32m INFO[0m [2mmoq_native_ietf::quic[0m[2m:[0m UDP socket bound [3mbind[0m[2m=[0m[::]:0 [3mlocal[0m[2m=[0m[::]:45874 [3mdual_stack[0m[2m=[0mtrue
[2m2026-09-15T00:52:31.359939Z[0m [32m INFO[0m [2mmoq_native_ietf::quic[0m[2m:[0m UDP socket bound [3mbind[0m[2m=[0m[::]:0 [3mlocal[0m[2m=[0m[::]:52838 [3mdual_stack[0m[2m=[0mtrue
[2m2026-09-15T00:52:32.050668Z[0m [32m INFO[0m [2mmoq_test_client::moqtest[0m[2m:[0m PUBLISH accepted and subscription bound; generating objects [3mobjects[0m[2m=[0m8 [3mstreams[0m[2m=[0m8
[2m2026-09-15T00:52:32.075643Z[0m [32m INFO[0m [2mmoq_test_client::moqtest[0m[2m:[0m PUBLISH completed
[2m2026-09-15T00:52:32.244006Z[0m [32m INFO[0m [2mmoq_test_client[0m[2m:[0m moq-test passed: objects 8/8, eog 0/0, streams 8, publish_done status=2 stream_count=8 reason=ReasonPhrase("publish ended")
ok 12 - moq-test-subgroup-per-object
  ---
  duration_ms: 1590
  subscriber_connection_id: ce79e4c52b44c1ef4a1dda21384499b7
  publisher_connection_id: 4debabed08c3ece528feb4c7f9675bc5
  ...
[2m2026-09-15T00:52:32.245075Z[0m [32m INFO[0m [2mmoq_native_ietf::quic[0m[2m:[0m UDP socket bound [3mbind[0m[2m=[0m[::]:0 [3mlocal[0m[2m=[0m[::]:45798 [3mdual_stack[0m[2m=[0mtrue
[2m2026-09-15T00:52:32.965202Z[0m [32m INFO[0m [2mmoq_native_ietf::quic[0m[2m:[0m UDP socket bound [3mbind[0m[2m=[0m[::]:0 [3mlocal[0m[2m=[0m[::]:39808 [3mdual_stack[0m[2m=[0mtrue
[2m2026-09-15T00:52:33.649976Z[0m [32m INFO[0m [2mmoq_test_client::moqtest[0m[2m:[0m PUBLISH accepted and subscription bound; generating objects [3mobjects[0m[2m=[0m18 [3mstreams[0m[2m=[0m6
[2m2026-09-15T00:52:33.716927Z[0m [32m INFO[0m [2mmoq_test_client::moqtest[0m[2m:[0m PUBLISH completed
[2m2026-09-15T00:52:33.883747Z[0m [32m INFO[0m [2mmoq_test_client[0m[2m:[0m moq-test passed: objects 18/18, eog 3/3, streams 6, publish_done status=2 stream_count=6 reason=ReasonPhrase("publish ended")
ok 13 - moq-test-two-subgroups-eog
  ---
  duration_ms: 1639
  subscriber_connection_id: 1bade6fa0c310ee84510c101bc1a8885
  publisher_connection_id: 188e20bb80ea6ccc9f627ee66f96eb02
  ...
[2m2026-09-15T00:52:33.884753Z[0m [32m INFO[0m [2mmoq_native_ietf::quic[0m[2m:[0m UDP socket bound [3mbind[0m[2m=[0m[::]:0 [3mlocal[0m[2m=[0m[::]:35179 [3mdual_stack[0m[2m=[0mtrue
[2m2026-09-15T00:52:34.617319Z[0m [32m INFO[0m [2mmoq_native_ietf::quic[0m[2m:[0m UDP socket bound [3mbind[0m[2m=[0m[::]:0 [3mlocal[0m[2m=[0m[::]:54708 [3mdual_stack[0m[2m=[0mtrue
[2m2026-09-15T00:52:35.495830Z[0m [32m INFO[0m [2mmoq_test_client::moqtest[0m[2m:[0m PUBLISH accepted and subscription bound; generating objects [3mobjects[0m[2m=[0m15 [3mstreams[0m[2m=[0m0
[2m2026-09-15T00:52:35.813222Z[0m [32m INFO[0m [2mmoq_test_client::moqtest[0m[2m:[0m PUBLISH completed
[2m2026-09-15T00:52:35.979957Z[0m [32m INFO[0m [2mmoq_test_client[0m[2m:[0m moq-test passed: objects 15/15, eog 0/0, streams 0, publish_done status=2 stream_count=0 reason=ReasonPhrase("publish ended")
ok 14 - moq-test-datagram
  ---
  duration_ms: 2096
  subscriber_connection_id: 9f63a86efb2a29de085c68b404e49a1f
  publisher_connection_id: 72c903bbd5cea9b0844a0ced381a7cf5
  ...
[2m2026-09-15T00:52:35.981132Z[0m [32m INFO[0m [2mmoq_native_ietf::quic[0m[2m:[0m UDP socket bound [3mbind[0m[2m=[0m[::]:0 [3mlocal[0m[2m=[0m[::]:37596 [3mdual_stack[0m[2m=[0mtrue
[2m2026-09-15T00:52:36.721337Z[0m [32m INFO[0m [2mmoq_native_ietf::quic[0m[2m:[0m UDP socket bound [3mbind[0m[2m=[0m[::]:0 [3mlocal[0m[2m=[0m[::]:33007 [3mdual_stack[0m[2m=[0mtrue
[2m2026-09-15T00:52:37.414691Z[0m [32m INFO[0m [2mmoq_test_client::moqtest[0m[2m:[0m PUBLISH accepted and subscription bound; generating objects [3mobjects[0m[2m=[0m15 [3mstreams[0m[2m=[0m0
[2m2026-09-15T00:52:37.794621Z[0m [32m INFO[0m [2mmoq_test_client::moqtest[0m[2m:[0m PUBLISH completed
[2m2026-09-15T00:52:37.963621Z[0m [32m INFO[0m [2mmoq_test_client[0m[2m:[0m moq-test passed: objects 15/15, eog 3/3, streams 0, publish_done status=2 stream_count=0 reason=ReasonPhrase("publish ended")
ok 15 - moq-test-datagram-eog
  ---
  duration_ms: 1983
  subscriber_connection_id: 1054648dfa4f596c8c367bd55b590cf5
  publisher_connection_id: c842aad50c253d3bad404d5c2cebd1fe
  ...
[2m2026-09-15T00:52:37.964565Z[0m [32m INFO[0m [2mmoq_native_ietf::quic[0m[2m:[0m UDP socket bound [3mbind[0m[2m=[0m[::]:0 [3mlocal[0m[2m=[0m[::]:47617 [3mdual_stack[0m[2m=[0mtrue
[2m2026-09-15T00:52:38.688017Z[0m [32m INFO[0m [2mmoq_native_ietf::quic[0m[2m:[0m UDP socket bound [3mbind[0m[2m=[0m[::]:0 [3mlocal[0m[2m=[0m[::]:42264 [3mdual_stack[0m[2m=[0mtrue
[2m2026-09-15T00:52:39.376408Z[0m [32m INFO[0m [2mmoq_test_client::moqtest[0m[2m:[0m PUBLISH accepted and subscription bound; generating objects [3mobjects[0m[2m=[0m15 [3mstreams[0m[2m=[0m3
[2m2026-09-15T00:52:39.434074Z[0m [32m INFO[0m [2mmoq_test_client::moqtest[0m[2m:[0m PUBLISH completed
[2m2026-09-15T00:52:39.602527Z[0m [32m INFO[0m [2mmoq_test_client[0m[2m:[0m moq-test passed: objects 15/15, eog 3/3, streams 3, publish_done status=2 stream_count=3 reason=ReasonPhrase("publish ended")
ok 16 - moq-test-extensions
  ---
  duration_ms: 1638
  subscriber_connection_id: e175e4c0ccc9c9b69761fbe95dedfe9e
  publisher_connection_id: 2bcf5bd17a8022c943145144d789af07
  ...
[2m2026-09-15T00:52:39.603487Z[0m [32m INFO[0m [2mmoq_native_ietf::quic[0m[2m:[0m UDP socket bound [3mbind[0m[2m=[0m[::]:0 [3mlocal[0m[2m=[0m[::]:40847 [3mdual_stack[0m[2m=[0mtrue
[2m2026-09-15T00:52:40.517890Z[0m [32m INFO[0m [2mmoq_native_ietf::quic[0m[2m:[0m UDP socket bound [3mbind[0m[2m=[0m[::]:0 [3mlocal[0m[2m=[0m[::]:38443 [3mdual_stack[0m[2m=[0mtrue
[2m2026-09-15T00:52:41.217107Z[0m [32m INFO[0m [2mmoq_test_client::moqtest[0m[2m:[0m PUBLISH accepted and subscription bound; generating objects [3mobjects[0m[2m=[0m9 [3mstreams[0m[2m=[0m3
[2m2026-09-15T00:52:41.244989Z[0m [32m INFO[0m [2mmoq_test_client::moqtest[0m[2m:[0m PUBLISH completed
[2m2026-09-15T00:52:41.411751Z[0m [32m INFO[0m [2mmoq_test_client[0m[2m:[0m moq-test passed: objects 9/9, eog 0/0, streams 3, publish_done status=2 stream_count=3 reason=ReasonPhrase("publish ended")
ok 17 - moq-test-increments
  ---
  duration_ms: 1809
  subscriber_connection_id: 783f17e9fc6ef90aea80df04f2d74e26
  publisher_connection_id: a7f16ed7130085f74c82462b555d3f53
  ...
[2m2026-09-15T00:52:41.412702Z[0m [32m INFO[0m [2mmoq_native_ietf::quic[0m[2m:[0m UDP socket bound [3mbind[0m[2m=[0m[::]:0 [3mlocal[0m[2m=[0m[::]:47674 [3mdual_stack[0m[2m=[0mtrue
[2m2026-09-15T00:52:42.126732Z[0m [32m INFO[0m [2mmoq_native_ietf::quic[0m[2m:[0m UDP socket bound [3mbind[0m[2m=[0m[::]:0 [3mlocal[0m[2m=[0m[::]:37158 [3mdual_stack[0m[2m=[0mtrue
[2m2026-09-15T00:52:42.816205Z[0m [32m INFO[0m [2mmoq_test_client::moqtest[0m[2m:[0m PUBLISH accepted and subscription bound; generating objects [3mobjects[0m[2m=[0m6 [3mstreams[0m[2m=[0m2
[2m2026-09-15T00:52:42.835453Z[0m [32m INFO[0m [2mmoq_test_client::moqtest[0m[2m:[0m PUBLISH completed
[2m2026-09-15T00:52:48.005598Z[0m [33m WARN[0m [2mmoq_transport::session::subscriber[0m[2m:[0m PUBLISH_DONE Stream Count was never reached; ending subscription on timer [3mrequest_id[0m[2m=[0m0 [3mtimeout_ms[0m[2m=[0m5000
not ok 18 - moq-test-forward-zero
  ---
  duration_ms: 6594
  message: "moq-test verification failed: PUBLISH_DONE stream count 2 != expected 0"
  ...
make[1]: *** [Makefile:122: test-external] Error 1
make[1]: Leaving directory '/home/runner/work/moq-interop-runner/moq-interop-runner/main'
