make[1]: Entering directory '/home/runner/work/moq-interop-runner/moq-interop-runner/main'
Running tests against moqt://moqt.nokiaresearch.com:4443/moq...
  Client: ghcr.io/openmoq/moq5-interop-client:latest
docker run --rm \
	 \
	--network host \
	-e RELAY_URL=moqt://moqt.nokiaresearch.com:4443/moq \
	-e TLS_DISABLE_VERIFY=false \
	ghcr.io/openmoq/moq5-interop-client:latest
TAP version 14
1..6
# request: backend=auto wt-profile=n/a draft=auto
ok 1 - setup-only
  ---
  duration_ms: 584
  ...
ok 2 - announce-only
  ---
  duration_ms: 721
  ...
ok 3 - publish-namespace-done
  ---
  duration_ms: 746
  ...
ok 4 - subscribe-error
  ---
  duration_ms: 732
  ...
ok 5 - announce-subscribe
  ---
  duration_ms: 2048
  ...
ok 6 - subscribe-before-announce
  ---
  duration_ms: 1860
  ...
make[1]: Leaving directory '/home/runner/work/moq-interop-runner/moq-interop-runner/main'
