make[1]: Entering directory '/home/runner/work/moq-interop-runner/moq-interop-runner/main'
Running tests against https://draft-18-interop.cloudflare.mediaoverquic.com:443/moq...
  Client: ghcr.io/facebookexperimental/moxygen-interop-client:latest-amd64
docker run --rm \
	 \
	--network host \
	-e RELAY_URL=https://draft-18-interop.cloudflare.mediaoverquic.com:443/moq \
	-e TLS_DISABLE_VERIFY=false \
	ghcr.io/facebookexperimental/moxygen-interop-client:latest-amd64
TAP version 14
# moxygen interop test client
# Relay: https://draft-18-interop.cloudflare.mediaoverquic.com:443/moq
# Transport: WebTransport
# Offered ALPNs: moqt-18, moqt-16, moqt-15, moq-00
1..6
ok 1 - setup-only
  ---
  duration_ms: 102
  negotiated_version: draft-18
  info: SETUP exchange completed successfully
  ...
E0915 01:07:58.531953     1 MoQRelaySession.cpp:1116] PublishNamespaceDone for unknown publishNamespace, sess=0x55c089ab2f50
ok 2 - announce-only
  ---
  duration_ms: 88
  negotiated_version: draft-18
  info: PUBLISH_NAMESPACE completed successfully
  ...
E0915 01:07:58.635440     1 MoQSession.cpp:5068] No matching subscribe ID=0 sess=0x55c089aab060
ok 3 - subscribe-error
  ---
  duration_ms: 103
  negotiated_version: draft-18
  info: Subscribe correctly returned error: peer FINed without terminal reply
  ...
E20260915 01:07:58.637763     1 HQControlCodec.h:58] Unexpected control stream EOF
E20260915 01:07:58.638705     1 HQSession.cpp:3158] Got error on control stream error=HTTP: Critical stream was closed streamID=3 sess=proto=h3, client CID=, server CID=81a8ea2087c599b0, local=10.1.0.66:53806, 8.228.3.228:443=upstream, drain=done
E0915 01:07:58.783388     1 MoQSession.cpp:5068] No matching subscribe ID=0 sess=0x55c089ae7170
not ok 4 - announce-subscribe
  ---
  duration_ms: 147
  negotiated_version: draft-18
  error: Subscribe failed: peer FINed without terminal reply
  ...
ok 5 - publish-namespace-done
  ---
  duration_ms: 75
  negotiated_version: draft-18
  info: PUBLISH_NAMESPACE_OK received, PUBLISH_NAMESPACE_DONE sent
  ...
E0915 01:07:58.926453     1 MoQSession.cpp:5068] No matching subscribe ID=0 sess=0x55c089aec6f0
E20260915 01:07:58.926731     1 HQControlCodec.h:58] Unexpected control stream EOF
E20260915 01:07:58.926767     1 HQSession.cpp:3158] Got error on control stream error=HTTP: Critical stream was closed streamID=3 sess=proto=h3, client CID=, server CID=2ab3406e4dcb2d72, local=10.1.0.66:43228, 8.228.3.228:443=upstream, drain=done
ok 6 - subscribe-before-announce
  ---
  duration_ms: 649
  negotiated_version: draft-18
  info: Subscribe returned error (relay doesn't buffer pending subscriptions): peer FINed without terminal reply
  ...
make[1]: *** [Makefile:122: test-external] Error 1
make[1]: Leaving directory '/home/runner/work/moq-interop-runner/moq-interop-runner/main'
