make[1]: Entering directory '/home/runner/work/moq-interop-runner/moq-interop-runner/main'
Running tests against moqt://draft-18-interop.cloudflare.mediaoverquic.com:443...
  Client: ghcr.io/englishm/moq-interop-runner-moq-test-client-draft-18:latest
docker run --rm \
	 \
	--network host \
	-e RELAY_URL=moqt://draft-18-interop.cloudflare.mediaoverquic.com:443 \
	-e TLS_DISABLE_VERIFY=false \
	ghcr.io/englishm/moq-interop-runner-moq-test-client-draft-18:latest
TAP version 14
# moq-test-client v0.1.10
# Relay: moqt://draft-18-interop.cloudflare.mediaoverquic.com:443
1..6
[2m2026-08-27T14:34:21.609924Z[0m [32m INFO[0m [2mmoq_native_ietf::quic[0m[2m:[0m UDP socket bound [3mbind[0m[2m=[0m[::]:0 [3mlocal[0m[2m=[0m[::]:53760 [3mdual_stack[0m[2m=[0mtrue
[2m2026-08-27T14:34:21.762268Z[0m [32m INFO[0m [2mmoq_test_client::scenarios[0m[2m:[0m SETUP exchange completed successfully
ok 1 - setup-only
  ---
  duration_ms: 153
  connection_id: 4a8dbbacf0d2a46434f096f7ed062d14
  ...
[2m2026-08-27T14:34:21.763189Z[0m [32m INFO[0m [2mmoq_native_ietf::quic[0m[2m:[0m UDP socket bound [3mbind[0m[2m=[0m[::]:0 [3mlocal[0m[2m=[0m[::]:58775 [3mdual_stack[0m[2m=[0mtrue
[2m2026-08-27T14:34:21.934398Z[0m [32m INFO[0m [2mmoq_test_client::scenarios[0m[2m:[0m Sending PUBLISH_NAMESPACE for: moq-test/interop
[2m2026-08-27T14:34:23.935629Z[0m [32m INFO[0m [2mmoq_test_client::scenarios[0m[2m:[0m PUBLISH_NAMESPACE succeeded (REQUEST_OK received, waiting for subscribers)
ok 2 - publish-namespace-only
  ---
  duration_ms: 2173
  connection_id: cd607fa260b383596c2548d9585cbbbe
  ...
[2m2026-08-27T14:34:23.936490Z[0m [32m INFO[0m [2mmoq_native_ietf::quic[0m[2m:[0m UDP socket bound [3mbind[0m[2m=[0m[::]:0 [3mlocal[0m[2m=[0m[::]:53113 [3mdual_stack[0m[2m=[0mtrue
[2m2026-08-27T14:34:24.240715Z[0m [32m INFO[0m [2mmoq_test_client::scenarios[0m[2m:[0m Subscribing to non-existent track: nonexistent/namespace/test-track
[2m2026-08-27T14:34:24.292961Z[0m [33m WARN[0m [2mmoq_transport::serve::error[0m[2m:[0m [659b1ae0-bf48-4ad7-ae6d-b604db87bef5] Not found: not found: Track not found [error:5f1e96b2-3203-49d7-83b8-69b2dc3c97ce] at moq-transport/src/session/subscriber.rs:483
[2m2026-08-27T14:34:24.293035Z[0m [32m INFO[0m [2mmoq_test_client::scenarios[0m[2m:[0m Got expected 'not found' error: not found: Track not found [error:659b1ae0-bf48-4ad7-ae6d-b604db87bef5]
ok 3 - subscribe-error
  ---
  duration_ms: 357
  connection_id: 95d253b54d1bfde93fcf23f922ea8cce
  ...
[2m2026-08-27T14:34:24.294028Z[0m [32m INFO[0m [2mmoq_native_ietf::quic[0m[2m:[0m UDP socket bound [3mbind[0m[2m=[0m[::]:0 [3mlocal[0m[2m=[0m[::]:39211 [3mdual_stack[0m[2m=[0mtrue
[2m2026-08-27T14:34:24.463187Z[0m [32m INFO[0m [2mmoq_native_ietf::quic[0m[2m:[0m UDP socket bound [3mbind[0m[2m=[0m[::]:0 [3mlocal[0m[2m=[0m[::]:44416 [3mdual_stack[0m[2m=[0mtrue
[2m2026-08-27T14:34:24.600546Z[0m [32m INFO[0m [2mmoq_test_client::scenarios[0m[2m:[0m Publisher sending PUBLISH_NAMESPACE: moq-test/interop
[2m2026-08-27T14:34:24.600573Z[0m [32m INFO[0m [2mmoq_test_client::scenarios[0m[2m:[0m Subscriber subscribing to track: moq-test/interop/test-track
[2m2026-08-27T14:34:24.645352Z[0m [33m WARN[0m [2mmoq_transport::serve::error[0m[2m:[0m [08bc771a-91a3-4b62-a012-7cde8404cc26] Not found: not found: Track not found [error:43385862-67f4-437f-85e1-cdb37b108de2] at moq-transport/src/session/subscriber.rs:483
[2m2026-08-27T14:34:24.645443Z[0m [32m INFO[0m [2mmoq_test_client::scenarios[0m[2m:[0m Subscriber got error: not found: Track not found [error:08bc771a-91a3-4b62-a012-7cde8404cc26] - subscription was processed
ok 4 - publish-namespace-subscribe
  ---
  duration_ms: 352
  publisher_connection_id: adeb406de53f9418b04122fe6455031a
  subscriber_connection_id: a30ec74e8692f467610c5561402bd513
  ...
[2m2026-08-27T14:34:24.646533Z[0m [32m INFO[0m [2mmoq_native_ietf::quic[0m[2m:[0m UDP socket bound [3mbind[0m[2m=[0m[::]:0 [3mlocal[0m[2m=[0m[::]:50091 [3mdual_stack[0m[2m=[0mtrue
[2m2026-08-27T14:34:24.834524Z[0m [32m INFO[0m [2mmoq_test_client::scenarios[0m[2m:[0m Subscriber subscribing BEFORE PUBLISH_NAMESPACE: moq-test/interop/test-track
[2m2026-08-27T14:34:24.889105Z[0m [33m WARN[0m [2mmoq_transport::serve::error[0m[2m:[0m [47babc3a-3dc5-42a9-9d4e-df5f389f74fb] Not found: not found: Track not found [error:458384b7-ade2-4b99-976c-c1e92fe3893c] at moq-transport/src/session/subscriber.rs:483
[2m2026-08-27T14:34:25.336912Z[0m [32m INFO[0m [2mmoq_native_ietf::quic[0m[2m:[0m UDP socket bound [3mbind[0m[2m=[0m[::]:0 [3mlocal[0m[2m=[0m[::]:58058 [3mdual_stack[0m[2m=[0mtrue
[2m2026-08-27T14:34:25.538090Z[0m [32m INFO[0m [2mmoq_test_client::scenarios[0m[2m:[0m Publisher sending PUBLISH_NAMESPACE (after subscriber): moq-test/interop
[2m2026-08-27T14:34:28.538953Z[0m [32m INFO[0m [2mmoq_test_client::scenarios[0m[2m:[0m Publisher PUBLISH_NAMESPACE timeout (expected)
[2m2026-08-27T14:34:28.538983Z[0m [32m INFO[0m [2mmoq_test_client::scenarios[0m[2m:[0m Subscriber got error: not found: Track not found [error:47babc3a-3dc5-42a9-9d4e-df5f389f74fb] (may be expected)
ok 5 - subscribe-before-publish-namespace
  ---
  duration_ms: 3893
  subscriber_connection_id: 304edce95b405f97897fae12316d4a14
  publisher_connection_id: 13fa3d5d4e7f6c8f4d22401dbc3d2bdb
  ...
[2m2026-08-27T14:34:28.539938Z[0m [32m INFO[0m [2mmoq_native_ietf::quic[0m[2m:[0m UDP socket bound [3mbind[0m[2m=[0m[::]:0 [3mlocal[0m[2m=[0m[::]:60925 [3mdual_stack[0m[2m=[0mtrue
[2m2026-08-27T14:34:28.702091Z[0m [32m INFO[0m [2mmoq_test_client::scenarios[0m[2m:[0m Sending PUBLISH_NAMESPACE: moq-test/interop
[2m2026-08-27T14:34:30.703908Z[0m [32m INFO[0m [2mmoq_test_client::scenarios[0m[2m:[0m PUBLISH_NAMESPACE active; sending PUBLISH_NAMESPACE_DONE
[2m2026-08-27T14:34:30.805480Z[0m [32m INFO[0m [2mmoq_test_client::scenarios[0m[2m:[0m PUBLISH_NAMESPACE_DONE sent successfully
ok 6 - publish-namespace-done
  ---
  duration_ms: 2266
  connection_id: 882b540f1d327b8c6e3336b4873cc619
  ...
make[1]: Leaving directory '/home/runner/work/moq-interop-runner/moq-interop-runner/main'
