make[1]: Entering directory '/home/runner/work/moq-interop-runner/moq-interop-runner/main'
Running tests against https://us-west-2.relay.quicr.org:33437/relay...
  Client: ghcr.io/englishm/moq-interop-runner-moq-test-client-draft-16:latest
docker run --rm \
	 \
	--network host \
	-e RELAY_URL=https://us-west-2.relay.quicr.org:33437/relay \
	-e TLS_DISABLE_VERIFY=1 \
	ghcr.io/englishm/moq-interop-runner-moq-test-client-draft-16:latest
TAP version 14
# moq-test-client v0.1.0
# Relay: https://us-west-2.relay.quicr.org:33437/relay
1..6
ok 1 - setup-only
  ---
  duration_ms: 371
  connection_id: e4288a53b831c8727c653f451548f982
  ...
ok 2 - announce-only
  ---
  duration_ms: 2200
  connection_id: 87b4a3ff350a16360bed4d916641366d
  ...
[2026-08-27T15:06:14Z ERROR moq_transport::session::reader] [READER] decode: ERROR decoding moq_transport::message::Message - InvalidMessage(1) (buffer_len=5)
not ok 3 - subscribe-error
  ---
  duration_ms: 295
  message: "session error: decode error: invalid message: 1: invalid message: 1"
  ...
[2026-08-27T15:06:14Z ERROR moq_transport::session::reader] [READER] decode: ERROR decoding moq_transport::message::Message - InvalidMessage(1) (buffer_len=5)
not ok 4 - announce-subscribe
  ---
  duration_ms: 428
  message: "subscriber session error: decode error: invalid message: 1: invalid message: 1"
  ...
[2026-08-27T15:06:15Z ERROR moq_transport::session::reader] [READER] decode: ERROR decoding moq_transport::message::Message - InvalidMessage(1) (buffer_len=5)
ok 5 - subscribe-before-announce
  ---
  duration_ms: 4380
  subscriber_connection_id: 0c2a6b45f87e0bfc6ee0bda5bf678b1e
  publisher_connection_id: 57563dbe8e12c0a42f65df554b6ba13a
  ...
ok 6 - publish-namespace-done
  ---
  duration_ms: 2554
  connection_id: e80e6aad54504d1b536d2fae32ce3d47
  ...
make[1]: *** [Makefile:122: test-external] Error 1
make[1]: Leaving directory '/home/runner/work/moq-interop-runner/moq-interop-runner/main'
