make[1]: Entering directory '/home/runner/work/moq-interop-runner/moq-interop-runner/main'
Running tests against moqt://lminiero.it:9000...
  Client: ghcr.io/englishm/moq-interop-runner-moq-test-client-draft-18:latest
docker run --rm \
	 \
	--network host \
	-e RELAY_URL=moqt://lminiero.it:9000 \
	-e TLS_DISABLE_VERIFY=false \
	ghcr.io/englishm/moq-interop-runner-moq-test-client-draft-18:latest
TAP version 14
# moq-test-client v0.1.10
# Relay: moqt://lminiero.it:9000
1..6
[2m2026-08-27T14:33:27.284206Z[0m [32m INFO[0m [2mmoq_native_ietf::quic[0m[2m:[0m UDP socket bound [3mbind[0m[2m=[0m[::]:0 [3mlocal[0m[2m=[0m[::]:53394 [3mdual_stack[0m[2m=[0mtrue
[2m2026-08-27T14:33:27.599057Z[0m [32m INFO[0m [2mmoq_test_client::scenarios[0m[2m:[0m SETUP exchange completed successfully
ok 1 - setup-only
  ---
  duration_ms: 315
  connection_id: 7277c1d1f2ed2caabb604f9c06428eb1
  ...
[2m2026-08-27T14:33:27.599927Z[0m [32m INFO[0m [2mmoq_native_ietf::quic[0m[2m:[0m UDP socket bound [3mbind[0m[2m=[0m[::]:0 [3mlocal[0m[2m=[0m[::]:42250 [3mdual_stack[0m[2m=[0mtrue
[2m2026-08-27T14:33:28.150350Z[0m [32m INFO[0m [2mmoq_test_client::scenarios[0m[2m:[0m Sending PUBLISH_NAMESPACE for: moq-test/interop
[2m2026-08-27T14:33:30.152030Z[0m [32m INFO[0m [2mmoq_test_client::scenarios[0m[2m:[0m PUBLISH_NAMESPACE succeeded (REQUEST_OK received, waiting for subscribers)
ok 2 - publish-namespace-only
  ---
  duration_ms: 2553
  connection_id: 3085c3ac86862e4af328dcc75747386d
  ...
[2m2026-08-27T14:33:30.153069Z[0m [32m INFO[0m [2mmoq_native_ietf::quic[0m[2m:[0m UDP socket bound [3mbind[0m[2m=[0m[::]:0 [3mlocal[0m[2m=[0m[::]:33548 [3mdual_stack[0m[2m=[0mtrue
[2m2026-08-27T14:33:30.861764Z[0m [32m INFO[0m [2mmoq_test_client::scenarios[0m[2m:[0m Subscribing to non-existent track: nonexistent/namespace/test-track
[2m2026-08-27T14:33:31.033128Z[0m [33m WARN[0m [2mmoq_transport::serve::error[0m[2m:[0m [e1be5353-92a2-4aa2-ba74-6f16396368c7] Not found: Namespace not found at moq-transport/src/session/subscriber.rs:483
[2m2026-08-27T14:33:31.033155Z[0m [33m WARN[0m [2mmoq_transport::session::reader[0m[2m:[0m [READER] decode: stream ended while waiting for data (have=0 bytes, need=1)
[2m2026-08-27T14:33:31.033203Z[0m [32m INFO[0m [2mmoq_test_client::scenarios[0m[2m:[0m Got expected 'not found' error: not found: Track not found [error:e1be5353-92a2-4aa2-ba74-6f16396368c7]
ok 3 - subscribe-error
  ---
  duration_ms: 880
  connection_id: b9398b576743e6695856f0b8912691fe
  ...
[2m2026-08-27T14:33:31.034070Z[0m [32m INFO[0m [2mmoq_native_ietf::quic[0m[2m:[0m UDP socket bound [3mbind[0m[2m=[0m[::]:0 [3mlocal[0m[2m=[0m[::]:34695 [3mdual_stack[0m[2m=[0mtrue
[2m2026-08-27T14:33:31.592695Z[0m [32m INFO[0m [2mmoq_native_ietf::quic[0m[2m:[0m UDP socket bound [3mbind[0m[2m=[0m[::]:0 [3mlocal[0m[2m=[0m[::]:47635 [3mdual_stack[0m[2m=[0mtrue
[2m2026-08-27T14:33:31.917475Z[0m [32m INFO[0m [2mmoq_test_client::scenarios[0m[2m:[0m Publisher sending PUBLISH_NAMESPACE: moq-test/interop
[2m2026-08-27T14:33:31.917500Z[0m [32m INFO[0m [2mmoq_test_client::scenarios[0m[2m:[0m Subscriber subscribing to track: moq-test/interop/test-track
[2m2026-08-27T14:33:32.079258Z[0m [33m WARN[0m [2mmoq_transport::serve::error[0m[2m:[0m [d24aadc4-6ae1-4efa-992a-7d886efb65dd] Not found: Namespace not found at moq-transport/src/session/subscriber.rs:483
[2m2026-08-27T14:33:32.079285Z[0m [33m WARN[0m [2mmoq_transport::session::reader[0m[2m:[0m [READER] decode: stream ended while waiting for data (have=0 bytes, need=1)
[2m2026-08-27T14:33:32.079466Z[0m [32m INFO[0m [2mmoq_test_client::scenarios[0m[2m:[0m Subscriber got error: not found: Track not found [error:d24aadc4-6ae1-4efa-992a-7d886efb65dd] - subscription was processed
ok 4 - publish-namespace-subscribe
  ---
  duration_ms: 1046
  publisher_connection_id: 21fe64dade2369b24e7352ec4ed329c1
  subscriber_connection_id: 62ad3ac028d1f0c2107923aaca69364c
  ...
[2m2026-08-27T14:33:32.080527Z[0m [32m INFO[0m [2mmoq_native_ietf::quic[0m[2m:[0m UDP socket bound [3mbind[0m[2m=[0m[::]:0 [3mlocal[0m[2m=[0m[::]:52231 [3mdual_stack[0m[2m=[0mtrue
[2m2026-08-27T14:33:32.397910Z[0m [32m INFO[0m [2mmoq_test_client::scenarios[0m[2m:[0m Subscriber subscribing BEFORE PUBLISH_NAMESPACE: moq-test/interop/test-track
[2m2026-08-27T14:33:32.560202Z[0m [33m WARN[0m [2mmoq_transport::serve::error[0m[2m:[0m [eda8352a-cff3-4660-ba66-a4028deafb50] Not found: Namespace not found at moq-transport/src/session/subscriber.rs:483
[2m2026-08-27T14:33:32.560230Z[0m [33m WARN[0m [2mmoq_transport::session::reader[0m[2m:[0m [READER] decode: stream ended while waiting for data (have=0 bytes, need=1)
[2m2026-08-27T14:33:32.899824Z[0m [32m INFO[0m [2mmoq_native_ietf::quic[0m[2m:[0m UDP socket bound [3mbind[0m[2m=[0m[::]:0 [3mlocal[0m[2m=[0m[::]:59929 [3mdual_stack[0m[2m=[0mtrue
[2m2026-08-27T14:33:33.203026Z[0m [32m INFO[0m [2mmoq_test_client::scenarios[0m[2m:[0m Publisher sending PUBLISH_NAMESPACE (after subscriber): moq-test/interop
[2m2026-08-27T14:33:36.204559Z[0m [32m INFO[0m [2mmoq_test_client::scenarios[0m[2m:[0m Publisher PUBLISH_NAMESPACE timeout (expected)
[2m2026-08-27T14:33:36.204581Z[0m [32m INFO[0m [2mmoq_test_client::scenarios[0m[2m:[0m Subscriber got error: not found: Track not found [error:eda8352a-cff3-4660-ba66-a4028deafb50] (may be expected)
ok 5 - subscribe-before-publish-namespace
  ---
  duration_ms: 4124
  subscriber_connection_id: 70601588c14795cc1e14f50786feff08
  publisher_connection_id: 851e1d22b3c3ece4586df5cd0bd02978
  ...
[2m2026-08-27T14:33:36.205372Z[0m [32m INFO[0m [2mmoq_native_ietf::quic[0m[2m:[0m UDP socket bound [3mbind[0m[2m=[0m[::]:0 [3mlocal[0m[2m=[0m[::]:32775 [3mdual_stack[0m[2m=[0mtrue
[2m2026-08-27T14:33:36.548819Z[0m [32m INFO[0m [2mmoq_test_client::scenarios[0m[2m:[0m Sending PUBLISH_NAMESPACE: moq-test/interop
[2m2026-08-27T14:33:38.549514Z[0m [32m INFO[0m [2mmoq_test_client::scenarios[0m[2m:[0m PUBLISH_NAMESPACE active; sending PUBLISH_NAMESPACE_DONE
[2m2026-08-27T14:33:38.651006Z[0m [32m INFO[0m [2mmoq_test_client::scenarios[0m[2m:[0m PUBLISH_NAMESPACE_DONE sent successfully
ok 6 - publish-namespace-done
  ---
  duration_ms: 2446
  connection_id: d987e5f9b200e3345614b0f8438e6eed
  ...
make[1]: Leaving directory '/home/runner/work/moq-interop-runner/moq-interop-runner/main'
