make[1]: Entering directory '/home/runner/work/moq-interop-runner/moq-interop-runner/main'
Running tests against https://moqx-main.ci.openmoq.org:4433/moq-relay...
  Client: ghcr.io/englishm/moq-interop-runner-moq-test-client-draft-16:latest
docker run --rm \
	 \
	--network host \
	-e RELAY_URL=https://moqx-main.ci.openmoq.org:4433/moq-relay \
	-e TLS_DISABLE_VERIFY=false \
	ghcr.io/englishm/moq-interop-runner-moq-test-client-draft-16:latest
TAP version 14
# moq-test-client v0.1.0
# Relay: https://moqx-main.ci.openmoq.org:4433/moq-relay
1..6
ok 1 - setup-only
  ---
  duration_ms: 420
  connection_id: 4adedd48036022778b2de1f4e45774b6
  ...
ok 2 - announce-only
  ---
  duration_ms: 2117
  connection_id: 28b8cab1f9c558e565f470558f29598a
  ...
ok 3 - subscribe-error
  ---
  duration_ms: 118
  connection_id: 61cf4f83200bc20207cf9800098b9497
  ...
not ok 4 - announce-subscribe
  ---
  duration_ms: 183
  message: "publisher session error: webtransport error: read error: RESET_STREAM: 386759528: read error: RESET_STREAM: 386759528"
  ...
ok 5 - subscribe-before-announce
  ---
  duration_ms: 3825
  subscriber_connection_id: 9652ade1a2135de01067ec97d5a7a9b7
  publisher_connection_id: 626e847419e9d9662e31960b877e059f
  ...
ok 6 - publish-namespace-done
  ---
  duration_ms: 2337
  connection_id: fa3b3c0586bf7d78841784129ad3eba6
  ...
make[1]: *** [Makefile:122: test-external] Error 1
make[1]: Leaving directory '/home/runner/work/moq-interop-runner/moq-interop-runner/main'
