make[1]: Entering directory '/home/runner/work/moq-interop-runner/moq-interop-runner/main'
Running tests against moqt://moqx-main.ci.openmoq.org:4433...
  Client: ghcr.io/englishm/moq-interop-runner-moq-test-client-draft-18:latest
docker run --rm \
	 \
	--network host \
	-e RELAY_URL=moqt://moqx-main.ci.openmoq.org:4433 \
	-e TLS_DISABLE_VERIFY=false \
	ghcr.io/englishm/moq-interop-runner-moq-test-client-draft-18:latest
TAP version 14
# moq-test-client v0.1.10
# Relay: moqt://moqx-main.ci.openmoq.org:4433
1..6
[2m2026-08-27T14:35:36.395167Z[0m [32m INFO[0m [2mmoq_native_ietf::quic[0m[2m:[0m UDP socket bound [3mbind[0m[2m=[0m[::]:0 [3mlocal[0m[2m=[0m[::]:33415 [3mdual_stack[0m[2m=[0mtrue
[2m2026-08-27T14:35:36.410228Z[0m [32m INFO[0m [2mmoq_test_client::scenarios[0m[2m:[0m SETUP exchange completed successfully
ok 1 - setup-only
  ---
  duration_ms: 15
  connection_id: 53f567f2350469a7ba3c36b58d634c20
  ...
[2m2026-08-27T14:35:36.411150Z[0m [32m INFO[0m [2mmoq_native_ietf::quic[0m[2m:[0m UDP socket bound [3mbind[0m[2m=[0m[::]:0 [3mlocal[0m[2m=[0m[::]:58265 [3mdual_stack[0m[2m=[0mtrue
[2m2026-08-27T14:35:36.714108Z[0m [32m INFO[0m [2mmoq_test_client::scenarios[0m[2m:[0m Sending PUBLISH_NAMESPACE for: moq-test/interop
[2m2026-08-27T14:35:38.715399Z[0m [32m INFO[0m [2mmoq_test_client::scenarios[0m[2m:[0m PUBLISH_NAMESPACE succeeded (REQUEST_OK received, waiting for subscribers)
ok 2 - publish-namespace-only
  ---
  duration_ms: 2305
  connection_id: 0dc5a839b9e14f8ffbab0503ddc9fa1d
  ...
[2m2026-08-27T14:35:38.716236Z[0m [32m INFO[0m [2mmoq_native_ietf::quic[0m[2m:[0m UDP socket bound [3mbind[0m[2m=[0m[::]:0 [3mlocal[0m[2m=[0m[::]:59641 [3mdual_stack[0m[2m=[0mtrue
[2m2026-08-27T14:35:38.959698Z[0m [32m INFO[0m [2mmoq_test_client::scenarios[0m[2m:[0m Subscribing to non-existent track: nonexistent/namespace/test-track
[2m2026-08-27T14:35:38.982435Z[0m [33m WARN[0m [2mmoq_transport::serve::error[0m[2m:[0m [6565c9a8-3a1f-4e4d-94c4-666623f04ce3] Not found: no such namespace or track at moq-transport/src/session/subscriber.rs:483
[2m2026-08-27T14:35:38.982462Z[0m [33m WARN[0m [2mmoq_transport::session::reader[0m[2m:[0m [READER] decode: stream ended while waiting for data (have=0 bytes, need=1)
[2m2026-08-27T14:35:38.982502Z[0m [32m INFO[0m [2mmoq_test_client::scenarios[0m[2m:[0m Got expected 'not found' error: not found: Track not found [error:6565c9a8-3a1f-4e4d-94c4-666623f04ce3]
ok 3 - subscribe-error
  ---
  duration_ms: 267
  connection_id: ee5ab791e760c3a0f9a8450dec9b200f
  ...
[2m2026-08-27T14:35:38.983338Z[0m [32m INFO[0m [2mmoq_native_ietf::quic[0m[2m:[0m UDP socket bound [3mbind[0m[2m=[0m[::]:0 [3mlocal[0m[2m=[0m[::]:48406 [3mdual_stack[0m[2m=[0mtrue
[2m2026-08-27T14:35:39.014220Z[0m [32m INFO[0m [2mmoq_native_ietf::quic[0m[2m:[0m UDP socket bound [3mbind[0m[2m=[0m[::]:0 [3mlocal[0m[2m=[0m[::]:49547 [3mdual_stack[0m[2m=[0mtrue
[2m2026-08-27T14:35:39.123804Z[0m [32m INFO[0m [2mmoq_test_client::scenarios[0m[2m:[0m Publisher sending PUBLISH_NAMESPACE: moq-test/interop
[2m2026-08-27T14:35:39.123819Z[0m [32m INFO[0m [2mmoq_test_client::scenarios[0m[2m:[0m Subscriber subscribing to track: moq-test/interop/test-track
[2m2026-08-27T14:35:39.138607Z[0m [33m WARN[0m [2mmoq_transport::serve::error[0m[2m:[0m [c1fe295d-8749-44d9-be89-bd8cb15bff61] Not found: no such namespace or track at moq-transport/src/session/subscriber.rs:483
[2m2026-08-27T14:35:39.138623Z[0m [33m WARN[0m [2mmoq_transport::session::reader[0m[2m:[0m [READER] decode: stream ended while waiting for data (have=0 bytes, need=1)
[2m2026-08-27T14:35:39.138719Z[0m [32m INFO[0m [2mmoq_test_client::scenarios[0m[2m:[0m Subscriber got error: not found: Track not found [error:c1fe295d-8749-44d9-be89-bd8cb15bff61] - subscription was processed
ok 4 - publish-namespace-subscribe
  ---
  duration_ms: 156
  publisher_connection_id: 84292d91d9a1c3fe0d151093654c6e14
  subscriber_connection_id: bd5bfd126de718a040fa5f917c9264ae
  ...
[2m2026-08-27T14:35:39.139615Z[0m [32m INFO[0m [2mmoq_native_ietf::quic[0m[2m:[0m UDP socket bound [3mbind[0m[2m=[0m[::]:0 [3mlocal[0m[2m=[0m[::]:42457 [3mdual_stack[0m[2m=[0mtrue
[2m2026-08-27T14:35:39.219417Z[0m [32m INFO[0m [2mmoq_test_client::scenarios[0m[2m:[0m Subscriber subscribing BEFORE PUBLISH_NAMESPACE: moq-test/interop/test-track
[2m2026-08-27T14:35:39.242243Z[0m [33m WARN[0m [2mmoq_transport::serve::error[0m[2m:[0m [01e0201f-44cd-4a04-80a9-0838922c8553] Not found: no such namespace or track at moq-transport/src/session/subscriber.rs:483
[2m2026-08-27T14:35:39.242274Z[0m [33m WARN[0m [2mmoq_transport::session::reader[0m[2m:[0m [READER] decode: stream ended while waiting for data (have=0 bytes, need=1)
[2m2026-08-27T14:35:39.720919Z[0m [32m INFO[0m [2mmoq_native_ietf::quic[0m[2m:[0m UDP socket bound [3mbind[0m[2m=[0m[::]:0 [3mlocal[0m[2m=[0m[::]:33659 [3mdual_stack[0m[2m=[0mtrue
[2m2026-08-27T14:35:39.751000Z[0m [32m INFO[0m [2mmoq_test_client::scenarios[0m[2m:[0m Publisher sending PUBLISH_NAMESPACE (after subscriber): moq-test/interop
[2m2026-08-27T14:35:42.753089Z[0m [32m INFO[0m [2mmoq_test_client::scenarios[0m[2m:[0m Publisher PUBLISH_NAMESPACE timeout (expected)
[2m2026-08-27T14:35:42.753116Z[0m [32m INFO[0m [2mmoq_test_client::scenarios[0m[2m:[0m Subscriber got error: not found: Track not found [error:01e0201f-44cd-4a04-80a9-0838922c8553] (may be expected)
ok 5 - subscribe-before-publish-namespace
  ---
  duration_ms: 3614
  subscriber_connection_id: 177a78ae91801029f4ce502094b1a443
  publisher_connection_id: 5de0cf1bfe13be86c1e96bf4a3555857
  ...
[2m2026-08-27T14:35:42.754114Z[0m [32m INFO[0m [2mmoq_native_ietf::quic[0m[2m:[0m UDP socket bound [3mbind[0m[2m=[0m[::]:0 [3mlocal[0m[2m=[0m[::]:48777 [3mdual_stack[0m[2m=[0mtrue
[2m2026-08-27T14:35:42.773943Z[0m [32m INFO[0m [2mmoq_test_client::scenarios[0m[2m:[0m Sending PUBLISH_NAMESPACE: moq-test/interop
[2m2026-08-27T14:35:44.775834Z[0m [32m INFO[0m [2mmoq_test_client::scenarios[0m[2m:[0m PUBLISH_NAMESPACE active; sending PUBLISH_NAMESPACE_DONE
[2m2026-08-27T14:35:44.876291Z[0m [32m INFO[0m [2mmoq_test_client::scenarios[0m[2m:[0m PUBLISH_NAMESPACE_DONE sent successfully
ok 6 - publish-namespace-done
  ---
  duration_ms: 2123
  connection_id: de4dc8f34c59311b0d67ec1a9368ad40
  ...
make[1]: Leaving directory '/home/runner/work/moq-interop-runner/moq-interop-runner/main'
