make[1]: Entering directory '/home/runner/work/moq-interop-runner/moq-interop-runner/main'
Running tests against https://34-72-6-160.sslip.io:443...
  Client: ghcr.io/englishm/moq-interop-runner-moq-test-client:latest
docker run --rm \
	 \
	--network host \
	-e RELAY_URL=https://34-72-6-160.sslip.io:443 \
	-e TLS_DISABLE_VERIFY=false \
	ghcr.io/englishm/moq-interop-runner-moq-test-client:latest
TAP version 14
# moq-test-client v0.1.11
# Relay: https://34-72-6-160.sslip.io/
1..8
[2m2026-08-27T15:04:49.939319Z[0m [32m INFO[0m [2mmoq_native_ietf::quic[0m[2m:[0m UDP socket bound [3mbind[0m[2m=[0m[::]:0 [3mlocal[0m[2m=[0m[::]:36787 [3mdual_stack[0m[2m=[0mtrue
[2m2026-08-27T15:04:50.194693Z[0m [32m INFO[0m [2mmoq_test_client::scenarios[0m[2m:[0m SETUP exchange completed successfully
ok 1 - setup-only
  ---
  duration_ms: 256
  connection_id: ce4f747ddc5053786834d5d636f478df
  ...
[2m2026-08-27T15:04:50.195699Z[0m [32m INFO[0m [2mmoq_native_ietf::quic[0m[2m:[0m UDP socket bound [3mbind[0m[2m=[0m[::]:0 [3mlocal[0m[2m=[0m[::]:47465 [3mdual_stack[0m[2m=[0mtrue
[2m2026-08-27T15:04:50.222176Z[0m [33m WARN[0m [2mweb_transport_quinn::session[0m[2m:[0m failed to read capsule [3me[0m[2m=[0mUnexpectedEnd
[2m2026-08-27T15:04:50.479128Z[0m [32m INFO[0m [2mmoq_test_client::scenarios[0m[2m:[0m Sending PUBLISH_NAMESPACE for: moq-test/interop
[2m2026-08-27T15:04:52.480588Z[0m [32m INFO[0m [2mmoq_test_client::scenarios[0m[2m:[0m PUBLISH_NAMESPACE succeeded (REQUEST_OK received, waiting for subscribers)
ok 2 - publish-namespace-only
  ---
  duration_ms: 2285
  connection_id: 78dcfc5d0253f16ac49e7057e5368ce2
  ...
[2m2026-08-27T15:04:52.481483Z[0m [32m INFO[0m [2mmoq_native_ietf::quic[0m[2m:[0m UDP socket bound [3mbind[0m[2m=[0m[::]:0 [3mlocal[0m[2m=[0m[::]:47121 [3mdual_stack[0m[2m=[0mtrue
[2m2026-08-27T15:04:52.515972Z[0m [33m WARN[0m [2mweb_transport_quinn::session[0m[2m:[0m failed to read capsule [3me[0m[2m=[0mUnexpectedEnd
[2m2026-08-27T15:04:52.730751Z[0m [32m INFO[0m [2mmoq_test_client::scenarios[0m[2m:[0m Subscribing to non-existent track: nonexistent/namespace/test-track
[2m2026-08-27T15:04:52.756106Z[0m [33m WARN[0m [2mmoq_test_client::scenarios[0m[2m:[0m Got error but not clearly 'not found': closed, code=404. Relay may use different error text.
ok 3 - subscribe-error
  ---
  duration_ms: 275
  connection_id: 1f8525b6ff6be9495b755676c044f239
  ...
[2m2026-08-27T15:04:52.757048Z[0m [32m INFO[0m [2mmoq_native_ietf::quic[0m[2m:[0m UDP socket bound [3mbind[0m[2m=[0m[::]:0 [3mlocal[0m[2m=[0m[::]:47495 [3mdual_stack[0m[2m=[0mtrue
[2m2026-08-27T15:04:52.780915Z[0m [33m WARN[0m [2mweb_transport_quinn::session[0m[2m:[0m failed to read capsule [3me[0m[2m=[0mUnexpectedEnd
[2m2026-08-27T15:04:53.006496Z[0m [32m INFO[0m [2mmoq_native_ietf::quic[0m[2m:[0m UDP socket bound [3mbind[0m[2m=[0m[::]:0 [3mlocal[0m[2m=[0m[::]:35218 [3mdual_stack[0m[2m=[0mtrue
[2m2026-08-27T15:04:53.293878Z[0m [32m INFO[0m [2mmoq_test_client::scenarios[0m[2m:[0m Publisher sending PUBLISH_NAMESPACE: moq-test/interop
[2m2026-08-27T15:04:53.293903Z[0m [32m INFO[0m [2mmoq_test_client::scenarios[0m[2m:[0m Subscriber subscribing to track: moq-test/interop/test-track
[2m2026-08-27T15:04:56.294489Z[0m [32m INFO[0m [2mmoq_test_client::scenarios[0m[2m:[0m Test timeout reached - subscription routing may still be in progress
ok 4 - publish-namespace-subscribe
  ---
  duration_ms: 3538
  publisher_connection_id: cca412c55d5089be204d0c25a94e529f
  subscriber_connection_id: 10f3609d4e0180a06dfee2e239c0fa4e
  ...
[2m2026-08-27T15:04:56.295484Z[0m [32m INFO[0m [2mmoq_native_ietf::quic[0m[2m:[0m UDP socket bound [3mbind[0m[2m=[0m[::]:0 [3mlocal[0m[2m=[0m[::]:34099 [3mdual_stack[0m[2m=[0mtrue
[2m2026-08-27T15:04:56.320348Z[0m [33m WARN[0m [2mweb_transport_quinn::session[0m[2m:[0m failed to read capsule [3me[0m[2m=[0mUnexpectedEnd
[2m2026-08-27T15:04:56.330401Z[0m [33m WARN[0m [2mweb_transport_quinn::session[0m[2m:[0m failed to read capsule [3me[0m[2m=[0mUnexpectedEnd
[2m2026-08-27T15:04:56.569009Z[0m [32m INFO[0m [2mmoq_test_client::scenarios[0m[2m:[0m Subscriber subscribing BEFORE PUBLISH_NAMESPACE: moq-test/interop/test-track
[2m2026-08-27T15:04:57.071058Z[0m [32m INFO[0m [2mmoq_native_ietf::quic[0m[2m:[0m UDP socket bound [3mbind[0m[2m=[0m[::]:0 [3mlocal[0m[2m=[0m[::]:43012 [3mdual_stack[0m[2m=[0mtrue
[2m2026-08-27T15:04:57.216890Z[0m [32m INFO[0m [2mmoq_test_client::scenarios[0m[2m:[0m Publisher sending PUBLISH_NAMESPACE (after subscriber): moq-test/interop
[2m2026-08-27T15:04:57.279219Z[0m [33m WARN[0m [2mweb_transport_quinn::session[0m[2m:[0m failed to read capsule [3me[0m[2m=[0mUnexpectedEnd
[2m2026-08-27T15:05:00.218105Z[0m [32m INFO[0m [2mmoq_test_client::scenarios[0m[2m:[0m Publisher PUBLISH_NAMESPACE timeout (expected)
[2m2026-08-27T15:05:00.218133Z[0m [32m INFO[0m [2mmoq_test_client::scenarios[0m[2m:[0m Subscriber got error: closed, code=500 (may be expected)
ok 5 - subscribe-before-publish-namespace
  ---
  duration_ms: 3923
  subscriber_connection_id: 0c625ef5b0c8aaeb9d5115f384d51ba6
  publisher_connection_id: f612618836457f9a1abd7410d8af5caa
  ...
[2m2026-08-27T15:05:00.218972Z[0m [32m INFO[0m [2mmoq_native_ietf::quic[0m[2m:[0m UDP socket bound [3mbind[0m[2m=[0m[::]:0 [3mlocal[0m[2m=[0m[::]:37642 [3mdual_stack[0m[2m=[0mtrue
[2m2026-08-27T15:05:00.251523Z[0m [33m WARN[0m [2mweb_transport_quinn::session[0m[2m:[0m failed to read capsule [3me[0m[2m=[0mUnexpectedEnd
[2m2026-08-27T15:05:00.489954Z[0m [32m INFO[0m [2mmoq_test_client::scenarios[0m[2m:[0m Sending PUBLISH_NAMESPACE: moq-test/interop
[2m2026-08-27T15:05:02.490544Z[0m [32m INFO[0m [2mmoq_test_client::scenarios[0m[2m:[0m PUBLISH_NAMESPACE active; sending PUBLISH_NAMESPACE_DONE
[2m2026-08-27T15:05:02.591859Z[0m [32m INFO[0m [2mmoq_test_client::scenarios[0m[2m:[0m PUBLISH_NAMESPACE_DONE sent successfully
ok 6 - publish-namespace-done
  ---
  duration_ms: 2373
  connection_id: d7141c57c587ab55f9ac8277f6d4989a
  ...
[2m2026-08-27T15:05:02.592717Z[0m [32m INFO[0m [2mmoq_native_ietf::quic[0m[2m:[0m UDP socket bound [3mbind[0m[2m=[0m[::]:0 [3mlocal[0m[2m=[0m[::]:33945 [3mdual_stack[0m[2m=[0mtrue
[2m2026-08-27T15:05:02.830854Z[0m [32m INFO[0m [2mmoq_test_client::scenarios[0m[2m:[0m Publisher sending direct PUBLISH [3mnamespace[0m[2m=[0m/moq-test/publish [3mtrack[0m[2m=[0m"published-track"
not ok 7 - publish-track-only
  ---
  duration_ms: 258
  message: "PUBLISH was rejected: closed, code=3"
  ...
[2m2026-08-27T15:05:02.851125Z[0m [32m INFO[0m [2mmoq_native_ietf::quic[0m[2m:[0m UDP socket bound [3mbind[0m[2m=[0m[::]:0 [3mlocal[0m[2m=[0m[::]:33428 [3mdual_stack[0m[2m=[0mtrue
[2m2026-08-27T15:05:03.098511Z[0m [32m INFO[0m [2mmoq_native_ietf::quic[0m[2m:[0m UDP socket bound [3mbind[0m[2m=[0m[::]:0 [3mlocal[0m[2m=[0m[::]:44463 [3mdual_stack[0m[2m=[0mtrue
[2m2026-08-27T15:05:03.492719Z[0m [32m INFO[0m [2mmoq_test_client::scenarios[0m[2m:[0m Publisher sending direct PUBLISH before subscriber subscribes [3mnamespace[0m[2m=[0m/moq-test/publish [3mtrack[0m[2m=[0m"published-track"
not ok 8 - publish-track-subscribe
  ---
  duration_ms: 667
  message: "PUBLISH was rejected: closed, code=3"
  ...
make[1]: *** [Makefile:122: test-external] Error 1
make[1]: Leaving directory '/home/runner/work/moq-interop-runner/moq-interop-runner/main'
