make[1]: Entering directory '/home/runner/work/moq-interop-runner/moq-interop-runner/main'
Running tests against moqt://34-72-6-160.sslip.io:443...
  Client: ghcr.io/eyevinn/mlmtest:latest
docker run --rm \
	 \
	--network host \
	-e RELAY_URL=moqt://34-72-6-160.sslip.io:443 \
	-e TLS_DISABLE_VERIFY=false \
	ghcr.io/eyevinn/mlmtest:latest
TAP version 14
# moqlivemock 0.12.0, date: 2026-07-06
# Relay: moqt://34-72-6-160.sslip.io:443
# Draft: 16 (ALPN: moqt-16)
1..6
2026/08/27 15:15:38 failed to sufficiently increase receive buffer size (was: 1024 kiB, wanted: 7168 kiB, got: 2048 kiB). See https://github.com/quic-go/quic-go/wiki/UDP-Buffer-Sizes for details.
ok 1 - setup-only
not ok 2 - announce-only
  ---
  error: PUBLISH_NAMESPACE: Application error 0x5 (remote): short buffer
  ...
not ok 3 - publish-namespace-done
  ---
  error: PUBLISH_NAMESPACE: Application error 0x5 (remote): short buffer
  ...
ok 4 - subscribe-error
not ok 5 - announce-subscribe
  ---
  error: publisher: PUBLISH_NAMESPACE: Application error 0x5 (remote): short buffer
  ...
not ok 6 - subscribe-before-announce
  ---
  error: publisher: PUBLISH_NAMESPACE: Application error 0x5 (remote): short buffer
  ...
make[1]: *** [Makefile:122: test-external] Error 1
make[1]: Leaving directory '/home/runner/work/moq-interop-runner/moq-interop-runner/main'
