make[1]: Entering directory '/home/runner/work/moq-interop-runner/moq-interop-runner/main'
Running tests against https://moqt.nokiaresearch.com:4443/moq...
  Client: ghcr.io/facebookexperimental/moxygen-interop-client:latest-amd64
docker run --rm \
	 \
	--network host \
	-e RELAY_URL=https://moqt.nokiaresearch.com:4443/moq \
	-e TLS_DISABLE_VERIFY=false \
	ghcr.io/facebookexperimental/moxygen-interop-client:latest-amd64
TAP version 14
# moxygen interop test client
# Relay: https://moqt.nokiaresearch.com:4443/moq
# Transport: WebTransport
# Offered ALPNs: moqt-18, moqt-16, moqt-15, moq-00
1..6
E0827 14:41:53.221076     1 MoQCodec.cpp:95] Frame underflow -> parse error
E0827 14:41:53.221123     1 MoQCodec.cpp:126] Conn error=3
E0827 14:41:53.221129     1 MoQSession.cpp:5760] MoQCodec control stream parse error err=3
not ok 1 - setup-only
  ---
  duration_ms: 519
  error: coroutine operation cancelled
  ...
E0827 14:41:53.835579     1 MoQCodec.cpp:95] Frame underflow -> parse error
E0827 14:41:53.835610     1 MoQCodec.cpp:126] Conn error=3
E0827 14:41:53.835615     1 MoQSession.cpp:5760] MoQCodec control stream parse error err=3
not ok 2 - announce-only
  ---
  duration_ms: 614
  error: coroutine operation cancelled
  ...
E0827 14:41:54.369683     1 MoQCodec.cpp:95] Frame underflow -> parse error
E0827 14:41:54.369714     1 MoQCodec.cpp:126] Conn error=3
E0827 14:41:54.369718     1 MoQSession.cpp:5760] MoQCodec control stream parse error err=3
not ok 3 - subscribe-error
  ---
  duration_ms: 533
  error: coroutine operation cancelled
  ...
E0827 14:41:54.908848     1 MoQCodec.cpp:95] Frame underflow -> parse error
E0827 14:41:54.908884     1 MoQCodec.cpp:126] Conn error=3
E0827 14:41:54.908889     1 MoQSession.cpp:5760] MoQCodec control stream parse error err=3
not ok 4 - announce-subscribe
  ---
  duration_ms: 539
  error: coroutine operation cancelled
  ...
E0827 14:41:55.447484     1 MoQCodec.cpp:95] Frame underflow -> parse error
E0827 14:41:55.447516     1 MoQCodec.cpp:126] Conn error=3
E0827 14:41:55.447521     1 MoQSession.cpp:5760] MoQCodec control stream parse error err=3
not ok 5 - publish-namespace-done
  ---
  duration_ms: 538
  error: coroutine operation cancelled
  ...
E0827 14:41:55.948599     1 MoQCodec.cpp:95] Frame underflow -> parse error
E0827 14:41:55.948631     1 MoQCodec.cpp:126] Conn error=3
E0827 14:41:55.948636     1 MoQSession.cpp:5760] MoQCodec control stream parse error err=3
not ok 6 - subscribe-before-announce
  ---
  duration_ms: 500
  error: coroutine operation cancelled
  ...
make[1]: *** [Makefile:122: test-external] Error 1
make[1]: Leaving directory '/home/runner/work/moq-interop-runner/moq-interop-runner/main'
