make[1]: Entering directory '/home/runner/work/moq-interop-runner/moq-interop-runner/main'
Running tests against https://draft-18-interop.cloudflare.mediaoverquic.com:443/moq...
  Client: ghcr.io/englishm/moq-interop-runner-moq-test-client-draft-18:latest
docker run --rm \
	 \
	--network host \
	-e RELAY_URL=https://draft-18-interop.cloudflare.mediaoverquic.com:443/moq \
	-e TLS_DISABLE_VERIFY=false \
	ghcr.io/englishm/moq-interop-runner-moq-test-client-draft-18:latest
TAP version 14
# moq-test-client v0.1.12
# Relay: https://draft-18-interop.cloudflare.mediaoverquic.com/moq
1..9
[2m2026-09-02T21:58:41.976732Z[0m [32m INFO[0m [2mmoq_native_ietf::quic[0m[2m:[0m UDP socket bound [3mbind[0m[2m=[0m[::]:0 [3mlocal[0m[2m=[0m[::]:60655 [3mdual_stack[0m[2m=[0mtrue
[2m2026-09-02T21:58:42.352284Z[0m [32m INFO[0m [2mmoq_test_client::scenarios[0m[2m:[0m SETUP exchange completed successfully
ok 1 - setup-only
  ---
  duration_ms: 376
  connection_id: 89986b0933094bab6672deba67fa891d
  ...
[2m2026-09-02T21:58:42.353341Z[0m [32m INFO[0m [2mmoq_native_ietf::quic[0m[2m:[0m UDP socket bound [3mbind[0m[2m=[0m[::]:0 [3mlocal[0m[2m=[0m[::]:51099 [3mdual_stack[0m[2m=[0mtrue
[2m2026-09-02T21:58:42.413185Z[0m [33m WARN[0m [2mweb_transport_quinn::session[0m[2m:[0m failed to read capsule [3me[0m[2m=[0mUnexpectedEnd
[2m2026-09-02T21:58:42.711259Z[0m [32m INFO[0m [2mmoq_test_client::scenarios[0m[2m:[0m Sending PUBLISH_NAMESPACE for: moq-test/interop
[2m2026-09-02T21:58:44.712107Z[0m [32m INFO[0m [2mmoq_test_client::scenarios[0m[2m:[0m PUBLISH_NAMESPACE succeeded (REQUEST_OK received, waiting for subscribers)
ok 2 - publish-namespace-only
  ---
  duration_ms: 2359
  connection_id: 28c7b8875b9584025b597fee63e0591d
  ...
[2m2026-09-02T21:58:44.713106Z[0m [32m INFO[0m [2mmoq_native_ietf::quic[0m[2m:[0m UDP socket bound [3mbind[0m[2m=[0m[::]:0 [3mlocal[0m[2m=[0m[::]:47893 [3mdual_stack[0m[2m=[0mtrue
[2m2026-09-02T21:58:45.026177Z[0m [32m INFO[0m [2mmoq_test_client::scenarios[0m[2m:[0m Subscribing to non-existent track: nonexistent/namespace/test-track
[2m2026-09-02T21:58:45.088384Z[0m [33m WARN[0m [2mmoq_transport::serve::error[0m[2m:[0m [1421a7ab-e36d-48de-bd66-7b9ae41f27a2] Not found: not found: Track not found [error:0d8ef8cc-a951-4295-82c7-51b5d28f102f] at moq-transport/src/session/subscriber.rs:1646
[2m2026-09-02T21:58:45.088446Z[0m [32m INFO[0m [2mmoq_test_client::scenarios[0m[2m:[0m Got expected 'not found' error: not found: Track not found [error:1421a7ab-e36d-48de-bd66-7b9ae41f27a2]
ok 3 - subscribe-error
  ---
  duration_ms: 376
  connection_id: b0e27df8dd9424e83c2c755e221241c4
  ...
[2m2026-09-02T21:58:45.089443Z[0m [32m INFO[0m [2mmoq_native_ietf::quic[0m[2m:[0m UDP socket bound [3mbind[0m[2m=[0m[::]:0 [3mlocal[0m[2m=[0m[::]:36232 [3mdual_stack[0m[2m=[0mtrue
[2m2026-09-02T21:58:45.425419Z[0m [32m INFO[0m [2mmoq_native_ietf::quic[0m[2m:[0m UDP socket bound [3mbind[0m[2m=[0m[::]:0 [3mlocal[0m[2m=[0m[::]:58916 [3mdual_stack[0m[2m=[0mtrue
[2m2026-09-02T21:58:45.742754Z[0m [32m INFO[0m [2mmoq_test_client::scenarios[0m[2m:[0m Publisher sending PUBLISH_NAMESPACE: moq-test/interop
[2m2026-09-02T21:58:45.742786Z[0m [32m INFO[0m [2mmoq_test_client::scenarios[0m[2m:[0m Subscriber subscribing to track: moq-test/interop/test-track
[2m2026-09-02T21:58:48.744362Z[0m [32m INFO[0m [2mmoq_test_client::scenarios[0m[2m:[0m Test timeout reached - subscription routing may still be in progress
ok 4 - publish-namespace-subscribe
  ---
  duration_ms: 3655
  publisher_connection_id: 2920ba0805d9a23a7fb0f3b7ff6dccb5
  subscriber_connection_id: 369f26ba61eeb5a2f3219bbe8965bd71
  ...
[2m2026-09-02T21:58:48.745345Z[0m [32m INFO[0m [2mmoq_native_ietf::quic[0m[2m:[0m UDP socket bound [3mbind[0m[2m=[0m[::]:0 [3mlocal[0m[2m=[0m[::]:38799 [3mdual_stack[0m[2m=[0mtrue
[2m2026-09-02T21:58:48.805196Z[0m [33m WARN[0m [2mweb_transport_quinn::session[0m[2m:[0m failed to read capsule [3me[0m[2m=[0mUnexpectedEnd
[2m2026-09-02T21:58:49.096866Z[0m [32m INFO[0m [2mmoq_test_client::scenarios[0m[2m:[0m Subscriber subscribing BEFORE PUBLISH_NAMESPACE: moq-test/interop/test-track
[2m2026-09-02T21:58:49.158897Z[0m [33m WARN[0m [2mmoq_transport::serve::error[0m[2m:[0m [a054fc4c-4ca9-4706-b89f-73bdd3994027] Not found: not found: Track not found [error:50878320-3b3b-4bbd-a741-aa283dc07ed7] at moq-transport/src/session/subscriber.rs:1646
[2m2026-09-02T21:58:49.220420Z[0m [33m WARN[0m [2mweb_transport_quinn::session[0m[2m:[0m failed to read capsule [3me[0m[2m=[0mUnexpectedEnd
[2m2026-09-02T21:58:49.598889Z[0m [32m INFO[0m [2mmoq_native_ietf::quic[0m[2m:[0m UDP socket bound [3mbind[0m[2m=[0m[::]:0 [3mlocal[0m[2m=[0m[::]:52412 [3mdual_stack[0m[2m=[0mtrue
[2m2026-09-02T21:58:49.912672Z[0m [32m INFO[0m [2mmoq_test_client::scenarios[0m[2m:[0m Publisher sending PUBLISH_NAMESPACE (after subscriber): moq-test/interop
[2m2026-09-02T21:58:52.914286Z[0m [32m INFO[0m [2mmoq_test_client::scenarios[0m[2m:[0m Publisher PUBLISH_NAMESPACE timeout (expected)
[2m2026-09-02T21:58:52.914315Z[0m [32m INFO[0m [2mmoq_test_client::scenarios[0m[2m:[0m Subscriber got error: not found: Track not found [error:a054fc4c-4ca9-4706-b89f-73bdd3994027] (may be expected)
ok 5 - subscribe-before-publish-namespace
  ---
  duration_ms: 4169
  subscriber_connection_id: ef6221b226622a11aed90132d316efa0
  publisher_connection_id: bd5f216277952e1999c2bea46c925e47
  ...
[2m2026-09-02T21:58:52.915247Z[0m [32m INFO[0m [2mmoq_native_ietf::quic[0m[2m:[0m UDP socket bound [3mbind[0m[2m=[0m[::]:0 [3mlocal[0m[2m=[0m[::]:44018 [3mdual_stack[0m[2m=[0mtrue
[2m2026-09-02T21:58:52.974302Z[0m [33m WARN[0m [2mweb_transport_quinn::session[0m[2m:[0m failed to read capsule [3me[0m[2m=[0mUnexpectedEnd
[2m2026-09-02T21:58:53.227477Z[0m [32m INFO[0m [2mmoq_test_client::scenarios[0m[2m:[0m Sending PUBLISH_NAMESPACE: moq-test/interop
[2m2026-09-02T21:58:55.228493Z[0m [32m INFO[0m [2mmoq_test_client::scenarios[0m[2m:[0m PUBLISH_NAMESPACE active; sending PUBLISH_NAMESPACE_DONE
ok 6 - publish-namespace-done
  ---
  duration_ms: 2414
  connection_id: e9cfe3046f1b87d4eb085620ce7c74d8
  ...
[2m2026-09-02T21:58:55.328784Z[0m [32m INFO[0m [2mmoq_test_client::scenarios[0m[2m:[0m PUBLISH_NAMESPACE_DONE sent successfully
[2m2026-09-02T21:58:55.329678Z[0m [32m INFO[0m [2mmoq_native_ietf::quic[0m[2m:[0m UDP socket bound [3mbind[0m[2m=[0m[::]:0 [3mlocal[0m[2m=[0m[::]:52192 [3mdual_stack[0m[2m=[0mtrue
[2m2026-09-02T21:58:55.750002Z[0m [32m INFO[0m [2mmoq_test_client::scenarios[0m[2m:[0m Publisher sending direct PUBLISH [3mnamespace[0m[2m=[0m/moq-test/publish [3mtrack[0m[2m=[0m"published-track"
[2m2026-09-02T21:58:55.812304Z[0m [32m INFO[0m [2mmoq_test_client::scenarios[0m[2m:[0m PUBLISH accepted [3mnamespace[0m[2m=[0m/moq-test/publish [3mtrack[0m[2m=[0m"published-track"
[2m2026-09-02T21:58:55.812422Z[0m [32m INFO[0m [2mmoq_test_client::scenarios[0m[2m:[0m PUBLISH completed [3mnamespace[0m[2m=[0m/moq-test/publish [3mtrack[0m[2m=[0m"published-track"
ok 7 - publish-track-only
  ---
  duration_ms: 483
  connection_id: a2c532e24292b61608ccc3bfb65e19ef
  ...
[2m2026-09-02T21:58:55.813257Z[0m [32m INFO[0m [2mmoq_native_ietf::quic[0m[2m:[0m UDP socket bound [3mbind[0m[2m=[0m[::]:0 [3mlocal[0m[2m=[0m[::]:50134 [3mdual_stack[0m[2m=[0mtrue
[2m2026-09-02T21:58:55.873859Z[0m [33m WARN[0m [2mweb_transport_quinn::session[0m[2m:[0m failed to read capsule [3me[0m[2m=[0mUnexpectedEnd
[2m2026-09-02T21:58:56.178359Z[0m [32m INFO[0m [2mmoq_native_ietf::quic[0m[2m:[0m UDP socket bound [3mbind[0m[2m=[0m[::]:0 [3mlocal[0m[2m=[0m[::]:39351 [3mdual_stack[0m[2m=[0mtrue
[2m2026-09-02T21:58:56.500939Z[0m [32m INFO[0m [2mmoq_test_client::scenarios[0m[2m:[0m Publisher sending direct PUBLISH before subscriber subscribes [3mnamespace[0m[2m=[0m/moq-test/publish [3mtrack[0m[2m=[0m"published-track"
[2m2026-09-02T21:58:56.565309Z[0m [32m INFO[0m [2mmoq_test_client::scenarios[0m[2m:[0m PUBLISH accepted; starting subscriber [3mnamespace[0m[2m=[0m/moq-test/publish [3mtrack[0m[2m=[0m"published-track"
[2m2026-09-02T21:58:56.730017Z[0m [32m INFO[0m [2mmoq_test_client::scenarios[0m[2m:[0m Subscriber received direct PUBLISH track [3mnamespace[0m[2m=[0m/moq-test/publish [3mtrack[0m[2m=[0m"published-track"
ok 8 - publish-track-subscribe
  ---
  duration_ms: 917
  publisher_connection_id: 04ecb9e7ff3529d0e3c8cb6f94fc48fa
  subscriber_connection_id: b8a9400cb87e1e1ff7484171328946b2
  ...
[2m2026-09-02T21:58:56.731120Z[0m [32m INFO[0m [2mmoq_native_ietf::quic[0m[2m:[0m UDP socket bound [3mbind[0m[2m=[0m[::]:0 [3mlocal[0m[2m=[0m[::]:54460 [3mdual_stack[0m[2m=[0mtrue
[2m2026-09-02T21:58:56.792234Z[0m [33m WARN[0m [2mweb_transport_quinn::session[0m[2m:[0m failed to read capsule [3me[0m[2m=[0mUnexpectedEnd
[2m2026-09-02T21:58:56.793529Z[0m [33m WARN[0m [2mweb_transport_quinn::session[0m[2m:[0m failed to read capsule [3me[0m[2m=[0mUnexpectedEnd
[2m2026-09-02T21:58:57.040323Z[0m [32m INFO[0m [2mmoq_test_client::scenarios[0m[2m:[0m Subscribing with RENDEZVOUS_TIMEOUT to a track with no publisher [3mtimeout_ms[0m[2m=[0m500
[2m2026-09-02T21:58:57.602297Z[0m [32m INFO[0m [2mmoq_test_client::scenarios[0m[2m:[0m Received expected REQUEST_ERROR TIMEOUT
ok 9 - rendezvous-timeout
  ---
  duration_ms: 872
  connection_id: bdc23ff0e2a76b5196aa98469b824356
  ...
[2m2026-09-02T21:58:57.602478Z[0m [33m WARN[0m [2mweb_transport_quinn::session[0m[2m:[0m failed to read capsule [3me[0m[2m=[0mUnexpectedEnd
make[1]: Leaving directory '/home/runner/work/moq-interop-runner/moq-interop-runner/main'
