make[1]: Entering directory '/home/runner/work/moq-interop-runner/moq-interop-runner/main'
Running tests against https://moqx-main.ci.openmoq.org:4433/moq-relay...
  Client: ghcr.io/englishm/moq-interop-runner-moq-test-client-draft-18:latest
docker run --rm \
	 \
	--network host \
	-e RELAY_URL=https://moqx-main.ci.openmoq.org:4433/moq-relay \
	-e TLS_DISABLE_VERIFY=false \
	ghcr.io/englishm/moq-interop-runner-moq-test-client-draft-18:latest
TAP version 14
# moq-test-client v0.1.12
# Relay: https://moqx-main.ci.openmoq.org:4433/moq-relay
1..9
[2m2026-09-02T22:00:33.493868Z[0m [32m INFO[0m [2mmoq_native_ietf::quic[0m[2m:[0m UDP socket bound [3mbind[0m[2m=[0m[::]:0 [3mlocal[0m[2m=[0m[::]:48206 [3mdual_stack[0m[2m=[0mtrue
[2m2026-09-02T22:00:33.589579Z[0m [32m INFO[0m [2mmoq_test_client::scenarios[0m[2m:[0m SETUP exchange completed successfully
ok 1 - setup-only
  ---
  duration_ms: 96
  connection_id: 5c41567d648518439ea98a272246cc6a
  ...
[2m2026-09-02T22:00:33.590463Z[0m [32m INFO[0m [2mmoq_native_ietf::quic[0m[2m:[0m UDP socket bound [3mbind[0m[2m=[0m[::]:0 [3mlocal[0m[2m=[0m[::]:41492 [3mdual_stack[0m[2m=[0mtrue
[2m2026-09-02T22:00:33.610731Z[0m [33m WARN[0m [2mweb_transport_quinn::session[0m[2m:[0m failed to read capsule [3me[0m[2m=[0mUnexpectedEnd
[2m2026-09-02T22:00:33.695157Z[0m [32m INFO[0m [2mmoq_test_client::scenarios[0m[2m:[0m Sending PUBLISH_NAMESPACE for: moq-test/interop
[2m2026-09-02T22:00:35.696285Z[0m [32m INFO[0m [2mmoq_test_client::scenarios[0m[2m:[0m PUBLISH_NAMESPACE succeeded (REQUEST_OK received, waiting for subscribers)
ok 2 - publish-namespace-only
  ---
  duration_ms: 2106
  connection_id: 278fb8def4dc29256a2e183e24dd2951
  ...
[2m2026-09-02T22:00:35.697203Z[0m [32m INFO[0m [2mmoq_native_ietf::quic[0m[2m:[0m UDP socket bound [3mbind[0m[2m=[0m[::]:0 [3mlocal[0m[2m=[0m[::]:37620 [3mdual_stack[0m[2m=[0mtrue
[2m2026-09-02T22:00:35.722805Z[0m [33m WARN[0m [2mweb_transport_quinn::session[0m[2m:[0m failed to read capsule [3me[0m[2m=[0mUnexpectedEnd
[2m2026-09-02T22:00:35.768259Z[0m [32m INFO[0m [2mmoq_test_client::scenarios[0m[2m:[0m Subscribing to non-existent track: nonexistent/namespace/test-track
[2m2026-09-02T22:00:35.788834Z[0m [33m WARN[0m [2mmoq_transport::serve::error[0m[2m:[0m [be49f6ca-c0b1-4825-9bf9-ad397712544d] Not found: no such namespace or track at moq-transport/src/session/subscriber.rs:1646
[2m2026-09-02T22:00:35.788927Z[0m [32m INFO[0m [2mmoq_test_client::scenarios[0m[2m:[0m Got expected 'not found' error: not found: Track not found [error:be49f6ca-c0b1-4825-9bf9-ad397712544d]
ok 3 - subscribe-error
  ---
  duration_ms: 92
  connection_id: 77fcfef2b009285259ed291c3ebc8275
  ...
[2m2026-09-02T22:00:35.789788Z[0m [32m INFO[0m [2mmoq_native_ietf::quic[0m[2m:[0m UDP socket bound [3mbind[0m[2m=[0m[::]:0 [3mlocal[0m[2m=[0m[::]:41311 [3mdual_stack[0m[2m=[0mtrue
[2m2026-09-02T22:00:35.809654Z[0m [33m WARN[0m [2mweb_transport_quinn::session[0m[2m:[0m failed to read capsule [3me[0m[2m=[0mUnexpectedEnd
[2m2026-09-02T22:00:35.884511Z[0m [32m INFO[0m [2mmoq_native_ietf::quic[0m[2m:[0m UDP socket bound [3mbind[0m[2m=[0m[::]:0 [3mlocal[0m[2m=[0m[::]:56542 [3mdual_stack[0m[2m=[0mtrue
[2m2026-09-02T22:00:36.132723Z[0m [32m INFO[0m [2mmoq_test_client::scenarios[0m[2m:[0m Publisher sending PUBLISH_NAMESPACE: moq-test/interop
[2m2026-09-02T22:00:36.132742Z[0m [32m INFO[0m [2mmoq_test_client::scenarios[0m[2m:[0m Subscriber subscribing to track: moq-test/interop/test-track
ok 4 - publish-namespace-subscribe
  ---
  duration_ms: 3345
  publisher_connection_id: 25711ecb2c94b9cabef65b48c1741ef4
  subscriber_connection_id: c2110eb285333cafef92b1ac64249778
  ...
[2m2026-09-02T22:00:39.134154Z[0m [32m INFO[0m [2mmoq_test_client::scenarios[0m[2m:[0m Test timeout reached - subscription routing may still be in progress
[2m2026-09-02T22:00:39.134995Z[0m [32m INFO[0m [2mmoq_native_ietf::quic[0m[2m:[0m UDP socket bound [3mbind[0m[2m=[0m[::]:0 [3mlocal[0m[2m=[0m[::]:32926 [3mdual_stack[0m[2m=[0mtrue
[2m2026-09-02T22:00:39.154863Z[0m [33m WARN[0m [2mweb_transport_quinn::session[0m[2m:[0m failed to read capsule [3me[0m[2m=[0mUnexpectedEnd
[2m2026-09-02T22:00:39.156175Z[0m [33m WARN[0m [2mweb_transport_quinn::session[0m[2m:[0m failed to read capsule [3me[0m[2m=[0mUnexpectedEnd
[2m2026-09-02T22:00:39.190857Z[0m [32m INFO[0m [2mmoq_test_client::scenarios[0m[2m:[0m Subscriber subscribing BEFORE PUBLISH_NAMESPACE: moq-test/interop/test-track
[2m2026-09-02T22:00:39.214890Z[0m [33m WARN[0m [2mmoq_transport::serve::error[0m[2m:[0m [c9b68c80-8535-4457-b6a1-0f6ad47a8524] Not found: no such namespace or track at moq-transport/src/session/subscriber.rs:1646
[2m2026-09-02T22:00:39.238911Z[0m [33m WARN[0m [2mweb_transport_quinn::session[0m[2m:[0m failed to read capsule [3me[0m[2m=[0mUnexpectedEnd
[2m2026-09-02T22:00:39.693341Z[0m [32m INFO[0m [2mmoq_native_ietf::quic[0m[2m:[0m UDP socket bound [3mbind[0m[2m=[0m[::]:0 [3mlocal[0m[2m=[0m[::]:51348 [3mdual_stack[0m[2m=[0mtrue
[2m2026-09-02T22:00:39.740183Z[0m [32m INFO[0m [2mmoq_test_client::scenarios[0m[2m:[0m Publisher sending PUBLISH_NAMESPACE (after subscriber): moq-test/interop
[2m2026-09-02T22:00:42.741926Z[0m [32m INFO[0m [2mmoq_test_client::scenarios[0m[2m:[0m Publisher PUBLISH_NAMESPACE timeout (expected)
[2m2026-09-02T22:00:42.741950Z[0m [32m INFO[0m [2mmoq_test_client::scenarios[0m[2m:[0m Subscriber got error: not found: Track not found [error:c9b68c80-8535-4457-b6a1-0f6ad47a8524] (may be expected)
ok 5 - subscribe-before-publish-namespace
  ---
  duration_ms: 3607
  subscriber_connection_id: e4006885d014b7fa24a558263b633550
  publisher_connection_id: 120134a1dd78147ad9701011669cf1a3
  ...
[2m2026-09-02T22:00:42.742786Z[0m [32m INFO[0m [2mmoq_native_ietf::quic[0m[2m:[0m UDP socket bound [3mbind[0m[2m=[0m[::]:0 [3mlocal[0m[2m=[0m[::]:53386 [3mdual_stack[0m[2m=[0mtrue
[2m2026-09-02T22:00:42.762496Z[0m [33m WARN[0m [2mweb_transport_quinn::session[0m[2m:[0m failed to read capsule [3me[0m[2m=[0mUnexpectedEnd
[2m2026-09-02T22:00:42.951047Z[0m [32m INFO[0m [2mmoq_test_client::scenarios[0m[2m:[0m Sending PUBLISH_NAMESPACE: moq-test/interop
[2m2026-09-02T22:00:44.952788Z[0m [32m INFO[0m [2mmoq_test_client::scenarios[0m[2m:[0m PUBLISH_NAMESPACE active; sending PUBLISH_NAMESPACE_DONE
[2m2026-09-02T22:00:45.054489Z[0m [32m INFO[0m [2mmoq_test_client::scenarios[0m[2m:[0m PUBLISH_NAMESPACE_DONE sent successfully
ok 6 - publish-namespace-done
  ---
  duration_ms: 2312
  connection_id: 5c3c0df87d01113c3025493cb4f6ba8d
  ...
[2m2026-09-02T22:00:45.055374Z[0m [32m INFO[0m [2mmoq_native_ietf::quic[0m[2m:[0m UDP socket bound [3mbind[0m[2m=[0m[::]:0 [3mlocal[0m[2m=[0m[::]:46799 [3mdual_stack[0m[2m=[0mtrue
[2m2026-09-02T22:00:45.074994Z[0m [33m WARN[0m [2mweb_transport_quinn::session[0m[2m:[0m failed to read capsule [3me[0m[2m=[0mUnexpectedEnd
[2m2026-09-02T22:00:45.290847Z[0m [32m INFO[0m [2mmoq_test_client::scenarios[0m[2m:[0m Publisher sending direct PUBLISH [3mnamespace[0m[2m=[0m/moq-test/publish [3mtrack[0m[2m=[0m"published-track"
[2m2026-09-02T22:00:45.312925Z[0m [32m INFO[0m [2mmoq_test_client::scenarios[0m[2m:[0m PUBLISH accepted [3mnamespace[0m[2m=[0m/moq-test/publish [3mtrack[0m[2m=[0m"published-track"
[2m2026-09-02T22:00:45.313006Z[0m [32m INFO[0m [2mmoq_test_client::scenarios[0m[2m:[0m PUBLISH completed [3mnamespace[0m[2m=[0m/moq-test/publish [3mtrack[0m[2m=[0m"published-track"
ok 7 - publish-track-only
  ---
  duration_ms: 258
  connection_id: 9bb66fd8a6c2186e021fcab09e6e38a1
  ...
[2m2026-09-02T22:00:45.313945Z[0m [32m INFO[0m [2mmoq_native_ietf::quic[0m[2m:[0m UDP socket bound [3mbind[0m[2m=[0m[::]:0 [3mlocal[0m[2m=[0m[::]:60726 [3mdual_stack[0m[2m=[0mtrue
[2m2026-09-02T22:00:45.335193Z[0m [33m WARN[0m [2mweb_transport_quinn::session[0m[2m:[0m failed to read capsule [3me[0m[2m=[0mUnexpectedEnd
[2m2026-09-02T22:00:45.393651Z[0m [32m INFO[0m [2mmoq_native_ietf::quic[0m[2m:[0m UDP socket bound [3mbind[0m[2m=[0m[::]:0 [3mlocal[0m[2m=[0m[::]:55728 [3mdual_stack[0m[2m=[0mtrue
[2m2026-09-02T22:00:45.457281Z[0m [32m INFO[0m [2mmoq_test_client::scenarios[0m[2m:[0m Publisher sending direct PUBLISH before subscriber subscribes [3mnamespace[0m[2m=[0m/moq-test/publish [3mtrack[0m[2m=[0m"published-track"
[2m2026-09-02T22:00:45.477866Z[0m [32m INFO[0m [2mmoq_test_client::scenarios[0m[2m:[0m PUBLISH accepted; starting subscriber [3mnamespace[0m[2m=[0m/moq-test/publish [3mtrack[0m[2m=[0m"published-track"
[2m2026-09-02T22:00:45.498324Z[0m [33m WARN[0m [2mmoq_transport::session[0m[2m:[0m unexpected bidi response message type [3mmsg_type[0m[2m=[0m2
[2m2026-09-02T22:00:45.498340Z[0m [33m WARN[0m [2mmoq_transport::serve::error[0m[2m:[0m [7a8cceb7-38c1-4ddb-91e6-8c7faff53bfb] Not implemented: bidi response type 0x2 at moq-transport/src/session/error.rs:89
not ok 8 - publish-track-subscribe
  ---
  duration_ms: 265
  message: "failed serving PUBLISH track: serve error: cancelled: cancelled"
  ...
[2m2026-09-02T22:00:45.579865Z[0m [32m INFO[0m [2mmoq_native_ietf::quic[0m[2m:[0m UDP socket bound [3mbind[0m[2m=[0m[::]:0 [3mlocal[0m[2m=[0m[::]:42830 [3mdual_stack[0m[2m=[0mtrue
[2m2026-09-02T22:00:45.598854Z[0m [33m WARN[0m [2mweb_transport_quinn::session[0m[2m:[0m failed to read capsule [3me[0m[2m=[0mUnexpectedEnd
[2m2026-09-02T22:00:45.599427Z[0m [33m WARN[0m [2mweb_transport_quinn::session[0m[2m:[0m failed to read capsule [3me[0m[2m=[0mUnexpectedEnd
[2m2026-09-02T22:00:45.850043Z[0m [32m INFO[0m [2mmoq_test_client::scenarios[0m[2m:[0m Subscribing with RENDEZVOUS_TIMEOUT to a track with no publisher [3mtimeout_ms[0m[2m=[0m500
[2m2026-09-02T22:00:45.872161Z[0m [33m WARN[0m [2mmoq_transport::serve::error[0m[2m:[0m [48f57c2a-b617-4c12-a301-c37f59621087] Not found: no such namespace or track at moq-transport/src/session/subscriber.rs:1646
not ok 9 - rendezvous-timeout
  ---
  duration_ms: 293
  message: "expected REQUEST_ERROR TIMEOUT, got: not found: Track not found [error:48f57c2a-b617-4c12-a301-c37f59621087]"
  ...
make[1]: *** [Makefile:122: test-external] Error 1
make[1]: Leaving directory '/home/runner/work/moq-interop-runner/moq-interop-runner/main'
