make[1]: Entering directory '/home/runner/work/moq-interop-runner/moq-interop-runner/main'
Running tests against moqt://moqt.nokiaresearch.com:4443/moq...
  Client: ghcr.io/openmoq/moqx-interop-client:latest
docker run --rm \
	 \
	--network host \
	-e RELAY_URL=moqt://moqt.nokiaresearch.com:4443/moq \
	-e TLS_DISABLE_VERIFY=false \
	ghcr.io/openmoq/moqx-interop-client:latest
TAP version 14
# moxygen interop test client
# Relay: moqt://moqt.nokiaresearch.com:4443/moq
# Transport: QUIC
# Offered ALPNs: moqt-18, moqt-16, moqt-15, moq-00
1..6
E0902 22:08:30.771065     1 MoQCodec.cpp:95] Frame underflow -> parse error
E0902 22:08:30.771100     1 MoQCodec.cpp:126] Conn error=3
E0902 22:08:30.771104     1 MoQSession.cpp:5774] MoQCodec control stream parse error err=3
not ok 1 - setup-only
  ---
  duration_ms: 353
  error: coroutine operation cancelled
  ...
E0902 22:08:31.189731     1 MoQCodec.cpp:95] Frame underflow -> parse error
E0902 22:08:31.189761     1 MoQCodec.cpp:126] Conn error=3
E0902 22:08:31.189765     1 MoQSession.cpp:5774] MoQCodec control stream parse error err=3
not ok 2 - announce-only
  ---
  duration_ms: 418
  error: coroutine operation cancelled
  ...
E0902 22:08:31.522023     1 MoQCodec.cpp:95] Frame underflow -> parse error
E0902 22:08:31.522057     1 MoQCodec.cpp:126] Conn error=3
E0902 22:08:31.522061     1 MoQSession.cpp:5774] MoQCodec control stream parse error err=3
not ok 3 - subscribe-error
  ---
  duration_ms: 332
  error: coroutine operation cancelled
  ...
E0902 22:08:31.944459     1 MoQCodec.cpp:95] Frame underflow -> parse error
E0902 22:08:31.944490     1 MoQCodec.cpp:126] Conn error=3
E0902 22:08:31.944494     1 MoQSession.cpp:5774] MoQCodec control stream parse error err=3
not ok 4 - announce-subscribe
  ---
  duration_ms: 422
  error: coroutine operation cancelled
  ...
E0902 22:08:32.363770     1 MoQCodec.cpp:95] Frame underflow -> parse error
E0902 22:08:32.363796     1 MoQCodec.cpp:126] Conn error=3
E0902 22:08:32.363800     1 MoQSession.cpp:5774] MoQCodec control stream parse error err=3
not ok 5 - publish-namespace-done
  ---
  duration_ms: 419
  error: coroutine operation cancelled
  ...
E0902 22:08:32.728072     1 MoQCodec.cpp:95] Frame underflow -> parse error
E0902 22:08:32.728101     1 MoQCodec.cpp:126] Conn error=3
E0902 22:08:32.728105     1 MoQSession.cpp:5774] MoQCodec control stream parse error err=3
not ok 6 - subscribe-before-announce
  ---
  duration_ms: 364
  error: coroutine operation cancelled
  ...
make[1]: *** [Makefile:122: test-external] Error 1
make[1]: Leaving directory '/home/runner/work/moq-interop-runner/moq-interop-runner/main'
