make[1]: Entering directory '/home/runner/work/moq-interop-runner/moq-interop-runner/main'
Running tests against https://us-west-2.relay.quicr.org:33437/relay...
  Client: ghcr.io/facebookexperimental/moxygen-interop-client:latest-amd64
docker run --rm \
	 \
	--network host \
	-e RELAY_URL=https://us-west-2.relay.quicr.org:33437/relay \
	-e TLS_DISABLE_VERIFY=1 \
	ghcr.io/facebookexperimental/moxygen-interop-client:latest-amd64
TAP version 14
# moxygen interop test client
# Relay: https://us-west-2.relay.quicr.org:33437/relay
# Transport: WebTransport
# Offered ALPNs: moqt-18, moqt-16, moqt-15, moq-00
1..6
W0902 22:54:16.284427     1 MoQWebTransportClient.cpp:175] WebTransport: No WT-Protocol header in response, will use legacy version negotiation
E0902 22:54:16.365619     1 MoQFramer.cpp:1080] Server selected version draft-1 but we only offer draft-14 in legacy mode
E0902 22:54:16.365643     1 MoQCodec.cpp:126] Conn error=21
E0902 22:54:16.365646     1 MoQSession.cpp:5956] MoQCodec control stream parse error err=21
not ok 1 - setup-only
  ---
  duration_ms: 323
  error: coroutine operation cancelled
  ...
W0902 22:54:16.530517     1 MoQWebTransportClient.cpp:175] WebTransport: No WT-Protocol header in response, will use legacy version negotiation
E0902 22:54:16.611629     1 MoQFramer.cpp:1080] Server selected version draft-1 but we only offer draft-14 in legacy mode
E0902 22:54:16.611655     1 MoQCodec.cpp:126] Conn error=21
E0902 22:54:16.611659     1 MoQSession.cpp:5956] MoQCodec control stream parse error err=21
not ok 2 - announce-only
  ---
  duration_ms: 245
  error: coroutine operation cancelled
  ...
W0902 22:54:16.937093     1 MoQWebTransportClient.cpp:175] WebTransport: No WT-Protocol header in response, will use legacy version negotiation
E0902 22:54:17.022225     1 MoQFramer.cpp:1080] Server selected version draft-1 but we only offer draft-14 in legacy mode
E0902 22:54:17.022249     1 MoQCodec.cpp:126] Conn error=21
E0902 22:54:17.022253     1 MoQSession.cpp:5956] MoQCodec control stream parse error err=21
not ok 3 - subscribe-error
  ---
  duration_ms: 410
  error: coroutine operation cancelled
  ...
W0902 22:54:19.295661     1 MoQWebTransportClient.cpp:175] WebTransport: No WT-Protocol header in response, will use legacy version negotiation
E0902 22:54:19.376657     1 MoQFramer.cpp:1080] Server selected version draft-1 but we only offer draft-14 in legacy mode
E0902 22:54:19.376683     1 MoQCodec.cpp:126] Conn error=21
E0902 22:54:19.376686     1 MoQSession.cpp:5956] MoQCodec control stream parse error err=21
not ok 4 - announce-subscribe
  ---
  duration_ms: 2354
  error: coroutine operation cancelled
  ...
W0902 22:54:19.696721     1 MoQWebTransportClient.cpp:175] WebTransport: No WT-Protocol header in response, will use legacy version negotiation
E0902 22:54:19.778256     1 MoQFramer.cpp:1080] Server selected version draft-1 but we only offer draft-14 in legacy mode
E0902 22:54:19.778281     1 MoQCodec.cpp:126] Conn error=21
E0902 22:54:19.778285     1 MoQSession.cpp:5956] MoQCodec control stream parse error err=21
not ok 5 - publish-namespace-done
  ---
  duration_ms: 401
  error: coroutine operation cancelled
  ...
W0902 22:54:19.944424     1 MoQWebTransportClient.cpp:175] WebTransport: No WT-Protocol header in response, will use legacy version negotiation
E0902 22:54:20.025362     1 MoQFramer.cpp:1080] Server selected version draft-1 but we only offer draft-14 in legacy mode
E0902 22:54:20.025387     1 MoQCodec.cpp:126] Conn error=21
E0902 22:54:20.025391     1 MoQSession.cpp:5956] MoQCodec control stream parse error err=21
not ok 6 - subscribe-before-announce
  ---
  duration_ms: 246
  error: coroutine operation cancelled
  ...
make[1]: *** [Makefile:122: test-external] Error 1
make[1]: Leaving directory '/home/runner/work/moq-interop-runner/moq-interop-runner/main'
