make[1]: Entering directory '/home/runner/work/moq-interop-runner/moq-interop-runner/main'
Running tests against https://draft-18-interop.cloudflare.mediaoverquic.com:443/moq...
  Client: ghcr.io/facebookexperimental/moxygen-interop-client:latest-amd64
docker run --rm \
	 \
	--network host \
	-e RELAY_URL=https://draft-18-interop.cloudflare.mediaoverquic.com:443/moq \
	-e TLS_DISABLE_VERIFY=false \
	ghcr.io/facebookexperimental/moxygen-interop-client:latest-amd64
TAP version 14
# moxygen interop test client
# Relay: https://draft-18-interop.cloudflare.mediaoverquic.com:443/moq
# Transport: WebTransport
# Offered ALPNs: moqt-18, moqt-16, moqt-15, moq-00
1..6
ok 1 - setup-only
  ---
  duration_ms: 312
  negotiated_version: draft-18
  info: SETUP exchange completed successfully
  ...
E0902 22:11:24.714751     1 MoQRelaySession.cpp:1116] PublishNamespaceDone for unknown publishNamespace, sess=0x55b195df9420
ok 2 - announce-only
  ---
  duration_ms: 285
  negotiated_version: draft-18
  info: PUBLISH_NAMESPACE completed successfully
  ...
E0902 22:11:25.001127     1 MoQSession.cpp:5180] No matching subscribe ID=0 sess=0x55b195ed9a10
E20260902 22:11:25.001529     1 HQControlCodec.h:58] Unexpected control stream EOF
E20260902 22:11:25.002554     1 HQSession.cpp:3115] Got error on control stream error=HTTP: Critical stream was closed streamID=3 sess=proto=h3, client CID=, server CID=d4c2853239d9591c, local=10.1.0.176:43722, 8.228.3.228:443=upstream, drain=done
ok 3 - subscribe-error
  ---
  duration_ms: 286
  negotiated_version: draft-18
  info: Subscribe correctly returned error: peer FINed without terminal reply
  ...
E0902 22:11:25.634435     1 MoQSession.cpp:5180] No matching subscribe ID=0 sess=0x55b195f3a570
E20260902 22:11:25.634696     1 HQControlCodec.h:58] Unexpected control stream EOF
E20260902 22:11:25.634763     1 HQSession.cpp:3115] Got error on control stream error=HTTP: Critical stream was closed streamID=3 sess=proto=h3, client CID=, server CID=e59bb10c24289f8b, local=10.1.0.176:39030, 8.228.3.228:443=upstream, drain=pending
not ok 4 - announce-subscribe
  ---
  duration_ms: 631
  negotiated_version: draft-18
  error: Subscribe failed: peer FINed without terminal reply
  ...
ok 5 - publish-namespace-done
  ---
  duration_ms: 263
  negotiated_version: draft-18
  info: PUBLISH_NAMESPACE_OK received, PUBLISH_NAMESPACE_DONE sent
  ...
E20260902 22:11:26.186856     1 HQControlCodec.h:58] Unexpected control stream EOF
E20260902 22:11:26.186939     1 HQSession.cpp:3115] Got error on control stream error=HTTP: Critical stream was closed streamID=3 sess=proto=h3, client CID=, server CID=192c24b4464a10a6, local=10.1.0.176:45102, 8.228.3.228:443=upstream, drain=done
ok 6 - subscribe-before-announce
  ---
  duration_ms: 979
  negotiated_version: draft-18
  info: Subscribe returned error (relay doesn't buffer pending subscriptions): Session closed
  ...
make[1]: *** [Makefile:122: test-external] Error 1
make[1]: Leaving directory '/home/runner/work/moq-interop-runner/moq-interop-runner/main'
