make[1]: Entering directory '/home/runner/work/moq-interop-runner/moq-interop-runner/main'
Running tests against https://draft-14.cloudflare.mediaoverquic.com:443/moq...
  Client: ghcr.io/englishm/moq-interop-runner-stitcher-moq-client:latest
docker run --rm \
	 \
	--network host \
	-e RELAY_URL=https://draft-14.cloudflare.mediaoverquic.com:443/moq \
	-e TLS_DISABLE_VERIFY=false \
	ghcr.io/englishm/moq-interop-runner-stitcher-moq-client:latest
TAP version 14
# stitcher-moq-client v0.1.0 (moq-net via moq-native 0.19)
# Relay: https://draft-14.cloudflare.mediaoverquic.com:443/moq
1..6
ok 1 - setup-only
  ---
  duration_ms: 69
  negotiated: moq-transport-14
  ...
not ok 2 - announce-only
  ---
  duration_ms: 189
  message: "session closed after announce: transport: connection error: closed"
  ...
not ok 3 - publish-namespace-done
  ---
  duration_ms: 158
  message: "session closed after announce: transport: connection error: closed"
  ...
ok 4 - subscribe-error
  ---
  duration_ms: 329
  negotiated: moq-transport-14
  outcome: "request rejected cleanly: unroutable"
  ...
not ok 5 - announce-subscribe
  ---
  duration_ms: 1856
  message: "timeout waiting for announcement: deadline has elapsed"
  ...
not ok 6 - subscribe-before-announce
  ---
  duration_ms: 2857
  message: "early subscribe never resolved after the announce: deadline has elapsed"
  ...
make[1]: *** [Makefile:122: test-external] Error 1
make[1]: Leaving directory '/home/runner/work/moq-interop-runner/moq-interop-runner/main'
