make[1]: Entering directory '/home/runner/work/moq-interop-runner/moq-interop-runner/main'
Running tests against https://34-72-6-160.sslip.io:443...
  Client: ghcr.io/englishm/moq-interop-runner-moq-test-client-draft-14:latest
docker run --rm \
	 \
	--network host \
	-e RELAY_URL=https://34-72-6-160.sslip.io:443 \
	-e TLS_DISABLE_VERIFY=false \
	ghcr.io/englishm/moq-interop-runner-moq-test-client-draft-14:latest
TAP version 14
# moq-test-client v0.1.7
# Relay: https://34-72-6-160.sslip.io/
1..6
[2m2026-09-28T01:53:26.302841Z[0m [32m INFO[0m [2mmoq_native_ietf::quic[0m[2m:[0m UDP socket bound [3mbind[0m[2m=[0m[::]:0 [3mlocal[0m[2m=[0m[::]:45591 [3mdual_stack[0m[2m=[0mtrue
[2m2026-09-28T01:53:26.553213Z[0m [32m INFO[0m [2mmoq_test_client::scenarios[0m[2m:[0m SETUP exchange completed successfully
ok 1 - setup-only
  ---
  duration_ms: 251
  connection_id: 29db25336ba2dc03612a8be93ac1e9c7
  ...
[2m2026-09-28T01:53:26.553963Z[0m [32m INFO[0m [2mmoq_native_ietf::quic[0m[2m:[0m UDP socket bound [3mbind[0m[2m=[0m[::]:0 [3mlocal[0m[2m=[0m[::]:41468 [3mdual_stack[0m[2m=[0mtrue
[2m2026-09-28T01:53:26.606786Z[0m [33m WARN[0m [2mweb_transport_quinn::session[0m[2m:[0m unknown capsule [3mtyp[0m[2m=[0m0 [3msize[0m[2m=[0m7
[2m2026-09-28T01:53:26.956978Z[0m [32m INFO[0m [2mmoq_test_client::scenarios[0m[2m:[0m Announcing namespace: moq-test/interop
[2m2026-09-28T01:53:26.957265Z[0m [33m WARN[0m [2mmoq_transport::serve::error[0m[2m:[0m [8f09f834-a99b-411e-9daa-6011efef4578] Not implemented: SUBSCRIBE_NAMESPACE at moq-transport/src/session/error.rs:77
[2m2026-09-28T01:53:26.957283Z[0m [33m WARN[0m [2mmoq_transport::session::publisher[0m[2m:[0m failed to process message: serve error: not implemented: Feature not implemented [error:8f09f834-a99b-411e-9daa-6011efef4578]
[2m2026-09-28T01:53:26.957291Z[0m [33m WARN[0m [2mmoq_transport::serve::error[0m[2m:[0m [8da1dff4-07d4-4101-95ef-6da4610f1e34] Not implemented: SUBSCRIBE_NAMESPACE at moq-transport/src/session/error.rs:77
[2m2026-09-28T01:53:26.957293Z[0m [33m WARN[0m [2mmoq_transport::session::publisher[0m[2m:[0m failed to process message: serve error: not implemented: Feature not implemented [error:8da1dff4-07d4-4101-95ef-6da4610f1e34]
[2m2026-09-28T01:53:26.957296Z[0m [33m WARN[0m [2mmoq_transport::serve::error[0m[2m:[0m [9bed1339-aefa-4862-bf39-cd7062f0e0f7] Not implemented: SUBSCRIBE_NAMESPACE at moq-transport/src/session/error.rs:77
[2m2026-09-28T01:53:26.957298Z[0m [33m WARN[0m [2mmoq_transport::session::publisher[0m[2m:[0m failed to process message: serve error: not implemented: Feature not implemented [error:9bed1339-aefa-4862-bf39-cd7062f0e0f7]
[2m2026-09-28T01:53:28.957963Z[0m [32m INFO[0m [2mmoq_test_client::scenarios[0m[2m:[0m Announce succeeded (no error received, waiting for subscriptions timed out)
ok 2 - announce-only
  ---
  duration_ms: 2404
  connection_id: 8f5fb7f188758610e2d16f9c4e033ba0
  ...
[2m2026-09-28T01:53:28.958655Z[0m [32m INFO[0m [2mmoq_native_ietf::quic[0m[2m:[0m UDP socket bound [3mbind[0m[2m=[0m[::]:0 [3mlocal[0m[2m=[0m[::]:55982 [3mdual_stack[0m[2m=[0mtrue
[2m2026-09-28T01:53:29.012393Z[0m [33m WARN[0m [2mweb_transport_quinn::session[0m[2m:[0m unknown capsule [3mtyp[0m[2m=[0m0 [3msize[0m[2m=[0m7
[2m2026-09-28T01:53:29.163402Z[0m [32m INFO[0m [2mmoq_test_client::scenarios[0m[2m:[0m Subscribing to non-existent track: nonexistent/namespace/test-track
[2m2026-09-28T01:53:29.163433Z[0m [33m WARN[0m [2mmoq_transport::serve::error[0m[2m:[0m [c6923b0c-6ebd-41a2-b88b-f4417494d8db] Not implemented: SUBSCRIBE_NAMESPACE at moq-transport/src/session/error.rs:77
[2m2026-09-28T01:53:29.163437Z[0m [33m WARN[0m [2mmoq_transport::session::publisher[0m[2m:[0m failed to process message: serve error: not implemented: Feature not implemented [error:c6923b0c-6ebd-41a2-b88b-f4417494d8db]
[2m2026-09-28T01:53:29.163443Z[0m [33m WARN[0m [2mmoq_transport::serve::error[0m[2m:[0m [1895715e-1f8d-4f15-bf26-fdb4936dbf09] Not implemented: SUBSCRIBE_NAMESPACE at moq-transport/src/session/error.rs:77
[2m2026-09-28T01:53:29.163445Z[0m [33m WARN[0m [2mmoq_transport::session::publisher[0m[2m:[0m failed to process message: serve error: not implemented: Feature not implemented [error:1895715e-1f8d-4f15-bf26-fdb4936dbf09]
[2m2026-09-28T01:53:29.163448Z[0m [33m WARN[0m [2mmoq_transport::serve::error[0m[2m:[0m [a8175d5a-20e2-4dea-b90c-baf90f2a32ed] Not implemented: SUBSCRIBE_NAMESPACE at moq-transport/src/session/error.rs:77
[2m2026-09-28T01:53:29.163449Z[0m [33m WARN[0m [2mmoq_transport::session::publisher[0m[2m:[0m failed to process message: serve error: not implemented: Feature not implemented [error:a8175d5a-20e2-4dea-b90c-baf90f2a32ed]
[2m2026-09-28T01:53:29.212725Z[0m [33m WARN[0m [2mmoq_test_client::scenarios[0m[2m:[0m Got error but not clearly 'not found': closed, code=4. This may indicate a different error type than expected.
ok 3 - subscribe-error
  ---
  duration_ms: 254
  connection_id: dbb5ca85a756ad2c1fba0e5e6851fc9b
  ...
[2m2026-09-28T01:53:29.213445Z[0m [32m INFO[0m [2mmoq_native_ietf::quic[0m[2m:[0m UDP socket bound [3mbind[0m[2m=[0m[::]:0 [3mlocal[0m[2m=[0m[::]:60939 [3mdual_stack[0m[2m=[0mtrue
[2m2026-09-28T01:53:29.261890Z[0m [33m WARN[0m [2mweb_transport_quinn::session[0m[2m:[0m unknown capsule [3mtyp[0m[2m=[0m0 [3msize[0m[2m=[0m7
[2m2026-09-28T01:53:29.618661Z[0m [32m INFO[0m [2mmoq_native_ietf::quic[0m[2m:[0m UDP socket bound [3mbind[0m[2m=[0m[::]:0 [3mlocal[0m[2m=[0m[::]:53947 [3mdual_stack[0m[2m=[0mtrue
[2m2026-09-28T01:53:30.021113Z[0m [32m INFO[0m [2mmoq_test_client::scenarios[0m[2m:[0m Publisher announcing namespace: moq-test/interop
[2m2026-09-28T01:53:30.021130Z[0m [32m INFO[0m [2mmoq_test_client::scenarios[0m[2m:[0m Subscriber subscribing to track: moq-test/interop/test-track
[2m2026-09-28T01:53:30.021160Z[0m [33m WARN[0m [2mmoq_transport::serve::error[0m[2m:[0m [3d062a98-9260-46f9-b7bc-19551e92f810] Not implemented: SUBSCRIBE_NAMESPACE at moq-transport/src/session/error.rs:77
[2m2026-09-28T01:53:30.021165Z[0m [33m WARN[0m [2mmoq_transport::session::publisher[0m[2m:[0m failed to process message: serve error: not implemented: Feature not implemented [error:3d062a98-9260-46f9-b7bc-19551e92f810]
[2m2026-09-28T01:53:30.021174Z[0m [33m WARN[0m [2mmoq_transport::serve::error[0m[2m:[0m [6de21d63-112a-4cdf-a419-089acbd9b900] Not implemented: SUBSCRIBE_NAMESPACE at moq-transport/src/session/error.rs:77
[2m2026-09-28T01:53:30.021176Z[0m [33m WARN[0m [2mmoq_transport::session::publisher[0m[2m:[0m failed to process message: serve error: not implemented: Feature not implemented [error:6de21d63-112a-4cdf-a419-089acbd9b900]
[2m2026-09-28T01:53:30.021179Z[0m [33m WARN[0m [2mmoq_transport::serve::error[0m[2m:[0m [7676fbf7-4646-4845-8370-660f6d4fe1e7] Not implemented: SUBSCRIBE_NAMESPACE at moq-transport/src/session/error.rs:77
[2m2026-09-28T01:53:30.021181Z[0m [33m WARN[0m [2mmoq_transport::session::publisher[0m[2m:[0m failed to process message: serve error: not implemented: Feature not implemented [error:7676fbf7-4646-4845-8370-660f6d4fe1e7]
[2m2026-09-28T01:53:30.021191Z[0m [33m WARN[0m [2mmoq_transport::serve::error[0m[2m:[0m [5ba2302d-8d05-492b-a828-5dc20c27aee5] Not implemented: SUBSCRIBE_NAMESPACE at moq-transport/src/session/error.rs:77
[2m2026-09-28T01:53:30.021196Z[0m [33m WARN[0m [2mmoq_transport::session::publisher[0m[2m:[0m failed to process message: serve error: not implemented: Feature not implemented [error:5ba2302d-8d05-492b-a828-5dc20c27aee5]
[2m2026-09-28T01:53:30.021200Z[0m [33m WARN[0m [2mmoq_transport::serve::error[0m[2m:[0m [f6119572-bed3-4688-9d9f-702fb8e1abd4] Not implemented: SUBSCRIBE_NAMESPACE at moq-transport/src/session/error.rs:77
[2m2026-09-28T01:53:30.021202Z[0m [33m WARN[0m [2mmoq_transport::session::publisher[0m[2m:[0m failed to process message: serve error: not implemented: Feature not implemented [error:f6119572-bed3-4688-9d9f-702fb8e1abd4]
[2m2026-09-28T01:53:30.021205Z[0m [33m WARN[0m [2mmoq_transport::serve::error[0m[2m:[0m [3160e7a4-3b29-40f2-a318-1f3662f412bc] Not implemented: SUBSCRIBE_NAMESPACE at moq-transport/src/session/error.rs:77
[2m2026-09-28T01:53:30.021207Z[0m [33m WARN[0m [2mmoq_transport::session::publisher[0m[2m:[0m failed to process message: serve error: not implemented: Feature not implemented [error:3160e7a4-3b29-40f2-a318-1f3662f412bc]
[2m2026-09-28T01:53:33.024381Z[0m [32m INFO[0m [2mmoq_test_client::scenarios[0m[2m:[0m Test timeout reached - subscription routing may still be in progress
ok 4 - announce-subscribe
  ---
  duration_ms: 3811
  publisher_connection_id: febeb2a02eded398dbc8d1a214efe1e8
  subscriber_connection_id: d4a9d9a81d14da89889218d82de326f7
  ...
[2m2026-09-28T01:53:33.025066Z[0m [32m INFO[0m [2mmoq_native_ietf::quic[0m[2m:[0m UDP socket bound [3mbind[0m[2m=[0m[::]:0 [3mlocal[0m[2m=[0m[::]:49577 [3mdual_stack[0m[2m=[0mtrue
[2m2026-09-28T01:53:33.077645Z[0m [33m WARN[0m [2mweb_transport_quinn::session[0m[2m:[0m unknown capsule [3mtyp[0m[2m=[0m0 [3msize[0m[2m=[0m7
[2m2026-09-28T01:53:33.077724Z[0m [33m WARN[0m [2mweb_transport_quinn::session[0m[2m:[0m unknown capsule [3mtyp[0m[2m=[0m0 [3msize[0m[2m=[0m7
[2m2026-09-28T01:53:33.264639Z[0m [32m INFO[0m [2mmoq_test_client::scenarios[0m[2m:[0m Subscriber subscribing BEFORE announce: moq-test/interop/test-track
[2m2026-09-28T01:53:33.264720Z[0m [33m WARN[0m [2mmoq_transport::serve::error[0m[2m:[0m [7a179dcd-7c3d-4c84-b260-3036342d5644] Not implemented: SUBSCRIBE_NAMESPACE at moq-transport/src/session/error.rs:77
[2m2026-09-28T01:53:33.264730Z[0m [33m WARN[0m [2mmoq_transport::session::publisher[0m[2m:[0m failed to process message: serve error: not implemented: Feature not implemented [error:7a179dcd-7c3d-4c84-b260-3036342d5644]
[2m2026-09-28T01:53:33.264737Z[0m [33m WARN[0m [2mmoq_transport::serve::error[0m[2m:[0m [ec0ee28e-cd69-4069-8eb1-d38755fc1e2c] Not implemented: SUBSCRIBE_NAMESPACE at moq-transport/src/session/error.rs:77
[2m2026-09-28T01:53:33.264739Z[0m [33m WARN[0m [2mmoq_transport::session::publisher[0m[2m:[0m failed to process message: serve error: not implemented: Feature not implemented [error:ec0ee28e-cd69-4069-8eb1-d38755fc1e2c]
[2m2026-09-28T01:53:33.264742Z[0m [33m WARN[0m [2mmoq_transport::serve::error[0m[2m:[0m [18d6b262-d7b8-4202-97e1-8aaf5ac43625] Not implemented: SUBSCRIBE_NAMESPACE at moq-transport/src/session/error.rs:77
[2m2026-09-28T01:53:33.264744Z[0m [33m WARN[0m [2mmoq_transport::session::publisher[0m[2m:[0m failed to process message: serve error: not implemented: Feature not implemented [error:18d6b262-d7b8-4202-97e1-8aaf5ac43625]
[2m2026-09-28T01:53:33.365920Z[0m [33m WARN[0m [2mweb_transport_quinn::session[0m[2m:[0m unknown capsule [3mtyp[0m[2m=[0m0 [3msize[0m[2m=[0m7
[2m2026-09-28T01:53:33.765907Z[0m [32m INFO[0m [2mmoq_native_ietf::quic[0m[2m:[0m UDP socket bound [3mbind[0m[2m=[0m[::]:0 [3mlocal[0m[2m=[0m[::]:57218 [3mdual_stack[0m[2m=[0mtrue
[2m2026-09-28T01:53:33.978174Z[0m [32m INFO[0m [2mmoq_test_client::scenarios[0m[2m:[0m Publisher announcing namespace (after subscriber): moq-test/interop
[2m2026-09-28T01:53:33.978216Z[0m [33m WARN[0m [2mmoq_transport::serve::error[0m[2m:[0m [2f73f9b5-1c87-4a45-99e8-84e2392d4b91] Not implemented: SUBSCRIBE_NAMESPACE at moq-transport/src/session/error.rs:77
[2m2026-09-28T01:53:33.978221Z[0m [33m WARN[0m [2mmoq_transport::session::publisher[0m[2m:[0m failed to process message: serve error: not implemented: Feature not implemented [error:2f73f9b5-1c87-4a45-99e8-84e2392d4b91]
[2m2026-09-28T01:53:33.978229Z[0m [33m WARN[0m [2mmoq_transport::serve::error[0m[2m:[0m [5570501d-d008-40a4-aa0c-050575f882cc] Not implemented: SUBSCRIBE_NAMESPACE at moq-transport/src/session/error.rs:77
[2m2026-09-28T01:53:33.978232Z[0m [33m WARN[0m [2mmoq_transport::session::publisher[0m[2m:[0m failed to process message: serve error: not implemented: Feature not implemented [error:5570501d-d008-40a4-aa0c-050575f882cc]
[2m2026-09-28T01:53:33.978234Z[0m [33m WARN[0m [2mmoq_transport::serve::error[0m[2m:[0m [257a650d-10c1-46c8-bfcc-8d7d8b8b6c13] Not implemented: SUBSCRIBE_NAMESPACE at moq-transport/src/session/error.rs:77
[2m2026-09-28T01:53:33.978236Z[0m [33m WARN[0m [2mmoq_transport::session::publisher[0m[2m:[0m failed to process message: serve error: not implemented: Feature not implemented [error:257a650d-10c1-46c8-bfcc-8d7d8b8b6c13]
[2m2026-09-28T01:53:36.979540Z[0m [32m INFO[0m [2mmoq_test_client::scenarios[0m[2m:[0m Publisher announce timeout (expected)
[2m2026-09-28T01:53:36.979561Z[0m [32m INFO[0m [2mmoq_test_client::scenarios[0m[2m:[0m Subscriber got error: closed, code=4 (may be expected)
ok 5 - subscribe-before-announce
  ---
  duration_ms: 3955
  subscriber_connection_id: 3d52d5e71d8bdb637daf78734eeb5df6
  publisher_connection_id: b80c30d26b20d28d3cf4cb8d5f1a9e89
  ...
[2m2026-09-28T01:53:36.980219Z[0m [32m INFO[0m [2mmoq_native_ietf::quic[0m[2m:[0m UDP socket bound [3mbind[0m[2m=[0m[::]:0 [3mlocal[0m[2m=[0m[::]:42221 [3mdual_stack[0m[2m=[0mtrue
[2m2026-09-28T01:53:37.031251Z[0m [33m WARN[0m [2mweb_transport_quinn::session[0m[2m:[0m unknown capsule [3mtyp[0m[2m=[0m0 [3msize[0m[2m=[0m7
[2m2026-09-28T01:53:37.230780Z[0m [32m INFO[0m [2mmoq_test_client::scenarios[0m[2m:[0m Announcing namespace: moq-test/interop
[2m2026-09-28T01:53:37.230952Z[0m [33m WARN[0m [2mmoq_transport::serve::error[0m[2m:[0m [303e06e3-688b-428b-81f0-1a4af433a242] Not implemented: SUBSCRIBE_NAMESPACE at moq-transport/src/session/error.rs:77
[2m2026-09-28T01:53:37.230962Z[0m [33m WARN[0m [2mmoq_transport::session::publisher[0m[2m:[0m failed to process message: serve error: not implemented: Feature not implemented [error:303e06e3-688b-428b-81f0-1a4af433a242]
[2m2026-09-28T01:53:37.230968Z[0m [33m WARN[0m [2mmoq_transport::serve::error[0m[2m:[0m [fcb9aa69-c626-40fa-a715-0cf3b345b5d7] Not implemented: SUBSCRIBE_NAMESPACE at moq-transport/src/session/error.rs:77
[2m2026-09-28T01:53:37.230971Z[0m [33m WARN[0m [2mmoq_transport::session::publisher[0m[2m:[0m failed to process message: serve error: not implemented: Feature not implemented [error:fcb9aa69-c626-40fa-a715-0cf3b345b5d7]
[2m2026-09-28T01:53:37.230974Z[0m [33m WARN[0m [2mmoq_transport::serve::error[0m[2m:[0m [b97ab8ac-8e1a-4bdd-8186-ea13809aefee] Not implemented: SUBSCRIBE_NAMESPACE at moq-transport/src/session/error.rs:77
[2m2026-09-28T01:53:37.230977Z[0m [33m WARN[0m [2mmoq_transport::session::publisher[0m[2m:[0m failed to process message: serve error: not implemented: Feature not implemented [error:b97ab8ac-8e1a-4bdd-8186-ea13809aefee]
[2m2026-09-28T01:53:39.232223Z[0m [32m INFO[0m [2mmoq_test_client::scenarios[0m[2m:[0m Announce active, now sending PUBLISH_NAMESPACE_DONE
[2m2026-09-28T01:53:39.285857Z[0m [33m WARN[0m [2mweb_transport_quinn::session[0m[2m:[0m unknown capsule [3mtyp[0m[2m=[0m0 [3msize[0m[2m=[0m7
[2m2026-09-28T01:53:39.333568Z[0m [32m INFO[0m [2mmoq_test_client::scenarios[0m[2m:[0m PUBLISH_NAMESPACE_DONE sent successfully
ok 6 - publish-namespace-done
  ---
  duration_ms: 2354
  connection_id: a96513038fba63df5e49fab912983cac
  ...
make[1]: Leaving directory '/home/runner/work/moq-interop-runner/moq-interop-runner/main'
