make[1]: Entering directory '/home/runner/work/moq-interop-runner/moq-interop-runner/main'
Running tests against moqt://moqt.nokiaresearch.com:4443/moq...
  Client: ghcr.io/englishm/moq-interop-runner-moq-test-client-draft-18:latest
docker run --rm \
	 \
	--network host \
	-e RELAY_URL=moqt://moqt.nokiaresearch.com:4443/moq \
	-e TLS_DISABLE_VERIFY=false \
	ghcr.io/englishm/moq-interop-runner-moq-test-client-draft-18:latest
TAP version 14
# moq-test-client v0.1.12
# Relay: moqt://moqt.nokiaresearch.com:4443/moq
1..18
[2m2026-09-28T00:52:16.678946Z[0m [32m INFO[0m [2mmoq_native_ietf::quic[0m[2m:[0m UDP socket bound [3mbind[0m[2m=[0m[::]:0 [3mlocal[0m[2m=[0m[::]:46509 [3mdual_stack[0m[2m=[0mtrue
[2m2026-09-28T00:52:17.494438Z[0m [32m INFO[0m [2mmoq_test_client::scenarios[0m[2m:[0m SETUP exchange completed successfully
ok 1 - setup-only
  ---
  duration_ms: 816
  connection_id: 1ad70aeae36d26314f120b10f325c48c
  ...
[2m2026-09-28T00:52:17.495203Z[0m [32m INFO[0m [2mmoq_native_ietf::quic[0m[2m:[0m UDP socket bound [3mbind[0m[2m=[0m[::]:0 [3mlocal[0m[2m=[0m[::]:52856 [3mdual_stack[0m[2m=[0mtrue
[2m2026-09-28T00:52:18.185767Z[0m [32m INFO[0m [2mmoq_test_client::scenarios[0m[2m:[0m Sending PUBLISH_NAMESPACE for: moq-test/interop
[2m2026-09-28T00:52:20.186484Z[0m [32m INFO[0m [2mmoq_test_client::scenarios[0m[2m:[0m PUBLISH_NAMESPACE succeeded (REQUEST_OK received, waiting for subscribers)
ok 2 - publish-namespace-only
  ---
  duration_ms: 2692
  connection_id: a54bbf1e6ae3908f8babf1492daa0fcb
  ...
[2m2026-09-28T00:52:20.187331Z[0m [32m INFO[0m [2mmoq_native_ietf::quic[0m[2m:[0m UDP socket bound [3mbind[0m[2m=[0m[::]:0 [3mlocal[0m[2m=[0m[::]:49063 [3mdual_stack[0m[2m=[0mtrue
[2m2026-09-28T00:52:20.906489Z[0m [32m INFO[0m [2mmoq_test_client::scenarios[0m[2m:[0m Subscribing to non-existent track: nonexistent/namespace/test-track
[2m2026-09-28T00:52:21.136074Z[0m [33m WARN[0m [2mmoq_transport::serve::error[0m[2m:[0m [3fa1b72d-7cfe-4743-9d5b-f4b00fb6a4ef] Not found: Track /nonexistent/namespace/test-track does not exist at moq-transport/src/session/subscriber.rs:1653
[2m2026-09-28T00:52:21.136194Z[0m [32m INFO[0m [2mmoq_test_client::scenarios[0m[2m:[0m Got expected 'not found' error: not found: Track not found [error:3fa1b72d-7cfe-4743-9d5b-f4b00fb6a4ef]
ok 3 - subscribe-error
  ---
  duration_ms: 949
  connection_id: 2a7c8d712627b9b26c7a1bde3e042dfb
  ...
[2m2026-09-28T00:52:21.136883Z[0m [32m INFO[0m [2mmoq_native_ietf::quic[0m[2m:[0m UDP socket bound [3mbind[0m[2m=[0m[::]:0 [3mlocal[0m[2m=[0m[::]:39717 [3mdual_stack[0m[2m=[0mtrue
[2m2026-09-28T00:52:21.951109Z[0m [32m INFO[0m [2mmoq_native_ietf::quic[0m[2m:[0m UDP socket bound [3mbind[0m[2m=[0m[::]:0 [3mlocal[0m[2m=[0m[::]:39683 [3mdual_stack[0m[2m=[0mtrue
[2m2026-09-28T00:52:22.676140Z[0m [32m INFO[0m [2mmoq_test_client::scenarios[0m[2m:[0m Publisher sending PUBLISH_NAMESPACE: moq-test/interop
[2m2026-09-28T00:52:22.676154Z[0m [32m INFO[0m [2mmoq_test_client::scenarios[0m[2m:[0m Subscriber subscribing to track: moq-test/interop/test-track
[2m2026-09-28T00:52:23.331815Z[0m [33m WARN[0m [2mmoq_transport::serve::error[0m[2m:[0m [0fb2210c-e0ca-4c1f-a432-bec8b6cb0a34] Not found: Track /moq-test/interop/test-track does not exist at moq-transport/src/session/subscriber.rs:1653
ok 4 - publish-namespace-subscribe
  ---
  duration_ms: 2195
  publisher_connection_id: 11cbe238a6853ef10b0edd0be00889e0
  subscriber_connection_id: b9df711720b4056cb53446914012db84
  ...
[2m2026-09-28T00:52:23.331993Z[0m [32m INFO[0m [2mmoq_test_client::scenarios[0m[2m:[0m Subscriber got error: not found: Track not found [error:0fb2210c-e0ca-4c1f-a432-bec8b6cb0a34] - subscription was processed
[2m2026-09-28T00:52:23.332696Z[0m [32m INFO[0m [2mmoq_native_ietf::quic[0m[2m:[0m UDP socket bound [3mbind[0m[2m=[0m[::]:0 [3mlocal[0m[2m=[0m[::]:36239 [3mdual_stack[0m[2m=[0mtrue
[2m2026-09-28T00:52:24.028176Z[0m [32m INFO[0m [2mmoq_test_client::scenarios[0m[2m:[0m Subscriber subscribing BEFORE PUBLISH_NAMESPACE: moq-test/interop/test-track
[2m2026-09-28T00:52:24.258971Z[0m [33m WARN[0m [2mmoq_transport::serve::error[0m[2m:[0m [49cc970e-8f5c-4e36-b54d-b6b06c265044] Not found: Track /moq-test/interop/test-track does not exist at moq-transport/src/session/subscriber.rs:1653
[2m2026-09-28T00:52:24.530225Z[0m [32m INFO[0m [2mmoq_native_ietf::quic[0m[2m:[0m UDP socket bound [3mbind[0m[2m=[0m[::]:0 [3mlocal[0m[2m=[0m[::]:42512 [3mdual_stack[0m[2m=[0mtrue
[2m2026-09-28T00:52:25.356616Z[0m [32m INFO[0m [2mmoq_test_client::scenarios[0m[2m:[0m Publisher sending PUBLISH_NAMESPACE (after subscriber): moq-test/interop
[2m2026-09-28T00:52:28.357458Z[0m [32m INFO[0m [2mmoq_test_client::scenarios[0m[2m:[0m Publisher PUBLISH_NAMESPACE timeout (expected)
[2m2026-09-28T00:52:28.357482Z[0m [32m INFO[0m [2mmoq_test_client::scenarios[0m[2m:[0m Subscriber got error: not found: Track not found [error:49cc970e-8f5c-4e36-b54d-b6b06c265044] (may be expected)
ok 5 - subscribe-before-publish-namespace
  ---
  duration_ms: 5025
  subscriber_connection_id: 5c35ca0a92a13d626b7a6ee75617dfd1
  publisher_connection_id: ad6996287a8d3e706e429c0029502f1c
  ...
[2m2026-09-28T00:52:28.358266Z[0m [32m INFO[0m [2mmoq_native_ietf::quic[0m[2m:[0m UDP socket bound [3mbind[0m[2m=[0m[::]:0 [3mlocal[0m[2m=[0m[::]:60350 [3mdual_stack[0m[2m=[0mtrue
[2m2026-09-28T00:52:29.086938Z[0m [32m INFO[0m [2mmoq_test_client::scenarios[0m[2m:[0m Sending PUBLISH_NAMESPACE: moq-test/interop
[2m2026-09-28T00:52:31.087650Z[0m [32m INFO[0m [2mmoq_test_client::scenarios[0m[2m:[0m PUBLISH_NAMESPACE active; sending PUBLISH_NAMESPACE_DONE
[2m2026-09-28T00:52:31.189025Z[0m [32m INFO[0m [2mmoq_test_client::scenarios[0m[2m:[0m PUBLISH_NAMESPACE_DONE sent successfully
ok 6 - publish-namespace-done
  ---
  duration_ms: 2831
  connection_id: 7e7553435b71db595fd3a8f7e28f65c3
  ...
[2m2026-09-28T00:52:31.189744Z[0m [32m INFO[0m [2mmoq_native_ietf::quic[0m[2m:[0m UDP socket bound [3mbind[0m[2m=[0m[::]:0 [3mlocal[0m[2m=[0m[::]:37783 [3mdual_stack[0m[2m=[0mtrue
[2m2026-09-28T00:52:31.978179Z[0m [32m INFO[0m [2mmoq_test_client::scenarios[0m[2m:[0m Publisher sending direct PUBLISH [3mnamespace[0m[2m=[0m/moq-test/publish [3mtrack[0m[2m=[0m"published-track"
[2m2026-09-28T00:52:32.200679Z[0m [32m INFO[0m [2mmoq_test_client::scenarios[0m[2m:[0m PUBLISH accepted [3mnamespace[0m[2m=[0m/moq-test/publish [3mtrack[0m[2m=[0m"published-track"
[2m2026-09-28T00:52:32.200790Z[0m [32m INFO[0m [2mmoq_test_client::scenarios[0m[2m:[0m PUBLISH completed [3mnamespace[0m[2m=[0m/moq-test/publish [3mtrack[0m[2m=[0m"published-track"
ok 7 - publish-track-only
  ---
  duration_ms: 1011
  connection_id: 0b7983f51b66237ac0897e85a5d53768
  ...
[2m2026-09-28T00:52:32.201486Z[0m [32m INFO[0m [2mmoq_native_ietf::quic[0m[2m:[0m UDP socket bound [3mbind[0m[2m=[0m[::]:0 [3mlocal[0m[2m=[0m[::]:44363 [3mdual_stack[0m[2m=[0mtrue
[2m2026-09-28T00:52:33.409374Z[0m [32m INFO[0m [2mmoq_native_ietf::quic[0m[2m:[0m UDP socket bound [3mbind[0m[2m=[0m[::]:0 [3mlocal[0m[2m=[0m[::]:37525 [3mdual_stack[0m[2m=[0mtrue
[2m2026-09-28T00:52:34.109957Z[0m [32m INFO[0m [2mmoq_test_client::scenarios[0m[2m:[0m Publisher sending direct PUBLISH before subscriber subscribes [3mnamespace[0m[2m=[0m/moq-test/publish [3mtrack[0m[2m=[0m"published-track"
[2m2026-09-28T00:52:34.690090Z[0m [32m INFO[0m [2mmoq_test_client::scenarios[0m[2m:[0m PUBLISH accepted; starting subscriber [3mnamespace[0m[2m=[0m/moq-test/publish [3mtrack[0m[2m=[0m"published-track"
[2m2026-09-28T00:52:40.010683Z[0m [33m WARN[0m [2mmoq_transport::session::subscriber[0m[2m:[0m PUBLISH_DONE Stream Count was never reached; ending subscription on timer [3mrequest_id[0m[2m=[0m0 [3mtimeout_ms[0m[2m=[0m5000
not ok 8 - publish-track-subscribe
  ---
  duration_ms: 7810
  message: "subscriber track mode failed: closed, code=2"
  ...
[2m2026-09-28T00:52:40.011525Z[0m [32m INFO[0m [2mmoq_native_ietf::quic[0m[2m:[0m UDP socket bound [3mbind[0m[2m=[0m[::]:0 [3mlocal[0m[2m=[0m[::]:58845 [3mdual_stack[0m[2m=[0mtrue
[2m2026-09-28T00:52:40.767023Z[0m [32m INFO[0m [2mmoq_test_client::scenarios[0m[2m:[0m Subscribing with RENDEZVOUS_TIMEOUT to a track with no publisher [3mtimeout_ms[0m[2m=[0m500
ok 9 - rendezvous-timeout
  ---
  duration_ms: 1497
  connection_id: 0a8bad7a42faf251e3a364591f39ae66
  ...
[2m2026-09-28T00:52:41.508200Z[0m [32m INFO[0m [2mmoq_test_client::scenarios[0m[2m:[0m Received expected REQUEST_ERROR TIMEOUT
[2m2026-09-28T00:52:41.508943Z[0m [32m INFO[0m [2mmoq_native_ietf::quic[0m[2m:[0m UDP socket bound [3mbind[0m[2m=[0m[::]:0 [3mlocal[0m[2m=[0m[::]:36287 [3mdual_stack[0m[2m=[0mtrue
[2m2026-09-28T00:52:42.517016Z[0m [32m INFO[0m [2mmoq_native_ietf::quic[0m[2m:[0m UDP socket bound [3mbind[0m[2m=[0m[::]:0 [3mlocal[0m[2m=[0m[::]:60567 [3mdual_stack[0m[2m=[0mtrue
[2m2026-09-28T00:52:43.422305Z[0m [32m INFO[0m [2mmoq_test_client::moqtest[0m[2m:[0m PUBLISH accepted and subscription bound; generating objects [3mobjects[0m[2m=[0m15 [3mstreams[0m[2m=[0m3
[2m2026-09-28T00:52:43.469475Z[0m [32m INFO[0m [2mmoq_test_client::moqtest[0m[2m:[0m PUBLISH completed
[2m2026-09-28T00:52:43.964705Z[0m [32m INFO[0m [2mmoq_test_client[0m[2m:[0m moq-test passed: objects 15/15, eog 0/0, streams 3, publish_done status=2 stream_count=3 reason=ReasonPhrase("publish ended")
ok 10 - moq-test-subgroup-per-group
  ---
  duration_ms: 2456
  subscriber_connection_id: df6ee2ac8d3388d5d08c91a0e1444028
  publisher_connection_id: eef5ed721f39a8562ec2a16e9dc56cfa
  ...
[2m2026-09-28T00:52:43.965446Z[0m [32m INFO[0m [2mmoq_native_ietf::quic[0m[2m:[0m UDP socket bound [3mbind[0m[2m=[0m[::]:0 [3mlocal[0m[2m=[0m[::]:43660 [3mdual_stack[0m[2m=[0mtrue
[2m2026-09-28T00:52:45.332455Z[0m [32m INFO[0m [2mmoq_native_ietf::quic[0m[2m:[0m UDP socket bound [3mbind[0m[2m=[0m[::]:0 [3mlocal[0m[2m=[0m[::]:42672 [3mdual_stack[0m[2m=[0mtrue
[2m2026-09-28T00:52:46.267313Z[0m [32m INFO[0m [2mmoq_test_client::moqtest[0m[2m:[0m PUBLISH accepted and subscription bound; generating objects [3mobjects[0m[2m=[0m15 [3mstreams[0m[2m=[0m3
[2m2026-09-28T00:52:46.323985Z[0m [32m INFO[0m [2mmoq_test_client::moqtest[0m[2m:[0m PUBLISH completed
[2m2026-09-28T00:52:46.563675Z[0m [32m INFO[0m [2mmoq_test_client[0m[2m:[0m moq-test passed: objects 15/15, eog 3/3, streams 3, publish_done status=2 stream_count=3 reason=ReasonPhrase("publish ended")
ok 11 - moq-test-subgroup-per-group-eog
  ---
  duration_ms: 2598
  subscriber_connection_id: 5bae354292ab4df75bcd59c71e123930
  publisher_connection_id: 59a2c9189ceaad73b87f1658773f6069
  ...
[2m2026-09-28T00:52:46.564362Z[0m [32m INFO[0m [2mmoq_native_ietf::quic[0m[2m:[0m UDP socket bound [3mbind[0m[2m=[0m[::]:0 [3mlocal[0m[2m=[0m[::]:35716 [3mdual_stack[0m[2m=[0mtrue
[2m2026-09-28T00:52:47.473095Z[0m [32m INFO[0m [2mmoq_native_ietf::quic[0m[2m:[0m UDP socket bound [3mbind[0m[2m=[0m[::]:0 [3mlocal[0m[2m=[0m[::]:50939 [3mdual_stack[0m[2m=[0mtrue
[2m2026-09-28T00:52:48.410660Z[0m [32m INFO[0m [2mmoq_test_client::moqtest[0m[2m:[0m PUBLISH accepted and subscription bound; generating objects [3mobjects[0m[2m=[0m8 [3mstreams[0m[2m=[0m8
[2m2026-09-28T00:52:48.436330Z[0m [32m INFO[0m [2mmoq_test_client::moqtest[0m[2m:[0m PUBLISH completed
ok 12 - moq-test-subgroup-per-object
  ---
  duration_ms: 2109
  subscriber_connection_id: b2ff9ebc5943ad4360e4c39ff6a1fd4a
  publisher_connection_id: e619ab3eaa6f96539b4917d0687196f1
  ...
[2m2026-09-28T00:52:48.672864Z[0m [32m INFO[0m [2mmoq_test_client[0m[2m:[0m moq-test passed: objects 8/8, eog 0/0, streams 8, publish_done status=2 stream_count=8 reason=ReasonPhrase("publish ended")
[2m2026-09-28T00:52:48.673551Z[0m [32m INFO[0m [2mmoq_native_ietf::quic[0m[2m:[0m UDP socket bound [3mbind[0m[2m=[0m[::]:0 [3mlocal[0m[2m=[0m[::]:60310 [3mdual_stack[0m[2m=[0mtrue
[2m2026-09-28T00:52:49.555898Z[0m [32m INFO[0m [2mmoq_native_ietf::quic[0m[2m:[0m UDP socket bound [3mbind[0m[2m=[0m[::]:0 [3mlocal[0m[2m=[0m[::]:58581 [3mdual_stack[0m[2m=[0mtrue
[2m2026-09-28T00:52:50.472812Z[0m [32m INFO[0m [2mmoq_test_client::moqtest[0m[2m:[0m PUBLISH accepted and subscription bound; generating objects [3mobjects[0m[2m=[0m18 [3mstreams[0m[2m=[0m6
[2m2026-09-28T00:52:50.538553Z[0m [32m INFO[0m [2mmoq_test_client::moqtest[0m[2m:[0m PUBLISH completed
ok 13 - moq-test-two-subgroups-eog
  ---
  duration_ms: 2089
  subscriber_connection_id: 08a7a183a92845bebe41bedc3bd2fe60
  publisher_connection_id: 8d766dc7215a0a679ed597fa472b4c4b
  ...
[2m2026-09-28T00:52:50.762133Z[0m [32m INFO[0m [2mmoq_test_client[0m[2m:[0m moq-test passed: objects 18/18, eog 3/3, streams 6, publish_done status=2 stream_count=6 reason=ReasonPhrase("publish ended")
[2m2026-09-28T00:52:50.762787Z[0m [32m INFO[0m [2mmoq_native_ietf::quic[0m[2m:[0m UDP socket bound [3mbind[0m[2m=[0m[::]:0 [3mlocal[0m[2m=[0m[::]:50429 [3mdual_stack[0m[2m=[0mtrue
[2m2026-09-28T00:52:51.662206Z[0m [32m INFO[0m [2mmoq_native_ietf::quic[0m[2m:[0m UDP socket bound [3mbind[0m[2m=[0m[::]:0 [3mlocal[0m[2m=[0m[::]:40859 [3mdual_stack[0m[2m=[0mtrue
[2m2026-09-28T00:52:52.646868Z[0m [32m INFO[0m [2mmoq_test_client::moqtest[0m[2m:[0m PUBLISH accepted and subscription bound; generating objects [3mobjects[0m[2m=[0m15 [3mstreams[0m[2m=[0m0
[2m2026-09-28T00:52:52.964654Z[0m [32m INFO[0m [2mmoq_test_client::moqtest[0m[2m:[0m PUBLISH completed
not ok 14 - moq-test-datagram
  ---
  duration_ms: 2430
  message: "moq-test verification failed: missing 7 objects (first 5): (0, 3), (0, 4), (1, 0), (1, 1), (1, 4)"
  ...
[2m2026-09-28T00:52:53.193171Z[0m [32m INFO[0m [2mmoq_native_ietf::quic[0m[2m:[0m UDP socket bound [3mbind[0m[2m=[0m[::]:0 [3mlocal[0m[2m=[0m[::]:58811 [3mdual_stack[0m[2m=[0mtrue
[2m2026-09-28T00:52:54.337511Z[0m [32m INFO[0m [2mmoq_native_ietf::quic[0m[2m:[0m UDP socket bound [3mbind[0m[2m=[0m[::]:0 [3mlocal[0m[2m=[0m[::]:56242 [3mdual_stack[0m[2m=[0mtrue
[2m2026-09-28T00:52:55.263546Z[0m [32m INFO[0m [2mmoq_test_client::moqtest[0m[2m:[0m PUBLISH accepted and subscription bound; generating objects [3mobjects[0m[2m=[0m15 [3mstreams[0m[2m=[0m0
[2m2026-09-28T00:52:55.643691Z[0m [32m INFO[0m [2mmoq_test_client::moqtest[0m[2m:[0m PUBLISH completed
not ok 15 - moq-test-datagram-eog
  ---
  duration_ms: 2693
  message: "moq-test verification failed: missing 1 objects (first 5): (2, 1)"
  ...
[2m2026-09-28T00:52:55.886639Z[0m [32m INFO[0m [2mmoq_native_ietf::quic[0m[2m:[0m UDP socket bound [3mbind[0m[2m=[0m[::]:0 [3mlocal[0m[2m=[0m[::]:52622 [3mdual_stack[0m[2m=[0mtrue
[2m2026-09-28T00:52:56.774453Z[0m [32m INFO[0m [2mmoq_native_ietf::quic[0m[2m:[0m UDP socket bound [3mbind[0m[2m=[0m[::]:0 [3mlocal[0m[2m=[0m[::]:40753 [3mdual_stack[0m[2m=[0mtrue
[2m2026-09-28T00:52:57.637851Z[0m [32m INFO[0m [2mmoq_test_client::moqtest[0m[2m:[0m PUBLISH accepted and subscription bound; generating objects [3mobjects[0m[2m=[0m15 [3mstreams[0m[2m=[0m3
[2m2026-09-28T00:52:57.693673Z[0m [32m INFO[0m [2mmoq_test_client::moqtest[0m[2m:[0m PUBLISH completed
ok 16 - moq-test-extensions
  ---
  duration_ms: 2039
  subscriber_connection_id: 04277ecc10f96d96687c0186c837ce5e
  publisher_connection_id: 67864632919fdaaf172350a8a753ac09
  ...
[2m2026-09-28T00:52:57.925408Z[0m [32m INFO[0m [2mmoq_test_client[0m[2m:[0m moq-test passed: objects 15/15, eog 3/3, streams 3, publish_done status=2 stream_count=3 reason=ReasonPhrase("publish ended")
[2m2026-09-28T00:52:57.926138Z[0m [32m INFO[0m [2mmoq_native_ietf::quic[0m[2m:[0m UDP socket bound [3mbind[0m[2m=[0m[::]:0 [3mlocal[0m[2m=[0m[::]:55662 [3mdual_stack[0m[2m=[0mtrue
[2m2026-09-28T00:52:59.572830Z[0m [32m INFO[0m [2mmoq_native_ietf::quic[0m[2m:[0m UDP socket bound [3mbind[0m[2m=[0m[::]:0 [3mlocal[0m[2m=[0m[::]:56463 [3mdual_stack[0m[2m=[0mtrue
[2m2026-09-28T00:53:00.521316Z[0m [32m INFO[0m [2mmoq_test_client::moqtest[0m[2m:[0m PUBLISH accepted and subscription bound; generating objects [3mobjects[0m[2m=[0m9 [3mstreams[0m[2m=[0m3
[2m2026-09-28T00:53:00.550234Z[0m [32m INFO[0m [2mmoq_test_client::moqtest[0m[2m:[0m PUBLISH completed
[2m2026-09-28T00:53:00.989863Z[0m [32m INFO[0m [2mmoq_test_client[0m[2m:[0m moq-test passed: objects 9/9, eog 0/0, streams 3, publish_done status=2 stream_count=3 reason=ReasonPhrase("publish ended")
ok 17 - moq-test-increments
  ---
  duration_ms: 3064
  subscriber_connection_id: a73d3707a743909747b373fb629457cf
  publisher_connection_id: 734b30edc5a7e4019cad07ee3313b81d
  ...
[2m2026-09-28T00:53:00.990565Z[0m [32m INFO[0m [2mmoq_native_ietf::quic[0m[2m:[0m UDP socket bound [3mbind[0m[2m=[0m[::]:0 [3mlocal[0m[2m=[0m[::]:51897 [3mdual_stack[0m[2m=[0mtrue
[2m2026-09-28T00:53:01.877997Z[0m [32m INFO[0m [2mmoq_native_ietf::quic[0m[2m:[0m UDP socket bound [3mbind[0m[2m=[0m[::]:0 [3mlocal[0m[2m=[0m[::]:55301 [3mdual_stack[0m[2m=[0mtrue
[2m2026-09-28T00:53:03.242062Z[0m [32m INFO[0m [2mmoq_test_client::moqtest[0m[2m:[0m PUBLISH accepted and subscription bound; generating objects [3mobjects[0m[2m=[0m6 [3mstreams[0m[2m=[0m2
[2m2026-09-28T00:53:03.259387Z[0m [32m INFO[0m [2mmoq_test_client::moqtest[0m[2m:[0m PUBLISH completed
[2m2026-09-28T00:53:08.871094Z[0m [33m WARN[0m [2mmoq_transport::session::subscriber[0m[2m:[0m PUBLISH_DONE Stream Count was never reached; ending subscription on timer [3mrequest_id[0m[2m=[0m0 [3mtimeout_ms[0m[2m=[0m5000
not ok 18 - moq-test-forward-zero
  ---
  duration_ms: 7881
  message: "moq-test verification failed: PUBLISH_DONE stream count 2 != expected 0"
  ...
make[1]: *** [Makefile:122: test-external] Error 1
make[1]: Leaving directory '/home/runner/work/moq-interop-runner/moq-interop-runner/main'
