make[1]: Entering directory '/home/runner/work/moq-interop-runner/moq-interop-runner/main'
Running tests against https://us-west-2.relay.quicr.org:33437/relay...
  Client: ghcr.io/openmoq/moqx-interop-client:latest
docker run --rm \
	 \
	--network host \
	-e RELAY_URL=https://us-west-2.relay.quicr.org:33437/relay \
	-e TLS_DISABLE_VERIFY=1 \
	ghcr.io/openmoq/moqx-interop-client:latest
TAP version 14
# moxygen interop test client
# Relay: https://us-west-2.relay.quicr.org:33437/relay
# Transport: WebTransport
# Offered ALPNs: moqt-18, moqt-16, moqt-15, moq-00
1..6
W0928 01:54:55.193949     1 MoQWebTransportClient.cpp:178] WebTransport: No WT-Protocol header in response, will use legacy version negotiation
E0928 01:54:55.229411     1 MoQFramer.cpp:1149] Server selected version draft-1 but we only offer draft-14 in legacy mode
E0928 01:54:55.229429     1 MoQCodec.cpp:126] Conn error=21
E0928 01:54:55.229433     1 MoQSession.cpp:5928] MoQCodec control stream parse error err=21
not ok 1 - setup-only
  ---
  duration_ms: 376
  error: coroutine operation cancelled
  ...
W0928 01:54:55.570677     1 MoQWebTransportClient.cpp:178] WebTransport: No WT-Protocol header in response, will use legacy version negotiation
E0928 01:54:55.606507     1 MoQFramer.cpp:1149] Server selected version draft-1 but we only offer draft-14 in legacy mode
E0928 01:54:55.606529     1 MoQCodec.cpp:126] Conn error=21
E0928 01:54:55.606532     1 MoQSession.cpp:5928] MoQCodec control stream parse error err=21
not ok 2 - announce-only
  ---
  duration_ms: 377
  error: coroutine operation cancelled
  ...
W0928 01:54:55.718532     1 MoQWebTransportClient.cpp:178] WebTransport: No WT-Protocol header in response, will use legacy version negotiation
E0928 01:54:55.754792     1 MoQFramer.cpp:1149] Server selected version draft-1 but we only offer draft-14 in legacy mode
E0928 01:54:55.754817     1 MoQCodec.cpp:126] Conn error=21
E0928 01:54:55.754820     1 MoQSession.cpp:5928] MoQCodec control stream parse error err=21
not ok 3 - subscribe-error
  ---
  duration_ms: 148
  error: coroutine operation cancelled
  ...
W0928 01:54:55.842544     1 MoQWebTransportClient.cpp:178] WebTransport: No WT-Protocol header in response, will use legacy version negotiation
E0928 01:54:55.879192     1 MoQFramer.cpp:1149] Server selected version draft-1 but we only offer draft-14 in legacy mode
E0928 01:54:55.879210     1 MoQCodec.cpp:126] Conn error=21
E0928 01:54:55.879213     1 MoQSession.cpp:5928] MoQCodec control stream parse error err=21
not ok 4 - announce-subscribe
  ---
  duration_ms: 124
  error: coroutine operation cancelled
  ...
W0928 01:54:55.954960     1 MoQWebTransportClient.cpp:178] WebTransport: No WT-Protocol header in response, will use legacy version negotiation
E0928 01:54:55.991372     1 MoQFramer.cpp:1149] Server selected version draft-1 but we only offer draft-14 in legacy mode
E0928 01:54:55.991388     1 MoQCodec.cpp:126] Conn error=21
E0928 01:54:55.991391     1 MoQSession.cpp:5928] MoQCodec control stream parse error err=21
not ok 5 - publish-namespace-done
  ---
  duration_ms: 111
  error: coroutine operation cancelled
  ...
W0928 01:54:56.109475     1 MoQWebTransportClient.cpp:178] WebTransport: No WT-Protocol header in response, will use legacy version negotiation
E0928 01:54:56.145302     1 MoQFramer.cpp:1149] Server selected version draft-1 but we only offer draft-14 in legacy mode
E0928 01:54:56.145326     1 MoQCodec.cpp:126] Conn error=21
E0928 01:54:56.145330     1 MoQSession.cpp:5928] MoQCodec control stream parse error err=21
not ok 6 - subscribe-before-announce
  ---
  duration_ms: 153
  error: coroutine operation cancelled
  ...
make[1]: *** [Makefile:122: test-external] Error 1
make[1]: Leaving directory '/home/runner/work/moq-interop-runner/moq-interop-runner/main'
