make[1]: Entering directory '/home/runner/work/moq-interop-runner/moq-interop-runner/main'
Running tests against moqt://moqt.nokiaresearch.com:4443/moq...
  Client: ghcr.io/openmoq/moqx-interop-client:latest
docker run --rm \
	 \
	--network host \
	-e RELAY_URL=moqt://moqt.nokiaresearch.com:4443/moq \
	-e TLS_DISABLE_VERIFY=false \
	ghcr.io/openmoq/moqx-interop-client:latest
TAP version 14
# moxygen interop test client
# Relay: moqt://moqt.nokiaresearch.com:4443/moq
# Transport: QUIC
# Offered ALPNs: moqt-18, moqt-16, moqt-15, moq-00
1..6
ok 1 - setup-only
  ---
  duration_ms: 727
  negotiated_version: draft-18
  info: SETUP exchange completed successfully
  ...
E0928 01:05:30.350854     1 MoQRelaySession.cpp:1123] PublishNamespaceDone for unknown publishNamespace, sess=0x55ecec1829b0
ok 2 - announce-only
  ---
  duration_ms: 787
  negotiated_version: draft-18
  info: PUBLISH_NAMESPACE completed successfully
  ...
ok 3 - subscribe-error
  ---
  duration_ms: 771
  negotiated_version: draft-18
  info: Subscribe correctly returned error: Track /nonexistent/no-such-track does not exist
  ...
E0928 01:05:32.960140     1 MoQSession.cpp:6400] publishDone for invalid id=1 sess=0x55ecec12e0a0
ok 4 - announce-subscribe
  ---
  duration_ms: 1837
  negotiated_version: draft-18
  info: Publisher announced, subscriber subscribed successfully
  ...
ok 5 - publish-namespace-done
  ---
  duration_ms: 800
  negotiated_version: draft-18
  info: PUBLISH_NAMESPACE_OK received, PUBLISH_NAMESPACE_DONE sent
  ...
ok 6 - subscribe-before-announce
  ---
  duration_ms: 1863
  negotiated_version: draft-18
  info: Subscribe returned error (relay doesn't buffer pending subscriptions): Track /moq-test/interop/test-track does not exist
  ...
E20260928 01:05:36.625130     1 EventHandler.cpp:95] EventBase: failed to register event handler for fd 11: Resource temporarily unavailable
E20260928 01:05:36.626138     1 EventHandler.cpp:95] EventBase: failed to register event handler for fd 9: Resource temporarily unavailable
make[1]: Leaving directory '/home/runner/work/moq-interop-runner/moq-interop-runner/main'
