make[1]: Entering directory '/home/runner/work/moq-interop-runner/moq-interop-runner/main'
Running tests against moqt://draft-18-interop.cloudflare.mediaoverquic.com:443...
  Client: ghcr.io/openmoq/moqx-interop-client:latest
docker run --rm \
	 \
	--network host \
	-e RELAY_URL=moqt://draft-18-interop.cloudflare.mediaoverquic.com:443 \
	-e TLS_DISABLE_VERIFY=false \
	ghcr.io/openmoq/moqx-interop-client:latest
TAP version 14
# moxygen interop test client
# Relay: moqt://draft-18-interop.cloudflare.mediaoverquic.com:443
# Transport: QUIC
# Offered ALPNs: moqt-18, moqt-16, moqt-15, moq-00
1..6
ok 1 - setup-only
  ---
  duration_ms: 78
  negotiated_version: draft-18
  info: SETUP exchange completed successfully
  ...
E0928 01:05:03.920103     1 MoQRelaySession.cpp:1123] PublishNamespaceDone for unknown publishNamespace, sess=0x5594d2ff2ff0
ok 2 - announce-only
  ---
  duration_ms: 45
  negotiated_version: draft-18
  info: PUBLISH_NAMESPACE completed successfully
  ...
E0928 01:05:03.980564     1 MoQSession.cpp:5152] No matching subscribe ID=0 sess=0x5594d3008da0
ok 3 - subscribe-error
  ---
  duration_ms: 60
  negotiated_version: draft-18
  info: Subscribe correctly returned error: Session closed
  ...
E0928 01:05:04.135670     1 MoQSession.cpp:5152] No matching subscribe ID=0 sess=0x5594d2f8d4b0
not ok 4 - announce-subscribe
  ---
  duration_ms: 155
  negotiated_version: draft-18
  error: Subscribe failed: Session closed
  ...
ok 5 - publish-namespace-done
  ---
  duration_ms: 70
  negotiated_version: draft-18
  info: PUBLISH_NAMESPACE_OK received, PUBLISH_NAMESPACE_DONE sent
  ...
E0928 01:05:04.254321     1 MoQSession.cpp:5152] No matching subscribe ID=0 sess=0x5594d3026cf0
ok 6 - subscribe-before-announce
  ---
  duration_ms: 624
  negotiated_version: draft-18
  info: Subscribe returned error (relay doesn't buffer pending subscriptions): Session closed
  ...
make[1]: *** [Makefile:122: test-external] Error 1
make[1]: Leaving directory '/home/runner/work/moq-interop-runner/moq-interop-runner/main'
