make[1]: Entering directory '/home/runner/work/moq-interop-runner/moq-interop-runner/main'
Running tests against https://relay.moqtail.dev...
  Client: ghcr.io/facebookexperimental/moxygen-interop-client:latest-amd64
docker run --rm \
	 \
	--network host \
	-e RELAY_URL=https://relay.moqtail.dev \
	-e TLS_DISABLE_VERIFY=false \
	ghcr.io/facebookexperimental/moxygen-interop-client:latest-amd64
TAP version 14
# moxygen interop test client
# Relay: https://relay.moqtail.dev
# Transport: WebTransport
# Offered ALPNs: moqt-18, moqt-16, moqt-15, moq-00
1..6
ok 1 - setup-only
  ---
  duration_ms: 261
  negotiated_version: draft-18
  info: SETUP exchange completed successfully
  ...
E20260928 01:08:58.346498     1 HQSession.cpp:583] Connection closed with error err=1 msg=Client closed by peer reason=Error in control stream handler proto=h3, client CID=, server CID=04b0e84d129db8c2, local=10.1.0.226:45396, 172.232.23.42:443=upstream, drain=done
E0928 01:08:58.549306     1 MoQRelaySession.cpp:1123] PublishNamespaceDone for unknown publishNamespace, sess=0x557c9c868040
ok 2 - announce-only
  ---
  duration_ms: 252
  negotiated_version: draft-18
  info: PUBLISH_NAMESPACE completed successfully
  ...
E0928 01:08:58.782727     1 MoQSession.cpp:5156] No matching subscribe ID=0 sess=0x557c9c8287e0
ok 3 - subscribe-error
  ---
  duration_ms: 233
  negotiated_version: draft-18
  info: Subscribe correctly returned error: peer FINed without terminal reply
  ...
E20260928 01:08:58.851068     1 HQSession.cpp:583] Connection closed with error err=1 msg=Client closed by peer reason=Error in control stream handler proto=h3, client CID=, server CID=d8a9bbaf69c84bbf, local=10.1.0.226:51436, 172.232.23.42:443=upstream, drain=done
E0928 01:08:59.267957     1 MoQSession.cpp:5156] No matching subscribe ID=0 sess=0x557c9c887770
not ok 4 - announce-subscribe
  ---
  duration_ms: 485
  negotiated_version: draft-18
  error: Subscribe failed: peer FINed without terminal reply
  ...
E20260928 01:08:59.318418     1 HQSession.cpp:583] Connection closed with error err=1 msg=Client closed by peer reason=Error in control stream handler proto=h3, client CID=, server CID=2d5d8308c0820c7f, local=10.1.0.226:43200, 172.232.23.42:443=upstream, drain=done
ok 5 - publish-namespace-done
  ---
  duration_ms: 203
  negotiated_version: draft-18
  info: PUBLISH_NAMESPACE_OK received, PUBLISH_NAMESPACE_DONE sent
  ...
E0928 01:08:59.705755     1 MoQSession.cpp:5156] No matching subscribe ID=0 sess=0x557c9c868ef0
ok 6 - subscribe-before-announce
  ---
  duration_ms: 938
  negotiated_version: draft-18
  info: Subscribe returned error (relay doesn't buffer pending subscriptions): peer FINed without terminal reply
  ...
E20260928 01:09:00.460812     1 HQSession.cpp:583] Connection closed with error err=1 msg=Client closed by peer reason=Error in control stream handler proto=h3, client CID=, server CID=74e95c8322dd4c5d, local=10.1.0.226:42154, 172.232.23.42:443=upstream, drain=done
make[1]: *** [Makefile:122: test-external] Error 1
make[1]: Leaving directory '/home/runner/work/moq-interop-runner/moq-interop-runner/main'
