make[1]: Entering directory '/home/runner/work/moq-interop-runner/moq-interop-runner/main'
Running tests against moqt://moqx-main.ci.openmoq.org:4433...
  Client: ghcr.io/englishm/moq-interop-runner-moq-test-client-draft-18:latest
docker run --rm \
	 \
	--network host \
	-e RELAY_URL=moqt://moqx-main.ci.openmoq.org:4433 \
	-e TLS_DISABLE_VERIFY=false \
	ghcr.io/englishm/moq-interop-runner-moq-test-client-draft-18:latest
TAP version 14
# moq-test-client v0.1.12
# Relay: moqt://moqx-main.ci.openmoq.org:4433
1..18
[2m2026-09-14T00:55:19.866160Z[0m [32m INFO[0m [2mmoq_native_ietf::quic[0m[2m:[0m UDP socket bound [3mbind[0m[2m=[0m[::]:0 [3mlocal[0m[2m=[0m[::]:44090 [3mdual_stack[0m[2m=[0mtrue
[2m2026-09-14T00:55:19.955646Z[0m [32m INFO[0m [2mmoq_test_client::scenarios[0m[2m:[0m SETUP exchange completed successfully
ok 1 - setup-only
  ---
  duration_ms: 90
  connection_id: f7ebfc67092002494704458db25a77b8
  ...
[2m2026-09-14T00:55:19.956751Z[0m [32m INFO[0m [2mmoq_native_ietf::quic[0m[2m:[0m UDP socket bound [3mbind[0m[2m=[0m[::]:0 [3mlocal[0m[2m=[0m[::]:48325 [3mdual_stack[0m[2m=[0mtrue
[2m2026-09-14T00:55:20.118467Z[0m [32m INFO[0m [2mmoq_test_client::scenarios[0m[2m:[0m Sending PUBLISH_NAMESPACE for: moq-test/interop
ok 2 - publish-namespace-only
  ---
  duration_ms: 2163
  connection_id: 8c6b1e37c3b35453128821d81d6d6ffa
  ...
[2m2026-09-14T00:55:22.119370Z[0m [32m INFO[0m [2mmoq_test_client::scenarios[0m[2m:[0m PUBLISH_NAMESPACE succeeded (REQUEST_OK received, waiting for subscribers)
[2m2026-09-14T00:55:22.120471Z[0m [32m INFO[0m [2mmoq_native_ietf::quic[0m[2m:[0m UDP socket bound [3mbind[0m[2m=[0m[::]:0 [3mlocal[0m[2m=[0m[::]:60589 [3mdual_stack[0m[2m=[0mtrue
[2m2026-09-14T00:55:22.137121Z[0m [32m INFO[0m [2mmoq_test_client::scenarios[0m[2m:[0m Subscribing to non-existent track: nonexistent/namespace/test-track
[2m2026-09-14T00:55:22.149148Z[0m [33m WARN[0m [2mmoq_transport::serve::error[0m[2m:[0m [b02bbe83-d133-4b4d-a26a-6c8eba59a63c] Not found: no such namespace or track at moq-transport/src/session/subscriber.rs:1653
[2m2026-09-14T00:55:22.149189Z[0m [32m INFO[0m [2mmoq_test_client::scenarios[0m[2m:[0m Got expected 'not found' error: not found: Track not found [error:b02bbe83-d133-4b4d-a26a-6c8eba59a63c]
ok 3 - subscribe-error
  ---
  duration_ms: 29
  connection_id: 678677f7714d4287cf4ffde968898bde
  ...
[2m2026-09-14T00:55:22.150270Z[0m [32m INFO[0m [2mmoq_native_ietf::quic[0m[2m:[0m UDP socket bound [3mbind[0m[2m=[0m[::]:0 [3mlocal[0m[2m=[0m[::]:32812 [3mdual_stack[0m[2m=[0mtrue
[2m2026-09-14T00:55:22.180573Z[0m [32m INFO[0m [2mmoq_native_ietf::quic[0m[2m:[0m UDP socket bound [3mbind[0m[2m=[0m[::]:0 [3mlocal[0m[2m=[0m[::]:46356 [3mdual_stack[0m[2m=[0mtrue
[2m2026-09-14T00:55:22.220389Z[0m [32m INFO[0m [2mmoq_test_client::scenarios[0m[2m:[0m Publisher sending PUBLISH_NAMESPACE: moq-test/interop
[2m2026-09-14T00:55:22.220408Z[0m [32m INFO[0m [2mmoq_test_client::scenarios[0m[2m:[0m Subscriber subscribing to track: moq-test/interop/test-track
[2m2026-09-14T00:55:22.232418Z[0m [33m WARN[0m [2mmoq_transport::serve::error[0m[2m:[0m [c1e349a3-8b80-4ed6-a8e2-725f2f651858] Not found: no such namespace or track at moq-transport/src/session/subscriber.rs:1653
[2m2026-09-14T00:55:22.232471Z[0m [32m INFO[0m [2mmoq_test_client::scenarios[0m[2m:[0m Subscriber got error: not found: Track not found [error:c1e349a3-8b80-4ed6-a8e2-725f2f651858] - subscription was processed
ok 4 - publish-namespace-subscribe
  ---
  duration_ms: 83
  publisher_connection_id: 79f60ff5a7b205ad1974252e8183c373
  subscriber_connection_id: ad08fac16d0820a1f487476904169720
  ...
[2m2026-09-14T00:55:22.233599Z[0m [32m INFO[0m [2mmoq_native_ietf::quic[0m[2m:[0m UDP socket bound [3mbind[0m[2m=[0m[::]:0 [3mlocal[0m[2m=[0m[::]:33737 [3mdual_stack[0m[2m=[0mtrue
[2m2026-09-14T00:55:22.272185Z[0m [32m INFO[0m [2mmoq_test_client::scenarios[0m[2m:[0m Subscriber subscribing BEFORE PUBLISH_NAMESPACE: moq-test/interop/test-track
[2m2026-09-14T00:55:22.284011Z[0m [33m WARN[0m [2mmoq_transport::serve::error[0m[2m:[0m [602daa15-5bbd-498a-93be-633883e22780] Not found: no such namespace or track at moq-transport/src/session/subscriber.rs:1653
[2m2026-09-14T00:55:22.774158Z[0m [32m INFO[0m [2mmoq_native_ietf::quic[0m[2m:[0m UDP socket bound [3mbind[0m[2m=[0m[::]:0 [3mlocal[0m[2m=[0m[::]:50840 [3mdual_stack[0m[2m=[0mtrue
[2m2026-09-14T00:55:22.823031Z[0m [32m INFO[0m [2mmoq_test_client::scenarios[0m[2m:[0m Publisher sending PUBLISH_NAMESPACE (after subscriber): moq-test/interop
[2m2026-09-14T00:55:25.824961Z[0m [32m INFO[0m [2mmoq_test_client::scenarios[0m[2m:[0m Publisher PUBLISH_NAMESPACE timeout (expected)
[2m2026-09-14T00:55:25.824987Z[0m [32m INFO[0m [2mmoq_test_client::scenarios[0m[2m:[0m Subscriber got error: not found: Track not found [error:602daa15-5bbd-498a-93be-633883e22780] (may be expected)
ok 5 - subscribe-before-publish-namespace
  ---
  duration_ms: 3592
  subscriber_connection_id: 36b94b1a424300224b51915f85c69a07
  publisher_connection_id: ce8e3de2f234e930b8120ba6ebae80a4
  ...
[2m2026-09-14T00:55:25.826141Z[0m [32m INFO[0m [2mmoq_native_ietf::quic[0m[2m:[0m UDP socket bound [3mbind[0m[2m=[0m[::]:0 [3mlocal[0m[2m=[0m[::]:48436 [3mdual_stack[0m[2m=[0mtrue
[2m2026-09-14T00:55:26.107651Z[0m [32m INFO[0m [2mmoq_test_client::scenarios[0m[2m:[0m Sending PUBLISH_NAMESPACE: moq-test/interop
[2m2026-09-14T00:55:28.108096Z[0m [32m INFO[0m [2mmoq_test_client::scenarios[0m[2m:[0m PUBLISH_NAMESPACE active; sending PUBLISH_NAMESPACE_DONE
[2m2026-09-14T00:55:28.209204Z[0m [32m INFO[0m [2mmoq_test_client::scenarios[0m[2m:[0m PUBLISH_NAMESPACE_DONE sent successfully
ok 6 - publish-namespace-done
  ---
  duration_ms: 2384
  connection_id: f4f32d264fc00a6052e12975facb3025
  ...
[2m2026-09-14T00:55:28.210276Z[0m [32m INFO[0m [2mmoq_native_ietf::quic[0m[2m:[0m UDP socket bound [3mbind[0m[2m=[0m[::]:0 [3mlocal[0m[2m=[0m[::]:49736 [3mdual_stack[0m[2m=[0mtrue
[2m2026-09-14T00:55:28.281086Z[0m [32m INFO[0m [2mmoq_test_client::scenarios[0m[2m:[0m Publisher sending direct PUBLISH [3mnamespace[0m[2m=[0m/moq-test/publish [3mtrack[0m[2m=[0m"published-track"
[2m2026-09-14T00:55:28.303381Z[0m [32m INFO[0m [2mmoq_test_client::scenarios[0m[2m:[0m PUBLISH accepted [3mnamespace[0m[2m=[0m/moq-test/publish [3mtrack[0m[2m=[0m"published-track"
[2m2026-09-14T00:55:28.303443Z[0m [32m INFO[0m [2mmoq_test_client::scenarios[0m[2m:[0m PUBLISH completed [3mnamespace[0m[2m=[0m/moq-test/publish [3mtrack[0m[2m=[0m"published-track"
ok 7 - publish-track-only
  ---
  duration_ms: 94
  connection_id: 8e83439da0c3e3115dfd045a0cc81f06
  ...
[2m2026-09-14T00:55:28.304573Z[0m [32m INFO[0m [2mmoq_native_ietf::quic[0m[2m:[0m UDP socket bound [3mbind[0m[2m=[0m[::]:0 [3mlocal[0m[2m=[0m[::]:42601 [3mdual_stack[0m[2m=[0mtrue
[2m2026-09-14T00:55:28.337274Z[0m [32m INFO[0m [2mmoq_native_ietf::quic[0m[2m:[0m UDP socket bound [3mbind[0m[2m=[0m[::]:0 [3mlocal[0m[2m=[0m[::]:57841 [3mdual_stack[0m[2m=[0mtrue
[2m2026-09-14T00:55:28.364690Z[0m [32m INFO[0m [2mmoq_test_client::scenarios[0m[2m:[0m Publisher sending direct PUBLISH before subscriber subscribes [3mnamespace[0m[2m=[0m/moq-test/publish [3mtrack[0m[2m=[0m"published-track"
[2m2026-09-14T00:55:28.389767Z[0m [32m INFO[0m [2mmoq_test_client::scenarios[0m[2m:[0m PUBLISH accepted; starting subscriber [3mnamespace[0m[2m=[0m/moq-test/publish [3mtrack[0m[2m=[0m"published-track"
[2m2026-09-14T00:55:28.414930Z[0m [33m WARN[0m [2mmoq_transport::session[0m[2m:[0m unexpected bidi response message type [3mmsg_type[0m[2m=[0m2
[2m2026-09-14T00:55:28.414946Z[0m [33m WARN[0m [2mmoq_transport::serve::error[0m[2m:[0m [1f44574f-a4d8-41b4-a5b5-4c58d0117659] Not implemented: bidi response type 0x2 at moq-transport/src/session/error.rs:89
not ok 8 - publish-track-subscribe
  ---
  duration_ms: 186
  message: "failed serving PUBLISH track: serve error: cancelled: cancelled"
  ...
[2m2026-09-14T00:55:28.491154Z[0m [32m INFO[0m [2mmoq_native_ietf::quic[0m[2m:[0m UDP socket bound [3mbind[0m[2m=[0m[::]:0 [3mlocal[0m[2m=[0m[::]:36497 [3mdual_stack[0m[2m=[0mtrue
[2m2026-09-14T00:55:28.570676Z[0m [32m INFO[0m [2mmoq_test_client::scenarios[0m[2m:[0m Subscribing with RENDEZVOUS_TIMEOUT to a track with no publisher [3mtimeout_ms[0m[2m=[0m500
[2m2026-09-14T00:55:28.596168Z[0m [33m WARN[0m [2mmoq_transport::serve::error[0m[2m:[0m [5a96e3a7-4dcb-4205-ac44-fd0b3c482831] Not found: no such namespace or track at moq-transport/src/session/subscriber.rs:1653
not ok 9 - rendezvous-timeout
  ---
  duration_ms: 106
  message: "expected REQUEST_ERROR TIMEOUT, got: not found: Track not found [error:5a96e3a7-4dcb-4205-ac44-fd0b3c482831]"
  ...
[2m2026-09-14T00:55:28.597168Z[0m [32m INFO[0m [2mmoq_native_ietf::quic[0m[2m:[0m UDP socket bound [3mbind[0m[2m=[0m[::]:0 [3mlocal[0m[2m=[0m[::]:38595 [3mdual_stack[0m[2m=[0mtrue
[2m2026-09-14T00:55:28.645867Z[0m [33m WARN[0m [2mmoq_transport::serve::error[0m[2m:[0m [1238473c-d1a5-4fc4-b76b-892abecbdd1e] Not found: no such namespace or track at moq-transport/src/session/subscriber.rs:1653
[2m2026-09-14T00:55:28.825613Z[0m [32m INFO[0m [2mmoq_native_ietf::quic[0m[2m:[0m UDP socket bound [3mbind[0m[2m=[0m[::]:0 [3mlocal[0m[2m=[0m[::]:54050 [3mdual_stack[0m[2m=[0mtrue
not ok 10 - moq-test-subgroup-per-group
  ---
  duration_ms: 278
  message: "subscriber setup failed before generation started"
  ...
[2m2026-09-14T00:55:28.875129Z[0m [32m INFO[0m [2mmoq_native_ietf::quic[0m[2m:[0m UDP socket bound [3mbind[0m[2m=[0m[::]:0 [3mlocal[0m[2m=[0m[::]:60581 [3mdual_stack[0m[2m=[0mtrue
[2m2026-09-14T00:55:28.903375Z[0m [33m WARN[0m [2mmoq_transport::serve::error[0m[2m:[0m [6c5e15bb-bb91-4995-a61b-c78ca5268d26] Not found: no such namespace or track at moq-transport/src/session/subscriber.rs:1653
[2m2026-09-14T00:55:29.092921Z[0m [32m INFO[0m [2mmoq_native_ietf::quic[0m[2m:[0m UDP socket bound [3mbind[0m[2m=[0m[::]:0 [3mlocal[0m[2m=[0m[::]:39354 [3mdual_stack[0m[2m=[0mtrue
not ok 11 - moq-test-subgroup-per-group-eog
  ---
  duration_ms: 328
  message: "subscriber setup failed before generation started"
  ...
[2m2026-09-14T00:55:29.203638Z[0m [32m INFO[0m [2mmoq_native_ietf::quic[0m[2m:[0m UDP socket bound [3mbind[0m[2m=[0m[::]:0 [3mlocal[0m[2m=[0m[::]:60253 [3mdual_stack[0m[2m=[0mtrue
[2m2026-09-14T00:55:29.304099Z[0m [33m WARN[0m [2mmoq_transport::serve::error[0m[2m:[0m [21d7dd52-53ae-4f3c-b3cc-f261cc29fd4a] Not found: no such namespace or track at moq-transport/src/session/subscriber.rs:1653
[2m2026-09-14T00:55:29.483542Z[0m [32m INFO[0m [2mmoq_native_ietf::quic[0m[2m:[0m UDP socket bound [3mbind[0m[2m=[0m[::]:0 [3mlocal[0m[2m=[0m[::]:33387 [3mdual_stack[0m[2m=[0mtrue
not ok 12 - moq-test-subgroup-per-object
  ---
  duration_ms: 315
  message: "subscriber setup failed before generation started"
  ...
[2m2026-09-14T00:55:29.518757Z[0m [32m INFO[0m [2mmoq_native_ietf::quic[0m[2m:[0m UDP socket bound [3mbind[0m[2m=[0m[::]:0 [3mlocal[0m[2m=[0m[::]:59339 [3mdual_stack[0m[2m=[0mtrue
[2m2026-09-14T00:55:29.552671Z[0m [33m WARN[0m [2mmoq_transport::serve::error[0m[2m:[0m [5c697a97-7b0d-4788-bfdb-db3013c69915] Not found: no such namespace or track at moq-transport/src/session/subscriber.rs:1653
[2m2026-09-14T00:55:29.740539Z[0m [32m INFO[0m [2mmoq_native_ietf::quic[0m[2m:[0m UDP socket bound [3mbind[0m[2m=[0m[::]:0 [3mlocal[0m[2m=[0m[::]:37692 [3mdual_stack[0m[2m=[0mtrue
not ok 13 - moq-test-two-subgroups-eog
  ---
  duration_ms: 250
  message: "subscriber setup failed before generation started"
  ...
[2m2026-09-14T00:55:29.769576Z[0m [32m INFO[0m [2mmoq_native_ietf::quic[0m[2m:[0m UDP socket bound [3mbind[0m[2m=[0m[::]:0 [3mlocal[0m[2m=[0m[::]:51073 [3mdual_stack[0m[2m=[0mtrue
[2m2026-09-14T00:55:29.821722Z[0m [33m WARN[0m [2mmoq_transport::serve::error[0m[2m:[0m [e76fdc8f-ee3f-4419-b91b-4dba6dab4be2] Not found: no such namespace or track at moq-transport/src/session/subscriber.rs:1653
[2m2026-09-14T00:55:30.001540Z[0m [32m INFO[0m [2mmoq_native_ietf::quic[0m[2m:[0m UDP socket bound [3mbind[0m[2m=[0m[::]:0 [3mlocal[0m[2m=[0m[::]:51847 [3mdual_stack[0m[2m=[0mtrue
not ok 14 - moq-test-datagram
  ---
  duration_ms: 348
  message: "subscriber setup failed before generation started"
  ...
[2m2026-09-14T00:55:30.118343Z[0m [32m INFO[0m [2mmoq_native_ietf::quic[0m[2m:[0m UDP socket bound [3mbind[0m[2m=[0m[::]:0 [3mlocal[0m[2m=[0m[::]:44527 [3mdual_stack[0m[2m=[0mtrue
[2m2026-09-14T00:55:30.180530Z[0m [33m WARN[0m [2mmoq_transport::serve::error[0m[2m:[0m [d36d9d00-b6a2-41d9-8455-1f8996c69d1c] Not found: no such namespace or track at moq-transport/src/session/subscriber.rs:1653
[2m2026-09-14T00:55:30.368115Z[0m [32m INFO[0m [2mmoq_native_ietf::quic[0m[2m:[0m UDP socket bound [3mbind[0m[2m=[0m[::]:0 [3mlocal[0m[2m=[0m[::]:41246 [3mdual_stack[0m[2m=[0mtrue
not ok 15 - moq-test-datagram-eog
  ---
  duration_ms: 314
  message: "subscriber setup failed before generation started"
  ...
[2m2026-09-14T00:55:30.433043Z[0m [32m INFO[0m [2mmoq_native_ietf::quic[0m[2m:[0m UDP socket bound [3mbind[0m[2m=[0m[::]:0 [3mlocal[0m[2m=[0m[::]:37359 [3mdual_stack[0m[2m=[0mtrue
[2m2026-09-14T00:55:30.457274Z[0m [33m WARN[0m [2mmoq_transport::serve::error[0m[2m:[0m [94df8d24-3df6-4908-b591-f682904edbcd] Not found: no such namespace or track at moq-transport/src/session/subscriber.rs:1653
[2m2026-09-14T00:55:30.649495Z[0m [32m INFO[0m [2mmoq_native_ietf::quic[0m[2m:[0m UDP socket bound [3mbind[0m[2m=[0m[::]:0 [3mlocal[0m[2m=[0m[::]:51871 [3mdual_stack[0m[2m=[0mtrue
not ok 16 - moq-test-extensions
  ---
  duration_ms: 604
  message: "subscriber setup failed before generation started"
  ...
[2m2026-09-14T00:55:31.037098Z[0m [32m INFO[0m [2mmoq_native_ietf::quic[0m[2m:[0m UDP socket bound [3mbind[0m[2m=[0m[::]:0 [3mlocal[0m[2m=[0m[::]:47787 [3mdual_stack[0m[2m=[0mtrue
[2m2026-09-14T00:55:31.140605Z[0m [33m WARN[0m [2mmoq_transport::serve::error[0m[2m:[0m [5cf3ab34-8ae4-4d68-a1f1-29cd0be47934] Not found: no such namespace or track at moq-transport/src/session/subscriber.rs:1653
[2m2026-09-14T00:55:31.317147Z[0m [32m INFO[0m [2mmoq_native_ietf::quic[0m[2m:[0m UDP socket bound [3mbind[0m[2m=[0m[::]:0 [3mlocal[0m[2m=[0m[::]:59630 [3mdual_stack[0m[2m=[0mtrue
not ok 17 - moq-test-increments
  ---
  duration_ms: 310
  message: "subscriber setup failed before generation started"
  ...
[2m2026-09-14T00:55:31.347461Z[0m [32m INFO[0m [2mmoq_native_ietf::quic[0m[2m:[0m UDP socket bound [3mbind[0m[2m=[0m[::]:0 [3mlocal[0m[2m=[0m[::]:51602 [3mdual_stack[0m[2m=[0mtrue
[2m2026-09-14T00:55:31.473852Z[0m [33m WARN[0m [2mmoq_transport::serve::error[0m[2m:[0m [26656a10-8915-4b59-848f-5befe8b1786d] Not found: no such namespace or track at moq-transport/src/session/subscriber.rs:1653
[2m2026-09-14T00:55:31.664321Z[0m [32m INFO[0m [2mmoq_native_ietf::quic[0m[2m:[0m UDP socket bound [3mbind[0m[2m=[0m[::]:0 [3mlocal[0m[2m=[0m[::]:35892 [3mdual_stack[0m[2m=[0mtrue
not ok 18 - moq-test-forward-zero
  ---
  duration_ms: 387
  message: "subscriber setup failed before generation started"
  ...
make[1]: *** [Makefile:122: test-external] Error 1
make[1]: Leaving directory '/home/runner/work/moq-interop-runner/moq-interop-runner/main'
