make[1]: Entering directory '/home/runner/work/moq-interop-runner/moq-interop-runner/main'
Running tests against https://34-72-6-160.sslip.io:443...
  Client: ghcr.io/englishm/moq-interop-runner-moq-test-client:latest
docker run --rm \
	 \
	--network host \
	-e RELAY_URL=https://34-72-6-160.sslip.io:443 \
	-e TLS_DISABLE_VERIFY=false \
	ghcr.io/englishm/moq-interop-runner-moq-test-client:latest
TAP version 14
# moq-test-client v0.1.13
# Relay: https://34-72-6-160.sslip.io/
1..8
[2m2026-09-14T01:45:41.944556Z[0m [32m INFO[0m [2mmoq_native_ietf::quic[0m[2m:[0m UDP socket bound [3mbind[0m[2m=[0m[::]:0 [3mlocal[0m[2m=[0m[::]:36696 [3mdual_stack[0m[2m=[0mtrue
ok 1 - setup-only
  ---
  duration_ms: 331
  connection_id: 337815d370aa9d80c1ac4b611df47e5e
  ...
[2m2026-09-14T01:45:42.274825Z[0m [32m INFO[0m [2mmoq_test_client::scenarios[0m[2m:[0m SETUP exchange completed successfully
[2m2026-09-14T01:45:42.275963Z[0m [32m INFO[0m [2mmoq_native_ietf::quic[0m[2m:[0m UDP socket bound [3mbind[0m[2m=[0m[::]:0 [3mlocal[0m[2m=[0m[::]:51906 [3mdual_stack[0m[2m=[0mtrue
[2m2026-09-14T01:45:42.320392Z[0m [33m WARN[0m [2mweb_transport_quinn::session[0m[2m:[0m failed to read capsule [3me[0m[2m=[0mUnexpectedEnd
[2m2026-09-14T01:45:42.774727Z[0m [32m INFO[0m [2mmoq_test_client::scenarios[0m[2m:[0m Sending PUBLISH_NAMESPACE for: moq-test/interop
[2m2026-09-14T01:45:44.775983Z[0m [32m INFO[0m [2mmoq_test_client::scenarios[0m[2m:[0m PUBLISH_NAMESPACE succeeded (REQUEST_OK received, waiting for subscribers)
ok 2 - publish-namespace-only
  ---
  duration_ms: 2501
  connection_id: bc533886a9a8aa9edf03766c966d575f
  ...
[2m2026-09-14T01:45:44.777010Z[0m [32m INFO[0m [2mmoq_native_ietf::quic[0m[2m:[0m UDP socket bound [3mbind[0m[2m=[0m[::]:0 [3mlocal[0m[2m=[0m[::]:49640 [3mdual_stack[0m[2m=[0mtrue
[2m2026-09-14T01:45:45.096846Z[0m [32m INFO[0m [2mmoq_test_client::scenarios[0m[2m:[0m Subscribing to non-existent track: nonexistent/namespace/test-track
[2m2026-09-14T01:45:45.143197Z[0m [33m WARN[0m [2mmoq_test_client::scenarios[0m[2m:[0m Got error but not clearly 'not found': closed, code=404. Relay may use different error text.
ok 3 - subscribe-error
  ---
  duration_ms: 367
  connection_id: c870df398676df10bb82afce76e5573d
  ...
[2m2026-09-14T01:45:45.144238Z[0m [32m INFO[0m [2mmoq_native_ietf::quic[0m[2m:[0m UDP socket bound [3mbind[0m[2m=[0m[::]:0 [3mlocal[0m[2m=[0m[::]:43679 [3mdual_stack[0m[2m=[0mtrue
[2m2026-09-14T01:45:45.189222Z[0m [33m WARN[0m [2mweb_transport_quinn::session[0m[2m:[0m failed to read capsule [3me[0m[2m=[0mUnexpectedEnd
[2m2026-09-14T01:45:45.774824Z[0m [32m INFO[0m [2mmoq_native_ietf::quic[0m[2m:[0m UDP socket bound [3mbind[0m[2m=[0m[::]:0 [3mlocal[0m[2m=[0m[::]:59228 [3mdual_stack[0m[2m=[0mtrue
[2m2026-09-14T01:45:46.105757Z[0m [32m INFO[0m [2mmoq_test_client::scenarios[0m[2m:[0m Publisher sending PUBLISH_NAMESPACE: moq-test/interop
[2m2026-09-14T01:45:46.105783Z[0m [32m INFO[0m [2mmoq_test_client::scenarios[0m[2m:[0m Subscriber subscribing to track: moq-test/interop/test-track
[2m2026-09-14T01:45:49.107585Z[0m [32m INFO[0m [2mmoq_test_client::scenarios[0m[2m:[0m Test timeout reached - subscription routing may still be in progress
ok 4 - publish-namespace-subscribe
  ---
  duration_ms: 3964
  publisher_connection_id: 69133db19085585b4090fea1ec4392b7
  subscriber_connection_id: c7a6afa41ce57ed1a229b1a6510c37eb
  ...
[2m2026-09-14T01:45:49.108813Z[0m [32m INFO[0m [2mmoq_native_ietf::quic[0m[2m:[0m UDP socket bound [3mbind[0m[2m=[0m[::]:0 [3mlocal[0m[2m=[0m[::]:39546 [3mdual_stack[0m[2m=[0mtrue
[2m2026-09-14T01:45:49.151266Z[0m [33m WARN[0m [2mweb_transport_quinn::session[0m[2m:[0m failed to read capsule [3me[0m[2m=[0mUnexpectedEnd
[2m2026-09-14T01:45:49.151325Z[0m [33m WARN[0m [2mweb_transport_quinn::session[0m[2m:[0m failed to read capsule [3me[0m[2m=[0mUnexpectedEnd
[2m2026-09-14T01:45:49.462172Z[0m [32m INFO[0m [2mmoq_test_client::scenarios[0m[2m:[0m Subscriber subscribing BEFORE PUBLISH_NAMESPACE: moq-test/interop/test-track
[2m2026-09-14T01:45:49.883165Z[0m [33m WARN[0m [2mweb_transport_quinn::session[0m[2m:[0m failed to read capsule [3me[0m[2m=[0mUnexpectedEnd
[2m2026-09-14T01:45:49.964210Z[0m [32m INFO[0m [2mmoq_native_ietf::quic[0m[2m:[0m UDP socket bound [3mbind[0m[2m=[0m[::]:0 [3mlocal[0m[2m=[0m[::]:47516 [3mdual_stack[0m[2m=[0mtrue
[2m2026-09-14T01:45:50.462731Z[0m [32m INFO[0m [2mmoq_test_client::scenarios[0m[2m:[0m Publisher sending PUBLISH_NAMESPACE (after subscriber): moq-test/interop
[2m2026-09-14T01:45:53.465757Z[0m [32m INFO[0m [2mmoq_test_client::scenarios[0m[2m:[0m Publisher PUBLISH_NAMESPACE timeout (expected)
[2m2026-09-14T01:45:53.465784Z[0m [32m INFO[0m [2mmoq_test_client::scenarios[0m[2m:[0m Subscriber got error: closed, code=404 (may be expected)
ok 5 - subscribe-before-publish-namespace
  ---
  duration_ms: 4358
  subscriber_connection_id: b9b5266fa3bcc080286fd37d8ef6d4d0
  publisher_connection_id: 3e8306344717aba2ada506cced58fa25
  ...
[2m2026-09-14T01:45:53.466912Z[0m [32m INFO[0m [2mmoq_native_ietf::quic[0m[2m:[0m UDP socket bound [3mbind[0m[2m=[0m[::]:0 [3mlocal[0m[2m=[0m[::]:44700 [3mdual_stack[0m[2m=[0mtrue
[2m2026-09-14T01:45:53.503468Z[0m [33m WARN[0m [2mweb_transport_quinn::session[0m[2m:[0m failed to read capsule [3me[0m[2m=[0mUnexpectedEnd
[2m2026-09-14T01:45:53.627762Z[0m [32m INFO[0m [2mmoq_test_client::scenarios[0m[2m:[0m Sending PUBLISH_NAMESPACE: moq-test/interop
[2m2026-09-14T01:45:55.628673Z[0m [32m INFO[0m [2mmoq_test_client::scenarios[0m[2m:[0m PUBLISH_NAMESPACE active; sending PUBLISH_NAMESPACE_DONE
[2m2026-09-14T01:45:55.730487Z[0m [32m INFO[0m [2mmoq_test_client::scenarios[0m[2m:[0m PUBLISH_NAMESPACE_DONE sent successfully
ok 6 - publish-namespace-done
  ---
  duration_ms: 2264
  connection_id: 11549de082d730140e6f3c6366f1a10d
  ...
[2m2026-09-14T01:45:55.731480Z[0m [32m INFO[0m [2mmoq_native_ietf::quic[0m[2m:[0m UDP socket bound [3mbind[0m[2m=[0m[::]:0 [3mlocal[0m[2m=[0m[::]:34859 [3mdual_stack[0m[2m=[0mtrue
[2m2026-09-14T01:45:55.920863Z[0m [32m INFO[0m [2mmoq_test_client::scenarios[0m[2m:[0m Publisher sending direct PUBLISH [3mnamespace[0m[2m=[0m/moq-test/publish [3mtrack[0m[2m=[0m"published-track"
not ok 7 - publish-track-only
  ---
  duration_ms: 235
  message: "PUBLISH was rejected: closed, code=3"
  ...
[2m2026-09-14T01:45:55.966988Z[0m [32m INFO[0m [2mmoq_native_ietf::quic[0m[2m:[0m UDP socket bound [3mbind[0m[2m=[0m[::]:0 [3mlocal[0m[2m=[0m[::]:50638 [3mdual_stack[0m[2m=[0mtrue
[2m2026-09-14T01:45:56.011205Z[0m [33m WARN[0m [2mweb_transport_quinn::session[0m[2m:[0m failed to read capsule [3me[0m[2m=[0mUnexpectedEnd
[2m2026-09-14T01:45:56.243808Z[0m [32m INFO[0m [2mmoq_native_ietf::quic[0m[2m:[0m UDP socket bound [3mbind[0m[2m=[0m[::]:0 [3mlocal[0m[2m=[0m[::]:57213 [3mdual_stack[0m[2m=[0mtrue
[2m2026-09-14T01:45:56.567620Z[0m [32m INFO[0m [2mmoq_test_client::scenarios[0m[2m:[0m Publisher sending direct PUBLISH before subscriber subscribes [3mnamespace[0m[2m=[0m/moq-test/publish [3mtrack[0m[2m=[0m"published-track"
not ok 8 - publish-track-subscribe
  ---
  duration_ms: 636
  message: "PUBLISH was rejected: closed, code=3"
  ...
make[1]: *** [Makefile:122: test-external] Error 1
make[1]: Leaving directory '/home/runner/work/moq-interop-runner/moq-interop-runner/main'
