make[1]: Entering directory '/home/runner/work/moq-interop-runner/moq-interop-runner/main'
Running tests against moqt://lminiero.it:9000...
  Client: ghcr.io/englishm/moq-interop-runner-moq-test-client:latest
docker run --rm \
	 \
	--network host \
	-e RELAY_URL=moqt://lminiero.it:9000 \
	-e TLS_DISABLE_VERIFY=false \
	ghcr.io/englishm/moq-interop-runner-moq-test-client:latest
TAP version 14
# moq-test-client v0.1.13
# Relay: moqt://lminiero.it:9000
1..8
[2m2026-09-14T01:41:06.436507Z[0m [32m INFO[0m [2mmoq_native_ietf::quic[0m[2m:[0m UDP socket bound [3mbind[0m[2m=[0m[::]:0 [3mlocal[0m[2m=[0m[::]:47003 [3mdual_stack[0m[2m=[0mtrue
ok 1 - setup-only
  ---
  duration_ms: 623
  connection_id: 38c93e48b0c867c3a032ecb045d44f00
  ...
[2m2026-09-14T01:41:07.058899Z[0m [32m INFO[0m [2mmoq_test_client::scenarios[0m[2m:[0m SETUP exchange completed successfully
[2m2026-09-14T01:41:07.059944Z[0m [32m INFO[0m [2mmoq_native_ietf::quic[0m[2m:[0m UDP socket bound [3mbind[0m[2m=[0m[::]:0 [3mlocal[0m[2m=[0m[::]:38155 [3mdual_stack[0m[2m=[0mtrue
[2m2026-09-14T01:41:07.698675Z[0m [32m INFO[0m [2mmoq_test_client::scenarios[0m[2m:[0m Sending PUBLISH_NAMESPACE for: moq-test/interop
not ok 2 - publish-namespace-only
  ---
  duration_ms: 765
  message: "PUBLISH_NAMESPACE failed: serve error: closed, code=0: closed, code=0"
  ...
[2m2026-09-14T01:41:07.825571Z[0m [32m INFO[0m [2mmoq_native_ietf::quic[0m[2m:[0m UDP socket bound [3mbind[0m[2m=[0m[::]:0 [3mlocal[0m[2m=[0m[::]:33169 [3mdual_stack[0m[2m=[0mtrue
[2m2026-09-14T01:41:08.214184Z[0m [32m INFO[0m [2mmoq_test_client::scenarios[0m[2m:[0m Subscribing to non-existent track: nonexistent/namespace/test-track
[2m2026-09-14T01:41:08.342378Z[0m [33m WARN[0m [2mmoq_test_client::scenarios[0m[2m:[0m Got error but not clearly 'not found': closed, code=16. Relay may use different error text.
ok 3 - subscribe-error
  ---
  duration_ms: 517
  connection_id: aecac973a2f5757c1eb745c192928d3c
  ...
[2m2026-09-14T01:41:08.343334Z[0m [32m INFO[0m [2mmoq_native_ietf::quic[0m[2m:[0m UDP socket bound [3mbind[0m[2m=[0m[::]:0 [3mlocal[0m[2m=[0m[::]:51706 [3mdual_stack[0m[2m=[0mtrue
[2m2026-09-14T01:41:08.721078Z[0m [32m INFO[0m [2mmoq_native_ietf::quic[0m[2m:[0m UDP socket bound [3mbind[0m[2m=[0m[::]:0 [3mlocal[0m[2m=[0m[::]:47442 [3mdual_stack[0m[2m=[0mtrue
[2m2026-09-14T01:41:09.342889Z[0m [32m INFO[0m [2mmoq_test_client::scenarios[0m[2m:[0m Publisher sending PUBLISH_NAMESPACE: moq-test/interop
[2m2026-09-14T01:41:09.342909Z[0m [32m INFO[0m [2mmoq_test_client::scenarios[0m[2m:[0m Subscriber subscribing to track: moq-test/interop/test-track
not ok 4 - publish-namespace-subscribe
  ---
  duration_ms: 1123
  message: "publisher PUBLISH_NAMESPACE failed: serve error: closed, code=0: closed, code=0"
  ...
[2m2026-09-14T01:41:09.467276Z[0m [32m INFO[0m [2mmoq_native_ietf::quic[0m[2m:[0m UDP socket bound [3mbind[0m[2m=[0m[::]:0 [3mlocal[0m[2m=[0m[::]:37619 [3mdual_stack[0m[2m=[0mtrue
[2m2026-09-14T01:41:09.843779Z[0m [32m INFO[0m [2mmoq_test_client::scenarios[0m[2m:[0m Subscriber subscribing BEFORE PUBLISH_NAMESPACE: moq-test/interop/test-track
[2m2026-09-14T01:41:10.346199Z[0m [32m INFO[0m [2mmoq_native_ietf::quic[0m[2m:[0m UDP socket bound [3mbind[0m[2m=[0m[::]:0 [3mlocal[0m[2m=[0m[::]:47897 [3mdual_stack[0m[2m=[0mtrue
[2m2026-09-14T01:41:10.724920Z[0m [32m INFO[0m [2mmoq_test_client::scenarios[0m[2m:[0m Publisher sending PUBLISH_NAMESPACE (after subscriber): moq-test/interop
not ok 5 - subscribe-before-publish-namespace
  ---
  duration_ms: 1383
  message: "publisher PUBLISH_NAMESPACE failed: serve error: closed, code=0: closed, code=0"
  ...
[2m2026-09-14T01:41:10.850599Z[0m [32m INFO[0m [2mmoq_native_ietf::quic[0m[2m:[0m UDP socket bound [3mbind[0m[2m=[0m[::]:0 [3mlocal[0m[2m=[0m[::]:33213 [3mdual_stack[0m[2m=[0mtrue
[2m2026-09-14T01:41:11.634710Z[0m [32m INFO[0m [2mmoq_test_client::scenarios[0m[2m:[0m Sending PUBLISH_NAMESPACE: moq-test/interop
not ok 6 - publish-namespace-done
  ---
  duration_ms: 910
  message: "PUBLISH_NAMESPACE failed: serve error: closed, code=0: closed, code=0"
  ...
[2m2026-09-14T01:41:11.761201Z[0m [32m INFO[0m [2mmoq_native_ietf::quic[0m[2m:[0m UDP socket bound [3mbind[0m[2m=[0m[::]:0 [3mlocal[0m[2m=[0m[::]:49173 [3mdual_stack[0m[2m=[0mtrue
[2m2026-09-14T01:41:12.386884Z[0m [32m INFO[0m [2mmoq_test_client::scenarios[0m[2m:[0m Publisher sending direct PUBLISH [3mnamespace[0m[2m=[0m/moq-test/publish [3mtrack[0m[2m=[0m"published-track"
not ok 7 - publish-track-only
  ---
  duration_ms: 748
  message: "PUBLISH was rejected: closed, code=1"
  ...
[2m2026-09-14T01:41:12.510293Z[0m [32m INFO[0m [2mmoq_native_ietf::quic[0m[2m:[0m UDP socket bound [3mbind[0m[2m=[0m[::]:0 [3mlocal[0m[2m=[0m[::]:54594 [3mdual_stack[0m[2m=[0mtrue
[2m2026-09-14T01:41:13.153722Z[0m [32m INFO[0m [2mmoq_native_ietf::quic[0m[2m:[0m UDP socket bound [3mbind[0m[2m=[0m[::]:0 [3mlocal[0m[2m=[0m[::]:56766 [3mdual_stack[0m[2m=[0mtrue
[2m2026-09-14T01:41:13.542298Z[0m [32m INFO[0m [2mmoq_test_client::scenarios[0m[2m:[0m Publisher sending direct PUBLISH before subscriber subscribes [3mnamespace[0m[2m=[0m/moq-test/publish [3mtrack[0m[2m=[0m"published-track"
not ok 8 - publish-track-subscribe
  ---
  duration_ms: 1158
  message: "PUBLISH was rejected: closed, code=1"
  ...
make[1]: *** [Makefile:122: test-external] Error 1
make[1]: Leaving directory '/home/runner/work/moq-interop-runner/moq-interop-runner/main'
