make[1]: Entering directory '/home/runner/work/moq-interop-runner/moq-interop-runner/main'
Running tests against moqt://fb.mvfst.net:9448...
  Client: ghcr.io/englishm/moq-interop-runner-moq-test-client-draft-18:latest
docker run --rm \
	 \
	--network host \
	-e RELAY_URL=moqt://fb.mvfst.net:9448 \
	-e TLS_DISABLE_VERIFY=1 \
	ghcr.io/englishm/moq-interop-runner-moq-test-client-draft-18:latest
TAP version 14
# moq-test-client v0.1.12
# Relay: moqt://fb.mvfst.net:9448
1..18
[2m2026-09-14T00:56:18.979721Z[0m [32m INFO[0m [2mmoq_native_ietf::quic[0m[2m:[0m UDP socket bound [3mbind[0m[2m=[0m[::]:0 [3mlocal[0m[2m=[0m[::]:43324 [3mdual_stack[0m[2m=[0mtrue
[2m2026-09-14T00:56:19.088579Z[0m [32m INFO[0m [2mmoq_test_client::scenarios[0m[2m:[0m SETUP exchange completed successfully
ok 1 - setup-only
  ---
  duration_ms: 109
  connection_id: b31ce7f1a8bf07f736d43873b0ccd85e
  ...
[2m2026-09-14T00:56:19.089508Z[0m [32m INFO[0m [2mmoq_native_ietf::quic[0m[2m:[0m UDP socket bound [3mbind[0m[2m=[0m[::]:0 [3mlocal[0m[2m=[0m[::]:45035 [3mdual_stack[0m[2m=[0mtrue
[2m2026-09-14T00:56:19.176709Z[0m [32m INFO[0m [2mmoq_test_client::scenarios[0m[2m:[0m Sending PUBLISH_NAMESPACE for: moq-test/interop
[2m2026-09-14T00:56:21.178410Z[0m [32m INFO[0m [2mmoq_test_client::scenarios[0m[2m:[0m PUBLISH_NAMESPACE succeeded (REQUEST_OK received, waiting for subscribers)
ok 2 - publish-namespace-only
  ---
  duration_ms: 2089
  connection_id: 554a05118898b19e4e73fb306d6ce9c8
  ...
[2m2026-09-14T00:56:21.179612Z[0m [32m INFO[0m [2mmoq_native_ietf::quic[0m[2m:[0m UDP socket bound [3mbind[0m[2m=[0m[::]:0 [3mlocal[0m[2m=[0m[::]:50449 [3mdual_stack[0m[2m=[0mtrue
[2m2026-09-14T00:56:21.217946Z[0m [32m INFO[0m [2mmoq_test_client::scenarios[0m[2m:[0m Subscribing to non-existent track: nonexistent/namespace/test-track
[2m2026-09-14T00:56:21.251034Z[0m [33m WARN[0m [2mmoq_transport::serve::error[0m[2m:[0m [070b0366-7e01-46d6-8af0-c87c7a7e386c] Not found: no such namespace or track at moq-transport/src/session/subscriber.rs:1653
[2m2026-09-14T00:56:21.251095Z[0m [32m INFO[0m [2mmoq_test_client::scenarios[0m[2m:[0m Got expected 'not found' error: not found: Track not found [error:070b0366-7e01-46d6-8af0-c87c7a7e386c]
ok 3 - subscribe-error
[2m2026-09-14T00:56:21.252111Z[0m [32m INFO[0m [2mmoq_native_ietf::quic[0m[2m:[0m UDP socket bound [3mbind[0m[2m=[0m[::]:0 [3mlocal[0m[2m=[0m[::]:50178 [3mdual_stack[0m[2m=[0mtrue
  ---
  duration_ms: 72
  connection_id: 2af27cf7cda5a6f1576a8f348416f0ec
  ...
[2m2026-09-14T00:56:21.302339Z[0m [32m INFO[0m [2mmoq_native_ietf::quic[0m[2m:[0m UDP socket bound [3mbind[0m[2m=[0m[::]:0 [3mlocal[0m[2m=[0m[::]:60210 [3mdual_stack[0m[2m=[0mtrue
[2m2026-09-14T00:56:21.342849Z[0m [32m INFO[0m [2mmoq_test_client::scenarios[0m[2m:[0m Publisher sending PUBLISH_NAMESPACE: moq-test/interop
[2m2026-09-14T00:56:21.342864Z[0m [32m INFO[0m [2mmoq_test_client::scenarios[0m[2m:[0m Subscriber subscribing to track: moq-test/interop/test-track
ok 4 - publish-namespace-subscribe
  ---
  duration_ms: 3093
  publisher_connection_id: ebb9b358b831cacba27bdfa13ce6f1bb
  subscriber_connection_id: 12203d50a045581187b1458af0c6181a
  ...
[2m2026-09-14T00:56:24.344317Z[0m [32m INFO[0m [2mmoq_test_client::scenarios[0m[2m:[0m Test timeout reached - subscription routing may still be in progress
[2m2026-09-14T00:56:24.345537Z[0m [32m INFO[0m [2mmoq_native_ietf::quic[0m[2m:[0m UDP socket bound [3mbind[0m[2m=[0m[::]:0 [3mlocal[0m[2m=[0m[::]:48213 [3mdual_stack[0m[2m=[0mtrue
[2m2026-09-14T00:56:24.438872Z[0m [32m INFO[0m [2mmoq_test_client::scenarios[0m[2m:[0m Subscriber subscribing BEFORE PUBLISH_NAMESPACE: moq-test/interop/test-track
[2m2026-09-14T00:56:24.473371Z[0m [33m WARN[0m [2mmoq_transport::serve::error[0m[2m:[0m [cf437431-8a45-4500-842a-8dd8df367e2c] Not found: no such namespace or track at moq-transport/src/session/subscriber.rs:1653
[2m2026-09-14T00:56:24.941442Z[0m [32m INFO[0m [2mmoq_native_ietf::quic[0m[2m:[0m UDP socket bound [3mbind[0m[2m=[0m[::]:0 [3mlocal[0m[2m=[0m[::]:41593 [3mdual_stack[0m[2m=[0mtrue
[2m2026-09-14T00:56:24.981071Z[0m [32m INFO[0m [2mmoq_test_client::scenarios[0m[2m:[0m Publisher sending PUBLISH_NAMESPACE (after subscriber): moq-test/interop
[2m2026-09-14T00:56:27.981868Z[0m [32m INFO[0m [2mmoq_test_client::scenarios[0m[2m:[0m Publisher PUBLISH_NAMESPACE timeout (expected)
[2m2026-09-14T00:56:27.981896Z[0m [32m INFO[0m [2mmoq_test_client::scenarios[0m[2m:[0m Subscriber got error: not found: Track not found [error:cf437431-8a45-4500-842a-8dd8df367e2c] (may be expected)
ok 5 - subscribe-before-publish-namespace
  ---
  duration_ms: 3637
  subscriber_connection_id: fdba312642d276331940186ef3aed413
  publisher_connection_id: 6a00373f4d97bca558cbe01990c4496f
  ...
[2m2026-09-14T00:56:27.982950Z[0m [32m INFO[0m [2mmoq_native_ietf::quic[0m[2m:[0m UDP socket bound [3mbind[0m[2m=[0m[::]:0 [3mlocal[0m[2m=[0m[::]:50031 [3mdual_stack[0m[2m=[0mtrue
[2m2026-09-14T00:56:28.029715Z[0m [32m INFO[0m [2mmoq_test_client::scenarios[0m[2m:[0m Sending PUBLISH_NAMESPACE: moq-test/interop
[2m2026-09-14T00:56:30.031428Z[0m [32m INFO[0m [2mmoq_test_client::scenarios[0m[2m:[0m PUBLISH_NAMESPACE active; sending PUBLISH_NAMESPACE_DONE
[2m2026-09-14T00:56:30.133544Z[0m [32m INFO[0m [2mmoq_test_client::scenarios[0m[2m:[0m PUBLISH_NAMESPACE_DONE sent successfully
ok 6 - publish-namespace-done
  ---
  duration_ms: 2151
  connection_id: 35d03154f5191290cc919eacc2a941bf
  ...
[2m2026-09-14T00:56:30.134591Z[0m [32m INFO[0m [2mmoq_native_ietf::quic[0m[2m:[0m UDP socket bound [3mbind[0m[2m=[0m[::]:0 [3mlocal[0m[2m=[0m[::]:48602 [3mdual_stack[0m[2m=[0mtrue
[2m2026-09-14T00:56:30.180449Z[0m [32m INFO[0m [2mmoq_test_client::scenarios[0m[2m:[0m Publisher sending direct PUBLISH [3mnamespace[0m[2m=[0m/moq-test/publish [3mtrack[0m[2m=[0m"published-track"
[2m2026-09-14T00:56:30.220583Z[0m [32m INFO[0m [2mmoq_test_client::scenarios[0m[2m:[0m PUBLISH accepted [3mnamespace[0m[2m=[0m/moq-test/publish [3mtrack[0m[2m=[0m"published-track"
[2m2026-09-14T00:56:30.220648Z[0m [32m INFO[0m [2mmoq_test_client::scenarios[0m[2m:[0m PUBLISH completed [3mnamespace[0m[2m=[0m/moq-test/publish [3mtrack[0m[2m=[0m"published-track"
ok 7 - publish-track-only
  ---
  duration_ms: 87
  connection_id: eb3c1179a58dd9eb2bebc856f3c384fa
  ...
[2m2026-09-14T00:56:30.221801Z[0m [32m INFO[0m [2mmoq_native_ietf::quic[0m[2m:[0m UDP socket bound [3mbind[0m[2m=[0m[::]:0 [3mlocal[0m[2m=[0m[::]:57106 [3mdual_stack[0m[2m=[0mtrue
[2m2026-09-14T00:56:30.268301Z[0m [32m INFO[0m [2mmoq_native_ietf::quic[0m[2m:[0m UDP socket bound [3mbind[0m[2m=[0m[::]:0 [3mlocal[0m[2m=[0m[::]:38257 [3mdual_stack[0m[2m=[0mtrue
[2m2026-09-14T00:56:30.309844Z[0m [32m INFO[0m [2mmoq_test_client::scenarios[0m[2m:[0m Publisher sending direct PUBLISH before subscriber subscribes [3mnamespace[0m[2m=[0m/moq-test/publish [3mtrack[0m[2m=[0m"published-track"
[2m2026-09-14T00:56:30.350343Z[0m [32m INFO[0m [2mmoq_test_client::scenarios[0m[2m:[0m PUBLISH accepted; starting subscriber [3mnamespace[0m[2m=[0m/moq-test/publish [3mtrack[0m[2m=[0m"published-track"
[2m2026-09-14T00:56:30.387291Z[0m [33m WARN[0m [2mmoq_transport::session[0m[2m:[0m unexpected bidi response message type [3mmsg_type[0m[2m=[0m2
[2m2026-09-14T00:56:30.387307Z[0m [33m WARN[0m [2mmoq_transport::serve::error[0m[2m:[0m [d57872f9-0bc9-4d4a-acbf-ff142b4f845e] Not implemented: bidi response type 0x2 at moq-transport/src/session/error.rs:89
not ok 8 - publish-track-subscribe
  ---
  duration_ms: 230
  message: "failed serving PUBLISH track: serve error: cancelled: cancelled"
  ...
[2m2026-09-14T00:56:30.452006Z[0m [32m INFO[0m [2mmoq_native_ietf::quic[0m[2m:[0m UDP socket bound [3mbind[0m[2m=[0m[::]:0 [3mlocal[0m[2m=[0m[::]:59230 [3mdual_stack[0m[2m=[0mtrue
[2m2026-09-14T00:56:30.492500Z[0m [32m INFO[0m [2mmoq_test_client::scenarios[0m[2m:[0m Subscribing with RENDEZVOUS_TIMEOUT to a track with no publisher [3mtimeout_ms[0m[2m=[0m500
[2m2026-09-14T00:56:31.026597Z[0m [32m INFO[0m [2mmoq_test_client::scenarios[0m[2m:[0m Received expected REQUEST_ERROR TIMEOUT
ok 9 - rendezvous-timeout
  ---
  duration_ms: 575
  connection_id: 016048af148bb45521add02c6a053a24
  ...
[2m2026-09-14T00:56:31.027667Z[0m [32m INFO[0m [2mmoq_native_ietf::quic[0m[2m:[0m UDP socket bound [3mbind[0m[2m=[0m[::]:0 [3mlocal[0m[2m=[0m[::]:36599 [3mdual_stack[0m[2m=[0mtrue
[2m2026-09-14T00:56:31.269846Z[0m [32m INFO[0m [2mmoq_native_ietf::quic[0m[2m:[0m UDP socket bound [3mbind[0m[2m=[0m[::]:0 [3mlocal[0m[2m=[0m[::]:52103 [3mdual_stack[0m[2m=[0mtrue
[2m2026-09-14T00:56:31.345470Z[0m [32m INFO[0m [2mmoq_test_client::moqtest[0m[2m:[0m PUBLISH accepted and subscription bound; generating objects [3mobjects[0m[2m=[0m15 [3mstreams[0m[2m=[0m3
not ok 10 - moq-test-subgroup-per-group
  ---
  duration_ms: 334
  message: "failed to create subgroup: cancelled"
  ...
[2m2026-09-14T00:56:31.361826Z[0m [32m INFO[0m [2mmoq_native_ietf::quic[0m[2m:[0m UDP socket bound [3mbind[0m[2m=[0m[::]:0 [3mlocal[0m[2m=[0m[::]:60226 [3mdual_stack[0m[2m=[0mtrue
[2m2026-09-14T00:56:31.604627Z[0m [32m INFO[0m [2mmoq_native_ietf::quic[0m[2m:[0m UDP socket bound [3mbind[0m[2m=[0m[::]:0 [3mlocal[0m[2m=[0m[::]:34384 [3mdual_stack[0m[2m=[0mtrue
[2m2026-09-14T00:56:31.684015Z[0m [32m INFO[0m [2mmoq_test_client::moqtest[0m[2m:[0m PUBLISH accepted and subscription bound; generating objects [3mobjects[0m[2m=[0m15 [3mstreams[0m[2m=[0m3
not ok 11 - moq-test-subgroup-per-group-eog
  ---
  duration_ms: 340
  message: "failed to create subgroup: cancelled"
  ...
[2m2026-09-14T00:56:31.702510Z[0m [32m INFO[0m [2mmoq_native_ietf::quic[0m[2m:[0m UDP socket bound [3mbind[0m[2m=[0m[::]:0 [3mlocal[0m[2m=[0m[::]:38356 [3mdual_stack[0m[2m=[0mtrue
[2m2026-09-14T00:56:31.944727Z[0m [32m INFO[0m [2mmoq_native_ietf::quic[0m[2m:[0m UDP socket bound [3mbind[0m[2m=[0m[::]:0 [3mlocal[0m[2m=[0m[::]:58372 [3mdual_stack[0m[2m=[0mtrue
[2m2026-09-14T00:56:32.162884Z[0m [32m INFO[0m [2mmoq_test_client::moqtest[0m[2m:[0m PUBLISH accepted and subscription bound; generating objects [3mobjects[0m[2m=[0m8 [3mstreams[0m[2m=[0m8
not ok 12 - moq-test-subgroup-per-object
  ---
  duration_ms: 464
  message: "failed to create subgroup: cancelled"
  ...
[2m2026-09-14T00:56:32.167437Z[0m [32m INFO[0m [2mmoq_native_ietf::quic[0m[2m:[0m UDP socket bound [3mbind[0m[2m=[0m[::]:0 [3mlocal[0m[2m=[0m[::]:48888 [3mdual_stack[0m[2m=[0mtrue
[2m2026-09-14T00:56:32.417566Z[0m [32m INFO[0m [2mmoq_native_ietf::quic[0m[2m:[0m UDP socket bound [3mbind[0m[2m=[0m[::]:0 [3mlocal[0m[2m=[0m[::]:49484 [3mdual_stack[0m[2m=[0mtrue
[2m2026-09-14T00:56:32.517835Z[0m [32m INFO[0m [2mmoq_test_client::moqtest[0m[2m:[0m PUBLISH accepted and subscription bound; generating objects [3mobjects[0m[2m=[0m18 [3mstreams[0m[2m=[0m6
not ok 13 - moq-test-two-subgroups-eog
  ---
  duration_ms: 372
  message: "failed to create subgroup 0: cancelled"
  ...
[2m2026-09-14T00:56:32.540416Z[0m [32m INFO[0m [2mmoq_native_ietf::quic[0m[2m:[0m UDP socket bound [3mbind[0m[2m=[0m[::]:0 [3mlocal[0m[2m=[0m[::]:32823 [3mdual_stack[0m[2m=[0mtrue
[2m2026-09-14T00:56:32.782651Z[0m [32m INFO[0m [2mmoq_native_ietf::quic[0m[2m:[0m UDP socket bound [3mbind[0m[2m=[0m[::]:0 [3mlocal[0m[2m=[0m[::]:55880 [3mdual_stack[0m[2m=[0mtrue
[2m2026-09-14T00:56:32.859968Z[0m [32m INFO[0m [2mmoq_test_client::moqtest[0m[2m:[0m PUBLISH accepted and subscription bound; generating objects [3mobjects[0m[2m=[0m15 [3mstreams[0m[2m=[0m0
not ok 14 - moq-test-datagram
  ---
  duration_ms: 341
  message: "failed to write datagram: cancelled"
  ...
[2m2026-09-14T00:56:32.882470Z[0m [32m INFO[0m [2mmoq_native_ietf::quic[0m[2m:[0m UDP socket bound [3mbind[0m[2m=[0m[::]:0 [3mlocal[0m[2m=[0m[::]:41721 [3mdual_stack[0m[2m=[0mtrue
[2m2026-09-14T00:56:33.125026Z[0m [32m INFO[0m [2mmoq_native_ietf::quic[0m[2m:[0m UDP socket bound [3mbind[0m[2m=[0m[::]:0 [3mlocal[0m[2m=[0m[::]:47026 [3mdual_stack[0m[2m=[0mtrue
[2m2026-09-14T00:56:33.202706Z[0m [32m INFO[0m [2mmoq_test_client::moqtest[0m[2m:[0m PUBLISH accepted and subscription bound; generating objects [3mobjects[0m[2m=[0m15 [3mstreams[0m[2m=[0m0
not ok 15 - moq-test-datagram-eog
  ---
  duration_ms: 342
  message: "failed to write datagram: cancelled"
  ...
[2m2026-09-14T00:56:33.225080Z[0m [32m INFO[0m [2mmoq_native_ietf::quic[0m[2m:[0m UDP socket bound [3mbind[0m[2m=[0m[::]:0 [3mlocal[0m[2m=[0m[::]:43354 [3mdual_stack[0m[2m=[0mtrue
[2m2026-09-14T00:56:33.473832Z[0m [32m INFO[0m [2mmoq_native_ietf::quic[0m[2m:[0m UDP socket bound [3mbind[0m[2m=[0m[::]:0 [3mlocal[0m[2m=[0m[::]:36692 [3mdual_stack[0m[2m=[0mtrue
[2m2026-09-14T00:56:33.551488Z[0m [33m WARN[0m [2mmoq_transport::session[0m[2m:[0m unexpected bidi response message type [3mmsg_type[0m[2m=[0m2
[2m2026-09-14T00:56:33.551510Z[0m [33m WARN[0m [2mmoq_transport::serve::error[0m[2m:[0m [f4bb3c0d-1aad-4430-bb66-b8fa224567cc] Not implemented: bidi response type 0x2 at moq-transport/src/session/error.rs:89
[2m2026-09-14T00:56:33.556004Z[0m [32m INFO[0m [2mmoq_test_client::moqtest[0m[2m:[0m PUBLISH accepted and subscription bound; generating objects [3mobjects[0m[2m=[0m15 [3mstreams[0m[2m=[0m3
not ok 16 - moq-test-extensions
  ---
  duration_ms: 349
  message: "failed to create subgroup: cancelled"
  ...
[2m2026-09-14T00:56:33.574966Z[0m [32m INFO[0m [2mmoq_native_ietf::quic[0m[2m:[0m UDP socket bound [3mbind[0m[2m=[0m[::]:0 [3mlocal[0m[2m=[0m[::]:50756 [3mdual_stack[0m[2m=[0mtrue
[2m2026-09-14T00:56:33.821457Z[0m [32m INFO[0m [2mmoq_native_ietf::quic[0m[2m:[0m UDP socket bound [3mbind[0m[2m=[0m[::]:0 [3mlocal[0m[2m=[0m[::]:43414 [3mdual_stack[0m[2m=[0mtrue
[2m2026-09-14T00:56:33.901213Z[0m [32m INFO[0m [2mmoq_test_client::moqtest[0m[2m:[0m PUBLISH accepted and subscription bound; generating objects [3mobjects[0m[2m=[0m9 [3mstreams[0m[2m=[0m3
not ok 17 - moq-test-increments
  ---
  duration_ms: 336
  message: "failed to create subgroup: cancelled"
  ...
[2m2026-09-14T00:56:33.911053Z[0m [32m INFO[0m [2mmoq_native_ietf::quic[0m[2m:[0m UDP socket bound [3mbind[0m[2m=[0m[::]:0 [3mlocal[0m[2m=[0m[::]:51141 [3mdual_stack[0m[2m=[0mtrue
[2m2026-09-14T00:56:34.157670Z[0m [32m INFO[0m [2mmoq_native_ietf::quic[0m[2m:[0m UDP socket bound [3mbind[0m[2m=[0m[::]:0 [3mlocal[0m[2m=[0m[::]:47617 [3mdual_stack[0m[2m=[0mtrue
[2m2026-09-14T00:56:34.243167Z[0m [32m INFO[0m [2mmoq_test_client::moqtest[0m[2m:[0m PUBLISH accepted and subscription bound; generating objects [3mobjects[0m[2m=[0m6 [3mstreams[0m[2m=[0m2
not ok 18 - moq-test-forward-zero
  ---
  duration_ms: 342
  message: "failed to create subgroup: cancelled"
  ...
make[1]: *** [Makefile:122: test-external] Error 1
make[1]: Leaving directory '/home/runner/work/moq-interop-runner/moq-interop-runner/main'
