make[1]: Entering directory '/home/runner/work/moq-interop-runner/moq-interop-runner/main'
Running tests against moqt://34-72-6-160.sslip.io:443...
  Client: ghcr.io/englishm/moq-interop-runner-moq-test-client-draft-14:latest
docker run --rm \
	 \
	--network host \
	-e RELAY_URL=moqt://34-72-6-160.sslip.io:443 \
	-e TLS_DISABLE_VERIFY=false \
	ghcr.io/englishm/moq-interop-runner-moq-test-client-draft-14:latest
TAP version 14
# moq-test-client v0.1.7
# Relay: moqt://34-72-6-160.sslip.io:443
1..6
[2m2026-09-09T01:42:12.673277Z[0m [32m INFO[0m [2mmoq_native_ietf::quic[0m[2m:[0m UDP socket bound [3mbind[0m[2m=[0m[::]:0 [3mlocal[0m[2m=[0m[::]:50571 [3mdual_stack[0m[2m=[0mtrue
[2m2026-09-09T01:42:12.749375Z[0m [32m INFO[0m [2mmoq_test_client::scenarios[0m[2m:[0m SETUP exchange completed successfully
ok 1 - setup-only
  ---
  duration_ms: 77
  connection_id: b4805e5a674dac4424444d282eba4731
  ...
[2m2026-09-09T01:42:12.750226Z[0m [32m INFO[0m [2mmoq_native_ietf::quic[0m[2m:[0m UDP socket bound [3mbind[0m[2m=[0m[::]:0 [3mlocal[0m[2m=[0m[::]:54682 [3mdual_stack[0m[2m=[0mtrue
[2m2026-09-09T01:42:12.984338Z[0m [32m INFO[0m [2mmoq_test_client::scenarios[0m[2m:[0m Announcing namespace: moq-test/interop
[2m2026-09-09T01:42:12.984389Z[0m [33m WARN[0m [2mmoq_transport::serve::error[0m[2m:[0m [afa396f0-eede-4c15-bee7-ded8b0bab725] Not implemented: SUBSCRIBE_NAMESPACE at moq-transport/src/session/error.rs:77
[2m2026-09-09T01:42:12.984394Z[0m [33m WARN[0m [2mmoq_transport::session::publisher[0m[2m:[0m failed to process message: serve error: not implemented: Feature not implemented [error:afa396f0-eede-4c15-bee7-ded8b0bab725]
[2m2026-09-09T01:42:12.984402Z[0m [33m WARN[0m [2mmoq_transport::serve::error[0m[2m:[0m [c2fc64c7-7792-4289-aea4-405e16d6e4d1] Not implemented: SUBSCRIBE_NAMESPACE at moq-transport/src/session/error.rs:77
[2m2026-09-09T01:42:12.984404Z[0m [33m WARN[0m [2mmoq_transport::session::publisher[0m[2m:[0m failed to process message: serve error: not implemented: Feature not implemented [error:c2fc64c7-7792-4289-aea4-405e16d6e4d1]
[2m2026-09-09T01:42:14.985382Z[0m [32m INFO[0m [2mmoq_test_client::scenarios[0m[2m:[0m Announce succeeded (no error received, waiting for subscriptions timed out)
ok 2 - announce-only
  ---
  duration_ms: 2236
  connection_id: 60834170b4c33f9a53db2e71fd43f901
  ...
[2m2026-09-09T01:42:14.986324Z[0m [32m INFO[0m [2mmoq_native_ietf::quic[0m[2m:[0m UDP socket bound [3mbind[0m[2m=[0m[::]:0 [3mlocal[0m[2m=[0m[::]:45304 [3mdual_stack[0m[2m=[0mtrue
[2m2026-09-09T01:42:15.064750Z[0m [32m INFO[0m [2mmoq_test_client::scenarios[0m[2m:[0m Subscribing to non-existent track: nonexistent/namespace/test-track
[2m2026-09-09T01:42:15.064784Z[0m [33m WARN[0m [2mmoq_transport::serve::error[0m[2m:[0m [07bf8439-1872-4429-b9f4-500fff2afeea] Not implemented: SUBSCRIBE_NAMESPACE at moq-transport/src/session/error.rs:77
[2m2026-09-09T01:42:15.064789Z[0m [33m WARN[0m [2mmoq_transport::session::publisher[0m[2m:[0m failed to process message: serve error: not implemented: Feature not implemented [error:07bf8439-1872-4429-b9f4-500fff2afeea]
[2m2026-09-09T01:42:15.064795Z[0m [33m WARN[0m [2mmoq_transport::serve::error[0m[2m:[0m [b2769b39-a1b9-4e53-8993-f82471d81d1a] Not implemented: SUBSCRIBE_NAMESPACE at moq-transport/src/session/error.rs:77
[2m2026-09-09T01:42:15.064797Z[0m [33m WARN[0m [2mmoq_transport::session::publisher[0m[2m:[0m failed to process message: serve error: not implemented: Feature not implemented [error:b2769b39-a1b9-4e53-8993-f82471d81d1a]
[2m2026-09-09T01:42:15.099442Z[0m [33m WARN[0m [2mmoq_test_client::scenarios[0m[2m:[0m Got error but not clearly 'not found': closed, code=404. This may indicate a different error type than expected.
ok 3 - subscribe-error
  ---
  duration_ms: 113
  connection_id: e219e458eae5baa413576f960cd10d17
  ...
[2m2026-09-09T01:42:15.100350Z[0m [32m INFO[0m [2mmoq_native_ietf::quic[0m[2m:[0m UDP socket bound [3mbind[0m[2m=[0m[::]:0 [3mlocal[0m[2m=[0m[::]:56720 [3mdual_stack[0m[2m=[0mtrue
[2m2026-09-09T01:42:15.212909Z[0m [32m INFO[0m [2mmoq_native_ietf::quic[0m[2m:[0m UDP socket bound [3mbind[0m[2m=[0m[::]:0 [3mlocal[0m[2m=[0m[::]:46375 [3mdual_stack[0m[2m=[0mtrue
[2m2026-09-09T01:42:15.289231Z[0m [32m INFO[0m [2mmoq_test_client::scenarios[0m[2m:[0m Publisher announcing namespace: moq-test/interop
[2m2026-09-09T01:42:15.289247Z[0m [32m INFO[0m [2mmoq_test_client::scenarios[0m[2m:[0m Subscriber subscribing to track: moq-test/interop/test-track
[2m2026-09-09T01:42:15.289281Z[0m [33m WARN[0m [2mmoq_transport::serve::error[0m[2m:[0m [078973de-6524-4f52-b6f5-9407044d7ce4] Not implemented: SUBSCRIBE_NAMESPACE at moq-transport/src/session/error.rs:77
[2m2026-09-09T01:42:15.289288Z[0m [33m WARN[0m [2mmoq_transport::session::publisher[0m[2m:[0m failed to process message: serve error: not implemented: Feature not implemented [error:078973de-6524-4f52-b6f5-9407044d7ce4]
[2m2026-09-09T01:42:15.289296Z[0m [33m WARN[0m [2mmoq_transport::serve::error[0m[2m:[0m [6d3a0269-dafd-49e5-86a6-94a0f5225bba] Not implemented: SUBSCRIBE_NAMESPACE at moq-transport/src/session/error.rs:77
[2m2026-09-09T01:42:15.289299Z[0m [33m WARN[0m [2mmoq_transport::session::publisher[0m[2m:[0m failed to process message: serve error: not implemented: Feature not implemented [error:6d3a0269-dafd-49e5-86a6-94a0f5225bba]
[2m2026-09-09T01:42:15.289325Z[0m [33m WARN[0m [2mmoq_transport::serve::error[0m[2m:[0m [a2504d7e-be69-4a40-a3ee-68e740ab95b7] Not implemented: SUBSCRIBE_NAMESPACE at moq-transport/src/session/error.rs:77
[2m2026-09-09T01:42:15.289333Z[0m [33m WARN[0m [2mmoq_transport::session::publisher[0m[2m:[0m failed to process message: serve error: not implemented: Feature not implemented [error:a2504d7e-be69-4a40-a3ee-68e740ab95b7]
[2m2026-09-09T01:42:15.289339Z[0m [33m WARN[0m [2mmoq_transport::serve::error[0m[2m:[0m [afdd9f79-b84d-4bff-a7a7-45422029921c] Not implemented: SUBSCRIBE_NAMESPACE at moq-transport/src/session/error.rs:77
[2m2026-09-09T01:42:15.289342Z[0m [33m WARN[0m [2mmoq_transport::session::publisher[0m[2m:[0m failed to process message: serve error: not implemented: Feature not implemented [error:afdd9f79-b84d-4bff-a7a7-45422029921c]
[2m2026-09-09T01:42:15.323730Z[0m [32m INFO[0m [2mmoq_test_client::scenarios[0m[2m:[0m Subscriber got error: closed, code=404 - subscription was processed
ok 4 - announce-subscribe
  ---
  duration_ms: 224
  publisher_connection_id: d2b21ddb8644fd57c6b8af5be4570a91
  subscriber_connection_id: 179363a58c3e7d58fcb09234a9ca7afc
  ...
[2m2026-09-09T01:42:15.324596Z[0m [32m INFO[0m [2mmoq_native_ietf::quic[0m[2m:[0m UDP socket bound [3mbind[0m[2m=[0m[::]:0 [3mlocal[0m[2m=[0m[::]:51190 [3mdual_stack[0m[2m=[0mtrue
[2m2026-09-09T01:42:15.402167Z[0m [32m INFO[0m [2mmoq_test_client::scenarios[0m[2m:[0m Subscriber subscribing BEFORE announce: moq-test/interop/test-track
[2m2026-09-09T01:42:15.402247Z[0m [33m WARN[0m [2mmoq_transport::serve::error[0m[2m:[0m [33de6e67-b3a4-476b-b1ed-d734b4153e1e] Not implemented: SUBSCRIBE_NAMESPACE at moq-transport/src/session/error.rs:77
[2m2026-09-09T01:42:15.402259Z[0m [33m WARN[0m [2mmoq_transport::session::publisher[0m[2m:[0m failed to process message: serve error: not implemented: Feature not implemented [error:33de6e67-b3a4-476b-b1ed-d734b4153e1e]
[2m2026-09-09T01:42:15.402268Z[0m [33m WARN[0m [2mmoq_transport::serve::error[0m[2m:[0m [6c56fc5f-310c-47bd-af30-155799a40187] Not implemented: SUBSCRIBE_NAMESPACE at moq-transport/src/session/error.rs:77
[2m2026-09-09T01:42:15.402271Z[0m [33m WARN[0m [2mmoq_transport::session::publisher[0m[2m:[0m failed to process message: serve error: not implemented: Feature not implemented [error:6c56fc5f-310c-47bd-af30-155799a40187]
[2m2026-09-09T01:42:15.904392Z[0m [32m INFO[0m [2mmoq_native_ietf::quic[0m[2m:[0m UDP socket bound [3mbind[0m[2m=[0m[::]:0 [3mlocal[0m[2m=[0m[::]:54821 [3mdual_stack[0m[2m=[0mtrue
[2m2026-09-09T01:42:15.985927Z[0m [32m INFO[0m [2mmoq_test_client::scenarios[0m[2m:[0m Publisher announcing namespace (after subscriber): moq-test/interop
[2m2026-09-09T01:42:15.985976Z[0m [33m WARN[0m [2mmoq_transport::serve::error[0m[2m:[0m [5c859d56-0c93-4062-b330-23eae4e5aa1e] Not implemented: SUBSCRIBE_NAMESPACE at moq-transport/src/session/error.rs:77
[2m2026-09-09T01:42:15.985982Z[0m [33m WARN[0m [2mmoq_transport::session::publisher[0m[2m:[0m failed to process message: serve error: not implemented: Feature not implemented [error:5c859d56-0c93-4062-b330-23eae4e5aa1e]
[2m2026-09-09T01:42:15.985990Z[0m [33m WARN[0m [2mmoq_transport::serve::error[0m[2m:[0m [dd00d898-87ae-4d74-be76-ddcfc6f31358] Not implemented: SUBSCRIBE_NAMESPACE at moq-transport/src/session/error.rs:77
[2m2026-09-09T01:42:15.985993Z[0m [33m WARN[0m [2mmoq_transport::session::publisher[0m[2m:[0m failed to process message: serve error: not implemented: Feature not implemented [error:dd00d898-87ae-4d74-be76-ddcfc6f31358]
[2m2026-09-09T01:42:18.986728Z[0m [32m INFO[0m [2mmoq_test_client::scenarios[0m[2m:[0m Publisher announce timeout (expected)
[2m2026-09-09T01:42:18.986755Z[0m [32m INFO[0m [2mmoq_test_client::scenarios[0m[2m:[0m Subscriber got error: closed, code=404 (may be expected)
ok 5 - subscribe-before-announce
  ---
  duration_ms: 3663
  subscriber_connection_id: dc3426a2f4ac23390dd104c70b6f19a6
  publisher_connection_id: fd0ca5dab295dbfd291ef36a35bfad7c
  ...
[2m2026-09-09T01:42:18.987594Z[0m [32m INFO[0m [2mmoq_native_ietf::quic[0m[2m:[0m UDP socket bound [3mbind[0m[2m=[0m[::]:0 [3mlocal[0m[2m=[0m[::]:42815 [3mdual_stack[0m[2m=[0mtrue
[2m2026-09-09T01:42:19.073101Z[0m [32m INFO[0m [2mmoq_test_client::scenarios[0m[2m:[0m Announcing namespace: moq-test/interop
[2m2026-09-09T01:42:19.073141Z[0m [33m WARN[0m [2mmoq_transport::serve::error[0m[2m:[0m [af1a10d0-1234-4596-a3aa-26a5a7fcdb58] Not implemented: SUBSCRIBE_NAMESPACE at moq-transport/src/session/error.rs:77
[2m2026-09-09T01:42:19.073146Z[0m [33m WARN[0m [2mmoq_transport::session::publisher[0m[2m:[0m failed to process message: serve error: not implemented: Feature not implemented [error:af1a10d0-1234-4596-a3aa-26a5a7fcdb58]
[2m2026-09-09T01:42:19.073159Z[0m [33m WARN[0m [2mmoq_transport::serve::error[0m[2m:[0m [ada3c66d-a4ae-4b1b-9b20-a57e28d3bf39] Not implemented: SUBSCRIBE_NAMESPACE at moq-transport/src/session/error.rs:77
[2m2026-09-09T01:42:19.073162Z[0m [33m WARN[0m [2mmoq_transport::session::publisher[0m[2m:[0m failed to process message: serve error: not implemented: Feature not implemented [error:ada3c66d-a4ae-4b1b-9b20-a57e28d3bf39]
[2m2026-09-09T01:42:21.074832Z[0m [32m INFO[0m [2mmoq_test_client::scenarios[0m[2m:[0m Announce active, now sending PUBLISH_NAMESPACE_DONE
[2m2026-09-09T01:42:21.175678Z[0m [32m INFO[0m [2mmoq_test_client::scenarios[0m[2m:[0m PUBLISH_NAMESPACE_DONE sent successfully
ok 6 - publish-namespace-done
  ---
  duration_ms: 2188
  connection_id: 9e9b219be092bb9e70549aa1b46bd065
  ...
make[1]: Leaving directory '/home/runner/work/moq-interop-runner/moq-interop-runner/main'
