make[1]: Entering directory '/home/runner/work/moq-interop-runner/moq-interop-runner/main'
Running tests against https://relay.moqtail.dev...
  Client: ghcr.io/englishm/moq-interop-runner-moq-test-client-draft-18:latest
docker run --rm \
	 \
	--network host \
	-e RELAY_URL=https://relay.moqtail.dev \
	-e TLS_DISABLE_VERIFY=false \
	ghcr.io/englishm/moq-interop-runner-moq-test-client-draft-18:latest
TAP version 14
# moq-test-client v0.1.12
# Relay: https://relay.moqtail.dev/
1..9
[2m2026-09-09T00:47:33.800237Z[0m [32m INFO[0m [2mmoq_native_ietf::quic[0m[2m:[0m UDP socket bound [3mbind[0m[2m=[0m[::]:0 [3mlocal[0m[2m=[0m[::]:56720 [3mdual_stack[0m[2m=[0mtrue
[2m2026-09-09T00:47:34.043191Z[0m [32m INFO[0m [2mmoq_test_client::scenarios[0m[2m:[0m SETUP exchange completed successfully
ok 1 - setup-only
  ---
  duration_ms: 243
  connection_id: 5381ad1fc7c0827132e305b67e8b5342
  ...
[2m2026-09-09T00:47:34.044091Z[0m [32m INFO[0m [2mmoq_native_ietf::quic[0m[2m:[0m UDP socket bound [3mbind[0m[2m=[0m[::]:0 [3mlocal[0m[2m=[0m[::]:46231 [3mdual_stack[0m[2m=[0mtrue
[2m2026-09-09T00:47:34.076922Z[0m [33m WARN[0m [2mweb_transport_quinn::session[0m[2m:[0m failed to read capsule [3me[0m[2m=[0mUnexpectedEnd
[2m2026-09-09T00:47:34.274288Z[0m [32m INFO[0m [2mmoq_test_client::scenarios[0m[2m:[0m Sending PUBLISH_NAMESPACE for: moq-test/interop
[2m2026-09-09T00:47:36.275219Z[0m [32m INFO[0m [2mmoq_test_client::scenarios[0m[2m:[0m PUBLISH_NAMESPACE succeeded (REQUEST_OK received, waiting for subscribers)
ok 2 - publish-namespace-only
  ---
  duration_ms: 2232
  connection_id: f03aa4adf8ea61c0f5f4a1a16e4f9df2
  ...
[2m2026-09-09T00:47:36.276187Z[0m [32m INFO[0m [2mmoq_native_ietf::quic[0m[2m:[0m UDP socket bound [3mbind[0m[2m=[0m[::]:0 [3mlocal[0m[2m=[0m[::]:56004 [3mdual_stack[0m[2m=[0mtrue
[2m2026-09-09T00:47:36.308974Z[0m [33m WARN[0m [2mweb_transport_quinn::session[0m[2m:[0m failed to read capsule [3me[0m[2m=[0mUnexpectedEnd
[2m2026-09-09T00:47:36.510158Z[0m [32m INFO[0m [2mmoq_test_client::scenarios[0m[2m:[0m Subscribing to non-existent track: nonexistent/namespace/test-track
[2m2026-09-09T00:47:36.544107Z[0m [33m WARN[0m [2mmoq_transport::serve::error[0m[2m:[0m [063dc7b6-cb7b-4bef-a70d-0fefc2b074be] Not found: Unknown track namespace at moq-transport/src/session/subscriber.rs:1653
[2m2026-09-09T00:47:36.544167Z[0m [32m INFO[0m [2mmoq_test_client::scenarios[0m[2m:[0m Got expected 'not found' error: not found: Track not found [error:063dc7b6-cb7b-4bef-a70d-0fefc2b074be]
ok 3 - subscribe-error
  ---
  duration_ms: 268
  connection_id: 5a52dee568928da90b9a7b1f69abe43b
  ...
[2m2026-09-09T00:47:36.544969Z[0m [32m INFO[0m [2mmoq_native_ietf::quic[0m[2m:[0m UDP socket bound [3mbind[0m[2m=[0m[::]:0 [3mlocal[0m[2m=[0m[::]:46221 [3mdual_stack[0m[2m=[0mtrue
[2m2026-09-09T00:47:36.577803Z[0m [33m WARN[0m [2mweb_transport_quinn::session[0m[2m:[0m failed to read capsule [3me[0m[2m=[0mUnexpectedEnd
[2m2026-09-09T00:47:36.712346Z[0m [32m INFO[0m [2mmoq_native_ietf::quic[0m[2m:[0m UDP socket bound [3mbind[0m[2m=[0m[::]:0 [3mlocal[0m[2m=[0m[::]:34825 [3mdual_stack[0m[2m=[0mtrue
[2m2026-09-09T00:47:36.859082Z[0m [32m INFO[0m [2mmoq_test_client::scenarios[0m[2m:[0m Publisher sending PUBLISH_NAMESPACE: moq-test/interop
[2m2026-09-09T00:47:36.859098Z[0m [32m INFO[0m [2mmoq_test_client::scenarios[0m[2m:[0m Subscriber subscribing to track: moq-test/interop/test-track
[2m2026-09-09T00:47:39.860549Z[0m [32m INFO[0m [2mmoq_test_client::scenarios[0m[2m:[0m Test timeout reached - subscription routing may still be in progress
ok 4 - publish-namespace-subscribe
  ---
  duration_ms: 3316
  publisher_connection_id: be6e1b033b9c18bbdabe8af15a5ac3a7
  subscriber_connection_id: a3ebbb09fbc5304c37c0b2ec0a169fb4
  ...
[2m2026-09-09T00:47:39.861454Z[0m [32m INFO[0m [2mmoq_native_ietf::quic[0m[2m:[0m UDP socket bound [3mbind[0m[2m=[0m[::]:0 [3mlocal[0m[2m=[0m[::]:55475 [3mdual_stack[0m[2m=[0mtrue
[2m2026-09-09T00:47:39.893986Z[0m [33m WARN[0m [2mweb_transport_quinn::session[0m[2m:[0m failed to read capsule [3me[0m[2m=[0mUnexpectedEnd
[2m2026-09-09T00:47:39.894083Z[0m [33m WARN[0m [2mweb_transport_quinn::session[0m[2m:[0m failed to read capsule [3me[0m[2m=[0mUnexpectedEnd
[2m2026-09-09T00:47:40.091390Z[0m [32m INFO[0m [2mmoq_test_client::scenarios[0m[2m:[0m Subscriber subscribing BEFORE PUBLISH_NAMESPACE: moq-test/interop/test-track
[2m2026-09-09T00:47:40.125069Z[0m [33m WARN[0m [2mmoq_transport::serve::error[0m[2m:[0m [10180255-0ceb-4f04-a70b-b0a5009fea23] Not found: Unknown track namespace at moq-transport/src/session/subscriber.rs:1653
[2m2026-09-09T00:47:40.158616Z[0m [33m WARN[0m [2mweb_transport_quinn::session[0m[2m:[0m failed to read capsule [3me[0m[2m=[0mUnexpectedEnd
[2m2026-09-09T00:47:40.592881Z[0m [32m INFO[0m [2mmoq_native_ietf::quic[0m[2m:[0m UDP socket bound [3mbind[0m[2m=[0m[::]:0 [3mlocal[0m[2m=[0m[::]:49331 [3mdual_stack[0m[2m=[0mtrue
[2m2026-09-09T00:47:40.737274Z[0m [32m INFO[0m [2mmoq_test_client::scenarios[0m[2m:[0m Publisher sending PUBLISH_NAMESPACE (after subscriber): moq-test/interop
[2m2026-09-09T00:47:43.738138Z[0m [32m INFO[0m [2mmoq_test_client::scenarios[0m[2m:[0m Publisher PUBLISH_NAMESPACE timeout (expected)
[2m2026-09-09T00:47:43.738162Z[0m [32m INFO[0m [2mmoq_test_client::scenarios[0m[2m:[0m Subscriber got error: not found: Track not found [error:10180255-0ceb-4f04-a70b-b0a5009fea23] (may be expected)
ok 5 - subscribe-before-publish-namespace
  ---
  duration_ms: 3877
  subscriber_connection_id: 2f6e1ed3087e72aefdfeea1792cc564b
  publisher_connection_id: 3469ab13069d2313f6db084f4b3bbcf3
  ...
[2m2026-09-09T00:47:43.739080Z[0m [32m INFO[0m [2mmoq_native_ietf::quic[0m[2m:[0m UDP socket bound [3mbind[0m[2m=[0m[::]:0 [3mlocal[0m[2m=[0m[::]:36596 [3mdual_stack[0m[2m=[0mtrue
[2m2026-09-09T00:47:43.771740Z[0m [33m WARN[0m [2mweb_transport_quinn::session[0m[2m:[0m failed to read capsule [3me[0m[2m=[0mUnexpectedEnd
[2m2026-09-09T00:47:43.969845Z[0m [32m INFO[0m [2mmoq_test_client::scenarios[0m[2m:[0m Sending PUBLISH_NAMESPACE: moq-test/interop
[2m2026-09-09T00:47:45.970571Z[0m [32m INFO[0m [2mmoq_test_client::scenarios[0m[2m:[0m PUBLISH_NAMESPACE active; sending PUBLISH_NAMESPACE_DONE
[2m2026-09-09T00:47:46.004393Z[0m [33m WARN[0m [2mweb_transport_quinn::session[0m[2m:[0m failed to read capsule [3me[0m[2m=[0mUnexpectedEnd
[2m2026-09-09T00:47:46.071691Z[0m [32m INFO[0m [2mmoq_test_client::scenarios[0m[2m:[0m PUBLISH_NAMESPACE_DONE sent successfully
ok 6 - publish-namespace-done
  ---
  duration_ms: 2333
  connection_id: 018aee48b369f46c4419e5625644b13b
  ...
[2m2026-09-09T00:47:46.072502Z[0m [32m INFO[0m [2mmoq_native_ietf::quic[0m[2m:[0m UDP socket bound [3mbind[0m[2m=[0m[::]:0 [3mlocal[0m[2m=[0m[::]:54209 [3mdual_stack[0m[2m=[0mtrue
[2m2026-09-09T00:47:46.252907Z[0m [32m INFO[0m [2mmoq_test_client::scenarios[0m[2m:[0m Publisher sending direct PUBLISH [3mnamespace[0m[2m=[0m/moq-test/publish [3mtrack[0m[2m=[0m"published-track"
[2m2026-09-09T00:47:46.286926Z[0m [32m INFO[0m [2mmoq_test_client::scenarios[0m[2m:[0m PUBLISH accepted [3mnamespace[0m[2m=[0m/moq-test/publish [3mtrack[0m[2m=[0m"published-track"
[2m2026-09-09T00:47:46.287088Z[0m [32m INFO[0m [2mmoq_test_client::scenarios[0m[2m:[0m PUBLISH completed [3mnamespace[0m[2m=[0m/moq-test/publish [3mtrack[0m[2m=[0m"published-track"
ok 7 - publish-track-only
  ---
  duration_ms: 215
  connection_id: eca24fe954ac7d0842eeb934a5fb5d81
  ...
[2m2026-09-09T00:47:46.287883Z[0m [32m INFO[0m [2mmoq_native_ietf::quic[0m[2m:[0m UDP socket bound [3mbind[0m[2m=[0m[::]:0 [3mlocal[0m[2m=[0m[::]:60188 [3mdual_stack[0m[2m=[0mtrue
[2m2026-09-09T00:47:46.321460Z[0m [33m WARN[0m [2mweb_transport_quinn::session[0m[2m:[0m failed to read capsule [3me[0m[2m=[0mUnexpectedEnd
[2m2026-09-09T00:47:46.495707Z[0m [32m INFO[0m [2mmoq_native_ietf::quic[0m[2m:[0m UDP socket bound [3mbind[0m[2m=[0m[::]:0 [3mlocal[0m[2m=[0m[::]:56540 [3mdual_stack[0m[2m=[0mtrue
[2m2026-09-09T00:47:46.665567Z[0m [32m INFO[0m [2mmoq_test_client::scenarios[0m[2m:[0m Publisher sending direct PUBLISH before subscriber subscribes [3mnamespace[0m[2m=[0m/moq-test/publish [3mtrack[0m[2m=[0m"published-track"
[2m2026-09-09T00:47:46.699460Z[0m [32m INFO[0m [2mmoq_test_client::scenarios[0m[2m:[0m PUBLISH accepted; starting subscriber [3mnamespace[0m[2m=[0m/moq-test/publish [3mtrack[0m[2m=[0m"published-track"
[2m2026-09-09T00:47:46.837824Z[0m [32m INFO[0m [2mmoq_test_client::scenarios[0m[2m:[0m Subscriber received direct PUBLISH track [3mnamespace[0m[2m=[0m/moq-test/publish [3mtrack[0m[2m=[0m"published-track"
ok 8 - publish-track-subscribe
  ---
  duration_ms: 550
  publisher_connection_id: 0e41fdbfc938798a10f9bf0ebd907ce8
  subscriber_connection_id: a4daf746678424c151702942950fefd5
  ...
[2m2026-09-09T00:47:46.838835Z[0m [32m INFO[0m [2mmoq_native_ietf::quic[0m[2m:[0m UDP socket bound [3mbind[0m[2m=[0m[::]:0 [3mlocal[0m[2m=[0m[::]:49659 [3mdual_stack[0m[2m=[0mtrue
[2m2026-09-09T00:47:46.871251Z[0m [33m WARN[0m [2mweb_transport_quinn::session[0m[2m:[0m failed to read capsule [3me[0m[2m=[0mUnexpectedEnd
[2m2026-09-09T00:47:46.871291Z[0m [33m WARN[0m [2mweb_transport_quinn::session[0m[2m:[0m failed to read capsule [3me[0m[2m=[0mUnexpectedEnd
[2m2026-09-09T00:47:47.064565Z[0m [32m INFO[0m [2mmoq_test_client::scenarios[0m[2m:[0m Subscribing with RENDEZVOUS_TIMEOUT to a track with no publisher [3mtimeout_ms[0m[2m=[0m500
[2m2026-09-09T00:47:47.098208Z[0m [33m WARN[0m [2mmoq_transport::serve::error[0m[2m:[0m [cb9364ef-6c48-4621-9216-209e775eb07a] Not found: Unknown track namespace at moq-transport/src/session/subscriber.rs:1653
not ok 9 - rendezvous-timeout
  ---
  duration_ms: 260
  message: "expected REQUEST_ERROR TIMEOUT, got: not found: Track not found [error:cb9364ef-6c48-4621-9216-209e775eb07a]"
  ...
make[1]: *** [Makefile:122: test-external] Error 1
make[1]: Leaving directory '/home/runner/work/moq-interop-runner/moq-interop-runner/main'
