make[1]: Entering directory '/home/runner/work/moq-interop-runner/moq-interop-runner/main'
Running tests against moqt://lminiero.it:9000...
  Client: ghcr.io/englishm/moq-interop-runner-moq-test-client:latest
docker run --rm \
	 \
	--network host \
	-e RELAY_URL=moqt://lminiero.it:9000 \
	-e TLS_DISABLE_VERIFY=false \
	ghcr.io/englishm/moq-interop-runner-moq-test-client:latest
TAP version 14
# moq-test-client v0.1.13
# Relay: moqt://lminiero.it:9000
1..8
[2m2026-09-09T01:30:51.314246Z[0m [32m INFO[0m [2mmoq_native_ietf::quic[0m[2m:[0m UDP socket bound [3mbind[0m[2m=[0m[::]:0 [3mlocal[0m[2m=[0m[::]:56281 [3mdual_stack[0m[2m=[0mtrue
[2m2026-09-09T01:30:52.031949Z[0m [32m INFO[0m [2mmoq_test_client::scenarios[0m[2m:[0m SETUP exchange completed successfully
ok 1 - setup-only
  ---
  duration_ms: 718
  connection_id: 69462c93ca07f2e3b6ceb45df1615ef6
  ...
[2m2026-09-09T01:30:52.032915Z[0m [32m INFO[0m [2mmoq_native_ietf::quic[0m[2m:[0m UDP socket bound [3mbind[0m[2m=[0m[::]:0 [3mlocal[0m[2m=[0m[::]:44663 [3mdual_stack[0m[2m=[0mtrue
[2m2026-09-09T01:30:52.477153Z[0m [32m INFO[0m [2mmoq_test_client::scenarios[0m[2m:[0m Sending PUBLISH_NAMESPACE for: moq-test/interop
not ok 2 - publish-namespace-only
  ---
  duration_ms: 590
  message: "PUBLISH_NAMESPACE failed: serve error: closed, code=0: closed, code=0"
  ...
[2m2026-09-09T01:30:52.623117Z[0m [32m INFO[0m [2mmoq_native_ietf::quic[0m[2m:[0m UDP socket bound [3mbind[0m[2m=[0m[::]:0 [3mlocal[0m[2m=[0m[::]:56711 [3mdual_stack[0m[2m=[0mtrue
[2m2026-09-09T01:30:53.053625Z[0m [32m INFO[0m [2mmoq_test_client::scenarios[0m[2m:[0m Subscribing to non-existent track: nonexistent/namespace/test-track
ok 3 - subscribe-error
  ---
  duration_ms: 573
  connection_id: 002df8b9c1bdd76ee566a6f892d7d1e7
  ...
[2m2026-09-09T01:30:53.195822Z[0m [33m WARN[0m [2mmoq_test_client::scenarios[0m[2m:[0m Got error but not clearly 'not found': closed, code=16. Relay may use different error text.
[2m2026-09-09T01:30:53.196737Z[0m [32m INFO[0m [2mmoq_native_ietf::quic[0m[2m:[0m UDP socket bound [3mbind[0m[2m=[0m[::]:0 [3mlocal[0m[2m=[0m[::]:53669 [3mdual_stack[0m[2m=[0mtrue
[2m2026-09-09T01:30:53.629240Z[0m [32m INFO[0m [2mmoq_native_ietf::quic[0m[2m:[0m UDP socket bound [3mbind[0m[2m=[0m[::]:0 [3mlocal[0m[2m=[0m[::]:37194 [3mdual_stack[0m[2m=[0mtrue
[2m2026-09-09T01:30:54.064699Z[0m [32m INFO[0m [2mmoq_test_client::scenarios[0m[2m:[0m Publisher sending PUBLISH_NAMESPACE: moq-test/interop
[2m2026-09-09T01:30:54.064720Z[0m [32m INFO[0m [2mmoq_test_client::scenarios[0m[2m:[0m Subscriber subscribing to track: moq-test/interop/test-track
not ok 4 - publish-namespace-subscribe
  ---
  duration_ms: 1011
  message: "publisher PUBLISH_NAMESPACE failed: serve error: closed, code=0: closed, code=0"
  ...
[2m2026-09-09T01:30:54.207867Z[0m [32m INFO[0m [2mmoq_native_ietf::quic[0m[2m:[0m UDP socket bound [3mbind[0m[2m=[0m[::]:0 [3mlocal[0m[2m=[0m[::]:51351 [3mdual_stack[0m[2m=[0mtrue
[2m2026-09-09T01:30:54.645694Z[0m [32m INFO[0m [2mmoq_test_client::scenarios[0m[2m:[0m Subscriber subscribing BEFORE PUBLISH_NAMESPACE: moq-test/interop/test-track
[2m2026-09-09T01:30:55.147608Z[0m [32m INFO[0m [2mmoq_native_ietf::quic[0m[2m:[0m UDP socket bound [3mbind[0m[2m=[0m[::]:0 [3mlocal[0m[2m=[0m[::]:47087 [3mdual_stack[0m[2m=[0mtrue
[2m2026-09-09T01:30:56.004255Z[0m [32m INFO[0m [2mmoq_test_client::scenarios[0m[2m:[0m Publisher sending PUBLISH_NAMESPACE (after subscriber): moq-test/interop
not ok 5 - subscribe-before-publish-namespace
  ---
  duration_ms: 1939
  message: "publisher PUBLISH_NAMESPACE failed: serve error: closed, code=0: closed, code=0"
  ...
[2m2026-09-09T01:30:56.147141Z[0m [32m INFO[0m [2mmoq_native_ietf::quic[0m[2m:[0m UDP socket bound [3mbind[0m[2m=[0m[::]:0 [3mlocal[0m[2m=[0m[::]:60810 [3mdual_stack[0m[2m=[0mtrue
[2m2026-09-09T01:30:56.707848Z[0m [32m INFO[0m [2mmoq_test_client::scenarios[0m[2m:[0m Sending PUBLISH_NAMESPACE: moq-test/interop
not ok 6 - publish-namespace-done
  ---
  duration_ms: 699
  message: "PUBLISH_NAMESPACE failed: serve error: closed, code=0: closed, code=0"
  ...
[2m2026-09-09T01:30:56.846765Z[0m [32m INFO[0m [2mmoq_native_ietf::quic[0m[2m:[0m UDP socket bound [3mbind[0m[2m=[0m[::]:0 [3mlocal[0m[2m=[0m[::]:41162 [3mdual_stack[0m[2m=[0mtrue
[2m2026-09-09T01:30:57.287115Z[0m [32m INFO[0m [2mmoq_test_client::scenarios[0m[2m:[0m Publisher sending direct PUBLISH [3mnamespace[0m[2m=[0m/moq-test/publish [3mtrack[0m[2m=[0m"published-track"
not ok 7 - publish-track-only
  ---
  duration_ms: 586
  message: "PUBLISH was rejected: closed, code=1"
  ...
[2m2026-09-09T01:30:57.432913Z[0m [32m INFO[0m [2mmoq_native_ietf::quic[0m[2m:[0m UDP socket bound [3mbind[0m[2m=[0m[::]:0 [3mlocal[0m[2m=[0m[::]:40128 [3mdual_stack[0m[2m=[0mtrue
[2m2026-09-09T01:30:57.853878Z[0m [32m INFO[0m [2mmoq_native_ietf::quic[0m[2m:[0m UDP socket bound [3mbind[0m[2m=[0m[::]:0 [3mlocal[0m[2m=[0m[::]:42382 [3mdual_stack[0m[2m=[0mtrue
[2m2026-09-09T01:30:58.295990Z[0m [32m INFO[0m [2mmoq_test_client::scenarios[0m[2m:[0m Publisher sending direct PUBLISH before subscriber subscribes [3mnamespace[0m[2m=[0m/moq-test/publish [3mtrack[0m[2m=[0m"published-track"
not ok 8 - publish-track-subscribe
  ---
  duration_ms: 1002
  message: "PUBLISH was rejected: closed, code=1"
  ...
make[1]: *** [Makefile:122: test-external] Error 1
make[1]: Leaving directory '/home/runner/work/moq-interop-runner/moq-interop-runner/main'
