make[1]: Entering directory '/home/runner/work/moq-interop-runner/moq-interop-runner/main'
Running tests against https://draft-14.cloudflare.mediaoverquic.com:443/moq...
  Client: ghcr.io/englishm/moq-interop-runner-moq-test-client-draft-14:latest
docker run --rm \
	 \
	--network host \
	-e RELAY_URL=https://draft-14.cloudflare.mediaoverquic.com:443/moq \
	-e TLS_DISABLE_VERIFY=false \
	ghcr.io/englishm/moq-interop-runner-moq-test-client-draft-14:latest
TAP version 14
# moq-test-client v0.1.7
# Relay: https://draft-14.cloudflare.mediaoverquic.com/moq
1..6
[2m2026-09-09T01:40:16.314355Z[0m [32m INFO[0m [2mmoq_native_ietf::quic[0m[2m:[0m UDP socket bound [3mbind[0m[2m=[0m[::]:0 [3mlocal[0m[2m=[0m[::]:41542 [3mdual_stack[0m[2m=[0mtrue
[2m2026-09-09T01:40:16.418419Z[0m [32m INFO[0m [2mmoq_test_client::scenarios[0m[2m:[0m SETUP exchange completed successfully
ok 1 - setup-only
  ---
  duration_ms: 105
  connection_id: 49c188d364cccce96bfc52bf753c16e5
  ...
[2m2026-09-09T01:40:16.419312Z[0m [32m INFO[0m [2mmoq_native_ietf::quic[0m[2m:[0m UDP socket bound [3mbind[0m[2m=[0m[::]:0 [3mlocal[0m[2m=[0m[::]:55064 [3mdual_stack[0m[2m=[0mtrue
[2m2026-09-09T01:40:16.512713Z[0m [32m INFO[0m [2mmoq_test_client::scenarios[0m[2m:[0m Announcing namespace: moq-test/interop
[2m2026-09-09T01:40:18.513537Z[0m [32m INFO[0m [2mmoq_test_client::scenarios[0m[2m:[0m Announce succeeded (no error received, waiting for subscriptions timed out)
ok 2 - announce-only
  ---
  duration_ms: 2095
  connection_id: 762069193f08bf3d1913539a5f98b283
  ...
[2m2026-09-09T01:40:18.514571Z[0m [32m INFO[0m [2mmoq_native_ietf::quic[0m[2m:[0m UDP socket bound [3mbind[0m[2m=[0m[::]:0 [3mlocal[0m[2m=[0m[::]:53774 [3mdual_stack[0m[2m=[0mtrue
[2m2026-09-09T01:40:18.609396Z[0m [32m INFO[0m [2mmoq_test_client::scenarios[0m[2m:[0m Subscribing to non-existent track: nonexistent/namespace/test-track
[2m2026-09-09T01:40:18.753732Z[0m [33m WARN[0m [2mmoq_test_client::scenarios[0m[2m:[0m Got error but not clearly 'not found': closed, code=4. This may indicate a different error type than expected.
ok 3 - subscribe-error
  ---
  duration_ms: 240
  connection_id: 965251d466b6326421363dab60627034
  ...
[2m2026-09-09T01:40:18.754634Z[0m [32m INFO[0m [2mmoq_native_ietf::quic[0m[2m:[0m UDP socket bound [3mbind[0m[2m=[0m[::]:0 [3mlocal[0m[2m=[0m[::]:53118 [3mdual_stack[0m[2m=[0mtrue
[2m2026-09-09T01:40:18.852721Z[0m [32m INFO[0m [2mmoq_native_ietf::quic[0m[2m:[0m UDP socket bound [3mbind[0m[2m=[0m[::]:0 [3mlocal[0m[2m=[0m[::]:42907 [3mdual_stack[0m[2m=[0mtrue
[2m2026-09-09T01:40:18.947971Z[0m [32m INFO[0m [2mmoq_test_client::scenarios[0m[2m:[0m Publisher announcing namespace: moq-test/interop
[2m2026-09-09T01:40:18.947987Z[0m [32m INFO[0m [2mmoq_test_client::scenarios[0m[2m:[0m Subscriber subscribing to track: moq-test/interop/test-track
[2m2026-09-09T01:40:21.948808Z[0m [32m INFO[0m [2mmoq_test_client::scenarios[0m[2m:[0m Test timeout reached - subscription routing may still be in progress
ok 4 - announce-subscribe
  ---
  duration_ms: 3195
  publisher_connection_id: 095f4881af8bce6f7bd23a0d953fb24d
  subscriber_connection_id: dbff8873894b86a8e2dee077a680a990
  ...
[2m2026-09-09T01:40:21.949717Z[0m [32m INFO[0m [2mmoq_native_ietf::quic[0m[2m:[0m UDP socket bound [3mbind[0m[2m=[0m[::]:0 [3mlocal[0m[2m=[0m[::]:35249 [3mdual_stack[0m[2m=[0mtrue
[2m2026-09-09T01:40:22.069131Z[0m [32m INFO[0m [2mmoq_test_client::scenarios[0m[2m:[0m Subscriber subscribing BEFORE announce: moq-test/interop/test-track
[2m2026-09-09T01:40:22.571761Z[0m [32m INFO[0m [2mmoq_native_ietf::quic[0m[2m:[0m UDP socket bound [3mbind[0m[2m=[0m[::]:0 [3mlocal[0m[2m=[0m[::]:49641 [3mdual_stack[0m[2m=[0mtrue
[2m2026-09-09T01:40:22.669718Z[0m [32m INFO[0m [2mmoq_test_client::scenarios[0m[2m:[0m Publisher announcing namespace (after subscriber): moq-test/interop
[2m2026-09-09T01:40:25.671030Z[0m [32m INFO[0m [2mmoq_test_client::scenarios[0m[2m:[0m Publisher announce timeout (expected)
[2m2026-09-09T01:40:25.671054Z[0m [32m INFO[0m [2mmoq_test_client::scenarios[0m[2m:[0m Subscriber got error: closed, code=4 (may be expected)
ok 5 - subscribe-before-announce
  ---
  duration_ms: 3722
  subscriber_connection_id: c1b68d2d22c2c5fa3eb6530c738a5c89
  publisher_connection_id: 5eb621b04a5db6c2b2c461067dbb71a9
  ...
[2m2026-09-09T01:40:25.671918Z[0m [32m INFO[0m [2mmoq_native_ietf::quic[0m[2m:[0m UDP socket bound [3mbind[0m[2m=[0m[::]:0 [3mlocal[0m[2m=[0m[::]:35076 [3mdual_stack[0m[2m=[0mtrue
[2m2026-09-09T01:40:25.798571Z[0m [32m INFO[0m [2mmoq_test_client::scenarios[0m[2m:[0m Announcing namespace: moq-test/interop
[2m2026-09-09T01:40:27.800025Z[0m [32m INFO[0m [2mmoq_test_client::scenarios[0m[2m:[0m Announce active, now sending PUBLISH_NAMESPACE_DONE
[2m2026-09-09T01:40:27.900999Z[0m [32m INFO[0m [2mmoq_test_client::scenarios[0m[2m:[0m PUBLISH_NAMESPACE_DONE sent successfully
ok 6 - publish-namespace-done
  ---
  duration_ms: 2229
  connection_id: 21d4ab0bedaf3c61370da1bfda98faf2
  ...
make[1]: Leaving directory '/home/runner/work/moq-interop-runner/moq-interop-runner/main'
