make[1]: Entering directory '/home/runner/work/moq-interop-runner/moq-interop-runner/main'
Running tests against https://fb.mvfst.net:9448/moq-relay...
  Client: ghcr.io/englishm/moq-interop-runner-moq-test-client-draft-18:latest
docker run --rm \
	 \
	--network host \
	-e RELAY_URL=https://fb.mvfst.net:9448/moq-relay \
	-e TLS_DISABLE_VERIFY=1 \
	ghcr.io/englishm/moq-interop-runner-moq-test-client-draft-18:latest
TAP version 14
# moq-test-client v0.1.12
# Relay: https://fb.mvfst.net:9448/moq-relay
1..9
[2m2026-09-09T00:49:38.874634Z[0m [32m INFO[0m [2mmoq_native_ietf::quic[0m[2m:[0m UDP socket bound [3mbind[0m[2m=[0m[::]:0 [3mlocal[0m[2m=[0m[::]:48160 [3mdual_stack[0m[2m=[0mtrue
[2m2026-09-09T00:49:39.039607Z[0m [32m INFO[0m [2mmoq_test_client::scenarios[0m[2m:[0m SETUP exchange completed successfully
ok 1 - setup-only
  ---
  duration_ms: 165
  connection_id: 9b220e421cd61abf13e3686d859fa24a
  ...
[2m2026-09-09T00:49:39.040469Z[0m [32m INFO[0m [2mmoq_native_ietf::quic[0m[2m:[0m UDP socket bound [3mbind[0m[2m=[0m[::]:0 [3mlocal[0m[2m=[0m[::]:36241 [3mdual_stack[0m[2m=[0mtrue
[2m2026-09-09T00:49:39.093009Z[0m [33m WARN[0m [2mweb_transport_quinn::session[0m[2m:[0m failed to read capsule [3me[0m[2m=[0mUnexpectedEnd
[2m2026-09-09T00:49:39.230440Z[0m [32m INFO[0m [2mmoq_test_client::scenarios[0m[2m:[0m Sending PUBLISH_NAMESPACE for: moq-test/interop
[2m2026-09-09T00:49:41.232417Z[0m [32m INFO[0m [2mmoq_test_client::scenarios[0m[2m:[0m PUBLISH_NAMESPACE succeeded (REQUEST_OK received, waiting for subscribers)
ok 2 - publish-namespace-only
  ---
  duration_ms: 2192
  connection_id: bd24e2b889c60e8cdaaaa812b82d1b47
  ...
[2m2026-09-09T00:49:41.233357Z[0m [32m INFO[0m [2mmoq_native_ietf::quic[0m[2m:[0m UDP socket bound [3mbind[0m[2m=[0m[::]:0 [3mlocal[0m[2m=[0m[::]:46814 [3mdual_stack[0m[2m=[0mtrue
[2m2026-09-09T00:49:41.283361Z[0m [33m WARN[0m [2mweb_transport_quinn::session[0m[2m:[0m failed to read capsule [3me[0m[2m=[0mUnexpectedEnd
[2m2026-09-09T00:49:41.420248Z[0m [32m INFO[0m [2mmoq_test_client::scenarios[0m[2m:[0m Subscribing to non-existent track: nonexistent/namespace/test-track
[2m2026-09-09T00:49:41.472570Z[0m [33m WARN[0m [2mmoq_transport::serve::error[0m[2m:[0m [cd104113-ed44-49ef-bf56-83b44afd0cc8] Not found: no such namespace or track at moq-transport/src/session/subscriber.rs:1653
[2m2026-09-09T00:49:41.472751Z[0m [32m INFO[0m [2mmoq_test_client::scenarios[0m[2m:[0m Got expected 'not found' error: not found: Track not found [error:cd104113-ed44-49ef-bf56-83b44afd0cc8]
ok 3 - subscribe-error
  ---
  duration_ms: 240
  connection_id: c36768dd8e14998ba970cfec6c953fdf
  ...
[2m2026-09-09T00:49:41.473632Z[0m [32m INFO[0m [2mmoq_native_ietf::quic[0m[2m:[0m UDP socket bound [3mbind[0m[2m=[0m[::]:0 [3mlocal[0m[2m=[0m[::]:41024 [3mdual_stack[0m[2m=[0mtrue
[2m2026-09-09T00:49:41.523728Z[0m [33m WARN[0m [2mweb_transport_quinn::session[0m[2m:[0m failed to read capsule [3me[0m[2m=[0mUnexpectedEnd
[2m2026-09-09T00:49:41.598558Z[0m [32m INFO[0m [2mmoq_native_ietf::quic[0m[2m:[0m UDP socket bound [3mbind[0m[2m=[0m[::]:0 [3mlocal[0m[2m=[0m[::]:36638 [3mdual_stack[0m[2m=[0mtrue
[2m2026-09-09T00:49:41.734625Z[0m [32m INFO[0m [2mmoq_test_client::scenarios[0m[2m:[0m Publisher sending PUBLISH_NAMESPACE: moq-test/interop
[2m2026-09-09T00:49:41.734668Z[0m [32m INFO[0m [2mmoq_test_client::scenarios[0m[2m:[0m Subscriber subscribing to track: moq-test/interop/test-track
[2m2026-09-09T00:49:41.789835Z[0m [33m WARN[0m [2mmoq_transport::serve::error[0m[2m:[0m [25cedb69-3fda-4877-8298-ed254742cef1] Not found: no such namespace or track at moq-transport/src/session/subscriber.rs:1653
[2m2026-09-09T00:49:41.790115Z[0m [32m INFO[0m [2mmoq_test_client::scenarios[0m[2m:[0m Subscriber got error: not found: Track not found [error:25cedb69-3fda-4877-8298-ed254742cef1] - subscription was processed
ok 4 - publish-namespace-subscribe
  ---
  duration_ms: 317
  publisher_connection_id: 2b78c1fd3361d80891482141f60144c0
  subscriber_connection_id: 23493922ea237c1aaa4c89af299aae21
  ...
[2m2026-09-09T00:49:41.791040Z[0m [32m INFO[0m [2mmoq_native_ietf::quic[0m[2m:[0m UDP socket bound [3mbind[0m[2m=[0m[::]:0 [3mlocal[0m[2m=[0m[::]:53912 [3mdual_stack[0m[2m=[0mtrue
[2m2026-09-09T00:49:41.843163Z[0m [33m WARN[0m [2mweb_transport_quinn::session[0m[2m:[0m failed to read capsule [3me[0m[2m=[0mUnexpectedEnd
[2m2026-09-09T00:49:41.845398Z[0m [33m WARN[0m [2mweb_transport_quinn::session[0m[2m:[0m failed to read capsule [3me[0m[2m=[0mUnexpectedEnd
[2m2026-09-09T00:49:41.926407Z[0m [32m INFO[0m [2mmoq_test_client::scenarios[0m[2m:[0m Subscriber subscribing BEFORE PUBLISH_NAMESPACE: moq-test/interop/test-track
[2m2026-09-09T00:49:41.977393Z[0m [33m WARN[0m [2mmoq_transport::serve::error[0m[2m:[0m [646007b8-b728-41b4-8845-6333dc1e0cdb] Not found: no such namespace or track at moq-transport/src/session/subscriber.rs:1653
[2m2026-09-09T00:49:42.027586Z[0m [33m WARN[0m [2mweb_transport_quinn::session[0m[2m:[0m failed to read capsule [3me[0m[2m=[0mUnexpectedEnd
[2m2026-09-09T00:49:42.428880Z[0m [32m INFO[0m [2mmoq_native_ietf::quic[0m[2m:[0m UDP socket bound [3mbind[0m[2m=[0m[::]:0 [3mlocal[0m[2m=[0m[::]:37429 [3mdual_stack[0m[2m=[0mtrue
[2m2026-09-09T00:49:42.604665Z[0m [32m INFO[0m [2mmoq_test_client::scenarios[0m[2m:[0m Publisher sending PUBLISH_NAMESPACE (after subscriber): moq-test/interop
[2m2026-09-09T00:49:45.606021Z[0m [32m INFO[0m [2mmoq_test_client::scenarios[0m[2m:[0m Publisher PUBLISH_NAMESPACE timeout (expected)
[2m2026-09-09T00:49:45.606045Z[0m [32m INFO[0m [2mmoq_test_client::scenarios[0m[2m:[0m Subscriber got error: not found: Track not found [error:646007b8-b728-41b4-8845-6333dc1e0cdb] (may be expected)
ok 5 - subscribe-before-publish-namespace
  ---
  duration_ms: 3815
  subscriber_connection_id: 19c4dd67699772a3574828de996cf925
  publisher_connection_id: f475fa409b670f8a949cb835a5f008d9
  ...
[2m2026-09-09T00:49:45.606997Z[0m [32m INFO[0m [2mmoq_native_ietf::quic[0m[2m:[0m UDP socket bound [3mbind[0m[2m=[0m[::]:0 [3mlocal[0m[2m=[0m[::]:44799 [3mdual_stack[0m[2m=[0mtrue
[2m2026-09-09T00:49:45.655146Z[0m [33m WARN[0m [2mweb_transport_quinn::session[0m[2m:[0m failed to read capsule [3me[0m[2m=[0mUnexpectedEnd
[2m2026-09-09T00:49:45.719686Z[0m [32m INFO[0m [2mmoq_test_client::scenarios[0m[2m:[0m Sending PUBLISH_NAMESPACE: moq-test/interop
[2m2026-09-09T00:49:47.721396Z[0m [32m INFO[0m [2mmoq_test_client::scenarios[0m[2m:[0m PUBLISH_NAMESPACE active; sending PUBLISH_NAMESPACE_DONE
[2m2026-09-09T00:49:47.823119Z[0m [32m INFO[0m [2mmoq_test_client::scenarios[0m[2m:[0m PUBLISH_NAMESPACE_DONE sent successfully
ok 6 - publish-namespace-done
  ---
  duration_ms: 2216
  connection_id: 7d257115135fee5abdbb68591548ccab
  ...
[2m2026-09-09T00:49:47.823971Z[0m [32m INFO[0m [2mmoq_native_ietf::quic[0m[2m:[0m UDP socket bound [3mbind[0m[2m=[0m[::]:0 [3mlocal[0m[2m=[0m[::]:58571 [3mdual_stack[0m[2m=[0mtrue
[2m2026-09-09T00:49:47.871142Z[0m [33m WARN[0m [2mweb_transport_quinn::session[0m[2m:[0m failed to read capsule [3me[0m[2m=[0mUnexpectedEnd
[2m2026-09-09T00:49:47.946219Z[0m [32m INFO[0m [2mmoq_test_client::scenarios[0m[2m:[0m Publisher sending direct PUBLISH [3mnamespace[0m[2m=[0m/moq-test/publish [3mtrack[0m[2m=[0m"published-track"
[2m2026-09-09T00:49:48.001356Z[0m [32m INFO[0m [2mmoq_test_client::scenarios[0m[2m:[0m PUBLISH accepted [3mnamespace[0m[2m=[0m/moq-test/publish [3mtrack[0m[2m=[0m"published-track"
ok 7 - publish-track-only
  ---
  duration_ms: 178
  connection_id: 9bc3050e63cdaf5f4d97211ee772b0b2
  ...
[2m2026-09-09T00:49:48.001477Z[0m [32m INFO[0m [2mmoq_test_client::scenarios[0m[2m:[0m PUBLISH completed [3mnamespace[0m[2m=[0m/moq-test/publish [3mtrack[0m[2m=[0m"published-track"
[2m2026-09-09T00:49:48.002300Z[0m [32m INFO[0m [2mmoq_native_ietf::quic[0m[2m:[0m UDP socket bound [3mbind[0m[2m=[0m[::]:0 [3mlocal[0m[2m=[0m[::]:55858 [3mdual_stack[0m[2m=[0mtrue
[2m2026-09-09T00:49:48.055523Z[0m [33m WARN[0m [2mweb_transport_quinn::session[0m[2m:[0m failed to read capsule [3me[0m[2m=[0mUnexpectedEnd
[2m2026-09-09T00:49:48.147863Z[0m [32m INFO[0m [2mmoq_native_ietf::quic[0m[2m:[0m UDP socket bound [3mbind[0m[2m=[0m[::]:0 [3mlocal[0m[2m=[0m[::]:36733 [3mdual_stack[0m[2m=[0mtrue
[2m2026-09-09T00:49:48.257886Z[0m [32m INFO[0m [2mmoq_test_client::scenarios[0m[2m:[0m Publisher sending direct PUBLISH before subscriber subscribes [3mnamespace[0m[2m=[0m/moq-test/publish [3mtrack[0m[2m=[0m"published-track"
[2m2026-09-09T00:49:48.312256Z[0m [32m INFO[0m [2mmoq_test_client::scenarios[0m[2m:[0m PUBLISH accepted; starting subscriber [3mnamespace[0m[2m=[0m/moq-test/publish [3mtrack[0m[2m=[0m"published-track"
[2m2026-09-09T00:49:48.366357Z[0m [33m WARN[0m [2mmoq_transport::session[0m[2m:[0m unexpected bidi response message type [3mmsg_type[0m[2m=[0m2
[2m2026-09-09T00:49:48.366378Z[0m [33m WARN[0m [2mmoq_transport::serve::error[0m[2m:[0m [40c495b0-d66b-411e-b2ef-03366d884f1b] Not implemented: bidi response type 0x2 at moq-transport/src/session/error.rs:89
not ok 8 - publish-track-subscribe
  ---
  duration_ms: 411
  message: "failed serving PUBLISH track: serve error: cancelled: cancelled"
  ...
[2m2026-09-09T00:49:48.413954Z[0m [32m INFO[0m [2mmoq_native_ietf::quic[0m[2m:[0m UDP socket bound [3mbind[0m[2m=[0m[::]:0 [3mlocal[0m[2m=[0m[::]:41255 [3mdual_stack[0m[2m=[0mtrue
[2m2026-09-09T00:49:48.465912Z[0m [33m WARN[0m [2mweb_transport_quinn::session[0m[2m:[0m failed to read capsule [3me[0m[2m=[0mUnexpectedEnd
[2m2026-09-09T00:49:48.474012Z[0m [33m WARN[0m [2mweb_transport_quinn::session[0m[2m:[0m failed to read capsule [3me[0m[2m=[0mUnexpectedEnd
[2m2026-09-09T00:49:48.536234Z[0m [32m INFO[0m [2mmoq_test_client::scenarios[0m[2m:[0m Subscribing with RENDEZVOUS_TIMEOUT to a track with no publisher [3mtimeout_ms[0m[2m=[0m500
ok 9 - rendezvous-timeout
  ---
  duration_ms: 677
  connection_id: 6c1541fd98665154a034bdbfd949c1fa
  ...
[2m2026-09-09T00:49:49.090921Z[0m [32m INFO[0m [2mmoq_test_client::scenarios[0m[2m:[0m Received expected REQUEST_ERROR TIMEOUT
make[1]: *** [Makefile:122: test-external] Error 1
make[1]: Leaving directory '/home/runner/work/moq-interop-runner/moq-interop-runner/main'
