make[1]: Entering directory '/home/runner/work/moq-interop-runner/moq-interop-runner/main'
Running tests against https://us-west-2.relay.quicr.org:33437/relay...
  Client: ghcr.io/openmoq/moqx-interop-client:latest
docker run --rm \
	 \
	--network host \
	-e RELAY_URL=https://us-west-2.relay.quicr.org:33437/relay \
	-e TLS_DISABLE_VERIFY=1 \
	ghcr.io/openmoq/moqx-interop-client:latest
TAP version 14
# moxygen interop test client
# Relay: https://us-west-2.relay.quicr.org:33437/relay
# Transport: WebTransport
# Offered ALPNs: moqt-18, moqt-16, moqt-15, moq-00
1..6
W0909 01:43:27.730524     1 MoQWebTransportClient.cpp:175] WebTransport: No WT-Protocol header in response, will use legacy version negotiation
E0909 01:43:27.773911     1 MoQFramer.cpp:1148] Server selected version draft-1 but we only offer draft-14 in legacy mode
E0909 01:43:27.773933     1 MoQCodec.cpp:126] Conn error=21
E0909 01:43:27.773937     1 MoQSession.cpp:5845] MoQCodec control stream parse error err=21
not ok 1 - setup-only
  ---
  duration_ms: 347
  error: coroutine operation cancelled
  ...
W0909 01:43:27.889140     1 MoQWebTransportClient.cpp:175] WebTransport: No WT-Protocol header in response, will use legacy version negotiation
E0909 01:43:27.932739     1 MoQFramer.cpp:1148] Server selected version draft-1 but we only offer draft-14 in legacy mode
E0909 01:43:27.932760     1 MoQCodec.cpp:126] Conn error=21
E0909 01:43:27.932764     1 MoQSession.cpp:5845] MoQCodec control stream parse error err=21
not ok 2 - announce-only
  ---
  duration_ms: 158
  error: coroutine operation cancelled
  ...
W0909 01:43:28.096017     1 MoQWebTransportClient.cpp:175] WebTransport: No WT-Protocol header in response, will use legacy version negotiation
E0909 01:43:28.140763     1 MoQFramer.cpp:1148] Server selected version draft-1 but we only offer draft-14 in legacy mode
E0909 01:43:28.140785     1 MoQCodec.cpp:126] Conn error=21
E0909 01:43:28.140789     1 MoQSession.cpp:5845] MoQCodec control stream parse error err=21
not ok 3 - subscribe-error
  ---
  duration_ms: 207
  error: coroutine operation cancelled
  ...
W0909 01:43:28.222832     1 MoQWebTransportClient.cpp:175] WebTransport: No WT-Protocol header in response, will use legacy version negotiation
E0909 01:43:28.262181     1 MoQFramer.cpp:1148] Server selected version draft-1 but we only offer draft-14 in legacy mode
E0909 01:43:28.262203     1 MoQCodec.cpp:126] Conn error=21
E0909 01:43:28.262207     1 MoQSession.cpp:5845] MoQCodec control stream parse error err=21
not ok 4 - announce-subscribe
  ---
  duration_ms: 121
  error: coroutine operation cancelled
  ...
W0909 01:43:28.524265     1 MoQWebTransportClient.cpp:175] WebTransport: No WT-Protocol header in response, will use legacy version negotiation
E0909 01:43:28.563732     1 MoQFramer.cpp:1148] Server selected version draft-1 but we only offer draft-14 in legacy mode
E0909 01:43:28.563753     1 MoQCodec.cpp:126] Conn error=21
E0909 01:43:28.563757     1 MoQSession.cpp:5845] MoQCodec control stream parse error err=21
not ok 5 - publish-namespace-done
  ---
  duration_ms: 301
  error: coroutine operation cancelled
  ...
W0909 01:43:28.932927     1 MoQWebTransportClient.cpp:175] WebTransport: No WT-Protocol header in response, will use legacy version negotiation
E0909 01:43:28.971893     1 MoQFramer.cpp:1148] Server selected version draft-1 but we only offer draft-14 in legacy mode
E0909 01:43:28.971915     1 MoQCodec.cpp:126] Conn error=21
E0909 01:43:28.971919     1 MoQSession.cpp:5845] MoQCodec control stream parse error err=21
not ok 6 - subscribe-before-announce
  ---
  duration_ms: 407
  error: coroutine operation cancelled
  ...
make[1]: *** [Makefile:122: test-external] Error 1
make[1]: Leaving directory '/home/runner/work/moq-interop-runner/moq-interop-runner/main'
