make[1]: Entering directory '/home/runner/work/moq-interop-runner/moq-interop-runner/main'
Running tests against https://draft-18-interop.cloudflare.mediaoverquic.com:443/moq...
  Client: ghcr.io/openmoq/moqx-interop-client:latest
docker run --rm \
	 \
	--network host \
	-e RELAY_URL=https://draft-18-interop.cloudflare.mediaoverquic.com:443/moq \
	-e TLS_DISABLE_VERIFY=false \
	ghcr.io/openmoq/moqx-interop-client:latest
TAP version 14
# moxygen interop test client
# Relay: https://draft-18-interop.cloudflare.mediaoverquic.com:443/moq
# Transport: WebTransport
# Offered ALPNs: moqt-18, moqt-16, moqt-15, moq-00
1..6
ok 1 - setup-only
  ---
  duration_ms: 114
  negotiated_version: draft-18
  info: SETUP exchange completed successfully
  ...
E0909 00:57:14.766778     1 MoQRelaySession.cpp:1116] PublishNamespaceDone for unknown publishNamespace, sess=0x5579bd67f130
ok 2 - announce-only
  ---
  duration_ms: 121
  negotiated_version: draft-18
  info: PUBLISH_NAMESPACE completed successfully
  ...
E0909 00:57:14.881605     1 MoQSession.cpp:5069] No matching subscribe ID=0 sess=0x5579bd6b3c90
ok 3 - subscribe-error
  ---
  duration_ms: 114
  negotiated_version: draft-18
  info: Subscribe correctly returned error: peer FINed without terminal reply
  ...
E20260909 00:57:15.201224     1 HQControlCodec.h:58] Unexpected control stream EOF
E20260909 00:57:15.202278     1 HQSession.cpp:3158] Got error on control stream error=HTTP: Critical stream was closed streamID=3 sess=proto=h3, client CID=, server CID=58c134ed7f8f3558, local=10.1.0.219:57279, 8.228.3.228:443=upstream, drain=done
not ok 4 - announce-subscribe
  ---
  duration_ms: 318
  negotiated_version: draft-18
  error: Subscribe failed: Session closed
  ...
ok 5 - publish-namespace-done
  ---
  duration_ms: 218
  negotiated_version: draft-18
  info: PUBLISH_NAMESPACE_OK received, PUBLISH_NAMESPACE_DONE sent
  ...
E0909 00:57:15.531687     1 MoQSession.cpp:5069] No matching subscribe ID=0 sess=0x5579bd6bd3f0
E20260909 00:57:15.531847     1 HQControlCodec.h:58] Unexpected control stream EOF
E20260909 00:57:15.531942     1 HQSession.cpp:3158] Got error on control stream error=HTTP: Critical stream was closed streamID=3 sess=proto=h3, client CID=, server CID=e0d741b2548bc5ac, local=10.1.0.219:33486, 8.228.3.228:443=upstream, drain=pending
E0909 00:57:15.532012     1 MoQWebTransportClient.cpp:200] proxygen::HTTPException: Got error=ApplicationError: 260, HTTP error on control stream
ok 6 - subscribe-before-announce
  ---
  duration_ms: 703
  negotiated_version: draft-18
  info: Subscribe returned error (relay doesn't buffer pending subscriptions): peer FINed without terminal reply
  ...
make[1]: *** [Makefile:122: test-external] Error 1
make[1]: Leaving directory '/home/runner/work/moq-interop-runner/moq-interop-runner/main'
