make[1]: Entering directory '/home/runner/work/moq-interop-runner/moq-interop-runner/main'
Running tests against moqt://draft-18-interop.cloudflare.mediaoverquic.com:443...
  Client: ghcr.io/englishm/moq-interop-runner-moq-test-client-draft-18:latest
docker run --rm \
	 \
	--network host \
	-e RELAY_URL=moqt://draft-18-interop.cloudflare.mediaoverquic.com:443 \
	-e TLS_DISABLE_VERIFY=false \
	ghcr.io/englishm/moq-interop-runner-moq-test-client-draft-18:latest
TAP version 14
# moq-test-client v0.1.10
# Relay: moqt://draft-18-interop.cloudflare.mediaoverquic.com:443
1..6
[2m2026-08-01T01:02:49.068199Z[0m [32m INFO[0m [2mmoq_native_ietf::quic[0m[2m:[0m UDP socket bound [3mbind[0m[2m=[0m[::]:0 [3mlocal[0m[2m=[0m[::]:43130 [3mdual_stack[0m[2m=[0mtrue
[2m2026-08-01T01:02:49.261758Z[0m [32m INFO[0m [2mmoq_test_client::scenarios[0m[2m:[0m SETUP exchange completed successfully
ok 1 - setup-only
  ---
  duration_ms: 194
  connection_id: 19ceddba44699de4363ba2da943d5bd5
  ...
[2m2026-08-01T01:02:49.262632Z[0m [32m INFO[0m [2mmoq_native_ietf::quic[0m[2m:[0m UDP socket bound [3mbind[0m[2m=[0m[::]:0 [3mlocal[0m[2m=[0m[::]:47863 [3mdual_stack[0m[2m=[0mtrue
[2m2026-08-01T01:02:49.424737Z[0m [32m INFO[0m [2mmoq_test_client::scenarios[0m[2m:[0m Sending PUBLISH_NAMESPACE for: moq-test/interop
[2m2026-08-01T01:02:51.425706Z[0m [32m INFO[0m [2mmoq_test_client::scenarios[0m[2m:[0m PUBLISH_NAMESPACE succeeded (REQUEST_OK received, waiting for subscribers)
ok 2 - publish-namespace-only
  ---
  duration_ms: 2164
  connection_id: 8a60632c1b31712955dedd538465630d
  ...
[2m2026-08-01T01:02:51.426687Z[0m [32m INFO[0m [2mmoq_native_ietf::quic[0m[2m:[0m UDP socket bound [3mbind[0m[2m=[0m[::]:0 [3mlocal[0m[2m=[0m[::]:49236 [3mdual_stack[0m[2m=[0mtrue
[2m2026-08-01T01:02:51.601379Z[0m [32m INFO[0m [2mmoq_test_client::scenarios[0m[2m:[0m Subscribing to non-existent track: nonexistent/namespace/test-track
[2m2026-08-01T01:02:51.640022Z[0m [33m WARN[0m [2mmoq_transport::serve::error[0m[2m:[0m [02c7313d-fdeb-431d-8b54-a67173358c80] Not found: not found: Track not found [error:4d1b30e8-4381-4e5e-9019-037928b0a1ce] at moq-transport/src/session/subscriber.rs:483
[2m2026-08-01T01:02:51.640081Z[0m [32m INFO[0m [2mmoq_test_client::scenarios[0m[2m:[0m Got expected 'not found' error: not found: Track not found [error:02c7313d-fdeb-431d-8b54-a67173358c80]
ok 3 - subscribe-error
  ---
  duration_ms: 214
  connection_id: 731073bcf3f103d969624e34f96b4775
  ...
[2m2026-08-01T01:02:51.640963Z[0m [32m INFO[0m [2mmoq_native_ietf::quic[0m[2m:[0m UDP socket bound [3mbind[0m[2m=[0m[::]:0 [3mlocal[0m[2m=[0m[::]:36302 [3mdual_stack[0m[2m=[0mtrue
[2m2026-08-01T01:02:51.813731Z[0m [32m INFO[0m [2mmoq_native_ietf::quic[0m[2m:[0m UDP socket bound [3mbind[0m[2m=[0m[::]:0 [3mlocal[0m[2m=[0m[::]:43999 [3mdual_stack[0m[2m=[0mtrue
[2m2026-08-01T01:02:52.008332Z[0m [32m INFO[0m [2mmoq_test_client::scenarios[0m[2m:[0m Publisher sending PUBLISH_NAMESPACE: moq-test/interop
[2m2026-08-01T01:02:52.008356Z[0m [32m INFO[0m [2mmoq_test_client::scenarios[0m[2m:[0m Subscriber subscribing to track: moq-test/interop/test-track
[2m2026-08-01T01:02:55.009298Z[0m [32m INFO[0m [2mmoq_test_client::scenarios[0m[2m:[0m Test timeout reached - subscription routing may still be in progress
ok 4 - publish-namespace-subscribe
  ---
  duration_ms: 3369
  publisher_connection_id: e10fb07001a90f59219db8a34f69c1dd
  subscriber_connection_id: 8416d4fe6d00ea25a2ab4527ed2c0b8e
  ...
[2m2026-08-01T01:02:55.010224Z[0m [32m INFO[0m [2mmoq_native_ietf::quic[0m[2m:[0m UDP socket bound [3mbind[0m[2m=[0m[::]:0 [3mlocal[0m[2m=[0m[::]:49311 [3mdual_stack[0m[2m=[0mtrue
[2m2026-08-01T01:02:55.179687Z[0m [32m INFO[0m [2mmoq_test_client::scenarios[0m[2m:[0m Subscriber subscribing BEFORE PUBLISH_NAMESPACE: moq-test/interop/test-track
[2m2026-08-01T01:02:55.216396Z[0m [33m WARN[0m [2mmoq_transport::serve::error[0m[2m:[0m [9422982f-aa4e-4698-acde-276d8660ad42] Not found: not found: Track not found [error:ea7d78de-7201-4362-8bf6-60530d4d5513] at moq-transport/src/session/subscriber.rs:483
[2m2026-08-01T01:02:55.216423Z[0m [33m WARN[0m [2mmoq_transport::session::reader[0m[2m:[0m [READER] decode: stream ended while waiting for data (have=0 bytes, need=1)
[2m2026-08-01T01:02:55.680998Z[0m [32m INFO[0m [2mmoq_native_ietf::quic[0m[2m:[0m UDP socket bound [3mbind[0m[2m=[0m[::]:0 [3mlocal[0m[2m=[0m[::]:54313 [3mdual_stack[0m[2m=[0mtrue
[2m2026-08-01T01:02:55.801092Z[0m [32m INFO[0m [2mmoq_test_client::scenarios[0m[2m:[0m Publisher sending PUBLISH_NAMESPACE (after subscriber): moq-test/interop
[2m2026-08-01T01:02:58.802489Z[0m [32m INFO[0m [2mmoq_test_client::scenarios[0m[2m:[0m Publisher PUBLISH_NAMESPACE timeout (expected)
[2m2026-08-01T01:02:58.802517Z[0m [32m INFO[0m [2mmoq_test_client::scenarios[0m[2m:[0m Subscriber got error: not found: Track not found [error:9422982f-aa4e-4698-acde-276d8660ad42] (may be expected)
ok 5 - subscribe-before-publish-namespace
  ---
  duration_ms: 3793
  subscriber_connection_id: e25547253bccd307e747c21b7e05997e
  publisher_connection_id: c21cba4e314c776034283769a78c9efd
  ...
[2m2026-08-01T01:02:58.803627Z[0m [32m INFO[0m [2mmoq_native_ietf::quic[0m[2m:[0m UDP socket bound [3mbind[0m[2m=[0m[::]:0 [3mlocal[0m[2m=[0m[::]:59208 [3mdual_stack[0m[2m=[0mtrue
[2m2026-08-01T01:02:58.976490Z[0m [32m INFO[0m [2mmoq_test_client::scenarios[0m[2m:[0m Sending PUBLISH_NAMESPACE: moq-test/interop
[2m2026-08-01T01:03:00.977227Z[0m [32m INFO[0m [2mmoq_test_client::scenarios[0m[2m:[0m PUBLISH_NAMESPACE active; sending PUBLISH_NAMESPACE_DONE
[2m2026-08-01T01:03:01.078363Z[0m [32m INFO[0m [2mmoq_test_client::scenarios[0m[2m:[0m PUBLISH_NAMESPACE_DONE sent successfully
ok 6 - publish-namespace-done
  ---
  duration_ms: 2275
  connection_id: d9b53cadb5330f4b926bab769a96048d
  ...
make[1]: Leaving directory '/home/runner/work/moq-interop-runner/moq-interop-runner/main'
