make[1]: Entering directory '/home/runner/work/moq-interop-runner/moq-interop-runner/main'
Running tests against https://fb.mvfst.net:9448/moq-relay...
  Client: ghcr.io/englishm/moq-interop-runner-moq-test-client-draft-18:latest
docker run --rm \
	 \
	--network host \
	-e RELAY_URL=https://fb.mvfst.net:9448/moq-relay \
	-e TLS_DISABLE_VERIFY=1 \
	ghcr.io/englishm/moq-interop-runner-moq-test-client-draft-18:latest
TAP version 14
# moq-test-client v0.1.10
# Relay: https://fb.mvfst.net:9448/moq-relay
1..6
[2m2026-08-01T01:04:43.057751Z[0m [32m INFO[0m [2mmoq_native_ietf::quic[0m[2m:[0m UDP socket bound [3mbind[0m[2m=[0m[::]:0 [3mlocal[0m[2m=[0m[::]:40123 [3mdual_stack[0m[2m=[0mtrue
[2m2026-08-01T01:04:43.296977Z[0m [32m INFO[0m [2mmoq_test_client::scenarios[0m[2m:[0m SETUP exchange completed successfully
ok 1 - setup-only
  ---
  duration_ms: 240
  connection_id: 66cfef256e6cbb54a72dbd3335af1da9
  ...
[2m2026-08-01T01:04:43.297824Z[0m [32m INFO[0m [2mmoq_native_ietf::quic[0m[2m:[0m UDP socket bound [3mbind[0m[2m=[0m[::]:0 [3mlocal[0m[2m=[0m[::]:57590 [3mdual_stack[0m[2m=[0mtrue
[2m2026-08-01T01:04:43.369661Z[0m [33m WARN[0m [2mweb_transport_quinn::session[0m[2m:[0m failed to read capsule [3me[0m[2m=[0mUnexpectedEnd
[2m2026-08-01T01:04:43.508068Z[0m [32m INFO[0m [2mmoq_test_client::scenarios[0m[2m:[0m Sending PUBLISH_NAMESPACE for: moq-test/interop
[2m2026-08-01T01:04:45.509161Z[0m [32m INFO[0m [2mmoq_test_client::scenarios[0m[2m:[0m PUBLISH_NAMESPACE succeeded (REQUEST_OK received, waiting for subscribers)
ok 2 - publish-namespace-only
  ---
  duration_ms: 2212
  connection_id: 9c14b756463acd7b0b7a23f09cc8a97d
  ...
[2m2026-08-01T01:04:45.510264Z[0m [32m INFO[0m [2mmoq_native_ietf::quic[0m[2m:[0m UDP socket bound [3mbind[0m[2m=[0m[::]:0 [3mlocal[0m[2m=[0m[::]:54699 [3mdual_stack[0m[2m=[0mtrue
[2m2026-08-01T01:04:45.579933Z[0m [33m WARN[0m [2mweb_transport_quinn::session[0m[2m:[0m failed to read capsule [3me[0m[2m=[0mUnexpectedEnd
[2m2026-08-01T01:04:45.696458Z[0m [32m INFO[0m [2mmoq_test_client::scenarios[0m[2m:[0m Subscribing to non-existent track: nonexistent/namespace/test-track
[2m2026-08-01T01:04:45.765195Z[0m [33m WARN[0m [2mmoq_transport::serve::error[0m[2m:[0m [b865c127-f7a0-4d0e-a32d-aa2a3827fa2c] Not found: no such namespace or track at moq-transport/src/session/subscriber.rs:483
[2m2026-08-01T01:04:45.765221Z[0m [33m WARN[0m [2mmoq_transport::session::reader[0m[2m:[0m [READER] decode: stream ended while waiting for data (have=0 bytes, need=1)
[2m2026-08-01T01:04:45.765271Z[0m [32m INFO[0m [2mmoq_test_client::scenarios[0m[2m:[0m Got expected 'not found' error: not found: Track not found [error:b865c127-f7a0-4d0e-a32d-aa2a3827fa2c]
ok 3 - subscribe-error
  ---
  duration_ms: 256
  connection_id: 799a274ea3407a3af293f9064f52ca37
  ...
[2m2026-08-01T01:04:45.766304Z[0m [32m INFO[0m [2mmoq_native_ietf::quic[0m[2m:[0m UDP socket bound [3mbind[0m[2m=[0m[::]:0 [3mlocal[0m[2m=[0m[::]:37418 [3mdual_stack[0m[2m=[0mtrue
[2m2026-08-01T01:04:45.832455Z[0m [33m WARN[0m [2mweb_transport_quinn::session[0m[2m:[0m failed to read capsule [3me[0m[2m=[0mUnexpectedEnd
[2m2026-08-01T01:04:45.961404Z[0m [32m INFO[0m [2mmoq_native_ietf::quic[0m[2m:[0m UDP socket bound [3mbind[0m[2m=[0m[::]:0 [3mlocal[0m[2m=[0m[::]:46683 [3mdual_stack[0m[2m=[0mtrue
[2m2026-08-01T01:04:46.189955Z[0m [32m INFO[0m [2mmoq_test_client::scenarios[0m[2m:[0m Publisher sending PUBLISH_NAMESPACE: moq-test/interop
[2m2026-08-01T01:04:46.189981Z[0m [32m INFO[0m [2mmoq_test_client::scenarios[0m[2m:[0m Subscriber subscribing to track: moq-test/interop/test-track
[2m2026-08-01T01:04:46.266023Z[0m [33m WARN[0m [2mmoq_transport::serve::error[0m[2m:[0m [99742222-6571-4154-b34f-9cd04b9c37d7] Not found: no such namespace or track at moq-transport/src/session/subscriber.rs:483
[2m2026-08-01T01:04:46.266046Z[0m [33m WARN[0m [2mmoq_transport::session::reader[0m[2m:[0m [READER] decode: stream ended while waiting for data (have=0 bytes, need=1)
[2m2026-08-01T01:04:46.266115Z[0m [32m INFO[0m [2mmoq_test_client::scenarios[0m[2m:[0m Subscriber got error: not found: Track not found [error:99742222-6571-4154-b34f-9cd04b9c37d7] - subscription was processed
ok 4 - publish-namespace-subscribe
  ---
  duration_ms: 500
  publisher_connection_id: 0388a24d50e7f0f5ac530a09612e828a
  subscriber_connection_id: c84360ad37819b2b32d5fcbe8e22bec8
  ...
[2m2026-08-01T01:04:46.267161Z[0m [32m INFO[0m [2mmoq_native_ietf::quic[0m[2m:[0m UDP socket bound [3mbind[0m[2m=[0m[::]:0 [3mlocal[0m[2m=[0m[::]:53184 [3mdual_stack[0m[2m=[0mtrue
[2m2026-08-01T01:04:46.336720Z[0m [33m WARN[0m [2mweb_transport_quinn::session[0m[2m:[0m failed to read capsule [3me[0m[2m=[0mUnexpectedEnd
[2m2026-08-01T01:04:46.341124Z[0m [33m WARN[0m [2mweb_transport_quinn::session[0m[2m:[0m failed to read capsule [3me[0m[2m=[0mUnexpectedEnd
[2m2026-08-01T01:04:46.480266Z[0m [32m INFO[0m [2mmoq_test_client::scenarios[0m[2m:[0m Subscriber subscribing BEFORE PUBLISH_NAMESPACE: moq-test/interop/test-track
[2m2026-08-01T01:04:46.546920Z[0m [33m WARN[0m [2mmoq_transport::serve::error[0m[2m:[0m [df7921df-d150-4145-beae-c12210d710a3] Not found: no such namespace or track at moq-transport/src/session/subscriber.rs:483
[2m2026-08-01T01:04:46.546958Z[0m [33m WARN[0m [2mmoq_transport::session::reader[0m[2m:[0m [READER] decode: stream ended while waiting for data (have=0 bytes, need=1)
[2m2026-08-01T01:04:46.612977Z[0m [33m WARN[0m [2mweb_transport_quinn::session[0m[2m:[0m failed to read capsule [3me[0m[2m=[0mUnexpectedEnd
[2m2026-08-01T01:04:46.982304Z[0m [32m INFO[0m [2mmoq_native_ietf::quic[0m[2m:[0m UDP socket bound [3mbind[0m[2m=[0m[::]:0 [3mlocal[0m[2m=[0m[::]:38741 [3mdual_stack[0m[2m=[0mtrue
[2m2026-08-01T01:04:47.150525Z[0m [32m INFO[0m [2mmoq_test_client::scenarios[0m[2m:[0m Publisher sending PUBLISH_NAMESPACE (after subscriber): moq-test/interop
[2m2026-08-01T01:04:50.151726Z[0m [32m INFO[0m [2mmoq_test_client::scenarios[0m[2m:[0m Publisher PUBLISH_NAMESPACE timeout (expected)
[2m2026-08-01T01:04:50.151754Z[0m [32m INFO[0m [2mmoq_test_client::scenarios[0m[2m:[0m Subscriber got error: not found: Track not found [error:df7921df-d150-4145-beae-c12210d710a3] (may be expected)
ok 5 - subscribe-before-publish-namespace
  ---
  duration_ms: 3885
  subscriber_connection_id: 8eabfd63ddbc4198d9a837ca0927907c
  publisher_connection_id: 7752ea787598dd43f0dd232cabcd5ba5
  ...
[2m2026-08-01T01:04:50.152561Z[0m [32m INFO[0m [2mmoq_native_ietf::quic[0m[2m:[0m UDP socket bound [3mbind[0m[2m=[0m[::]:0 [3mlocal[0m[2m=[0m[::]:35367 [3mdual_stack[0m[2m=[0mtrue
[2m2026-08-01T01:04:50.224285Z[0m [33m WARN[0m [2mweb_transport_quinn::session[0m[2m:[0m failed to read capsule [3me[0m[2m=[0mUnexpectedEnd
[2m2026-08-01T01:04:50.319754Z[0m [32m INFO[0m [2mmoq_test_client::scenarios[0m[2m:[0m Sending PUBLISH_NAMESPACE: moq-test/interop
[2m2026-08-01T01:04:52.321927Z[0m [32m INFO[0m [2mmoq_test_client::scenarios[0m[2m:[0m PUBLISH_NAMESPACE active; sending PUBLISH_NAMESPACE_DONE
[2m2026-08-01T01:04:52.423097Z[0m [32m INFO[0m [2mmoq_test_client::scenarios[0m[2m:[0m PUBLISH_NAMESPACE_DONE sent successfully
ok 6 - publish-namespace-done
  ---
  duration_ms: 2271
  connection_id: 7bba030f589f20d03e19fca98607b344
  ...
make[1]: Leaving directory '/home/runner/work/moq-interop-runner/moq-interop-runner/main'
