make[1]: Entering directory '/home/runner/work/moq-interop-runner/moq-interop-runner/main'
Running tests against https://quichemoq.dev:443...
  Client: ghcr.io/englishm/moq-interop-runner-moq-test-client:latest
docker run --rm \
	 \
	--network host \
	-e RELAY_URL=https://quichemoq.dev:443 \
	-e TLS_DISABLE_VERIFY=false \
	ghcr.io/englishm/moq-interop-runner-moq-test-client:latest
TAP version 14
# moq-test-client v0.1.11
# Relay: https://quichemoq.dev/
1..8
[2m2026-08-01T01:31:21.436568Z[0m [32m INFO[0m [2mmoq_native_ietf::quic[0m[2m:[0m UDP socket bound [3mbind[0m[2m=[0m[::]:0 [3mlocal[0m[2m=[0m[::]:38718 [3mdual_stack[0m[2m=[0mtrue
not ok 1 - setup-only
  ---
  duration_ms: 10001
  message: "test timed out: deadline has elapsed"
  ...
[2m2026-08-01T01:31:31.438045Z[0m [32m INFO[0m [2mmoq_native_ietf::quic[0m[2m:[0m UDP socket bound [3mbind[0m[2m=[0m[::]:0 [3mlocal[0m[2m=[0m[::]:49484 [3mdual_stack[0m[2m=[0mtrue
not ok 2 - publish-namespace-only
  ---
  duration_ms: 10000
  message: "test timed out: deadline has elapsed"
  ...
[2m2026-08-01T01:31:41.438968Z[0m [32m INFO[0m [2mmoq_native_ietf::quic[0m[2m:[0m UDP socket bound [3mbind[0m[2m=[0m[::]:0 [3mlocal[0m[2m=[0m[::]:46863 [3mdual_stack[0m[2m=[0mtrue
not ok 3 - subscribe-error
  ---
  duration_ms: 10001
  message: "test timed out: deadline has elapsed"
  ...
[2m2026-08-01T01:31:51.440277Z[0m [32m INFO[0m [2mmoq_native_ietf::quic[0m[2m:[0m UDP socket bound [3mbind[0m[2m=[0m[::]:0 [3mlocal[0m[2m=[0m[::]:37612 [3mdual_stack[0m[2m=[0mtrue
not ok 4 - publish-namespace-subscribe
  ---
  duration_ms: 10001
  message: "test timed out: deadline has elapsed"
  ...
[2m2026-08-01T01:32:01.442115Z[0m [32m INFO[0m [2mmoq_native_ietf::quic[0m[2m:[0m UDP socket bound [3mbind[0m[2m=[0m[::]:0 [3mlocal[0m[2m=[0m[::]:51076 [3mdual_stack[0m[2m=[0mtrue
not ok 5 - subscribe-before-publish-namespace
  ---
  duration_ms: 10000
  message: "test timed out: deadline has elapsed"
  ...
[2m2026-08-01T01:32:11.443001Z[0m [32m INFO[0m [2mmoq_native_ietf::quic[0m[2m:[0m UDP socket bound [3mbind[0m[2m=[0m[::]:0 [3mlocal[0m[2m=[0m[::]:54372 [3mdual_stack[0m[2m=[0mtrue
not ok 6 - publish-namespace-done
  ---
  duration_ms: 10001
  message: "test timed out: deadline has elapsed"
  ...
[2m2026-08-01T01:32:21.444237Z[0m [32m INFO[0m [2mmoq_native_ietf::quic[0m[2m:[0m UDP socket bound [3mbind[0m[2m=[0m[::]:0 [3mlocal[0m[2m=[0m[::]:53487 [3mdual_stack[0m[2m=[0mtrue
not ok 7 - publish-track-only
  ---
  duration_ms: 10000
  message: "test timed out: deadline has elapsed"
  ...
[2m2026-08-01T01:32:31.444888Z[0m [32m INFO[0m [2mmoq_native_ietf::quic[0m[2m:[0m UDP socket bound [3mbind[0m[2m=[0m[::]:0 [3mlocal[0m[2m=[0m[::]:51488 [3mdual_stack[0m[2m=[0mtrue
not ok 8 - publish-track-subscribe
  ---
  duration_ms: 10001
  message: "test timed out: deadline has elapsed"
  ...
make[1]: *** [Makefile:122: test-external] Error 1
make[1]: Leaving directory '/home/runner/work/moq-interop-runner/moq-interop-runner/main'
