make[1]: Entering directory '/home/runner/work/moq-interop-runner/moq-interop-runner/main'
Running tests against moqt://fb.mvfst.net:9448...
  Client: ghcr.io/englishm/moq-interop-runner-moq-test-client-draft-16:latest
docker run --rm \
	 \
	--network host \
	-e RELAY_URL=moqt://fb.mvfst.net:9448 \
	-e TLS_DISABLE_VERIFY=1 \
	ghcr.io/englishm/moq-interop-runner-moq-test-client-draft-16:latest
TAP version 14
# moq-test-client v0.1.0
# Relay: moqt://fb.mvfst.net:9448
1..6
ok 1 - setup-only
  ---
  duration_ms: 246
  connection_id: 019fb4d9bcbb879f40e546fb3d289c77
  ...
ok 2 - announce-only
  ---
  duration_ms: 2261
  connection_id: aab261dd51a256a4d1f0f2614f6ce8e5
  ...
ok 3 - subscribe-error
  ---
  duration_ms: 257
  connection_id: 64c13089f37074ee065bcfb4822f17b0
  ...
not ok 4 - announce-subscribe
  ---
  duration_ms: 538
  message: "publisher session error: webtransport error: session error: connection error: closed by peer: 3: session error: connection error: closed by peer: 3: connection error: closed by peer: 3"
  ...
ok 5 - subscribe-before-announce
  ---
  duration_ms: 3826
  subscriber_connection_id: ed3043eee5858bda00aee44e2c75dfc9
  publisher_connection_id: d9e6b2ac5cb4fae3edfcdd1da9bbc037
  ...
ok 6 - publish-namespace-done
  ---
  duration_ms: 2268
  connection_id: d1e50b4e9ba0ad1e351898978f36c3db
  ...
make[1]: *** [Makefile:122: test-external] Error 1
make[1]: Leaving directory '/home/runner/work/moq-interop-runner/moq-interop-runner/main'
