make[1]: Entering directory '/home/runner/work/moq-interop-runner/moq-interop-runner/main'
Running tests against https://fb.mvfst.net:9448/moq-relay...
  Client: ghcr.io/englishm/moq-interop-runner-moq-test-client-draft-16:latest
docker run --rm \
	 \
	--network host \
	-e RELAY_URL=https://fb.mvfst.net:9448/moq-relay \
	-e TLS_DISABLE_VERIFY=1 \
	ghcr.io/englishm/moq-interop-runner-moq-test-client-draft-16:latest
TAP version 14
# moq-test-client v0.1.0
# Relay: https://fb.mvfst.net:9448/moq-relay
1..6
ok 1 - setup-only
  ---
  duration_ms: 335
  connection_id: a8ab6f51274834e1b3b67ca6da54d5a0
  ...
ok 2 - announce-only
  ---
  duration_ms: 2329
  connection_id: 9eac089610425d6525d9cd987578f0b5
  ...
ok 3 - subscribe-error
  ---
  duration_ms: 375
  connection_id: 8ce0bc763fa2b3afb5feb2857cf7d4cc
  ...
not ok 4 - announce-subscribe
  ---
  duration_ms: 867
  message: "publisher session error: webtransport error: read error: RESET_STREAM: 386759528: read error: RESET_STREAM: 386759528"
  ...
ok 5 - subscribe-before-announce
  ---
  duration_ms: 4128
  subscriber_connection_id: 6a61a4cd4f4708c8163cce2aa3e50e81
  publisher_connection_id: a7152bc647e8f5a989d4ab251ef7535d
  ...
ok 6 - publish-namespace-done
  ---
  duration_ms: 2434
  connection_id: 97112c93ad24606848251274e147a466
  ...
make[1]: *** [Makefile:122: test-external] Error 1
make[1]: Leaving directory '/home/runner/work/moq-interop-runner/moq-interop-runner/main'
