make[1]: Entering directory '/home/runner/work/moq-interop-runner/moq-interop-runner/main'
Running tests against moqt://us-west-2.relay.quicr.org:33437...
  Client: ghcr.io/englishm/moq-interop-runner-moq-test-client-draft-16:latest
docker run --rm \
	 \
	--network host \
	-e RELAY_URL=moqt://us-west-2.relay.quicr.org:33437 \
	-e TLS_DISABLE_VERIFY=1 \
	ghcr.io/englishm/moq-interop-runner-moq-test-client-draft-16:latest
TAP version 14
# moq-test-client v0.1.0
# Relay: moqt://us-west-2.relay.quicr.org:33437
1..6
ok 1 - setup-only
  ---
  duration_ms: 56
  connection_id: bdaa3d550f7e3bbd1fb14616788120df
  ...
ok 2 - announce-only
  ---
  duration_ms: 2031
  connection_id: 1a75e3f0461484d6509a4dae745c1529
  ...
[2026-08-01T01:33:49Z ERROR moq_transport::session::reader] [READER] decode: ERROR decoding moq_transport::message::Message - InvalidMessage(1) (buffer_len=5)
not ok 3 - subscribe-error
  ---
  duration_ms: 296
  message: "session error: decode error: invalid message: 1: invalid message: 1"
  ...
not ok 4 - announce-subscribe
  ---
  duration_ms: 305
  message: "subscriber session error: decode error: invalid message: 1: invalid message: 1"
  ...
[2026-08-01T01:33:49Z ERROR moq_transport::session::reader] [READER] decode: ERROR decoding moq_transport::message::Message - InvalidMessage(1) (buffer_len=5)
[2026-08-01T01:33:49Z ERROR moq_transport::session::reader] [READER] decode: ERROR decoding moq_transport::message::Message - InvalidMessage(1) (buffer_len=5)
ok 5 - subscribe-before-announce
  ---
  duration_ms: 3780
  subscriber_connection_id: 455a98f36ad02600fae083a54ad5f72a
  publisher_connection_id: 6973cd7c79a2d24652ca8b0a49b7c7a0
  ...
ok 6 - publish-namespace-done
  ---
  duration_ms: 2192
  connection_id: 2e8923864c8b6f4e58eb2efb504fe9e1
  ...
make[1]: *** [Makefile:122: test-external] Error 1
make[1]: Leaving directory '/home/runner/work/moq-interop-runner/moq-interop-runner/main'
