make[1]: Entering directory '/home/runner/work/moq-interop-runner/moq-interop-runner/main'
Running tests against moqt://us-west-2.relay.quicr.org:33437...
  Client: ghcr.io/openmoq/moqx-interop-client:latest
docker run --rm \
	 \
	--network host \
	-e RELAY_URL=moqt://us-west-2.relay.quicr.org:33437 \
	-e TLS_DISABLE_VERIFY=1 \
	ghcr.io/openmoq/moqx-interop-client:latest
TAP version 14
# moxygen interop test client
# Relay: moqt://us-west-2.relay.quicr.org:33437
# Transport: QUIC
1..6
ok 1 - setup-only
  ---
  duration_ms: 101
  info: SETUP exchange completed successfully
  ...
W0801 01:43:16.106698     1 MoQSession.cpp:5628] Issuing request that will fail; nextRequestID_=0 peerMaxRequestID_=0 sess=0x55c65dc69760
E0801 01:43:16.119965     1 MoQRelaySession.cpp:1116] PublishNamespaceDone for unknown publishNamespace, sess=0x55c65dc69760
ok 2 - announce-only
  ---
  duration_ms: 325
  info: PUBLISH_NAMESPACE completed successfully
  ...
W0801 01:43:16.153181     1 MoQSession.cpp:5628] Issuing request that will fail; nextRequestID_=0 peerMaxRequestID_=0 sess=0x55c65dcd6300
E0801 01:43:16.166372     1 MoQCodec.cpp:126] Conn error=3
E0801 01:43:16.166394     1 MoQSession.cpp:5412] MoQCodec control stream parse error err=3
ok 3 - subscribe-error
  ---
  duration_ms: 46
  info: Subscribe correctly returned error: Session closed
  ...
W0801 01:43:16.294642     1 MoQSession.cpp:5628] Issuing request that will fail; nextRequestID_=0 peerMaxRequestID_=0 sess=0x55c65dcc21b0
W0801 01:43:16.404391     1 MoQSession.cpp:5628] Issuing request that will fail; nextRequestID_=0 peerMaxRequestID_=0 sess=0x55c65dc6b720
E0801 01:43:16.417745     1 MoQCodec.cpp:126] Conn error=3
E0801 01:43:16.417775     1 MoQSession.cpp:5412] MoQCodec control stream parse error err=3
not ok 4 - announce-subscribe
  ---
  duration_ms: 251
  error: Subscribe failed: Session closed
  ...
W0801 01:43:16.669899     1 MoQSession.cpp:5628] Issuing request that will fail; nextRequestID_=0 peerMaxRequestID_=0 sess=0x55c65dcc2b20
ok 5 - publish-namespace-done
  ---
  duration_ms: 264
  info: PUBLISH_NAMESPACE_OK received, PUBLISH_NAMESPACE_DONE sent
  ...
W0801 01:43:17.011111     1 MoQSession.cpp:5628] Issuing request that will fail; nextRequestID_=0 peerMaxRequestID_=0 sess=0x55c65dcc21b0
E0801 01:43:17.024578     1 MoQCodec.cpp:126] Conn error=3
E0801 01:43:17.024635     1 MoQSession.cpp:5412] MoQCodec control stream parse error err=3
W0801 01:43:17.618283     1 MoQSession.cpp:5628] Issuing request that will fail; nextRequestID_=0 peerMaxRequestID_=0 sess=0x55c65dcdbf70
ok 6 - subscribe-before-announce
  ---
  duration_ms: 948
  info: Subscribe returned error (relay doesn't buffer pending subscriptions): Session closed
  ...
make[1]: *** [Makefile:122: test-external] Error 1
make[1]: Leaving directory '/home/runner/work/moq-interop-runner/moq-interop-runner/main'
