make[1]: Entering directory '/home/runner/work/moq-interop-runner/moq-interop-runner/main'
Running tests against https://us-west-2.relay.quicr.org:33437/relay...
  Client: ghcr.io/openmoq/moqx-interop-client:latest
docker run --rm \
	 \
	--network host \
	-e RELAY_URL=https://us-west-2.relay.quicr.org:33437/relay \
	-e TLS_DISABLE_VERIFY=1 \
	ghcr.io/openmoq/moqx-interop-client:latest
TAP version 14
# moxygen interop test client
# Relay: https://us-west-2.relay.quicr.org:33437/relay
# Transport: WebTransport
1..6
W0801 01:43:13.368837     1 MoQWebTransportClient.cpp:175] WebTransport: No WT-Protocol header in response, will use legacy version negotiation
E0801 01:43:13.382330     1 MoQFramer.cpp:1140] Server selected version draft-1 but we only offer draft-14 in legacy mode
E0801 01:43:13.382351     1 MoQCodec.cpp:126] Conn error=21
E0801 01:43:13.382357     1 MoQSession.cpp:5412] MoQCodec control stream parse error err=21
not ok 1 - setup-only
  ---
  duration_ms: 282
  error: coroutine operation cancelled
  ...
W0801 01:43:13.621229     1 MoQWebTransportClient.cpp:175] WebTransport: No WT-Protocol header in response, will use legacy version negotiation
E0801 01:43:13.634570     1 MoQFramer.cpp:1140] Server selected version draft-1 but we only offer draft-14 in legacy mode
E0801 01:43:13.634592     1 MoQCodec.cpp:126] Conn error=21
E0801 01:43:13.634599     1 MoQSession.cpp:5412] MoQCodec control stream parse error err=21
not ok 2 - announce-only
  ---
  duration_ms: 252
  error: coroutine operation cancelled
  ...
W0801 01:43:13.664988     1 MoQWebTransportClient.cpp:175] WebTransport: No WT-Protocol header in response, will use legacy version negotiation
E0801 01:43:13.678011     1 MoQFramer.cpp:1140] Server selected version draft-1 but we only offer draft-14 in legacy mode
E0801 01:43:13.678033     1 MoQCodec.cpp:126] Conn error=21
E0801 01:43:13.678041     1 MoQSession.cpp:5412] MoQCodec control stream parse error err=21
not ok 3 - subscribe-error
  ---
  duration_ms: 43
  error: coroutine operation cancelled
  ...
W0801 01:43:13.921233     1 MoQWebTransportClient.cpp:175] WebTransport: No WT-Protocol header in response, will use legacy version negotiation
E0801 01:43:13.934471     1 MoQFramer.cpp:1140] Server selected version draft-1 but we only offer draft-14 in legacy mode
E0801 01:43:13.934488     1 MoQCodec.cpp:126] Conn error=21
E0801 01:43:13.934493     1 MoQSession.cpp:5412] MoQCodec control stream parse error err=21
not ok 4 - announce-subscribe
  ---
  duration_ms: 256
  error: coroutine operation cancelled
  ...
W0801 01:43:14.248996     1 MoQWebTransportClient.cpp:175] WebTransport: No WT-Protocol header in response, will use legacy version negotiation
E0801 01:43:14.262298     1 MoQFramer.cpp:1140] Server selected version draft-1 but we only offer draft-14 in legacy mode
E0801 01:43:14.262314     1 MoQCodec.cpp:126] Conn error=21
E0801 01:43:14.262318     1 MoQSession.cpp:5412] MoQCodec control stream parse error err=21
not ok 5 - publish-namespace-done
  ---
  duration_ms: 327
  error: coroutine operation cancelled
  ...
W0801 01:43:14.508025     1 MoQWebTransportClient.cpp:175] WebTransport: No WT-Protocol header in response, will use legacy version negotiation
E0801 01:43:14.521556     1 MoQFramer.cpp:1140] Server selected version draft-1 but we only offer draft-14 in legacy mode
E0801 01:43:14.521589     1 MoQCodec.cpp:126] Conn error=21
E0801 01:43:14.521594     1 MoQSession.cpp:5412] MoQCodec control stream parse error err=21
not ok 6 - subscribe-before-announce
  ---
  duration_ms: 259
  error: coroutine operation cancelled
  ...
make[1]: *** [Makefile:122: test-external] Error 1
make[1]: Leaving directory '/home/runner/work/moq-interop-runner/moq-interop-runner/main'
