make[1]: Entering directory '/home/runner/work/moq-interop-runner/moq-interop-runner/main'
Running tests against moqt://lminiero.it:9000...
  Client: ghcr.io/facebookexperimental/moxygen-interop-client:latest-amd64
docker run --rm \
	 \
	--network host \
	-e RELAY_URL=moqt://lminiero.it:9000 \
	-e TLS_DISABLE_VERIFY=false \
	ghcr.io/facebookexperimental/moxygen-interop-client:latest-amd64
TAP version 14
# moxygen interop test client
# Relay: moqt://lminiero.it:9000
# Transport: QUIC
1..6
E0801 01:09:21.933519     1 MoQCodec.cpp:126] Conn error=3
E0801 01:09:21.933553     1 MoQSession.cpp:5412] MoQCodec control stream parse error err=3
not ok 1 - setup-only
  ---
  duration_ms: 814
  error: coroutine operation cancelled
  ...
E0801 01:09:22.727463     1 MoQCodec.cpp:126] Conn error=3
E0801 01:09:22.727487     1 MoQSession.cpp:5412] MoQCodec control stream parse error err=3
not ok 2 - announce-only
  ---
  duration_ms: 793
  error: coroutine operation cancelled
  ...
E0801 01:09:23.851756     1 MoQCodec.cpp:126] Conn error=3
E0801 01:09:23.851786     1 MoQSession.cpp:5412] MoQCodec control stream parse error err=3
not ok 3 - subscribe-error
  ---
  duration_ms: 1124
  error: coroutine operation cancelled
  ...
E0801 01:09:24.644464     1 MoQCodec.cpp:126] Conn error=3
E0801 01:09:24.644494     1 MoQSession.cpp:5412] MoQCodec control stream parse error err=3
not ok 4 - announce-subscribe
  ---
  duration_ms: 792
  error: coroutine operation cancelled
  ...
E0801 01:09:25.787198     1 MoQCodec.cpp:126] Conn error=3
E0801 01:09:25.787222     1 MoQSession.cpp:5412] MoQCodec control stream parse error err=3
not ok 5 - publish-namespace-done
  ---
  duration_ms: 1142
  error: coroutine operation cancelled
  ...
E0801 01:09:26.267046     1 MoQCodec.cpp:126] Conn error=3
E0801 01:09:26.267075     1 MoQSession.cpp:5412] MoQCodec control stream parse error err=3
not ok 6 - subscribe-before-announce
  ---
  duration_ms: 479
  error: coroutine operation cancelled
  ...
E20260801 01:09:27.267908     1 EventHandler.cpp:90] EventBase: failed to register event handler for fd 11: No such file or directory
make[1]: *** [Makefile:122: test-external] Error 1
make[1]: Leaving directory '/home/runner/work/moq-interop-runner/moq-interop-runner/main'
