make[1]: Entering directory '/home/runner/work/moq-interop-runner/moq-interop-runner/main'
Running tests against https://moqt.nokiaresearch.com:4443/moq...
  Client: ghcr.io/englishm/moq-interop-runner-moq-test-client-draft-18:latest
docker run --rm \
	 \
	--network host \
	-e RELAY_URL=https://moqt.nokiaresearch.com:4443/moq \
	-e TLS_DISABLE_VERIFY=false \
	ghcr.io/englishm/moq-interop-runner-moq-test-client-draft-18:latest
TAP version 14
# moq-test-client v0.1.10
# Relay: https://moqt.nokiaresearch.com:4443/moq
1..6
[2m2026-08-26T00:31:11.992739Z[0m [32m INFO[0m [2mmoq_native_ietf::quic[0m[2m:[0m UDP socket bound [3mbind[0m[2m=[0m[::]:0 [3mlocal[0m[2m=[0m[::]:57693 [3mdual_stack[0m[2m=[0mtrue
[2m2026-08-26T00:31:12.821307Z[0m [32m INFO[0m [2mmoq_test_client::scenarios[0m[2m:[0m SETUP exchange completed successfully
ok 1 - setup-only
  ---
  duration_ms: 829
  connection_id: edc16749c1707ab3afa6af27275f0302
  ...
[2m2026-08-26T00:31:12.822246Z[0m [32m INFO[0m [2mmoq_native_ietf::quic[0m[2m:[0m UDP socket bound [3mbind[0m[2m=[0m[::]:0 [3mlocal[0m[2m=[0m[::]:46659 [3mdual_stack[0m[2m=[0mtrue
[2m2026-08-26T00:31:12.985994Z[0m [33m WARN[0m [2mweb_transport_quinn::session[0m[2m:[0m failed to read capsule [3me[0m[2m=[0mUnexpectedEnd
[2m2026-08-26T00:31:13.651885Z[0m [32m INFO[0m [2mmoq_test_client::scenarios[0m[2m:[0m Sending PUBLISH_NAMESPACE for: moq-test/interop
[2m2026-08-26T00:31:15.653294Z[0m [32m INFO[0m [2mmoq_test_client::scenarios[0m[2m:[0m PUBLISH_NAMESPACE succeeded (REQUEST_OK received, waiting for subscribers)
ok 2 - publish-namespace-only
  ---
  duration_ms: 2831
  connection_id: e4f134a4dc70520bee46e13528d1de34
  ...
[2m2026-08-26T00:31:15.654281Z[0m [32m INFO[0m [2mmoq_native_ietf::quic[0m[2m:[0m UDP socket bound [3mbind[0m[2m=[0m[::]:0 [3mlocal[0m[2m=[0m[::]:57801 [3mdual_stack[0m[2m=[0mtrue
[2m2026-08-26T00:31:15.818729Z[0m [33m WARN[0m [2mweb_transport_quinn::session[0m[2m:[0m failed to read capsule [3me[0m[2m=[0mUnexpectedEnd
[2m2026-08-26T00:31:16.496379Z[0m [32m INFO[0m [2mmoq_test_client::scenarios[0m[2m:[0m Subscribing to non-existent track: nonexistent/namespace/test-track
[2m2026-08-26T00:31:16.661203Z[0m [33m WARN[0m [2mmoq_transport::serve::error[0m[2m:[0m [82361eb0-5981-476a-888a-3d8e1faba2cc] Not found: Track /nonexistent/namespace/test-track does not exist at moq-transport/src/session/subscriber.rs:483
[2m2026-08-26T00:31:16.661234Z[0m [33m WARN[0m [2mmoq_transport::session::reader[0m[2m:[0m [READER] decode: stream ended while waiting for data (have=0 bytes, need=1)
[2m2026-08-26T00:31:16.661284Z[0m [32m INFO[0m [2mmoq_test_client::scenarios[0m[2m:[0m Got expected 'not found' error: not found: Track not found [error:82361eb0-5981-476a-888a-3d8e1faba2cc]
ok 3 - subscribe-error
  ---
  duration_ms: 1008
  connection_id: 97a461b53517cee3576eea1f81db1082
  ...
[2m2026-08-26T00:31:16.662237Z[0m [32m INFO[0m [2mmoq_native_ietf::quic[0m[2m:[0m UDP socket bound [3mbind[0m[2m=[0m[::]:0 [3mlocal[0m[2m=[0m[::]:56652 [3mdual_stack[0m[2m=[0mtrue
[2m2026-08-26T00:31:16.825795Z[0m [33m WARN[0m [2mweb_transport_quinn::session[0m[2m:[0m failed to read capsule [3me[0m[2m=[0mUnexpectedEnd
[2m2026-08-26T00:31:17.491350Z[0m [32m INFO[0m [2mmoq_native_ietf::quic[0m[2m:[0m UDP socket bound [3mbind[0m[2m=[0m[::]:0 [3mlocal[0m[2m=[0m[::]:43874 [3mdual_stack[0m[2m=[0mtrue
[2m2026-08-26T00:31:18.327624Z[0m [32m INFO[0m [2mmoq_test_client::scenarios[0m[2m:[0m Publisher sending PUBLISH_NAMESPACE: moq-test/interop
[2m2026-08-26T00:31:18.327645Z[0m [32m INFO[0m [2mmoq_test_client::scenarios[0m[2m:[0m Subscriber subscribing to track: moq-test/interop/test-track
[2m2026-08-26T00:31:18.493931Z[0m [33m WARN[0m [2mmoq_transport::session::reader[0m[2m:[0m [READER] decode: stream ended while waiting for data (have=0 bytes, need=1)
[2m2026-08-26T00:31:21.329176Z[0m [32m INFO[0m [2mmoq_test_client::scenarios[0m[2m:[0m Test timeout reached - subscription routing may still be in progress
ok 4 - publish-namespace-subscribe
  ---
  duration_ms: 4667
  publisher_connection_id: da478dae212847a3b1e618c22e61e167
  subscriber_connection_id: 2c2cfbf74c5f373ffb7e540b9ea4a06c
  ...
[2m2026-08-26T00:31:21.330244Z[0m [32m INFO[0m [2mmoq_native_ietf::quic[0m[2m:[0m UDP socket bound [3mbind[0m[2m=[0m[::]:0 [3mlocal[0m[2m=[0m[::]:45516 [3mdual_stack[0m[2m=[0mtrue
[2m2026-08-26T00:31:21.494121Z[0m [33m WARN[0m [2mweb_transport_quinn::session[0m[2m:[0m failed to read capsule [3me[0m[2m=[0mUnexpectedEnd
[2m2026-08-26T00:31:21.495068Z[0m [33m WARN[0m [2mweb_transport_quinn::session[0m[2m:[0m failed to read capsule [3me[0m[2m=[0mUnexpectedEnd
[2m2026-08-26T00:31:22.165944Z[0m [32m INFO[0m [2mmoq_test_client::scenarios[0m[2m:[0m Subscriber subscribing BEFORE PUBLISH_NAMESPACE: moq-test/interop/test-track
[2m2026-08-26T00:31:22.332805Z[0m [33m WARN[0m [2mmoq_transport::serve::error[0m[2m:[0m [ac6077fb-05a5-4089-b0c6-1b7508fcf49f] Not found: Track /moq-test/interop/test-track does not exist at moq-transport/src/session/subscriber.rs:483
[2m2026-08-26T00:31:22.332827Z[0m [33m WARN[0m [2mmoq_transport::session::reader[0m[2m:[0m [READER] decode: stream ended while waiting for data (have=0 bytes, need=1)
[2m2026-08-26T00:31:22.499566Z[0m [33m WARN[0m [2mweb_transport_quinn::session[0m[2m:[0m failed to read capsule [3me[0m[2m=[0mUnexpectedEnd
[2m2026-08-26T00:31:22.668254Z[0m [32m INFO[0m [2mmoq_native_ietf::quic[0m[2m:[0m UDP socket bound [3mbind[0m[2m=[0m[::]:0 [3mlocal[0m[2m=[0m[::]:59246 [3mdual_stack[0m[2m=[0mtrue
[2m2026-08-26T00:31:23.505925Z[0m [32m INFO[0m [2mmoq_test_client::scenarios[0m[2m:[0m Publisher sending PUBLISH_NAMESPACE (after subscriber): moq-test/interop
[2m2026-08-26T00:31:26.507459Z[0m [32m INFO[0m [2mmoq_test_client::scenarios[0m[2m:[0m Publisher PUBLISH_NAMESPACE timeout (expected)
[2m2026-08-26T00:31:26.507486Z[0m [32m INFO[0m [2mmoq_test_client::scenarios[0m[2m:[0m Subscriber got error: not found: Track not found [error:ac6077fb-05a5-4089-b0c6-1b7508fcf49f] (may be expected)
ok 5 - subscribe-before-publish-namespace
  ---
  duration_ms: 5178
  subscriber_connection_id: 71fbff51e58d35c1a2a7756743112bf4
  publisher_connection_id: cb2a8882e126a72ea7af36648ce3141e
  ...
[2m2026-08-26T00:31:26.508542Z[0m [32m INFO[0m [2mmoq_native_ietf::quic[0m[2m:[0m UDP socket bound [3mbind[0m[2m=[0m[::]:0 [3mlocal[0m[2m=[0m[::]:44866 [3mdual_stack[0m[2m=[0mtrue
[2m2026-08-26T00:31:26.673751Z[0m [33m WARN[0m [2mweb_transport_quinn::session[0m[2m:[0m failed to read capsule [3me[0m[2m=[0mUnexpectedEnd
[2m2026-08-26T00:31:27.348820Z[0m [32m INFO[0m [2mmoq_test_client::scenarios[0m[2m:[0m Sending PUBLISH_NAMESPACE: moq-test/interop
[2m2026-08-26T00:31:29.350786Z[0m [32m INFO[0m [2mmoq_test_client::scenarios[0m[2m:[0m PUBLISH_NAMESPACE active; sending PUBLISH_NAMESPACE_DONE
[2m2026-08-26T00:31:29.452233Z[0m [32m INFO[0m [2mmoq_test_client::scenarios[0m[2m:[0m PUBLISH_NAMESPACE_DONE sent successfully
ok 6 - publish-namespace-done
  ---
  duration_ms: 2944
  connection_id: 073b3e3866caf77f88bb83bc04179c76
  ...
make[1]: Leaving directory '/home/runner/work/moq-interop-runner/moq-interop-runner/main'
