make[1]: Entering directory '/home/runner/work/moq-interop-runner/moq-interop-runner/main'
Running tests against https://fb.mvfst.net:9448/moq-relay...
  Client: ghcr.io/englishm/moq-interop-runner-moq-test-client-draft-16:latest
docker run --rm \
	 \
	--network host \
	-e RELAY_URL=https://fb.mvfst.net:9448/moq-relay \
	-e TLS_DISABLE_VERIFY=1 \
	ghcr.io/englishm/moq-interop-runner-moq-test-client-draft-16:latest
TAP version 14
# moq-test-client v0.1.0
# Relay: https://fb.mvfst.net:9448/moq-relay
1..6
ok 1 - setup-only
  ---
  duration_ms: 247
  connection_id: db5933f90b7ac6a6d1e5c700c66e3b7a
  ...
ok 2 - announce-only
  ---
  duration_ms: 2224
  connection_id: d201bdec433d829d258c91365a3b1fa2
  ...
ok 3 - subscribe-error
  ---
  duration_ms: 379
  connection_id: fc43414e02748e682c83805de80315a9
  ...
ok 4 - announce-subscribe
  ---
  duration_ms: 3486
  publisher_connection_id: ba01a5500b90148505c57902eb051198
  subscriber_connection_id: 5d853b1ab75d60132c8def69e193881c
  ...
ok 5 - subscribe-before-announce
  ---
  duration_ms: 5002
  subscriber_connection_id: a8fe871e21177777df5691bea7077755
  publisher_connection_id: bd0f68fb779076912ebf3139242bb9a8
  ...
ok 6 - publish-namespace-done
  ---
  duration_ms: 2370
  connection_id: aa2e4d732a4d8c957a02d5a87d523587
  ...
make[1]: Leaving directory '/home/runner/work/moq-interop-runner/moq-interop-runner/main'
