make[1]: Entering directory '/home/runner/work/moq-interop-runner/moq-interop-runner/main'
Running tests against moqt://us-west-2.relay.quicr.org:33437...
  Client: ghcr.io/englishm/moq-interop-runner-moq-test-client-draft-16:latest
docker run --rm \
	 \
	--network host \
	-e RELAY_URL=moqt://us-west-2.relay.quicr.org:33437 \
	-e TLS_DISABLE_VERIFY=1 \
	ghcr.io/englishm/moq-interop-runner-moq-test-client-draft-16:latest
TAP version 14
# moq-test-client v0.1.0
# Relay: moqt://us-west-2.relay.quicr.org:33437
1..6
ok 1 - setup-only
  ---
  duration_ms: 66
  connection_id: f3cdda50cede2f4dd48c618aa6fc1ef8
  ...
ok 2 - announce-only
  ---
  duration_ms: 2045
  connection_id: 8cd7238d1550d2336924496ec1d9e952
  ...
[2026-08-26T01:01:01Z ERROR moq_transport::session::reader] [READER] decode: ERROR decoding moq_transport::message::Message - InvalidMessage(1) (buffer_len=5)
not ok 3 - subscribe-error
  ---
  duration_ms: 64
  message: "session error: decode error: invalid message: 1: invalid message: 1"
  ...
not ok 4 - announce-subscribe
  ---
  duration_ms: 134
  message: "subscriber session error: decode error: invalid message: 1: invalid message: 1"
  ...
[2026-08-26T01:01:01Z ERROR moq_transport::session::reader] [READER] decode: ERROR decoding moq_transport::message::Message - InvalidMessage(1) (buffer_len=5)
[2026-08-26T01:01:01Z ERROR moq_transport::session::reader] [READER] decode: ERROR decoding moq_transport::message::Message - InvalidMessage(1) (buffer_len=5)
ok 5 - subscribe-before-announce
  ---
  duration_ms: 3617
  subscriber_connection_id: efbd249d81ab7382bd34cfef9981dd15
  publisher_connection_id: 15c1abef6c14bd5190b8e1fc867b8b4c
  ...
ok 6 - publish-namespace-done
  ---
  duration_ms: 2148
  connection_id: 4ef7906a546006fd2ee09ba68f048128
  ...
make[1]: *** [Makefile:122: test-external] Error 1
make[1]: Leaving directory '/home/runner/work/moq-interop-runner/moq-interop-runner/main'
