make[1]: Entering directory '/home/runner/work/moq-interop-runner/moq-interop-runner/main'
Running tests against moqt://moqx-main.ci.openmoq.org:4433...
  Client: ghcr.io/englishm/moq-interop-runner-moq-test-client-draft-18:latest
docker run --rm \
	 \
	--network host \
	-e RELAY_URL=moqt://moqx-main.ci.openmoq.org:4433 \
	-e TLS_DISABLE_VERIFY=false \
	ghcr.io/englishm/moq-interop-runner-moq-test-client-draft-18:latest
TAP version 14
# moq-test-client v0.1.10
# Relay: moqt://moqx-main.ci.openmoq.org:4433
1..6
[2m2026-08-26T00:31:53.347392Z[0m [32m INFO[0m [2mmoq_native_ietf::quic[0m[2m:[0m UDP socket bound [3mbind[0m[2m=[0m[::]:0 [3mlocal[0m[2m=[0m[::]:52437 [3mdual_stack[0m[2m=[0mtrue
[2m2026-08-26T00:31:53.706161Z[0m [32m INFO[0m [2mmoq_test_client::scenarios[0m[2m:[0m SETUP exchange completed successfully
ok 1 - setup-only
  ---
  duration_ms: 359
  connection_id: 3bf5249cfed93713667310d9f77f18f5
  ...
[2m2026-08-26T00:31:53.707176Z[0m [32m INFO[0m [2mmoq_native_ietf::quic[0m[2m:[0m UDP socket bound [3mbind[0m[2m=[0m[::]:0 [3mlocal[0m[2m=[0m[::]:48228 [3mdual_stack[0m[2m=[0mtrue
[2m2026-08-26T00:31:53.761569Z[0m [32m INFO[0m [2mmoq_test_client::scenarios[0m[2m:[0m Sending PUBLISH_NAMESPACE for: moq-test/interop
[2m2026-08-26T00:31:55.763020Z[0m [32m INFO[0m [2mmoq_test_client::scenarios[0m[2m:[0m PUBLISH_NAMESPACE succeeded (REQUEST_OK received, waiting for subscribers)
ok 2 - publish-namespace-only
  ---
  duration_ms: 2056
  connection_id: 9f8bb4bbf6be81040667ff84972bbc37
  ...
[2m2026-08-26T00:31:55.764109Z[0m [32m INFO[0m [2mmoq_native_ietf::quic[0m[2m:[0m UDP socket bound [3mbind[0m[2m=[0m[::]:0 [3mlocal[0m[2m=[0m[::]:40759 [3mdual_stack[0m[2m=[0mtrue
[2m2026-08-26T00:31:55.817366Z[0m [32m INFO[0m [2mmoq_test_client::scenarios[0m[2m:[0m Subscribing to non-existent track: nonexistent/namespace/test-track
[2m2026-08-26T00:31:55.866168Z[0m [33m WARN[0m [2mmoq_transport::serve::error[0m[2m:[0m [5be03a1e-6dd5-4101-be40-5ec6a7646e15] Not found: no such namespace or track at moq-transport/src/session/subscriber.rs:483
[2m2026-08-26T00:31:55.866183Z[0m [33m WARN[0m [2mmoq_transport::session::reader[0m[2m:[0m [READER] decode: stream ended while waiting for data (have=0 bytes, need=1)
[2m2026-08-26T00:31:55.866210Z[0m [32m INFO[0m [2mmoq_test_client::scenarios[0m[2m:[0m Got expected 'not found' error: not found: Track not found [error:5be03a1e-6dd5-4101-be40-5ec6a7646e15]
ok 3 - subscribe-error
  ---
  duration_ms: 103
  connection_id: 918ed8ba0afacf51725cbcd7230e960a
  ...
[2m2026-08-26T00:31:55.866975Z[0m [32m INFO[0m [2mmoq_native_ietf::quic[0m[2m:[0m UDP socket bound [3mbind[0m[2m=[0m[::]:0 [3mlocal[0m[2m=[0m[::]:40501 [3mdual_stack[0m[2m=[0mtrue
[2m2026-08-26T00:31:56.242734Z[0m [32m INFO[0m [2mmoq_native_ietf::quic[0m[2m:[0m UDP socket bound [3mbind[0m[2m=[0m[::]:0 [3mlocal[0m[2m=[0m[::]:60513 [3mdual_stack[0m[2m=[0mtrue
[2m2026-08-26T00:31:56.296399Z[0m [32m INFO[0m [2mmoq_test_client::scenarios[0m[2m:[0m Publisher sending PUBLISH_NAMESPACE: moq-test/interop
[2m2026-08-26T00:31:56.296421Z[0m [32m INFO[0m [2mmoq_test_client::scenarios[0m[2m:[0m Subscriber subscribing to track: moq-test/interop/test-track
[2m2026-08-26T00:31:56.345707Z[0m [33m WARN[0m [2mmoq_transport::serve::error[0m[2m:[0m [22b73552-6a0b-4bd0-8fcb-c467285a6784] Not found: no such namespace or track at moq-transport/src/session/subscriber.rs:483
[2m2026-08-26T00:31:56.345730Z[0m [33m WARN[0m [2mmoq_transport::session::reader[0m[2m:[0m [READER] decode: stream ended while waiting for data (have=0 bytes, need=1)
[2m2026-08-26T00:31:56.345786Z[0m [32m INFO[0m [2mmoq_test_client::scenarios[0m[2m:[0m Subscriber got error: not found: Track not found [error:22b73552-6a0b-4bd0-8fcb-c467285a6784] - subscription was processed
ok 4 - publish-namespace-subscribe
  ---
  duration_ms: 479
  publisher_connection_id: 902528995325c6f4da3915f2dbb74037
  subscriber_connection_id: 653460346cc2da12e88bda8429919830
  ...
[2m2026-08-26T00:31:56.346661Z[0m [32m INFO[0m [2mmoq_native_ietf::quic[0m[2m:[0m UDP socket bound [3mbind[0m[2m=[0m[::]:0 [3mlocal[0m[2m=[0m[::]:54080 [3mdual_stack[0m[2m=[0mtrue
[2m2026-08-26T00:31:56.772043Z[0m [32m INFO[0m [2mmoq_test_client::scenarios[0m[2m:[0m Subscriber subscribing BEFORE PUBLISH_NAMESPACE: moq-test/interop/test-track
[2m2026-08-26T00:31:56.821209Z[0m [33m WARN[0m [2mmoq_transport::serve::error[0m[2m:[0m [18b08e12-efbe-4673-808e-4c1cc62b7d33] Not found: no such namespace or track at moq-transport/src/session/subscriber.rs:483
[2m2026-08-26T00:31:56.821231Z[0m [33m WARN[0m [2mmoq_transport::session::reader[0m[2m:[0m [READER] decode: stream ended while waiting for data (have=0 bytes, need=1)
[2m2026-08-26T00:31:57.273658Z[0m [32m INFO[0m [2mmoq_native_ietf::quic[0m[2m:[0m UDP socket bound [3mbind[0m[2m=[0m[::]:0 [3mlocal[0m[2m=[0m[::]:53477 [3mdual_stack[0m[2m=[0mtrue
[2m2026-08-26T00:31:57.329869Z[0m [32m INFO[0m [2mmoq_test_client::scenarios[0m[2m:[0m Publisher sending PUBLISH_NAMESPACE (after subscriber): moq-test/interop
[2m2026-08-26T00:32:00.330904Z[0m [32m INFO[0m [2mmoq_test_client::scenarios[0m[2m:[0m Publisher PUBLISH_NAMESPACE timeout (expected)
[2m2026-08-26T00:32:00.330934Z[0m [32m INFO[0m [2mmoq_test_client::scenarios[0m[2m:[0m Subscriber got error: not found: Track not found [error:18b08e12-efbe-4673-808e-4c1cc62b7d33] (may be expected)
ok 5 - subscribe-before-publish-namespace
  ---
  duration_ms: 3985
  subscriber_connection_id: 02e43dfd4981435778be3df1165181c3
  publisher_connection_id: d86388179db4722d2f1d5f90cd8cf839
  ...
[2m2026-08-26T00:32:00.331905Z[0m [32m INFO[0m [2mmoq_native_ietf::quic[0m[2m:[0m UDP socket bound [3mbind[0m[2m=[0m[::]:0 [3mlocal[0m[2m=[0m[::]:35775 [3mdual_stack[0m[2m=[0mtrue
[2m2026-08-26T00:32:00.490111Z[0m [32m INFO[0m [2mmoq_test_client::scenarios[0m[2m:[0m Sending PUBLISH_NAMESPACE: moq-test/interop
[2m2026-08-26T00:32:02.491174Z[0m [32m INFO[0m [2mmoq_test_client::scenarios[0m[2m:[0m PUBLISH_NAMESPACE active; sending PUBLISH_NAMESPACE_DONE
[2m2026-08-26T00:32:02.591733Z[0m [32m INFO[0m [2mmoq_test_client::scenarios[0m[2m:[0m PUBLISH_NAMESPACE_DONE sent successfully
ok 6 - publish-namespace-done
  ---
  duration_ms: 2260
  connection_id: 148f2ac8b7d4deb2a2a2adc7ca68ed5d
  ...
make[1]: Leaving directory '/home/runner/work/moq-interop-runner/moq-interop-runner/main'
