make[1]: Entering directory '/home/runner/work/moq-interop-runner/moq-interop-runner/main'
Running tests against moqt://moqt.nokiaresearch.com:4443/moq...
  Client: ghcr.io/englishm/moq-interop-runner-moq-test-client-draft-18:latest
docker run --rm \
	 \
	--network host \
	-e RELAY_URL=moqt://moqt.nokiaresearch.com:4443/moq \
	-e TLS_DISABLE_VERIFY=false \
	ghcr.io/englishm/moq-interop-runner-moq-test-client-draft-18:latest
TAP version 14
# moq-test-client v0.1.10
# Relay: moqt://moqt.nokiaresearch.com:4443/moq
1..6
[2m2026-08-26T00:30:56.889072Z[0m [32m INFO[0m [2mmoq_native_ietf::quic[0m[2m:[0m UDP socket bound [3mbind[0m[2m=[0m[::]:0 [3mlocal[0m[2m=[0m[::]:43346 [3mdual_stack[0m[2m=[0mtrue
[2m2026-08-26T00:30:57.388474Z[0m [32m INFO[0m [2mmoq_test_client::scenarios[0m[2m:[0m SETUP exchange completed successfully
ok 1 - setup-only
  ---
  duration_ms: 500
  connection_id: 17c17163a9ff53ea6b3fc9858c09d0e9
  ...
[2m2026-08-26T00:30:57.389386Z[0m [32m INFO[0m [2mmoq_native_ietf::quic[0m[2m:[0m UDP socket bound [3mbind[0m[2m=[0m[::]:0 [3mlocal[0m[2m=[0m[::]:47502 [3mdual_stack[0m[2m=[0mtrue
[2m2026-08-26T00:30:57.892458Z[0m [32m INFO[0m [2mmoq_test_client::scenarios[0m[2m:[0m Sending PUBLISH_NAMESPACE for: moq-test/interop
[2m2026-08-26T00:30:59.893535Z[0m [32m INFO[0m [2mmoq_test_client::scenarios[0m[2m:[0m PUBLISH_NAMESPACE succeeded (REQUEST_OK received, waiting for subscribers)
ok 2 - publish-namespace-only
  ---
  duration_ms: 2505
  connection_id: 83ed8776c50f34760770cc1b152abf8c
  ...
[2m2026-08-26T00:30:59.894485Z[0m [32m INFO[0m [2mmoq_native_ietf::quic[0m[2m:[0m UDP socket bound [3mbind[0m[2m=[0m[::]:0 [3mlocal[0m[2m=[0m[::]:40384 [3mdual_stack[0m[2m=[0mtrue
[2m2026-08-26T00:31:00.439098Z[0m [32m INFO[0m [2mmoq_test_client::scenarios[0m[2m:[0m Subscribing to non-existent track: nonexistent/namespace/test-track
[2m2026-08-26T00:31:00.605965Z[0m [33m WARN[0m [2mmoq_transport::serve::error[0m[2m:[0m [9f22c369-2b44-4f8a-a1d7-f583464c2f60] Not found: Track /nonexistent/namespace/test-track does not exist at moq-transport/src/session/subscriber.rs:483
[2m2026-08-26T00:31:00.605990Z[0m [33m WARN[0m [2mmoq_transport::session::reader[0m[2m:[0m [READER] decode: stream ended while waiting for data (have=0 bytes, need=1)
[2m2026-08-26T00:31:00.606038Z[0m [32m INFO[0m [2mmoq_test_client::scenarios[0m[2m:[0m Got expected 'not found' error: not found: Track not found [error:9f22c369-2b44-4f8a-a1d7-f583464c2f60]
ok 3 - subscribe-error
  ---
  duration_ms: 712
  connection_id: 693b247199f2c2a64a3f9174c472f1cd
  ...
[2m2026-08-26T00:31:00.606985Z[0m [32m INFO[0m [2mmoq_native_ietf::quic[0m[2m:[0m UDP socket bound [3mbind[0m[2m=[0m[::]:0 [3mlocal[0m[2m=[0m[::]:56422 [3mdual_stack[0m[2m=[0mtrue
[2m2026-08-26T00:31:01.140900Z[0m [32m INFO[0m [2mmoq_native_ietf::quic[0m[2m:[0m UDP socket bound [3mbind[0m[2m=[0m[::]:0 [3mlocal[0m[2m=[0m[::]:34194 [3mdual_stack[0m[2m=[0mtrue
[2m2026-08-26T00:31:01.693281Z[0m [32m INFO[0m [2mmoq_test_client::scenarios[0m[2m:[0m Publisher sending PUBLISH_NAMESPACE: moq-test/interop
[2m2026-08-26T00:31:01.693304Z[0m [32m INFO[0m [2mmoq_test_client::scenarios[0m[2m:[0m Subscriber subscribing to track: moq-test/interop/test-track
[2m2026-08-26T00:31:01.859551Z[0m [33m WARN[0m [2mmoq_transport::session::reader[0m[2m:[0m [READER] decode: stream ended while waiting for data (have=0 bytes, need=1)
[2m2026-08-26T00:31:04.694606Z[0m [32m INFO[0m [2mmoq_test_client::scenarios[0m[2m:[0m Test timeout reached - subscription routing may still be in progress
ok 4 - publish-namespace-subscribe
  ---
  duration_ms: 4088
  publisher_connection_id: 2b4352d0b4eea145c7ac90aaaef0862d
  subscriber_connection_id: 49c486f2882e592322c979e2119712b6
  ...
[2m2026-08-26T00:31:04.695619Z[0m [32m INFO[0m [2mmoq_native_ietf::quic[0m[2m:[0m UDP socket bound [3mbind[0m[2m=[0m[::]:0 [3mlocal[0m[2m=[0m[::]:40737 [3mdual_stack[0m[2m=[0mtrue
[2m2026-08-26T00:31:05.195118Z[0m [32m INFO[0m [2mmoq_test_client::scenarios[0m[2m:[0m Subscriber subscribing BEFORE PUBLISH_NAMESPACE: moq-test/interop/test-track
[2m2026-08-26T00:31:05.359958Z[0m [33m WARN[0m [2mmoq_transport::serve::error[0m[2m:[0m [d5d4ea0f-f058-4451-bb4a-2a0c84c5d6e3] Not found: Track /moq-test/interop/test-track does not exist at moq-transport/src/session/subscriber.rs:483
[2m2026-08-26T00:31:05.359986Z[0m [33m WARN[0m [2mmoq_transport::session::reader[0m[2m:[0m [READER] decode: stream ended while waiting for data (have=0 bytes, need=1)
[2m2026-08-26T00:31:05.697979Z[0m [32m INFO[0m [2mmoq_native_ietf::quic[0m[2m:[0m UDP socket bound [3mbind[0m[2m=[0m[::]:0 [3mlocal[0m[2m=[0m[::]:44859 [3mdual_stack[0m[2m=[0mtrue
[2m2026-08-26T00:31:06.202297Z[0m [32m INFO[0m [2mmoq_test_client::scenarios[0m[2m:[0m Publisher sending PUBLISH_NAMESPACE (after subscriber): moq-test/interop
[2m2026-08-26T00:31:09.203462Z[0m [32m INFO[0m [2mmoq_test_client::scenarios[0m[2m:[0m Publisher PUBLISH_NAMESPACE timeout (expected)
[2m2026-08-26T00:31:09.203491Z[0m [32m INFO[0m [2mmoq_test_client::scenarios[0m[2m:[0m Subscriber got error: not found: Track not found [error:d5d4ea0f-f058-4451-bb4a-2a0c84c5d6e3] (may be expected)
ok 5 - subscribe-before-publish-namespace
  ---
  duration_ms: 4508
  subscriber_connection_id: 3e9de264cdca010ef17b9cca1c760136
  publisher_connection_id: c1257817ac5f406a1366e382c3d3f22c
  ...
[2m2026-08-26T00:31:09.204344Z[0m [32m INFO[0m [2mmoq_native_ietf::quic[0m[2m:[0m UDP socket bound [3mbind[0m[2m=[0m[::]:0 [3mlocal[0m[2m=[0m[::]:35853 [3mdual_stack[0m[2m=[0mtrue
[2m2026-08-26T00:31:09.726384Z[0m [32m INFO[0m [2mmoq_test_client::scenarios[0m[2m:[0m Sending PUBLISH_NAMESPACE: moq-test/interop
[2m2026-08-26T00:31:11.727629Z[0m [32m INFO[0m [2mmoq_test_client::scenarios[0m[2m:[0m PUBLISH_NAMESPACE active; sending PUBLISH_NAMESPACE_DONE
[2m2026-08-26T00:31:11.828999Z[0m [32m INFO[0m [2mmoq_test_client::scenarios[0m[2m:[0m PUBLISH_NAMESPACE_DONE sent successfully
ok 6 - publish-namespace-done
  ---
  duration_ms: 2625
  connection_id: a2a2f1ce5f5c3fdfdd57344fc0c9ec45
  ...
make[1]: Leaving directory '/home/runner/work/moq-interop-runner/moq-interop-runner/main'
