make[1]: Entering directory '/home/runner/work/moq-interop-runner/moq-interop-runner/main'
Running tests against https://moqx-main.ci.openmoq.org:4433/moq-relay...
  Client: ghcr.io/englishm/moq-interop-runner-moq-test-client-draft-16:latest
docker run --rm \
	 \
	--network host \
	-e RELAY_URL=https://moqx-main.ci.openmoq.org:4433/moq-relay \
	-e TLS_DISABLE_VERIFY=false \
	ghcr.io/englishm/moq-interop-runner-moq-test-client-draft-16:latest
TAP version 14
# moq-test-client v0.1.0
# Relay: https://moqx-main.ci.openmoq.org:4433/moq-relay
1..6
ok 1 - setup-only
  ---
  duration_ms: 243
  connection_id: 2b241da7cab9dc97c47783194f391519
  ...
ok 2 - announce-only
  ---
  duration_ms: 2249
  connection_id: dcaab025ffd09a2ad8e3f7104c71155c
  ...
ok 3 - subscribe-error
  ---
  duration_ms: 256
  connection_id: 638b9992f7cc4fa28c445fac3686ad8a
  ...
ok 4 - announce-subscribe
  ---
  duration_ms: 3691
  publisher_connection_id: 690713307fc64ed9a16b34844c62204c
  subscriber_connection_id: 510e0e9021bd2c553e235ae7ea4c037e
  ...
ok 5 - subscribe-before-announce
  ---
  duration_ms: 5007
  subscriber_connection_id: ea7593832c76865bbd44a15438240a71
  publisher_connection_id: 6837f553a01e084a57075aad3dcfca47
  ...
ok 6 - publish-namespace-done
  ---
  duration_ms: 2385
  connection_id: 7543b0f42015a757ed02e0c112475119
  ...
make[1]: Leaving directory '/home/runner/work/moq-interop-runner/moq-interop-runner/main'
