make[1]: Entering directory '/home/runner/work/moq-interop-runner/moq-interop-runner/main'
Running tests against https://draft-18-interop.cloudflare.mediaoverquic.com:443/moq...
  Client: ghcr.io/englishm/moq-interop-runner-moq-test-client-draft-18:latest
docker run --rm \
	 \
	--network host \
	-e RELAY_URL=https://draft-18-interop.cloudflare.mediaoverquic.com:443/moq \
	-e TLS_DISABLE_VERIFY=false \
	ghcr.io/englishm/moq-interop-runner-moq-test-client-draft-18:latest
TAP version 14
# moq-test-client v0.1.10
# Relay: https://draft-18-interop.cloudflare.mediaoverquic.com/moq
1..6
[2m2026-08-26T00:30:48.115500Z[0m [32m INFO[0m [2mmoq_native_ietf::quic[0m[2m:[0m UDP socket bound [3mbind[0m[2m=[0m[::]:0 [3mlocal[0m[2m=[0m[::]:46115 [3mdual_stack[0m[2m=[0mtrue
[2m2026-08-26T00:30:48.240634Z[0m [32m INFO[0m [2mmoq_test_client::scenarios[0m[2m:[0m SETUP exchange completed successfully
ok 1 - setup-only
  ---
  duration_ms: 125
  connection_id: 5be8542121e6a35cd0b6b8e8c141f0d3
  ...
[2m2026-08-26T00:30:48.241457Z[0m [32m INFO[0m [2mmoq_native_ietf::quic[0m[2m:[0m UDP socket bound [3mbind[0m[2m=[0m[::]:0 [3mlocal[0m[2m=[0m[::]:39220 [3mdual_stack[0m[2m=[0mtrue
[2m2026-08-26T00:30:48.258115Z[0m [33m WARN[0m [2mweb_transport_quinn::session[0m[2m:[0m failed to read capsule [3me[0m[2m=[0mUnexpectedEnd
[2m2026-08-26T00:30:48.330315Z[0m [32m INFO[0m [2mmoq_test_client::scenarios[0m[2m:[0m Sending PUBLISH_NAMESPACE for: moq-test/interop
[2m2026-08-26T00:30:50.330872Z[0m [32m INFO[0m [2mmoq_test_client::scenarios[0m[2m:[0m PUBLISH_NAMESPACE succeeded (REQUEST_OK received, waiting for subscribers)
ok 2 - publish-namespace-only
  ---
  duration_ms: 2090
  connection_id: ea12689227a73957ae2a635f8cd18ca5
  ...
[2m2026-08-26T00:30:50.331880Z[0m [32m INFO[0m [2mmoq_native_ietf::quic[0m[2m:[0m UDP socket bound [3mbind[0m[2m=[0m[::]:0 [3mlocal[0m[2m=[0m[::]:55654 [3mdual_stack[0m[2m=[0mtrue
[2m2026-08-26T00:30:50.347470Z[0m [33m WARN[0m [2mweb_transport_quinn::session[0m[2m:[0m failed to read capsule [3me[0m[2m=[0mUnexpectedEnd
[2m2026-08-26T00:30:50.498253Z[0m [32m INFO[0m [2mmoq_test_client::scenarios[0m[2m:[0m Subscribing to non-existent track: nonexistent/namespace/test-track
[2m2026-08-26T00:30:50.514935Z[0m [33m WARN[0m [2mmoq_transport::serve::error[0m[2m:[0m [6d62d9c2-545a-4067-a3ed-b6366504cf8e] Not found: not found: Track not found [error:9669f733-ec68-4c8c-a124-412e542fe358] at moq-transport/src/session/subscriber.rs:483
[2m2026-08-26T00:30:50.515038Z[0m [32m INFO[0m [2mmoq_test_client::scenarios[0m[2m:[0m Got expected 'not found' error: not found: Track not found [error:6d62d9c2-545a-4067-a3ed-b6366504cf8e]
ok 3 - subscribe-error
  ---
  duration_ms: 184
  connection_id: 6261ae3c647f7751ac4d9341b26b09ba
  ...
[2m2026-08-26T00:30:50.515866Z[0m [32m INFO[0m [2mmoq_native_ietf::quic[0m[2m:[0m UDP socket bound [3mbind[0m[2m=[0m[::]:0 [3mlocal[0m[2m=[0m[::]:50816 [3mdual_stack[0m[2m=[0mtrue
[2m2026-08-26T00:30:50.530594Z[0m [33m WARN[0m [2mweb_transport_quinn::session[0m[2m:[0m failed to read capsule [3me[0m[2m=[0mUnexpectedEnd
[2m2026-08-26T00:30:50.665830Z[0m [32m INFO[0m [2mmoq_native_ietf::quic[0m[2m:[0m UDP socket bound [3mbind[0m[2m=[0m[::]:0 [3mlocal[0m[2m=[0m[::]:44924 [3mdual_stack[0m[2m=[0mtrue
[2m2026-08-26T00:30:50.792841Z[0m [32m INFO[0m [2mmoq_test_client::scenarios[0m[2m:[0m Publisher sending PUBLISH_NAMESPACE: moq-test/interop
[2m2026-08-26T00:30:50.792862Z[0m [32m INFO[0m [2mmoq_test_client::scenarios[0m[2m:[0m Subscriber subscribing to track: moq-test/interop/test-track
[2m2026-08-26T00:30:50.808040Z[0m [33m WARN[0m [2mmoq_transport::serve::error[0m[2m:[0m [78987e52-78a6-4d17-b110-667db92b1fa3] Not found: not found: Track not found [error:e7ec3861-a95a-46e8-a23c-be2317af46ff] at moq-transport/src/session/subscriber.rs:483
[2m2026-08-26T00:30:50.808103Z[0m [32m INFO[0m [2mmoq_test_client::scenarios[0m[2m:[0m Subscriber got error: not found: Track not found [error:78987e52-78a6-4d17-b110-667db92b1fa3] - subscription was processed
ok 4 - publish-namespace-subscribe
  ---
  duration_ms: 293
  publisher_connection_id: 3e028f69d199117b38bc09867baa0ee7
  subscriber_connection_id: 70d9d770f093247dccbb0e714c3ffbae
  ...
[2m2026-08-26T00:30:50.809119Z[0m [32m INFO[0m [2mmoq_native_ietf::quic[0m[2m:[0m UDP socket bound [3mbind[0m[2m=[0m[::]:0 [3mlocal[0m[2m=[0m[::]:43369 [3mdual_stack[0m[2m=[0mtrue
[2m2026-08-26T00:30:50.822477Z[0m [33m WARN[0m [2mweb_transport_quinn::session[0m[2m:[0m failed to read capsule [3me[0m[2m=[0mUnexpectedEnd
[2m2026-08-26T00:30:50.902279Z[0m [32m INFO[0m [2mmoq_test_client::scenarios[0m[2m:[0m Subscriber subscribing BEFORE PUBLISH_NAMESPACE: moq-test/interop/test-track
[2m2026-08-26T00:30:50.918204Z[0m [33m WARN[0m [2mmoq_transport::serve::error[0m[2m:[0m [57d403ca-2335-4b8a-aee9-064d2cd0267f] Not found: not found: Track not found [error:2259b600-ced0-4dd1-91f7-b1a3f78eb276] at moq-transport/src/session/subscriber.rs:483
[2m2026-08-26T00:30:50.933518Z[0m [33m WARN[0m [2mweb_transport_quinn::session[0m[2m:[0m failed to read capsule [3me[0m[2m=[0mUnexpectedEnd
[2m2026-08-26T00:30:51.404072Z[0m [32m INFO[0m [2mmoq_native_ietf::quic[0m[2m:[0m UDP socket bound [3mbind[0m[2m=[0m[::]:0 [3mlocal[0m[2m=[0m[::]:45535 [3mdual_stack[0m[2m=[0mtrue
[2m2026-08-26T00:30:51.519744Z[0m [32m INFO[0m [2mmoq_test_client::scenarios[0m[2m:[0m Publisher sending PUBLISH_NAMESPACE (after subscriber): moq-test/interop
[2m2026-08-26T00:30:54.521119Z[0m [32m INFO[0m [2mmoq_test_client::scenarios[0m[2m:[0m Publisher PUBLISH_NAMESPACE timeout (expected)
[2m2026-08-26T00:30:54.521147Z[0m [32m INFO[0m [2mmoq_test_client::scenarios[0m[2m:[0m Subscriber got error: not found: Track not found [error:57d403ca-2335-4b8a-aee9-064d2cd0267f] (may be expected)
ok 5 - subscribe-before-publish-namespace
  ---
  duration_ms: 3712
  subscriber_connection_id: 59695342e9054fdc9b5c3dcb3041ef9e
  publisher_connection_id: 7c02eaeef39dfd27b2b62f37dc8f6346
  ...
[2m2026-08-26T00:30:54.522097Z[0m [32m INFO[0m [2mmoq_native_ietf::quic[0m[2m:[0m UDP socket bound [3mbind[0m[2m=[0m[::]:0 [3mlocal[0m[2m=[0m[::]:35481 [3mdual_stack[0m[2m=[0mtrue
[2m2026-08-26T00:30:54.536521Z[0m [33m WARN[0m [2mweb_transport_quinn::session[0m[2m:[0m failed to read capsule [3me[0m[2m=[0mUnexpectedEnd
[2m2026-08-26T00:30:54.628002Z[0m [32m INFO[0m [2mmoq_test_client::scenarios[0m[2m:[0m Sending PUBLISH_NAMESPACE: moq-test/interop
[2m2026-08-26T00:30:56.629057Z[0m [32m INFO[0m [2mmoq_test_client::scenarios[0m[2m:[0m PUBLISH_NAMESPACE active; sending PUBLISH_NAMESPACE_DONE
[2m2026-08-26T00:30:56.730086Z[0m [32m INFO[0m [2mmoq_test_client::scenarios[0m[2m:[0m PUBLISH_NAMESPACE_DONE sent successfully
ok 6 - publish-namespace-done
  ---
  duration_ms: 2208
  connection_id: 5341f363280c55be03c50c98e257a55c
  ...
make[1]: Leaving directory '/home/runner/work/moq-interop-runner/moq-interop-runner/main'
