make[1]: Entering directory '/home/runner/work/moq-interop-runner/moq-interop-runner/main'
Running tests against moqt://moqt.nokiaresearch.com:4443/moq...
  Client: ghcr.io/openmoq/moqx-interop-client:latest
docker run --rm \
	 \
	--network host \
	-e RELAY_URL=moqt://moqt.nokiaresearch.com:4443/moq \
	-e TLS_DISABLE_VERIFY=false \
	ghcr.io/openmoq/moqx-interop-client:latest
TAP version 14
# moxygen interop test client
# Relay: moqt://moqt.nokiaresearch.com:4443/moq
# Transport: QUIC
# Offered ALPNs: moqt-18, moqt-16, moqt-15, moq-00
1..6
E0826 00:35:02.457934     1 MoQCodec.cpp:95] Frame underflow -> parse error
E0826 00:35:02.457997     1 MoQCodec.cpp:126] Conn error=3
E0826 00:35:02.458002     1 MoQSession.cpp:5779] MoQCodec control stream parse error err=3
not ok 1 - setup-only
  ---
  duration_ms: 482
  error: coroutine operation cancelled
  ...
E0826 00:35:02.902540     1 MoQCodec.cpp:95] Frame underflow -> parse error
E0826 00:35:02.902566     1 MoQCodec.cpp:126] Conn error=3
E0826 00:35:02.902570     1 MoQSession.cpp:5779] MoQCodec control stream parse error err=3
not ok 2 - announce-only
  ---
  duration_ms: 444
  error: coroutine operation cancelled
  ...
E0826 00:35:03.382177     1 MoQCodec.cpp:95] Frame underflow -> parse error
E0826 00:35:03.382205     1 MoQCodec.cpp:126] Conn error=3
E0826 00:35:03.382209     1 MoQSession.cpp:5779] MoQCodec control stream parse error err=3
not ok 3 - subscribe-error
  ---
  duration_ms: 479
  error: coroutine operation cancelled
  ...
E0826 00:35:03.918321     1 MoQCodec.cpp:95] Frame underflow -> parse error
E0826 00:35:03.918349     1 MoQCodec.cpp:126] Conn error=3
E0826 00:35:03.918354     1 MoQSession.cpp:5779] MoQCodec control stream parse error err=3
not ok 4 - announce-subscribe
  ---
  duration_ms: 535
  error: coroutine operation cancelled
  ...
E0826 00:35:04.389969     1 MoQCodec.cpp:95] Frame underflow -> parse error
E0826 00:35:04.389995     1 MoQCodec.cpp:126] Conn error=3
E0826 00:35:04.389999     1 MoQSession.cpp:5779] MoQCodec control stream parse error err=3
not ok 5 - publish-namespace-done
  ---
  duration_ms: 471
  error: coroutine operation cancelled
  ...
E0826 00:35:04.861086     1 MoQCodec.cpp:95] Frame underflow -> parse error
E0826 00:35:04.861117     1 MoQCodec.cpp:126] Conn error=3
E0826 00:35:04.861121     1 MoQSession.cpp:5779] MoQCodec control stream parse error err=3
not ok 6 - subscribe-before-announce
  ---
  duration_ms: 471
  error: coroutine operation cancelled
  ...
E20260826 00:35:05.861470     1 EventHandler.cpp:90] EventBase: failed to register event handler for fd 10: Resource temporarily unavailable
make[1]: *** [Makefile:122: test-external] Error 1
make[1]: Leaving directory '/home/runner/work/moq-interop-runner/moq-interop-runner/main'
