make[1]: Entering directory '/home/runner/work/moq-interop-runner/moq-interop-runner/main'
Running tests against moqt://us-west-2.relay.quicr.org:33437...
  Client: ghcr.io/facebookexperimental/moxygen-interop-client:latest-amd64
docker run --rm \
	 \
	--network host \
	-e RELAY_URL=moqt://us-west-2.relay.quicr.org:33437 \
	-e TLS_DISABLE_VERIFY=1 \
	ghcr.io/facebookexperimental/moxygen-interop-client:latest-amd64
TAP version 14
# moxygen interop test client
# Relay: moqt://us-west-2.relay.quicr.org:33437
# Transport: QUIC
# Offered ALPNs: moqt-18, moqt-16, moqt-15, moq-00
1..6
ok 1 - setup-only
  ---
  duration_ms: 277
  negotiated_version: draft-16
  info: SETUP exchange completed successfully
  ...
W0826 01:12:30.376349     1 MoQSession.cpp:5980] Issuing request that will fail; nextRequestID_=0 peerMaxRequestID_=0 sess=0x55a02358aa40
E0826 01:12:30.398046     1 MoQRelaySession.cpp:1116] PublishNamespaceDone for unknown publishNamespace, sess=0x55a02358aa40
ok 2 - announce-only
  ---
  duration_ms: 66
  negotiated_version: draft-16
  info: PUBLISH_NAMESPACE completed successfully
  ...
W0826 01:12:30.443480     1 MoQSession.cpp:5980] Issuing request that will fail; nextRequestID_=0 peerMaxRequestID_=0 sess=0x55a02358b730
E0826 01:12:30.464746     1 MoQCodec.cpp:126] Conn error=3
E0826 01:12:30.464766     1 MoQSession.cpp:5765] MoQCodec control stream parse error err=3
ok 3 - subscribe-error
  ---
  duration_ms: 66
  negotiated_version: draft-16
  info: Subscribe correctly returned error: Session closed
  ...
W0826 01:12:30.509794     1 MoQSession.cpp:5980] Issuing request that will fail; nextRequestID_=0 peerMaxRequestID_=0 sess=0x55a0235a78b0
W0826 01:12:30.574772     1 MoQSession.cpp:5980] Issuing request that will fail; nextRequestID_=0 peerMaxRequestID_=0 sess=0x55a02357aad0
E0826 01:12:30.596297     1 MoQCodec.cpp:126] Conn error=3
E0826 01:12:30.596314     1 MoQSession.cpp:5765] MoQCodec control stream parse error err=3
E0826 01:12:30.596408     1 MoQSession.cpp:6222] publishDone for invalid id=1 sess=0x55a0235a78b0
not ok 4 - announce-subscribe
  ---
  duration_ms: 131
  negotiated_version: draft-16
  error: Subscribe failed: Session closed
  ...
W0826 01:12:30.641189     1 MoQSession.cpp:5980] Issuing request that will fail; nextRequestID_=0 peerMaxRequestID_=0 sess=0x55a02358d690
ok 5 - publish-namespace-done
  ---
  duration_ms: 65
  negotiated_version: draft-16
  info: PUBLISH_NAMESPACE_OK received, PUBLISH_NAMESPACE_DONE sent
  ...
W0826 01:12:30.717739     1 MoQSession.cpp:5980] Issuing request that will fail; nextRequestID_=0 peerMaxRequestID_=0 sess=0x55a0235a21c0
E0826 01:12:30.737879     1 MoQCodec.cpp:126] Conn error=3
E0826 01:12:30.737890     1 MoQSession.cpp:5765] MoQCodec control stream parse error err=3
W0826 01:12:31.261595     1 MoQSession.cpp:5980] Issuing request that will fail; nextRequestID_=0 peerMaxRequestID_=0 sess=0x55a0235a92d0
ok 6 - subscribe-before-announce
  ---
  duration_ms: 619
  negotiated_version: draft-16
  info: Subscribe returned error (relay doesn't buffer pending subscriptions): Session closed
  ...
make[1]: *** [Makefile:122: test-external] Error 1
make[1]: Leaving directory '/home/runner/work/moq-interop-runner/moq-interop-runner/main'
