make[1]: Entering directory '/home/runner/work/moq-interop-runner/moq-interop-runner/main'
Running tests against moqt://34-72-6-160.sslip.io:443...
  Client: ghcr.io/englishm/moq-interop-runner-moq-test-client:latest
docker run --rm \
	 \
	--network host \
	-e RELAY_URL=moqt://34-72-6-160.sslip.io:443 \
	-e TLS_DISABLE_VERIFY=false \
	ghcr.io/englishm/moq-interop-runner-moq-test-client:latest
TAP version 14
# moq-test-client v0.1.13
# Relay: moqt://34-72-6-160.sslip.io:443
1..8
[2m2026-10-05T01:45:21.162281Z[0m [32m INFO[0m [2mmoq_native_ietf::quic[0m[2m:[0m UDP socket bound [3mbind[0m[2m=[0m[::]:0 [3mlocal[0m[2m=[0m[::]:60632 [3mdual_stack[0m[2m=[0mtrue
not ok 1 - setup-only
  ---
  duration_ms: 149
  message: "failed to connect to relay: the cryptographic handshake failed: error 45: invalid peer certificate: certificate expired: verification time 1791164721 (UNIX), but certificate is not valid after 1791158399 (6322 seconds ago)"
  ...
[2m2026-10-05T01:45:21.311550Z[0m [32m INFO[0m [2mmoq_native_ietf::quic[0m[2m:[0m UDP socket bound [3mbind[0m[2m=[0m[::]:0 [3mlocal[0m[2m=[0m[::]:53668 [3mdual_stack[0m[2m=[0mtrue
not ok 2 - publish-namespace-only
  ---
  duration_ms: 16
  message: "failed to connect to relay: the cryptographic handshake failed: error 45: invalid peer certificate: certificate expired: verification time 1791164721 (UNIX), but certificate is not valid after 1791158399 (6322 seconds ago)"
  ...
[2m2026-10-05T01:45:21.327823Z[0m [32m INFO[0m [2mmoq_native_ietf::quic[0m[2m:[0m UDP socket bound [3mbind[0m[2m=[0m[::]:0 [3mlocal[0m[2m=[0m[::]:47631 [3mdual_stack[0m[2m=[0mtrue
not ok 3 - subscribe-error
  ---
  duration_ms: 70
  message: "failed to connect to relay: the cryptographic handshake failed: error 45: invalid peer certificate: certificate expired: verification time 1791164721 (UNIX), but certificate is not valid after 1791158399 (6322 seconds ago)"
  ...
[2m2026-10-05T01:45:21.398551Z[0m [32m INFO[0m [2mmoq_native_ietf::quic[0m[2m:[0m UDP socket bound [3mbind[0m[2m=[0m[::]:0 [3mlocal[0m[2m=[0m[::]:44272 [3mdual_stack[0m[2m=[0mtrue
not ok 4 - publish-namespace-subscribe
  ---
  duration_ms: 52
  message: "publisher failed to connect: the cryptographic handshake failed: error 45: invalid peer certificate: certificate expired: verification time 1791164721 (UNIX), but certificate is not valid after 1791158399 (6322 seconds ago)"
  ...
[2m2026-10-05T01:45:21.450624Z[0m [32m INFO[0m [2mmoq_native_ietf::quic[0m[2m:[0m UDP socket bound [3mbind[0m[2m=[0m[::]:0 [3mlocal[0m[2m=[0m[::]:34847 [3mdual_stack[0m[2m=[0mtrue
not ok 5 - subscribe-before-publish-namespace
  ---
  duration_ms: 17
  message: "subscriber failed to connect: the cryptographic handshake failed: error 45: invalid peer certificate: certificate expired: verification time 1791164721 (UNIX), but certificate is not valid after 1791158399 (6322 seconds ago)"
  ...
[2m2026-10-05T01:45:21.468197Z[0m [32m INFO[0m [2mmoq_native_ietf::quic[0m[2m:[0m UDP socket bound [3mbind[0m[2m=[0m[::]:0 [3mlocal[0m[2m=[0m[::]:50324 [3mdual_stack[0m[2m=[0mtrue
not ok 6 - publish-namespace-done
  ---
  duration_ms: 146
  message: "failed to connect to relay: the cryptographic handshake failed: error 45: invalid peer certificate: certificate expired: verification time 1791164721 (UNIX), but certificate is not valid after 1791158399 (6322 seconds ago)"
  ...
[2m2026-10-05T01:45:21.614667Z[0m [32m INFO[0m [2mmoq_native_ietf::quic[0m[2m:[0m UDP socket bound [3mbind[0m[2m=[0m[::]:0 [3mlocal[0m[2m=[0m[::]:51439 [3mdual_stack[0m[2m=[0mtrue
not ok 7 - publish-track-only
  ---
  duration_ms: 75
  message: "publisher failed to connect to relay: the cryptographic handshake failed: error 45: invalid peer certificate: certificate expired: verification time 1791164721 (UNIX), but certificate is not valid after 1791158399 (6322 seconds ago)"
  ...
[2m2026-10-05T01:45:21.690013Z[0m [32m INFO[0m [2mmoq_native_ietf::quic[0m[2m:[0m UDP socket bound [3mbind[0m[2m=[0m[::]:0 [3mlocal[0m[2m=[0m[::]:59191 [3mdual_stack[0m[2m=[0mtrue
not ok 8 - publish-track-subscribe
  ---
  duration_ms: 16
  message: "publisher failed to connect: the cryptographic handshake failed: error 45: invalid peer certificate: certificate expired: verification time 1791164721 (UNIX), but certificate is not valid after 1791158399 (6322 seconds ago)"
  ...
make[1]: *** [Makefile:122: test-external] Error 1
make[1]: Leaving directory '/home/runner/work/moq-interop-runner/moq-interop-runner/main'
