make[1]: Entering directory '/home/runner/work/moq-interop-runner/moq-interop-runner/main'
Running tests against moqt://34-72-6-160.sslip.io:443...
  Client: ghcr.io/englishm/moq-interop-runner-moq-test-client-draft-18:latest
docker run --rm \
	 \
	--network host \
	-e RELAY_URL=moqt://34-72-6-160.sslip.io:443 \
	-e TLS_DISABLE_VERIFY=false \
	ghcr.io/englishm/moq-interop-runner-moq-test-client-draft-18:latest
TAP version 14
# moq-test-client v0.1.12
# Relay: moqt://34-72-6-160.sslip.io:443
1..18
[2m2026-10-05T00:55:46.548382Z[0m [32m INFO[0m [2mmoq_native_ietf::quic[0m[2m:[0m UDP socket bound [3mbind[0m[2m=[0m[::]:0 [3mlocal[0m[2m=[0m[::]:57250 [3mdual_stack[0m[2m=[0mtrue
not ok 1 - setup-only
  ---
  duration_ms: 18
  message: "failed to connect to relay: the cryptographic handshake failed: error 45: invalid peer certificate: certificate expired: verification time 1791161746 (UNIX), but certificate is not valid after 1791158399 (3347 seconds ago)"
  ...
[2m2026-10-05T00:55:46.566509Z[0m [32m INFO[0m [2mmoq_native_ietf::quic[0m[2m:[0m UDP socket bound [3mbind[0m[2m=[0m[::]:0 [3mlocal[0m[2m=[0m[::]:39295 [3mdual_stack[0m[2m=[0mtrue
not ok 2 - publish-namespace-only
  ---
  duration_ms: 79
  message: "failed to connect to relay: the cryptographic handshake failed: error 45: invalid peer certificate: certificate expired: verification time 1791161746 (UNIX), but certificate is not valid after 1791158399 (3347 seconds ago)"
  ...
[2m2026-10-05T00:55:46.645681Z[0m [32m INFO[0m [2mmoq_native_ietf::quic[0m[2m:[0m UDP socket bound [3mbind[0m[2m=[0m[::]:0 [3mlocal[0m[2m=[0m[::]:43801 [3mdual_stack[0m[2m=[0mtrue
not ok 3 - subscribe-error
  ---
  duration_ms: 17
  message: "failed to connect to relay: the cryptographic handshake failed: error 45: invalid peer certificate: certificate expired: verification time 1791161746 (UNIX), but certificate is not valid after 1791158399 (3347 seconds ago)"
  ...
[2m2026-10-05T00:55:46.663378Z[0m [32m INFO[0m [2mmoq_native_ietf::quic[0m[2m:[0m UDP socket bound [3mbind[0m[2m=[0m[::]:0 [3mlocal[0m[2m=[0m[::]:41059 [3mdual_stack[0m[2m=[0mtrue
not ok 4 - publish-namespace-subscribe
  ---
  duration_ms: 18
  message: "publisher failed to connect: the cryptographic handshake failed: error 45: invalid peer certificate: certificate expired: verification time 1791161746 (UNIX), but certificate is not valid after 1791158399 (3347 seconds ago)"
  ...
[2m2026-10-05T00:55:46.681834Z[0m [32m INFO[0m [2mmoq_native_ietf::quic[0m[2m:[0m UDP socket bound [3mbind[0m[2m=[0m[::]:0 [3mlocal[0m[2m=[0m[::]:40970 [3mdual_stack[0m[2m=[0mtrue
not ok 5 - subscribe-before-publish-namespace
  ---
  duration_ms: 19
  message: "subscriber failed to connect: the cryptographic handshake failed: error 45: invalid peer certificate: certificate expired: verification time 1791161746 (UNIX), but certificate is not valid after 1791158399 (3347 seconds ago)"
  ...
[2m2026-10-05T00:55:46.701103Z[0m [32m INFO[0m [2mmoq_native_ietf::quic[0m[2m:[0m UDP socket bound [3mbind[0m[2m=[0m[::]:0 [3mlocal[0m[2m=[0m[::]:38687 [3mdual_stack[0m[2m=[0mtrue
not ok 6 - publish-namespace-done
  ---
  duration_ms: 17
  message: "failed to connect to relay: the cryptographic handshake failed: error 45: invalid peer certificate: certificate expired: verification time 1791161746 (UNIX), but certificate is not valid after 1791158399 (3347 seconds ago)"
  ...
[2m2026-10-05T00:55:46.718230Z[0m [32m INFO[0m [2mmoq_native_ietf::quic[0m[2m:[0m UDP socket bound [3mbind[0m[2m=[0m[::]:0 [3mlocal[0m[2m=[0m[::]:34452 [3mdual_stack[0m[2m=[0mtrue
not ok 7 - publish-track-only
  ---
  duration_ms: 16
  message: "publisher failed to connect to relay: the cryptographic handshake failed: error 45: invalid peer certificate: certificate expired: verification time 1791161746 (UNIX), but certificate is not valid after 1791158399 (3347 seconds ago)"
  ...
[2m2026-10-05T00:55:46.734689Z[0m [32m INFO[0m [2mmoq_native_ietf::quic[0m[2m:[0m UDP socket bound [3mbind[0m[2m=[0m[::]:0 [3mlocal[0m[2m=[0m[::]:58341 [3mdual_stack[0m[2m=[0mtrue
not ok 8 - publish-track-subscribe
  ---
  duration_ms: 16
  message: "publisher failed to connect: the cryptographic handshake failed: error 45: invalid peer certificate: certificate expired: verification time 1791161746 (UNIX), but certificate is not valid after 1791158399 (3347 seconds ago)"
  ...
[2m2026-10-05T00:55:46.751676Z[0m [32m INFO[0m [2mmoq_native_ietf::quic[0m[2m:[0m UDP socket bound [3mbind[0m[2m=[0m[::]:0 [3mlocal[0m[2m=[0m[::]:49841 [3mdual_stack[0m[2m=[0mtrue
not ok 9 - rendezvous-timeout
  ---
  duration_ms: 16
  message: "failed to connect to relay: the cryptographic handshake failed: error 45: invalid peer certificate: certificate expired: verification time 1791161746 (UNIX), but certificate is not valid after 1791158399 (3347 seconds ago)"
  ...
[2m2026-10-05T00:55:46.767872Z[0m [32m INFO[0m [2mmoq_native_ietf::quic[0m[2m:[0m UDP socket bound [3mbind[0m[2m=[0m[::]:0 [3mlocal[0m[2m=[0m[::]:50223 [3mdual_stack[0m[2m=[0mtrue
not ok 10 - moq-test-subgroup-per-group
  ---
  duration_ms: 16
  message: "subscriber failed to connect: the cryptographic handshake failed: error 45: invalid peer certificate: certificate expired: verification time 1791161746 (UNIX), but certificate is not valid after 1791158399 (3347 seconds ago)"
  ...
[2m2026-10-05T00:55:46.784590Z[0m [32m INFO[0m [2mmoq_native_ietf::quic[0m[2m:[0m UDP socket bound [3mbind[0m[2m=[0m[::]:0 [3mlocal[0m[2m=[0m[::]:53787 [3mdual_stack[0m[2m=[0mtrue
not ok 11 - moq-test-subgroup-per-group-eog
  ---
  duration_ms: 16
  message: "subscriber failed to connect: the cryptographic handshake failed: error 45: invalid peer certificate: certificate expired: verification time 1791161746 (UNIX), but certificate is not valid after 1791158399 (3347 seconds ago)"
  ...
[2m2026-10-05T00:55:46.801296Z[0m [32m INFO[0m [2mmoq_native_ietf::quic[0m[2m:[0m UDP socket bound [3mbind[0m[2m=[0m[::]:0 [3mlocal[0m[2m=[0m[::]:60983 [3mdual_stack[0m[2m=[0mtrue
not ok 12 - moq-test-subgroup-per-object
  ---
  duration_ms: 15
  message: "subscriber failed to connect: the cryptographic handshake failed: error 45: invalid peer certificate: certificate expired: verification time 1791161746 (UNIX), but certificate is not valid after 1791158399 (3347 seconds ago)"
  ...
[2m2026-10-05T00:55:46.817111Z[0m [32m INFO[0m [2mmoq_native_ietf::quic[0m[2m:[0m UDP socket bound [3mbind[0m[2m=[0m[::]:0 [3mlocal[0m[2m=[0m[::]:49740 [3mdual_stack[0m[2m=[0mtrue
not ok 13 - moq-test-two-subgroups-eog
  ---
  duration_ms: 17
  message: "subscriber failed to connect: the cryptographic handshake failed: error 45: invalid peer certificate: certificate expired: verification time 1791161746 (UNIX), but certificate is not valid after 1791158399 (3347 seconds ago)"
  ...
[2m2026-10-05T00:55:46.834983Z[0m [32m INFO[0m [2mmoq_native_ietf::quic[0m[2m:[0m UDP socket bound [3mbind[0m[2m=[0m[::]:0 [3mlocal[0m[2m=[0m[::]:35338 [3mdual_stack[0m[2m=[0mtrue
not ok 14 - moq-test-datagram
  ---
  duration_ms: 15
  message: "subscriber failed to connect: the cryptographic handshake failed: error 45: invalid peer certificate: certificate expired: verification time 1791161746 (UNIX), but certificate is not valid after 1791158399 (3347 seconds ago)"
  ...
[2m2026-10-05T00:55:46.850900Z[0m [32m INFO[0m [2mmoq_native_ietf::quic[0m[2m:[0m UDP socket bound [3mbind[0m[2m=[0m[::]:0 [3mlocal[0m[2m=[0m[::]:53648 [3mdual_stack[0m[2m=[0mtrue
not ok 15 - moq-test-datagram-eog
  ---
  duration_ms: 16
  message: "subscriber failed to connect: the cryptographic handshake failed: error 45: invalid peer certificate: certificate expired: verification time 1791161746 (UNIX), but certificate is not valid after 1791158399 (3347 seconds ago)"
  ...
[2m2026-10-05T00:55:46.867317Z[0m [32m INFO[0m [2mmoq_native_ietf::quic[0m[2m:[0m UDP socket bound [3mbind[0m[2m=[0m[::]:0 [3mlocal[0m[2m=[0m[::]:50202 [3mdual_stack[0m[2m=[0mtrue
not ok 16 - moq-test-extensions
  ---
  duration_ms: 20
  message: "subscriber failed to connect: the cryptographic handshake failed: error 45: invalid peer certificate: certificate expired: verification time 1791161746 (UNIX), but certificate is not valid after 1791158399 (3347 seconds ago)"
  ...
[2m2026-10-05T00:55:46.887694Z[0m [32m INFO[0m [2mmoq_native_ietf::quic[0m[2m:[0m UDP socket bound [3mbind[0m[2m=[0m[::]:0 [3mlocal[0m[2m=[0m[::]:59537 [3mdual_stack[0m[2m=[0mtrue
not ok 17 - moq-test-increments
  ---
  duration_ms: 18
  message: "subscriber failed to connect: the cryptographic handshake failed: error 45: invalid peer certificate: certificate expired: verification time 1791161746 (UNIX), but certificate is not valid after 1791158399 (3347 seconds ago)"
  ...
[2m2026-10-05T00:55:46.905714Z[0m [32m INFO[0m [2mmoq_native_ietf::quic[0m[2m:[0m UDP socket bound [3mbind[0m[2m=[0m[::]:0 [3mlocal[0m[2m=[0m[::]:42174 [3mdual_stack[0m[2m=[0mtrue
not ok 18 - moq-test-forward-zero
  ---
  duration_ms: 15
  message: "subscriber failed to connect: the cryptographic handshake failed: error 45: invalid peer certificate: certificate expired: verification time 1791161746 (UNIX), but certificate is not valid after 1791158399 (3347 seconds ago)"
  ...
make[1]: *** [Makefile:122: test-external] Error 1
make[1]: Leaving directory '/home/runner/work/moq-interop-runner/moq-interop-runner/main'
