make[1]: Entering directory '/home/runner/work/moq-interop-runner/moq-interop-runner/main'
Running tests against moqt://moqt.nokiaresearch.com:4443/moq...
  Client: ghcr.io/englishm/moq-interop-runner-moq-test-client-draft-18:latest
docker run --rm \
	 \
	--network host \
	-e RELAY_URL=moqt://moqt.nokiaresearch.com:4443/moq \
	-e TLS_DISABLE_VERIFY=false \
	ghcr.io/englishm/moq-interop-runner-moq-test-client-draft-18:latest
TAP version 14
# moq-test-client v0.1.12
# Relay: moqt://moqt.nokiaresearch.com:4443/moq
1..18
[2m2026-10-05T00:52:47.206511Z[0m [32m INFO[0m [2mmoq_native_ietf::quic[0m[2m:[0m UDP socket bound [3mbind[0m[2m=[0m[::]:0 [3mlocal[0m[2m=[0m[::]:49740 [3mdual_stack[0m[2m=[0mtrue
[2m2026-10-05T00:52:47.562594Z[0m [32m INFO[0m [2mmoq_test_client::scenarios[0m[2m:[0m SETUP exchange completed successfully
ok 1 - setup-only
  ---
  duration_ms: 357
  connection_id: 6fa89758425f3b1e57a853a545eea7da
  ...
[2m2026-10-05T00:52:47.563621Z[0m [32m INFO[0m [2mmoq_native_ietf::quic[0m[2m:[0m UDP socket bound [3mbind[0m[2m=[0m[::]:0 [3mlocal[0m[2m=[0m[::]:49675 [3mdual_stack[0m[2m=[0mtrue
[2m2026-10-05T00:52:48.021140Z[0m [32m INFO[0m [2mmoq_test_client::scenarios[0m[2m:[0m Sending PUBLISH_NAMESPACE for: moq-test/interop
ok 2 - publish-namespace-only
  ---
  duration_ms: 2460
  connection_id: e83b852d156a3fd97111d9e812bfce61
  ...
[2m2026-10-05T00:52:50.022874Z[0m [32m INFO[0m [2mmoq_test_client::scenarios[0m[2m:[0m PUBLISH_NAMESPACE succeeded (REQUEST_OK received, waiting for subscribers)
[2m2026-10-05T00:52:50.023960Z[0m [32m INFO[0m [2mmoq_native_ietf::quic[0m[2m:[0m UDP socket bound [3mbind[0m[2m=[0m[::]:0 [3mlocal[0m[2m=[0m[::]:46848 [3mdual_stack[0m[2m=[0mtrue
[2m2026-10-05T00:52:50.379842Z[0m [32m INFO[0m [2mmoq_test_client::scenarios[0m[2m:[0m Subscribing to non-existent track: nonexistent/namespace/test-track
[2m2026-10-05T00:52:50.493559Z[0m [33m WARN[0m [2mmoq_transport::serve::error[0m[2m:[0m [06faf9e3-6316-4a53-b849-9197d7ea1a44] Not found: Track /nonexistent/namespace/test-track does not exist at moq-transport/src/session/subscriber.rs:1653
[2m2026-10-05T00:52:50.493708Z[0m [32m INFO[0m [2mmoq_test_client::scenarios[0m[2m:[0m Got expected 'not found' error: not found: Track not found [error:06faf9e3-6316-4a53-b849-9197d7ea1a44]
ok 3 - subscribe-error
  ---
  duration_ms: 470
  connection_id: e952f6f7546bc822fe15bd9807eab7e1
  ...
[2m2026-10-05T00:52:50.494812Z[0m [32m INFO[0m [2mmoq_native_ietf::quic[0m[2m:[0m UDP socket bound [3mbind[0m[2m=[0m[::]:0 [3mlocal[0m[2m=[0m[::]:39900 [3mdual_stack[0m[2m=[0mtrue
[2m2026-10-05T00:52:50.944442Z[0m [32m INFO[0m [2mmoq_native_ietf::quic[0m[2m:[0m UDP socket bound [3mbind[0m[2m=[0m[::]:0 [3mlocal[0m[2m=[0m[::]:33686 [3mdual_stack[0m[2m=[0mtrue
[2m2026-10-05T00:52:51.328031Z[0m [32m INFO[0m [2mmoq_test_client::scenarios[0m[2m:[0m Publisher sending PUBLISH_NAMESPACE: moq-test/interop
[2m2026-10-05T00:52:51.328047Z[0m [32m INFO[0m [2mmoq_test_client::scenarios[0m[2m:[0m Subscriber subscribing to track: moq-test/interop/test-track
[2m2026-10-05T00:52:54.329133Z[0m [32m INFO[0m [2mmoq_test_client::scenarios[0m[2m:[0m Test timeout reached - subscription routing may still be in progress
ok 4 - publish-namespace-subscribe
  ---
  duration_ms: 3835
  publisher_connection_id: c084ad4c9747f1f91ef7758bc7fcae23
  subscriber_connection_id: bc7a03e24d1ffd10c31602a06a48ebf5
  ...
[2m2026-10-05T00:52:54.330236Z[0m [32m INFO[0m [2mmoq_native_ietf::quic[0m[2m:[0m UDP socket bound [3mbind[0m[2m=[0m[::]:0 [3mlocal[0m[2m=[0m[::]:48999 [3mdual_stack[0m[2m=[0mtrue
[2m2026-10-05T00:52:54.786364Z[0m [32m INFO[0m [2mmoq_test_client::scenarios[0m[2m:[0m Subscriber subscribing BEFORE PUBLISH_NAMESPACE: moq-test/interop/test-track
[2m2026-10-05T00:52:54.901811Z[0m [33m WARN[0m [2mmoq_transport::serve::error[0m[2m:[0m [a920ad73-c63d-4037-8186-f57d651ff2d9] Not found: Track /moq-test/interop/test-track does not exist at moq-transport/src/session/subscriber.rs:1653
[2m2026-10-05T00:52:55.289197Z[0m [32m INFO[0m [2mmoq_native_ietf::quic[0m[2m:[0m UDP socket bound [3mbind[0m[2m=[0m[::]:0 [3mlocal[0m[2m=[0m[::]:47529 [3mdual_stack[0m[2m=[0mtrue
[2m2026-10-05T00:52:55.751962Z[0m [32m INFO[0m [2mmoq_test_client::scenarios[0m[2m:[0m Publisher sending PUBLISH_NAMESPACE (after subscriber): moq-test/interop
[2m2026-10-05T00:52:58.752646Z[0m [32m INFO[0m [2mmoq_test_client::scenarios[0m[2m:[0m Publisher PUBLISH_NAMESPACE timeout (expected)
[2m2026-10-05T00:52:58.752710Z[0m [32m INFO[0m [2mmoq_test_client::scenarios[0m[2m:[0m Subscriber got error: not found: Track not found [error:a920ad73-c63d-4037-8186-f57d651ff2d9] (may be expected)
ok 5 - subscribe-before-publish-namespace
  ---
  duration_ms: 4423
  subscriber_connection_id: 6afd644632d4cdc3d3d9b7d2f9bc3e65
  publisher_connection_id: 72b305786886ee0da4be2b3ee8bbdd1a
  ...
[2m2026-10-05T00:52:58.753928Z[0m [32m INFO[0m [2mmoq_native_ietf::quic[0m[2m:[0m UDP socket bound [3mbind[0m[2m=[0m[::]:0 [3mlocal[0m[2m=[0m[::]:38523 [3mdual_stack[0m[2m=[0mtrue
[2m2026-10-05T00:52:59.102656Z[0m [32m INFO[0m [2mmoq_test_client::scenarios[0m[2m:[0m Sending PUBLISH_NAMESPACE: moq-test/interop
[2m2026-10-05T00:53:01.103628Z[0m [32m INFO[0m [2mmoq_test_client::scenarios[0m[2m:[0m PUBLISH_NAMESPACE active; sending PUBLISH_NAMESPACE_DONE
[2m2026-10-05T00:53:01.205124Z[0m [32m INFO[0m [2mmoq_test_client::scenarios[0m[2m:[0m PUBLISH_NAMESPACE_DONE sent successfully
ok 6 - publish-namespace-done
  ---
  duration_ms: 2452
  connection_id: 68cd58c8b122ae4a190d0450a7efbdc1
  ...
[2m2026-10-05T00:53:01.206174Z[0m [32m INFO[0m [2mmoq_native_ietf::quic[0m[2m:[0m UDP socket bound [3mbind[0m[2m=[0m[::]:0 [3mlocal[0m[2m=[0m[::]:58910 [3mdual_stack[0m[2m=[0mtrue
[2m2026-10-05T00:53:01.585226Z[0m [32m INFO[0m [2mmoq_test_client::scenarios[0m[2m:[0m Publisher sending direct PUBLISH [3mnamespace[0m[2m=[0m/moq-test/publish [3mtrack[0m[2m=[0m"published-track"
[2m2026-10-05T00:53:01.699226Z[0m [32m INFO[0m [2mmoq_test_client::scenarios[0m[2m:[0m PUBLISH accepted [3mnamespace[0m[2m=[0m/moq-test/publish [3mtrack[0m[2m=[0m"published-track"
[2m2026-10-05T00:53:01.699423Z[0m [32m INFO[0m [2mmoq_test_client::scenarios[0m[2m:[0m PUBLISH completed [3mnamespace[0m[2m=[0m/moq-test/publish [3mtrack[0m[2m=[0m"published-track"
ok 7 - publish-track-only
  ---
  duration_ms: 494
  connection_id: fd2ed7c2a455a1465f1b8385f879179e
  ...
[2m2026-10-05T00:53:01.700444Z[0m [32m INFO[0m [2mmoq_native_ietf::quic[0m[2m:[0m UDP socket bound [3mbind[0m[2m=[0m[::]:0 [3mlocal[0m[2m=[0m[::]:33651 [3mdual_stack[0m[2m=[0mtrue
[2m2026-10-05T00:53:02.056351Z[0m [32m INFO[0m [2mmoq_native_ietf::quic[0m[2m:[0m UDP socket bound [3mbind[0m[2m=[0m[::]:0 [3mlocal[0m[2m=[0m[::]:58841 [3mdual_stack[0m[2m=[0mtrue
[2m2026-10-05T00:53:02.409270Z[0m [32m INFO[0m [2mmoq_test_client::scenarios[0m[2m:[0m Publisher sending direct PUBLISH before subscriber subscribes [3mnamespace[0m[2m=[0m/moq-test/publish [3mtrack[0m[2m=[0m"published-track"
[2m2026-10-05T00:53:02.525857Z[0m [32m INFO[0m [2mmoq_test_client::scenarios[0m[2m:[0m PUBLISH accepted; starting subscriber [3mnamespace[0m[2m=[0m/moq-test/publish [3mtrack[0m[2m=[0m"published-track"
[2m2026-10-05T00:53:07.744672Z[0m [33m WARN[0m [2mmoq_transport::session::subscriber[0m[2m:[0m PUBLISH_DONE Stream Count was never reached; ending subscription on timer [3mrequest_id[0m[2m=[0m0 [3mtimeout_ms[0m[2m=[0m5000
not ok 8 - publish-track-subscribe
  ---
  duration_ms: 6045
  message: "subscriber track mode failed: closed, code=2"
  ...
[2m2026-10-05T00:53:07.745958Z[0m [32m INFO[0m [2mmoq_native_ietf::quic[0m[2m:[0m UDP socket bound [3mbind[0m[2m=[0m[::]:0 [3mlocal[0m[2m=[0m[::]:50471 [3mdual_stack[0m[2m=[0mtrue
[2m2026-10-05T00:53:08.217448Z[0m [32m INFO[0m [2mmoq_test_client::scenarios[0m[2m:[0m Subscribing with RENDEZVOUS_TIMEOUT to a track with no publisher [3mtimeout_ms[0m[2m=[0m500
ok 9 - rendezvous-timeout
  ---
  duration_ms: 1090
  connection_id: cb832ff078010f3864ea62766915c9a0
  ...
[2m2026-10-05T00:53:08.835123Z[0m [32m INFO[0m [2mmoq_test_client::scenarios[0m[2m:[0m Received expected REQUEST_ERROR TIMEOUT
[2m2026-10-05T00:53:08.836050Z[0m [32m INFO[0m [2mmoq_native_ietf::quic[0m[2m:[0m UDP socket bound [3mbind[0m[2m=[0m[::]:0 [3mlocal[0m[2m=[0m[::]:53679 [3mdual_stack[0m[2m=[0mtrue
[2m2026-10-05T00:53:09.383543Z[0m [32m INFO[0m [2mmoq_native_ietf::quic[0m[2m:[0m UDP socket bound [3mbind[0m[2m=[0m[::]:0 [3mlocal[0m[2m=[0m[::]:33253 [3mdual_stack[0m[2m=[0mtrue
[2m2026-10-05T00:53:09.997327Z[0m [32m INFO[0m [2mmoq_test_client::moqtest[0m[2m:[0m PUBLISH accepted and subscription bound; generating objects [3mobjects[0m[2m=[0m15 [3mstreams[0m[2m=[0m3
[2m2026-10-05T00:53:10.045397Z[0m [32m INFO[0m [2mmoq_test_client::moqtest[0m[2m:[0m PUBLISH completed
ok 10 - moq-test-subgroup-per-group
  ---
  duration_ms: 1325
  subscriber_connection_id: d4dfc113ee3fcaee2ea1d0de9125819d
  publisher_connection_id: d3186ecb2465acc33623e9213730448d
  ...
[2m2026-10-05T00:53:10.161071Z[0m [32m INFO[0m [2mmoq_test_client[0m[2m:[0m moq-test passed: objects 15/15, eog 0/0, streams 3, publish_done status=2 stream_count=3 reason=ReasonPhrase("publish ended")
[2m2026-10-05T00:53:10.161973Z[0m [32m INFO[0m [2mmoq_native_ietf::quic[0m[2m:[0m UDP socket bound [3mbind[0m[2m=[0m[::]:0 [3mlocal[0m[2m=[0m[::]:43388 [3mdual_stack[0m[2m=[0mtrue
[2m2026-10-05T00:53:10.752598Z[0m [32m INFO[0m [2mmoq_native_ietf::quic[0m[2m:[0m UDP socket bound [3mbind[0m[2m=[0m[::]:0 [3mlocal[0m[2m=[0m[::]:57638 [3mdual_stack[0m[2m=[0mtrue
[2m2026-10-05T00:53:11.270340Z[0m [32m INFO[0m [2mmoq_test_client::moqtest[0m[2m:[0m PUBLISH accepted and subscription bound; generating objects [3mobjects[0m[2m=[0m15 [3mstreams[0m[2m=[0m3
[2m2026-10-05T00:53:11.325838Z[0m [32m INFO[0m [2mmoq_test_client::moqtest[0m[2m:[0m PUBLISH completed
[2m2026-10-05T00:53:11.441941Z[0m [32m INFO[0m [2mmoq_test_client[0m[2m:[0m moq-test passed: objects 15/15, eog 3/3, streams 3, publish_done status=2 stream_count=3 reason=ReasonPhrase("publish ended")
ok 11 - moq-test-subgroup-per-group-eog
  ---
  duration_ms: 1280
  subscriber_connection_id: 5ce045486c0cc24bc042345af5aee7e2
  publisher_connection_id: 39624b39d890d402c1be401561f93cb2
  ...
[2m2026-10-05T00:53:11.442931Z[0m [32m INFO[0m [2mmoq_native_ietf::quic[0m[2m:[0m UDP socket bound [3mbind[0m[2m=[0m[::]:0 [3mlocal[0m[2m=[0m[::]:41333 [3mdual_stack[0m[2m=[0mtrue
[2m2026-10-05T00:53:11.991590Z[0m [32m INFO[0m [2mmoq_native_ietf::quic[0m[2m:[0m UDP socket bound [3mbind[0m[2m=[0m[::]:0 [3mlocal[0m[2m=[0m[::]:33516 [3mdual_stack[0m[2m=[0mtrue
[2m2026-10-05T00:53:12.459064Z[0m [32m INFO[0m [2mmoq_test_client::moqtest[0m[2m:[0m PUBLISH accepted and subscription bound; generating objects [3mobjects[0m[2m=[0m8 [3mstreams[0m[2m=[0m8
[2m2026-10-05T00:53:12.484828Z[0m [32m INFO[0m [2mmoq_test_client::moqtest[0m[2m:[0m PUBLISH completed
[2m2026-10-05T00:53:17.601096Z[0m [33m WARN[0m [2mmoq_transport::session::subscriber[0m[2m:[0m PUBLISH_DONE Stream Count was never reached; ending subscription on timer [3mrequest_id[0m[2m=[0m0 [3mtimeout_ms[0m[2m=[0m5000
not ok 12 - moq-test-subgroup-per-object
  ---
  duration_ms: 6159
  message: "moq-test verification failed: PUBLISH_DONE stream count 4611686018427387903 != expected 8"
  ...
[2m2026-10-05T00:53:17.602340Z[0m [32m INFO[0m [2mmoq_native_ietf::quic[0m[2m:[0m UDP socket bound [3mbind[0m[2m=[0m[::]:0 [3mlocal[0m[2m=[0m[::]:34564 [3mdual_stack[0m[2m=[0mtrue
[2m2026-10-05T00:53:18.152570Z[0m [32m INFO[0m [2mmoq_native_ietf::quic[0m[2m:[0m UDP socket bound [3mbind[0m[2m=[0m[::]:0 [3mlocal[0m[2m=[0m[::]:57238 [3mdual_stack[0m[2m=[0mtrue
[2m2026-10-05T00:53:18.667779Z[0m [32m INFO[0m [2mmoq_test_client::moqtest[0m[2m:[0m PUBLISH accepted and subscription bound; generating objects [3mobjects[0m[2m=[0m18 [3mstreams[0m[2m=[0m6
[2m2026-10-05T00:53:18.733191Z[0m [32m INFO[0m [2mmoq_test_client::moqtest[0m[2m:[0m PUBLISH completed
[2m2026-10-05T00:53:23.850887Z[0m [33m WARN[0m [2mmoq_transport::session::subscriber[0m[2m:[0m PUBLISH_DONE Stream Count was never reached; ending subscription on timer [3mrequest_id[0m[2m=[0m0 [3mtimeout_ms[0m[2m=[0m5000
not ok 13 - moq-test-two-subgroups-eog
  ---
  duration_ms: 6249
  message: "moq-test verification failed: PUBLISH_DONE stream count 4611686018427387903 != expected 6"
  ...
[2m2026-10-05T00:53:23.852094Z[0m [32m INFO[0m [2mmoq_native_ietf::quic[0m[2m:[0m UDP socket bound [3mbind[0m[2m=[0m[::]:0 [3mlocal[0m[2m=[0m[::]:41519 [3mdual_stack[0m[2m=[0mtrue
[2m2026-10-05T00:53:24.400944Z[0m [32m INFO[0m [2mmoq_native_ietf::quic[0m[2m:[0m UDP socket bound [3mbind[0m[2m=[0m[::]:0 [3mlocal[0m[2m=[0m[::]:52917 [3mdual_stack[0m[2m=[0mtrue
[2m2026-10-05T00:53:24.873940Z[0m [32m INFO[0m [2mmoq_test_client::moqtest[0m[2m:[0m PUBLISH accepted and subscription bound; generating objects [3mobjects[0m[2m=[0m15 [3mstreams[0m[2m=[0m0
[2m2026-10-05T00:53:25.191740Z[0m [32m INFO[0m [2mmoq_test_client::moqtest[0m[2m:[0m PUBLISH completed
[2m2026-10-05T00:53:30.308620Z[0m [33m WARN[0m [2mmoq_transport::session::subscriber[0m[2m:[0m PUBLISH_DONE Stream Count was never reached; ending subscription on timer [3mrequest_id[0m[2m=[0m0 [3mtimeout_ms[0m[2m=[0m5000
not ok 14 - moq-test-datagram
  ---
  duration_ms: 6457
  message: "moq-test verification failed: PUBLISH_DONE stream count 4611686018427387903 != expected 0"
  ...
[2m2026-10-05T00:53:30.309847Z[0m [32m INFO[0m [2mmoq_native_ietf::quic[0m[2m:[0m UDP socket bound [3mbind[0m[2m=[0m[::]:0 [3mlocal[0m[2m=[0m[::]:33402 [3mdual_stack[0m[2m=[0mtrue
[2m2026-10-05T00:53:30.858807Z[0m [32m INFO[0m [2mmoq_native_ietf::quic[0m[2m:[0m UDP socket bound [3mbind[0m[2m=[0m[::]:0 [3mlocal[0m[2m=[0m[::]:56887 [3mdual_stack[0m[2m=[0mtrue
[2m2026-10-05T00:53:31.321793Z[0m [32m INFO[0m [2mmoq_test_client::moqtest[0m[2m:[0m PUBLISH accepted and subscription bound; generating objects [3mobjects[0m[2m=[0m15 [3mstreams[0m[2m=[0m0
[2m2026-10-05T00:53:31.701821Z[0m [32m INFO[0m [2mmoq_test_client::moqtest[0m[2m:[0m PUBLISH completed
ok 15 - moq-test-datagram-eog
  ---
  duration_ms: 1506
  subscriber_connection_id: c3a30160569fa64cc1d5ef1db3ac3295
  publisher_connection_id: 7cc4877bd2de92fcc642f0d4a276ec0d
  ...
[2m2026-10-05T00:53:31.815938Z[0m [32m INFO[0m [2mmoq_test_client[0m[2m:[0m moq-test passed: objects 15/15, eog 3/3, streams 0, publish_done status=2 stream_count=0 reason=ReasonPhrase("publish ended")
[2m2026-10-05T00:53:31.816859Z[0m [32m INFO[0m [2mmoq_native_ietf::quic[0m[2m:[0m UDP socket bound [3mbind[0m[2m=[0m[::]:0 [3mlocal[0m[2m=[0m[::]:46543 [3mdual_stack[0m[2m=[0mtrue
[2m2026-10-05T00:53:32.367225Z[0m [32m INFO[0m [2mmoq_native_ietf::quic[0m[2m:[0m UDP socket bound [3mbind[0m[2m=[0m[::]:0 [3mlocal[0m[2m=[0m[::]:59775 [3mdual_stack[0m[2m=[0mtrue
[2m2026-10-05T00:53:32.828931Z[0m [32m INFO[0m [2mmoq_test_client::moqtest[0m[2m:[0m PUBLISH accepted and subscription bound; generating objects [3mobjects[0m[2m=[0m15 [3mstreams[0m[2m=[0m3
[2m2026-10-05T00:53:32.882638Z[0m [32m INFO[0m [2mmoq_test_client::moqtest[0m[2m:[0m PUBLISH completed
ok 16 - moq-test-extensions
  ---
  duration_ms: 1180
  subscriber_connection_id: f8ac926d3aa7f6fbcae4a800ba391423
  publisher_connection_id: 14a971bea0801bb7fc072b02e998eb23
  ...
[2m2026-10-05T00:53:32.996422Z[0m [32m INFO[0m [2mmoq_test_client[0m[2m:[0m moq-test passed: objects 15/15, eog 3/3, streams 3, publish_done status=2 stream_count=3 reason=ReasonPhrase("publish ended")
[2m2026-10-05T00:53:32.997335Z[0m [32m INFO[0m [2mmoq_native_ietf::quic[0m[2m:[0m UDP socket bound [3mbind[0m[2m=[0m[::]:0 [3mlocal[0m[2m=[0m[::]:47078 [3mdual_stack[0m[2m=[0mtrue
[2m2026-10-05T00:53:33.555372Z[0m [32m INFO[0m [2mmoq_native_ietf::quic[0m[2m:[0m UDP socket bound [3mbind[0m[2m=[0m[::]:0 [3mlocal[0m[2m=[0m[::]:35613 [3mdual_stack[0m[2m=[0mtrue
[2m2026-10-05T00:53:34.146234Z[0m [32m INFO[0m [2mmoq_test_client::moqtest[0m[2m:[0m PUBLISH accepted and subscription bound; generating objects [3mobjects[0m[2m=[0m9 [3mstreams[0m[2m=[0m3
[2m2026-10-05T00:53:34.174258Z[0m [32m INFO[0m [2mmoq_test_client::moqtest[0m[2m:[0m PUBLISH completed
[2m2026-10-05T00:53:39.292125Z[0m [33m WARN[0m [2mmoq_transport::session::subscriber[0m[2m:[0m PUBLISH_DONE Stream Count was never reached; ending subscription on timer [3mrequest_id[0m[2m=[0m0 [3mtimeout_ms[0m[2m=[0m5000
not ok 17 - moq-test-increments
  ---
  duration_ms: 6295
  message: "moq-test verification failed: PUBLISH_DONE stream count 4611686018427387903 != expected 3"
  ...
[2m2026-10-05T00:53:39.293423Z[0m [32m INFO[0m [2mmoq_native_ietf::quic[0m[2m:[0m UDP socket bound [3mbind[0m[2m=[0m[::]:0 [3mlocal[0m[2m=[0m[::]:52050 [3mdual_stack[0m[2m=[0mtrue
[2m2026-10-05T00:53:39.849707Z[0m [32m INFO[0m [2mmoq_native_ietf::quic[0m[2m:[0m UDP socket bound [3mbind[0m[2m=[0m[::]:0 [3mlocal[0m[2m=[0m[::]:44975 [3mdual_stack[0m[2m=[0mtrue
[2m2026-10-05T00:53:40.442080Z[0m [32m INFO[0m [2mmoq_test_client::moqtest[0m[2m:[0m PUBLISH accepted and subscription bound; generating objects [3mobjects[0m[2m=[0m6 [3mstreams[0m[2m=[0m2
[2m2026-10-05T00:53:40.460513Z[0m [32m INFO[0m [2mmoq_test_client::moqtest[0m[2m:[0m PUBLISH completed
[2m2026-10-05T00:53:45.578251Z[0m [33m WARN[0m [2mmoq_transport::session::subscriber[0m[2m:[0m PUBLISH_DONE Stream Count was never reached; ending subscription on timer [3mrequest_id[0m[2m=[0m0 [3mtimeout_ms[0m[2m=[0m5000
not ok 18 - moq-test-forward-zero
  ---
  duration_ms: 6286
  message: "moq-test verification failed: PUBLISH_DONE stream count 2 != expected 0"
  ...
make[1]: *** [Makefile:122: test-external] Error 1
make[1]: Leaving directory '/home/runner/work/moq-interop-runner/moq-interop-runner/main'
