make[1]: Entering directory '/home/runner/work/moq-interop-runner/moq-interop-runner/main'
Running tests against moqt://draft-14.cloudflare.mediaoverquic.com:443...
  Client: ghcr.io/englishm/moq-interop-runner-moq-test-client-draft-14:latest
docker run --rm \
	 \
	--network host \
	-e RELAY_URL=moqt://draft-14.cloudflare.mediaoverquic.com:443 \
	-e TLS_DISABLE_VERIFY=false \
	ghcr.io/englishm/moq-interop-runner-moq-test-client-draft-14:latest
TAP version 14
# moq-test-client v0.1.7
# Relay: moqt://draft-14.cloudflare.mediaoverquic.com:443
1..6
[2m2026-10-05T01:47:12.035536Z[0m [32m INFO[0m [2mmoq_native_ietf::quic[0m[2m:[0m UDP socket bound [3mbind[0m[2m=[0m[::]:0 [3mlocal[0m[2m=[0m[::]:57069 [3mdual_stack[0m[2m=[0mtrue
not ok 1 - setup-only
  ---
  duration_ms: 116
  message: "failed to connect to relay: the cryptographic handshake failed: error 45: invalid peer certificate: certificate expired: verification time 1791164832 (UNIX), but certificate is not valid after 1791146039 (18793 seconds ago)"
  ...
[2m2026-10-05T01:47:12.152035Z[0m [32m INFO[0m [2mmoq_native_ietf::quic[0m[2m:[0m UDP socket bound [3mbind[0m[2m=[0m[::]:0 [3mlocal[0m[2m=[0m[::]:60056 [3mdual_stack[0m[2m=[0mtrue
not ok 2 - announce-only
  ---
  duration_ms: 7
  message: "failed to connect to relay: the cryptographic handshake failed: error 45: invalid peer certificate: certificate expired: verification time 1791164832 (UNIX), but certificate is not valid after 1791146039 (18793 seconds ago)"
  ...
[2m2026-10-05T01:47:12.159501Z[0m [32m INFO[0m [2mmoq_native_ietf::quic[0m[2m:[0m UDP socket bound [3mbind[0m[2m=[0m[::]:0 [3mlocal[0m[2m=[0m[::]:58212 [3mdual_stack[0m[2m=[0mtrue
not ok 3 - subscribe-error
  ---
  duration_ms: 6
  message: "failed to connect to relay: the cryptographic handshake failed: error 45: invalid peer certificate: certificate expired: verification time 1791164832 (UNIX), but certificate is not valid after 1791146039 (18793 seconds ago)"
  ...
[2m2026-10-05T01:47:12.165817Z[0m [32m INFO[0m [2mmoq_native_ietf::quic[0m[2m:[0m UDP socket bound [3mbind[0m[2m=[0m[::]:0 [3mlocal[0m[2m=[0m[::]:46422 [3mdual_stack[0m[2m=[0mtrue
not ok 4 - announce-subscribe
  ---
  duration_ms: 8
  message: "publisher failed to connect: the cryptographic handshake failed: error 45: invalid peer certificate: certificate expired: verification time 1791164832 (UNIX), but certificate is not valid after 1791146039 (18793 seconds ago)"
  ...
[2m2026-10-05T01:47:12.173898Z[0m [32m INFO[0m [2mmoq_native_ietf::quic[0m[2m:[0m UDP socket bound [3mbind[0m[2m=[0m[::]:0 [3mlocal[0m[2m=[0m[::]:34772 [3mdual_stack[0m[2m=[0mtrue
not ok 5 - subscribe-before-announce
  ---
  duration_ms: 7
  message: "subscriber failed to connect: the cryptographic handshake failed: error 45: invalid peer certificate: certificate expired: verification time 1791164832 (UNIX), but certificate is not valid after 1791146039 (18793 seconds ago)"
  ...
[2m2026-10-05T01:47:12.181184Z[0m [32m INFO[0m [2mmoq_native_ietf::quic[0m[2m:[0m UDP socket bound [3mbind[0m[2m=[0m[::]:0 [3mlocal[0m[2m=[0m[::]:60285 [3mdual_stack[0m[2m=[0mtrue
not ok 6 - publish-namespace-done
  ---
  duration_ms: 6
  message: "failed to connect to relay: the cryptographic handshake failed: error 45: invalid peer certificate: certificate expired: verification time 1791164832 (UNIX), but certificate is not valid after 1791146039 (18793 seconds ago)"
  ...
make[1]: *** [Makefile:122: test-external] Error 1
make[1]: Leaving directory '/home/runner/work/moq-interop-runner/moq-interop-runner/main'
