make[1]: Entering directory '/home/runner/work/moq-interop-runner/moq-interop-runner/main'
Running tests against moqt://us-west-2.relay.quicr.org:33437...
  Client: ghcr.io/eyevinn/mlmtest:latest
docker run --rm \
	 \
	--network host \
	-e RELAY_URL=moqt://us-west-2.relay.quicr.org:33437 \
	-e TLS_DISABLE_VERIFY=1 \
	ghcr.io/eyevinn/mlmtest:latest
TAP version 14
# moqlivemock v0.16.1, date: 2026-09-30
# Relay: moqt://us-west-2.relay.quicr.org:33437
# Draft: 18 (ALPN: moqt-18)
1..6
2026/10/05 00:59:21 failed to sufficiently increase receive buffer size (was: 1024 kiB, wanted: 7168 kiB, got: 2048 kiB). See https://github.com/quic-go/quic-go/wiki/UDP-Buffer-Sizes for details.
not ok 1 - setup-only
  ---
  error: QUIC dial: CRYPTO_ERROR 0x178 (remote): tls: no application protocol
  ...
not ok 2 - announce-only
  ---
  error: QUIC dial: CRYPTO_ERROR 0x178 (remote): tls: no application protocol
  ...
not ok 3 - publish-namespace-done
  ---
  error: QUIC dial: CRYPTO_ERROR 0x178 (remote): tls: no application protocol
  ...
not ok 4 - subscribe-error
  ---
  error: QUIC dial: CRYPTO_ERROR 0x178 (remote): tls: no application protocol
  ...
not ok 5 - announce-subscribe
  ---
  error: publisher: QUIC dial: CRYPTO_ERROR 0x178 (remote): tls: no application protocol
  ...
not ok 6 - subscribe-before-announce
  ---
  error: subscriber dial: QUIC dial: CRYPTO_ERROR 0x178 (remote): tls: no application protocol
  ...
make[1]: *** [Makefile:122: test-external] Error 1
make[1]: Leaving directory '/home/runner/work/moq-interop-runner/moq-interop-runner/main'
