make[1]: Entering directory '/home/runner/work/moq-interop-runner/moq-interop-runner/main'
Running tests against https://draft-18-interop.cloudflare.mediaoverquic.com:443/moq...
  Client: ghcr.io/facebookexperimental/moxygen-interop-client:latest-amd64
docker run --rm \
	 \
	--network host \
	-e RELAY_URL=https://draft-18-interop.cloudflare.mediaoverquic.com:443/moq \
	-e TLS_DISABLE_VERIFY=false \
	ghcr.io/facebookexperimental/moxygen-interop-client:latest-amd64
TAP version 14
# moxygen interop test client
# Relay: https://draft-18-interop.cloudflare.mediaoverquic.com:443/moq
# Transport: WebTransport
# Offered ALPNs: moqt-18, moqt-16, moqt-15, moq-00
1..6
ok 1 - setup-only
  ---
  duration_ms: 187
  negotiated_version: draft-18
  info: SETUP exchange completed successfully
  ...
E1005 01:07:48.303342     1 MoQRelaySession.cpp:1123] PublishNamespaceDone for unknown publishNamespace, sess=0x557af9be6f10
ok 2 - announce-only
  ---
  duration_ms: 226
  negotiated_version: draft-18
  info: PUBLISH_NAMESPACE completed successfully
  ...
E20261005 01:07:48.540148     1 HQControlCodec.h:58] Unexpected control stream EOF
E20261005 01:07:48.541136     1 HQSession.cpp:3175] Got error on control stream error=HTTP: Critical stream was closed streamID=3 sess=proto=h3, client CID=, server CID=0f85b6f6fc113449, local=10.1.0.54:42441, 8.228.3.228:443=upstream, drain=done
ok 3 - subscribe-error
  ---
  duration_ms: 236
  negotiated_version: draft-18
  info: Subscribe correctly returned error: Session closed
  ...
E1005 01:07:49.014868     1 MoQSession.cpp:5162] No matching subscribe ID=0 sess=0x557af9bb57b0
E20261005 01:07:49.015210     1 HQControlCodec.h:58] Unexpected control stream EOF
E20261005 01:07:49.015275     1 HQSession.cpp:3175] Got error on control stream error=HTTP: Critical stream was closed streamID=3 sess=proto=h3, client CID=, server CID=381f18f0094aab40, local=10.1.0.54:59462, 8.228.3.228:443=upstream, drain=pending
not ok 4 - announce-subscribe
  ---
  duration_ms: 473
  negotiated_version: draft-18
  error: Subscribe failed: peer FINed without terminal reply
  ...
ok 5 - publish-namespace-done
  ---
  duration_ms: 226
  negotiated_version: draft-18
  info: PUBLISH_NAMESPACE_OK received, PUBLISH_NAMESPACE_DONE sent
  ...
E20261005 01:07:49.469930     1 HQControlCodec.h:58] Unexpected control stream EOF
E20261005 01:07:49.470014     1 HQSession.cpp:3175] Got error on control stream error=HTTP: Critical stream was closed streamID=3 sess=proto=h3, client CID=, server CID=e806c9011a485e19, local=10.1.0.54:51427, 8.228.3.228:443=upstream, drain=pending
E1005 01:07:49.470103     1 MoQWebTransportClient.cpp:183] proxygen::HTTPException: Got error=ApplicationError: 260, HTTP error on control stream
ok 6 - subscribe-before-announce
  ---
  duration_ms: 915
  negotiated_version: draft-18
  info: Subscribe returned error (relay doesn't buffer pending subscriptions): Session closed
  ...
make[1]: *** [Makefile:122: test-external] Error 1
make[1]: Leaving directory '/home/runner/work/moq-interop-runner/moq-interop-runner/main'
