make[1]: Entering directory '/home/runner/work/moq-interop-runner/moq-interop-runner/main'
Running tests against https://draft-14.cloudflare.mediaoverquic.com:443/moq...
  Client: ghcr.io/facebookexperimental/moxygen-interop-client:latest-amd64
docker run --rm \
	 \
	--network host \
	-e RELAY_URL=https://draft-14.cloudflare.mediaoverquic.com:443/moq \
	-e TLS_DISABLE_VERIFY=false \
	ghcr.io/facebookexperimental/moxygen-interop-client:latest-amd64
TAP version 14
# moxygen interop test client
# Relay: https://draft-14.cloudflare.mediaoverquic.com:443/moq
# Transport: WebTransport
# Offered ALPNs: moqt-18, moqt-16, moqt-15, moq-00
1..6
E20261005 01:50:42.017004     1 HQSession.cpp:583] Connection closed with error err=Crypto error: certificate_expired msg=fizz::FizzVerificationException: certificate verification failed: certificate has expired proto=, client CID=, server CID=227ae39dfa9d69b6, local=<uninitialized address>, 162.159.207.5:443=upstream, drain=none
E1005 01:50:42.017925     1 MoQWebTransportClient.cpp:74] std::runtime_error: Crypto error: certificate_expired
not ok 1 - setup-only
  ---
  duration_ms: 31
  error: Crypto error: certificate_expired
  ...
E20261005 01:50:42.027724     1 HQSession.cpp:583] Connection closed with error err=Crypto error: certificate_expired msg=fizz::FizzVerificationException: certificate verification failed: certificate has expired proto=, client CID=, server CID=9a8d77867ef8b3d5, local=<uninitialized address>, 162.159.207.5:443=upstream, drain=none
E1005 01:50:42.027830     1 MoQWebTransportClient.cpp:74] std::runtime_error: Crypto error: certificate_expired
not ok 2 - announce-only
  ---
  duration_ms: 9
  error: Crypto error: certificate_expired
  ...
E20261005 01:50:42.037431     1 HQSession.cpp:583] Connection closed with error err=Crypto error: certificate_expired msg=fizz::FizzVerificationException: certificate verification failed: certificate has expired proto=, client CID=, server CID=b420c77d9f0868b1, local=<uninitialized address>, 162.159.207.5:443=upstream, drain=none
E1005 01:50:42.037515     1 MoQWebTransportClient.cpp:74] std::runtime_error: Crypto error: certificate_expired
not ok 3 - subscribe-error
  ---
  duration_ms: 9
  error: Crypto error: certificate_expired
  ...
E20261005 01:50:42.047493     1 HQSession.cpp:583] Connection closed with error err=Crypto error: certificate_expired msg=fizz::FizzVerificationException: certificate verification failed: certificate has expired proto=, client CID=, server CID=c9501a5a48ee47f8, local=<uninitialized address>, 162.159.207.5:443=upstream, drain=none
E1005 01:50:42.047581     1 MoQWebTransportClient.cpp:74] std::runtime_error: Crypto error: certificate_expired
not ok 4 - announce-subscribe
  ---
  duration_ms: 9
  error: Crypto error: certificate_expired
  ...
E20261005 01:50:42.057190     1 HQSession.cpp:583] Connection closed with error err=Crypto error: certificate_expired msg=fizz::FizzVerificationException: certificate verification failed: certificate has expired proto=, client CID=, server CID=3cd2c7f8e112558a, local=<uninitialized address>, 162.159.207.5:443=upstream, drain=none
E1005 01:50:42.057277     1 MoQWebTransportClient.cpp:74] std::runtime_error: Crypto error: certificate_expired
not ok 5 - publish-namespace-done
  ---
  duration_ms: 9
  error: Crypto error: certificate_expired
  ...
E20261005 01:50:42.066709     1 HQSession.cpp:583] Connection closed with error err=Crypto error: certificate_expired msg=fizz::FizzVerificationException: certificate verification failed: certificate has expired proto=, client CID=, server CID=228667c4f69a936f, local=<uninitialized address>, 162.159.207.5:443=upstream, drain=none
E1005 01:50:42.066803     1 MoQWebTransportClient.cpp:74] std::runtime_error: Crypto error: certificate_expired
not ok 6 - subscribe-before-announce
  ---
  duration_ms: 9
  error: Crypto error: certificate_expired
  ...
make[1]: *** [Makefile:122: test-external] Error 1
make[1]: Leaving directory '/home/runner/work/moq-interop-runner/moq-interop-runner/main'
