make[1]: Entering directory '/home/runner/work/moq-interop-runner/moq-interop-runner/main'
Running tests against https://34-72-6-160.sslip.io:443...
  Client: ghcr.io/facebookexperimental/moxygen-interop-client:latest-amd64
docker run --rm \
	 \
	--network host \
	-e RELAY_URL=https://34-72-6-160.sslip.io:443 \
	-e TLS_DISABLE_VERIFY=false \
	ghcr.io/facebookexperimental/moxygen-interop-client:latest-amd64
TAP version 14
# moxygen interop test client
# Relay: https://34-72-6-160.sslip.io:443
# Transport: WebTransport
# Offered ALPNs: moqt-18, moqt-16, moqt-15, moq-00
1..6
E20261005 01:08:39.547307     1 HQSession.cpp:583] Connection closed with error err=Crypto error: certificate_expired msg=fizz::FizzVerificationException: certificate verification failed: certificate has expired proto=, client CID=, server CID=f40822e2a3f318bf, local=<uninitialized address>, 34.72.6.160:443=upstream, drain=none
E1005 01:08:39.548136     1 MoQWebTransportClient.cpp:74] std::runtime_error: Crypto error: certificate_expired
not ok 1 - setup-only
  ---
  duration_ms: 169
  error: Crypto error: certificate_expired
  ...
E20261005 01:08:39.623447     1 HQSession.cpp:583] Connection closed with error err=Crypto error: certificate_expired msg=fizz::FizzVerificationException: certificate verification failed: certificate has expired proto=, client CID=, server CID=789217ef4756bacd, local=<uninitialized address>, 34.72.6.160:443=upstream, drain=none
E1005 01:08:39.623526     1 MoQWebTransportClient.cpp:74] std::runtime_error: Crypto error: certificate_expired
not ok 2 - announce-only
  ---
  duration_ms: 75
  error: Crypto error: certificate_expired
  ...
E20261005 01:08:39.771708     1 HQSession.cpp:583] Connection closed with error err=Crypto error: certificate_expired msg=fizz::FizzVerificationException: certificate verification failed: certificate has expired proto=, client CID=, server CID=ca4ecde3f8238f19, local=<uninitialized address>, 34.72.6.160:443=upstream, drain=none
E1005 01:08:39.771813     1 MoQWebTransportClient.cpp:74] std::runtime_error: Crypto error: certificate_expired
not ok 3 - subscribe-error
  ---
  duration_ms: 148
  error: Crypto error: certificate_expired
  ...
E20261005 01:08:39.790251     1 HQSession.cpp:583] Connection closed with error err=Crypto error: certificate_expired msg=fizz::FizzVerificationException: certificate verification failed: certificate has expired proto=, client CID=, server CID=e6d9437acf429db6, local=<uninitialized address>, 34.72.6.160:443=upstream, drain=none
E1005 01:08:39.790331     1 MoQWebTransportClient.cpp:74] std::runtime_error: Crypto error: certificate_expired
not ok 4 - announce-subscribe
  ---
  duration_ms: 18
  error: Crypto error: certificate_expired
  ...
E20261005 01:08:39.939985     1 HQSession.cpp:583] Connection closed with error err=Crypto error: certificate_expired msg=fizz::FizzVerificationException: certificate verification failed: certificate has expired proto=, client CID=, server CID=227c2594f71683c1, local=<uninitialized address>, 34.72.6.160:443=upstream, drain=none
E1005 01:08:39.940099     1 MoQWebTransportClient.cpp:74] std::runtime_error: Crypto error: certificate_expired
not ok 5 - publish-namespace-done
  ---
  duration_ms: 149
  error: Crypto error: certificate_expired
  ...
E20261005 01:08:40.012986     1 HQSession.cpp:583] Connection closed with error err=Crypto error: certificate_expired msg=fizz::FizzVerificationException: certificate verification failed: certificate has expired proto=, client CID=, server CID=9db9ff9b58046607, local=<uninitialized address>, 34.72.6.160:443=upstream, drain=none
E1005 01:08:40.013078     1 MoQWebTransportClient.cpp:74] std::runtime_error: Crypto error: certificate_expired
not ok 6 - subscribe-before-announce
  ---
  duration_ms: 72
  error: Crypto error: certificate_expired
  ...
make[1]: *** [Makefile:122: test-external] Error 1
make[1]: Leaving directory '/home/runner/work/moq-interop-runner/moq-interop-runner/main'
