make[1]: Entering directory '/home/runner/work/moq-interop-runner/moq-interop-runner/main'
Running tests against moqt://34-72-6-160.sslip.io:443...
  Client: ghcr.io/englishm/moq-interop-runner-moq-test-client-draft-14:latest
docker run --rm \
	 \
	--network host \
	-e RELAY_URL=moqt://34-72-6-160.sslip.io:443 \
	-e TLS_DISABLE_VERIFY=false \
	ghcr.io/englishm/moq-interop-runner-moq-test-client-draft-14:latest
TAP version 14
# moq-test-client v0.1.7
# Relay: moqt://34-72-6-160.sslip.io:443
1..6
[2m2026-09-23T02:00:09.737569Z[0m [32m INFO[0m [2mmoq_native_ietf::quic[0m[2m:[0m UDP socket bound [3mbind[0m[2m=[0m[::]:0 [3mlocal[0m[2m=[0m[::]:57105 [3mdual_stack[0m[2m=[0mtrue
[2m2026-09-23T02:00:09.810230Z[0m [32m INFO[0m [2mmoq_test_client::scenarios[0m[2m:[0m SETUP exchange completed successfully
ok 1 - setup-only
  ---
  duration_ms: 73
  connection_id: c6db60d91ebe1324d54a4c8266312016
  ...
[2m2026-09-23T02:00:09.810899Z[0m [32m INFO[0m [2mmoq_native_ietf::quic[0m[2m:[0m UDP socket bound [3mbind[0m[2m=[0m[::]:0 [3mlocal[0m[2m=[0m[::]:39581 [3mdual_stack[0m[2m=[0mtrue
[2m2026-09-23T02:00:09.881247Z[0m [32m INFO[0m [2mmoq_test_client::scenarios[0m[2m:[0m Announcing namespace: moq-test/interop
[2m2026-09-23T02:00:09.881291Z[0m [33m WARN[0m [2mmoq_transport::serve::error[0m[2m:[0m [2812c823-aabe-4287-9c19-82a3a68ed542] Not implemented: SUBSCRIBE_NAMESPACE at moq-transport/src/session/error.rs:77
[2m2026-09-23T02:00:09.881297Z[0m [33m WARN[0m [2mmoq_transport::session::publisher[0m[2m:[0m failed to process message: serve error: not implemented: Feature not implemented [error:2812c823-aabe-4287-9c19-82a3a68ed542]
[2m2026-09-23T02:00:09.881304Z[0m [33m WARN[0m [2mmoq_transport::serve::error[0m[2m:[0m [59f050b6-89fd-475c-893b-34ba9f6bc31f] Not implemented: SUBSCRIBE_NAMESPACE at moq-transport/src/session/error.rs:77
[2m2026-09-23T02:00:09.881305Z[0m [33m WARN[0m [2mmoq_transport::session::publisher[0m[2m:[0m failed to process message: serve error: not implemented: Feature not implemented [error:59f050b6-89fd-475c-893b-34ba9f6bc31f]
[2m2026-09-23T02:00:11.882664Z[0m [32m INFO[0m [2mmoq_test_client::scenarios[0m[2m:[0m Announce succeeded (no error received, waiting for subscriptions timed out)
ok 2 - announce-only
  ---
  duration_ms: 2072
  connection_id: 1635337f1b81d1f6f1b9707219eb12ff
  ...
[2m2026-09-23T02:00:11.883360Z[0m [32m INFO[0m [2mmoq_native_ietf::quic[0m[2m:[0m UDP socket bound [3mbind[0m[2m=[0m[::]:0 [3mlocal[0m[2m=[0m[::]:37520 [3mdual_stack[0m[2m=[0mtrue
[2m2026-09-23T02:00:11.944869Z[0m [32m INFO[0m [2mmoq_test_client::scenarios[0m[2m:[0m Subscribing to non-existent track: nonexistent/namespace/test-track
[2m2026-09-23T02:00:11.944906Z[0m [33m WARN[0m [2mmoq_transport::serve::error[0m[2m:[0m [f60e39b9-7938-4f71-b1d3-7278bd77e05a] Not implemented: SUBSCRIBE_NAMESPACE at moq-transport/src/session/error.rs:77
[2m2026-09-23T02:00:11.944911Z[0m [33m WARN[0m [2mmoq_transport::session::publisher[0m[2m:[0m failed to process message: serve error: not implemented: Feature not implemented [error:f60e39b9-7938-4f71-b1d3-7278bd77e05a]
[2m2026-09-23T02:00:11.944916Z[0m [33m WARN[0m [2mmoq_transport::serve::error[0m[2m:[0m [ddabe014-4002-4d27-a6de-c5496c04f6eb] Not implemented: SUBSCRIBE_NAMESPACE at moq-transport/src/session/error.rs:77
[2m2026-09-23T02:00:11.944917Z[0m [33m WARN[0m [2mmoq_transport::session::publisher[0m[2m:[0m failed to process message: serve error: not implemented: Feature not implemented [error:ddabe014-4002-4d27-a6de-c5496c04f6eb]
[2m2026-09-23T02:00:11.964040Z[0m [33m WARN[0m [2mmoq_test_client::scenarios[0m[2m:[0m Got error but not clearly 'not found': closed, code=404. This may indicate a different error type than expected.
ok 3 - subscribe-error
  ---
  duration_ms: 81
  connection_id: 7e6edec24ae3203034836e9ee71766c1
  ...
[2m2026-09-23T02:00:11.964667Z[0m [32m INFO[0m [2mmoq_native_ietf::quic[0m[2m:[0m UDP socket bound [3mbind[0m[2m=[0m[::]:0 [3mlocal[0m[2m=[0m[::]:40717 [3mdual_stack[0m[2m=[0mtrue
[2m2026-09-23T02:00:12.166778Z[0m [32m INFO[0m [2mmoq_native_ietf::quic[0m[2m:[0m UDP socket bound [3mbind[0m[2m=[0m[::]:0 [3mlocal[0m[2m=[0m[::]:50383 [3mdual_stack[0m[2m=[0mtrue
[2m2026-09-23T02:00:12.301224Z[0m [32m INFO[0m [2mmoq_test_client::scenarios[0m[2m:[0m Publisher announcing namespace: moq-test/interop
[2m2026-09-23T02:00:12.301257Z[0m [32m INFO[0m [2mmoq_test_client::scenarios[0m[2m:[0m Subscriber subscribing to track: moq-test/interop/test-track
[2m2026-09-23T02:00:12.301284Z[0m [33m WARN[0m [2mmoq_transport::serve::error[0m[2m:[0m [c8a95b82-4fe9-4bc6-9da0-4da1ca0208cd] Not implemented: SUBSCRIBE_NAMESPACE at moq-transport/src/session/error.rs:77
[2m2026-09-23T02:00:12.301288Z[0m [33m WARN[0m [2mmoq_transport::session::publisher[0m[2m:[0m failed to process message: serve error: not implemented: Feature not implemented [error:c8a95b82-4fe9-4bc6-9da0-4da1ca0208cd]
[2m2026-09-23T02:00:12.301296Z[0m [33m WARN[0m [2mmoq_transport::serve::error[0m[2m:[0m [04a568f0-7297-4c4d-9e35-d544f132beae] Not implemented: SUBSCRIBE_NAMESPACE at moq-transport/src/session/error.rs:77
[2m2026-09-23T02:00:12.301298Z[0m [33m WARN[0m [2mmoq_transport::session::publisher[0m[2m:[0m failed to process message: serve error: not implemented: Feature not implemented [error:04a568f0-7297-4c4d-9e35-d544f132beae]
[2m2026-09-23T02:00:12.301310Z[0m [33m WARN[0m [2mmoq_transport::serve::error[0m[2m:[0m [6123a6c5-e91f-4cc8-adb6-22850709a8cb] Not implemented: SUBSCRIBE_NAMESPACE at moq-transport/src/session/error.rs:77
[2m2026-09-23T02:00:12.301312Z[0m [33m WARN[0m [2mmoq_transport::session::publisher[0m[2m:[0m failed to process message: serve error: not implemented: Feature not implemented [error:6123a6c5-e91f-4cc8-adb6-22850709a8cb]
[2m2026-09-23T02:00:12.301314Z[0m [33m WARN[0m [2mmoq_transport::serve::error[0m[2m:[0m [a86d63b3-8dc7-4963-831f-e2a756f0ab87] Not implemented: SUBSCRIBE_NAMESPACE at moq-transport/src/session/error.rs:77
[2m2026-09-23T02:00:12.301315Z[0m [33m WARN[0m [2mmoq_transport::session::publisher[0m[2m:[0m failed to process message: serve error: not implemented: Feature not implemented [error:a86d63b3-8dc7-4963-831f-e2a756f0ab87]
[2m2026-09-23T02:00:15.303289Z[0m [32m INFO[0m [2mmoq_test_client::scenarios[0m[2m:[0m Test timeout reached - subscription routing may still be in progress
ok 4 - announce-subscribe
  ---
  duration_ms: 3339
  publisher_connection_id: fbb873fda8c8fcdf4c076fac3dce76a1
  subscriber_connection_id: f1fda04b40502b5ccb3fde9898518170
  ...
[2m2026-09-23T02:00:15.304083Z[0m [32m INFO[0m [2mmoq_native_ietf::quic[0m[2m:[0m UDP socket bound [3mbind[0m[2m=[0m[::]:0 [3mlocal[0m[2m=[0m[::]:60612 [3mdual_stack[0m[2m=[0mtrue
[2m2026-09-23T02:00:15.498196Z[0m [32m INFO[0m [2mmoq_test_client::scenarios[0m[2m:[0m Subscriber subscribing BEFORE announce: moq-test/interop/test-track
[2m2026-09-23T02:00:15.498403Z[0m [33m WARN[0m [2mmoq_transport::serve::error[0m[2m:[0m [8a31f6b3-60a4-410c-897f-9b89645171be] Not implemented: SUBSCRIBE_NAMESPACE at moq-transport/src/session/error.rs:77
[2m2026-09-23T02:00:15.498425Z[0m [33m WARN[0m [2mmoq_transport::session::publisher[0m[2m:[0m failed to process message: serve error: not implemented: Feature not implemented [error:8a31f6b3-60a4-410c-897f-9b89645171be]
[2m2026-09-23T02:00:15.498436Z[0m [33m WARN[0m [2mmoq_transport::serve::error[0m[2m:[0m [28b84838-3e61-43f8-9b7c-853125a56d53] Not implemented: SUBSCRIBE_NAMESPACE at moq-transport/src/session/error.rs:77
[2m2026-09-23T02:00:15.498437Z[0m [33m WARN[0m [2mmoq_transport::session::publisher[0m[2m:[0m failed to process message: serve error: not implemented: Feature not implemented [error:28b84838-3e61-43f8-9b7c-853125a56d53]
[2m2026-09-23T02:00:16.000542Z[0m [32m INFO[0m [2mmoq_native_ietf::quic[0m[2m:[0m UDP socket bound [3mbind[0m[2m=[0m[::]:0 [3mlocal[0m[2m=[0m[::]:55584 [3mdual_stack[0m[2m=[0mtrue
[2m2026-09-23T02:00:16.196986Z[0m [32m INFO[0m [2mmoq_test_client::scenarios[0m[2m:[0m Publisher announcing namespace (after subscriber): moq-test/interop
[2m2026-09-23T02:00:16.197022Z[0m [33m WARN[0m [2mmoq_transport::serve::error[0m[2m:[0m [a055cdbf-c354-4b6d-9d28-c38cee8b687e] Not implemented: SUBSCRIBE_NAMESPACE at moq-transport/src/session/error.rs:77
[2m2026-09-23T02:00:16.197027Z[0m [33m WARN[0m [2mmoq_transport::session::publisher[0m[2m:[0m failed to process message: serve error: not implemented: Feature not implemented [error:a055cdbf-c354-4b6d-9d28-c38cee8b687e]
[2m2026-09-23T02:00:16.197033Z[0m [33m WARN[0m [2mmoq_transport::serve::error[0m[2m:[0m [996c6274-9fcc-44d5-a13f-9059acca9c64] Not implemented: SUBSCRIBE_NAMESPACE at moq-transport/src/session/error.rs:77
[2m2026-09-23T02:00:16.197034Z[0m [33m WARN[0m [2mmoq_transport::session::publisher[0m[2m:[0m failed to process message: serve error: not implemented: Feature not implemented [error:996c6274-9fcc-44d5-a13f-9059acca9c64]
[2m2026-09-23T02:00:19.198082Z[0m [32m INFO[0m [2mmoq_test_client::scenarios[0m[2m:[0m Publisher announce timeout (expected)
[2m2026-09-23T02:00:20.199733Z[0m [32m INFO[0m [2mmoq_test_client::scenarios[0m[2m:[0m Subscriber still waiting (test complete)
ok 5 - subscribe-before-announce
  ---
  duration_ms: 4896
  subscriber_connection_id: 51e0dfefce3f37a9699e5e560fcf7bc0
  publisher_connection_id: 9e5719a081cf3e4f74dae01bfeb61d3f
  ...
[2m2026-09-23T02:00:20.200480Z[0m [32m INFO[0m [2mmoq_native_ietf::quic[0m[2m:[0m UDP socket bound [3mbind[0m[2m=[0m[::]:0 [3mlocal[0m[2m=[0m[::]:46519 [3mdual_stack[0m[2m=[0mtrue
[2m2026-09-23T02:00:20.266737Z[0m [32m INFO[0m [2mmoq_test_client::scenarios[0m[2m:[0m Announcing namespace: moq-test/interop
[2m2026-09-23T02:00:20.266778Z[0m [33m WARN[0m [2mmoq_transport::serve::error[0m[2m:[0m [f2164d9e-29fb-49e2-9927-57cbd5d10f14] Not implemented: SUBSCRIBE_NAMESPACE at moq-transport/src/session/error.rs:77
[2m2026-09-23T02:00:20.266782Z[0m [33m WARN[0m [2mmoq_transport::session::publisher[0m[2m:[0m failed to process message: serve error: not implemented: Feature not implemented [error:f2164d9e-29fb-49e2-9927-57cbd5d10f14]
[2m2026-09-23T02:00:20.266809Z[0m [33m WARN[0m [2mmoq_transport::serve::error[0m[2m:[0m [368365fb-b4f3-4b4d-8980-5b595ac5a807] Not implemented: SUBSCRIBE_NAMESPACE at moq-transport/src/session/error.rs:77
[2m2026-09-23T02:00:20.266811Z[0m [33m WARN[0m [2mmoq_transport::session::publisher[0m[2m:[0m failed to process message: serve error: not implemented: Feature not implemented [error:368365fb-b4f3-4b4d-8980-5b595ac5a807]
[2m2026-09-23T02:00:22.267982Z[0m [32m INFO[0m [2mmoq_test_client::scenarios[0m[2m:[0m Announce active, now sending PUBLISH_NAMESPACE_DONE
[2m2026-09-23T02:00:22.368557Z[0m [32m INFO[0m [2mmoq_test_client::scenarios[0m[2m:[0m PUBLISH_NAMESPACE_DONE sent successfully
ok 6 - publish-namespace-done
  ---
  duration_ms: 2168
  connection_id: 1e50deb957dd4ce90cfdb4febbc89001
  ...
make[1]: Leaving directory '/home/runner/work/moq-interop-runner/moq-interop-runner/main'
