make[1]: Entering directory '/home/runner/work/moq-interop-runner/moq-interop-runner/main'
Running tests against moqt://moqt.nokiaresearch.com:4443/moq...
  Client: ghcr.io/englishm/moq-interop-runner-moq-test-client-draft-18:latest
docker run --rm \
	 \
	--network host \
	-e RELAY_URL=moqt://moqt.nokiaresearch.com:4443/moq \
	-e TLS_DISABLE_VERIFY=false \
	ghcr.io/englishm/moq-interop-runner-moq-test-client-draft-18:latest
TAP version 14
# moq-test-client v0.1.12
# Relay: moqt://moqt.nokiaresearch.com:4443/moq
1..18
[2m2026-09-23T00:48:53.789635Z[0m [32m INFO[0m [2mmoq_native_ietf::quic[0m[2m:[0m UDP socket bound [3mbind[0m[2m=[0m[::]:0 [3mlocal[0m[2m=[0m[::]:46579 [3mdual_stack[0m[2m=[0mtrue
[2m2026-09-23T00:48:54.531296Z[0m [32m INFO[0m [2mmoq_test_client::scenarios[0m[2m:[0m SETUP exchange completed successfully
ok 1 - setup-only
  ---
  duration_ms: 742
  connection_id: 9c7c209d35f36b69bf33f0e057fccf78
  ...
[2m2026-09-23T00:48:54.532051Z[0m [32m INFO[0m [2mmoq_native_ietf::quic[0m[2m:[0m UDP socket bound [3mbind[0m[2m=[0m[::]:0 [3mlocal[0m[2m=[0m[::]:43370 [3mdual_stack[0m[2m=[0mtrue
[2m2026-09-23T00:48:55.612733Z[0m [32m INFO[0m [2mmoq_test_client::scenarios[0m[2m:[0m Sending PUBLISH_NAMESPACE for: moq-test/interop
ok 2 - publish-namespace-only
  ---
  duration_ms: 3082
  connection_id: 6f3124cbbbc7aae0cd3850d1b1437476
  ...
[2m2026-09-23T00:48:57.613484Z[0m [32m INFO[0m [2mmoq_test_client::scenarios[0m[2m:[0m PUBLISH_NAMESPACE succeeded (REQUEST_OK received, waiting for subscribers)
[2m2026-09-23T00:48:57.614198Z[0m [32m INFO[0m [2mmoq_native_ietf::quic[0m[2m:[0m UDP socket bound [3mbind[0m[2m=[0m[::]:0 [3mlocal[0m[2m=[0m[::]:48641 [3mdual_stack[0m[2m=[0mtrue
[2m2026-09-23T00:48:58.421325Z[0m [32m INFO[0m [2mmoq_test_client::scenarios[0m[2m:[0m Subscribing to non-existent track: nonexistent/namespace/test-track
[2m2026-09-23T00:48:58.629346Z[0m [33m WARN[0m [2mmoq_transport::serve::error[0m[2m:[0m [1be2093a-22c7-45a4-badb-7b53fe05eb2b] Not found: Track /nonexistent/namespace/test-track does not exist at moq-transport/src/session/subscriber.rs:1653
[2m2026-09-23T00:48:58.629532Z[0m [32m INFO[0m [2mmoq_test_client::scenarios[0m[2m:[0m Got expected 'not found' error: not found: Track not found [error:1be2093a-22c7-45a4-badb-7b53fe05eb2b]
ok 3 - subscribe-error
  ---
  duration_ms: 1016
  connection_id: 7d36239d4a29967ce2e9f8b839100dea
  ...
[2m2026-09-23T00:48:58.630189Z[0m [32m INFO[0m [2mmoq_native_ietf::quic[0m[2m:[0m UDP socket bound [3mbind[0m[2m=[0m[::]:0 [3mlocal[0m[2m=[0m[::]:58239 [3mdual_stack[0m[2m=[0mtrue
[2m2026-09-23T00:48:59.468283Z[0m [32m INFO[0m [2mmoq_native_ietf::quic[0m[2m:[0m UDP socket bound [3mbind[0m[2m=[0m[::]:0 [3mlocal[0m[2m=[0m[::]:48072 [3mdual_stack[0m[2m=[0mtrue
[2m2026-09-23T00:49:00.821001Z[0m [32m INFO[0m [2mmoq_test_client::scenarios[0m[2m:[0m Publisher sending PUBLISH_NAMESPACE: moq-test/interop
[2m2026-09-23T00:49:00.821031Z[0m [32m INFO[0m [2mmoq_test_client::scenarios[0m[2m:[0m Subscriber subscribing to track: moq-test/interop/test-track
[2m2026-09-23T00:49:01.406537Z[0m [33m WARN[0m [2mmoq_transport::serve::error[0m[2m:[0m [bc6c96d4-1841-4d6e-bdeb-85a147f1f228] Not found: Track /moq-test/interop/test-track does not exist at moq-transport/src/session/subscriber.rs:1653
ok 4 - publish-namespace-subscribe
  ---
  duration_ms: 2777
  publisher_connection_id: 17783d712c60868cbdf1b81ff9a15efe
  subscriber_connection_id: ef2aa576c1b954fbf0ac1192d2217263
  ...
[2m2026-09-23T00:49:01.406820Z[0m [32m INFO[0m [2mmoq_test_client::scenarios[0m[2m:[0m Subscriber got error: not found: Track not found [error:bc6c96d4-1841-4d6e-bdeb-85a147f1f228] - subscription was processed
[2m2026-09-23T00:49:01.407407Z[0m [32m INFO[0m [2mmoq_native_ietf::quic[0m[2m:[0m UDP socket bound [3mbind[0m[2m=[0m[::]:0 [3mlocal[0m[2m=[0m[::]:49995 [3mdual_stack[0m[2m=[0mtrue
[2m2026-09-23T00:49:02.065097Z[0m [32m INFO[0m [2mmoq_test_client::scenarios[0m[2m:[0m Subscriber subscribing BEFORE PUBLISH_NAMESPACE: moq-test/interop/test-track
[2m2026-09-23T00:49:02.267385Z[0m [33m WARN[0m [2mmoq_transport::serve::error[0m[2m:[0m [de90c019-de44-4752-a78a-96931d7be709] Not found: Track /moq-test/interop/test-track does not exist at moq-transport/src/session/subscriber.rs:1653
[2m2026-09-23T00:49:02.566994Z[0m [32m INFO[0m [2mmoq_native_ietf::quic[0m[2m:[0m UDP socket bound [3mbind[0m[2m=[0m[::]:0 [3mlocal[0m[2m=[0m[::]:36544 [3mdual_stack[0m[2m=[0mtrue
[2m2026-09-23T00:49:03.214503Z[0m [32m INFO[0m [2mmoq_test_client::scenarios[0m[2m:[0m Publisher sending PUBLISH_NAMESPACE (after subscriber): moq-test/interop
ok 5 - subscribe-before-publish-namespace
  ---
  duration_ms: 4809
  subscriber_connection_id: f4f1664652a372d2c76b2bd4d675fc04
  publisher_connection_id: 9264d4bd3e865660add963d64c59221a
  ...
[2m2026-09-23T00:49:06.215832Z[0m [32m INFO[0m [2mmoq_test_client::scenarios[0m[2m:[0m Publisher PUBLISH_NAMESPACE timeout (expected)
[2m2026-09-23T00:49:06.215856Z[0m [32m INFO[0m [2mmoq_test_client::scenarios[0m[2m:[0m Subscriber got error: not found: Track not found [error:de90c019-de44-4752-a78a-96931d7be709] (may be expected)
[2m2026-09-23T00:49:06.216523Z[0m [32m INFO[0m [2mmoq_native_ietf::quic[0m[2m:[0m UDP socket bound [3mbind[0m[2m=[0m[::]:0 [3mlocal[0m[2m=[0m[::]:49888 [3mdual_stack[0m[2m=[0mtrue
[2m2026-09-23T00:49:06.911478Z[0m [32m INFO[0m [2mmoq_test_client::scenarios[0m[2m:[0m Sending PUBLISH_NAMESPACE: moq-test/interop
[2m2026-09-23T00:49:08.913349Z[0m [32m INFO[0m [2mmoq_test_client::scenarios[0m[2m:[0m PUBLISH_NAMESPACE active; sending PUBLISH_NAMESPACE_DONE
[2m2026-09-23T00:49:09.015207Z[0m [32m INFO[0m [2mmoq_test_client::scenarios[0m[2m:[0m PUBLISH_NAMESPACE_DONE sent successfully
ok 6 - publish-namespace-done
  ---
  duration_ms: 2799
  connection_id: a29964c9dd4d78078aac50a3a730ce1e
  ...
[2m2026-09-23T00:49:09.015976Z[0m [32m INFO[0m [2mmoq_native_ietf::quic[0m[2m:[0m UDP socket bound [3mbind[0m[2m=[0m[::]:0 [3mlocal[0m[2m=[0m[::]:37759 [3mdual_stack[0m[2m=[0mtrue
[2m2026-09-23T00:49:09.718141Z[0m [32m INFO[0m [2mmoq_test_client::scenarios[0m[2m:[0m Publisher sending direct PUBLISH [3mnamespace[0m[2m=[0m/moq-test/publish [3mtrack[0m[2m=[0m"published-track"
[2m2026-09-23T00:49:09.933507Z[0m [32m INFO[0m [2mmoq_test_client::scenarios[0m[2m:[0m PUBLISH accepted [3mnamespace[0m[2m=[0m/moq-test/publish [3mtrack[0m[2m=[0m"published-track"
ok 7 - publish-track-only
  ---
  duration_ms: 918
  connection_id: bc054ac438a31c43d0397f4b04e79101
  ...
[2m2026-09-23T00:49:09.933869Z[0m [32m INFO[0m [2mmoq_test_client::scenarios[0m[2m:[0m PUBLISH completed [3mnamespace[0m[2m=[0m/moq-test/publish [3mtrack[0m[2m=[0m"published-track"
[2m2026-09-23T00:49:09.934621Z[0m [32m INFO[0m [2mmoq_native_ietf::quic[0m[2m:[0m UDP socket bound [3mbind[0m[2m=[0m[::]:0 [3mlocal[0m[2m=[0m[::]:54110 [3mdual_stack[0m[2m=[0mtrue
[2m2026-09-23T00:49:10.593267Z[0m [32m INFO[0m [2mmoq_native_ietf::quic[0m[2m:[0m UDP socket bound [3mbind[0m[2m=[0m[::]:0 [3mlocal[0m[2m=[0m[::]:40082 [3mdual_stack[0m[2m=[0mtrue
[2m2026-09-23T00:49:11.342457Z[0m [32m INFO[0m [2mmoq_test_client::scenarios[0m[2m:[0m Publisher sending direct PUBLISH before subscriber subscribes [3mnamespace[0m[2m=[0m/moq-test/publish [3mtrack[0m[2m=[0m"published-track"
[2m2026-09-23T00:49:11.549036Z[0m [32m INFO[0m [2mmoq_test_client::scenarios[0m[2m:[0m PUBLISH accepted; starting subscriber [3mnamespace[0m[2m=[0m/moq-test/publish [3mtrack[0m[2m=[0m"published-track"
[2m2026-09-23T00:49:16.859472Z[0m [33m WARN[0m [2mmoq_transport::session::subscriber[0m[2m:[0m PUBLISH_DONE Stream Count was never reached; ending subscription on timer [3mrequest_id[0m[2m=[0m0 [3mtimeout_ms[0m[2m=[0m5000
not ok 8 - publish-track-subscribe
  ---
  duration_ms: 6925
  message: "subscriber track mode failed: closed, code=2"
  ...
[2m2026-09-23T00:49:16.860261Z[0m [32m INFO[0m [2mmoq_native_ietf::quic[0m[2m:[0m UDP socket bound [3mbind[0m[2m=[0m[::]:0 [3mlocal[0m[2m=[0m[::]:54833 [3mdual_stack[0m[2m=[0mtrue
[2m2026-09-23T00:49:17.632142Z[0m [32m INFO[0m [2mmoq_test_client::scenarios[0m[2m:[0m Subscribing with RENDEZVOUS_TIMEOUT to a track with no publisher [3mtimeout_ms[0m[2m=[0m500
ok 9 - rendezvous-timeout
  ---
  duration_ms: 1486
  connection_id: 04e02498cd5a51b77f387e25ce4a1862
  ...
[2m2026-09-23T00:49:18.346000Z[0m [32m INFO[0m [2mmoq_test_client::scenarios[0m[2m:[0m Received expected REQUEST_ERROR TIMEOUT
[2m2026-09-23T00:49:18.346680Z[0m [32m INFO[0m [2mmoq_native_ietf::quic[0m[2m:[0m UDP socket bound [3mbind[0m[2m=[0m[::]:0 [3mlocal[0m[2m=[0m[::]:36246 [3mdual_stack[0m[2m=[0mtrue
[2m2026-09-23T00:49:19.192350Z[0m [32m INFO[0m [2mmoq_native_ietf::quic[0m[2m:[0m UDP socket bound [3mbind[0m[2m=[0m[::]:0 [3mlocal[0m[2m=[0m[::]:36796 [3mdual_stack[0m[2m=[0mtrue
[2m2026-09-23T00:49:20.030951Z[0m [32m INFO[0m [2mmoq_test_client::moqtest[0m[2m:[0m PUBLISH accepted and subscription bound; generating objects [3mobjects[0m[2m=[0m15 [3mstreams[0m[2m=[0m3
[2m2026-09-23T00:49:20.079932Z[0m [32m INFO[0m [2mmoq_test_client::moqtest[0m[2m:[0m PUBLISH completed
ok 10 - moq-test-subgroup-per-group
  ---
  duration_ms: 2120
  subscriber_connection_id: 0ee74c64a3b94cab2d422eedab2bb1ba
  publisher_connection_id: c618fc809dfd91c2696e9b63a496347e
  ...
[2m2026-09-23T00:49:20.466265Z[0m [32m INFO[0m [2mmoq_test_client[0m[2m:[0m moq-test passed: objects 15/15, eog 0/0, streams 3, publish_done status=2 stream_count=3 reason=ReasonPhrase("publish ended")
[2m2026-09-23T00:49:20.466939Z[0m [32m INFO[0m [2mmoq_native_ietf::quic[0m[2m:[0m UDP socket bound [3mbind[0m[2m=[0m[::]:0 [3mlocal[0m[2m=[0m[::]:46482 [3mdual_stack[0m[2m=[0mtrue
[2m2026-09-23T00:49:21.371554Z[0m [32m INFO[0m [2mmoq_native_ietf::quic[0m[2m:[0m UDP socket bound [3mbind[0m[2m=[0m[::]:0 [3mlocal[0m[2m=[0m[::]:48479 [3mdual_stack[0m[2m=[0mtrue
[2m2026-09-23T00:49:23.167248Z[0m [32m INFO[0m [2mmoq_test_client::moqtest[0m[2m:[0m PUBLISH accepted and subscription bound; generating objects [3mobjects[0m[2m=[0m15 [3mstreams[0m[2m=[0m3
[2m2026-09-23T00:49:23.224149Z[0m [32m INFO[0m [2mmoq_test_client::moqtest[0m[2m:[0m PUBLISH completed
[2m2026-09-23T00:49:23.671962Z[0m [32m INFO[0m [2mmoq_test_client[0m[2m:[0m moq-test passed: objects 15/15, eog 3/3, streams 3, publish_done status=2 stream_count=3 reason=ReasonPhrase("publish ended")
ok 11 - moq-test-subgroup-per-group-eog
  ---
  duration_ms: 3205
  subscriber_connection_id: 45c268f4f9e4df66cb98de2bf175ef3e
  publisher_connection_id: b583bee3cbb8bef8c8db1f5140ce9c97
  ...
[2m2026-09-23T00:49:23.672623Z[0m [32m INFO[0m [2mmoq_native_ietf::quic[0m[2m:[0m UDP socket bound [3mbind[0m[2m=[0m[::]:0 [3mlocal[0m[2m=[0m[::]:47614 [3mdual_stack[0m[2m=[0mtrue
[2m2026-09-23T00:49:24.559505Z[0m [32m INFO[0m [2mmoq_native_ietf::quic[0m[2m:[0m UDP socket bound [3mbind[0m[2m=[0m[::]:0 [3mlocal[0m[2m=[0m[::]:38989 [3mdual_stack[0m[2m=[0mtrue
[2m2026-09-23T00:49:25.924386Z[0m [32m INFO[0m [2mmoq_test_client::moqtest[0m[2m:[0m PUBLISH accepted and subscription bound; generating objects [3mobjects[0m[2m=[0m8 [3mstreams[0m[2m=[0m8
[2m2026-09-23T00:49:25.950368Z[0m [32m INFO[0m [2mmoq_test_client::moqtest[0m[2m:[0m PUBLISH completed
[2m2026-09-23T00:49:31.152470Z[0m [33m WARN[0m [2mmoq_transport::session::subscriber[0m[2m:[0m PUBLISH_DONE Stream Count was never reached; ending subscription on timer [3mrequest_id[0m[2m=[0m0 [3mtimeout_ms[0m[2m=[0m5000
not ok 12 - moq-test-subgroup-per-object
  ---
  duration_ms: 7480
  message: "moq-test verification failed: PUBLISH_DONE stream count 4611686018427387903 != expected 8"
  ...
[2m2026-09-23T00:49:31.153412Z[0m [32m INFO[0m [2mmoq_native_ietf::quic[0m[2m:[0m UDP socket bound [3mbind[0m[2m=[0m[::]:0 [3mlocal[0m[2m=[0m[::]:55834 [3mdual_stack[0m[2m=[0mtrue
[2m2026-09-23T00:49:32.050087Z[0m [32m INFO[0m [2mmoq_native_ietf::quic[0m[2m:[0m UDP socket bound [3mbind[0m[2m=[0m[::]:0 [3mlocal[0m[2m=[0m[::]:45060 [3mdual_stack[0m[2m=[0mtrue
[2m2026-09-23T00:49:33.247293Z[0m [32m INFO[0m [2mmoq_test_client::moqtest[0m[2m:[0m PUBLISH accepted and subscription bound; generating objects [3mobjects[0m[2m=[0m18 [3mstreams[0m[2m=[0m6
[2m2026-09-23T00:49:33.315327Z[0m [32m INFO[0m [2mmoq_test_client::moqtest[0m[2m:[0m PUBLISH completed
[2m2026-09-23T00:49:39.473749Z[0m [33m WARN[0m [2mmoq_transport::session::subscriber[0m[2m:[0m PUBLISH_DONE Stream Count was never reached; ending subscription on timer [3mrequest_id[0m[2m=[0m0 [3mtimeout_ms[0m[2m=[0m5000
not ok 13 - moq-test-two-subgroups-eog
  ---
  duration_ms: 8321
  message: "moq-test verification failed: PUBLISH_DONE stream count 4611686018427387903 != expected 6"
  ...
[2m2026-09-23T00:49:39.474687Z[0m [32m INFO[0m [2mmoq_native_ietf::quic[0m[2m:[0m UDP socket bound [3mbind[0m[2m=[0m[::]:0 [3mlocal[0m[2m=[0m[::]:37444 [3mdual_stack[0m[2m=[0mtrue
[2m2026-09-23T00:49:40.378168Z[0m [32m INFO[0m [2mmoq_native_ietf::quic[0m[2m:[0m UDP socket bound [3mbind[0m[2m=[0m[::]:0 [3mlocal[0m[2m=[0m[::]:41756 [3mdual_stack[0m[2m=[0mtrue
[2m2026-09-23T00:49:44.441321Z[0m [32m INFO[0m [2mmoq_test_client::moqtest[0m[2m:[0m PUBLISH accepted and subscription bound; generating objects [3mobjects[0m[2m=[0m15 [3mstreams[0m[2m=[0m0
[2m2026-09-23T00:49:44.761027Z[0m [32m INFO[0m [2mmoq_test_client::moqtest[0m[2m:[0m PUBLISH completed
not ok 14 - moq-test-datagram
  ---
  duration_ms: 5501
  message: "moq-test verification failed: missing 1 objects (first 5): (1, 4)"
  ...
[2m2026-09-23T00:49:44.976284Z[0m [32m INFO[0m [2mmoq_native_ietf::quic[0m[2m:[0m UDP socket bound [3mbind[0m[2m=[0m[::]:0 [3mlocal[0m[2m=[0m[::]:60996 [3mdual_stack[0m[2m=[0mtrue
[2m2026-09-23T00:49:45.850470Z[0m [32m INFO[0m [2mmoq_native_ietf::quic[0m[2m:[0m UDP socket bound [3mbind[0m[2m=[0m[::]:0 [3mlocal[0m[2m=[0m[::]:60825 [3mdual_stack[0m[2m=[0mtrue
[2m2026-09-23T00:49:46.873943Z[0m [32m INFO[0m [2mmoq_test_client::moqtest[0m[2m:[0m PUBLISH accepted and subscription bound; generating objects [3mobjects[0m[2m=[0m15 [3mstreams[0m[2m=[0m0
[2m2026-09-23T00:49:47.252434Z[0m [32m INFO[0m [2mmoq_test_client::moqtest[0m[2m:[0m PUBLISH completed
not ok 15 - moq-test-datagram-eog
  ---
  duration_ms: 2482
  message: "moq-test verification failed: missing 1 objects (first 5): (1, 0); missing EOG marker at (2, 5)"
  ...
[2m2026-09-23T00:49:47.458464Z[0m [32m INFO[0m [2mmoq_native_ietf::quic[0m[2m:[0m UDP socket bound [3mbind[0m[2m=[0m[::]:0 [3mlocal[0m[2m=[0m[::]:33559 [3mdual_stack[0m[2m=[0mtrue
[2m2026-09-23T00:49:48.332487Z[0m [32m INFO[0m [2mmoq_native_ietf::quic[0m[2m:[0m UDP socket bound [3mbind[0m[2m=[0m[::]:0 [3mlocal[0m[2m=[0m[::]:38858 [3mdual_stack[0m[2m=[0mtrue
[2m2026-09-23T00:49:49.253528Z[0m [32m INFO[0m [2mmoq_test_client::moqtest[0m[2m:[0m PUBLISH accepted and subscription bound; generating objects [3mobjects[0m[2m=[0m15 [3mstreams[0m[2m=[0m3
[2m2026-09-23T00:49:49.313351Z[0m [32m INFO[0m [2mmoq_test_client::moqtest[0m[2m:[0m PUBLISH completed
ok 16 - moq-test-extensions
  ---
  duration_ms: 2239
  subscriber_connection_id: 17ca209c8cfca9ceb84e04053d50885f
  publisher_connection_id: efd2fbace7e177186eee41bfc4cdd42e
  ...
[2m2026-09-23T00:49:49.697257Z[0m [32m INFO[0m [2mmoq_test_client[0m[2m:[0m moq-test passed: objects 15/15, eog 3/3, streams 3, publish_done status=2 stream_count=3 reason=ReasonPhrase("publish ended")
[2m2026-09-23T00:49:49.697951Z[0m [32m INFO[0m [2mmoq_native_ietf::quic[0m[2m:[0m UDP socket bound [3mbind[0m[2m=[0m[::]:0 [3mlocal[0m[2m=[0m[::]:53892 [3mdual_stack[0m[2m=[0mtrue
[2m2026-09-23T00:49:50.563171Z[0m [32m INFO[0m [2mmoq_native_ietf::quic[0m[2m:[0m UDP socket bound [3mbind[0m[2m=[0m[::]:0 [3mlocal[0m[2m=[0m[::]:55363 [3mdual_stack[0m[2m=[0mtrue
[2m2026-09-23T00:49:51.422499Z[0m [32m INFO[0m [2mmoq_test_client::moqtest[0m[2m:[0m PUBLISH accepted and subscription bound; generating objects [3mobjects[0m[2m=[0m9 [3mstreams[0m[2m=[0m3
[2m2026-09-23T00:49:51.450670Z[0m [32m INFO[0m [2mmoq_test_client::moqtest[0m[2m:[0m PUBLISH completed
[2m2026-09-23T00:49:51.657940Z[0m [32m INFO[0m [2mmoq_test_client[0m[2m:[0m moq-test passed: objects 9/9, eog 0/0, streams 3, publish_done status=2 stream_count=3 reason=ReasonPhrase("publish ended")
ok 17 - moq-test-increments
  ---
  duration_ms: 1960
  subscriber_connection_id: 2aa86bb4f891105877b10939ba4e2751
  publisher_connection_id: 37e8150be25380840e70ae2f52fa32ec
  ...
[2m2026-09-23T00:49:51.658652Z[0m [32m INFO[0m [2mmoq_native_ietf::quic[0m[2m:[0m UDP socket bound [3mbind[0m[2m=[0m[::]:0 [3mlocal[0m[2m=[0m[::]:52188 [3mdual_stack[0m[2m=[0mtrue
[2m2026-09-23T00:49:52.628751Z[0m [32m INFO[0m [2mmoq_native_ietf::quic[0m[2m:[0m UDP socket bound [3mbind[0m[2m=[0m[::]:0 [3mlocal[0m[2m=[0m[::]:60783 [3mdual_stack[0m[2m=[0mtrue
[2m2026-09-23T00:49:53.493637Z[0m [32m INFO[0m [2mmoq_test_client::moqtest[0m[2m:[0m PUBLISH accepted and subscription bound; generating objects [3mobjects[0m[2m=[0m6 [3mstreams[0m[2m=[0m2
[2m2026-09-23T00:49:53.513282Z[0m [32m INFO[0m [2mmoq_test_client::moqtest[0m[2m:[0m PUBLISH completed
not ok 18 - moq-test-forward-zero
  ---
  duration_ms: 7067
  message: "moq-test verification failed: PUBLISH_DONE stream count 2 != expected 0"
  ...
[2m2026-09-23T00:49:58.725357Z[0m [33m WARN[0m [2mmoq_transport::session::subscriber[0m[2m:[0m PUBLISH_DONE Stream Count was never reached; ending subscription on timer [3mrequest_id[0m[2m=[0m0 [3mtimeout_ms[0m[2m=[0m5000
make[1]: *** [Makefile:122: test-external] Error 1
make[1]: Leaving directory '/home/runner/work/moq-interop-runner/moq-interop-runner/main'
