make[1]: Entering directory '/home/runner/work/moq-interop-runner/moq-interop-runner/main'
Running tests against moqt://moqt.nokiaresearch.com:4443/moq...
  Client: ghcr.io/facebookexperimental/moxygen-interop-client:latest-amd64
docker run --rm \
	 \
	--network host \
	-e RELAY_URL=moqt://moqt.nokiaresearch.com:4443/moq \
	-e TLS_DISABLE_VERIFY=false \
	ghcr.io/facebookexperimental/moxygen-interop-client:latest-amd64
TAP version 14
# moxygen interop test client
# Relay: moqt://moqt.nokiaresearch.com:4443/moq
# Transport: QUIC
# Offered ALPNs: moqt-18, moqt-16, moqt-15, moq-00
1..6
ok 1 - setup-only
  ---
  duration_ms: 631
  negotiated_version: draft-18
  info: SETUP exchange completed successfully
  ...
E0923 01:07:27.644129     1 MoQRelaySession.cpp:1116] PublishNamespaceDone for unknown publishNamespace, sess=0x562c9fdc34d0
ok 2 - announce-only
  ---
  duration_ms: 749
  negotiated_version: draft-18
  info: PUBLISH_NAMESPACE completed successfully
  ...
ok 3 - subscribe-error
  ---
  duration_ms: 847
  negotiated_version: draft-18
  info: Subscribe correctly returned error: Track /nonexistent/no-such-track does not exist
  ...
ok 4 - announce-subscribe
E0923 01:07:30.425763     1 MoQSession.cpp:6360] publishDone for invalid id=1 sess=0x562c9fd71810
  ---
  duration_ms: 1934
  negotiated_version: draft-18
  info: Publisher announced, subscriber subscribed successfully
  ...
ok 5 - publish-namespace-done
  ---
  duration_ms: 774
  negotiated_version: draft-18
  info: PUBLISH_NAMESPACE_OK received, PUBLISH_NAMESPACE_DONE sent
  ...
ok 6 - subscribe-before-announce
  ---
  duration_ms: 2179
  negotiated_version: draft-18
  info: Subscribe returned error (relay doesn't buffer pending subscriptions): Track /moq-test/interop/test-track does not exist
  ...
E20260923 01:07:34.380044     1 EventHandler.cpp:95] EventBase: failed to register event handler for fd 9: No such file or directory
E20260923 01:07:34.381991     1 EventHandler.cpp:95] EventBase: failed to register event handler for fd 11: No such file or directory
make[1]: Leaving directory '/home/runner/work/moq-interop-runner/moq-interop-runner/main'
