make[1]: Entering directory '/home/runner/work/moq-interop-runner/moq-interop-runner/main'
Running tests against moqt://moqx-main.ci.openmoq.org:4433...
  Client: ghcr.io/endel/quic-zig-moq-client:latest
docker run --rm \
	 \
	--network host \
	-e RELAY_URL=moqt://moqx-main.ci.openmoq.org:4433 \
	-e TLS_DISABLE_VERIFY=false \
	ghcr.io/endel/quic-zig-moq-client:latest
TAP version 14
# moq-test-client v0.3.0
# Relay: moqt://moqx-main.ci.openmoq.org:4433
# Draft: draft-18
1..7
ok 1 - setup-only
  ---
  duration_ms: 21
  implementation_version: "quic-zig/0.3.0"
  sessions:
    client:
      moqt_version: "moqt-18"
      transport: "quic"
  ...
ok 2 - announce-only
  ---
  duration_ms: 41
  implementation_version: "quic-zig/0.3.0"
  sessions:
    client:
      moqt_version: "moqt-18"
      transport: "quic"
  ...
ok 3 - publish-namespace-done
  ---
  duration_ms: 37
  implementation_version: "quic-zig/0.3.0"
  sessions:
    client:
      moqt_version: "moqt-18"
      transport: "quic"
  ...
ok 4 - subscribe-error
  ---
  duration_ms: 61
  implementation_version: "quic-zig/0.3.0"
  sessions:
    client:
      moqt_version: "moqt-18"
      transport: "quic"
  ...
not ok 5 - rendezvous-timeout
  ---
  duration_ms: 39
  message: "REQUEST_ERROR code=16, expected TIMEOUT (2)"
  implementation_version: "quic-zig/0.3.0"
  sessions:
    client:
      moqt_version: "moqt-18"
      transport: "quic"
  ...
ok 6 - announce-subscribe
  ---
  duration_ms: 69
  implementation_version: "quic-zig/0.3.0"
  sessions:
    client:
      moqt_version: "moqt-18"
      transport: "quic"
  ...
ok 7 - subscribe-before-announce
  ---
  duration_ms: 33
  message: "rejected pending subscription (allowed)"
  implementation_version: "quic-zig/0.3.0"
  sessions:
    client:
      moqt_version: "moqt-18"
      transport: "quic"
  ...
make[1]: *** [Makefile:122: test-external] Error 1
make[1]: Leaving directory '/home/runner/work/moq-interop-runner/moq-interop-runner/main'
