make[1]: Entering directory '/home/runner/work/moq-interop-runner/moq-interop-runner/main'
Running tests against moqt://moqt.nokiaresearch.com:4443/moq...
  Client: ghcr.io/englishm/moq-interop-runner-moq-test-client-draft-18:latest
docker run --rm \
	 \
	--network host \
	-e RELAY_URL=moqt://moqt.nokiaresearch.com:4443/moq \
	-e TLS_DISABLE_VERIFY=false \
	ghcr.io/englishm/moq-interop-runner-moq-test-client-draft-18:latest
TAP version 14
# moq-test-client v0.1.12
# Relay: moqt://moqt.nokiaresearch.com:4443/moq
1..9
[2m2026-09-11T00:47:58.590760Z[0m [32m INFO[0m [2mmoq_native_ietf::quic[0m[2m:[0m UDP socket bound [3mbind[0m[2m=[0m[::]:0 [3mlocal[0m[2m=[0m[::]:57902 [3mdual_stack[0m[2m=[0mtrue
[2m2026-09-11T00:47:59.037112Z[0m [32m INFO[0m [2mmoq_test_client::scenarios[0m[2m:[0m SETUP exchange completed successfully
ok 1 - setup-only
  ---
  duration_ms: 447
  connection_id: 358a9848a246e1be820069a53c061422
  ...
[2m2026-09-11T00:47:59.037819Z[0m [32m INFO[0m [2mmoq_native_ietf::quic[0m[2m:[0m UDP socket bound [3mbind[0m[2m=[0m[::]:0 [3mlocal[0m[2m=[0m[::]:37522 [3mdual_stack[0m[2m=[0mtrue
[2m2026-09-11T00:47:59.551125Z[0m [32m INFO[0m [2mmoq_test_client::scenarios[0m[2m:[0m Sending PUBLISH_NAMESPACE for: moq-test/interop
[2m2026-09-11T00:48:01.553314Z[0m [32m INFO[0m [2mmoq_test_client::scenarios[0m[2m:[0m PUBLISH_NAMESPACE succeeded (REQUEST_OK received, waiting for subscribers)
ok 2 - publish-namespace-only
  ---
  duration_ms: 2516
  connection_id: a320c66644357024951b53b2e7989a94
  ...
[2m2026-09-11T00:48:01.554031Z[0m [32m INFO[0m [2mmoq_native_ietf::quic[0m[2m:[0m UDP socket bound [3mbind[0m[2m=[0m[::]:0 [3mlocal[0m[2m=[0m[::]:39796 [3mdual_stack[0m[2m=[0mtrue
[2m2026-09-11T00:48:01.965247Z[0m [32m INFO[0m [2mmoq_test_client::scenarios[0m[2m:[0m Subscribing to non-existent track: nonexistent/namespace/test-track
[2m2026-09-11T00:48:02.095147Z[0m [33m WARN[0m [2mmoq_transport::serve::error[0m[2m:[0m [dae07fa2-3287-4925-affd-bf39dd6989b4] Not found: Track /nonexistent/namespace/test-track does not exist at moq-transport/src/session/subscriber.rs:1653
[2m2026-09-11T00:48:02.095364Z[0m [32m INFO[0m [2mmoq_test_client::scenarios[0m[2m:[0m Got expected 'not found' error: not found: Track not found [error:dae07fa2-3287-4925-affd-bf39dd6989b4]
ok 3 - subscribe-error
  ---
  duration_ms: 542
  connection_id: 96131ad8168e4c3b75510538dceb0b50
  ...
[2m2026-09-11T00:48:02.096064Z[0m [32m INFO[0m [2mmoq_native_ietf::quic[0m[2m:[0m UDP socket bound [3mbind[0m[2m=[0m[::]:0 [3mlocal[0m[2m=[0m[::]:40141 [3mdual_stack[0m[2m=[0mtrue
[2m2026-09-11T00:48:02.486388Z[0m [32m INFO[0m [2mmoq_native_ietf::quic[0m[2m:[0m UDP socket bound [3mbind[0m[2m=[0m[::]:0 [3mlocal[0m[2m=[0m[::]:40666 [3mdual_stack[0m[2m=[0mtrue
[2m2026-09-11T00:48:02.954439Z[0m [32m INFO[0m [2mmoq_test_client::scenarios[0m[2m:[0m Publisher sending PUBLISH_NAMESPACE: moq-test/interop
[2m2026-09-11T00:48:02.954471Z[0m [32m INFO[0m [2mmoq_test_client::scenarios[0m[2m:[0m Subscriber subscribing to track: moq-test/interop/test-track
[2m2026-09-11T00:48:05.955777Z[0m [32m INFO[0m [2mmoq_test_client::scenarios[0m[2m:[0m Test timeout reached - subscription routing may still be in progress
ok 4 - publish-namespace-subscribe
  ---
  duration_ms: 3860
  publisher_connection_id: 48582c7e043eb0a23f2883ffd8d4c2c8
  subscriber_connection_id: 1c6dc9967d7cf67e14b15b3225938d7d
  ...
[2m2026-09-11T00:48:05.956670Z[0m [32m INFO[0m [2mmoq_native_ietf::quic[0m[2m:[0m UDP socket bound [3mbind[0m[2m=[0m[::]:0 [3mlocal[0m[2m=[0m[::]:55430 [3mdual_stack[0m[2m=[0mtrue
[2m2026-09-11T00:48:06.335908Z[0m [32m INFO[0m [2mmoq_test_client::scenarios[0m[2m:[0m Subscriber subscribing BEFORE PUBLISH_NAMESPACE: moq-test/interop/test-track
[2m2026-09-11T00:48:06.458647Z[0m [33m WARN[0m [2mmoq_transport::serve::error[0m[2m:[0m [1da54b93-3b6d-4e3e-87b8-59485ae8a262] Not found: Track /moq-test/interop/test-track does not exist at moq-transport/src/session/subscriber.rs:1653
[2m2026-09-11T00:48:06.837389Z[0m [32m INFO[0m [2mmoq_native_ietf::quic[0m[2m:[0m UDP socket bound [3mbind[0m[2m=[0m[::]:0 [3mlocal[0m[2m=[0m[::]:58668 [3mdual_stack[0m[2m=[0mtrue
[2m2026-09-11T00:48:07.248408Z[0m [32m INFO[0m [2mmoq_test_client::scenarios[0m[2m:[0m Publisher sending PUBLISH_NAMESPACE (after subscriber): moq-test/interop
ok 5 - subscribe-before-publish-namespace
  ---
  duration_ms: 4293
  subscriber_connection_id: 886ba4949068e12334e917df305a0f6f
  publisher_connection_id: 91078a8105ea76ba3a782cb05d2b22b4
  ...
[2m2026-09-11T00:48:10.249628Z[0m [32m INFO[0m [2mmoq_test_client::scenarios[0m[2m:[0m Publisher PUBLISH_NAMESPACE timeout (expected)
[2m2026-09-11T00:48:10.249663Z[0m [32m INFO[0m [2mmoq_test_client::scenarios[0m[2m:[0m Subscriber got error: not found: Track not found [error:1da54b93-3b6d-4e3e-87b8-59485ae8a262] (may be expected)
[2m2026-09-11T00:48:10.250305Z[0m [32m INFO[0m [2mmoq_native_ietf::quic[0m[2m:[0m UDP socket bound [3mbind[0m[2m=[0m[::]:0 [3mlocal[0m[2m=[0m[::]:40397 [3mdual_stack[0m[2m=[0mtrue
[2m2026-09-11T00:48:10.705420Z[0m [32m INFO[0m [2mmoq_test_client::scenarios[0m[2m:[0m Sending PUBLISH_NAMESPACE: moq-test/interop
[2m2026-09-11T00:48:12.706783Z[0m [32m INFO[0m [2mmoq_test_client::scenarios[0m[2m:[0m PUBLISH_NAMESPACE active; sending PUBLISH_NAMESPACE_DONE
ok 6 - publish-namespace-done
  ---
  duration_ms: 2557
  connection_id: 95b0051337b5cb5d688d18cfeb4a8aa8
  ...
[2m2026-09-11T00:48:12.807265Z[0m [32m INFO[0m [2mmoq_test_client::scenarios[0m[2m:[0m PUBLISH_NAMESPACE_DONE sent successfully
[2m2026-09-11T00:48:12.808024Z[0m [32m INFO[0m [2mmoq_native_ietf::quic[0m[2m:[0m UDP socket bound [3mbind[0m[2m=[0m[::]:0 [3mlocal[0m[2m=[0m[::]:59985 [3mdual_stack[0m[2m=[0mtrue
[2m2026-09-11T00:48:13.209148Z[0m [32m INFO[0m [2mmoq_test_client::scenarios[0m[2m:[0m Publisher sending direct PUBLISH [3mnamespace[0m[2m=[0m/moq-test/publish [3mtrack[0m[2m=[0m"published-track"
[2m2026-09-11T00:48:13.338960Z[0m [32m INFO[0m [2mmoq_test_client::scenarios[0m[2m:[0m PUBLISH accepted [3mnamespace[0m[2m=[0m/moq-test/publish [3mtrack[0m[2m=[0m"published-track"
[2m2026-09-11T00:48:13.339214Z[0m [32m INFO[0m [2mmoq_test_client::scenarios[0m[2m:[0m PUBLISH completed [3mnamespace[0m[2m=[0m/moq-test/publish [3mtrack[0m[2m=[0m"published-track"
ok 7 - publish-track-only
  ---
  duration_ms: 531
  connection_id: a9bc959c6518ff38931a106350b8a65b
  ...
[2m2026-09-11T00:48:13.339931Z[0m [32m INFO[0m [2mmoq_native_ietf::quic[0m[2m:[0m UDP socket bound [3mbind[0m[2m=[0m[::]:0 [3mlocal[0m[2m=[0m[::]:33666 [3mdual_stack[0m[2m=[0mtrue
[2m2026-09-11T00:48:13.736708Z[0m [32m INFO[0m [2mmoq_native_ietf::quic[0m[2m:[0m UDP socket bound [3mbind[0m[2m=[0m[::]:0 [3mlocal[0m[2m=[0m[::]:44403 [3mdual_stack[0m[2m=[0mtrue
[2m2026-09-11T00:48:14.135589Z[0m [32m INFO[0m [2mmoq_test_client::scenarios[0m[2m:[0m Publisher sending direct PUBLISH before subscriber subscribes [3mnamespace[0m[2m=[0m/moq-test/publish [3mtrack[0m[2m=[0m"published-track"
[2m2026-09-11T00:48:14.265783Z[0m [32m INFO[0m [2mmoq_test_client::scenarios[0m[2m:[0m PUBLISH accepted; starting subscriber [3mnamespace[0m[2m=[0m/moq-test/publish [3mtrack[0m[2m=[0m"published-track"
[2m2026-09-11T00:48:19.497804Z[0m [33m WARN[0m [2mmoq_transport::session::subscriber[0m[2m:[0m PUBLISH_DONE Stream Count was never reached; ending subscription on timer [3mrequest_id[0m[2m=[0m0 [3mtimeout_ms[0m[2m=[0m5000
not ok 8 - publish-track-subscribe
  ---
  duration_ms: 6158
  message: "subscriber track mode failed: closed, code=2"
  ...
[2m2026-09-11T00:48:19.498720Z[0m [32m INFO[0m [2mmoq_native_ietf::quic[0m[2m:[0m UDP socket bound [3mbind[0m[2m=[0m[::]:0 [3mlocal[0m[2m=[0m[::]:55047 [3mdual_stack[0m[2m=[0mtrue
[2m2026-09-11T00:48:19.940092Z[0m [32m INFO[0m [2mmoq_test_client::scenarios[0m[2m:[0m Subscribing with RENDEZVOUS_TIMEOUT to a track with no publisher [3mtimeout_ms[0m[2m=[0m500
[2m2026-09-11T00:48:20.571103Z[0m [32m INFO[0m [2mmoq_test_client::scenarios[0m[2m:[0m Received expected REQUEST_ERROR TIMEOUT
ok 9 - rendezvous-timeout
  ---
  duration_ms: 1073
  connection_id: e1b56cad508cd1784b21eb42a0aa54ba
  ...
make[1]: *** [Makefile:122: test-external] Error 1
make[1]: Leaving directory '/home/runner/work/moq-interop-runner/moq-interop-runner/main'
