make[1]: Entering directory '/home/runner/work/moq-interop-runner/moq-interop-runner/main'
Running tests against moqt://fb.mvfst.net:9448...
  Client: ghcr.io/englishm/moq-interop-runner-moq-test-client-draft-18:latest
docker run --rm \
	 \
	--network host \
	-e RELAY_URL=moqt://fb.mvfst.net:9448 \
	-e TLS_DISABLE_VERIFY=1 \
	ghcr.io/englishm/moq-interop-runner-moq-test-client-draft-18:latest
TAP version 14
# moq-test-client v0.1.12
# Relay: moqt://fb.mvfst.net:9448
1..9
[2m2026-09-11T00:49:36.379478Z[0m [32m INFO[0m [2mmoq_native_ietf::quic[0m[2m:[0m UDP socket bound [3mbind[0m[2m=[0m[::]:0 [3mlocal[0m[2m=[0m[::]:51674 [3mdual_stack[0m[2m=[0mtrue
[2m2026-09-11T00:49:36.549811Z[0m [32m INFO[0m [2mmoq_test_client::scenarios[0m[2m:[0m SETUP exchange completed successfully
ok 1 - setup-only
  ---
  duration_ms: 171
  connection_id: 2a1138a8eef2f64c909b8e3a409c53d3
  ...
[2m2026-09-11T00:49:36.550583Z[0m [32m INFO[0m [2mmoq_native_ietf::quic[0m[2m:[0m UDP socket bound [3mbind[0m[2m=[0m[::]:0 [3mlocal[0m[2m=[0m[::]:57758 [3mdual_stack[0m[2m=[0mtrue
[2m2026-09-11T00:49:36.653546Z[0m [32m INFO[0m [2mmoq_test_client::scenarios[0m[2m:[0m Sending PUBLISH_NAMESPACE for: moq-test/interop
ok 2 - publish-namespace-only
  ---
  duration_ms: 2104
  connection_id: eedbbc06bbc2a3a614769b30bc318797
  ...
[2m2026-09-11T00:49:38.654632Z[0m [32m INFO[0m [2mmoq_test_client::scenarios[0m[2m:[0m PUBLISH_NAMESPACE succeeded (REQUEST_OK received, waiting for subscribers)
[2m2026-09-11T00:49:38.655332Z[0m [32m INFO[0m [2mmoq_native_ietf::quic[0m[2m:[0m UDP socket bound [3mbind[0m[2m=[0m[::]:0 [3mlocal[0m[2m=[0m[::]:38844 [3mdual_stack[0m[2m=[0mtrue
[2m2026-09-11T00:49:38.761615Z[0m [32m INFO[0m [2mmoq_test_client::scenarios[0m[2m:[0m Subscribing to non-existent track: nonexistent/namespace/test-track
[2m2026-09-11T00:49:38.792949Z[0m [33m WARN[0m [2mmoq_transport::serve::error[0m[2m:[0m [1fd14687-2578-47d7-96e3-3bd6edafc08a] Not found: no such namespace or track at moq-transport/src/session/subscriber.rs:1653
[2m2026-09-11T00:49:38.793124Z[0m [32m INFO[0m [2mmoq_test_client::scenarios[0m[2m:[0m Got expected 'not found' error: not found: Track not found [error:1fd14687-2578-47d7-96e3-3bd6edafc08a]
ok 3 - subscribe-error
  ---
  duration_ms: 138
  connection_id: 5600436e7fc2f7f9a64ec5a0b7139941
  ...
[2m2026-09-11T00:49:38.793900Z[0m [32m INFO[0m [2mmoq_native_ietf::quic[0m[2m:[0m UDP socket bound [3mbind[0m[2m=[0m[::]:0 [3mlocal[0m[2m=[0m[::]:57436 [3mdual_stack[0m[2m=[0mtrue
[2m2026-09-11T00:49:38.904506Z[0m [32m INFO[0m [2mmoq_native_ietf::quic[0m[2m:[0m UDP socket bound [3mbind[0m[2m=[0m[::]:0 [3mlocal[0m[2m=[0m[::]:58399 [3mdual_stack[0m[2m=[0mtrue
[2m2026-09-11T00:49:38.945089Z[0m [32m INFO[0m [2mmoq_test_client::scenarios[0m[2m:[0m Publisher sending PUBLISH_NAMESPACE: moq-test/interop
[2m2026-09-11T00:49:38.945108Z[0m [32m INFO[0m [2mmoq_test_client::scenarios[0m[2m:[0m Subscriber subscribing to track: moq-test/interop/test-track
[2m2026-09-11T00:49:38.981231Z[0m [33m WARN[0m [2mmoq_transport::serve::error[0m[2m:[0m [d81dee44-ac22-4e60-be3d-aa049bae9793] Not found: no such namespace or track at moq-transport/src/session/subscriber.rs:1653
[2m2026-09-11T00:49:38.981459Z[0m [32m INFO[0m [2mmoq_test_client::scenarios[0m[2m:[0m Subscriber got error: not found: Track not found [error:d81dee44-ac22-4e60-be3d-aa049bae9793] - subscription was processed
ok 4 - publish-namespace-subscribe
  ---
  duration_ms: 188
  publisher_connection_id: 9d0b69a01c4edcdbcb4820f53a0bdde7
  subscriber_connection_id: f95baf3d7e43be5080b39053a3e2f889
  ...
[2m2026-09-11T00:49:38.982141Z[0m [32m INFO[0m [2mmoq_native_ietf::quic[0m[2m:[0m UDP socket bound [3mbind[0m[2m=[0m[::]:0 [3mlocal[0m[2m=[0m[::]:34889 [3mdual_stack[0m[2m=[0mtrue
[2m2026-09-11T00:49:39.075834Z[0m [32m INFO[0m [2mmoq_test_client::scenarios[0m[2m:[0m Subscriber subscribing BEFORE PUBLISH_NAMESPACE: moq-test/interop/test-track
[2m2026-09-11T00:49:39.114132Z[0m [33m WARN[0m [2mmoq_transport::serve::error[0m[2m:[0m [b551b0ca-30cd-41e5-96ee-942b8bd3cb47] Not found: no such namespace or track at moq-transport/src/session/subscriber.rs:1653
[2m2026-09-11T00:49:39.578009Z[0m [32m INFO[0m [2mmoq_native_ietf::quic[0m[2m:[0m UDP socket bound [3mbind[0m[2m=[0m[::]:0 [3mlocal[0m[2m=[0m[::]:51859 [3mdual_stack[0m[2m=[0mtrue
[2m2026-09-11T00:49:39.653078Z[0m [32m INFO[0m [2mmoq_test_client::scenarios[0m[2m:[0m Publisher sending PUBLISH_NAMESPACE (after subscriber): moq-test/interop
[2m2026-09-11T00:49:42.654097Z[0m [32m INFO[0m [2mmoq_test_client::scenarios[0m[2m:[0m Publisher PUBLISH_NAMESPACE timeout (expected)
[2m2026-09-11T00:49:42.654131Z[0m [32m INFO[0m [2mmoq_test_client::scenarios[0m[2m:[0m Subscriber got error: not found: Track not found [error:b551b0ca-30cd-41e5-96ee-942b8bd3cb47] (may be expected)
ok 5 - subscribe-before-publish-namespace
  ---
  duration_ms: 3672
  subscriber_connection_id: 3e6168871c003a5bd9feeb7efade5546
  publisher_connection_id: 002f575962417e1972d7665e2d523ba8
  ...
[2m2026-09-11T00:49:42.655016Z[0m [32m INFO[0m [2mmoq_native_ietf::quic[0m[2m:[0m UDP socket bound [3mbind[0m[2m=[0m[::]:0 [3mlocal[0m[2m=[0m[::]:60937 [3mdual_stack[0m[2m=[0mtrue
[2m2026-09-11T00:49:42.848771Z[0m [32m INFO[0m [2mmoq_test_client::scenarios[0m[2m:[0m Sending PUBLISH_NAMESPACE: moq-test/interop
[2m2026-09-11T00:49:44.850820Z[0m [32m INFO[0m [2mmoq_test_client::scenarios[0m[2m:[0m PUBLISH_NAMESPACE active; sending PUBLISH_NAMESPACE_DONE
[2m2026-09-11T00:49:44.952139Z[0m [32m INFO[0m [2mmoq_test_client::scenarios[0m[2m:[0m PUBLISH_NAMESPACE_DONE sent successfully
ok 6 - publish-namespace-done
  ---
  duration_ms: 2297
  connection_id: 42e1f1eff424b555b437a761e43bd1ff
  ...
[2m2026-09-11T00:49:44.952943Z[0m [32m INFO[0m [2mmoq_native_ietf::quic[0m[2m:[0m UDP socket bound [3mbind[0m[2m=[0m[::]:0 [3mlocal[0m[2m=[0m[::]:46459 [3mdual_stack[0m[2m=[0mtrue
[2m2026-09-11T00:49:45.001585Z[0m [32m INFO[0m [2mmoq_test_client::scenarios[0m[2m:[0m Publisher sending direct PUBLISH [3mnamespace[0m[2m=[0m/moq-test/publish [3mtrack[0m[2m=[0m"published-track"
[2m2026-09-11T00:49:45.041994Z[0m [32m INFO[0m [2mmoq_test_client::scenarios[0m[2m:[0m PUBLISH accepted [3mnamespace[0m[2m=[0m/moq-test/publish [3mtrack[0m[2m=[0m"published-track"
[2m2026-09-11T00:49:45.042081Z[0m [32m INFO[0m [2mmoq_test_client::scenarios[0m[2m:[0m PUBLISH completed [3mnamespace[0m[2m=[0m/moq-test/publish [3mtrack[0m[2m=[0m"published-track"
ok 7 - publish-track-only
  ---
  duration_ms: 89
  connection_id: 27b0344f5f1c0add632fe3792d30b6cb
  ...
[2m2026-09-11T00:49:45.042761Z[0m [32m INFO[0m [2mmoq_native_ietf::quic[0m[2m:[0m UDP socket bound [3mbind[0m[2m=[0m[::]:0 [3mlocal[0m[2m=[0m[::]:54758 [3mdual_stack[0m[2m=[0mtrue
[2m2026-09-11T00:49:45.106692Z[0m [32m INFO[0m [2mmoq_native_ietf::quic[0m[2m:[0m UDP socket bound [3mbind[0m[2m=[0m[::]:0 [3mlocal[0m[2m=[0m[::]:49989 [3mdual_stack[0m[2m=[0mtrue
[2m2026-09-11T00:49:45.153185Z[0m [32m INFO[0m [2mmoq_test_client::scenarios[0m[2m:[0m Publisher sending direct PUBLISH before subscriber subscribes [3mnamespace[0m[2m=[0m/moq-test/publish [3mtrack[0m[2m=[0m"published-track"
[2m2026-09-11T00:49:45.191491Z[0m [32m INFO[0m [2mmoq_test_client::scenarios[0m[2m:[0m PUBLISH accepted; starting subscriber [3mnamespace[0m[2m=[0m/moq-test/publish [3mtrack[0m[2m=[0m"published-track"
[2m2026-09-11T00:49:45.225859Z[0m [33m WARN[0m [2mmoq_transport::session[0m[2m:[0m unexpected bidi response message type [3mmsg_type[0m[2m=[0m2
[2m2026-09-11T00:49:45.225874Z[0m [33m WARN[0m [2mmoq_transport::serve::error[0m[2m:[0m [3cc969a2-dadb-4663-b2b7-c30ebfa3ebbb] Not implemented: bidi response type 0x2 at moq-transport/src/session/error.rs:89
not ok 8 - publish-track-subscribe
  ---
  duration_ms: 250
  message: "failed serving PUBLISH track: serve error: cancelled: cancelled"
  ...
[2m2026-09-11T00:49:45.293511Z[0m [32m INFO[0m [2mmoq_native_ietf::quic[0m[2m:[0m UDP socket bound [3mbind[0m[2m=[0m[::]:0 [3mlocal[0m[2m=[0m[::]:48868 [3mdual_stack[0m[2m=[0mtrue
[2m2026-09-11T00:49:45.339554Z[0m [32m INFO[0m [2mmoq_test_client::scenarios[0m[2m:[0m Subscribing with RENDEZVOUS_TIMEOUT to a track with no publisher [3mtimeout_ms[0m[2m=[0m500
ok 9 - rendezvous-timeout
  ---
  duration_ms: 582
  connection_id: 94feb664d459868c7a8fdc0b96f9ebf3
  ...
[2m2026-09-11T00:49:45.874904Z[0m [32m INFO[0m [2mmoq_test_client::scenarios[0m[2m:[0m Received expected REQUEST_ERROR TIMEOUT
make[1]: *** [Makefile:122: test-external] Error 1
make[1]: Leaving directory '/home/runner/work/moq-interop-runner/moq-interop-runner/main'
