make[1]: Entering directory '/home/runner/work/moq-interop-runner/moq-interop-runner/main'
Running tests against https://fb.mvfst.net:9448/moq-relay...
  Client: ghcr.io/englishm/moq-interop-runner-moq-test-client-draft-18:latest
docker run --rm \
	 \
	--network host \
	-e RELAY_URL=https://fb.mvfst.net:9448/moq-relay \
	-e TLS_DISABLE_VERIFY=1 \
	ghcr.io/englishm/moq-interop-runner-moq-test-client-draft-18:latest
TAP version 14
# moq-test-client v0.1.12
# Relay: https://fb.mvfst.net:9448/moq-relay
1..9
[2m2026-09-11T00:49:26.102594Z[0m [32m INFO[0m [2mmoq_native_ietf::quic[0m[2m:[0m UDP socket bound [3mbind[0m[2m=[0m[::]:0 [3mlocal[0m[2m=[0m[::]:41929 [3mdual_stack[0m[2m=[0mtrue
[2m2026-09-11T00:49:26.246061Z[0m [32m INFO[0m [2mmoq_test_client::scenarios[0m[2m:[0m SETUP exchange completed successfully
ok 1 - setup-only
  ---
  duration_ms: 144
  connection_id: 64a3b4caa4926012f0d52d50a65af7cd
  ...
[2m2026-09-11T00:49:26.246832Z[0m [32m INFO[0m [2mmoq_native_ietf::quic[0m[2m:[0m UDP socket bound [3mbind[0m[2m=[0m[::]:0 [3mlocal[0m[2m=[0m[::]:36736 [3mdual_stack[0m[2m=[0mtrue
[2m2026-09-11T00:49:26.274022Z[0m [33m WARN[0m [2mweb_transport_quinn::session[0m[2m:[0m failed to read capsule [3me[0m[2m=[0mUnexpectedEnd
[2m2026-09-11T00:49:26.350916Z[0m [32m INFO[0m [2mmoq_test_client::scenarios[0m[2m:[0m Sending PUBLISH_NAMESPACE for: moq-test/interop
ok 2 - publish-namespace-only
  ---
  duration_ms: 2106
  connection_id: b68ab0953e2c894cb6ba9323edf0e3c0
  ...
[2m2026-09-11T00:49:28.352708Z[0m [32m INFO[0m [2mmoq_test_client::scenarios[0m[2m:[0m PUBLISH_NAMESPACE succeeded (REQUEST_OK received, waiting for subscribers)
[2m2026-09-11T00:49:28.353512Z[0m [32m INFO[0m [2mmoq_native_ietf::quic[0m[2m:[0m UDP socket bound [3mbind[0m[2m=[0m[::]:0 [3mlocal[0m[2m=[0m[::]:53989 [3mdual_stack[0m[2m=[0mtrue
[2m2026-09-11T00:49:28.380790Z[0m [33m WARN[0m [2mweb_transport_quinn::session[0m[2m:[0m failed to read capsule [3me[0m[2m=[0mUnexpectedEnd
[2m2026-09-11T00:49:28.503033Z[0m [32m INFO[0m [2mmoq_test_client::scenarios[0m[2m:[0m Subscribing to non-existent track: nonexistent/namespace/test-track
[2m2026-09-11T00:49:28.533901Z[0m [33m WARN[0m [2mmoq_transport::serve::error[0m[2m:[0m [50f91338-96ca-4cae-85a0-97c6741e5fee] Not found: no such namespace or track at moq-transport/src/session/subscriber.rs:1653
[2m2026-09-11T00:49:28.534076Z[0m [32m INFO[0m [2mmoq_test_client::scenarios[0m[2m:[0m Got expected 'not found' error: not found: Track not found [error:50f91338-96ca-4cae-85a0-97c6741e5fee]
ok 3 - subscribe-error
  ---
  duration_ms: 181
  connection_id: 4793e6f5af35b41d0978cf7a57b660c3
  ...
[2m2026-09-11T00:49:28.534735Z[0m [32m INFO[0m [2mmoq_native_ietf::quic[0m[2m:[0m UDP socket bound [3mbind[0m[2m=[0m[::]:0 [3mlocal[0m[2m=[0m[::]:53182 [3mdual_stack[0m[2m=[0mtrue
[2m2026-09-11T00:49:28.563278Z[0m [33m WARN[0m [2mweb_transport_quinn::session[0m[2m:[0m failed to read capsule [3me[0m[2m=[0mUnexpectedEnd
[2m2026-09-11T00:49:28.649395Z[0m [32m INFO[0m [2mmoq_native_ietf::quic[0m[2m:[0m UDP socket bound [3mbind[0m[2m=[0m[::]:0 [3mlocal[0m[2m=[0m[::]:53747 [3mdual_stack[0m[2m=[0mtrue
[2m2026-09-11T00:49:28.905380Z[0m [32m INFO[0m [2mmoq_test_client::scenarios[0m[2m:[0m Publisher sending PUBLISH_NAMESPACE: moq-test/interop
[2m2026-09-11T00:49:28.905398Z[0m [32m INFO[0m [2mmoq_test_client::scenarios[0m[2m:[0m Subscriber subscribing to track: moq-test/interop/test-track
[2m2026-09-11T00:49:28.940991Z[0m [33m WARN[0m [2mmoq_transport::serve::error[0m[2m:[0m [7a6ebf8b-15c8-4d7e-aaed-cdfe5863e55e] Not found: no such namespace or track at moq-transport/src/session/subscriber.rs:1653
[2m2026-09-11T00:49:28.941222Z[0m [32m INFO[0m [2mmoq_test_client::scenarios[0m[2m:[0m Subscriber got error: not found: Track not found [error:7a6ebf8b-15c8-4d7e-aaed-cdfe5863e55e] - subscription was processed
ok 4 - publish-namespace-subscribe
  ---
  duration_ms: 407
  publisher_connection_id: 200fb5185bd51f9a77b72d0c8b267103
  subscriber_connection_id: b442a9e0a35ae1dc1a8d676c1e08b0d5
  ...
[2m2026-09-11T00:49:28.941914Z[0m [32m INFO[0m [2mmoq_native_ietf::quic[0m[2m:[0m UDP socket bound [3mbind[0m[2m=[0m[::]:0 [3mlocal[0m[2m=[0m[::]:52738 [3mdual_stack[0m[2m=[0mtrue
[2m2026-09-11T00:49:28.975293Z[0m [33m WARN[0m [2mweb_transport_quinn::session[0m[2m:[0m failed to read capsule [3me[0m[2m=[0mUnexpectedEnd
[2m2026-09-11T00:49:28.976641Z[0m [33m WARN[0m [2mweb_transport_quinn::session[0m[2m:[0m failed to read capsule [3me[0m[2m=[0mUnexpectedEnd
[2m2026-09-11T00:49:29.086385Z[0m [32m INFO[0m [2mmoq_test_client::scenarios[0m[2m:[0m Subscriber subscribing BEFORE PUBLISH_NAMESPACE: moq-test/interop/test-track
[2m2026-09-11T00:49:29.121204Z[0m [33m WARN[0m [2mmoq_transport::serve::error[0m[2m:[0m [25701409-6b79-4596-9294-e9c38b1c0397] Not found: no such namespace or track at moq-transport/src/session/subscriber.rs:1653
[2m2026-09-11T00:49:29.154564Z[0m [33m WARN[0m [2mweb_transport_quinn::session[0m[2m:[0m failed to read capsule [3me[0m[2m=[0mUnexpectedEnd
[2m2026-09-11T00:49:29.587888Z[0m [32m INFO[0m [2mmoq_native_ietf::quic[0m[2m:[0m UDP socket bound [3mbind[0m[2m=[0m[::]:0 [3mlocal[0m[2m=[0m[::]:53095 [3mdual_stack[0m[2m=[0mtrue
[2m2026-09-11T00:49:29.726266Z[0m [32m INFO[0m [2mmoq_test_client::scenarios[0m[2m:[0m Publisher sending PUBLISH_NAMESPACE (after subscriber): moq-test/interop
[2m2026-09-11T00:49:32.727588Z[0m [32m INFO[0m [2mmoq_test_client::scenarios[0m[2m:[0m Publisher PUBLISH_NAMESPACE timeout (expected)
[2m2026-09-11T00:49:32.727613Z[0m [32m INFO[0m [2mmoq_test_client::scenarios[0m[2m:[0m Subscriber got error: not found: Track not found [error:25701409-6b79-4596-9294-e9c38b1c0397] (may be expected)
ok 5 - subscribe-before-publish-namespace
  ---
  duration_ms: 3786
  subscriber_connection_id: c476c4ecc40a27fedfd89607c0d76311
  publisher_connection_id: 797b9f693396e24c88356c113a24be6b
  ...
[2m2026-09-11T00:49:32.728342Z[0m [32m INFO[0m [2mmoq_native_ietf::quic[0m[2m:[0m UDP socket bound [3mbind[0m[2m=[0m[::]:0 [3mlocal[0m[2m=[0m[::]:41638 [3mdual_stack[0m[2m=[0mtrue
[2m2026-09-11T00:49:32.757281Z[0m [33m WARN[0m [2mweb_transport_quinn::session[0m[2m:[0m failed to read capsule [3me[0m[2m=[0mUnexpectedEnd
[2m2026-09-11T00:49:32.804291Z[0m [32m INFO[0m [2mmoq_test_client::scenarios[0m[2m:[0m Sending PUBLISH_NAMESPACE: moq-test/interop
[2m2026-09-11T00:49:34.806193Z[0m [32m INFO[0m [2mmoq_test_client::scenarios[0m[2m:[0m PUBLISH_NAMESPACE active; sending PUBLISH_NAMESPACE_DONE
ok 6 - publish-namespace-done
  ---
  duration_ms: 2180
  connection_id: 3e70a4053325dd38e69d0889084915be
  ...
[2m2026-09-11T00:49:34.907953Z[0m [32m INFO[0m [2mmoq_test_client::scenarios[0m[2m:[0m PUBLISH_NAMESPACE_DONE sent successfully
[2m2026-09-11T00:49:34.908759Z[0m [32m INFO[0m [2mmoq_native_ietf::quic[0m[2m:[0m UDP socket bound [3mbind[0m[2m=[0m[::]:0 [3mlocal[0m[2m=[0m[::]:57943 [3mdual_stack[0m[2m=[0mtrue
[2m2026-09-11T00:49:34.936326Z[0m [33m WARN[0m [2mweb_transport_quinn::session[0m[2m:[0m failed to read capsule [3me[0m[2m=[0mUnexpectedEnd
[2m2026-09-11T00:49:35.077224Z[0m [32m INFO[0m [2mmoq_test_client::scenarios[0m[2m:[0m Publisher sending direct PUBLISH [3mnamespace[0m[2m=[0m/moq-test/publish [3mtrack[0m[2m=[0m"published-track"
[2m2026-09-11T00:49:35.109217Z[0m [32m INFO[0m [2mmoq_test_client::scenarios[0m[2m:[0m PUBLISH accepted [3mnamespace[0m[2m=[0m/moq-test/publish [3mtrack[0m[2m=[0m"published-track"
[2m2026-09-11T00:49:35.109305Z[0m [32m INFO[0m [2mmoq_test_client::scenarios[0m[2m:[0m PUBLISH completed [3mnamespace[0m[2m=[0m/moq-test/publish [3mtrack[0m[2m=[0m"published-track"
ok 7 - publish-track-only
  ---
  duration_ms: 201
  connection_id: 288a678228d35e77042e5fd3e6bc9c14
  ...
[2m2026-09-11T00:49:35.110043Z[0m [32m INFO[0m [2mmoq_native_ietf::quic[0m[2m:[0m UDP socket bound [3mbind[0m[2m=[0m[::]:0 [3mlocal[0m[2m=[0m[::]:37321 [3mdual_stack[0m[2m=[0mtrue
[2m2026-09-11T00:49:35.140710Z[0m [33m WARN[0m [2mweb_transport_quinn::session[0m[2m:[0m failed to read capsule [3me[0m[2m=[0mUnexpectedEnd
[2m2026-09-11T00:49:35.207015Z[0m [32m INFO[0m [2mmoq_native_ietf::quic[0m[2m:[0m UDP socket bound [3mbind[0m[2m=[0m[::]:0 [3mlocal[0m[2m=[0m[::]:33757 [3mdual_stack[0m[2m=[0mtrue
[2m2026-09-11T00:49:35.358401Z[0m [32m INFO[0m [2mmoq_test_client::scenarios[0m[2m:[0m Publisher sending direct PUBLISH before subscriber subscribes [3mnamespace[0m[2m=[0m/moq-test/publish [3mtrack[0m[2m=[0m"published-track"
[2m2026-09-11T00:49:35.387133Z[0m [32m INFO[0m [2mmoq_test_client::scenarios[0m[2m:[0m PUBLISH accepted; starting subscriber [3mnamespace[0m[2m=[0m/moq-test/publish [3mtrack[0m[2m=[0m"published-track"
[2m2026-09-11T00:49:35.418697Z[0m [33m WARN[0m [2mmoq_transport::session[0m[2m:[0m unexpected bidi response message type [3mmsg_type[0m[2m=[0m2
[2m2026-09-11T00:49:35.418718Z[0m [33m WARN[0m [2mmoq_transport::serve::error[0m[2m:[0m [b96b05cf-033c-48e3-83ad-2902dcb8e8d4] Not implemented: bidi response type 0x2 at moq-transport/src/session/error.rs:89
not ok 8 - publish-track-subscribe
  ---
  duration_ms: 379
  message: "failed serving PUBLISH track: serve error: cancelled: cancelled"
  ...
[2m2026-09-11T00:49:35.489536Z[0m [32m INFO[0m [2mmoq_native_ietf::quic[0m[2m:[0m UDP socket bound [3mbind[0m[2m=[0m[::]:0 [3mlocal[0m[2m=[0m[::]:55346 [3mdual_stack[0m[2m=[0mtrue
[2m2026-09-11T00:49:35.516530Z[0m [33m WARN[0m [2mweb_transport_quinn::session[0m[2m:[0m failed to read capsule [3me[0m[2m=[0mUnexpectedEnd
[2m2026-09-11T00:49:35.519965Z[0m [33m WARN[0m [2mweb_transport_quinn::session[0m[2m:[0m failed to read capsule [3me[0m[2m=[0mUnexpectedEnd
[2m2026-09-11T00:49:35.699359Z[0m [32m INFO[0m [2mmoq_test_client::scenarios[0m[2m:[0m Subscribing with RENDEZVOUS_TIMEOUT to a track with no publisher [3mtimeout_ms[0m[2m=[0m500
ok 9 - rendezvous-timeout
  ---
  duration_ms: 742
  connection_id: 63f4b40a8d06a82ff7371d656de022e9
  ...
[2m2026-09-11T00:49:36.231514Z[0m [32m INFO[0m [2mmoq_test_client::scenarios[0m[2m:[0m Received expected REQUEST_ERROR TIMEOUT
make[1]: *** [Makefile:122: test-external] Error 1
make[1]: Leaving directory '/home/runner/work/moq-interop-runner/moq-interop-runner/main'
