make[1]: Entering directory '/home/runner/work/moq-interop-runner/moq-interop-runner/main'
Running tests against https://moqx-main.ci.openmoq.org:4433/moq-relay...
  Client: ghcr.io/englishm/moq-interop-runner-moq-test-client-draft-16:latest
docker run --rm \
	 \
	--network host \
	-e RELAY_URL=https://moqx-main.ci.openmoq.org:4433/moq-relay \
	-e TLS_DISABLE_VERIFY=false \
	ghcr.io/englishm/moq-interop-runner-moq-test-client-draft-16:latest
TAP version 14
# moq-test-client v0.1.0
# Relay: https://moqx-main.ci.openmoq.org:4433/moq-relay
1..6
ok 1 - setup-only
  ---
  duration_ms: 221
  connection_id: 6c41e1cce65314a940e3bfe5b07f11d9
  ...
ok 2 - announce-only
  ---
  duration_ms: 2152
  connection_id: 4db7f863afe53b781d0ac8e521bf44bb
  ...
ok 3 - subscribe-error
  ---
  duration_ms: 204
  connection_id: 7b224bc4b4795b853943a719a8fed1d3
  ...
ok 4 - announce-subscribe
  ---
  duration_ms: 3328
  publisher_connection_id: 16d368d45e3c8c0debfd210ef88a7b50
  subscriber_connection_id: b2babcb9441b27e03ab4adf997fa0b0c
  ...
ok 5 - subscribe-before-announce
  ---
  duration_ms: 4702
  subscriber_connection_id: ee4c733addbe886c10bd2ffc3e3188d6
  publisher_connection_id: 20d6c70beec1493bea6638a00e55f469
  ...
ok 6 - publish-namespace-done
  ---
  duration_ms: 2212
  connection_id: ba4c4797aa5f5c0cd81427a7a2040b8c
  ...
make[1]: Leaving directory '/home/runner/work/moq-interop-runner/moq-interop-runner/main'
