make[1]: Entering directory '/home/runner/work/moq-interop-runner/moq-interop-runner/main'
Running tests against moqt://us-west-2.relay.quicr.org:33437...
  Client: ghcr.io/englishm/moq-interop-runner-moq-test-client-draft-16:latest
docker run --rm \
	 \
	--network host \
	-e RELAY_URL=moqt://us-west-2.relay.quicr.org:33437 \
	-e TLS_DISABLE_VERIFY=1 \
	ghcr.io/englishm/moq-interop-runner-moq-test-client-draft-16:latest
TAP version 14
# moq-test-client v0.1.0
# Relay: moqt://us-west-2.relay.quicr.org:33437
1..6
ok 1 - setup-only
  ---
  duration_ms: 220
  connection_id: 9585cb4afca5c4cac783d2d859cee10b
  ...
ok 2 - announce-only
  ---
  duration_ms: 2210
  connection_id: 116399ab779dcaa35c17ed0dd7bc5dc4
  ...
[2026-08-09T01:18:39Z ERROR moq_transport::session::reader] [READER] decode: ERROR decoding moq_transport::message::Message - InvalidMessage(1) (buffer_len=5)
not ok 3 - subscribe-error
  ---
  duration_ms: 162
  message: "session error: decode error: invalid message: 1: invalid message: 1"
  ...
[2026-08-09T01:18:39Z ERROR moq_transport::session::reader] [READER] decode: ERROR decoding moq_transport::message::Message - InvalidMessage(1) (buffer_len=5)
not ok 4 - announce-subscribe
  ---
  duration_ms: 364
  message: "subscriber session error: decode error: invalid message: 1: invalid message: 1"
  ...
[2026-08-09T01:18:39Z ERROR moq_transport::session::reader] [READER] decode: ERROR decoding moq_transport::message::Message - InvalidMessage(1) (buffer_len=5)
ok 5 - subscribe-before-announce
  ---
  duration_ms: 3729
  subscriber_connection_id: b18eb7f0119e2d46904a82a821545518
  publisher_connection_id: e98e114e4022fd35a7f1728f9914788b
  ...
ok 6 - publish-namespace-done
  ---
  duration_ms: 2228
  connection_id: be2208682474d9f9d53bd75812855e9a
  ...
make[1]: *** [Makefile:122: test-external] Error 1
make[1]: Leaving directory '/home/runner/work/moq-interop-runner/moq-interop-runner/main'
