make[1]: Entering directory '/home/runner/work/moq-interop-runner/moq-interop-runner/main'
Running tests against moqt://moqx-main.ci.openmoq.org:4433...
  Client: ghcr.io/englishm/moq-interop-runner-moq-test-client-draft-16:latest
docker run --rm \
	 \
	--network host \
	-e RELAY_URL=moqt://moqx-main.ci.openmoq.org:4433 \
	-e TLS_DISABLE_VERIFY=false \
	ghcr.io/englishm/moq-interop-runner-moq-test-client-draft-16:latest
TAP version 14
# moq-test-client v0.1.0
# Relay: moqt://moqx-main.ci.openmoq.org:4433
1..6
ok 1 - setup-only
  ---
  duration_ms: 62
  connection_id: 2f39d614fa18a1fd8d4714f49f7f5913
  ...
ok 2 - announce-only
  ---
  duration_ms: 2080
  connection_id: e7a13fb00a5bbca76a023c879efa82c2
  ...
ok 3 - subscribe-error
  ---
  duration_ms: 123
  connection_id: f18c9dd6e99dae3614d012e29c5384f6
  ...
ok 4 - announce-subscribe
  ---
  duration_ms: 3261
  publisher_connection_id: 3efbdad34608c9ee76acbe1510fc31a2
  subscriber_connection_id: b8da364a7b3045e131f1c983bfe8ad52
  ...
ok 5 - subscribe-before-announce
  ---
  duration_ms: 4793
  subscriber_connection_id: fe54e595133cf292091904439c92f78f
  publisher_connection_id: f428c2fdd28b134392282242bac6d74e
  ...
ok 6 - publish-namespace-done
  ---
  duration_ms: 2137
  connection_id: 9127e0686720585c4999bb20f4c9c42e
  ...
make[1]: Leaving directory '/home/runner/work/moq-interop-runner/moq-interop-runner/main'
