make[1]: Entering directory '/home/runner/work/moq-interop-runner/moq-interop-runner/main'
Running tests against moqt://fb.mvfst.net:9448...
  Client: ghcr.io/englishm/moq-interop-runner-moq-test-client-draft-16:latest
docker run --rm \
	 \
	--network host \
	-e RELAY_URL=moqt://fb.mvfst.net:9448 \
	-e TLS_DISABLE_VERIFY=1 \
	ghcr.io/englishm/moq-interop-runner-moq-test-client-draft-16:latest
TAP version 14
# moq-test-client v0.1.0
# Relay: moqt://fb.mvfst.net:9448
1..6
ok 1 - setup-only
  ---
  duration_ms: 107
  connection_id: 9c76a714075fedbddcf144d32ed24d0a
  ...
ok 2 - announce-only
  ---
  duration_ms: 2100
  connection_id: a839de6abde80c2d5530d53f048b21f2
  ...
ok 3 - subscribe-error
  ---
  duration_ms: 197
  connection_id: d5b132d99fc162611aea54f9af34a72a
  ...
ok 4 - announce-subscribe
  ---
  duration_ms: 229
  publisher_connection_id: df317e68b140cb531b10ba6b29811e1b
  subscriber_connection_id: 19488dabdae6b43d644e876f1ca93330
  ...
ok 5 - subscribe-before-announce
  ---
  duration_ms: 3818
  subscriber_connection_id: 6cc8578899b401d57ce7d2c8cbd28b24
  publisher_connection_id: d8746ca88ed32d53ee039fa44fab0e7a
  ...
ok 6 - publish-namespace-done
  ---
  duration_ms: 2229
  connection_id: 9afa57a30e95c26139ffcaa66a398302
  ...
make[1]: Leaving directory '/home/runner/work/moq-interop-runner/moq-interop-runner/main'
