make[1]: Entering directory '/home/runner/work/moq-interop-runner/moq-interop-runner/main'
Running tests against https://fb.mvfst.net:9448/moq-relay...
  Client: ghcr.io/englishm/moq-interop-runner-moq-test-client-draft-16:latest
docker run --rm \
	 \
	--network host \
	-e RELAY_URL=https://fb.mvfst.net:9448/moq-relay \
	-e TLS_DISABLE_VERIFY=1 \
	ghcr.io/englishm/moq-interop-runner-moq-test-client-draft-16:latest
TAP version 14
# moq-test-client v0.1.0
# Relay: https://fb.mvfst.net:9448/moq-relay
1..6
ok 1 - setup-only
  ---
  duration_ms: 195
  connection_id: e88cfd37e10763b7ec09857ae85f79b2
  ...
ok 2 - announce-only
  ---
  duration_ms: 2212
  connection_id: 7eab5ea5d677ad40063fad1b71f3bc49
  ...
ok 3 - subscribe-error
  ---
  duration_ms: 135
  connection_id: 5a9fb8e24d05bc0ff146be43a37e7fab
  ...
ok 4 - announce-subscribe
  ---
  duration_ms: 3327
  publisher_connection_id: e27e64bd6b6bfbe7cd882f9e6f558d17
  subscriber_connection_id: 04d4d6fd5f43e2a409fbcc7a7722b903
  ...
ok 5 - subscribe-before-announce
  ---
  duration_ms: 4752
  subscriber_connection_id: ee8ec39f31c813d8ba1edc9f1f8d15f9
  publisher_connection_id: f602af3e65649fb396e8850535e047b5
  ...
ok 6 - publish-namespace-done
  ---
  duration_ms: 2211
  connection_id: 8c99a043e79921af62ccb7c501b885b5
  ...
make[1]: Leaving directory '/home/runner/work/moq-interop-runner/moq-interop-runner/main'
