make[1]: Entering directory '/home/runner/work/moq-interop-runner/moq-interop-runner/main'
Running tests against moqt://draft-18-interop.cloudflare.mediaoverquic.com:443...
  Client: ghcr.io/gmarzot/aiomoqt:latest
docker run --rm \
	 \
	--network host \
	-e RELAY_URL=moqt://draft-18-interop.cloudflare.mediaoverquic.com:443 \
	-e TLS_DISABLE_VERIFY=false \
	ghcr.io/gmarzot/aiomoqt:latest
WARNING aiopquic.quic.connection: connection closed (transport): error=376
2026-09-19 00:27:05.193 ERROR: QUIC error: code: 376 reason: ConnectionTerminated
2026-09-19 00:27:05.193 ERROR: MOQT error: closing: ConnectionTerminated (376)
WARNING aiopquic.quic.connection: connection closed (transport): error=376
2026-09-19 00:27:05.249 ERROR: QUIC error: code: 376 reason: ConnectionTerminated
2026-09-19 00:27:05.249 ERROR: MOQT error: closing: ConnectionTerminated (376)
  [PASS] setup-only: SERVER_SETUP received with compatible version
  [PASS] announce-only: PUBLISH_NAMESPACE_OK received
2026-09-19 00:27:06.121 ERROR: MOQT error: closing: critical stream closed by remote peer: 3 (1)
WARNING aiopquic.quic.connection: connection closed (app): error=1
2026-09-19 00:27:06.121 ERROR: QUIC error: code: 1 reason: ConnectionTerminated
2026-09-19 00:27:06.121 ERROR: MOQT error: closing: ConnectionTerminated (1)
  [PASS] publish-namespace-done: PUBLISH_NAMESPACE_OK received, announce stream reset
  [PASS (COMPAT)] subscribe-error: Non-spec error code=1 accepted as 'track not found'
  [PASS] announce-subscribe: SUBSCRIBE_OK received — relay routed subscription
  [PASS] subscribe-before-announce: Error received (valid: relay didn't buffer): code=1
TAP version 14
# date: 2026-09-19T00:27:05Z
# ended: 2026-09-19T00:27:07Z
# target: moqt://draft-18-interop.cloudflare.mediaoverquic.com:443
# version: aiomoqt/0.11.0
# note: preference probe pinned draft-18
1..6
ok 1 - setup-only
  ---
  duration_ms: 164.7
  connection_id: unknown
  message: SERVER_SETUP received with compatible version
  ...
ok 2 - announce-only
  ---
  duration_ms: 221.8
  connection_id: unknown
  message: PUBLISH_NAMESPACE_OK received
  ...
ok 3 - publish-namespace-done
  ---
  duration_ms: 344.1
  connection_id: unknown
  message: PUBLISH_NAMESPACE_OK received, announce stream reset
  ...
ok 4 - subscribe-error # COMPAT
  ---
  duration_ms: 224.5
  connection_id: unknown
  message: Non-spec error code=1 accepted as 'track not found'
  expected: SUBSCRIBE_ERROR code=TRACK_DOES_NOT_EXIST (0x04/0x10)
  received: SUBSCRIBE_ERROR code=1
  compat: true
  compat_note: relay returns non-spec error code 1 for not-found; spec expects 0x04 (d14) or 0x10 (d16)
  ...
ok 5 - announce-subscribe
  ---
  duration_ms: 490.3
  publisher_connection_id: unknown
  subscriber_connection_id: unknown
  message: SUBSCRIBE_OK received — relay routed subscription
  ...
ok 6 - subscribe-before-announce
  ---
  duration_ms: 886.4
  publisher_connection_id: unknown
  subscriber_connection_id: unknown
  message: Error received (valid: relay didn't buffer): code=1
  ...
make[1]: Leaving directory '/home/runner/work/moq-interop-runner/moq-interop-runner/main'
