make[1]: Entering directory '/home/runner/work/moq-interop-runner/moq-interop-runner/main'
Running tests against moqt://draft-14.cloudflare.mediaoverquic.com:443...
  Client: ghcr.io/englishm/moq-interop-runner-moq-test-client-draft-14:latest
docker run --rm \
	 \
	--network host \
	-e RELAY_URL=moqt://draft-14.cloudflare.mediaoverquic.com:443 \
	-e TLS_DISABLE_VERIFY=false \
	ghcr.io/englishm/moq-interop-runner-moq-test-client-draft-14:latest
TAP version 14
# moq-test-client v0.1.7
# Relay: moqt://draft-14.cloudflare.mediaoverquic.com:443
1..6
[2m2026-09-19T01:44:19.093404Z[0m [32m INFO[0m [2mmoq_native_ietf::quic[0m[2m:[0m UDP socket bound [3mbind[0m[2m=[0m[::]:0 [3mlocal[0m[2m=[0m[::]:35090 [3mdual_stack[0m[2m=[0mtrue
[2m2026-09-19T01:44:19.215097Z[0m [32m INFO[0m [2mmoq_test_client::scenarios[0m[2m:[0m SETUP exchange completed successfully
ok 1 - setup-only
  ---
  duration_ms: 122
  connection_id: 43d89cd89394ba75ce5a155bfa74ad4f
  ...
[2m2026-09-19T01:44:19.216033Z[0m [32m INFO[0m [2mmoq_native_ietf::quic[0m[2m:[0m UDP socket bound [3mbind[0m[2m=[0m[::]:0 [3mlocal[0m[2m=[0m[::]:50382 [3mdual_stack[0m[2m=[0mtrue
[2m2026-09-19T01:44:19.229564Z[0m [32m INFO[0m [2mmoq_test_client::scenarios[0m[2m:[0m Announcing namespace: moq-test/interop
[2m2026-09-19T01:44:21.231366Z[0m [32m INFO[0m [2mmoq_test_client::scenarios[0m[2m:[0m Announce succeeded (no error received, waiting for subscriptions timed out)
ok 2 - announce-only
  ---
  duration_ms: 2016
  connection_id: 48fe6402b05ca3df15ca104c9c854269
  ...
[2m2026-09-19T01:44:21.232460Z[0m [32m INFO[0m [2mmoq_native_ietf::quic[0m[2m:[0m UDP socket bound [3mbind[0m[2m=[0m[::]:0 [3mlocal[0m[2m=[0m[::]:59139 [3mdual_stack[0m[2m=[0mtrue
[2m2026-09-19T01:44:21.244755Z[0m [32m INFO[0m [2mmoq_test_client::scenarios[0m[2m:[0m Subscribing to non-existent track: nonexistent/namespace/test-track
[2m2026-09-19T01:44:21.343631Z[0m [33m WARN[0m [2mmoq_test_client::scenarios[0m[2m:[0m Got error but not clearly 'not found': closed, code=4. This may indicate a different error type than expected.
ok 3 - subscribe-error
  ---
  duration_ms: 112
  connection_id: b24e36a08d6b0d47e102b56cf4a2e0b4
  ...
[2m2026-09-19T01:44:21.344578Z[0m [32m INFO[0m [2mmoq_native_ietf::quic[0m[2m:[0m UDP socket bound [3mbind[0m[2m=[0m[::]:0 [3mlocal[0m[2m=[0m[::]:38309 [3mdual_stack[0m[2m=[0mtrue
[2m2026-09-19T01:44:21.356935Z[0m [32m INFO[0m [2mmoq_native_ietf::quic[0m[2m:[0m UDP socket bound [3mbind[0m[2m=[0m[::]:0 [3mlocal[0m[2m=[0m[::]:58772 [3mdual_stack[0m[2m=[0mtrue
[2m2026-09-19T01:44:21.368349Z[0m [32m INFO[0m [2mmoq_test_client::scenarios[0m[2m:[0m Publisher announcing namespace: moq-test/interop
[2m2026-09-19T01:44:21.368358Z[0m [32m INFO[0m [2mmoq_test_client::scenarios[0m[2m:[0m Subscriber subscribing to track: moq-test/interop/test-track
[2m2026-09-19T01:44:24.370145Z[0m [32m INFO[0m [2mmoq_test_client::scenarios[0m[2m:[0m Test timeout reached - subscription routing may still be in progress
ok 4 - announce-subscribe
  ---
  duration_ms: 3026
  publisher_connection_id: ba588535dd355073599c18b41fc228f9
  subscriber_connection_id: 1c6d3c27767edeaae56816257e965d8d
  ...
[2m2026-09-19T01:44:24.371349Z[0m [32m INFO[0m [2mmoq_native_ietf::quic[0m[2m:[0m UDP socket bound [3mbind[0m[2m=[0m[::]:0 [3mlocal[0m[2m=[0m[::]:35639 [3mdual_stack[0m[2m=[0mtrue
[2m2026-09-19T01:44:24.399569Z[0m [32m INFO[0m [2mmoq_test_client::scenarios[0m[2m:[0m Subscriber subscribing BEFORE announce: moq-test/interop/test-track
[2m2026-09-19T01:44:24.901566Z[0m [32m INFO[0m [2mmoq_native_ietf::quic[0m[2m:[0m UDP socket bound [3mbind[0m[2m=[0m[::]:0 [3mlocal[0m[2m=[0m[::]:46479 [3mdual_stack[0m[2m=[0mtrue
[2m2026-09-19T01:44:24.916427Z[0m [32m INFO[0m [2mmoq_test_client::scenarios[0m[2m:[0m Publisher announcing namespace (after subscriber): moq-test/interop
[2m2026-09-19T01:44:27.918431Z[0m [32m INFO[0m [2mmoq_test_client::scenarios[0m[2m:[0m Publisher announce timeout (expected)
[2m2026-09-19T01:44:27.918457Z[0m [32m INFO[0m [2mmoq_test_client::scenarios[0m[2m:[0m Subscriber got error: closed, code=4 (may be expected)
ok 5 - subscribe-before-announce
  ---
  duration_ms: 3548
  subscriber_connection_id: 4809383b29f863df0fe86286867ea340
  publisher_connection_id: bfc4df1a5e0a2f6c6b75924b73054412
  ...
[2m2026-09-19T01:44:27.919463Z[0m [32m INFO[0m [2mmoq_native_ietf::quic[0m[2m:[0m UDP socket bound [3mbind[0m[2m=[0m[::]:0 [3mlocal[0m[2m=[0m[::]:40795 [3mdual_stack[0m[2m=[0mtrue
[2m2026-09-19T01:44:27.946382Z[0m [32m INFO[0m [2mmoq_test_client::scenarios[0m[2m:[0m Announcing namespace: moq-test/interop
[2m2026-09-19T01:44:29.947813Z[0m [32m INFO[0m [2mmoq_test_client::scenarios[0m[2m:[0m Announce active, now sending PUBLISH_NAMESPACE_DONE
[2m2026-09-19T01:44:30.049284Z[0m [32m INFO[0m [2mmoq_test_client::scenarios[0m[2m:[0m PUBLISH_NAMESPACE_DONE sent successfully
ok 6 - publish-namespace-done
  ---
  duration_ms: 2130
  connection_id: 8f8f21b905fc16e724d567df03918005
  ...
make[1]: Leaving directory '/home/runner/work/moq-interop-runner/moq-interop-runner/main'
