make[1]: Entering directory '/home/runner/work/moq-interop-runner/moq-interop-runner/main'
Running tests against moqt://moqx-main.ci.openmoq.org:4433...
  Client: ghcr.io/englishm/moq-interop-runner-moq-test-client-draft-18:latest
docker run --rm \
	 \
	--network host \
	-e RELAY_URL=moqt://moqx-main.ci.openmoq.org:4433 \
	-e TLS_DISABLE_VERIFY=false \
	ghcr.io/englishm/moq-interop-runner-moq-test-client-draft-18:latest
TAP version 14
# moq-test-client v0.1.12
# Relay: moqt://moqx-main.ci.openmoq.org:4433
1..18
[2m2026-09-19T00:49:11.678365Z[0m [32m INFO[0m [2mmoq_native_ietf::quic[0m[2m:[0m UDP socket bound [3mbind[0m[2m=[0m[::]:0 [3mlocal[0m[2m=[0m[::]:35643 [3mdual_stack[0m[2m=[0mtrue
[2m2026-09-19T00:49:11.709523Z[0m [32m INFO[0m [2mmoq_test_client::scenarios[0m[2m:[0m SETUP exchange completed successfully
ok 1 - setup-only
  ---
  duration_ms: 31
  connection_id: da0dfbbe263e7dcc665b061020ac9a54
  ...
[2m2026-09-19T00:49:11.710381Z[0m [32m INFO[0m [2mmoq_native_ietf::quic[0m[2m:[0m UDP socket bound [3mbind[0m[2m=[0m[::]:0 [3mlocal[0m[2m=[0m[::]:33127 [3mdual_stack[0m[2m=[0mtrue
[2m2026-09-19T00:49:11.746028Z[0m [32m INFO[0m [2mmoq_test_client::scenarios[0m[2m:[0m Sending PUBLISH_NAMESPACE for: moq-test/interop
ok 2 - publish-namespace-only
  ---
  duration_ms: 2037
  connection_id: 01e4de820ac46bb9f43faa25e399dac7
  ...
[2m2026-09-19T00:49:13.746775Z[0m [32m INFO[0m [2mmoq_test_client::scenarios[0m[2m:[0m PUBLISH_NAMESPACE succeeded (REQUEST_OK received, waiting for subscribers)
[2m2026-09-19T00:49:13.747810Z[0m [32m INFO[0m [2mmoq_native_ietf::quic[0m[2m:[0m UDP socket bound [3mbind[0m[2m=[0m[::]:0 [3mlocal[0m[2m=[0m[::]:53766 [3mdual_stack[0m[2m=[0mtrue
[2m2026-09-19T00:49:13.775528Z[0m [32m INFO[0m [2mmoq_test_client::scenarios[0m[2m:[0m Subscribing to non-existent track: nonexistent/namespace/test-track
[2m2026-09-19T00:49:13.777647Z[0m [33m WARN[0m [2mmoq_transport::serve::error[0m[2m:[0m [bc819776-8ee2-4f85-9271-87871056dc91] Not found: no such namespace or track at moq-transport/src/session/subscriber.rs:1653
[2m2026-09-19T00:49:13.777679Z[0m [32m INFO[0m [2mmoq_test_client::scenarios[0m[2m:[0m Got expected 'not found' error: not found: Track not found [error:bc819776-8ee2-4f85-9271-87871056dc91]
ok 3 - subscribe-error
  ---
  duration_ms: 30
  connection_id: fdd758e70f3655384cea4ab43aa1db92
  ...
[2m2026-09-19T00:49:13.778675Z[0m [32m INFO[0m [2mmoq_native_ietf::quic[0m[2m:[0m UDP socket bound [3mbind[0m[2m=[0m[::]:0 [3mlocal[0m[2m=[0m[::]:36833 [3mdual_stack[0m[2m=[0mtrue
[2m2026-09-19T00:49:13.785162Z[0m [32m INFO[0m [2mmoq_native_ietf::quic[0m[2m:[0m UDP socket bound [3mbind[0m[2m=[0m[::]:0 [3mlocal[0m[2m=[0m[::]:35836 [3mdual_stack[0m[2m=[0mtrue
[2m2026-09-19T00:49:13.805498Z[0m [32m INFO[0m [2mmoq_test_client::scenarios[0m[2m:[0m Publisher sending PUBLISH_NAMESPACE: moq-test/interop
[2m2026-09-19T00:49:13.805513Z[0m [32m INFO[0m [2mmoq_test_client::scenarios[0m[2m:[0m Subscriber subscribing to track: moq-test/interop/test-track
[2m2026-09-19T00:49:16.807097Z[0m [32m INFO[0m [2mmoq_test_client::scenarios[0m[2m:[0m Test timeout reached - subscription routing may still be in progress
ok 4 - publish-namespace-subscribe
  ---
  duration_ms: 3029
  publisher_connection_id: 075e4af1a4f8b0de49fb7c5317787894
  subscriber_connection_id: 5d1bdc2a7357be080e82f4ff6ef78da9
  ...
[2m2026-09-19T00:49:16.808193Z[0m [32m INFO[0m [2mmoq_native_ietf::quic[0m[2m:[0m UDP socket bound [3mbind[0m[2m=[0m[::]:0 [3mlocal[0m[2m=[0m[::]:48316 [3mdual_stack[0m[2m=[0mtrue
[2m2026-09-19T00:49:16.839960Z[0m [32m INFO[0m [2mmoq_test_client::scenarios[0m[2m:[0m Subscriber subscribing BEFORE PUBLISH_NAMESPACE: moq-test/interop/test-track
[2m2026-09-19T00:49:16.842067Z[0m [33m WARN[0m [2mmoq_transport::serve::error[0m[2m:[0m [266c71f6-ba4f-4e26-86da-e16b58ffaf68] Not found: no such namespace or track at moq-transport/src/session/subscriber.rs:1653
[2m2026-09-19T00:49:17.342182Z[0m [32m INFO[0m [2mmoq_native_ietf::quic[0m[2m:[0m UDP socket bound [3mbind[0m[2m=[0m[::]:0 [3mlocal[0m[2m=[0m[::]:35227 [3mdual_stack[0m[2m=[0mtrue
[2m2026-09-19T00:49:17.352959Z[0m [32m INFO[0m [2mmoq_test_client::scenarios[0m[2m:[0m Publisher sending PUBLISH_NAMESPACE (after subscriber): moq-test/interop
ok 5 - subscribe-before-publish-namespace
[2m2026-09-19T00:49:20.354345Z[0m [32m INFO[0m [2mmoq_test_client::scenarios[0m[2m:[0m Publisher PUBLISH_NAMESPACE timeout (expected)
[2m2026-09-19T00:49:20.354373Z[0m [32m INFO[0m [2mmoq_test_client::scenarios[0m[2m:[0m Subscriber got error: not found: Track not found [error:266c71f6-ba4f-4e26-86da-e16b58ffaf68] (may be expected)
[2m2026-09-19T00:49:20.355400Z[0m [32m INFO[0m [2mmoq_native_ietf::quic[0m[2m:[0m UDP socket bound [3mbind[0m[2m=[0m[::]:0 [3mlocal[0m[2m=[0m[::]:48982 [3mdual_stack[0m[2m=[0mtrue
  ---
  duration_ms: 3547
  subscriber_connection_id: 9bf24474361acb899c111a2b520f722f
  publisher_connection_id: 902966551f65d7727b68888311eeded4
  ...
[2m2026-09-19T00:49:20.387153Z[0m [32m INFO[0m [2mmoq_test_client::scenarios[0m[2m:[0m Sending PUBLISH_NAMESPACE: moq-test/interop
[2m2026-09-19T00:49:22.387830Z[0m [32m INFO[0m [2mmoq_test_client::scenarios[0m[2m:[0m PUBLISH_NAMESPACE active; sending PUBLISH_NAMESPACE_DONE
[2m2026-09-19T00:49:22.488943Z[0m [32m INFO[0m [2mmoq_test_client::scenarios[0m[2m:[0m PUBLISH_NAMESPACE_DONE sent successfully
ok 6 - publish-namespace-done
  ---
  duration_ms: 2134
  connection_id: d0dc9bc8468076b98264ec6d829fc06a
  ...
[2m2026-09-19T00:49:22.489971Z[0m [32m INFO[0m [2mmoq_native_ietf::quic[0m[2m:[0m UDP socket bound [3mbind[0m[2m=[0m[::]:0 [3mlocal[0m[2m=[0m[::]:35659 [3mdual_stack[0m[2m=[0mtrue
[2m2026-09-19T00:49:22.513974Z[0m [32m INFO[0m [2mmoq_test_client::scenarios[0m[2m:[0m Publisher sending direct PUBLISH [3mnamespace[0m[2m=[0m/moq-test/publish [3mtrack[0m[2m=[0m"published-track"
[2m2026-09-19T00:49:22.516073Z[0m [32m INFO[0m [2mmoq_test_client::scenarios[0m[2m:[0m PUBLISH accepted [3mnamespace[0m[2m=[0m/moq-test/publish [3mtrack[0m[2m=[0m"published-track"
[2m2026-09-19T00:49:22.516128Z[0m [32m INFO[0m [2mmoq_test_client::scenarios[0m[2m:[0m PUBLISH completed [3mnamespace[0m[2m=[0m/moq-test/publish [3mtrack[0m[2m=[0m"published-track"
ok 7 - publish-track-only
  ---
  duration_ms: 27
  connection_id: fcd592f9727bb7639a7d60c2d17d0fc7
  ...
[2m2026-09-19T00:49:22.517142Z[0m [32m INFO[0m [2mmoq_native_ietf::quic[0m[2m:[0m UDP socket bound [3mbind[0m[2m=[0m[::]:0 [3mlocal[0m[2m=[0m[::]:50093 [3mdual_stack[0m[2m=[0mtrue
[2m2026-09-19T00:49:22.528122Z[0m [32m INFO[0m [2mmoq_native_ietf::quic[0m[2m:[0m UDP socket bound [3mbind[0m[2m=[0m[::]:0 [3mlocal[0m[2m=[0m[::]:50303 [3mdual_stack[0m[2m=[0mtrue
[2m2026-09-19T00:49:22.553873Z[0m [32m INFO[0m [2mmoq_test_client::scenarios[0m[2m:[0m Publisher sending direct PUBLISH before subscriber subscribes [3mnamespace[0m[2m=[0m/moq-test/publish [3mtrack[0m[2m=[0m"published-track"
[2m2026-09-19T00:49:22.555943Z[0m [32m INFO[0m [2mmoq_test_client::scenarios[0m[2m:[0m PUBLISH accepted; starting subscriber [3mnamespace[0m[2m=[0m/moq-test/publish [3mtrack[0m[2m=[0m"published-track"
[2m2026-09-19T00:49:22.557893Z[0m [33m WARN[0m [2mmoq_transport::session[0m[2m:[0m unexpected bidi response message type [3mmsg_type[0m[2m=[0m2
[2m2026-09-19T00:49:22.557905Z[0m [33m WARN[0m [2mmoq_transport::serve::error[0m[2m:[0m [18cf0beb-4c1a-44f9-a213-2dad63cb36ec] Not implemented: bidi response type 0x2 at moq-transport/src/session/error.rs:89
not ok 8 - publish-track-subscribe
  ---
  duration_ms: 140
  message: "failed serving PUBLISH track: serve error: cancelled: cancelled"
  ...
[2m2026-09-19T00:49:22.657705Z[0m [32m INFO[0m [2mmoq_native_ietf::quic[0m[2m:[0m UDP socket bound [3mbind[0m[2m=[0m[::]:0 [3mlocal[0m[2m=[0m[::]:43852 [3mdual_stack[0m[2m=[0mtrue
[2m2026-09-19T00:49:22.664399Z[0m [32m INFO[0m [2mmoq_test_client::scenarios[0m[2m:[0m Subscribing with RENDEZVOUS_TIMEOUT to a track with no publisher [3mtimeout_ms[0m[2m=[0m500
[2m2026-09-19T00:49:22.666821Z[0m [33m WARN[0m [2mmoq_transport::serve::error[0m[2m:[0m [671ded4f-8999-4324-82d2-b728e76345a2] Not found: no such namespace or track at moq-transport/src/session/subscriber.rs:1653
not ok 9 - rendezvous-timeout
  ---
  duration_ms: 10
  message: "expected REQUEST_ERROR TIMEOUT, got: not found: Track not found [error:671ded4f-8999-4324-82d2-b728e76345a2]"
  ...
[2m2026-09-19T00:49:22.667713Z[0m [32m INFO[0m [2mmoq_native_ietf::quic[0m[2m:[0m UDP socket bound [3mbind[0m[2m=[0m[::]:0 [3mlocal[0m[2m=[0m[::]:33529 [3mdual_stack[0m[2m=[0mtrue
[2m2026-09-19T00:49:22.679647Z[0m [33m WARN[0m [2mmoq_transport::serve::error[0m[2m:[0m [e23d1aae-8a51-481e-9189-931602921067] Not found: no such namespace or track at moq-transport/src/session/subscriber.rs:1653
[2m2026-09-19T00:49:22.880096Z[0m [32m INFO[0m [2mmoq_native_ietf::quic[0m[2m:[0m UDP socket bound [3mbind[0m[2m=[0m[::]:0 [3mlocal[0m[2m=[0m[::]:34690 [3mdual_stack[0m[2m=[0mtrue
not ok 10 - moq-test-subgroup-per-group
  ---
  duration_ms: 221
  message: "subscriber setup failed before generation started"
  ...
[2m2026-09-19T00:49:22.889541Z[0m [32m INFO[0m [2mmoq_native_ietf::quic[0m[2m:[0m UDP socket bound [3mbind[0m[2m=[0m[::]:0 [3mlocal[0m[2m=[0m[::]:36245 [3mdual_stack[0m[2m=[0mtrue
[2m2026-09-19T00:49:22.931612Z[0m [33m WARN[0m [2mmoq_transport::serve::error[0m[2m:[0m [59216452-8ab1-4a74-8726-0eb0c696d333] Not found: no such namespace or track at moq-transport/src/session/subscriber.rs:1653
[2m2026-09-19T00:49:23.131380Z[0m [32m INFO[0m [2mmoq_native_ietf::quic[0m[2m:[0m UDP socket bound [3mbind[0m[2m=[0m[::]:0 [3mlocal[0m[2m=[0m[::]:52208 [3mdual_stack[0m[2m=[0mtrue
not ok 11 - moq-test-subgroup-per-group-eog
  ---
  duration_ms: 268
  message: "subscriber setup failed before generation started"
  ...
[2m2026-09-19T00:49:23.158578Z[0m [32m INFO[0m [2mmoq_native_ietf::quic[0m[2m:[0m UDP socket bound [3mbind[0m[2m=[0m[::]:0 [3mlocal[0m[2m=[0m[::]:54649 [3mdual_stack[0m[2m=[0mtrue
[2m2026-09-19T00:49:23.185785Z[0m [33m WARN[0m [2mmoq_transport::serve::error[0m[2m:[0m [e1c6d5ff-7c95-4867-b66c-768d2a96b333] Not found: no such namespace or track at moq-transport/src/session/subscriber.rs:1653
[2m2026-09-19T00:49:23.385944Z[0m [32m INFO[0m [2mmoq_native_ietf::quic[0m[2m:[0m UDP socket bound [3mbind[0m[2m=[0m[::]:0 [3mlocal[0m[2m=[0m[::]:40302 [3mdual_stack[0m[2m=[0mtrue
not ok 12 - moq-test-subgroup-per-object
  ---
  duration_ms: 241
  message: "subscriber setup failed before generation started"
  ...
[2m2026-09-19T00:49:23.399670Z[0m [32m INFO[0m [2mmoq_native_ietf::quic[0m[2m:[0m UDP socket bound [3mbind[0m[2m=[0m[::]:0 [3mlocal[0m[2m=[0m[::]:48766 [3mdual_stack[0m[2m=[0mtrue
[2m2026-09-19T00:49:23.412275Z[0m [33m WARN[0m [2mmoq_transport::serve::error[0m[2m:[0m [1402a879-4607-4f92-81be-87502a485882] Not found: no such namespace or track at moq-transport/src/session/subscriber.rs:1653
[2m2026-09-19T00:49:23.612364Z[0m [32m INFO[0m [2mmoq_native_ietf::quic[0m[2m:[0m UDP socket bound [3mbind[0m[2m=[0m[::]:0 [3mlocal[0m[2m=[0m[::]:60765 [3mdual_stack[0m[2m=[0mtrue
not ok 13 - moq-test-two-subgroups-eog
  ---
  duration_ms: 226
  message: "subscriber setup failed before generation started"
  ...
[2m2026-09-19T00:49:23.626640Z[0m [32m INFO[0m [2mmoq_native_ietf::quic[0m[2m:[0m UDP socket bound [3mbind[0m[2m=[0m[::]:0 [3mlocal[0m[2m=[0m[::]:60293 [3mdual_stack[0m[2m=[0mtrue
[2m2026-09-19T00:49:23.638828Z[0m [33m WARN[0m [2mmoq_transport::serve::error[0m[2m:[0m [e3202659-3ccf-476b-9f86-1130fdf2100c] Not found: no such namespace or track at moq-transport/src/session/subscriber.rs:1653
[2m2026-09-19T00:49:23.838745Z[0m [32m INFO[0m [2mmoq_native_ietf::quic[0m[2m:[0m UDP socket bound [3mbind[0m[2m=[0m[::]:0 [3mlocal[0m[2m=[0m[::]:54594 [3mdual_stack[0m[2m=[0mtrue
not ok 14 - moq-test-datagram
  ---
  duration_ms: 225
  message: "subscriber setup failed before generation started"
  ...
[2m2026-09-19T00:49:23.852023Z[0m [32m INFO[0m [2mmoq_native_ietf::quic[0m[2m:[0m UDP socket bound [3mbind[0m[2m=[0m[::]:0 [3mlocal[0m[2m=[0m[::]:60910 [3mdual_stack[0m[2m=[0mtrue
[2m2026-09-19T00:49:23.864173Z[0m [33m WARN[0m [2mmoq_transport::serve::error[0m[2m:[0m [2fa7ea20-813c-4d66-ab8a-ae6db0285cda] Not found: no such namespace or track at moq-transport/src/session/subscriber.rs:1653
[2m2026-09-19T00:49:24.064371Z[0m [32m INFO[0m [2mmoq_native_ietf::quic[0m[2m:[0m UDP socket bound [3mbind[0m[2m=[0m[::]:0 [3mlocal[0m[2m=[0m[::]:57858 [3mdual_stack[0m[2m=[0mtrue
not ok 15 - moq-test-datagram-eog
  ---
  duration_ms: 224
  message: "subscriber setup failed before generation started"
  ...
[2m2026-09-19T00:49:24.077041Z[0m [32m INFO[0m [2mmoq_native_ietf::quic[0m[2m:[0m UDP socket bound [3mbind[0m[2m=[0m[::]:0 [3mlocal[0m[2m=[0m[::]:47512 [3mdual_stack[0m[2m=[0mtrue
[2m2026-09-19T00:49:24.088504Z[0m [33m WARN[0m [2mmoq_transport::serve::error[0m[2m:[0m [1294f8f1-74ac-4d02-ba6d-ed96943b0284] Not found: no such namespace or track at moq-transport/src/session/subscriber.rs:1653
[2m2026-09-19T00:49:24.288338Z[0m [32m INFO[0m [2mmoq_native_ietf::quic[0m[2m:[0m UDP socket bound [3mbind[0m[2m=[0m[::]:0 [3mlocal[0m[2m=[0m[::]:53134 [3mdual_stack[0m[2m=[0mtrue
not ok 16 - moq-test-extensions
  ---
  duration_ms: 225
  message: "subscriber setup failed before generation started"
  ...
[2m2026-09-19T00:49:24.302461Z[0m [32m INFO[0m [2mmoq_native_ietf::quic[0m[2m:[0m UDP socket bound [3mbind[0m[2m=[0m[::]:0 [3mlocal[0m[2m=[0m[::]:43376 [3mdual_stack[0m[2m=[0mtrue
[2m2026-09-19T00:49:24.313024Z[0m [33m WARN[0m [2mmoq_transport::serve::error[0m[2m:[0m [6dbec4d3-beaa-4f3e-826d-fbd0b7f66e77] Not found: no such namespace or track at moq-transport/src/session/subscriber.rs:1653
[2m2026-09-19T00:49:24.512764Z[0m [32m INFO[0m [2mmoq_native_ietf::quic[0m[2m:[0m UDP socket bound [3mbind[0m[2m=[0m[::]:0 [3mlocal[0m[2m=[0m[::]:33382 [3mdual_stack[0m[2m=[0mtrue
not ok 17 - moq-test-increments
  ---
  duration_ms: 225
  message: "subscriber setup failed before generation started"
  ...
[2m2026-09-19T00:49:24.528450Z[0m [32m INFO[0m [2mmoq_native_ietf::quic[0m[2m:[0m UDP socket bound [3mbind[0m[2m=[0m[::]:0 [3mlocal[0m[2m=[0m[::]:51972 [3mdual_stack[0m[2m=[0mtrue
[2m2026-09-19T00:49:24.541229Z[0m [33m WARN[0m [2mmoq_transport::serve::error[0m[2m:[0m [aed56e4b-aed6-4a06-8d2b-aa3793d5f009] Not found: no such namespace or track at moq-transport/src/session/subscriber.rs:1653
[2m2026-09-19T00:49:24.740251Z[0m [32m INFO[0m [2mmoq_native_ietf::quic[0m[2m:[0m UDP socket bound [3mbind[0m[2m=[0m[::]:0 [3mlocal[0m[2m=[0m[::]:41484 [3mdual_stack[0m[2m=[0mtrue
not ok 18 - moq-test-forward-zero
  ---
  duration_ms: 222
  message: "subscriber setup failed before generation started"
  ...
make[1]: *** [Makefile:122: test-external] Error 1
make[1]: Leaving directory '/home/runner/work/moq-interop-runner/moq-interop-runner/main'
