make[1]: Entering directory '/home/runner/work/moq-interop-runner/moq-interop-runner/main'
Running tests against moqt://fb.mvfst.net:9448...
  Client: ghcr.io/englishm/moq-interop-runner-moq-test-client-draft-18:latest
docker run --rm \
	 \
	--network host \
	-e RELAY_URL=moqt://fb.mvfst.net:9448 \
	-e TLS_DISABLE_VERIFY=1 \
	ghcr.io/englishm/moq-interop-runner-moq-test-client-draft-18:latest
TAP version 14
# moq-test-client v0.1.12
# Relay: moqt://fb.mvfst.net:9448
1..18
[2m2026-09-19T00:50:04.967270Z[0m [32m INFO[0m [2mmoq_native_ietf::quic[0m[2m:[0m UDP socket bound [3mbind[0m[2m=[0m[::]:0 [3mlocal[0m[2m=[0m[::]:58206 [3mdual_stack[0m[2m=[0mtrue
[2m2026-09-19T00:50:05.011235Z[0m [32m INFO[0m [2mmoq_test_client::scenarios[0m[2m:[0m SETUP exchange completed successfully
ok 1 - setup-only
  ---
  duration_ms: 44
  connection_id: 0863150c22898c0e86ded7a962d05370
  ...
[2m2026-09-19T00:50:05.012086Z[0m [32m INFO[0m [2mmoq_native_ietf::quic[0m[2m:[0m UDP socket bound [3mbind[0m[2m=[0m[::]:0 [3mlocal[0m[2m=[0m[::]:50232 [3mdual_stack[0m[2m=[0mtrue
[2m2026-09-19T00:50:05.044668Z[0m [32m INFO[0m [2mmoq_test_client::scenarios[0m[2m:[0m Sending PUBLISH_NAMESPACE for: moq-test/interop
[2m2026-09-19T00:50:07.045879Z[0m [32m INFO[0m [2mmoq_test_client::scenarios[0m[2m:[0m PUBLISH_NAMESPACE succeeded (REQUEST_OK received, waiting for subscribers)
ok 2 - publish-namespace-only
  ---
  duration_ms: 2034
  connection_id: 6092853e20bbe586c4b502b4440f435b
  ...
[2m2026-09-19T00:50:07.046997Z[0m [32m INFO[0m [2mmoq_native_ietf::quic[0m[2m:[0m UDP socket bound [3mbind[0m[2m=[0m[::]:0 [3mlocal[0m[2m=[0m[::]:58078 [3mdual_stack[0m[2m=[0mtrue
[2m2026-09-19T00:50:07.078120Z[0m [32m INFO[0m [2mmoq_test_client::scenarios[0m[2m:[0m Subscribing to non-existent track: nonexistent/namespace/test-track
[2m2026-09-19T00:50:07.103114Z[0m [33m WARN[0m [2mmoq_transport::serve::error[0m[2m:[0m [44badd56-e0b8-4650-820a-999a51e267d7] Not found: no such namespace or track at moq-transport/src/session/subscriber.rs:1653
[2m2026-09-19T00:50:07.103164Z[0m [32m INFO[0m [2mmoq_test_client::scenarios[0m[2m:[0m Got expected 'not found' error: not found: Track not found [error:44badd56-e0b8-4650-820a-999a51e267d7]
ok 3 - subscribe-error
  ---
  duration_ms: 57
  connection_id: 64292dbc94563ee1e487152158e4f984
  ...
[2m2026-09-19T00:50:07.104111Z[0m [32m INFO[0m [2mmoq_native_ietf::quic[0m[2m:[0m UDP socket bound [3mbind[0m[2m=[0m[::]:0 [3mlocal[0m[2m=[0m[::]:55088 [3mdual_stack[0m[2m=[0mtrue
[2m2026-09-19T00:50:07.134724Z[0m [32m INFO[0m [2mmoq_native_ietf::quic[0m[2m:[0m UDP socket bound [3mbind[0m[2m=[0m[::]:0 [3mlocal[0m[2m=[0m[::]:57715 [3mdual_stack[0m[2m=[0mtrue
[2m2026-09-19T00:50:07.165433Z[0m [32m INFO[0m [2mmoq_test_client::scenarios[0m[2m:[0m Publisher sending PUBLISH_NAMESPACE: moq-test/interop
[2m2026-09-19T00:50:07.165446Z[0m [32m INFO[0m [2mmoq_test_client::scenarios[0m[2m:[0m Subscriber subscribing to track: moq-test/interop/test-track
[2m2026-09-19T00:50:07.191846Z[0m [33m WARN[0m [2mmoq_transport::serve::error[0m[2m:[0m [856d0b9c-5eea-406e-9a4e-1dc7bcc71084] Not found: no such namespace or track at moq-transport/src/session/subscriber.rs:1653
[2m2026-09-19T00:50:07.191895Z[0m [32m INFO[0m [2mmoq_test_client::scenarios[0m[2m:[0m Subscriber got error: not found: Track not found [error:856d0b9c-5eea-406e-9a4e-1dc7bcc71084] - subscription was processed
ok 4 - publish-namespace-subscribe
  ---
  duration_ms: 88
  publisher_connection_id: 609b4d411883b3be3abbc0168e6a4723
  subscriber_connection_id: bb17be5499076a05f59a1d55af213aab
  ...
[2m2026-09-19T00:50:07.192927Z[0m [32m INFO[0m [2mmoq_native_ietf::quic[0m[2m:[0m UDP socket bound [3mbind[0m[2m=[0m[::]:0 [3mlocal[0m[2m=[0m[::]:42282 [3mdual_stack[0m[2m=[0mtrue
[2m2026-09-19T00:50:07.226261Z[0m [32m INFO[0m [2mmoq_test_client::scenarios[0m[2m:[0m Subscriber subscribing BEFORE PUBLISH_NAMESPACE: moq-test/interop/test-track
[2m2026-09-19T00:50:07.252182Z[0m [33m WARN[0m [2mmoq_transport::serve::error[0m[2m:[0m [82fae77c-ab91-4867-9b6f-a198e09c5156] Not found: no such namespace or track at moq-transport/src/session/subscriber.rs:1653
[2m2026-09-19T00:50:07.728372Z[0m [32m INFO[0m [2mmoq_native_ietf::quic[0m[2m:[0m UDP socket bound [3mbind[0m[2m=[0m[::]:0 [3mlocal[0m[2m=[0m[::]:37118 [3mdual_stack[0m[2m=[0mtrue
[2m2026-09-19T00:50:07.763011Z[0m [32m INFO[0m [2mmoq_test_client::scenarios[0m[2m:[0m Publisher sending PUBLISH_NAMESPACE (after subscriber): moq-test/interop
[2m2026-09-19T00:50:10.764237Z[0m [32m INFO[0m [2mmoq_test_client::scenarios[0m[2m:[0m Publisher PUBLISH_NAMESPACE timeout (expected)
[2m2026-09-19T00:50:10.764265Z[0m [32m INFO[0m [2mmoq_test_client::scenarios[0m[2m:[0m Subscriber got error: not found: Track not found [error:82fae77c-ab91-4867-9b6f-a198e09c5156] (may be expected)
ok 5 - subscribe-before-publish-namespace
  ---
  duration_ms: 3572
  subscriber_connection_id: 01924773380098f4f4c5cd027586a019
  publisher_connection_id: ec2cb6a78272b40e4aefce8737a79e63
  ...
[2m2026-09-19T00:50:10.765453Z[0m [32m INFO[0m [2mmoq_native_ietf::quic[0m[2m:[0m UDP socket bound [3mbind[0m[2m=[0m[::]:0 [3mlocal[0m[2m=[0m[::]:39569 [3mdual_stack[0m[2m=[0mtrue
[2m2026-09-19T00:50:10.797926Z[0m [32m INFO[0m [2mmoq_test_client::scenarios[0m[2m:[0m Sending PUBLISH_NAMESPACE: moq-test/interop
[2m2026-09-19T00:50:12.799265Z[0m [32m INFO[0m [2mmoq_test_client::scenarios[0m[2m:[0m PUBLISH_NAMESPACE active; sending PUBLISH_NAMESPACE_DONE
ok 6 - publish-namespace-done
  ---
  duration_ms: 2136
  connection_id: 74f4143bca1ec4f4b84ac0a98091f37c
  ...
[2m2026-09-19T00:50:12.900401Z[0m [32m INFO[0m [2mmoq_test_client::scenarios[0m[2m:[0m PUBLISH_NAMESPACE_DONE sent successfully
[2m2026-09-19T00:50:12.901456Z[0m [32m INFO[0m [2mmoq_native_ietf::quic[0m[2m:[0m UDP socket bound [3mbind[0m[2m=[0m[::]:0 [3mlocal[0m[2m=[0m[::]:32992 [3mdual_stack[0m[2m=[0mtrue
[2m2026-09-19T00:50:12.935242Z[0m [32m INFO[0m [2mmoq_test_client::scenarios[0m[2m:[0m Publisher sending direct PUBLISH [3mnamespace[0m[2m=[0m/moq-test/publish [3mtrack[0m[2m=[0m"published-track"
[2m2026-09-19T00:50:12.963805Z[0m [32m INFO[0m [2mmoq_test_client::scenarios[0m[2m:[0m PUBLISH accepted [3mnamespace[0m[2m=[0m/moq-test/publish [3mtrack[0m[2m=[0m"published-track"
[2m2026-09-19T00:50:12.963859Z[0m [32m INFO[0m [2mmoq_test_client::scenarios[0m[2m:[0m PUBLISH completed [3mnamespace[0m[2m=[0m/moq-test/publish [3mtrack[0m[2m=[0m"published-track"
ok 7 - publish-track-only
  ---
  duration_ms: 63
  connection_id: e7778f0ebb13455f1eaadf2dd8abcfb7
  ...
[2m2026-09-19T00:50:12.964746Z[0m [32m INFO[0m [2mmoq_native_ietf::quic[0m[2m:[0m UDP socket bound [3mbind[0m[2m=[0m[::]:0 [3mlocal[0m[2m=[0m[::]:39112 [3mdual_stack[0m[2m=[0mtrue
[2m2026-09-19T00:50:12.999343Z[0m [32m INFO[0m [2mmoq_native_ietf::quic[0m[2m:[0m UDP socket bound [3mbind[0m[2m=[0m[::]:0 [3mlocal[0m[2m=[0m[::]:48339 [3mdual_stack[0m[2m=[0mtrue
[2m2026-09-19T00:50:13.030016Z[0m [32m INFO[0m [2mmoq_test_client::scenarios[0m[2m:[0m Publisher sending direct PUBLISH before subscriber subscribes [3mnamespace[0m[2m=[0m/moq-test/publish [3mtrack[0m[2m=[0m"published-track"
[2m2026-09-19T00:50:13.059610Z[0m [32m INFO[0m [2mmoq_test_client::scenarios[0m[2m:[0m PUBLISH accepted; starting subscriber [3mnamespace[0m[2m=[0m/moq-test/publish [3mtrack[0m[2m=[0m"published-track"
[2m2026-09-19T00:50:13.085483Z[0m [33m WARN[0m [2mmoq_transport::session[0m[2m:[0m unexpected bidi response message type [3mmsg_type[0m[2m=[0m2
[2m2026-09-19T00:50:13.085498Z[0m [33m WARN[0m [2mmoq_transport::serve::error[0m[2m:[0m [876362d0-74af-43d5-8520-686b0ecd15d0] Not implemented: bidi response type 0x2 at moq-transport/src/session/error.rs:89
not ok 8 - publish-track-subscribe
  ---
  duration_ms: 196
  message: "failed serving PUBLISH track: serve error: cancelled: cancelled"
  ...
[2m2026-09-19T00:50:13.161258Z[0m [32m INFO[0m [2mmoq_native_ietf::quic[0m[2m:[0m UDP socket bound [3mbind[0m[2m=[0m[::]:0 [3mlocal[0m[2m=[0m[::]:33107 [3mdual_stack[0m[2m=[0mtrue
[2m2026-09-19T00:50:13.194555Z[0m [32m INFO[0m [2mmoq_test_client::scenarios[0m[2m:[0m Subscribing with RENDEZVOUS_TIMEOUT to a track with no publisher [3mtimeout_ms[0m[2m=[0m500
[2m2026-09-19T00:50:13.720955Z[0m [32m INFO[0m [2mmoq_test_client::scenarios[0m[2m:[0m Received expected REQUEST_ERROR TIMEOUT
ok 9 - rendezvous-timeout
  ---
  duration_ms: 560
  connection_id: 35399fbc97f1e50ce27199c10e59c810
  ...
[2m2026-09-19T00:50:13.721996Z[0m [32m INFO[0m [2mmoq_native_ietf::quic[0m[2m:[0m UDP socket bound [3mbind[0m[2m=[0m[::]:0 [3mlocal[0m[2m=[0m[::]:58975 [3mdual_stack[0m[2m=[0mtrue
[2m2026-09-19T00:50:13.955825Z[0m [32m INFO[0m [2mmoq_native_ietf::quic[0m[2m:[0m UDP socket bound [3mbind[0m[2m=[0m[::]:0 [3mlocal[0m[2m=[0m[::]:54237 [3mdual_stack[0m[2m=[0mtrue
[2m2026-09-19T00:50:14.014854Z[0m [33m WARN[0m [2mmoq_transport::session[0m[2m:[0m unexpected bidi response message type [3mmsg_type[0m[2m=[0m2
[2m2026-09-19T00:50:14.014873Z[0m [33m WARN[0m [2mmoq_transport::serve::error[0m[2m:[0m [f33ac4b9-f967-46a9-9b6f-c45904ccf330] Not implemented: bidi response type 0x2 at moq-transport/src/session/error.rs:89
[2m2026-09-19T00:50:14.015942Z[0m [32m INFO[0m [2mmoq_test_client::moqtest[0m[2m:[0m PUBLISH accepted and subscription bound; generating objects [3mobjects[0m[2m=[0m15 [3mstreams[0m[2m=[0m3
not ok 10 - moq-test-subgroup-per-group
  ---
  duration_ms: 309
  message: "failed to create subgroup: cancelled"
  ...
[2m2026-09-19T00:50:14.031427Z[0m [32m INFO[0m [2mmoq_native_ietf::quic[0m[2m:[0m UDP socket bound [3mbind[0m[2m=[0m[::]:0 [3mlocal[0m[2m=[0m[::]:43947 [3mdual_stack[0m[2m=[0mtrue
[2m2026-09-19T00:50:14.271293Z[0m [32m INFO[0m [2mmoq_native_ietf::quic[0m[2m:[0m UDP socket bound [3mbind[0m[2m=[0m[::]:0 [3mlocal[0m[2m=[0m[::]:41135 [3mdual_stack[0m[2m=[0mtrue
[2m2026-09-19T00:50:14.340755Z[0m [32m INFO[0m [2mmoq_test_client::moqtest[0m[2m:[0m PUBLISH accepted and subscription bound; generating objects [3mobjects[0m[2m=[0m15 [3mstreams[0m[2m=[0m3
not ok 11 - moq-test-subgroup-per-group-eog
  ---
  duration_ms: 329
  message: "failed to create subgroup: cancelled"
  ...
[2m2026-09-19T00:50:14.360967Z[0m [32m INFO[0m [2mmoq_native_ietf::quic[0m[2m:[0m UDP socket bound [3mbind[0m[2m=[0m[::]:0 [3mlocal[0m[2m=[0m[::]:44485 [3mdual_stack[0m[2m=[0mtrue
[2m2026-09-19T00:50:14.597785Z[0m [32m INFO[0m [2mmoq_native_ietf::quic[0m[2m:[0m UDP socket bound [3mbind[0m[2m=[0m[::]:0 [3mlocal[0m[2m=[0m[::]:46946 [3mdual_stack[0m[2m=[0mtrue
[2m2026-09-19T00:50:14.659627Z[0m [32m INFO[0m [2mmoq_test_client::moqtest[0m[2m:[0m PUBLISH accepted and subscription bound; generating objects [3mobjects[0m[2m=[0m8 [3mstreams[0m[2m=[0m8
not ok 12 - moq-test-subgroup-per-object
  ---
  duration_ms: 302
  message: "failed to create subgroup: cancelled"
  ...
[2m2026-09-19T00:50:14.663716Z[0m [32m INFO[0m [2mmoq_native_ietf::quic[0m[2m:[0m UDP socket bound [3mbind[0m[2m=[0m[::]:0 [3mlocal[0m[2m=[0m[::]:35369 [3mdual_stack[0m[2m=[0mtrue
[2m2026-09-19T00:50:14.898287Z[0m [32m INFO[0m [2mmoq_native_ietf::quic[0m[2m:[0m UDP socket bound [3mbind[0m[2m=[0m[::]:0 [3mlocal[0m[2m=[0m[::]:50062 [3mdual_stack[0m[2m=[0mtrue
[2m2026-09-19T00:50:14.957245Z[0m [32m INFO[0m [2mmoq_test_client::moqtest[0m[2m:[0m PUBLISH accepted and subscription bound; generating objects [3mobjects[0m[2m=[0m18 [3mstreams[0m[2m=[0m6
not ok 13 - moq-test-two-subgroups-eog
  ---
  duration_ms: 317
  message: "failed to create subgroup 0: cancelled"
  ...
[2m2026-09-19T00:50:14.980810Z[0m [32m INFO[0m [2mmoq_native_ietf::quic[0m[2m:[0m UDP socket bound [3mbind[0m[2m=[0m[::]:0 [3mlocal[0m[2m=[0m[::]:39063 [3mdual_stack[0m[2m=[0mtrue
[2m2026-09-19T00:50:15.213739Z[0m [32m INFO[0m [2mmoq_native_ietf::quic[0m[2m:[0m UDP socket bound [3mbind[0m[2m=[0m[::]:0 [3mlocal[0m[2m=[0m[::]:46603 [3mdual_stack[0m[2m=[0mtrue
[2m2026-09-19T00:50:15.280077Z[0m [32m INFO[0m [2mmoq_test_client::moqtest[0m[2m:[0m PUBLISH accepted and subscription bound; generating objects [3mobjects[0m[2m=[0m15 [3mstreams[0m[2m=[0m0
not ok 14 - moq-test-datagram
  ---
  duration_ms: 320
  message: "failed to write datagram: cancelled"
  ...
[2m2026-09-19T00:50:15.301581Z[0m [32m INFO[0m [2mmoq_native_ietf::quic[0m[2m:[0m UDP socket bound [3mbind[0m[2m=[0m[::]:0 [3mlocal[0m[2m=[0m[::]:33655 [3mdual_stack[0m[2m=[0mtrue
[2m2026-09-19T00:50:15.540357Z[0m [32m INFO[0m [2mmoq_native_ietf::quic[0m[2m:[0m UDP socket bound [3mbind[0m[2m=[0m[::]:0 [3mlocal[0m[2m=[0m[::]:42592 [3mdual_stack[0m[2m=[0mtrue
[2m2026-09-19T00:50:15.608282Z[0m [32m INFO[0m [2mmoq_test_client::moqtest[0m[2m:[0m PUBLISH accepted and subscription bound; generating objects [3mobjects[0m[2m=[0m15 [3mstreams[0m[2m=[0m0
not ok 15 - moq-test-datagram-eog
  ---
  duration_ms: 328
  message: "failed to write datagram: cancelled"
  ...
[2m2026-09-19T00:50:15.630388Z[0m [32m INFO[0m [2mmoq_native_ietf::quic[0m[2m:[0m UDP socket bound [3mbind[0m[2m=[0m[::]:0 [3mlocal[0m[2m=[0m[::]:38602 [3mdual_stack[0m[2m=[0mtrue
[2m2026-09-19T00:50:15.864048Z[0m [32m INFO[0m [2mmoq_native_ietf::quic[0m[2m:[0m UDP socket bound [3mbind[0m[2m=[0m[::]:0 [3mlocal[0m[2m=[0m[::]:54629 [3mdual_stack[0m[2m=[0mtrue
[2m2026-09-19T00:50:15.930827Z[0m [32m INFO[0m [2mmoq_test_client::moqtest[0m[2m:[0m PUBLISH accepted and subscription bound; generating objects [3mobjects[0m[2m=[0m15 [3mstreams[0m[2m=[0m3
not ok 16 - moq-test-extensions
  ---
  duration_ms: 319
  message: "failed to create subgroup: cancelled"
  ...
[2m2026-09-19T00:50:15.949858Z[0m [32m INFO[0m [2mmoq_native_ietf::quic[0m[2m:[0m UDP socket bound [3mbind[0m[2m=[0m[::]:0 [3mlocal[0m[2m=[0m[::]:49663 [3mdual_stack[0m[2m=[0mtrue
[2m2026-09-19T00:50:16.185715Z[0m [32m INFO[0m [2mmoq_native_ietf::quic[0m[2m:[0m UDP socket bound [3mbind[0m[2m=[0m[::]:0 [3mlocal[0m[2m=[0m[::]:46332 [3mdual_stack[0m[2m=[0mtrue
[2m2026-09-19T00:50:16.245982Z[0m [32m INFO[0m [2mmoq_test_client::moqtest[0m[2m:[0m PUBLISH accepted and subscription bound; generating objects [3mobjects[0m[2m=[0m9 [3mstreams[0m[2m=[0m3
not ok 17 - moq-test-increments
  ---
  duration_ms: 306
  message: "failed to create subgroup: cancelled"
  ...
[2m2026-09-19T00:50:16.255931Z[0m [32m INFO[0m [2mmoq_native_ietf::quic[0m[2m:[0m UDP socket bound [3mbind[0m[2m=[0m[::]:0 [3mlocal[0m[2m=[0m[::]:48977 [3mdual_stack[0m[2m=[0mtrue
[2m2026-09-19T00:50:16.492218Z[0m [32m INFO[0m [2mmoq_native_ietf::quic[0m[2m:[0m UDP socket bound [3mbind[0m[2m=[0m[::]:0 [3mlocal[0m[2m=[0m[::]:35994 [3mdual_stack[0m[2m=[0mtrue
[2m2026-09-19T00:50:16.558802Z[0m [32m INFO[0m [2mmoq_test_client::moqtest[0m[2m:[0m PUBLISH accepted and subscription bound; generating objects [3mobjects[0m[2m=[0m6 [3mstreams[0m[2m=[0m2
not ok 18 - moq-test-forward-zero
  ---
  duration_ms: 313
  message: "failed to create subgroup: cancelled"
  ...
make[1]: *** [Makefile:122: test-external] Error 1
make[1]: Leaving directory '/home/runner/work/moq-interop-runner/moq-interop-runner/main'
