make[1]: Entering directory '/home/runner/work/moq-interop-runner/moq-interop-runner/main'
Running tests against moqt://us-west-2.relay.quicr.org:33437...
  Client: ghcr.io/facebookexperimental/moxygen-interop-client:latest-amd64
docker run --rm \
	 \
	--network host \
	-e RELAY_URL=moqt://us-west-2.relay.quicr.org:33437 \
	-e TLS_DISABLE_VERIFY=1 \
	ghcr.io/facebookexperimental/moxygen-interop-client:latest-amd64
TAP version 14
# moxygen interop test client
# Relay: moqt://us-west-2.relay.quicr.org:33437
# Transport: QUIC
# Offered ALPNs: moqt-18, moqt-16, moqt-15, moq-00
1..6
ok 1 - setup-only
  ---
  duration_ms: 135
  negotiated_version: draft-16
  info: SETUP exchange completed successfully
  ...
W0919 01:49:30.563877     1 MoQSession.cpp:6108] Issuing request that will fail; nextRequestID_=0 peerMaxRequestID_=0 sess=0x5584b24823c0
ok 2 - announce-only
  ---
  duration_ms: 213
  negotiated_version: draft-16
  info: PUBLISH_NAMESPACE completed successfully
  ...
E0919 01:49:30.629251     1 MoQRelaySession.cpp:1116] PublishNamespaceDone for unknown publishNamespace, sess=0x5584b24823c0
W0919 01:49:30.761673     1 MoQSession.cpp:6108] Issuing request that will fail; nextRequestID_=0 peerMaxRequestID_=0 sess=0x5584b2483840
E0919 01:49:30.826833     1 MoQCodec.cpp:126] Conn error=3
E0919 01:49:30.826845     1 MoQSession.cpp:5888] MoQCodec control stream parse error err=3
ok 3 - subscribe-error
  ---
  duration_ms: 197
  negotiated_version: draft-16
  info: Subscribe correctly returned error: Session closed
  ...
W0919 01:49:30.959249     1 MoQSession.cpp:6108] Issuing request that will fail; nextRequestID_=0 peerMaxRequestID_=0 sess=0x5584b249f9b0
W0919 01:49:31.156870     1 MoQSession.cpp:6108] Issuing request that will fail; nextRequestID_=0 peerMaxRequestID_=0 sess=0x5584b2472b00
E0919 01:49:31.222103     1 MoQCodec.cpp:126] Conn error=3
E0919 01:49:31.222120     1 MoQSession.cpp:5888] MoQCodec control stream parse error err=3
E0919 01:49:31.222208     1 MoQSession.cpp:6360] publishDone for invalid id=1 sess=0x5584b249f9b0
not ok 4 - announce-subscribe
  ---
  duration_ms: 395
  negotiated_version: draft-16
  error: Subscribe failed: Session closed
  ...
W0919 01:49:31.356715     1 MoQSession.cpp:6108] Issuing request that will fail; nextRequestID_=0 peerMaxRequestID_=0 sess=0x5584b2459120
ok 5 - publish-namespace-done
  ---
  duration_ms: 200
  negotiated_version: draft-16
  info: PUBLISH_NAMESPACE_OK received, PUBLISH_NAMESPACE_DONE sent
  ...
W0919 01:49:31.559821     1 MoQSession.cpp:6108] Issuing request that will fail; nextRequestID_=0 peerMaxRequestID_=0 sess=0x5584b247b680
E0919 01:49:31.625392     1 MoQCodec.cpp:126] Conn error=3
E0919 01:49:31.625405     1 MoQSession.cpp:5888] MoQCodec control stream parse error err=3
W0919 01:49:32.264812     1 MoQSession.cpp:6108] Issuing request that will fail; nextRequestID_=0 peerMaxRequestID_=0 sess=0x5584b2495fc0
ok 6 - subscribe-before-announce
  ---
  duration_ms: 908
  negotiated_version: draft-16
  info: Subscribe returned error (relay doesn't buffer pending subscriptions): Session closed
  ...
make[1]: *** [Makefile:122: test-external] Error 1
make[1]: Leaving directory '/home/runner/work/moq-interop-runner/moq-interop-runner/main'
