make[1]: Entering directory '/home/runner/work/moq-interop-runner/moq-interop-runner/main'
Running tests against https://draft-18-interop.cloudflare.mediaoverquic.com:443/moq...
  Client: ghcr.io/facebookexperimental/moxygen-interop-client:latest-amd64
docker run --rm \
	 \
	--network host \
	-e RELAY_URL=https://draft-18-interop.cloudflare.mediaoverquic.com:443/moq \
	-e TLS_DISABLE_VERIFY=false \
	ghcr.io/facebookexperimental/moxygen-interop-client:latest-amd64
TAP version 14
# moxygen interop test client
# Relay: https://draft-18-interop.cloudflare.mediaoverquic.com:443/moq
# Transport: WebTransport
# Offered ALPNs: moqt-18, moqt-16, moqt-15, moq-00
1..6
ok 1 - setup-only
  ---
  duration_ms: 190
  negotiated_version: draft-18
  info: SETUP exchange completed successfully
  ...
E0919 01:02:32.603986     1 MoQRelaySession.cpp:1116] PublishNamespaceDone for unknown publishNamespace, sess=0x5652bff19fd0
ok 2 - announce-only
  ---
  duration_ms: 236
  negotiated_version: draft-18
  info: PUBLISH_NAMESPACE completed successfully
  ...
E0919 01:02:32.829724     1 MoQSession.cpp:5112] No matching subscribe ID=0 sess=0x5652bff31ea0
E20260919 01:02:32.830212     1 HQControlCodec.h:58] Unexpected control stream EOF
E20260919 01:02:32.831183     1 HQSession.cpp:3158] Got error on control stream error=HTTP: Critical stream was closed streamID=3 sess=proto=h3, client CID=, server CID=4cb9862dada81ccc, local=10.1.0.191:34194, 8.228.3.228:443=upstream, drain=done
ok 3 - subscribe-error
  ---
  duration_ms: 225
  negotiated_version: draft-18
  info: Subscribe correctly returned error: peer FINed without terminal reply
  ...
E20260919 01:02:33.417471     1 HQControlCodec.h:58] Unexpected control stream EOF
E20260919 01:02:33.417591     1 HQSession.cpp:3158] Got error on control stream error=HTTP: Critical stream was closed streamID=3 sess=proto=h3, client CID=, server CID=8d98c9726ed8fa72, local=10.1.0.191:39765, 8.228.3.228:443=upstream, drain=pending
E0919 01:02:33.417683     1 MoQWebTransportClient.cpp:203] proxygen::HTTPException: Got error=ApplicationError: 260, HTTP error on control stream
not ok 4 - announce-subscribe
  ---
  duration_ms: 586
  negotiated_version: draft-18
  error: Subscribe failed: Session closed
  ...
ok 5 - publish-namespace-done
  ---
  duration_ms: 229
  negotiated_version: draft-18
  info: PUBLISH_NAMESPACE_OK received, PUBLISH_NAMESPACE_DONE sent
  ...
E20260919 01:02:33.873647     1 HQControlCodec.h:58] Unexpected control stream EOF
E20260919 01:02:33.873732     1 HQSession.cpp:3158] Got error on control stream error=HTTP: Critical stream was closed streamID=3 sess=proto=h3, client CID=, server CID=496c5b260a7a0bda, local=10.1.0.191:51220, 8.228.3.228:443=upstream, drain=pending
E0919 01:02:33.873824     1 MoQWebTransportClient.cpp:203] proxygen::HTTPException: Got error=ApplicationError: 260, HTTP error on control stream
ok 6 - subscribe-before-announce
  ---
  duration_ms: 898
  negotiated_version: draft-18
  info: Subscribe returned error (relay doesn't buffer pending subscriptions): Session closed
  ...
make[1]: *** [Makefile:122: test-external] Error 1
make[1]: Leaving directory '/home/runner/work/moq-interop-runner/moq-interop-runner/main'
