make[1]: Entering directory '/home/runner/work/moq-interop-runner/moq-interop-runner/main'
Running tests against https://lminiero.it:9000...
  Client: ghcr.io/englishm/moq-interop-runner-moq-test-client-draft-18:latest
docker run --rm \
	 \
	--network host \
	-e RELAY_URL=https://lminiero.it:9000 \
	-e TLS_DISABLE_VERIFY=false \
	ghcr.io/englishm/moq-interop-runner-moq-test-client-draft-18:latest
TAP version 14
# moq-test-client v0.1.10
# Relay: https://lminiero.it:9000/
1..6
[2m2026-08-13T00:50:47.290287Z[0m [32m INFO[0m [2mmoq_native_ietf::quic[0m[2m:[0m UDP socket bound [3mbind[0m[2m=[0m[::]:0 [3mlocal[0m[2m=[0m[::]:39949 [3mdual_stack[0m[2m=[0mtrue
[2m2026-08-13T00:50:48.333768Z[0m [32m INFO[0m [2mmoq_test_client::scenarios[0m[2m:[0m SETUP exchange completed successfully
ok 1 - setup-only
  ---
  duration_ms: 1044
  connection_id: 2d65ae971f4274e6d285c9344dd1740a
  ...
[2m2026-08-13T00:50:48.334660Z[0m [32m INFO[0m [2mmoq_native_ietf::quic[0m[2m:[0m UDP socket bound [3mbind[0m[2m=[0m[::]:0 [3mlocal[0m[2m=[0m[::]:34948 [3mdual_stack[0m[2m=[0mtrue
[2m2026-08-13T00:50:49.352541Z[0m [32m INFO[0m [2mmoq_test_client::scenarios[0m[2m:[0m Sending PUBLISH_NAMESPACE for: moq-test/interop
[2m2026-08-13T00:50:51.353883Z[0m [32m INFO[0m [2mmoq_test_client::scenarios[0m[2m:[0m PUBLISH_NAMESPACE succeeded (REQUEST_OK received, waiting for subscribers)
ok 2 - publish-namespace-only
  ---
  duration_ms: 3020
  connection_id: d6eeb4e3c645aee65d449d29ff4306bb
  ...
[2m2026-08-13T00:50:51.354880Z[0m [32m INFO[0m [2mmoq_native_ietf::quic[0m[2m:[0m UDP socket bound [3mbind[0m[2m=[0m[::]:0 [3mlocal[0m[2m=[0m[::]:34746 [3mdual_stack[0m[2m=[0mtrue
[2m2026-08-13T00:50:52.552721Z[0m [32m INFO[0m [2mmoq_test_client::scenarios[0m[2m:[0m Subscribing to non-existent track: nonexistent/namespace/test-track
[2m2026-08-13T00:50:52.748251Z[0m [33m WARN[0m [2mmoq_transport::serve::error[0m[2m:[0m [5b4a3409-45c2-49c0-8f10-77e6a113d032] Not found: Namespace not found at moq-transport/src/session/subscriber.rs:483
[2m2026-08-13T00:50:52.748271Z[0m [33m WARN[0m [2mmoq_transport::session::reader[0m[2m:[0m [READER] decode: stream ended while waiting for data (have=0 bytes, need=1)
[2m2026-08-13T00:50:52.748302Z[0m [32m INFO[0m [2mmoq_test_client::scenarios[0m[2m:[0m Got expected 'not found' error: not found: Track not found [error:5b4a3409-45c2-49c0-8f10-77e6a113d032]
ok 3 - subscribe-error
  ---
  duration_ms: 1394
  connection_id: 3c546eafad457611fc559c7acd13c5a8
  ...
[2m2026-08-13T00:50:52.749316Z[0m [32m INFO[0m [2mmoq_native_ietf::quic[0m[2m:[0m UDP socket bound [3mbind[0m[2m=[0m[::]:0 [3mlocal[0m[2m=[0m[::]:53792 [3mdual_stack[0m[2m=[0mtrue
[2m2026-08-13T00:50:53.783130Z[0m [32m INFO[0m [2mmoq_native_ietf::quic[0m[2m:[0m UDP socket bound [3mbind[0m[2m=[0m[::]:0 [3mlocal[0m[2m=[0m[::]:46645 [3mdual_stack[0m[2m=[0mtrue
[2m2026-08-13T00:50:54.977108Z[0m [32m INFO[0m [2mmoq_test_client::scenarios[0m[2m:[0m Publisher sending PUBLISH_NAMESPACE: moq-test/interop
[2m2026-08-13T00:50:54.977128Z[0m [32m INFO[0m [2mmoq_test_client::scenarios[0m[2m:[0m Subscriber subscribing to track: moq-test/interop/test-track
[2m2026-08-13T00:50:56.491703Z[0m [33m WARN[0m [2mmoq_transport::serve::error[0m[2m:[0m [67259559-4c26-4525-8bfa-768bebc77e30] Not found: Namespace not found at moq-transport/src/session/subscriber.rs:483
[2m2026-08-13T00:50:56.491729Z[0m [33m WARN[0m [2mmoq_transport::session::reader[0m[2m:[0m [READER] decode: stream ended while waiting for data (have=0 bytes, need=1)
[2m2026-08-13T00:50:56.491802Z[0m [32m INFO[0m [2mmoq_test_client::scenarios[0m[2m:[0m Subscriber got error: not found: Track not found [error:67259559-4c26-4525-8bfa-768bebc77e30] - subscription was processed
ok 4 - publish-namespace-subscribe
  ---
  duration_ms: 3743
  publisher_connection_id: fe561399242c10d9d0913bffc4d1a81a
  subscriber_connection_id: bcc61ac56acf244375ac71fa0b7c4a15
  ...
[2m2026-08-13T00:50:56.492746Z[0m [32m INFO[0m [2mmoq_native_ietf::quic[0m[2m:[0m UDP socket bound [3mbind[0m[2m=[0m[::]:0 [3mlocal[0m[2m=[0m[::]:59206 [3mdual_stack[0m[2m=[0mtrue
[2m2026-08-13T00:50:57.530346Z[0m [32m INFO[0m [2mmoq_test_client::scenarios[0m[2m:[0m Subscriber subscribing BEFORE PUBLISH_NAMESPACE: moq-test/interop/test-track
[2m2026-08-13T00:50:57.711107Z[0m [33m WARN[0m [2mmoq_transport::serve::error[0m[2m:[0m [58b50cb3-a10f-4caa-82bd-abf4935b2bf9] Not found: Namespace not found at moq-transport/src/session/subscriber.rs:483
[2m2026-08-13T00:50:57.711131Z[0m [33m WARN[0m [2mmoq_transport::session::reader[0m[2m:[0m [READER] decode: stream ended while waiting for data (have=0 bytes, need=1)
[2m2026-08-13T00:50:58.032961Z[0m [32m INFO[0m [2mmoq_native_ietf::quic[0m[2m:[0m UDP socket bound [3mbind[0m[2m=[0m[::]:0 [3mlocal[0m[2m=[0m[::]:41163 [3mdual_stack[0m[2m=[0mtrue
[2m2026-08-13T00:50:59.222798Z[0m [32m INFO[0m [2mmoq_test_client::scenarios[0m[2m:[0m Publisher sending PUBLISH_NAMESPACE (after subscriber): moq-test/interop
[2m2026-08-13T00:51:02.224084Z[0m [32m INFO[0m [2mmoq_test_client::scenarios[0m[2m:[0m Publisher PUBLISH_NAMESPACE timeout (expected)
[2m2026-08-13T00:51:02.224112Z[0m [32m INFO[0m [2mmoq_test_client::scenarios[0m[2m:[0m Subscriber got error: not found: Track not found [error:58b50cb3-a10f-4caa-82bd-abf4935b2bf9] (may be expected)
ok 5 - subscribe-before-publish-namespace
  ---
  duration_ms: 5732
  subscriber_connection_id: 48e5aa808ea38207bb8cfa6d1466a503
  publisher_connection_id: f730e697ef6a5b8aaa33b827ac3697fb
  ...
[2m2026-08-13T00:51:02.225211Z[0m [32m INFO[0m [2mmoq_native_ietf::quic[0m[2m:[0m UDP socket bound [3mbind[0m[2m=[0m[::]:0 [3mlocal[0m[2m=[0m[::]:54094 [3mdual_stack[0m[2m=[0mtrue
[2m2026-08-13T00:51:03.243826Z[0m [32m INFO[0m [2mmoq_test_client::scenarios[0m[2m:[0m Sending PUBLISH_NAMESPACE: moq-test/interop
[2m2026-08-13T00:51:05.245573Z[0m [32m INFO[0m [2mmoq_test_client::scenarios[0m[2m:[0m PUBLISH_NAMESPACE active; sending PUBLISH_NAMESPACE_DONE
[2m2026-08-13T00:51:05.347227Z[0m [32m INFO[0m [2mmoq_test_client::scenarios[0m[2m:[0m PUBLISH_NAMESPACE_DONE sent successfully
ok 6 - publish-namespace-done
  ---
  duration_ms: 3122
  connection_id: 391b081a6eb7b9dcecb5e8899401745c
  ...
make[1]: Leaving directory '/home/runner/work/moq-interop-runner/moq-interop-runner/main'
