make[1]: Entering directory '/home/runner/work/moq-interop-runner/moq-interop-runner/main'
Running tests against https://fb.mvfst.net:9448/moq-relay...
  Client: ghcr.io/englishm/moq-interop-runner-moq-test-client-draft-16:latest
docker run --rm \
	 \
	--network host \
	-e RELAY_URL=https://fb.mvfst.net:9448/moq-relay \
	-e TLS_DISABLE_VERIFY=1 \
	ghcr.io/englishm/moq-interop-runner-moq-test-client-draft-16:latest
TAP version 14
# moq-test-client v0.1.0
# Relay: https://fb.mvfst.net:9448/moq-relay
1..6
ok 1 - setup-only
  ---
  duration_ms: 266
  connection_id: 08ef4c883a54f3a73e223d26cdcd6b9d
  ...
ok 2 - announce-only
  ---
  duration_ms: 2227
  connection_id: cb16bda4b0a211c6af9bfd26bd9acb74
  ...
ok 3 - subscribe-error
  ---
  duration_ms: 323
  connection_id: c281d2bed6a903f2d3c1fcf63d7325a0
  ...
ok 4 - announce-subscribe
  ---
  duration_ms: 712
  publisher_connection_id: 99f40bbdf47f904754738ae022cbb51b
  subscriber_connection_id: d90c27863132f6087d7d4166f09dc186
  ...
ok 5 - subscribe-before-announce
  ---
  duration_ms: 4030
  subscriber_connection_id: ec2bfb53278a97185413c570525ca1a1
  publisher_connection_id: 7dfa0321b695d420f905d5885bad8b65
  ...
ok 6 - publish-namespace-done
  ---
  duration_ms: 2362
  connection_id: cb211e05d6fdc770efc623dbbd93482e
  ...
make[1]: Leaving directory '/home/runner/work/moq-interop-runner/moq-interop-runner/main'
