make[1]: Entering directory '/home/runner/work/moq-interop-runner/moq-interop-runner/main'
Running tests against moqt://moqx-main.ci.openmoq.org:4433...
  Client: ghcr.io/englishm/moq-interop-runner-moq-test-client-draft-16:latest
docker run --rm \
	 \
	--network host \
	-e RELAY_URL=moqt://moqx-main.ci.openmoq.org:4433 \
	-e TLS_DISABLE_VERIFY=false \
	ghcr.io/englishm/moq-interop-runner-moq-test-client-draft-16:latest
TAP version 14
# moq-test-client v0.1.0
# Relay: moqt://moqx-main.ci.openmoq.org:4433
1..6
ok 1 - setup-only
  ---
  duration_ms: 104
  connection_id: 66a9dccd9156f6b417e84197ca316bd7
  ...
ok 2 - announce-only
  ---
  duration_ms: 2116
  connection_id: 92155e250b95f4d6e077b63459a0d2ec
  ...
ok 3 - subscribe-error
  ---
  duration_ms: 197
  connection_id: f9d73956f2bae2bab95634c4166cdbdd
  ...
ok 4 - announce-subscribe
  ---
  duration_ms: 3215
  publisher_connection_id: 59f70ff89e4a8fb152a9af3f5ad0f738
  subscriber_connection_id: 395e0b3ef683feb1bbf34e30dc890a70
  ...
ok 5 - subscribe-before-announce
  ---
  duration_ms: 4104
  subscriber_connection_id: 2ec41396af88bb2f8ed0ae545a68e7a9
  publisher_connection_id: 08945d7cf23dc8fb7a8b99f87383eaa5
  ...
ok 6 - publish-namespace-done
  ---
  duration_ms: 2210
  connection_id: 0810222fbd3df8d50e386f053d6e5ac0
  ...
make[1]: Leaving directory '/home/runner/work/moq-interop-runner/moq-interop-runner/main'
