make[1]: Entering directory '/home/runner/work/moq-interop-runner/moq-interop-runner/main'
Running tests against https://moqx-main.ci.openmoq.org:4433/moq-relay...
  Client: ghcr.io/englishm/moq-interop-runner-moq-test-client-draft-18:latest
docker run --rm \
	 \
	--network host \
	-e RELAY_URL=https://moqx-main.ci.openmoq.org:4433/moq-relay \
	-e TLS_DISABLE_VERIFY=false \
	ghcr.io/englishm/moq-interop-runner-moq-test-client-draft-18:latest
TAP version 14
# moq-test-client v0.1.10
# Relay: https://moqx-main.ci.openmoq.org:4433/moq-relay
1..6
[2m2026-08-13T00:53:30.368728Z[0m [32m INFO[0m [2mmoq_native_ietf::quic[0m[2m:[0m UDP socket bound [3mbind[0m[2m=[0m[::]:0 [3mlocal[0m[2m=[0m[::]:38990 [3mdual_stack[0m[2m=[0mtrue
[2m2026-08-13T00:53:30.648698Z[0m [32m INFO[0m [2mmoq_test_client::scenarios[0m[2m:[0m SETUP exchange completed successfully
ok 1 - setup-only
  ---
  duration_ms: 280
  connection_id: fd98a76aee8de1e4a0926e1b07f6ced1
  ...
[2m2026-08-13T00:53:30.649555Z[0m [32m INFO[0m [2mmoq_native_ietf::quic[0m[2m:[0m UDP socket bound [3mbind[0m[2m=[0m[::]:0 [3mlocal[0m[2m=[0m[::]:41869 [3mdual_stack[0m[2m=[0mtrue
[2m2026-08-13T00:53:30.699372Z[0m [33m WARN[0m [2mweb_transport_quinn::session[0m[2m:[0m failed to read capsule [3me[0m[2m=[0mUnexpectedEnd
[2m2026-08-13T00:53:31.064130Z[0m [32m INFO[0m [2mmoq_test_client::scenarios[0m[2m:[0m Sending PUBLISH_NAMESPACE for: moq-test/interop
[2m2026-08-13T00:53:33.065565Z[0m [32m INFO[0m [2mmoq_test_client::scenarios[0m[2m:[0m PUBLISH_NAMESPACE succeeded (REQUEST_OK received, waiting for subscribers)
ok 2 - publish-namespace-only
  ---
  duration_ms: 2416
  connection_id: edbfe394a4fcdacc806f6850eba34938
  ...
[2m2026-08-13T00:53:33.066727Z[0m [32m INFO[0m [2mmoq_native_ietf::quic[0m[2m:[0m UDP socket bound [3mbind[0m[2m=[0m[::]:0 [3mlocal[0m[2m=[0m[::]:45209 [3mdual_stack[0m[2m=[0mtrue
[2m2026-08-13T00:53:33.114958Z[0m [33m WARN[0m [2mweb_transport_quinn::session[0m[2m:[0m failed to read capsule [3me[0m[2m=[0mUnexpectedEnd
[2m2026-08-13T00:53:33.289892Z[0m [32m INFO[0m [2mmoq_test_client::scenarios[0m[2m:[0m Subscribing to non-existent track: nonexistent/namespace/test-track
[2m2026-08-13T00:53:33.340731Z[0m [33m WARN[0m [2mmoq_transport::serve::error[0m[2m:[0m [d8c83fbb-e74d-4174-9206-884f8c2f07a0] Not found: no such namespace or track at moq-transport/src/session/subscriber.rs:483
[2m2026-08-13T00:53:33.340755Z[0m [33m WARN[0m [2mmoq_transport::session::reader[0m[2m:[0m [READER] decode: stream ended while waiting for data (have=0 bytes, need=1)
[2m2026-08-13T00:53:33.340792Z[0m [32m INFO[0m [2mmoq_test_client::scenarios[0m[2m:[0m Got expected 'not found' error: not found: Track not found [error:d8c83fbb-e74d-4174-9206-884f8c2f07a0]
ok 3 - subscribe-error
  ---
  duration_ms: 275
  connection_id: 63041ead62c8e3bff37aba71da4881f2
  ...
[2m2026-08-13T00:53:33.341674Z[0m [32m INFO[0m [2mmoq_native_ietf::quic[0m[2m:[0m UDP socket bound [3mbind[0m[2m=[0m[::]:0 [3mlocal[0m[2m=[0m[::]:52056 [3mdual_stack[0m[2m=[0mtrue
[2m2026-08-13T00:53:33.391560Z[0m [33m WARN[0m [2mweb_transport_quinn::session[0m[2m:[0m failed to read capsule [3me[0m[2m=[0mUnexpectedEnd
[2m2026-08-13T00:53:33.458560Z[0m [32m INFO[0m [2mmoq_native_ietf::quic[0m[2m:[0m UDP socket bound [3mbind[0m[2m=[0m[::]:0 [3mlocal[0m[2m=[0m[::]:54089 [3mdual_stack[0m[2m=[0mtrue
[2m2026-08-13T00:53:33.564559Z[0m [32m INFO[0m [2mmoq_test_client::scenarios[0m[2m:[0m Publisher sending PUBLISH_NAMESPACE: moq-test/interop
[2m2026-08-13T00:53:33.564573Z[0m [32m INFO[0m [2mmoq_test_client::scenarios[0m[2m:[0m Subscriber subscribing to track: moq-test/interop/test-track
[2m2026-08-13T00:53:33.615126Z[0m [33m WARN[0m [2mmoq_transport::serve::error[0m[2m:[0m [9ff74c69-6390-4663-a9f7-b865cff0f54b] Not found: no such namespace or track at moq-transport/src/session/subscriber.rs:483
[2m2026-08-13T00:53:33.615145Z[0m [33m WARN[0m [2mmoq_transport::session::reader[0m[2m:[0m [READER] decode: stream ended while waiting for data (have=0 bytes, need=1)
[2m2026-08-13T00:53:33.615192Z[0m [32m INFO[0m [2mmoq_test_client::scenarios[0m[2m:[0m Subscriber got error: not found: Track not found [error:9ff74c69-6390-4663-a9f7-b865cff0f54b] - subscription was processed
ok 4 - publish-namespace-subscribe
  ---
  duration_ms: 274
  publisher_connection_id: a074071ad55b8366e59e9c6c4c206fb6
  subscriber_connection_id: accbc3011a2d54416fb9c5e2169023c8
  ...
[2m2026-08-13T00:53:33.616198Z[0m [32m INFO[0m [2mmoq_native_ietf::quic[0m[2m:[0m UDP socket bound [3mbind[0m[2m=[0m[::]:0 [3mlocal[0m[2m=[0m[::]:57781 [3mdual_stack[0m[2m=[0mtrue
[2m2026-08-13T00:53:33.666127Z[0m [33m WARN[0m [2mweb_transport_quinn::session[0m[2m:[0m failed to read capsule [3me[0m[2m=[0mUnexpectedEnd
[2m2026-08-13T00:53:33.666990Z[0m [33m WARN[0m [2mweb_transport_quinn::session[0m[2m:[0m failed to read capsule [3me[0m[2m=[0mUnexpectedEnd
[2m2026-08-13T00:53:33.857798Z[0m [32m INFO[0m [2mmoq_test_client::scenarios[0m[2m:[0m Subscriber subscribing BEFORE PUBLISH_NAMESPACE: moq-test/interop/test-track
[2m2026-08-13T00:53:33.906471Z[0m [33m WARN[0m [2mmoq_transport::serve::error[0m[2m:[0m [5fb9b858-9f28-4a04-8c9f-f437420aee56] Not found: no such namespace or track at moq-transport/src/session/subscriber.rs:483
[2m2026-08-13T00:53:33.906492Z[0m [33m WARN[0m [2mmoq_transport::session::reader[0m[2m:[0m [READER] decode: stream ended while waiting for data (have=0 bytes, need=1)
[2m2026-08-13T00:53:33.955256Z[0m [33m WARN[0m [2mweb_transport_quinn::session[0m[2m:[0m failed to read capsule [3me[0m[2m=[0mUnexpectedEnd
[2m2026-08-13T00:53:34.360215Z[0m [32m INFO[0m [2mmoq_native_ietf::quic[0m[2m:[0m UDP socket bound [3mbind[0m[2m=[0m[::]:0 [3mlocal[0m[2m=[0m[::]:34000 [3mdual_stack[0m[2m=[0mtrue
[2m2026-08-13T00:53:34.621768Z[0m [32m INFO[0m [2mmoq_test_client::scenarios[0m[2m:[0m Publisher sending PUBLISH_NAMESPACE (after subscriber): moq-test/interop
[2m2026-08-13T00:53:37.623756Z[0m [32m INFO[0m [2mmoq_test_client::scenarios[0m[2m:[0m Publisher PUBLISH_NAMESPACE timeout (expected)
[2m2026-08-13T00:53:37.623777Z[0m [32m INFO[0m [2mmoq_test_client::scenarios[0m[2m:[0m Subscriber got error: not found: Track not found [error:5fb9b858-9f28-4a04-8c9f-f437420aee56] (may be expected)
ok 5 - subscribe-before-publish-namespace
  ---
  duration_ms: 4008
  subscriber_connection_id: aaa9266e44ad4ef4b2c01d7de2daf956
  publisher_connection_id: 56ff6de50ab6d54677af74f8d581cefa
  ...
[2m2026-08-13T00:53:37.624840Z[0m [32m INFO[0m [2mmoq_native_ietf::quic[0m[2m:[0m UDP socket bound [3mbind[0m[2m=[0m[::]:0 [3mlocal[0m[2m=[0m[::]:45360 [3mdual_stack[0m[2m=[0mtrue
[2m2026-08-13T00:53:37.673142Z[0m [33m WARN[0m [2mweb_transport_quinn::session[0m[2m:[0m failed to read capsule [3me[0m[2m=[0mUnexpectedEnd
[2m2026-08-13T00:53:37.753740Z[0m [32m INFO[0m [2mmoq_test_client::scenarios[0m[2m:[0m Sending PUBLISH_NAMESPACE: moq-test/interop
[2m2026-08-13T00:53:39.755175Z[0m [32m INFO[0m [2mmoq_test_client::scenarios[0m[2m:[0m PUBLISH_NAMESPACE active; sending PUBLISH_NAMESPACE_DONE
[2m2026-08-13T00:53:39.856437Z[0m [32m INFO[0m [2mmoq_test_client::scenarios[0m[2m:[0m PUBLISH_NAMESPACE_DONE sent successfully
ok 6 - publish-namespace-done
  ---
  duration_ms: 2232
  connection_id: fa8032ea3c8d601a987f91b55303306c
  ...
make[1]: Leaving directory '/home/runner/work/moq-interop-runner/moq-interop-runner/main'
