make[1]: Entering directory '/home/runner/work/moq-interop-runner/moq-interop-runner/main'
Running tests against moqt://moqx-main.ci.openmoq.org:4433...
  Client: ghcr.io/englishm/moq-interop-runner-moq-test-client-draft-18:latest
docker run --rm \
	 \
	--network host \
	-e RELAY_URL=moqt://moqx-main.ci.openmoq.org:4433 \
	-e TLS_DISABLE_VERIFY=false \
	ghcr.io/englishm/moq-interop-runner-moq-test-client-draft-18:latest
TAP version 14
# moq-test-client v0.1.10
# Relay: moqt://moqx-main.ci.openmoq.org:4433
1..6
[2m2026-08-13T00:53:40.007981Z[0m [32m INFO[0m [2mmoq_native_ietf::quic[0m[2m:[0m UDP socket bound [3mbind[0m[2m=[0m[::]:0 [3mlocal[0m[2m=[0m[::]:35767 [3mdual_stack[0m[2m=[0mtrue
[2m2026-08-13T00:53:40.063805Z[0m [32m INFO[0m [2mmoq_test_client::scenarios[0m[2m:[0m SETUP exchange completed successfully
ok 1 - setup-only
  ---
  duration_ms: 56
  connection_id: f145723056c3738dcea1a1643fbbfe30
  ...
[2m2026-08-13T00:53:40.064630Z[0m [32m INFO[0m [2mmoq_native_ietf::quic[0m[2m:[0m UDP socket bound [3mbind[0m[2m=[0m[::]:0 [3mlocal[0m[2m=[0m[::]:60099 [3mdual_stack[0m[2m=[0mtrue
[2m2026-08-13T00:53:40.274077Z[0m [32m INFO[0m [2mmoq_test_client::scenarios[0m[2m:[0m Sending PUBLISH_NAMESPACE for: moq-test/interop
[2m2026-08-13T00:53:42.276170Z[0m [32m INFO[0m [2mmoq_test_client::scenarios[0m[2m:[0m PUBLISH_NAMESPACE succeeded (REQUEST_OK received, waiting for subscribers)
ok 2 - publish-namespace-only
  ---
  duration_ms: 2212
  connection_id: 308e1c1470ae5d7c297edf42cf966101
  ...
[2m2026-08-13T00:53:42.277057Z[0m [32m INFO[0m [2mmoq_native_ietf::quic[0m[2m:[0m UDP socket bound [3mbind[0m[2m=[0m[::]:0 [3mlocal[0m[2m=[0m[::]:39019 [3mdual_stack[0m[2m=[0mtrue
[2m2026-08-13T00:53:42.589460Z[0m [32m INFO[0m [2mmoq_test_client::scenarios[0m[2m:[0m Subscribing to non-existent track: nonexistent/namespace/test-track
[2m2026-08-13T00:53:42.638306Z[0m [33m WARN[0m [2mmoq_transport::serve::error[0m[2m:[0m [3ce6671a-99c1-488f-ae86-a2ea35dc417f] Not found: no such namespace or track at moq-transport/src/session/subscriber.rs:483
[2m2026-08-13T00:53:42.638329Z[0m [33m WARN[0m [2mmoq_transport::session::reader[0m[2m:[0m [READER] decode: stream ended while waiting for data (have=0 bytes, need=1)
[2m2026-08-13T00:53:42.638364Z[0m [32m INFO[0m [2mmoq_test_client::scenarios[0m[2m:[0m Got expected 'not found' error: not found: Track not found [error:3ce6671a-99c1-488f-ae86-a2ea35dc417f]
ok 3 - subscribe-error
  ---
  duration_ms: 362
  connection_id: 7ca7b609da95a3a3a1a4c23beeeb9e16
  ...
[2m2026-08-13T00:53:42.639368Z[0m [32m INFO[0m [2mmoq_native_ietf::quic[0m[2m:[0m UDP socket bound [3mbind[0m[2m=[0m[::]:0 [3mlocal[0m[2m=[0m[::]:54320 [3mdual_stack[0m[2m=[0mtrue
[2m2026-08-13T00:53:42.843922Z[0m [32m INFO[0m [2mmoq_native_ietf::quic[0m[2m:[0m UDP socket bound [3mbind[0m[2m=[0m[::]:0 [3mlocal[0m[2m=[0m[::]:58291 [3mdual_stack[0m[2m=[0mtrue
[2m2026-08-13T00:53:42.914494Z[0m [32m INFO[0m [2mmoq_test_client::scenarios[0m[2m:[0m Publisher sending PUBLISH_NAMESPACE: moq-test/interop
[2m2026-08-13T00:53:42.914513Z[0m [32m INFO[0m [2mmoq_test_client::scenarios[0m[2m:[0m Subscriber subscribing to track: moq-test/interop/test-track
[2m2026-08-13T00:53:45.915434Z[0m [32m INFO[0m [2mmoq_test_client::scenarios[0m[2m:[0m Test timeout reached - subscription routing may still be in progress
ok 4 - publish-namespace-subscribe
  ---
  duration_ms: 3277
  publisher_connection_id: 7240de6b9292ecbedbd58988ba79c0fb
  subscriber_connection_id: 38b4a9ebcee7d61c12b7cc81a760164b
  ...
[2m2026-08-13T00:53:45.916495Z[0m [32m INFO[0m [2mmoq_native_ietf::quic[0m[2m:[0m UDP socket bound [3mbind[0m[2m=[0m[::]:0 [3mlocal[0m[2m=[0m[::]:43150 [3mdual_stack[0m[2m=[0mtrue
[2m2026-08-13T00:53:46.102447Z[0m [32m INFO[0m [2mmoq_test_client::scenarios[0m[2m:[0m Subscriber subscribing BEFORE PUBLISH_NAMESPACE: moq-test/interop/test-track
[2m2026-08-13T00:53:46.153382Z[0m [33m WARN[0m [2mmoq_transport::serve::error[0m[2m:[0m [2e0f778b-091d-49d9-902b-0c7a5846bbda] Not found: no such namespace or track at moq-transport/src/session/subscriber.rs:483
[2m2026-08-13T00:53:46.153403Z[0m [33m WARN[0m [2mmoq_transport::session::reader[0m[2m:[0m [READER] decode: stream ended while waiting for data (have=0 bytes, need=1)
[2m2026-08-13T00:53:46.604221Z[0m [32m INFO[0m [2mmoq_native_ietf::quic[0m[2m:[0m UDP socket bound [3mbind[0m[2m=[0m[::]:0 [3mlocal[0m[2m=[0m[::]:44349 [3mdual_stack[0m[2m=[0mtrue
[2m2026-08-13T00:53:46.758966Z[0m [32m INFO[0m [2mmoq_test_client::scenarios[0m[2m:[0m Publisher sending PUBLISH_NAMESPACE (after subscriber): moq-test/interop
[2m2026-08-13T00:53:49.760313Z[0m [32m INFO[0m [2mmoq_test_client::scenarios[0m[2m:[0m Publisher PUBLISH_NAMESPACE timeout (expected)
[2m2026-08-13T00:53:49.760338Z[0m [32m INFO[0m [2mmoq_test_client::scenarios[0m[2m:[0m Subscriber got error: not found: Track not found [error:2e0f778b-091d-49d9-902b-0c7a5846bbda] (may be expected)
ok 5 - subscribe-before-publish-namespace
  ---
  duration_ms: 3844
  subscriber_connection_id: b6d18a3f2062cac80379640dfb07f371
  publisher_connection_id: b646db1fe4a3cf6f1f4df44899a80fd6
  ...
[2m2026-08-13T00:53:49.761276Z[0m [32m INFO[0m [2mmoq_native_ietf::quic[0m[2m:[0m UDP socket bound [3mbind[0m[2m=[0m[::]:0 [3mlocal[0m[2m=[0m[::]:37889 [3mdual_stack[0m[2m=[0mtrue
[2m2026-08-13T00:53:49.919111Z[0m [32m INFO[0m [2mmoq_test_client::scenarios[0m[2m:[0m Sending PUBLISH_NAMESPACE: moq-test/interop
[2m2026-08-13T00:53:51.920966Z[0m [32m INFO[0m [2mmoq_test_client::scenarios[0m[2m:[0m PUBLISH_NAMESPACE active; sending PUBLISH_NAMESPACE_DONE
[2m2026-08-13T00:53:52.022495Z[0m [32m INFO[0m [2mmoq_test_client::scenarios[0m[2m:[0m PUBLISH_NAMESPACE_DONE sent successfully
ok 6 - publish-namespace-done
  ---
  duration_ms: 2262
  connection_id: 79a7b56675c9d69773ebcfac0b45ede5
  ...
make[1]: Leaving directory '/home/runner/work/moq-interop-runner/moq-interop-runner/main'
