make[1]: Entering directory '/home/runner/work/moq-interop-runner/moq-interop-runner/main'
Running tests against moqt://us-west-2.relay.quicr.org:33437...
  Client: ghcr.io/facebookexperimental/moxygen-interop-client:latest-amd64
docker run --rm \
	 \
	--network host \
	-e RELAY_URL=moqt://us-west-2.relay.quicr.org:33437 \
	-e TLS_DISABLE_VERIFY=1 \
	ghcr.io/facebookexperimental/moxygen-interop-client:latest-amd64
TAP version 14
# moxygen interop test client
# Relay: moqt://us-west-2.relay.quicr.org:33437
# Transport: QUIC
1..6
ok 1 - setup-only
  ---
  duration_ms: 56
  info: SETUP exchange completed successfully
  ...
W0813 01:33:48.444721     1 MoQSession.cpp:5628] Issuing request that will fail; nextRequestID_=0 peerMaxRequestID_=0 sess=0x562a7b594c80
ok 2 - announce-only
  ---
  duration_ms: 78
  info: PUBLISH_NAMESPACE completed successfully
  ...
E0813 01:33:48.464719     1 MoQRelaySession.cpp:1116] PublishNamespaceDone for unknown publishNamespace, sess=0x562a7b594c80
W0813 01:33:48.517655     1 MoQSession.cpp:5628] Issuing request that will fail; nextRequestID_=0 peerMaxRequestID_=0 sess=0x562a7b5945d0
E0813 01:33:48.538176     1 MoQCodec.cpp:126] Conn error=3
E0813 01:33:48.538190     1 MoQSession.cpp:5412] MoQCodec control stream parse error err=3
ok 3 - subscribe-error
  ---
  duration_ms: 73
  info: Subscribe correctly returned error: Session closed
  ...
W0813 01:33:48.589488     1 MoQSession.cpp:5628] Issuing request that will fail; nextRequestID_=0 peerMaxRequestID_=0 sess=0x562a7b56a7f0
W0813 01:33:48.675669     1 MoQSession.cpp:5628] Issuing request that will fail; nextRequestID_=0 peerMaxRequestID_=0 sess=0x562a7b569df0
E0813 01:33:48.696316     1 MoQCodec.cpp:126] Conn error=3
E0813 01:33:48.696344     1 MoQSession.cpp:5412] MoQCodec control stream parse error err=3
not ok 4 - announce-subscribe
  ---
  duration_ms: 158
  error: Subscribe failed: Session closed
  ...
W0813 01:33:48.755858     1 MoQSession.cpp:5628] Issuing request that will fail; nextRequestID_=0 peerMaxRequestID_=0 sess=0x562a7b598420
ok 5 - publish-namespace-done
  ---
  duration_ms: 79
  info: PUBLISH_NAMESPACE_OK received, PUBLISH_NAMESPACE_DONE sent
  ...
W0813 01:33:48.820347     1 MoQSession.cpp:5628] Issuing request that will fail; nextRequestID_=0 peerMaxRequestID_=0 sess=0x562a7b56a7f0
E0813 01:33:48.840572     1 MoQCodec.cpp:126] Conn error=3
E0813 01:33:48.840588     1 MoQSession.cpp:5412] MoQCodec control stream parse error err=3
W0813 01:33:49.365589     1 MoQSession.cpp:5628] Issuing request that will fail; nextRequestID_=0 peerMaxRequestID_=0 sess=0x562a7b594480
ok 6 - subscribe-before-announce
  ---
  duration_ms: 609
  info: Subscribe returned error (relay doesn't buffer pending subscriptions): Session closed
  ...
make[1]: *** [Makefile:122: test-external] Error 1
make[1]: Leaving directory '/home/runner/work/moq-interop-runner/moq-interop-runner/main'
