make[1]: Entering directory '/home/runner/work/moq-interop-runner/moq-interop-runner/main'
Running tests against https://draft-18-interop.cloudflare.mediaoverquic.com:443/moq...
  Client: ghcr.io/englishm/moq-interop-runner-moq-test-client-draft-18:latest
docker run --rm \
	 \
	--network host \
	-e RELAY_URL=https://draft-18-interop.cloudflare.mediaoverquic.com:443/moq \
	-e TLS_DISABLE_VERIFY=false \
	ghcr.io/englishm/moq-interop-runner-moq-test-client-draft-18:latest
TAP version 14
# moq-test-client v0.1.10
# Relay: https://draft-18-interop.cloudflare.mediaoverquic.com/moq
1..6
[2m2026-08-18T00:41:38.509731Z[0m [32m INFO[0m [2mmoq_native_ietf::quic[0m[2m:[0m UDP socket bound [3mbind[0m[2m=[0m[::]:0 [3mlocal[0m[2m=[0m[::]:52272 [3mdual_stack[0m[2m=[0mtrue
[2m2026-08-18T00:41:38.679470Z[0m [32m INFO[0m [2mmoq_test_client::scenarios[0m[2m:[0m SETUP exchange completed successfully
ok 1 - setup-only
  ---
  duration_ms: 170
  connection_id: f4629dcc5c90af7fb15bc817c3ddd110
  ...
[2m2026-08-18T00:41:38.680143Z[0m [32m INFO[0m [2mmoq_native_ietf::quic[0m[2m:[0m UDP socket bound [3mbind[0m[2m=[0m[::]:0 [3mlocal[0m[2m=[0m[::]:35609 [3mdual_stack[0m[2m=[0mtrue
[2m2026-08-18T00:41:38.703554Z[0m [33m WARN[0m [2mweb_transport_quinn::session[0m[2m:[0m failed to read capsule [3me[0m[2m=[0mUnexpectedEnd
[2m2026-08-18T00:41:38.916087Z[0m [32m INFO[0m [2mmoq_test_client::scenarios[0m[2m:[0m Sending PUBLISH_NAMESPACE for: moq-test/interop
[2m2026-08-18T00:41:40.918114Z[0m [32m INFO[0m [2mmoq_test_client::scenarios[0m[2m:[0m PUBLISH_NAMESPACE succeeded (REQUEST_OK received, waiting for subscribers)
ok 2 - publish-namespace-only
  ---
  duration_ms: 2238
  connection_id: 8d497b1f5b8b666228f0f8683d3744be
  ...
[2m2026-08-18T00:41:40.918895Z[0m [32m INFO[0m [2mmoq_native_ietf::quic[0m[2m:[0m UDP socket bound [3mbind[0m[2m=[0m[::]:0 [3mlocal[0m[2m=[0m[::]:44952 [3mdual_stack[0m[2m=[0mtrue
[2m2026-08-18T00:41:41.049945Z[0m [32m INFO[0m [2mmoq_test_client::scenarios[0m[2m:[0m Subscribing to non-existent track: nonexistent/namespace/test-track
[2m2026-08-18T00:41:41.075263Z[0m [33m WARN[0m [2mmoq_transport::serve::error[0m[2m:[0m [9b9da056-897e-4a97-aa61-70c99c07a889] Not found: not found: Track not found [error:1a4a9a7c-cbbc-4f7a-a39c-095aaca15bc4] at moq-transport/src/session/subscriber.rs:483
[2m2026-08-18T00:41:41.075278Z[0m [33m WARN[0m [2mmoq_transport::session::reader[0m[2m:[0m [READER] decode: stream ended while waiting for data (have=0 bytes, need=1)
[2m2026-08-18T00:41:41.075311Z[0m [32m INFO[0m [2mmoq_test_client::scenarios[0m[2m:[0m Got expected 'not found' error: not found: Track not found [error:9b9da056-897e-4a97-aa61-70c99c07a889]
ok 3 - subscribe-error
  ---
  duration_ms: 157
  connection_id: 7a244d4f876b8689b1f9fb7e4a2c5a9d
  ...
[2m2026-08-18T00:41:41.075993Z[0m [32m INFO[0m [2mmoq_native_ietf::quic[0m[2m:[0m UDP socket bound [3mbind[0m[2m=[0m[::]:0 [3mlocal[0m[2m=[0m[::]:33653 [3mdual_stack[0m[2m=[0mtrue
[2m2026-08-18T00:41:41.100206Z[0m [33m WARN[0m [2mweb_transport_quinn::session[0m[2m:[0m failed to read capsule [3me[0m[2m=[0mUnexpectedEnd
[2m2026-08-18T00:41:41.287138Z[0m [32m INFO[0m [2mmoq_native_ietf::quic[0m[2m:[0m UDP socket bound [3mbind[0m[2m=[0m[::]:0 [3mlocal[0m[2m=[0m[::]:44934 [3mdual_stack[0m[2m=[0mtrue
[2m2026-08-18T00:41:41.595011Z[0m [32m INFO[0m [2mmoq_test_client::scenarios[0m[2m:[0m Publisher sending PUBLISH_NAMESPACE: moq-test/interop
[2m2026-08-18T00:41:41.595028Z[0m [32m INFO[0m [2mmoq_test_client::scenarios[0m[2m:[0m Subscriber subscribing to track: moq-test/interop/test-track
[2m2026-08-18T00:41:44.597206Z[0m [32m INFO[0m [2mmoq_test_client::scenarios[0m[2m:[0m Test timeout reached - subscription routing may still be in progress
ok 4 - publish-namespace-subscribe
  ---
  duration_ms: 3521
  publisher_connection_id: 93fce9eb6789262e481c0ddf3ae37bfe
  subscriber_connection_id: 9182a1fc748e12fa8fcea2f2a9b5157d
  ...
[2m2026-08-18T00:41:44.597955Z[0m [32m INFO[0m [2mmoq_native_ietf::quic[0m[2m:[0m UDP socket bound [3mbind[0m[2m=[0m[::]:0 [3mlocal[0m[2m=[0m[::]:39868 [3mdual_stack[0m[2m=[0mtrue
[2m2026-08-18T00:41:44.622313Z[0m [33m WARN[0m [2mweb_transport_quinn::session[0m[2m:[0m failed to read capsule [3me[0m[2m=[0mUnexpectedEnd
[2m2026-08-18T00:41:44.733546Z[0m [32m INFO[0m [2mmoq_test_client::scenarios[0m[2m:[0m Subscriber subscribing BEFORE PUBLISH_NAMESPACE: moq-test/interop/test-track
[2m2026-08-18T00:41:44.759841Z[0m [33m WARN[0m [2mmoq_transport::serve::error[0m[2m:[0m [77431334-6756-4702-bc4d-8d0667173e49] Not found: not found: Track not found [error:a6651700-c2f3-4a81-96f3-b936abf1ea57] at moq-transport/src/session/subscriber.rs:483
[2m2026-08-18T00:41:44.785591Z[0m [33m WARN[0m [2mweb_transport_quinn::session[0m[2m:[0m failed to read capsule [3me[0m[2m=[0mUnexpectedEnd
[2m2026-08-18T00:41:45.235599Z[0m [32m INFO[0m [2mmoq_native_ietf::quic[0m[2m:[0m UDP socket bound [3mbind[0m[2m=[0m[::]:0 [3mlocal[0m[2m=[0m[::]:38689 [3mdual_stack[0m[2m=[0mtrue
[2m2026-08-18T00:41:45.380171Z[0m [32m INFO[0m [2mmoq_test_client::scenarios[0m[2m:[0m Publisher sending PUBLISH_NAMESPACE (after subscriber): moq-test/interop
[2m2026-08-18T00:41:48.381663Z[0m [32m INFO[0m [2mmoq_test_client::scenarios[0m[2m:[0m Publisher PUBLISH_NAMESPACE timeout (expected)
[2m2026-08-18T00:41:48.381690Z[0m [32m INFO[0m [2mmoq_test_client::scenarios[0m[2m:[0m Subscriber got error: not found: Track not found [error:77431334-6756-4702-bc4d-8d0667173e49] (may be expected)
ok 5 - subscribe-before-publish-namespace
  ---
  duration_ms: 3784
  subscriber_connection_id: 351f8c5eee3d97fd4d9b204214c06967
  publisher_connection_id: fd19d736efc31a33716b3312fb549c76
  ...
[2m2026-08-18T00:41:48.382465Z[0m [32m INFO[0m [2mmoq_native_ietf::quic[0m[2m:[0m UDP socket bound [3mbind[0m[2m=[0m[::]:0 [3mlocal[0m[2m=[0m[::]:48566 [3mdual_stack[0m[2m=[0mtrue
[2m2026-08-18T00:41:48.406786Z[0m [33m WARN[0m [2mweb_transport_quinn::session[0m[2m:[0m failed to read capsule [3me[0m[2m=[0mUnexpectedEnd
[2m2026-08-18T00:41:48.512457Z[0m [32m INFO[0m [2mmoq_test_client::scenarios[0m[2m:[0m Sending PUBLISH_NAMESPACE: moq-test/interop
[2m2026-08-18T00:41:50.513580Z[0m [32m INFO[0m [2mmoq_test_client::scenarios[0m[2m:[0m PUBLISH_NAMESPACE active; sending PUBLISH_NAMESPACE_DONE
[2m2026-08-18T00:41:50.614405Z[0m [32m INFO[0m [2mmoq_test_client::scenarios[0m[2m:[0m PUBLISH_NAMESPACE_DONE sent successfully
ok 6 - publish-namespace-done
  ---
  duration_ms: 2232
  connection_id: bdd7c92de6fd8e6d16a2d6ff2a3efd95
  ...
make[1]: Leaving directory '/home/runner/work/moq-interop-runner/moq-interop-runner/main'
