make[1]: Entering directory '/home/runner/work/moq-interop-runner/moq-interop-runner/main'
Running tests against moqt://draft-18-interop.cloudflare.mediaoverquic.com:443...
  Client: ghcr.io/englishm/moq-interop-runner-moq-test-client-draft-18:latest
docker run --rm \
	 \
	--network host \
	-e RELAY_URL=moqt://draft-18-interop.cloudflare.mediaoverquic.com:443 \
	-e TLS_DISABLE_VERIFY=false \
	ghcr.io/englishm/moq-interop-runner-moq-test-client-draft-18:latest
TAP version 14
# moq-test-client v0.1.10
# Relay: moqt://draft-18-interop.cloudflare.mediaoverquic.com:443
1..6
[2m2026-08-18T00:41:26.363364Z[0m [32m INFO[0m [2mmoq_native_ietf::quic[0m[2m:[0m UDP socket bound [3mbind[0m[2m=[0m[::]:0 [3mlocal[0m[2m=[0m[::]:54138 [3mdual_stack[0m[2m=[0mtrue
[2m2026-08-18T00:41:26.521341Z[0m [32m INFO[0m [2mmoq_test_client::scenarios[0m[2m:[0m SETUP exchange completed successfully
ok 1 - setup-only
  ---
  duration_ms: 158
  connection_id: 537f2916540c111d3445c8960b3ce453
  ...
[2m2026-08-18T00:41:26.522023Z[0m [32m INFO[0m [2mmoq_native_ietf::quic[0m[2m:[0m UDP socket bound [3mbind[0m[2m=[0m[::]:0 [3mlocal[0m[2m=[0m[::]:33150 [3mdual_stack[0m[2m=[0mtrue
[2m2026-08-18T00:41:26.692014Z[0m [32m INFO[0m [2mmoq_test_client::scenarios[0m[2m:[0m Sending PUBLISH_NAMESPACE for: moq-test/interop
[2m2026-08-18T00:41:28.693505Z[0m [32m INFO[0m [2mmoq_test_client::scenarios[0m[2m:[0m PUBLISH_NAMESPACE succeeded (REQUEST_OK received, waiting for subscribers)
ok 2 - publish-namespace-only
  ---
  duration_ms: 2172
  connection_id: 79f67e667e11aca4d728889efa4bb88d
  ...
[2m2026-08-18T00:41:28.694285Z[0m [32m INFO[0m [2mmoq_native_ietf::quic[0m[2m:[0m UDP socket bound [3mbind[0m[2m=[0m[::]:0 [3mlocal[0m[2m=[0m[::]:41053 [3mdual_stack[0m[2m=[0mtrue
[2m2026-08-18T00:41:28.852981Z[0m [32m INFO[0m [2mmoq_test_client::scenarios[0m[2m:[0m Subscribing to non-existent track: nonexistent/namespace/test-track
[2m2026-08-18T00:41:28.878072Z[0m [33m WARN[0m [2mmoq_transport::serve::error[0m[2m:[0m [041b884a-6c3b-42d2-8d56-7114a9e1bf14] Not found: not found: Track not found [error:308618ab-1cf0-4f29-a88b-e10cf0fb112c] at moq-transport/src/session/subscriber.rs:483
[2m2026-08-18T00:41:28.878113Z[0m [32m INFO[0m [2mmoq_test_client::scenarios[0m[2m:[0m Got expected 'not found' error: not found: Track not found [error:041b884a-6c3b-42d2-8d56-7114a9e1bf14]
ok 3 - subscribe-error
  ---
  duration_ms: 184
  connection_id: 23084cca482b2705d49cd1a5c9e03b5a
  ...
[2m2026-08-18T00:41:28.878786Z[0m [32m INFO[0m [2mmoq_native_ietf::quic[0m[2m:[0m UDP socket bound [3mbind[0m[2m=[0m[::]:0 [3mlocal[0m[2m=[0m[::]:54595 [3mdual_stack[0m[2m=[0mtrue
[2m2026-08-18T00:41:29.024684Z[0m [32m INFO[0m [2mmoq_native_ietf::quic[0m[2m:[0m UDP socket bound [3mbind[0m[2m=[0m[::]:0 [3mlocal[0m[2m=[0m[::]:53676 [3mdual_stack[0m[2m=[0mtrue
[2m2026-08-18T00:41:29.158006Z[0m [32m INFO[0m [2mmoq_test_client::scenarios[0m[2m:[0m Publisher sending PUBLISH_NAMESPACE: moq-test/interop
[2m2026-08-18T00:41:29.158021Z[0m [32m INFO[0m [2mmoq_test_client::scenarios[0m[2m:[0m Subscriber subscribing to track: moq-test/interop/test-track
[2m2026-08-18T00:41:32.159143Z[0m [32m INFO[0m [2mmoq_test_client::scenarios[0m[2m:[0m Test timeout reached - subscription routing may still be in progress
ok 4 - publish-namespace-subscribe
  ---
  duration_ms: 3281
  publisher_connection_id: 00ffb38b3d53e03ca0f58a10e80cf4d2
  subscriber_connection_id: f0cbb7c577a1bc9269d743cba0bc78fa
  ...
[2m2026-08-18T00:41:32.159915Z[0m [32m INFO[0m [2mmoq_native_ietf::quic[0m[2m:[0m UDP socket bound [3mbind[0m[2m=[0m[::]:0 [3mlocal[0m[2m=[0m[::]:38944 [3mdual_stack[0m[2m=[0mtrue
[2m2026-08-18T00:41:32.239830Z[0m [32m INFO[0m [2mmoq_test_client::scenarios[0m[2m:[0m Subscriber subscribing BEFORE PUBLISH_NAMESPACE: moq-test/interop/test-track
[2m2026-08-18T00:41:32.265179Z[0m [33m WARN[0m [2mmoq_transport::serve::error[0m[2m:[0m [85b3c5ca-8006-4d48-bd5d-3b3f92d0b529] Not found: not found: Track not found [error:6bb5a758-1d1b-44ab-b0b9-fb356e13b046] at moq-transport/src/session/subscriber.rs:483
[2m2026-08-18T00:41:32.741428Z[0m [32m INFO[0m [2mmoq_native_ietf::quic[0m[2m:[0m UDP socket bound [3mbind[0m[2m=[0m[::]:0 [3mlocal[0m[2m=[0m[::]:37350 [3mdual_stack[0m[2m=[0mtrue
[2m2026-08-18T00:41:32.825820Z[0m [32m INFO[0m [2mmoq_test_client::scenarios[0m[2m:[0m Publisher sending PUBLISH_NAMESPACE (after subscriber): moq-test/interop
[2m2026-08-18T00:41:35.826965Z[0m [32m INFO[0m [2mmoq_test_client::scenarios[0m[2m:[0m Publisher PUBLISH_NAMESPACE timeout (expected)
[2m2026-08-18T00:41:35.826987Z[0m [32m INFO[0m [2mmoq_test_client::scenarios[0m[2m:[0m Subscriber got error: not found: Track not found [error:85b3c5ca-8006-4d48-bd5d-3b3f92d0b529] (may be expected)
ok 5 - subscribe-before-publish-namespace
  ---
  duration_ms: 3667
  subscriber_connection_id: bb7bac6365d69363a867a1738b42532d
  publisher_connection_id: c23f4df8ff28bbbdd58f1adf9a18dcbd
  ...
[2m2026-08-18T00:41:35.827753Z[0m [32m INFO[0m [2mmoq_native_ietf::quic[0m[2m:[0m UDP socket bound [3mbind[0m[2m=[0m[::]:0 [3mlocal[0m[2m=[0m[::]:45928 [3mdual_stack[0m[2m=[0mtrue
[2m2026-08-18T00:41:35.958856Z[0m [32m INFO[0m [2mmoq_test_client::scenarios[0m[2m:[0m Sending PUBLISH_NAMESPACE: moq-test/interop
[2m2026-08-18T00:41:37.960258Z[0m [32m INFO[0m [2mmoq_test_client::scenarios[0m[2m:[0m PUBLISH_NAMESPACE active; sending PUBLISH_NAMESPACE_DONE
[2m2026-08-18T00:41:38.060845Z[0m [32m INFO[0m [2mmoq_test_client::scenarios[0m[2m:[0m PUBLISH_NAMESPACE_DONE sent successfully
ok 6 - publish-namespace-done
  ---
  duration_ms: 2233
  connection_id: b6c100f47fae60993a4c2e8b300dd552
  ...
make[1]: Leaving directory '/home/runner/work/moq-interop-runner/moq-interop-runner/main'
