make[1]: Entering directory '/home/runner/work/moq-interop-runner/moq-interop-runner/main'
Running tests against https://lminiero.it:9000...
  Client: ghcr.io/englishm/moq-interop-runner-moq-test-client-draft-18:latest
docker run --rm \
	 \
	--network host \
	-e RELAY_URL=https://lminiero.it:9000 \
	-e TLS_DISABLE_VERIFY=false \
	ghcr.io/englishm/moq-interop-runner-moq-test-client-draft-18:latest
TAP version 14
# moq-test-client v0.1.10
# Relay: https://lminiero.it:9000/
1..6
[2m2026-08-18T00:39:56.444139Z[0m [32m INFO[0m [2mmoq_native_ietf::quic[0m[2m:[0m UDP socket bound [3mbind[0m[2m=[0m[::]:0 [3mlocal[0m[2m=[0m[::]:57808 [3mdual_stack[0m[2m=[0mtrue
[2m2026-08-18T00:39:57.435386Z[0m [32m INFO[0m [2mmoq_test_client::scenarios[0m[2m:[0m SETUP exchange completed successfully
ok 1 - setup-only
  ---
  duration_ms: 991
  connection_id: 9ca4ca2fcb0e33b71c4e0c88c31a4ea8
  ...
[2m2026-08-18T00:39:57.436084Z[0m [32m INFO[0m [2mmoq_native_ietf::quic[0m[2m:[0m UDP socket bound [3mbind[0m[2m=[0m[::]:0 [3mlocal[0m[2m=[0m[::]:42302 [3mdual_stack[0m[2m=[0mtrue
[2m2026-08-18T00:39:58.352245Z[0m [32m INFO[0m [2mmoq_test_client::scenarios[0m[2m:[0m Sending PUBLISH_NAMESPACE for: moq-test/interop
[2m2026-08-18T00:40:00.353050Z[0m [32m INFO[0m [2mmoq_test_client::scenarios[0m[2m:[0m PUBLISH_NAMESPACE succeeded (REQUEST_OK received, waiting for subscribers)
ok 2 - publish-namespace-only
  ---
  duration_ms: 2917
  connection_id: 96b354a71cd66da15e3bf36b793cccdc
  ...
[2m2026-08-18T00:40:00.353855Z[0m [32m INFO[0m [2mmoq_native_ietf::quic[0m[2m:[0m UDP socket bound [3mbind[0m[2m=[0m[::]:0 [3mlocal[0m[2m=[0m[::]:56988 [3mdual_stack[0m[2m=[0mtrue
[2m2026-08-18T00:40:01.174884Z[0m [32m INFO[0m [2mmoq_test_client::scenarios[0m[2m:[0m Subscribing to non-existent track: nonexistent/namespace/test-track
[2m2026-08-18T00:40:01.368067Z[0m [33m WARN[0m [2mmoq_transport::serve::error[0m[2m:[0m [9404c700-7476-4356-b938-b52c3766c12a] Not found: Namespace not found at moq-transport/src/session/subscriber.rs:483
[2m2026-08-18T00:40:01.368095Z[0m [33m WARN[0m [2mmoq_transport::session::reader[0m[2m:[0m [READER] decode: stream ended while waiting for data (have=0 bytes, need=1)
[2m2026-08-18T00:40:01.368136Z[0m [32m INFO[0m [2mmoq_test_client::scenarios[0m[2m:[0m Got expected 'not found' error: not found: Track not found [error:9404c700-7476-4356-b938-b52c3766c12a]
ok 3 - subscribe-error
  ---
  duration_ms: 1015
  connection_id: 4a2aeb02e5da124f216c74004ef9329f
  ...
[2m2026-08-18T00:40:01.368914Z[0m [32m INFO[0m [2mmoq_native_ietf::quic[0m[2m:[0m UDP socket bound [3mbind[0m[2m=[0m[::]:0 [3mlocal[0m[2m=[0m[::]:57259 [3mdual_stack[0m[2m=[0mtrue
[2m2026-08-18T00:40:02.317490Z[0m [32m INFO[0m [2mmoq_native_ietf::quic[0m[2m:[0m UDP socket bound [3mbind[0m[2m=[0m[::]:0 [3mlocal[0m[2m=[0m[::]:39604 [3mdual_stack[0m[2m=[0mtrue
[2m2026-08-18T00:40:03.225246Z[0m [32m INFO[0m [2mmoq_test_client::scenarios[0m[2m:[0m Publisher sending PUBLISH_NAMESPACE: moq-test/interop
[2m2026-08-18T00:40:03.225264Z[0m [32m INFO[0m [2mmoq_test_client::scenarios[0m[2m:[0m Subscriber subscribing to track: moq-test/interop/test-track
[2m2026-08-18T00:40:03.391115Z[0m [33m WARN[0m [2mmoq_transport::serve::error[0m[2m:[0m [caaf1a5a-a0e5-4033-80cd-34150f448dd4] Not found: Namespace not found at moq-transport/src/session/subscriber.rs:483
[2m2026-08-18T00:40:03.391139Z[0m [33m WARN[0m [2mmoq_transport::session::reader[0m[2m:[0m [READER] decode: stream ended while waiting for data (have=0 bytes, need=1)
[2m2026-08-18T00:40:03.391201Z[0m [32m INFO[0m [2mmoq_test_client::scenarios[0m[2m:[0m Subscriber got error: not found: Track not found [error:caaf1a5a-a0e5-4033-80cd-34150f448dd4] - subscription was processed
ok 4 - publish-namespace-subscribe
  ---
  duration_ms: 2023
  publisher_connection_id: ec84d6c5caeec624cc2a2d4710e6e7b4
  subscriber_connection_id: 23509bff60596e96e3245ce7407bf1e2
  ...
[2m2026-08-18T00:40:03.392022Z[0m [32m INFO[0m [2mmoq_native_ietf::quic[0m[2m:[0m UDP socket bound [3mbind[0m[2m=[0m[::]:0 [3mlocal[0m[2m=[0m[::]:38463 [3mdual_stack[0m[2m=[0mtrue
[2m2026-08-18T00:40:04.079061Z[0m [32m INFO[0m [2mmoq_test_client::scenarios[0m[2m:[0m Subscriber subscribing BEFORE PUBLISH_NAMESPACE: moq-test/interop/test-track
[2m2026-08-18T00:40:04.250806Z[0m [33m WARN[0m [2mmoq_transport::serve::error[0m[2m:[0m [1f70b0da-9070-4933-b37e-2e84fbbbfd13] Not found: Namespace not found at moq-transport/src/session/subscriber.rs:483
[2m2026-08-18T00:40:04.250830Z[0m [33m WARN[0m [2mmoq_transport::session::reader[0m[2m:[0m [READER] decode: stream ended while waiting for data (have=0 bytes, need=1)
[2m2026-08-18T00:40:04.580773Z[0m [32m INFO[0m [2mmoq_native_ietf::quic[0m[2m:[0m UDP socket bound [3mbind[0m[2m=[0m[::]:0 [3mlocal[0m[2m=[0m[::]:34172 [3mdual_stack[0m[2m=[0mtrue
[2m2026-08-18T00:40:05.523755Z[0m [32m INFO[0m [2mmoq_test_client::scenarios[0m[2m:[0m Publisher sending PUBLISH_NAMESPACE (after subscriber): moq-test/interop
[2m2026-08-18T00:40:08.525598Z[0m [32m INFO[0m [2mmoq_test_client::scenarios[0m[2m:[0m Publisher PUBLISH_NAMESPACE timeout (expected)
[2m2026-08-18T00:40:08.525621Z[0m [32m INFO[0m [2mmoq_test_client::scenarios[0m[2m:[0m Subscriber got error: not found: Track not found [error:1f70b0da-9070-4933-b37e-2e84fbbbfd13] (may be expected)
ok 5 - subscribe-before-publish-namespace
  ---
  duration_ms: 5134
  subscriber_connection_id: 64f03e069476ad6f985ce035f2a56372
  publisher_connection_id: 657ee378d5170b7de99a88c3ae4f4e1e
  ...
[2m2026-08-18T00:40:08.526335Z[0m [32m INFO[0m [2mmoq_native_ietf::quic[0m[2m:[0m UDP socket bound [3mbind[0m[2m=[0m[::]:0 [3mlocal[0m[2m=[0m[::]:48180 [3mdual_stack[0m[2m=[0mtrue
[2m2026-08-18T00:40:09.773306Z[0m [32m INFO[0m [2mmoq_test_client::scenarios[0m[2m:[0m Sending PUBLISH_NAMESPACE: moq-test/interop
[2m2026-08-18T00:40:11.774565Z[0m [32m INFO[0m [2mmoq_test_client::scenarios[0m[2m:[0m PUBLISH_NAMESPACE active; sending PUBLISH_NAMESPACE_DONE
[2m2026-08-18T00:40:11.876346Z[0m [32m INFO[0m [2mmoq_test_client::scenarios[0m[2m:[0m PUBLISH_NAMESPACE_DONE sent successfully
ok 6 - publish-namespace-done
  ---
  duration_ms: 3350
  connection_id: 072f3a154f6930210e997c62e7759234
  ...
make[1]: Leaving directory '/home/runner/work/moq-interop-runner/moq-interop-runner/main'
