make[1]: Entering directory '/home/runner/work/moq-interop-runner/moq-interop-runner/main'
Running tests against moqt://moqx-main.ci.openmoq.org:4433...
  Client: ghcr.io/englishm/moq-interop-runner-moq-test-client-draft-16:latest
docker run --rm \
	 \
	--network host \
	-e RELAY_URL=moqt://moqx-main.ci.openmoq.org:4433 \
	-e TLS_DISABLE_VERIFY=false \
	ghcr.io/englishm/moq-interop-runner-moq-test-client-draft-16:latest
TAP version 14
# moq-test-client v0.1.0
# Relay: moqt://moqx-main.ci.openmoq.org:4433
1..6
ok 1 - setup-only
  ---
  duration_ms: 85
  connection_id: 3d936e6b847a12eeda765576e2f6bfc4
  ...
ok 2 - announce-only
  ---
  duration_ms: 2103
  connection_id: f3378617815fe84408beb26c083bc7c7
  ...
ok 3 - subscribe-error
  ---
  duration_ms: 131
  connection_id: 561cb62f34e04a0f16e6e9dae2cef255
  ...
ok 4 - announce-subscribe
  ---
  duration_ms: 3160
  publisher_connection_id: 227afb4a67f19c64738c5505e2e68474
  subscriber_connection_id: 2a6ce536ffaee51dac84d3ada6353b3d
  ...
ok 5 - subscribe-before-announce
  ---
  duration_ms: 3662
  subscriber_connection_id: a1362b59e6fbec0b1039e2f8d96a366b
  publisher_connection_id: 64fd0609fd7e4f411d4436975ce79b72
  ...
ok 6 - publish-namespace-done
  ---
  duration_ms: 2179
  connection_id: 36a7f8139e28305554f6b7827c7f14c8
  ...
make[1]: Leaving directory '/home/runner/work/moq-interop-runner/moq-interop-runner/main'
