make[1]: Entering directory '/home/runner/work/moq-interop-runner/moq-interop-runner/main'
Running tests against https://fb.mvfst.net:9448/moq-relay...
  Client: ghcr.io/englishm/moq-interop-runner-moq-test-client-draft-16:latest
docker run --rm \
	 \
	--network host \
	-e RELAY_URL=https://fb.mvfst.net:9448/moq-relay \
	-e TLS_DISABLE_VERIFY=1 \
	ghcr.io/englishm/moq-interop-runner-moq-test-client-draft-16:latest
TAP version 14
# moq-test-client v0.1.0
# Relay: https://fb.mvfst.net:9448/moq-relay
1..6
ok 1 - setup-only
  ---
  duration_ms: 237
  connection_id: 1f20eb758230c9884226e8fd1ffe7406
  ...
ok 2 - announce-only
  ---
  duration_ms: 2193
  connection_id: aa35820098ddf85b91289ea128d1fbc5
  ...
ok 3 - subscribe-error
  ---
  duration_ms: 450
  connection_id: 5cdce5b6ab1a5742bc66cb404c6e557c
  ...
not ok 4 - announce-subscribe
  ---
  duration_ms: 421
  message: "publisher session error: webtransport error: read error: RESET_STREAM: 386759528: read error: RESET_STREAM: 386759528"
  ...
ok 5 - subscribe-before-announce
  ---
  duration_ms: 3908
  subscriber_connection_id: c71f0fe5be343aaedc552853ebb5a876
  publisher_connection_id: 50e164f4786f787650bd9819e1ffa32f
  ...
ok 6 - publish-namespace-done
  ---
  duration_ms: 2358
  connection_id: 39abd90c65f92470d04bfeada918326a
  ...
make[1]: *** [Makefile:122: test-external] Error 1
make[1]: Leaving directory '/home/runner/work/moq-interop-runner/moq-interop-runner/main'
