make[1]: Entering directory '/home/runner/work/moq-interop-runner/moq-interop-runner/main'
Running tests against https://draft-18-interop.cloudflare.mediaoverquic.com:443/moq...
  Client: ghcr.io/openmoq/moqx-interop-client:latest
docker run --rm \
	 \
	--network host \
	-e RELAY_URL=https://draft-18-interop.cloudflare.mediaoverquic.com:443/moq \
	-e TLS_DISABLE_VERIFY=false \
	ghcr.io/openmoq/moqx-interop-client:latest
TAP version 14
# moxygen interop test client
# Relay: https://draft-18-interop.cloudflare.mediaoverquic.com:443/moq
# Transport: WebTransport
1..6
E0818 00:45:47.566435     1 MoQWebTransportClient.cpp:147] std::runtime_error: Error setting up WebTransport: proxygen::HTTPException: Got error=ApplicationError: No Error, Client closed by peer reason=
E20260818 00:45:47.566686     1 HQSession.cpp:1872] Got error=Stream does not exist streamID=10 bufLen=1 readEOF=0
not ok 1 - setup-only
  ---
  duration_ms: 113
  error: Error setting up WebTransport: proxygen::HTTPException: Got error=ApplicationError: No Error, Client closed by peer reason=
  ...
E0818 00:45:47.774468     1 MoQWebTransportClient.cpp:147] std::runtime_error: Error setting up WebTransport: proxygen::HTTPException: Got error=ApplicationError: No Error, Client closed by peer reason=
E20260818 00:45:47.774804     1 HQSession.cpp:1872] Got error=Stream does not exist streamID=10 bufLen=1 readEOF=0
not ok 2 - announce-only
  ---
  duration_ms: 60
  error: Error setting up WebTransport: proxygen::HTTPException: Got error=ApplicationError: No Error, Client closed by peer reason=
  ...
E0818 00:45:47.852842     1 MoQWebTransportClient.cpp:147] std::runtime_error: Error setting up WebTransport: proxygen::HTTPException: Got error=ApplicationError: No Error, Client closed by peer reason=
E20260818 00:45:47.853165     1 HQSession.cpp:1872] Got error=Stream does not exist streamID=10 bufLen=1 readEOF=0
not ok 3 - subscribe-error
  ---
  duration_ms: 78
  error: Error setting up WebTransport: proxygen::HTTPException: Got error=ApplicationError: No Error, Client closed by peer reason=
  ...
E0818 00:45:47.912972     1 MoQWebTransportClient.cpp:147] std::runtime_error: Error setting up WebTransport: proxygen::HTTPException: Got error=ApplicationError: No Error, Client closed by peer reason=
not ok 4 - announce-subscribe
  ---
  duration_ms: 60
  error: Error setting up WebTransport: proxygen::HTTPException: Got error=ApplicationError: No Error, Client closed by peer reason=
  ...
E20260818 00:45:47.913285     1 HQSession.cpp:1872] Got error=Stream does not exist streamID=10 bufLen=1 readEOF=0
E0818 00:45:48.067902     1 MoQWebTransportClient.cpp:147] std::runtime_error: Error setting up WebTransport: proxygen::HTTPException: Got error=ApplicationError: No Error, Client closed by peer reason=
E20260818 00:45:48.068245     1 HQSession.cpp:1872] Got error=Stream does not exist streamID=10 bufLen=1 readEOF=0
not ok 5 - publish-namespace-done
  ---
  duration_ms: 154
  error: Error setting up WebTransport: proxygen::HTTPException: Got error=ApplicationError: No Error, Client closed by peer reason=
  ...
E0818 00:45:48.131054     1 MoQWebTransportClient.cpp:147] std::runtime_error: Error setting up WebTransport: proxygen::HTTPException: Got error=ApplicationError: No Error, Client closed by peer reason=
E20260818 00:45:48.131379     1 HQSession.cpp:1872] Got error=Stream does not exist streamID=10 bufLen=1 readEOF=0
not ok 6 - subscribe-before-announce
  ---
  duration_ms: 63
  error: Error setting up WebTransport: proxygen::HTTPException: Got error=ApplicationError: No Error, Client closed by peer reason=
  ...
make[1]: *** [Makefile:122: test-external] Error 1
make[1]: Leaving directory '/home/runner/work/moq-interop-runner/moq-interop-runner/main'
