make[1]: Entering directory '/home/runner/work/moq-interop-runner/moq-interop-runner/main'
Running tests against https://us-west-2.relay.quicr.org:33437/relay...
  Client: ghcr.io/facebookexperimental/moxygen-interop-client:latest-amd64
docker run --rm \
	 \
	--network host \
	-e RELAY_URL=https://us-west-2.relay.quicr.org:33437/relay \
	-e TLS_DISABLE_VERIFY=1 \
	ghcr.io/facebookexperimental/moxygen-interop-client:latest-amd64
TAP version 14
# moxygen interop test client
# Relay: https://us-west-2.relay.quicr.org:33437/relay
# Transport: WebTransport
1..6
W0818 01:23:32.945864     1 MoQWebTransportClient.cpp:175] WebTransport: No WT-Protocol header in response, will use legacy version negotiation
E0818 01:23:32.984404     1 MoQFramer.cpp:1080] Server selected version draft-1 but we only offer draft-14 in legacy mode
E0818 01:23:32.984425     1 MoQCodec.cpp:126] Conn error=21
E0818 01:23:32.984429     1 MoQSession.cpp:5426] MoQCodec control stream parse error err=21
not ok 1 - setup-only
  ---
  duration_ms: 195
  error: coroutine operation cancelled
  ...
W0818 01:23:33.142567     1 MoQWebTransportClient.cpp:175] WebTransport: No WT-Protocol header in response, will use legacy version negotiation
E0818 01:23:33.181033     1 MoQFramer.cpp:1080] Server selected version draft-1 but we only offer draft-14 in legacy mode
E0818 01:23:33.181052     1 MoQCodec.cpp:126] Conn error=21
E0818 01:23:33.181056     1 MoQSession.cpp:5426] MoQCodec control stream parse error err=21
not ok 2 - announce-only
  ---
  duration_ms: 196
  error: coroutine operation cancelled
  ...
W0818 01:23:33.305633     1 MoQWebTransportClient.cpp:175] WebTransport: No WT-Protocol header in response, will use legacy version negotiation
E0818 01:23:33.344727     1 MoQFramer.cpp:1080] Server selected version draft-1 but we only offer draft-14 in legacy mode
E0818 01:23:33.344746     1 MoQCodec.cpp:126] Conn error=21
E0818 01:23:33.344750     1 MoQSession.cpp:5426] MoQCodec control stream parse error err=21
not ok 3 - subscribe-error
  ---
  duration_ms: 163
  error: coroutine operation cancelled
  ...
W0818 01:23:33.424241     1 MoQWebTransportClient.cpp:175] WebTransport: No WT-Protocol header in response, will use legacy version negotiation
E0818 01:23:33.463175     1 MoQFramer.cpp:1080] Server selected version draft-1 but we only offer draft-14 in legacy mode
E0818 01:23:33.463200     1 MoQCodec.cpp:126] Conn error=21
E0818 01:23:33.463205     1 MoQSession.cpp:5426] MoQCodec control stream parse error err=21
not ok 4 - announce-subscribe
  ---
  duration_ms: 118
  error: coroutine operation cancelled
  ...
W0818 01:23:33.584143     1 MoQWebTransportClient.cpp:175] WebTransport: No WT-Protocol header in response, will use legacy version negotiation
E0818 01:23:33.623040     1 MoQFramer.cpp:1080] Server selected version draft-1 but we only offer draft-14 in legacy mode
E0818 01:23:33.623062     1 MoQCodec.cpp:126] Conn error=21
E0818 01:23:33.623067     1 MoQSession.cpp:5426] MoQCodec control stream parse error err=21
not ok 5 - publish-namespace-done
  ---
  duration_ms: 159
  error: coroutine operation cancelled
  ...
W0818 01:23:33.707181     1 MoQWebTransportClient.cpp:175] WebTransport: No WT-Protocol header in response, will use legacy version negotiation
E0818 01:23:33.746098     1 MoQFramer.cpp:1080] Server selected version draft-1 but we only offer draft-14 in legacy mode
E0818 01:23:33.746119     1 MoQCodec.cpp:126] Conn error=21
E0818 01:23:33.746123     1 MoQSession.cpp:5426] MoQCodec control stream parse error err=21
not ok 6 - subscribe-before-announce
  ---
  duration_ms: 122
  error: coroutine operation cancelled
  ...
make[1]: *** [Makefile:122: test-external] Error 1
make[1]: Leaving directory '/home/runner/work/moq-interop-runner/moq-interop-runner/main'
