make[1]: Entering directory '/home/runner/work/moq-interop-runner/moq-interop-runner/main'
Running tests against https://lminiero.it:9000...
  Client: ghcr.io/englishm/moq-interop-runner-moq-test-client-draft-18:latest
docker run --rm \
	 \
	--network host \
	-e RELAY_URL=https://lminiero.it:9000 \
	-e TLS_DISABLE_VERIFY=false \
	ghcr.io/englishm/moq-interop-runner-moq-test-client-draft-18:latest
TAP version 14
# moq-test-client v0.1.10
# Relay: https://lminiero.it:9000/
1..6
[2m2026-07-27T01:01:32.510626Z[0m [32m INFO[0m [2mmoq_native_ietf::quic[0m[2m:[0m UDP socket bound [3mbind[0m[2m=[0m[::]:0 [3mlocal[0m[2m=[0m[::]:44300 [3mdual_stack[0m[2m=[0mtrue
[2m2026-07-27T01:01:33.192803Z[0m [32m INFO[0m [2mmoq_test_client::scenarios[0m[2m:[0m SETUP exchange completed successfully
ok 1 - setup-only
  ---
  duration_ms: 683
  connection_id: badb68b38a012a0189b36defed13fafa
  ...
[2m2026-07-27T01:01:33.193846Z[0m [32m INFO[0m [2mmoq_native_ietf::quic[0m[2m:[0m UDP socket bound [3mbind[0m[2m=[0m[::]:0 [3mlocal[0m[2m=[0m[::]:55514 [3mdual_stack[0m[2m=[0mtrue
[2m2026-07-27T01:01:34.734361Z[0m [32m INFO[0m [2mmoq_test_client::scenarios[0m[2m:[0m Sending PUBLISH_NAMESPACE for: moq-test/interop
[2m2026-07-27T01:01:36.735971Z[0m [32m INFO[0m [2mmoq_test_client::scenarios[0m[2m:[0m PUBLISH_NAMESPACE succeeded (REQUEST_OK received, waiting for subscribers)
ok 2 - publish-namespace-only
  ---
  duration_ms: 3543
  connection_id: 1b49bb2acc97b7eab1da38a3861db54d
  ...
[2m2026-07-27T01:01:36.737205Z[0m [32m INFO[0m [2mmoq_native_ietf::quic[0m[2m:[0m UDP socket bound [3mbind[0m[2m=[0m[::]:0 [3mlocal[0m[2m=[0m[::]:58716 [3mdual_stack[0m[2m=[0mtrue
[2m2026-07-27T01:01:37.515329Z[0m [32m INFO[0m [2mmoq_test_client::scenarios[0m[2m:[0m Subscribing to non-existent track: nonexistent/namespace/test-track
[2m2026-07-27T01:01:37.636200Z[0m [33m WARN[0m [2mmoq_transport::serve::error[0m[2m:[0m [b4f0b543-b831-42e7-976e-49c604d43f75] Not found: Namespace not found at moq-transport/src/session/subscriber.rs:483
[2m2026-07-27T01:01:37.636223Z[0m [33m WARN[0m [2mmoq_transport::session::reader[0m[2m:[0m [READER] decode: stream ended while waiting for data (have=0 bytes, need=1)
[2m2026-07-27T01:01:37.636272Z[0m [32m INFO[0m [2mmoq_test_client::scenarios[0m[2m:[0m Got expected 'not found' error: not found: Track not found [error:b4f0b543-b831-42e7-976e-49c604d43f75]
ok 3 - subscribe-error
  ---
  duration_ms: 900
  connection_id: 1923d409fd9193b7bd92474726b8f0b8
  ...
[2m2026-07-27T01:01:37.637337Z[0m [32m INFO[0m [2mmoq_native_ietf::quic[0m[2m:[0m UDP socket bound [3mbind[0m[2m=[0m[::]:0 [3mlocal[0m[2m=[0m[::]:40076 [3mdual_stack[0m[2m=[0mtrue
[2m2026-07-27T01:01:38.308693Z[0m [32m INFO[0m [2mmoq_native_ietf::quic[0m[2m:[0m UDP socket bound [3mbind[0m[2m=[0m[::]:0 [3mlocal[0m[2m=[0m[::]:52111 [3mdual_stack[0m[2m=[0mtrue
[2m2026-07-27T01:01:38.981368Z[0m [32m INFO[0m [2mmoq_test_client::scenarios[0m[2m:[0m Publisher sending PUBLISH_NAMESPACE: moq-test/interop
[2m2026-07-27T01:01:38.981387Z[0m [32m INFO[0m [2mmoq_test_client::scenarios[0m[2m:[0m Subscriber subscribing to track: moq-test/interop/test-track
[2m2026-07-27T01:01:39.100821Z[0m [33m WARN[0m [2mmoq_transport::serve::error[0m[2m:[0m [7a448d0c-cc2f-4882-a616-e9f904b4ba9e] Not found: Namespace not found at moq-transport/src/session/subscriber.rs:483
[2m2026-07-27T01:01:39.100853Z[0m [33m WARN[0m [2mmoq_transport::session::reader[0m[2m:[0m [READER] decode: stream ended while waiting for data (have=0 bytes, need=1)
[2m2026-07-27T01:01:39.100949Z[0m [32m INFO[0m [2mmoq_test_client::scenarios[0m[2m:[0m Subscriber got error: not found: Track not found [error:7a448d0c-cc2f-4882-a616-e9f904b4ba9e] - subscription was processed
ok 4 - publish-namespace-subscribe
  ---
  duration_ms: 1464
  publisher_connection_id: a2f0b5ad9eb4660f72dbdab071aab3be
  subscriber_connection_id: 80742d034f9aa8c544b3c95e3a0b71ca
  ...
[2m2026-07-27T01:01:39.102038Z[0m [32m INFO[0m [2mmoq_native_ietf::quic[0m[2m:[0m UDP socket bound [3mbind[0m[2m=[0m[::]:0 [3mlocal[0m[2m=[0m[::]:45488 [3mdual_stack[0m[2m=[0mtrue
[2m2026-07-27T01:01:39.765652Z[0m [32m INFO[0m [2mmoq_test_client::scenarios[0m[2m:[0m Subscriber subscribing BEFORE PUBLISH_NAMESPACE: moq-test/interop/test-track
[2m2026-07-27T01:01:39.882042Z[0m [33m WARN[0m [2mmoq_transport::serve::error[0m[2m:[0m [a96957f9-0479-405c-9eff-9b4b9cbdef7e] Not found: Namespace not found at moq-transport/src/session/subscriber.rs:483
[2m2026-07-27T01:01:39.882069Z[0m [33m WARN[0m [2mmoq_transport::session::reader[0m[2m:[0m [READER] decode: stream ended while waiting for data (have=0 bytes, need=1)
[2m2026-07-27T01:01:40.268199Z[0m [32m INFO[0m [2mmoq_native_ietf::quic[0m[2m:[0m UDP socket bound [3mbind[0m[2m=[0m[::]:0 [3mlocal[0m[2m=[0m[::]:40054 [3mdual_stack[0m[2m=[0mtrue
[2m2026-07-27T01:01:40.935037Z[0m [32m INFO[0m [2mmoq_test_client::scenarios[0m[2m:[0m Publisher sending PUBLISH_NAMESPACE (after subscriber): moq-test/interop
[2m2026-07-27T01:01:43.936585Z[0m [32m INFO[0m [2mmoq_test_client::scenarios[0m[2m:[0m Publisher PUBLISH_NAMESPACE timeout (expected)
[2m2026-07-27T01:01:43.936608Z[0m [32m INFO[0m [2mmoq_test_client::scenarios[0m[2m:[0m Subscriber got error: not found: Track not found [error:a96957f9-0479-405c-9eff-9b4b9cbdef7e] (may be expected)
ok 5 - subscribe-before-publish-namespace
  ---
  duration_ms: 4835
  subscriber_connection_id: 600fbe1e26a5925cc215c8ba67a8eda4
  publisher_connection_id: 10f1ebc0348508260e2862ec46e5c85a
  ...
[2m2026-07-27T01:01:43.937717Z[0m [32m INFO[0m [2mmoq_native_ietf::quic[0m[2m:[0m UDP socket bound [3mbind[0m[2m=[0m[::]:0 [3mlocal[0m[2m=[0m[::]:48148 [3mdual_stack[0m[2m=[0mtrue
[2m2026-07-27T01:01:44.606618Z[0m [32m INFO[0m [2mmoq_test_client::scenarios[0m[2m:[0m Sending PUBLISH_NAMESPACE: moq-test/interop
[2m2026-07-27T01:01:46.608213Z[0m [32m INFO[0m [2mmoq_test_client::scenarios[0m[2m:[0m PUBLISH_NAMESPACE active; sending PUBLISH_NAMESPACE_DONE
[2m2026-07-27T01:01:46.708534Z[0m [32m INFO[0m [2mmoq_test_client::scenarios[0m[2m:[0m PUBLISH_NAMESPACE_DONE sent successfully
ok 6 - publish-namespace-done
  ---
  duration_ms: 2771
  connection_id: ae90b625d28fde8e8f24bf3ae8d4fc52
  ...
make[1]: Leaving directory '/home/runner/work/moq-interop-runner/moq-interop-runner/main'
