make[1]: Entering directory '/home/runner/work/moq-interop-runner/moq-interop-runner/main'
Running tests against https://fb.mvfst.net:9448/moq-relay...
  Client: ghcr.io/englishm/moq-interop-runner-moq-test-client-draft-16:latest
docker run --rm \
	 \
	--network host \
	-e RELAY_URL=https://fb.mvfst.net:9448/moq-relay \
	-e TLS_DISABLE_VERIFY=1 \
	ghcr.io/englishm/moq-interop-runner-moq-test-client-draft-16:latest
TAP version 14
# moq-test-client v0.1.0
# Relay: https://fb.mvfst.net:9448/moq-relay
1..6
ok 1 - setup-only
  ---
  duration_ms: 245
  connection_id: ce1c0b1e0a6a9ffe828ce08624936109
  ...
ok 2 - announce-only
  ---
  duration_ms: 2095
  connection_id: 06b5a833ae027ada63f29882cc673446
  ...
ok 3 - subscribe-error
  ---
  duration_ms: 139
  connection_id: 307c7cc67a7219d1f411f15a72f63bba
  ...
ok 4 - announce-subscribe
  ---
  duration_ms: 3281
  publisher_connection_id: 4ec243f4a6d9d0364f265e1703a667e0
  subscriber_connection_id: 4edcb3d0b41d718a49a0444ccf45829b
  ...
ok 5 - subscribe-before-announce
  ---
  duration_ms: 4783
  subscriber_connection_id: f34464f076fc10241f53f75cc0d8261b
  publisher_connection_id: b4ab27830e4a41ed9aae90f056f09a12
  ...
ok 6 - publish-namespace-done
  ---
  duration_ms: 2246
  connection_id: ef8dcab2345e808d526fc2248d8bc3fc
  ...
make[1]: Leaving directory '/home/runner/work/moq-interop-runner/moq-interop-runner/main'
