make[1]: Entering directory '/home/runner/work/moq-interop-runner/moq-interop-runner/main'
Running tests against moqt://fb.mvfst.net:9448...
  Client: ghcr.io/englishm/moq-interop-runner-moq-test-client-draft-18:latest
docker run --rm \
	 \
	--network host \
	-e RELAY_URL=moqt://fb.mvfst.net:9448 \
	-e TLS_DISABLE_VERIFY=1 \
	ghcr.io/englishm/moq-interop-runner-moq-test-client-draft-18:latest
TAP version 14
# moq-test-client v0.1.10
# Relay: moqt://fb.mvfst.net:9448
1..6
[2m2026-07-27T01:05:41.676947Z[0m [32m INFO[0m [2mmoq_native_ietf::quic[0m[2m:[0m UDP socket bound [3mbind[0m[2m=[0m[::]:0 [3mlocal[0m[2m=[0m[::]:56674 [3mdual_stack[0m[2m=[0mtrue
[2m2026-07-27T01:05:41.721562Z[0m [32m INFO[0m [2mmoq_test_client::scenarios[0m[2m:[0m SETUP exchange completed successfully
ok 1 - setup-only
  ---
  duration_ms: 45
  connection_id: e6cff5625d55b26652a43cc437a32857
  ...
[2m2026-07-27T01:05:41.722382Z[0m [32m INFO[0m [2mmoq_native_ietf::quic[0m[2m:[0m UDP socket bound [3mbind[0m[2m=[0m[::]:0 [3mlocal[0m[2m=[0m[::]:33320 [3mdual_stack[0m[2m=[0mtrue
[2m2026-07-27T01:05:41.863234Z[0m [32m INFO[0m [2mmoq_test_client::scenarios[0m[2m:[0m Sending PUBLISH_NAMESPACE for: moq-test/interop
[2m2026-07-27T01:05:43.864384Z[0m [32m INFO[0m [2mmoq_test_client::scenarios[0m[2m:[0m PUBLISH_NAMESPACE succeeded (REQUEST_OK received, waiting for subscribers)
ok 2 - publish-namespace-only
  ---
  duration_ms: 2142
  connection_id: 40a4a650dcd2e70a2ec5f86421e5416b
  ...
[2m2026-07-27T01:05:43.865379Z[0m [32m INFO[0m [2mmoq_native_ietf::quic[0m[2m:[0m UDP socket bound [3mbind[0m[2m=[0m[::]:0 [3mlocal[0m[2m=[0m[::]:55221 [3mdual_stack[0m[2m=[0mtrue
[2m2026-07-27T01:05:43.938682Z[0m [32m INFO[0m [2mmoq_test_client::scenarios[0m[2m:[0m Subscribing to non-existent track: nonexistent/namespace/test-track
[2m2026-07-27T01:05:43.967425Z[0m [33m WARN[0m [2mmoq_transport::serve::error[0m[2m:[0m [2075ede1-948d-4b0e-9cda-80525bd0055e] Not found: no such namespace or track at moq-transport/src/session/subscriber.rs:483
[2m2026-07-27T01:05:43.967442Z[0m [33m WARN[0m [2mmoq_transport::session::reader[0m[2m:[0m [READER] decode: stream ended while waiting for data (have=0 bytes, need=1)
[2m2026-07-27T01:05:43.967470Z[0m [32m INFO[0m [2mmoq_test_client::scenarios[0m[2m:[0m Got expected 'not found' error: not found: Track not found [error:2075ede1-948d-4b0e-9cda-80525bd0055e]
ok 3 - subscribe-error
  ---
  duration_ms: 103
  connection_id: 63ae06a87fa9973721d9e70581b5ee93
  ...
[2m2026-07-27T01:05:43.968411Z[0m [32m INFO[0m [2mmoq_native_ietf::quic[0m[2m:[0m UDP socket bound [3mbind[0m[2m=[0m[::]:0 [3mlocal[0m[2m=[0m[::]:35161 [3mdual_stack[0m[2m=[0mtrue
[2m2026-07-27T01:05:44.184909Z[0m [32m INFO[0m [2mmoq_native_ietf::quic[0m[2m:[0m UDP socket bound [3mbind[0m[2m=[0m[::]:0 [3mlocal[0m[2m=[0m[::]:53624 [3mdual_stack[0m[2m=[0mtrue
[2m2026-07-27T01:05:44.223725Z[0m [32m INFO[0m [2mmoq_test_client::scenarios[0m[2m:[0m Publisher sending PUBLISH_NAMESPACE: moq-test/interop
[2m2026-07-27T01:05:44.223745Z[0m [32m INFO[0m [2mmoq_test_client::scenarios[0m[2m:[0m Subscriber subscribing to track: moq-test/interop/test-track
[2m2026-07-27T01:05:47.224659Z[0m [32m INFO[0m [2mmoq_test_client::scenarios[0m[2m:[0m Test timeout reached - subscription routing may still be in progress
ok 4 - publish-namespace-subscribe
  ---
  duration_ms: 3257
  publisher_connection_id: dacc183b60a35c7785ed77242317decd
  subscriber_connection_id: 06376dcc5b6ee25391fae2fff6a8f271
  ...
[2m2026-07-27T01:05:47.225614Z[0m [32m INFO[0m [2mmoq_native_ietf::quic[0m[2m:[0m UDP socket bound [3mbind[0m[2m=[0m[::]:0 [3mlocal[0m[2m=[0m[::]:36830 [3mdual_stack[0m[2m=[0mtrue
[2m2026-07-27T01:05:47.366137Z[0m [32m INFO[0m [2mmoq_test_client::scenarios[0m[2m:[0m Subscriber subscribing BEFORE PUBLISH_NAMESPACE: moq-test/interop/test-track
[2m2026-07-27T01:05:47.394508Z[0m [33m WARN[0m [2mmoq_transport::serve::error[0m[2m:[0m [fddc253a-8751-4b33-80aa-b9b019eadcd6] Not found: no such namespace or track at moq-transport/src/session/subscriber.rs:483
[2m2026-07-27T01:05:47.394534Z[0m [33m WARN[0m [2mmoq_transport::session::reader[0m[2m:[0m [READER] decode: stream ended while waiting for data (have=0 bytes, need=1)
[2m2026-07-27T01:05:47.868255Z[0m [32m INFO[0m [2mmoq_native_ietf::quic[0m[2m:[0m UDP socket bound [3mbind[0m[2m=[0m[::]:0 [3mlocal[0m[2m=[0m[::]:55266 [3mdual_stack[0m[2m=[0mtrue
[2m2026-07-27T01:05:47.915708Z[0m [32m INFO[0m [2mmoq_test_client::scenarios[0m[2m:[0m Publisher sending PUBLISH_NAMESPACE (after subscriber): moq-test/interop
[2m2026-07-27T01:05:50.916600Z[0m [32m INFO[0m [2mmoq_test_client::scenarios[0m[2m:[0m Publisher PUBLISH_NAMESPACE timeout (expected)
[2m2026-07-27T01:05:50.916623Z[0m [32m INFO[0m [2mmoq_test_client::scenarios[0m[2m:[0m Subscriber got error: not found: Track not found [error:fddc253a-8751-4b33-80aa-b9b019eadcd6] (may be expected)
ok 5 - subscribe-before-publish-namespace
  ---
  duration_ms: 3691
  subscriber_connection_id: 5573df8997d14b312fec0c392999c01a
  publisher_connection_id: 958007ac50c1088ffa7f9d4159c94d2e
  ...
[2m2026-07-27T01:05:50.917521Z[0m [32m INFO[0m [2mmoq_native_ietf::quic[0m[2m:[0m UDP socket bound [3mbind[0m[2m=[0m[::]:0 [3mlocal[0m[2m=[0m[::]:53831 [3mdual_stack[0m[2m=[0mtrue
[2m2026-07-27T01:05:50.953813Z[0m [32m INFO[0m [2mmoq_test_client::scenarios[0m[2m:[0m Sending PUBLISH_NAMESPACE: moq-test/interop
[2m2026-07-27T01:05:52.954386Z[0m [32m INFO[0m [2mmoq_test_client::scenarios[0m[2m:[0m PUBLISH_NAMESPACE active; sending PUBLISH_NAMESPACE_DONE
[2m2026-07-27T01:05:53.055412Z[0m [32m INFO[0m [2mmoq_test_client::scenarios[0m[2m:[0m PUBLISH_NAMESPACE_DONE sent successfully
ok 6 - publish-namespace-done
  ---
  duration_ms: 2138
  connection_id: cf501fbefe654dc0d17f74b9f4ee0633
  ...
make[1]: Leaving directory '/home/runner/work/moq-interop-runner/moq-interop-runner/main'
