make[1]: Entering directory '/home/runner/work/moq-interop-runner/moq-interop-runner/main'
Running tests against https://relay.moqtail.dev...
  Client: ghcr.io/facebookexperimental/moxygen-interop-client:latest-amd64
docker run --rm \
	 \
	--network host \
	-e RELAY_URL=https://relay.moqtail.dev \
	-e TLS_DISABLE_VERIFY=false \
	ghcr.io/facebookexperimental/moxygen-interop-client:latest-amd64
TAP version 14
# moxygen interop test client
# Relay: https://relay.moqtail.dev
# Transport: WebTransport
1..6
E20260727 01:45:44.848659     1 StructuredHeadersBuffer.cpp:287] Error message: Invalid character. Number of characters parsed before error:0. Header Content:moqt-16
W0727 01:45:44.849575     1 MoQWebTransportClient.cpp:175] WebTransport: No WT-Protocol header in response, will use legacy version negotiation
E0727 01:45:44.866176     1 MoQWebTransportClient.cpp:200] proxygen::HTTPException: Got error=ApplicationError: No Error, Client closed by peer reason=Setup failed
not ok 1 - setup-only
  ---
  duration_ms: 84
  error: coroutine operation cancelled
  ...
W0727 01:45:44.914740     1 MoQWebTransportClient.cpp:175] WebTransport: No WT-Protocol header in response, will use legacy version negotiation
E0727 01:45:44.932903     1 MoQWebTransportClient.cpp:200] proxygen::HTTPException: Got error=ApplicationError: No Error, Client closed by peer reason=Setup failed
not ok 2 - announce-only
  ---
  duration_ms: 66
  error: coroutine operation cancelled
  ...
E20260727 01:45:45.033038     1 HQStreamCodec.cpp:194] Failed parsing header list for stream=0, error=Pseudo headers forbidden in trailers.
E0727 01:45:45.033124     1 MoQWebTransportClient.cpp:147] std::runtime_error: Error setting up WebTransport: proxygen::HTTPException: HQStreamCodec stream error: stream=0 status=400 error:Pseudo headers forbidden in trailers.
not ok 3 - subscribe-error
  ---
  duration_ms: 100
  error: Error setting up WebTransport: proxygen::HTTPException: HQStreamCodec stream error: stream=0 status=400 error:Pseudo headers forbidden in trailers.
  ...
W0727 01:45:45.102001     1 MoQWebTransportClient.cpp:175] WebTransport: No WT-Protocol header in response, will use legacy version negotiation
E0727 01:45:45.119245     1 MoQWebTransportClient.cpp:200] proxygen::HTTPException: Got error=ApplicationError: No Error, Client closed by peer reason=Setup failed
not ok 4 - announce-subscribe
  ---
  duration_ms: 86
  error: coroutine operation cancelled
  ...
W0727 01:45:45.176115     1 MoQWebTransportClient.cpp:175] WebTransport: No WT-Protocol header in response, will use legacy version negotiation
E0727 01:45:45.195370     1 MoQWebTransportClient.cpp:200] proxygen::HTTPException: Got error=ApplicationError: No Error, Client closed by peer reason=Setup failed
not ok 5 - publish-namespace-done
  ---
  duration_ms: 76
  error: coroutine operation cancelled
  ...
W0727 01:45:45.242657     1 MoQWebTransportClient.cpp:175] WebTransport: No WT-Protocol header in response, will use legacy version negotiation
E0727 01:45:45.262593     1 MoQWebTransportClient.cpp:200] proxygen::HTTPException: Got error=ApplicationError: No Error, Client closed by peer reason=Setup failed
not ok 6 - subscribe-before-announce
  ---
  duration_ms: 67
  error: coroutine operation cancelled
  ...
E20260727 01:45:46.264616     1 EventHandler.cpp:90] EventBase: failed to register event handler for fd 14: No such file or directory
make[1]: *** [Makefile:122: test-external] Error 1
make[1]: Leaving directory '/home/runner/work/moq-interop-runner/moq-interop-runner/main'
