make[1]: Entering directory '/home/runner/work/moq-interop-runner/moq-interop-runner/main'
Running tests against moqt://us-west-2.relay.quicr.org:33437...
  Client: ghcr.io/facebookexperimental/moxygen-interop-client:latest-amd64
docker run --rm \
	 \
	--network host \
	-e RELAY_URL=moqt://us-west-2.relay.quicr.org:33437 \
	-e TLS_DISABLE_VERIFY=1 \
	ghcr.io/facebookexperimental/moxygen-interop-client:latest-amd64
TAP version 14
# moxygen interop test client
# Relay: moqt://us-west-2.relay.quicr.org:33437
# Transport: QUIC
1..6
ok 1 - setup-only
  ---
  duration_ms: 353
  info: SETUP exchange completed successfully
  ...
W0727 01:44:58.368473     1 MoQSession.cpp:5512] Issuing request that will fail; nextRequestID_=0 peerMaxRequestID_=0 sess=0x55cd5a3d2a50
ok 2 - announce-only
  ---
  duration_ms: 251
  info: PUBLISH_NAMESPACE completed successfully
  ...
E0727 01:44:58.450935     1 MoQRelaySession.cpp:1116] PublishNamespaceDone for unknown publishNamespace, sess=0x55cd5a3d2a50
W0727 01:44:58.857740     1 MoQSession.cpp:5512] Issuing request that will fail; nextRequestID_=0 peerMaxRequestID_=0 sess=0x55cd5a3d2360
E0727 01:44:58.939560     1 MoQCodec.cpp:126] Conn error=3
E0727 01:44:58.939588     1 MoQSession.cpp:5296] MoQCodec control stream parse error err=3
ok 3 - subscribe-error
  ---
  duration_ms: 488
  info: Subscribe correctly returned error: Session closed
  ...
W0727 01:44:59.108558     1 MoQSession.cpp:5512] Issuing request that will fail; nextRequestID_=0 peerMaxRequestID_=0 sess=0x55cd5a3cbb60
W0727 01:44:59.362340     1 MoQSession.cpp:5512] Issuing request that will fail; nextRequestID_=0 peerMaxRequestID_=0 sess=0x55cd5a3a7e50
E0727 01:44:59.446000     1 MoQCodec.cpp:126] Conn error=3
E0727 01:44:59.446019     1 MoQSession.cpp:5296] MoQCodec control stream parse error err=3
E0727 01:44:59.446107     1 MoQSession.cpp:5739] publishDone for invalid id=1 sess=0x55cd5a3cbb60
not ok 4 - announce-subscribe
  ---
  duration_ms: 506
  error: Subscribe failed: Session closed
  ...
W0727 01:44:59.833018     1 MoQSession.cpp:5512] Issuing request that will fail; nextRequestID_=0 peerMaxRequestID_=0 sess=0x55cd5a3ccac0
ok 5 - publish-namespace-done
  ---
  duration_ms: 467
  info: PUBLISH_NAMESPACE_OK received, PUBLISH_NAMESPACE_DONE sent
  ...
W0727 01:45:00.290530     1 MoQSession.cpp:5512] Issuing request that will fail; nextRequestID_=0 peerMaxRequestID_=0 sess=0x55cd5a3c2380
E0727 01:45:00.374109     1 MoQCodec.cpp:126] Conn error=3
E0727 01:45:00.374125     1 MoQSession.cpp:5296] MoQCodec control stream parse error err=3
W0727 01:45:00.959030     1 MoQSession.cpp:5512] Issuing request that will fail; nextRequestID_=0 peerMaxRequestID_=0 sess=0x55cd5a3cff70
ok 6 - subscribe-before-announce
  ---
  duration_ms: 1126
  info: Subscribe returned error (relay doesn't buffer pending subscriptions): Session closed
  ...
make[1]: *** [Makefile:122: test-external] Error 1
make[1]: Leaving directory '/home/runner/work/moq-interop-runner/moq-interop-runner/main'
