make[1]: Entering directory '/home/runner/work/moq-interop-runner/moq-interop-runner/main'
Running tests against https://us-west-2.relay.quicr.org:33437/relay...
  Client: ghcr.io/facebookexperimental/moxygen-interop-client:latest-amd64
docker run --rm \
	 \
	--network host \
	-e RELAY_URL=https://us-west-2.relay.quicr.org:33437/relay \
	-e TLS_DISABLE_VERIFY=1 \
	ghcr.io/facebookexperimental/moxygen-interop-client:latest-amd64
TAP version 14
# moxygen interop test client
# Relay: https://us-west-2.relay.quicr.org:33437/relay
# Transport: WebTransport
1..6
W0727 01:44:55.110460     1 MoQWebTransportClient.cpp:175] WebTransport: No WT-Protocol header in response, will use legacy version negotiation
E0727 01:44:55.191782     1 MoQFramer.cpp:1079] Server selected version draft-1 but we only offer draft-14 in legacy mode
E0727 01:44:55.191800     1 MoQCodec.cpp:126] Conn error=21
E0727 01:44:55.191804     1 MoQSession.cpp:5296] MoQCodec control stream parse error err=21
not ok 1 - setup-only
  ---
  duration_ms: 424
  error: coroutine operation cancelled
  ...
W0727 01:44:55.358226     1 MoQWebTransportClient.cpp:175] WebTransport: No WT-Protocol header in response, will use legacy version negotiation
E0727 01:44:55.440136     1 MoQFramer.cpp:1079] Server selected version draft-1 but we only offer draft-14 in legacy mode
E0727 01:44:55.440157     1 MoQCodec.cpp:126] Conn error=21
E0727 01:44:55.440163     1 MoQSession.cpp:5296] MoQCodec control stream parse error err=21
not ok 2 - announce-only
  ---
  duration_ms: 248
  error: coroutine operation cancelled
  ...
W0727 01:44:55.609086     1 MoQWebTransportClient.cpp:175] WebTransport: No WT-Protocol header in response, will use legacy version negotiation
E0727 01:44:55.691228     1 MoQFramer.cpp:1079] Server selected version draft-1 but we only offer draft-14 in legacy mode
E0727 01:44:55.691243     1 MoQCodec.cpp:126] Conn error=21
E0727 01:44:55.691247     1 MoQSession.cpp:5296] MoQCodec control stream parse error err=21
not ok 3 - subscribe-error
  ---
  duration_ms: 250
  error: coroutine operation cancelled
  ...
W0727 01:44:56.090294     1 MoQWebTransportClient.cpp:175] WebTransport: No WT-Protocol header in response, will use legacy version negotiation
E0727 01:44:56.171314     1 MoQFramer.cpp:1079] Server selected version draft-1 but we only offer draft-14 in legacy mode
E0727 01:44:56.171332     1 MoQCodec.cpp:126] Conn error=21
E0727 01:44:56.171335     1 MoQSession.cpp:5296] MoQCodec control stream parse error err=21
not ok 4 - announce-subscribe
  ---
  duration_ms: 479
  error: coroutine operation cancelled
  ...
W0727 01:44:56.355479     1 MoQWebTransportClient.cpp:175] WebTransport: No WT-Protocol header in response, will use legacy version negotiation
E0727 01:44:56.437468     1 MoQFramer.cpp:1079] Server selected version draft-1 but we only offer draft-14 in legacy mode
E0727 01:44:56.437490     1 MoQCodec.cpp:126] Conn error=21
E0727 01:44:56.437494     1 MoQSession.cpp:5296] MoQCodec control stream parse error err=21
not ok 5 - publish-namespace-done
  ---
  duration_ms: 266
  error: coroutine operation cancelled
  ...
W0727 01:44:56.603097     1 MoQWebTransportClient.cpp:175] WebTransport: No WT-Protocol header in response, will use legacy version negotiation
E0727 01:44:56.684911     1 MoQFramer.cpp:1079] Server selected version draft-1 but we only offer draft-14 in legacy mode
E0727 01:44:56.684928     1 MoQCodec.cpp:126] Conn error=21
E0727 01:44:56.684932     1 MoQSession.cpp:5296] MoQCodec control stream parse error err=21
not ok 6 - subscribe-before-announce
  ---
  duration_ms: 247
  error: coroutine operation cancelled
  ...
make[1]: *** [Makefile:122: test-external] Error 1
make[1]: Leaving directory '/home/runner/work/moq-interop-runner/moq-interop-runner/main'
