make[1]: Entering directory '/home/runner/work/moq-interop-runner/moq-interop-runner/main'
Running tests against https://lminiero.it:9000...
  Client: ghcr.io/englishm/moq-interop-runner-moq-test-client-draft-18:latest
docker run --rm \
	 \
	--network host \
	-e RELAY_URL=https://lminiero.it:9000 \
	-e TLS_DISABLE_VERIFY=false \
	ghcr.io/englishm/moq-interop-runner-moq-test-client-draft-18:latest
TAP version 14
# moq-test-client v0.1.10
# Relay: https://lminiero.it:9000/
1..6
[2m2026-08-22T00:29:37.468726Z[0m [32m INFO[0m [2mmoq_native_ietf::quic[0m[2m:[0m UDP socket bound [3mbind[0m[2m=[0m[::]:0 [3mlocal[0m[2m=[0m[::]:41187 [3mdual_stack[0m[2m=[0mtrue
[2m2026-08-22T00:29:39.048929Z[0m [32m INFO[0m [2mmoq_test_client::scenarios[0m[2m:[0m SETUP exchange completed successfully
ok 1 - setup-only
  ---
  duration_ms: 1580
  connection_id: 5a8ccbf9d68e54e254609b5828d04550
  ...
[2m2026-08-22T00:29:39.049533Z[0m [32m INFO[0m [2mmoq_native_ietf::quic[0m[2m:[0m UDP socket bound [3mbind[0m[2m=[0m[::]:0 [3mlocal[0m[2m=[0m[::]:47232 [3mdual_stack[0m[2m=[0mtrue
[2m2026-08-22T00:29:40.122642Z[0m [32m INFO[0m [2mmoq_test_client::scenarios[0m[2m:[0m Sending PUBLISH_NAMESPACE for: moq-test/interop
[2m2026-08-22T00:29:42.124064Z[0m [32m INFO[0m [2mmoq_test_client::scenarios[0m[2m:[0m PUBLISH_NAMESPACE succeeded (REQUEST_OK received, waiting for subscribers)
ok 2 - publish-namespace-only
  ---
  duration_ms: 3075
  connection_id: f25bbd535fcd989bc61848af81274196
  ...
[2m2026-08-22T00:29:42.124710Z[0m [32m INFO[0m [2mmoq_native_ietf::quic[0m[2m:[0m UDP socket bound [3mbind[0m[2m=[0m[::]:0 [3mlocal[0m[2m=[0m[::]:51753 [3mdual_stack[0m[2m=[0mtrue
[2m2026-08-22T00:29:43.198633Z[0m [32m INFO[0m [2mmoq_test_client::scenarios[0m[2m:[0m Subscribing to non-existent track: nonexistent/namespace/test-track
[2m2026-08-22T00:29:43.399782Z[0m [33m WARN[0m [2mmoq_transport::serve::error[0m[2m:[0m [57ec213a-54c0-4c45-8cc3-12ce9046c429] Not found: Namespace not found at moq-transport/src/session/subscriber.rs:483
[2m2026-08-22T00:29:43.399802Z[0m [33m WARN[0m [2mmoq_transport::session::reader[0m[2m:[0m [READER] decode: stream ended while waiting for data (have=0 bytes, need=1)
[2m2026-08-22T00:29:43.399852Z[0m [32m INFO[0m [2mmoq_test_client::scenarios[0m[2m:[0m Got expected 'not found' error: not found: Track not found [error:57ec213a-54c0-4c45-8cc3-12ce9046c429]
ok 3 - subscribe-error
  ---
  duration_ms: 1275
  connection_id: 58a8805c68a944365c1701fbe0f29c04
  ...
[2m2026-08-22T00:29:43.400456Z[0m [32m INFO[0m [2mmoq_native_ietf::quic[0m[2m:[0m UDP socket bound [3mbind[0m[2m=[0m[::]:0 [3mlocal[0m[2m=[0m[::]:37435 [3mdual_stack[0m[2m=[0mtrue
[2m2026-08-22T00:29:44.472328Z[0m [32m INFO[0m [2mmoq_native_ietf::quic[0m[2m:[0m UDP socket bound [3mbind[0m[2m=[0m[::]:0 [3mlocal[0m[2m=[0m[::]:34345 [3mdual_stack[0m[2m=[0mtrue
[2m2026-08-22T00:29:45.556078Z[0m [32m INFO[0m [2mmoq_test_client::scenarios[0m[2m:[0m Publisher sending PUBLISH_NAMESPACE: moq-test/interop
[2m2026-08-22T00:29:45.556114Z[0m [32m INFO[0m [2mmoq_test_client::scenarios[0m[2m:[0m Subscriber subscribing to track: moq-test/interop/test-track
[2m2026-08-22T00:29:45.747943Z[0m [33m WARN[0m [2mmoq_transport::serve::error[0m[2m:[0m [d0cfde7f-67ea-4467-9274-9ec7b6800d95] Not found: Namespace not found at moq-transport/src/session/subscriber.rs:483
[2m2026-08-22T00:29:45.747966Z[0m [33m WARN[0m [2mmoq_transport::session::reader[0m[2m:[0m [READER] decode: stream ended while waiting for data (have=0 bytes, need=1)
[2m2026-08-22T00:29:45.748154Z[0m [32m INFO[0m [2mmoq_test_client::scenarios[0m[2m:[0m Subscriber got error: not found: Track not found [error:d0cfde7f-67ea-4467-9274-9ec7b6800d95] - subscription was processed
ok 4 - publish-namespace-subscribe
  ---
  duration_ms: 2348
  publisher_connection_id: 5705ef4cd8e2064d2f2aa3fc53058fb7
  subscriber_connection_id: 9953eec2b30120a2c9bb42a8313858db
  ...
[2m2026-08-22T00:29:45.748683Z[0m [32m INFO[0m [2mmoq_native_ietf::quic[0m[2m:[0m UDP socket bound [3mbind[0m[2m=[0m[::]:0 [3mlocal[0m[2m=[0m[::]:49444 [3mdual_stack[0m[2m=[0mtrue
[2m2026-08-22T00:29:46.513712Z[0m [32m INFO[0m [2mmoq_test_client::scenarios[0m[2m:[0m Subscriber subscribing BEFORE PUBLISH_NAMESPACE: moq-test/interop/test-track
[2m2026-08-22T00:29:46.712746Z[0m [33m WARN[0m [2mmoq_transport::serve::error[0m[2m:[0m [0199e970-4d42-496b-ac0d-4fb766720f84] Not found: Namespace not found at moq-transport/src/session/subscriber.rs:483
[2m2026-08-22T00:29:46.712775Z[0m [33m WARN[0m [2mmoq_transport::session::reader[0m[2m:[0m [READER] decode: stream ended while waiting for data (have=0 bytes, need=1)
[2m2026-08-22T00:29:47.014929Z[0m [32m INFO[0m [2mmoq_native_ietf::quic[0m[2m:[0m UDP socket bound [3mbind[0m[2m=[0m[::]:0 [3mlocal[0m[2m=[0m[::]:34445 [3mdual_stack[0m[2m=[0mtrue
[2m2026-08-22T00:29:48.092254Z[0m [32m INFO[0m [2mmoq_test_client::scenarios[0m[2m:[0m Publisher sending PUBLISH_NAMESPACE (after subscriber): moq-test/interop
[2m2026-08-22T00:29:51.093645Z[0m [32m INFO[0m [2mmoq_test_client::scenarios[0m[2m:[0m Publisher PUBLISH_NAMESPACE timeout (expected)
[2m2026-08-22T00:29:51.093671Z[0m [32m INFO[0m [2mmoq_test_client::scenarios[0m[2m:[0m Subscriber got error: not found: Track not found [error:0199e970-4d42-496b-ac0d-4fb766720f84] (may be expected)
ok 5 - subscribe-before-publish-namespace
  ---
  duration_ms: 5345
  subscriber_connection_id: 60dc5f0dba2c803f5af10f3b45943896
  publisher_connection_id: 69f89d47894dcd5bcf330be6c89267c4
  ...
[2m2026-08-22T00:29:51.094258Z[0m [32m INFO[0m [2mmoq_native_ietf::quic[0m[2m:[0m UDP socket bound [3mbind[0m[2m=[0m[::]:0 [3mlocal[0m[2m=[0m[::]:40187 [3mdual_stack[0m[2m=[0mtrue
[2m2026-08-22T00:29:51.858038Z[0m [32m INFO[0m [2mmoq_test_client::scenarios[0m[2m:[0m Sending PUBLISH_NAMESPACE: moq-test/interop
[2m2026-08-22T00:29:53.859595Z[0m [32m INFO[0m [2mmoq_test_client::scenarios[0m[2m:[0m PUBLISH_NAMESPACE active; sending PUBLISH_NAMESPACE_DONE
[2m2026-08-22T00:29:53.960811Z[0m [32m INFO[0m [2mmoq_test_client::scenarios[0m[2m:[0m PUBLISH_NAMESPACE_DONE sent successfully
ok 6 - publish-namespace-done
  ---
  duration_ms: 2867
  connection_id: e7de8f81f74a7e6d265173df89766f78
  ...
make[1]: Leaving directory '/home/runner/work/moq-interop-runner/moq-interop-runner/main'
