make[1]: Entering directory '/home/runner/work/moq-interop-runner/moq-interop-runner/main'
Running tests against moqt://fb.mvfst.net:9448...
  Client: ghcr.io/englishm/moq-interop-runner-moq-test-client-draft-18:latest
docker run --rm \
	 \
	--network host \
	-e RELAY_URL=moqt://fb.mvfst.net:9448 \
	-e TLS_DISABLE_VERIFY=1 \
	ghcr.io/englishm/moq-interop-runner-moq-test-client-draft-18:latest
TAP version 14
# moq-test-client v0.1.10
# Relay: moqt://fb.mvfst.net:9448
1..6
[2m2026-08-22T00:33:04.792360Z[0m [32m INFO[0m [2mmoq_native_ietf::quic[0m[2m:[0m UDP socket bound [3mbind[0m[2m=[0m[::]:0 [3mlocal[0m[2m=[0m[::]:56456 [3mdual_stack[0m[2m=[0mtrue
[2m2026-08-22T00:33:04.939979Z[0m [32m INFO[0m [2mmoq_test_client::scenarios[0m[2m:[0m SETUP exchange completed successfully
ok 1 - setup-only
  ---
  duration_ms: 148
  connection_id: 1b9f8689366e73ede090bb6b65379df2
  ...
[2m2026-08-22T00:33:04.940424Z[0m [32m INFO[0m [2mmoq_native_ietf::quic[0m[2m:[0m UDP socket bound [3mbind[0m[2m=[0m[::]:0 [3mlocal[0m[2m=[0m[::]:48969 [3mdual_stack[0m[2m=[0mtrue
[2m2026-08-22T00:33:05.035571Z[0m [32m INFO[0m [2mmoq_test_client::scenarios[0m[2m:[0m Sending PUBLISH_NAMESPACE for: moq-test/interop
[2m2026-08-22T00:33:07.037021Z[0m [32m INFO[0m [2mmoq_test_client::scenarios[0m[2m:[0m PUBLISH_NAMESPACE succeeded (REQUEST_OK received, waiting for subscribers)
ok 2 - publish-namespace-only
  ---
  duration_ms: 2097
  connection_id: 598bd8b7a794d4f8c2fa4231837ff678
  ...
[2m2026-08-22T00:33:07.037546Z[0m [32m INFO[0m [2mmoq_native_ietf::quic[0m[2m:[0m UDP socket bound [3mbind[0m[2m=[0m[::]:0 [3mlocal[0m[2m=[0m[::]:57514 [3mdual_stack[0m[2m=[0mtrue
[2m2026-08-22T00:33:07.129854Z[0m [32m INFO[0m [2mmoq_test_client::scenarios[0m[2m:[0m Subscribing to non-existent track: nonexistent/namespace/test-track
[2m2026-08-22T00:33:07.205962Z[0m [33m WARN[0m [2mmoq_transport::serve::error[0m[2m:[0m [80163632-d2e9-4bed-97f2-db50809972b3] Not found: no such namespace or track at moq-transport/src/session/subscriber.rs:483
[2m2026-08-22T00:33:07.205976Z[0m [33m WARN[0m [2mmoq_transport::session::reader[0m[2m:[0m [READER] decode: stream ended while waiting for data (have=0 bytes, need=1)
[2m2026-08-22T00:33:07.205998Z[0m [32m INFO[0m [2mmoq_test_client::scenarios[0m[2m:[0m Got expected 'not found' error: not found: Track not found [error:80163632-d2e9-4bed-97f2-db50809972b3]
ok 3 - subscribe-error
  ---
  duration_ms: 168
  connection_id: 4c85d25d04eed9f1bacdfb5717e63146
  ...
[2m2026-08-22T00:33:07.206408Z[0m [32m INFO[0m [2mmoq_native_ietf::quic[0m[2m:[0m UDP socket bound [3mbind[0m[2m=[0m[::]:0 [3mlocal[0m[2m=[0m[::]:43424 [3mdual_stack[0m[2m=[0mtrue
[2m2026-08-22T00:33:07.348206Z[0m [32m INFO[0m [2mmoq_native_ietf::quic[0m[2m:[0m UDP socket bound [3mbind[0m[2m=[0m[::]:0 [3mlocal[0m[2m=[0m[::]:49987 [3mdual_stack[0m[2m=[0mtrue
[2m2026-08-22T00:33:07.474437Z[0m [32m INFO[0m [2mmoq_test_client::scenarios[0m[2m:[0m Publisher sending PUBLISH_NAMESPACE: moq-test/interop
[2m2026-08-22T00:33:07.474445Z[0m [32m INFO[0m [2mmoq_test_client::scenarios[0m[2m:[0m Subscriber subscribing to track: moq-test/interop/test-track
[2m2026-08-22T00:33:10.476301Z[0m [32m INFO[0m [2mmoq_test_client::scenarios[0m[2m:[0m Test timeout reached - subscription routing may still be in progress
ok 4 - publish-namespace-subscribe
  ---
  duration_ms: 3270
  publisher_connection_id: 5f43cfbc4270e982322aae24d2f1f491
  subscriber_connection_id: 62bace8333253a029cd6451e2767f5cd
  ...
[2m2026-08-22T00:33:10.476830Z[0m [32m INFO[0m [2mmoq_native_ietf::quic[0m[2m:[0m UDP socket bound [3mbind[0m[2m=[0m[::]:0 [3mlocal[0m[2m=[0m[::]:35618 [3mdual_stack[0m[2m=[0mtrue
[2m2026-08-22T00:33:10.606850Z[0m [32m INFO[0m [2mmoq_test_client::scenarios[0m[2m:[0m Subscriber subscribing BEFORE PUBLISH_NAMESPACE: moq-test/interop/test-track
[2m2026-08-22T00:33:10.682700Z[0m [33m WARN[0m [2mmoq_transport::serve::error[0m[2m:[0m [7323e04f-4e4f-438c-98fc-d11c7df32a70] Not found: no such namespace or track at moq-transport/src/session/subscriber.rs:483
[2m2026-08-22T00:33:10.682725Z[0m [33m WARN[0m [2mmoq_transport::session::reader[0m[2m:[0m [READER] decode: stream ended while waiting for data (have=0 bytes, need=1)
[2m2026-08-22T00:33:11.107966Z[0m [32m INFO[0m [2mmoq_native_ietf::quic[0m[2m:[0m UDP socket bound [3mbind[0m[2m=[0m[::]:0 [3mlocal[0m[2m=[0m[::]:42365 [3mdual_stack[0m[2m=[0mtrue
[2m2026-08-22T00:33:11.204824Z[0m [32m INFO[0m [2mmoq_test_client::scenarios[0m[2m:[0m Publisher sending PUBLISH_NAMESPACE (after subscriber): moq-test/interop
[2m2026-08-22T00:33:14.206186Z[0m [32m INFO[0m [2mmoq_test_client::scenarios[0m[2m:[0m Publisher PUBLISH_NAMESPACE timeout (expected)
[2m2026-08-22T00:33:14.206203Z[0m [32m INFO[0m [2mmoq_test_client::scenarios[0m[2m:[0m Subscriber got error: not found: Track not found [error:7323e04f-4e4f-438c-98fc-d11c7df32a70] (may be expected)
ok 5 - subscribe-before-publish-namespace
  ---
  duration_ms: 3729
  subscriber_connection_id: 47eb2e3c7b844908ef75fee9da9b7af5
  publisher_connection_id: 7cd8fd5e458a584c4cd428e1def65300
  ...
[2m2026-08-22T00:33:14.206687Z[0m [32m INFO[0m [2mmoq_native_ietf::quic[0m[2m:[0m UDP socket bound [3mbind[0m[2m=[0m[::]:0 [3mlocal[0m[2m=[0m[::]:34455 [3mdual_stack[0m[2m=[0mtrue
[2m2026-08-22T00:33:14.293876Z[0m [32m INFO[0m [2mmoq_test_client::scenarios[0m[2m:[0m Sending PUBLISH_NAMESPACE: moq-test/interop
[2m2026-08-22T00:33:16.294288Z[0m [32m INFO[0m [2mmoq_test_client::scenarios[0m[2m:[0m PUBLISH_NAMESPACE active; sending PUBLISH_NAMESPACE_DONE
[2m2026-08-22T00:33:16.395138Z[0m [32m INFO[0m [2mmoq_test_client::scenarios[0m[2m:[0m PUBLISH_NAMESPACE_DONE sent successfully
ok 6 - publish-namespace-done
  ---
  duration_ms: 2188
  connection_id: 0412fe8b1ba609d06d959abcec53ee37
  ...
make[1]: Leaving directory '/home/runner/work/moq-interop-runner/moq-interop-runner/main'
