make[1]: Entering directory '/home/runner/work/moq-interop-runner/moq-interop-runner/main'
Running tests against https://us-west-2.relay.quicr.org:33437/relay...
  Client: ghcr.io/openmoq/moqx-interop-client:latest
docker run --rm \
	 \
	--network host \
	-e RELAY_URL=https://us-west-2.relay.quicr.org:33437/relay \
	-e TLS_DISABLE_VERIFY=1 \
	ghcr.io/openmoq/moqx-interop-client:latest
TAP version 14
# moxygen interop test client
# Relay: https://us-west-2.relay.quicr.org:33437/relay
# Transport: WebTransport
1..6
W0822 01:12:06.347944     1 MoQWebTransportClient.cpp:175] WebTransport: No WT-Protocol header in response, will use legacy version negotiation
E0822 01:12:06.361863     1 MoQFramer.cpp:1187] Server selected version draft-1 but we only offer draft-14 in legacy mode
E0822 01:12:06.361871     1 MoQCodec.cpp:126] Conn error=21
E0822 01:12:06.361874     1 MoQSession.cpp:5754] MoQCodec control stream parse error err=21
not ok 1 - setup-only
  ---
  duration_ms: 278
  error: coroutine operation cancelled
  ...
W0822 01:12:06.613715     1 MoQWebTransportClient.cpp:175] WebTransport: No WT-Protocol header in response, will use legacy version negotiation
E0822 01:12:06.627036     1 MoQFramer.cpp:1187] Server selected version draft-1 but we only offer draft-14 in legacy mode
E0822 01:12:06.627046     1 MoQCodec.cpp:126] Conn error=21
E0822 01:12:06.627049     1 MoQSession.cpp:5754] MoQCodec control stream parse error err=21
not ok 2 - announce-only
  ---
  duration_ms: 265
  error: coroutine operation cancelled
  ...
W0822 01:12:06.745893     1 MoQWebTransportClient.cpp:175] WebTransport: No WT-Protocol header in response, will use legacy version negotiation
E0822 01:12:06.759686     1 MoQFramer.cpp:1187] Server selected version draft-1 but we only offer draft-14 in legacy mode
E0822 01:12:06.759702     1 MoQCodec.cpp:126] Conn error=21
E0822 01:12:06.759705     1 MoQSession.cpp:5754] MoQCodec control stream parse error err=21
not ok 3 - subscribe-error
  ---
  duration_ms: 132
  error: coroutine operation cancelled
  ...
W0822 01:12:07.003464     1 MoQWebTransportClient.cpp:175] WebTransport: No WT-Protocol header in response, will use legacy version negotiation
E0822 01:12:07.016924     1 MoQFramer.cpp:1187] Server selected version draft-1 but we only offer draft-14 in legacy mode
E0822 01:12:07.016932     1 MoQCodec.cpp:126] Conn error=21
E0822 01:12:07.016934     1 MoQSession.cpp:5754] MoQCodec control stream parse error err=21
not ok 4 - announce-subscribe
  ---
  duration_ms: 257
  error: coroutine operation cancelled
  ...
W0822 01:12:07.129074     1 MoQWebTransportClient.cpp:175] WebTransport: No WT-Protocol header in response, will use legacy version negotiation
E0822 01:12:07.142542     1 MoQFramer.cpp:1187] Server selected version draft-1 but we only offer draft-14 in legacy mode
E0822 01:12:07.142553     1 MoQCodec.cpp:126] Conn error=21
E0822 01:12:07.142555     1 MoQSession.cpp:5754] MoQCodec control stream parse error err=21
not ok 5 - publish-namespace-done
  ---
  duration_ms: 125
  error: coroutine operation cancelled
  ...
W0822 01:12:07.175426     1 MoQWebTransportClient.cpp:175] WebTransport: No WT-Protocol header in response, will use legacy version negotiation
E0822 01:12:07.189045     1 MoQFramer.cpp:1187] Server selected version draft-1 but we only offer draft-14 in legacy mode
E0822 01:12:07.189054     1 MoQCodec.cpp:126] Conn error=21
E0822 01:12:07.189057     1 MoQSession.cpp:5754] MoQCodec control stream parse error err=21
not ok 6 - subscribe-before-announce
  ---
  duration_ms: 46
  error: coroutine operation cancelled
  ...
make[1]: *** [Makefile:122: test-external] Error 1
make[1]: Leaving directory '/home/runner/work/moq-interop-runner/moq-interop-runner/main'
