make[1]: Entering directory '/home/runner/work/moq-interop-runner/moq-interop-runner/main'
Running tests against moqt://us-west-2.relay.quicr.org:33437...
  Client: ghcr.io/facebookexperimental/moxygen-interop-client:latest-amd64
docker run --rm \
	 \
	--network host \
	-e RELAY_URL=moqt://us-west-2.relay.quicr.org:33437 \
	-e TLS_DISABLE_VERIFY=1 \
	ghcr.io/facebookexperimental/moxygen-interop-client:latest-amd64
TAP version 14
# moxygen interop test client
# Relay: moqt://us-west-2.relay.quicr.org:33437
# Transport: QUIC
# Offered ALPNs: moqt-18, moqt-16, moqt-15, moq-00
1..6
ok 1 - setup-only
  ---
  duration_ms: 38
  negotiated_version: draft-16
  info: SETUP exchange completed successfully
  ...
W0822 01:13:51.014943     1 MoQSession.cpp:5980] Issuing request that will fail; nextRequestID_=0 peerMaxRequestID_=0 sess=0x55d407540330
ok 2 - announce-only
  ---
  duration_ms: 45
  negotiated_version: draft-16
  info: PUBLISH_NAMESPACE completed successfully
  ...
E0822 01:13:51.028736     1 MoQRelaySession.cpp:1116] PublishNamespaceDone for unknown publishNamespace, sess=0x55d407540330
W0822 01:13:51.088949     1 MoQSession.cpp:5980] Issuing request that will fail; nextRequestID_=0 peerMaxRequestID_=0 sess=0x55d407540ed0
E0822 01:13:51.102145     1 MoQCodec.cpp:126] Conn error=3
E0822 01:13:51.102152     1 MoQSession.cpp:5765] MoQCodec control stream parse error err=3
ok 3 - subscribe-error
  ---
  duration_ms: 73
  negotiated_version: draft-16
  info: Subscribe correctly returned error: Session closed
  ...
W0822 01:13:51.141445     1 MoQSession.cpp:5980] Issuing request that will fail; nextRequestID_=0 peerMaxRequestID_=0 sess=0x55d4074cc1d0
W0822 01:13:51.481284     1 MoQSession.cpp:5980] Issuing request that will fail; nextRequestID_=0 peerMaxRequestID_=0 sess=0x55d40754f550
E0822 01:13:51.494915     1 MoQCodec.cpp:126] Conn error=3
E0822 01:13:51.494923     1 MoQSession.cpp:5765] MoQCodec control stream parse error err=3
E0822 01:13:51.494984     1 MoQSession.cpp:6222] publishDone for invalid id=1 sess=0x55d4074cc1d0
not ok 4 - announce-subscribe
  ---
  duration_ms: 392
  negotiated_version: draft-16
  error: Subscribe failed: Session closed
  ...
W0822 01:13:51.526377     1 MoQSession.cpp:5980] Issuing request that will fail; nextRequestID_=0 peerMaxRequestID_=0 sess=0x55d407542b20
ok 5 - publish-namespace-done
  ---
  duration_ms: 44
  negotiated_version: draft-16
  info: PUBLISH_NAMESPACE_OK received, PUBLISH_NAMESPACE_DONE sent
  ...
W0822 01:13:51.584148     1 MoQSession.cpp:5980] Issuing request that will fail; nextRequestID_=0 peerMaxRequestID_=0 sess=0x55d4075341f0
E0822 01:13:51.598157     1 MoQCodec.cpp:126] Conn error=3
E0822 01:13:51.598165     1 MoQSession.cpp:5765] MoQCodec control stream parse error err=3
W0822 01:13:52.117397     1 MoQSession.cpp:5980] Issuing request that will fail; nextRequestID_=0 peerMaxRequestID_=0 sess=0x55d4075161b0
ok 6 - subscribe-before-announce
  ---
  duration_ms: 591
  negotiated_version: draft-16
  info: Subscribe returned error (relay doesn't buffer pending subscriptions): Session closed
  ...
make[1]: *** [Makefile:122: test-external] Error 1
make[1]: Leaving directory '/home/runner/work/moq-interop-runner/moq-interop-runner/main'
