make[1]: Entering directory '/home/runner/work/moq-interop-runner/moq-interop-runner/main'
Running tests against https://draft-18-interop.cloudflare.mediaoverquic.com:443/moq...
  Client: ghcr.io/englishm/moq-interop-runner-moq-test-client-draft-18:latest
docker run --rm \
	 \
	--network host \
	-e RELAY_URL=https://draft-18-interop.cloudflare.mediaoverquic.com:443/moq \
	-e TLS_DISABLE_VERIFY=false \
	ghcr.io/englishm/moq-interop-runner-moq-test-client-draft-18:latest
TAP version 14
# moq-test-client v0.1.10
# Relay: https://draft-18-interop.cloudflare.mediaoverquic.com/moq
1..6
[2m2026-08-23T00:31:06.479073Z[0m [32m INFO[0m [2mmoq_native_ietf::quic[0m[2m:[0m UDP socket bound [3mbind[0m[2m=[0m[::]:0 [3mlocal[0m[2m=[0m[::]:58538 [3mdual_stack[0m[2m=[0mtrue
[2m2026-08-23T00:31:06.827061Z[0m [32m INFO[0m [2mmoq_test_client::scenarios[0m[2m:[0m SETUP exchange completed successfully
ok 1 - setup-only
  ---
  duration_ms: 348
  connection_id: 6b117c8b0e790d85d9976d69da4dc8aa
  ...
[2m2026-08-23T00:31:06.827734Z[0m [32m INFO[0m [2mmoq_native_ietf::quic[0m[2m:[0m UDP socket bound [3mbind[0m[2m=[0m[::]:0 [3mlocal[0m[2m=[0m[::]:58907 [3mdual_stack[0m[2m=[0mtrue
[2m2026-08-23T00:31:06.878696Z[0m [33m WARN[0m [2mweb_transport_quinn::session[0m[2m:[0m failed to read capsule [3me[0m[2m=[0mUnexpectedEnd
[2m2026-08-23T00:31:07.168887Z[0m [32m INFO[0m [2mmoq_test_client::scenarios[0m[2m:[0m Sending PUBLISH_NAMESPACE for: moq-test/interop
[2m2026-08-23T00:31:09.170679Z[0m [32m INFO[0m [2mmoq_test_client::scenarios[0m[2m:[0m PUBLISH_NAMESPACE succeeded (REQUEST_OK received, waiting for subscribers)
ok 2 - publish-namespace-only
  ---
  duration_ms: 2343
  connection_id: c8cbd325570b6d23ea04bffd5d054584
  ...
[2m2026-08-23T00:31:09.171422Z[0m [32m INFO[0m [2mmoq_native_ietf::quic[0m[2m:[0m UDP socket bound [3mbind[0m[2m=[0m[::]:0 [3mlocal[0m[2m=[0m[::]:50453 [3mdual_stack[0m[2m=[0mtrue
[2m2026-08-23T00:31:09.223569Z[0m [33m WARN[0m [2mweb_transport_quinn::session[0m[2m:[0m failed to read capsule [3me[0m[2m=[0mUnexpectedEnd
[2m2026-08-23T00:31:09.590077Z[0m [32m INFO[0m [2mmoq_test_client::scenarios[0m[2m:[0m Subscribing to non-existent track: nonexistent/namespace/test-track
[2m2026-08-23T00:31:09.644542Z[0m [33m WARN[0m [2mmoq_transport::serve::error[0m[2m:[0m [65439cda-dbd9-4662-a79d-51a5fe32e5e4] Not found: not found: Track not found [error:7c5e4afc-48dc-4035-a619-fe0cd6354f81] at moq-transport/src/session/subscriber.rs:483
[2m2026-08-23T00:31:09.644591Z[0m [32m INFO[0m [2mmoq_test_client::scenarios[0m[2m:[0m Got expected 'not found' error: not found: Track not found [error:65439cda-dbd9-4662-a79d-51a5fe32e5e4]
ok 3 - subscribe-error
  ---
  duration_ms: 473
  connection_id: f195aefad916c4b28192e07abce9648c
  ...
[2m2026-08-23T00:31:09.645209Z[0m [32m INFO[0m [2mmoq_native_ietf::quic[0m[2m:[0m UDP socket bound [3mbind[0m[2m=[0m[::]:0 [3mlocal[0m[2m=[0m[::]:37594 [3mdual_stack[0m[2m=[0mtrue
[2m2026-08-23T00:31:09.698315Z[0m [33m WARN[0m [2mweb_transport_quinn::session[0m[2m:[0m failed to read capsule [3me[0m[2m=[0mUnexpectedEnd
[2m2026-08-23T00:31:09.875939Z[0m [32m INFO[0m [2mmoq_native_ietf::quic[0m[2m:[0m UDP socket bound [3mbind[0m[2m=[0m[::]:0 [3mlocal[0m[2m=[0m[::]:34557 [3mdual_stack[0m[2m=[0mtrue
[2m2026-08-23T00:31:10.155356Z[0m [32m INFO[0m [2mmoq_test_client::scenarios[0m[2m:[0m Publisher sending PUBLISH_NAMESPACE: moq-test/interop
[2m2026-08-23T00:31:10.155377Z[0m [32m INFO[0m [2mmoq_test_client::scenarios[0m[2m:[0m Subscriber subscribing to track: moq-test/interop/test-track
[2m2026-08-23T00:31:13.156997Z[0m [32m INFO[0m [2mmoq_test_client::scenarios[0m[2m:[0m Test timeout reached - subscription routing may still be in progress
ok 4 - publish-namespace-subscribe
  ---
  duration_ms: 3512
  publisher_connection_id: 54c587cc6be979d683e233ee52264951
  subscriber_connection_id: c148c5f56d957ba6f5de8f0bc446aad1
  ...
[2m2026-08-23T00:31:13.157692Z[0m [32m INFO[0m [2mmoq_native_ietf::quic[0m[2m:[0m UDP socket bound [3mbind[0m[2m=[0m[::]:0 [3mlocal[0m[2m=[0m[::]:42361 [3mdual_stack[0m[2m=[0mtrue
[2m2026-08-23T00:31:13.200603Z[0m [33m WARN[0m [2mweb_transport_quinn::session[0m[2m:[0m failed to read capsule [3me[0m[2m=[0mUnexpectedEnd
[2m2026-08-23T00:31:13.201966Z[0m [33m WARN[0m [2mweb_transport_quinn::session[0m[2m:[0m failed to read capsule [3me[0m[2m=[0mUnexpectedEnd
[2m2026-08-23T00:31:13.498465Z[0m [32m INFO[0m [2mmoq_test_client::scenarios[0m[2m:[0m Subscriber subscribing BEFORE PUBLISH_NAMESPACE: moq-test/interop/test-track
[2m2026-08-23T00:31:13.553264Z[0m [33m WARN[0m [2mmoq_transport::serve::error[0m[2m:[0m [10523d25-c580-4cf9-a219-bb6a34e04968] Not found: not found: Track not found [error:3458776c-9cea-48da-9291-c1d0bec5215d] at moq-transport/src/session/subscriber.rs:483
[2m2026-08-23T00:31:13.607082Z[0m [33m WARN[0m [2mweb_transport_quinn::session[0m[2m:[0m failed to read capsule [3me[0m[2m=[0mUnexpectedEnd
[2m2026-08-23T00:31:14.000845Z[0m [32m INFO[0m [2mmoq_native_ietf::quic[0m[2m:[0m UDP socket bound [3mbind[0m[2m=[0m[::]:0 [3mlocal[0m[2m=[0m[::]:34880 [3mdual_stack[0m[2m=[0mtrue
[2m2026-08-23T00:31:14.237364Z[0m [32m INFO[0m [2mmoq_test_client::scenarios[0m[2m:[0m Publisher sending PUBLISH_NAMESPACE (after subscriber): moq-test/interop
[2m2026-08-23T00:31:17.239055Z[0m [32m INFO[0m [2mmoq_test_client::scenarios[0m[2m:[0m Publisher PUBLISH_NAMESPACE timeout (expected)
[2m2026-08-23T00:31:17.239089Z[0m [32m INFO[0m [2mmoq_test_client::scenarios[0m[2m:[0m Subscriber got error: not found: Track not found [error:10523d25-c580-4cf9-a219-bb6a34e04968] (may be expected)
ok 5 - subscribe-before-publish-namespace
  ---
  duration_ms: 4082
  subscriber_connection_id: a41dcd44242e070cc5c4d75fd4261dad
  publisher_connection_id: b56f4080fb5c7af1a609ccf723d8c615
  ...
[2m2026-08-23T00:31:17.239735Z[0m [32m INFO[0m [2mmoq_native_ietf::quic[0m[2m:[0m UDP socket bound [3mbind[0m[2m=[0m[::]:0 [3mlocal[0m[2m=[0m[::]:38511 [3mdual_stack[0m[2m=[0mtrue
[2m2026-08-23T00:31:17.282840Z[0m [33m WARN[0m [2mweb_transport_quinn::session[0m[2m:[0m failed to read capsule [3me[0m[2m=[0mUnexpectedEnd
[2m2026-08-23T00:31:17.589148Z[0m [32m INFO[0m [2mmoq_test_client::scenarios[0m[2m:[0m Sending PUBLISH_NAMESPACE: moq-test/interop
[2m2026-08-23T00:31:19.589999Z[0m [32m INFO[0m [2mmoq_test_client::scenarios[0m[2m:[0m PUBLISH_NAMESPACE active; sending PUBLISH_NAMESPACE_DONE
[2m2026-08-23T00:31:19.690710Z[0m [32m INFO[0m [2mmoq_test_client::scenarios[0m[2m:[0m PUBLISH_NAMESPACE_DONE sent successfully
ok 6 - publish-namespace-done
  ---
  duration_ms: 2451
  connection_id: f3ed2fc8cec368295d331146f312bcf7
  ...
make[1]: Leaving directory '/home/runner/work/moq-interop-runner/moq-interop-runner/main'
