make[1]: Entering directory '/home/runner/work/moq-interop-runner/moq-interop-runner/main'
Running tests against moqt://lminiero.it:9000...
  Client: ghcr.io/englishm/moq-interop-runner-moq-test-client-draft-18:latest
docker run --rm \
	 \
	--network host \
	-e RELAY_URL=moqt://lminiero.it:9000 \
	-e TLS_DISABLE_VERIFY=false \
	ghcr.io/englishm/moq-interop-runner-moq-test-client-draft-18:latest
TAP version 14
# moq-test-client v0.1.10
# Relay: moqt://lminiero.it:9000
1..6
[2m2026-08-23T00:29:56.114454Z[0m [32m INFO[0m [2mmoq_native_ietf::quic[0m[2m:[0m UDP socket bound [3mbind[0m[2m=[0m[::]:0 [3mlocal[0m[2m=[0m[::]:44355 [3mdual_stack[0m[2m=[0mtrue
[2m2026-08-23T00:29:57.356971Z[0m [32m INFO[0m [2mmoq_test_client::scenarios[0m[2m:[0m SETUP exchange completed successfully
ok 1 - setup-only
  ---
  duration_ms: 1243
  connection_id: d963ba194b4d47f3905947945827b72c
  ...
[2m2026-08-23T00:29:57.357586Z[0m [32m INFO[0m [2mmoq_native_ietf::quic[0m[2m:[0m UDP socket bound [3mbind[0m[2m=[0m[::]:0 [3mlocal[0m[2m=[0m[::]:58099 [3mdual_stack[0m[2m=[0mtrue
[2m2026-08-23T00:29:57.902886Z[0m [32m INFO[0m [2mmoq_test_client::scenarios[0m[2m:[0m Sending PUBLISH_NAMESPACE for: moq-test/interop
[2m2026-08-23T00:29:59.904351Z[0m [32m INFO[0m [2mmoq_test_client::scenarios[0m[2m:[0m PUBLISH_NAMESPACE succeeded (REQUEST_OK received, waiting for subscribers)
ok 2 - publish-namespace-only
  ---
  duration_ms: 2547
  connection_id: b844ca73ce0998e41867a9f8dca677ee
  ...
[2m2026-08-23T00:29:59.905010Z[0m [32m INFO[0m [2mmoq_native_ietf::quic[0m[2m:[0m UDP socket bound [3mbind[0m[2m=[0m[::]:0 [3mlocal[0m[2m=[0m[::]:33171 [3mdual_stack[0m[2m=[0mtrue
[2m2026-08-23T00:30:00.447641Z[0m [32m INFO[0m [2mmoq_test_client::scenarios[0m[2m:[0m Subscribing to non-existent track: nonexistent/namespace/test-track
[2m2026-08-23T00:30:00.591924Z[0m [33m WARN[0m [2mmoq_transport::serve::error[0m[2m:[0m [2cceca37-033e-462f-be2c-b9e29dda8b8a] Not found: Namespace not found at moq-transport/src/session/subscriber.rs:483
[2m2026-08-23T00:30:00.591951Z[0m [33m WARN[0m [2mmoq_transport::session::reader[0m[2m:[0m [READER] decode: stream ended while waiting for data (have=0 bytes, need=1)
[2m2026-08-23T00:30:00.591993Z[0m [32m INFO[0m [2mmoq_test_client::scenarios[0m[2m:[0m Got expected 'not found' error: not found: Track not found [error:2cceca37-033e-462f-be2c-b9e29dda8b8a]
ok 3 - subscribe-error
  ---
  duration_ms: 687
  connection_id: 212a04feb3d77ae463f6bc88d07d3e58
  ...
[2m2026-08-23T00:30:00.592687Z[0m [32m INFO[0m [2mmoq_native_ietf::quic[0m[2m:[0m UDP socket bound [3mbind[0m[2m=[0m[::]:0 [3mlocal[0m[2m=[0m[::]:43193 [3mdual_stack[0m[2m=[0mtrue
[2m2026-08-23T00:30:01.144303Z[0m [32m INFO[0m [2mmoq_native_ietf::quic[0m[2m:[0m UDP socket bound [3mbind[0m[2m=[0m[::]:0 [3mlocal[0m[2m=[0m[::]:47251 [3mdual_stack[0m[2m=[0mtrue
[2m2026-08-23T00:30:01.687643Z[0m [32m INFO[0m [2mmoq_test_client::scenarios[0m[2m:[0m Publisher sending PUBLISH_NAMESPACE: moq-test/interop
[2m2026-08-23T00:30:01.687668Z[0m [32m INFO[0m [2mmoq_test_client::scenarios[0m[2m:[0m Subscriber subscribing to track: moq-test/interop/test-track
[2m2026-08-23T00:30:01.827823Z[0m [33m WARN[0m [2mmoq_transport::serve::error[0m[2m:[0m [58c0cd7d-b29c-4706-aeb9-c05865c1217a] Not found: Namespace not found at moq-transport/src/session/subscriber.rs:483
[2m2026-08-23T00:30:01.827846Z[0m [33m WARN[0m [2mmoq_transport::session::reader[0m[2m:[0m [READER] decode: stream ended while waiting for data (have=0 bytes, need=1)
[2m2026-08-23T00:30:01.827897Z[0m [32m INFO[0m [2mmoq_test_client::scenarios[0m[2m:[0m Subscriber got error: not found: Track not found [error:58c0cd7d-b29c-4706-aeb9-c05865c1217a] - subscription was processed
ok 4 - publish-namespace-subscribe
  ---
  duration_ms: 1235
  publisher_connection_id: f9dbfb99e0c71e24eee0c5fa3d6ee0ff
  subscriber_connection_id: 315fb39043d9c74dba42b2578115933c
  ...
[2m2026-08-23T00:30:01.828524Z[0m [32m INFO[0m [2mmoq_native_ietf::quic[0m[2m:[0m UDP socket bound [3mbind[0m[2m=[0m[::]:0 [3mlocal[0m[2m=[0m[::]:39986 [3mdual_stack[0m[2m=[0mtrue
[2m2026-08-23T00:30:02.118120Z[0m [32m INFO[0m [2mmoq_test_client::scenarios[0m[2m:[0m Subscriber subscribing BEFORE PUBLISH_NAMESPACE: moq-test/interop/test-track
[2m2026-08-23T00:30:02.620054Z[0m [32m INFO[0m [2mmoq_native_ietf::quic[0m[2m:[0m UDP socket bound [3mbind[0m[2m=[0m[::]:0 [3mlocal[0m[2m=[0m[::]:43496 [3mdual_stack[0m[2m=[0mtrue
[2m2026-08-23T00:30:03.133694Z[0m [32m INFO[0m [2mmoq_test_client::scenarios[0m[2m:[0m Publisher sending PUBLISH_NAMESPACE (after subscriber): moq-test/interop
[2m2026-08-23T00:30:06.134694Z[0m [32m INFO[0m [2mmoq_test_client::scenarios[0m[2m:[0m Publisher PUBLISH_NAMESPACE timeout (expected)
[2m2026-08-23T00:30:07.135980Z[0m [32m INFO[0m [2mmoq_test_client::scenarios[0m[2m:[0m Subscriber still waiting (test complete)
ok 5 - subscribe-before-publish-namespace
  ---
  duration_ms: 5308
  subscriber_connection_id: 1f19a19a0892e9f925666aa2d9d25a31
  publisher_connection_id: 476965a66ed28cf4ffa532ba6be9c83e
  ...
[2m2026-08-23T00:30:07.136667Z[0m [32m INFO[0m [2mmoq_native_ietf::quic[0m[2m:[0m UDP socket bound [3mbind[0m[2m=[0m[::]:0 [3mlocal[0m[2m=[0m[::]:35988 [3mdual_stack[0m[2m=[0mtrue
[2m2026-08-23T00:30:07.424564Z[0m [32m INFO[0m [2mmoq_test_client::scenarios[0m[2m:[0m Sending PUBLISH_NAMESPACE: moq-test/interop
[2m2026-08-23T00:30:09.427140Z[0m [32m INFO[0m [2mmoq_test_client::scenarios[0m[2m:[0m PUBLISH_NAMESPACE active; sending PUBLISH_NAMESPACE_DONE
[2m2026-08-23T00:30:09.528835Z[0m [32m INFO[0m [2mmoq_test_client::scenarios[0m[2m:[0m PUBLISH_NAMESPACE_DONE sent successfully
ok 6 - publish-namespace-done
  ---
  duration_ms: 2392
  connection_id: 0e289244399cc375032d0d29da157d8d
  ...
make[1]: Leaving directory '/home/runner/work/moq-interop-runner/moq-interop-runner/main'
