make[1]: Entering directory '/home/runner/work/moq-interop-runner/moq-interop-runner/main'
Running tests against https://us-west-2.relay.quicr.org:33437/relay...
  Client: ghcr.io/openmoq/moqx-interop-client:latest
docker run --rm \
	 \
	--network host \
	-e RELAY_URL=https://us-west-2.relay.quicr.org:33437/relay \
	-e TLS_DISABLE_VERIFY=1 \
	ghcr.io/openmoq/moqx-interop-client:latest
TAP version 14
# moxygen interop test client
# Relay: https://us-west-2.relay.quicr.org:33437/relay
# Transport: WebTransport
1..6
W0823 01:11:19.045398     1 MoQWebTransportClient.cpp:175] WebTransport: No WT-Protocol header in response, will use legacy version negotiation
E0823 01:11:19.097757     1 MoQFramer.cpp:1187] Server selected version draft-1 but we only offer draft-14 in legacy mode
E0823 01:11:19.097789     1 MoQCodec.cpp:126] Conn error=21
E0823 01:11:19.097791     1 MoQSession.cpp:5754] MoQCodec control stream parse error err=21
not ok 1 - setup-only
  ---
  duration_ms: 269
  error: coroutine operation cancelled
  ...
W0823 01:11:19.294049     1 MoQWebTransportClient.cpp:175] WebTransport: No WT-Protocol header in response, will use legacy version negotiation
E0823 01:11:19.346740     1 MoQFramer.cpp:1187] Server selected version draft-1 but we only offer draft-14 in legacy mode
E0823 01:11:19.346768     1 MoQCodec.cpp:126] Conn error=21
E0823 01:11:19.346777     1 MoQSession.cpp:5754] MoQCodec control stream parse error err=21
not ok 2 - announce-only
  ---
  duration_ms: 248
  error: coroutine operation cancelled
  ...
W0823 01:11:19.651837     1 MoQWebTransportClient.cpp:175] WebTransport: No WT-Protocol header in response, will use legacy version negotiation
E0823 01:11:19.704439     1 MoQFramer.cpp:1187] Server selected version draft-1 but we only offer draft-14 in legacy mode
E0823 01:11:19.704477     1 MoQCodec.cpp:126] Conn error=21
E0823 01:11:19.704486     1 MoQSession.cpp:5754] MoQCodec control stream parse error err=21
not ok 3 - subscribe-error
  ---
  duration_ms: 357
  error: coroutine operation cancelled
  ...
W0823 01:11:20.000137     1 MoQWebTransportClient.cpp:175] WebTransport: No WT-Protocol header in response, will use legacy version negotiation
E0823 01:11:20.053655     1 MoQFramer.cpp:1187] Server selected version draft-1 but we only offer draft-14 in legacy mode
E0823 01:11:20.053690     1 MoQCodec.cpp:126] Conn error=21
E0823 01:11:20.053693     1 MoQSession.cpp:5754] MoQCodec control stream parse error err=21
not ok 4 - announce-subscribe
  ---
  duration_ms: 349
  error: coroutine operation cancelled
  ...
W0823 01:11:20.264040     1 MoQWebTransportClient.cpp:175] WebTransport: No WT-Protocol header in response, will use legacy version negotiation
E0823 01:11:20.316071     1 MoQFramer.cpp:1187] Server selected version draft-1 but we only offer draft-14 in legacy mode
E0823 01:11:20.316102     1 MoQCodec.cpp:126] Conn error=21
E0823 01:11:20.316105     1 MoQSession.cpp:5754] MoQCodec control stream parse error err=21
not ok 5 - publish-namespace-done
  ---
  duration_ms: 262
  error: coroutine operation cancelled
  ...
W0823 01:11:20.533762     1 MoQWebTransportClient.cpp:175] WebTransport: No WT-Protocol header in response, will use legacy version negotiation
E0823 01:11:20.586961     1 MoQFramer.cpp:1187] Server selected version draft-1 but we only offer draft-14 in legacy mode
E0823 01:11:20.586993     1 MoQCodec.cpp:126] Conn error=21
E0823 01:11:20.586997     1 MoQSession.cpp:5754] MoQCodec control stream parse error err=21
not ok 6 - subscribe-before-announce
  ---
  duration_ms: 270
  error: coroutine operation cancelled
  ...
make[1]: *** [Makefile:122: test-external] Error 1
make[1]: Leaving directory '/home/runner/work/moq-interop-runner/moq-interop-runner/main'
