make[1]: Entering directory '/home/runner/work/moq-interop-runner/moq-interop-runner/main'
Running tests against https://lminiero.it:9000...
  Client: ghcr.io/englishm/moq-interop-runner-moq-test-client-draft-18:latest
docker run --rm \
	 \
	--network host \
	-e RELAY_URL=https://lminiero.it:9000 \
	-e TLS_DISABLE_VERIFY=false \
	ghcr.io/englishm/moq-interop-runner-moq-test-client-draft-18:latest
TAP version 14
# moq-test-client v0.1.12
# Relay: https://lminiero.it:9000/
1..8
[2m2026-08-28T03:09:38.752053Z[0m [32m INFO[0m [2mmoq_native_ietf::quic[0m[2m:[0m UDP socket bound [3mbind[0m[2m=[0m[::]:0 [3mlocal[0m[2m=[0m[::]:42030 [3mdual_stack[0m[2m=[0mtrue
[2m2026-08-28T03:09:39.547092Z[0m [32m INFO[0m [2mmoq_test_client::scenarios[0m[2m:[0m SETUP exchange completed successfully
ok 1 - setup-only
  ---
  duration_ms: 795
  connection_id: 35f9109924219e76eaeb6620fe5c2bba
  ...
[2m2026-08-28T03:09:39.547986Z[0m [32m INFO[0m [2mmoq_native_ietf::quic[0m[2m:[0m UDP socket bound [3mbind[0m[2m=[0m[::]:0 [3mlocal[0m[2m=[0m[::]:50860 [3mdual_stack[0m[2m=[0mtrue
[2m2026-08-28T03:09:40.239091Z[0m [32m INFO[0m [2mmoq_test_client::scenarios[0m[2m:[0m Sending PUBLISH_NAMESPACE for: moq-test/interop
[2m2026-08-28T03:09:42.240325Z[0m [32m INFO[0m [2mmoq_test_client::scenarios[0m[2m:[0m PUBLISH_NAMESPACE succeeded (REQUEST_OK received, waiting for subscribers)
[2m2026-08-28T03:09:42.241334Z[0m [32m INFO[0m [2mmoq_native_ietf::quic[0m[2m:[0m UDP socket bound [3mbind[0m[2m=[0m[::]:0 [3mlocal[0m[2m=[0m[::]:41937 [3mdual_stack[0m[2m=[0mtrue
ok 2 - publish-namespace-only
  ---
  duration_ms: 2693
  connection_id: b5c71a136612750ca8bfb4c4ed617428
  ...
[2m2026-08-28T03:09:42.951176Z[0m [32m INFO[0m [2mmoq_test_client::scenarios[0m[2m:[0m Subscribing to non-existent track: nonexistent/namespace/test-track
[2m2026-08-28T03:09:43.093537Z[0m [33m WARN[0m [2mmoq_transport::serve::error[0m[2m:[0m [4b33ee62-0a5a-4cad-860b-30bbc71a521b] Not found: Namespace not found at moq-transport/src/session/subscriber.rs:1280
[2m2026-08-28T03:09:43.093565Z[0m [33m WARN[0m [2mmoq_transport::session::reader[0m[2m:[0m [READER] decode: stream ended while waiting for data (have=0 bytes, need=1)
[2m2026-08-28T03:09:43.093614Z[0m [32m INFO[0m [2mmoq_test_client::scenarios[0m[2m:[0m Got expected 'not found' error: not found: Track not found [error:4b33ee62-0a5a-4cad-860b-30bbc71a521b]
ok 3 - subscribe-error
  ---
  duration_ms: 853
  connection_id: 48bd3964309f0b55056d6ac706d04275
  ...
[2m2026-08-28T03:09:43.094596Z[0m [32m INFO[0m [2mmoq_native_ietf::quic[0m[2m:[0m UDP socket bound [3mbind[0m[2m=[0m[::]:0 [3mlocal[0m[2m=[0m[::]:49460 [3mdual_stack[0m[2m=[0mtrue
[2m2026-08-28T03:09:43.789686Z[0m [32m INFO[0m [2mmoq_native_ietf::quic[0m[2m:[0m UDP socket bound [3mbind[0m[2m=[0m[::]:0 [3mlocal[0m[2m=[0m[::]:52461 [3mdual_stack[0m[2m=[0mtrue
[2m2026-08-28T03:09:44.287574Z[0m [32m INFO[0m [2mmoq_test_client::scenarios[0m[2m:[0m Publisher sending PUBLISH_NAMESPACE: moq-test/interop
[2m2026-08-28T03:09:44.287596Z[0m [32m INFO[0m [2mmoq_test_client::scenarios[0m[2m:[0m Subscriber subscribing to track: moq-test/interop/test-track
[2m2026-08-28T03:09:47.288762Z[0m [32m INFO[0m [2mmoq_test_client::scenarios[0m[2m:[0m Test timeout reached - subscription routing may still be in progress
ok 4 - publish-namespace-subscribe
  ---
  duration_ms: 4195
  publisher_connection_id: d49797924aaa6f4c04bf467602b93ef5
  subscriber_connection_id: d8872863642e09bf4683f6481cab7092
  ...
[2m2026-08-28T03:09:47.289763Z[0m [32m INFO[0m [2mmoq_native_ietf::quic[0m[2m:[0m UDP socket bound [3mbind[0m[2m=[0m[::]:0 [3mlocal[0m[2m=[0m[::]:47110 [3mdual_stack[0m[2m=[0mtrue
[2m2026-08-28T03:09:47.988101Z[0m [32m INFO[0m [2mmoq_test_client::scenarios[0m[2m:[0m Subscriber subscribing BEFORE PUBLISH_NAMESPACE: moq-test/interop/test-track
[2m2026-08-28T03:09:48.114105Z[0m [33m WARN[0m [2mmoq_transport::serve::error[0m[2m:[0m [2c151e3a-2ba9-4f77-9ca4-c0c454ea499d] Not found: Namespace not found at moq-transport/src/session/subscriber.rs:1280
[2m2026-08-28T03:09:48.114132Z[0m [33m WARN[0m [2mmoq_transport::session::reader[0m[2m:[0m [READER] decode: stream ended while waiting for data (have=0 bytes, need=1)
[2m2026-08-28T03:09:48.489772Z[0m [32m INFO[0m [2mmoq_native_ietf::quic[0m[2m:[0m UDP socket bound [3mbind[0m[2m=[0m[::]:0 [3mlocal[0m[2m=[0m[::]:56885 [3mdual_stack[0m[2m=[0mtrue
[2m2026-08-28T03:09:49.293320Z[0m [32m INFO[0m [2mmoq_test_client::scenarios[0m[2m:[0m Publisher sending PUBLISH_NAMESPACE (after subscriber): moq-test/interop
[2m2026-08-28T03:09:52.294814Z[0m [32m INFO[0m [2mmoq_test_client::scenarios[0m[2m:[0m Publisher PUBLISH_NAMESPACE timeout (expected)
[2m2026-08-28T03:09:52.294846Z[0m [32m INFO[0m [2mmoq_test_client::scenarios[0m[2m:[0m Subscriber got error: not found: Track not found [error:2c151e3a-2ba9-4f77-9ca4-c0c454ea499d] (may be expected)
ok 5 - subscribe-before-publish-namespace
  ---
  duration_ms: 5006
  subscriber_connection_id: ce7a8f432cc0a3592d72bb54ad3787f6
  publisher_connection_id: 3bc6e6858b9e0befd76b75fd539bee05
  ...
[2m2026-08-28T03:09:52.295854Z[0m [32m INFO[0m [2mmoq_native_ietf::quic[0m[2m:[0m UDP socket bound [3mbind[0m[2m=[0m[::]:0 [3mlocal[0m[2m=[0m[::]:60446 [3mdual_stack[0m[2m=[0mtrue
[2m2026-08-28T03:09:53.002110Z[0m [32m INFO[0m [2mmoq_test_client::scenarios[0m[2m:[0m Sending PUBLISH_NAMESPACE: moq-test/interop
[2m2026-08-28T03:09:55.003240Z[0m [32m INFO[0m [2mmoq_test_client::scenarios[0m[2m:[0m PUBLISH_NAMESPACE active; sending PUBLISH_NAMESPACE_DONE
[2m2026-08-28T03:09:55.104600Z[0m [32m INFO[0m [2mmoq_test_client::scenarios[0m[2m:[0m PUBLISH_NAMESPACE_DONE sent successfully
ok 6 - publish-namespace-done
  ---
  duration_ms: 2809
  connection_id: b33ff4e37398c6eb3cca70bdc25a3077
  ...
[2m2026-08-28T03:09:55.105662Z[0m [32m INFO[0m [2mmoq_native_ietf::quic[0m[2m:[0m UDP socket bound [3mbind[0m[2m=[0m[::]:0 [3mlocal[0m[2m=[0m[::]:46745 [3mdual_stack[0m[2m=[0mtrue
[2m2026-08-28T03:09:56.056231Z[0m [32m INFO[0m [2mmoq_test_client::scenarios[0m[2m:[0m Publisher sending direct PUBLISH [3mnamespace[0m[2m=[0m/moq-test/publish [3mtrack[0m[2m=[0m"published-track"
[2m2026-08-28T03:09:56.192537Z[0m [32m INFO[0m [2mmoq_test_client::scenarios[0m[2m:[0m PUBLISH accepted [3mnamespace[0m[2m=[0m/moq-test/publish [3mtrack[0m[2m=[0m"published-track"
[2m2026-08-28T03:09:56.192617Z[0m [32m INFO[0m [2mmoq_test_client::scenarios[0m[2m:[0m PUBLISH completed [3mnamespace[0m[2m=[0m/moq-test/publish [3mtrack[0m[2m=[0m"published-track"
ok 7 - publish-track-only
  ---
  duration_ms: 1088
  connection_id: 1e4a68bb72ff41cd66801642d4ac8b5f
  ...
[2m2026-08-28T03:09:56.193752Z[0m [32m INFO[0m [2mmoq_native_ietf::quic[0m[2m:[0m UDP socket bound [3mbind[0m[2m=[0m[::]:0 [3mlocal[0m[2m=[0m[::]:43396 [3mdual_stack[0m[2m=[0mtrue
[2m2026-08-28T03:09:56.911636Z[0m [32m INFO[0m [2mmoq_native_ietf::quic[0m[2m:[0m UDP socket bound [3mbind[0m[2m=[0m[::]:0 [3mlocal[0m[2m=[0m[::]:45175 [3mdual_stack[0m[2m=[0mtrue
[2m2026-08-28T03:09:57.411817Z[0m [32m INFO[0m [2mmoq_test_client::scenarios[0m[2m:[0m Publisher sending direct PUBLISH before subscriber subscribes [3mnamespace[0m[2m=[0m/moq-test/publish [3mtrack[0m[2m=[0m"published-track"
[2m2026-08-28T03:09:57.546682Z[0m [32m INFO[0m [2mmoq_test_client::scenarios[0m[2m:[0m PUBLISH accepted; starting subscriber [3mnamespace[0m[2m=[0m/moq-test/publish [3mtrack[0m[2m=[0m"published-track"
not ok 8 - publish-track-subscribe
  ---
  duration_ms: 10001
  message: "test timed out: deadline has elapsed"
  ...
make[1]: *** [Makefile:122: test-external] Error 1
make[1]: Leaving directory '/home/runner/work/moq-interop-runner/moq-interop-runner/main'
