make[1]: Entering directory '/home/runner/work/moq-interop-runner/moq-interop-runner/main'
Running tests against moqt://lminiero.it:9000...
  Client: ghcr.io/englishm/moq-interop-runner-moq-test-client-draft-18:latest
docker run --rm \
	 \
	--network host \
	-e RELAY_URL=moqt://lminiero.it:9000 \
	-e TLS_DISABLE_VERIFY=false \
	ghcr.io/englishm/moq-interop-runner-moq-test-client-draft-18:latest
TAP version 14
# moq-test-client v0.1.12
# Relay: moqt://lminiero.it:9000
1..8
[2m2026-08-28T03:10:06.346859Z[0m [32m INFO[0m [2mmoq_native_ietf::quic[0m[2m:[0m UDP socket bound [3mbind[0m[2m=[0m[::]:0 [3mlocal[0m[2m=[0m[::]:41499 [3mdual_stack[0m[2m=[0mtrue
[2m2026-08-28T03:10:06.819307Z[0m [32m INFO[0m [2mmoq_test_client::scenarios[0m[2m:[0m SETUP exchange completed successfully
ok 1 - setup-only
  ---
  duration_ms: 473
  connection_id: ecf5b83b13dfccad6eb53184965c3759
  ...
[2m2026-08-28T03:10:06.820177Z[0m [32m INFO[0m [2mmoq_native_ietf::quic[0m[2m:[0m UDP socket bound [3mbind[0m[2m=[0m[::]:0 [3mlocal[0m[2m=[0m[::]:58271 [3mdual_stack[0m[2m=[0mtrue
[2m2026-08-28T03:10:07.096435Z[0m [32m INFO[0m [2mmoq_test_client::scenarios[0m[2m:[0m Sending PUBLISH_NAMESPACE for: moq-test/interop
[2m2026-08-28T03:10:09.098061Z[0m [32m INFO[0m [2mmoq_test_client::scenarios[0m[2m:[0m PUBLISH_NAMESPACE succeeded (REQUEST_OK received, waiting for subscribers)
ok 2 - publish-namespace-only
  ---
  duration_ms: 2278
  connection_id: 085d9d1b6914f88fe49a4fc4759cdb7e
  ...
[2m2026-08-28T03:10:09.099079Z[0m [32m INFO[0m [2mmoq_native_ietf::quic[0m[2m:[0m UDP socket bound [3mbind[0m[2m=[0m[::]:0 [3mlocal[0m[2m=[0m[::]:48147 [3mdual_stack[0m[2m=[0mtrue
[2m2026-08-28T03:10:09.376143Z[0m [32m INFO[0m [2mmoq_test_client::scenarios[0m[2m:[0m Subscribing to non-existent track: nonexistent/namespace/test-track
[2m2026-08-28T03:10:09.516329Z[0m [33m WARN[0m [2mmoq_transport::serve::error[0m[2m:[0m [16451e95-dab3-4bb9-8ad0-8f13dece0b83] Not found: Namespace not found at moq-transport/src/session/subscriber.rs:1280
[2m2026-08-28T03:10:09.516350Z[0m [33m WARN[0m [2mmoq_transport::session::reader[0m[2m:[0m [READER] decode: stream ended while waiting for data (have=0 bytes, need=1)
[2m2026-08-28T03:10:09.516421Z[0m [32m INFO[0m [2mmoq_test_client::scenarios[0m[2m:[0m Got expected 'not found' error: not found: Track not found [error:16451e95-dab3-4bb9-8ad0-8f13dece0b83]
ok 3 - subscribe-error
  ---
  duration_ms: 418
  connection_id: c7cb8518a0a2b389a95e48fc770b369f
  ...
[2m2026-08-28T03:10:09.517254Z[0m [32m INFO[0m [2mmoq_native_ietf::quic[0m[2m:[0m UDP socket bound [3mbind[0m[2m=[0m[::]:0 [3mlocal[0m[2m=[0m[::]:40496 [3mdual_stack[0m[2m=[0mtrue
[2m2026-08-28T03:10:10.005173Z[0m [32m INFO[0m [2mmoq_native_ietf::quic[0m[2m:[0m UDP socket bound [3mbind[0m[2m=[0m[::]:0 [3mlocal[0m[2m=[0m[::]:47939 [3mdual_stack[0m[2m=[0mtrue
[2m2026-08-28T03:10:10.293962Z[0m [32m INFO[0m [2mmoq_test_client::scenarios[0m[2m:[0m Publisher sending PUBLISH_NAMESPACE: moq-test/interop
[2m2026-08-28T03:10:10.293992Z[0m [32m INFO[0m [2mmoq_test_client::scenarios[0m[2m:[0m Subscriber subscribing to track: moq-test/interop/test-track
[2m2026-08-28T03:10:10.442038Z[0m [33m WARN[0m [2mmoq_transport::serve::error[0m[2m:[0m [2e2e2afb-47a4-4a2e-a13a-f3f0d94e63bf] Not found: Namespace not found at moq-transport/src/session/subscriber.rs:1280
[2m2026-08-28T03:10:10.442061Z[0m [33m WARN[0m [2mmoq_transport::session::reader[0m[2m:[0m [READER] decode: stream ended while waiting for data (have=0 bytes, need=1)
[2m2026-08-28T03:10:10.442225Z[0m [32m INFO[0m [2mmoq_test_client::scenarios[0m[2m:[0m Subscriber got error: not found: Track not found [error:2e2e2afb-47a4-4a2e-a13a-f3f0d94e63bf] - subscription was processed
ok 4 - publish-namespace-subscribe
  ---
  duration_ms: 925
  publisher_connection_id: b15cf79572d0860c6a56176116b86343
  subscriber_connection_id: 9c987e81a177715647f62c6f549e981b
  ...
[2m2026-08-28T03:10:10.443105Z[0m [32m INFO[0m [2mmoq_native_ietf::quic[0m[2m:[0m UDP socket bound [3mbind[0m[2m=[0m[::]:0 [3mlocal[0m[2m=[0m[::]:49492 [3mdual_stack[0m[2m=[0mtrue
[2m2026-08-28T03:10:10.912910Z[0m [32m INFO[0m [2mmoq_test_client::scenarios[0m[2m:[0m Subscriber subscribing BEFORE PUBLISH_NAMESPACE: moq-test/interop/test-track
[2m2026-08-28T03:10:11.050178Z[0m [33m WARN[0m [2mmoq_transport::serve::error[0m[2m:[0m [6c9cd836-9d9a-4551-9afd-21c60b4ca9d6] Not found: Namespace not found at moq-transport/src/session/subscriber.rs:1280
[2m2026-08-28T03:10:11.050203Z[0m [33m WARN[0m [2mmoq_transport::session::reader[0m[2m:[0m [READER] decode: stream ended while waiting for data (have=0 bytes, need=1)
[2m2026-08-28T03:10:11.414581Z[0m [32m INFO[0m [2mmoq_native_ietf::quic[0m[2m:[0m UDP socket bound [3mbind[0m[2m=[0m[::]:0 [3mlocal[0m[2m=[0m[::]:57735 [3mdual_stack[0m[2m=[0mtrue
[2m2026-08-28T03:10:11.896424Z[0m [32m INFO[0m [2mmoq_test_client::scenarios[0m[2m:[0m Publisher sending PUBLISH_NAMESPACE (after subscriber): moq-test/interop
ok 5 - subscribe-before-publish-namespace
  ---
  duration_ms: 4455
  subscriber_connection_id: 8a66e50cdd0afe156d0b2ff65d910cf4
  publisher_connection_id: 884c62fc9ea18d57dc4d78ee80735f8b
  ...
[2m2026-08-28T03:10:14.897526Z[0m [32m INFO[0m [2mmoq_test_client::scenarios[0m[2m:[0m Publisher PUBLISH_NAMESPACE timeout (expected)
[2m2026-08-28T03:10:14.897553Z[0m [32m INFO[0m [2mmoq_test_client::scenarios[0m[2m:[0m Subscriber got error: not found: Track not found [error:6c9cd836-9d9a-4551-9afd-21c60b4ca9d6] (may be expected)
[2m2026-08-28T03:10:14.898329Z[0m [32m INFO[0m [2mmoq_native_ietf::quic[0m[2m:[0m UDP socket bound [3mbind[0m[2m=[0m[::]:0 [3mlocal[0m[2m=[0m[::]:52812 [3mdual_stack[0m[2m=[0mtrue
[2m2026-08-28T03:10:15.179052Z[0m [32m INFO[0m [2mmoq_test_client::scenarios[0m[2m:[0m Sending PUBLISH_NAMESPACE: moq-test/interop
[2m2026-08-28T03:10:17.180033Z[0m [32m INFO[0m [2mmoq_test_client::scenarios[0m[2m:[0m PUBLISH_NAMESPACE active; sending PUBLISH_NAMESPACE_DONE
[2m2026-08-28T03:10:17.281345Z[0m [32m INFO[0m [2mmoq_test_client::scenarios[0m[2m:[0m PUBLISH_NAMESPACE_DONE sent successfully
ok 6 - publish-namespace-done
  ---
  duration_ms: 2383
  connection_id: 606a26d80d19dd5697e8b25dc6c639fa
  ...
[2m2026-08-28T03:10:17.282203Z[0m [32m INFO[0m [2mmoq_native_ietf::quic[0m[2m:[0m UDP socket bound [3mbind[0m[2m=[0m[::]:0 [3mlocal[0m[2m=[0m[::]:40620 [3mdual_stack[0m[2m=[0mtrue
[2m2026-08-28T03:10:19.249916Z[0m [32m INFO[0m [2mmoq_test_client::scenarios[0m[2m:[0m Publisher sending direct PUBLISH [3mnamespace[0m[2m=[0m/moq-test/publish [3mtrack[0m[2m=[0m"published-track"
[2m2026-08-28T03:10:19.384305Z[0m [32m INFO[0m [2mmoq_test_client::scenarios[0m[2m:[0m PUBLISH accepted [3mnamespace[0m[2m=[0m/moq-test/publish [3mtrack[0m[2m=[0m"published-track"
[2m2026-08-28T03:10:19.384502Z[0m [32m INFO[0m [2mmoq_test_client::scenarios[0m[2m:[0m PUBLISH completed [3mnamespace[0m[2m=[0m/moq-test/publish [3mtrack[0m[2m=[0m"published-track"
[2m2026-08-28T03:10:19.385251Z[0m [32m INFO[0m [2mmoq_native_ietf::quic[0m[2m:[0m UDP socket bound [3mbind[0m[2m=[0m[::]:0 [3mlocal[0m[2m=[0m[::]:56763 [3mdual_stack[0m[2m=[0mtrue
ok 7 - publish-track-only
  ---
  duration_ms: 2103
  connection_id: 97993286f81025a5e47e63b19153ad9b
  ...
[2m2026-08-28T03:10:19.862234Z[0m [32m INFO[0m [2mmoq_native_ietf::quic[0m[2m:[0m UDP socket bound [3mbind[0m[2m=[0m[::]:0 [3mlocal[0m[2m=[0m[::]:59666 [3mdual_stack[0m[2m=[0mtrue
[2m2026-08-28T03:10:20.331681Z[0m [32m INFO[0m [2mmoq_test_client::scenarios[0m[2m:[0m Publisher sending direct PUBLISH before subscriber subscribes [3mnamespace[0m[2m=[0m/moq-test/publish [3mtrack[0m[2m=[0m"published-track"
[2m2026-08-28T03:10:20.456659Z[0m [33m WARN[0m [2mmoq_transport::session::reader[0m[2m:[0m [READER] decode: stream ended while waiting for data (have=0 bytes, need=1)
not ok 8 - publish-track-subscribe
  ---
  duration_ms: 1072
  message: "PUBLISH was rejected: closed, code=1"
  ...
make[1]: *** [Makefile:122: test-external] Error 1
make[1]: Leaving directory '/home/runner/work/moq-interop-runner/moq-interop-runner/main'
