make[1]: Entering directory '/home/runner/work/moq-interop-runner/moq-interop-runner/main'
Running tests against https://moqt.nokiaresearch.com:4443/moq...
  Client: ghcr.io/englishm/moq-interop-runner-moq-test-client-draft-18:latest
docker run --rm \
	 \
	--network host \
	-e RELAY_URL=https://moqt.nokiaresearch.com:4443/moq \
	-e TLS_DISABLE_VERIFY=false \
	ghcr.io/englishm/moq-interop-runner-moq-test-client-draft-18:latest
TAP version 14
# moq-test-client v0.1.12
# Relay: https://moqt.nokiaresearch.com:4443/moq
1..8
[2m2026-08-28T03:11:56.411432Z[0m [32m INFO[0m [2mmoq_native_ietf::quic[0m[2m:[0m UDP socket bound [3mbind[0m[2m=[0m[::]:0 [3mlocal[0m[2m=[0m[::]:57926 [3mdual_stack[0m[2m=[0mtrue
ok 1 - setup-only
  ---
  duration_ms: 632
  connection_id: e844a36f2c4f615616f76afefca2bb6e
  ...
[2m2026-08-28T03:11:57.043022Z[0m [32m INFO[0m [2mmoq_test_client::scenarios[0m[2m:[0m SETUP exchange completed successfully
[2m2026-08-28T03:11:57.043926Z[0m [32m INFO[0m [2mmoq_native_ietf::quic[0m[2m:[0m UDP socket bound [3mbind[0m[2m=[0m[::]:0 [3mlocal[0m[2m=[0m[::]:49957 [3mdual_stack[0m[2m=[0mtrue
[2m2026-08-28T03:11:57.150282Z[0m [33m WARN[0m [2mweb_transport_quinn::session[0m[2m:[0m failed to read capsule [3me[0m[2m=[0mUnexpectedEnd
[2m2026-08-28T03:11:57.672318Z[0m [32m INFO[0m [2mmoq_test_client::scenarios[0m[2m:[0m Sending PUBLISH_NAMESPACE for: moq-test/interop
[2m2026-08-28T03:11:59.675644Z[0m [32m INFO[0m [2mmoq_test_client::scenarios[0m[2m:[0m PUBLISH_NAMESPACE succeeded (REQUEST_OK received, waiting for subscribers)
ok 2 - publish-namespace-only
  ---
  duration_ms: 2632
  connection_id: 85fcf3f7eda1a79737de127456b268db
  ...
[2m2026-08-28T03:11:59.676662Z[0m [32m INFO[0m [2mmoq_native_ietf::quic[0m[2m:[0m UDP socket bound [3mbind[0m[2m=[0m[::]:0 [3mlocal[0m[2m=[0m[::]:48711 [3mdual_stack[0m[2m=[0mtrue
[2m2026-08-28T03:11:59.781317Z[0m [33m WARN[0m [2mweb_transport_quinn::session[0m[2m:[0m failed to read capsule [3me[0m[2m=[0mUnexpectedEnd
[2m2026-08-28T03:12:00.232919Z[0m [32m INFO[0m [2mmoq_test_client::scenarios[0m[2m:[0m Subscribing to non-existent track: nonexistent/namespace/test-track
[2m2026-08-28T03:12:00.340090Z[0m [33m WARN[0m [2mmoq_transport::serve::error[0m[2m:[0m [9dfd1d6b-4979-4494-9db2-484510d79297] Not found: Track /nonexistent/namespace/test-track does not exist at moq-transport/src/session/subscriber.rs:1280
[2m2026-08-28T03:12:00.340116Z[0m [33m WARN[0m [2mmoq_transport::session::reader[0m[2m:[0m [READER] decode: stream ended while waiting for data (have=0 bytes, need=1)
[2m2026-08-28T03:12:00.340166Z[0m [32m INFO[0m [2mmoq_test_client::scenarios[0m[2m:[0m Got expected 'not found' error: not found: Track not found [error:9dfd1d6b-4979-4494-9db2-484510d79297]
ok 3 - subscribe-error
  ---
  duration_ms: 664
  connection_id: 8a3d3c215455951f718750fed93ec43b
  ...
[2m2026-08-28T03:12:00.341150Z[0m [32m INFO[0m [2mmoq_native_ietf::quic[0m[2m:[0m UDP socket bound [3mbind[0m[2m=[0m[::]:0 [3mlocal[0m[2m=[0m[::]:39907 [3mdual_stack[0m[2m=[0mtrue
[2m2026-08-28T03:12:00.447105Z[0m [33m WARN[0m [2mweb_transport_quinn::session[0m[2m:[0m failed to read capsule [3me[0m[2m=[0mUnexpectedEnd
[2m2026-08-28T03:12:00.981042Z[0m [32m INFO[0m [2mmoq_native_ietf::quic[0m[2m:[0m UDP socket bound [3mbind[0m[2m=[0m[::]:0 [3mlocal[0m[2m=[0m[::]:59191 [3mdual_stack[0m[2m=[0mtrue
[2m2026-08-28T03:12:01.531393Z[0m [32m INFO[0m [2mmoq_test_client::scenarios[0m[2m:[0m Publisher sending PUBLISH_NAMESPACE: moq-test/interop
[2m2026-08-28T03:12:01.531416Z[0m [32m INFO[0m [2mmoq_test_client::scenarios[0m[2m:[0m Subscriber subscribing to track: moq-test/interop/test-track
[2m2026-08-28T03:12:01.637348Z[0m [33m WARN[0m [2mmoq_transport::serve::error[0m[2m:[0m [c41bf6c4-05b1-4f7c-b3c2-69ab4f5f1dc9] Not found: Track /moq-test/interop/test-track does not exist at moq-transport/src/session/subscriber.rs:1280
[2m2026-08-28T03:12:01.637398Z[0m [33m WARN[0m [2mmoq_transport::session::reader[0m[2m:[0m [READER] decode: stream ended while waiting for data (have=0 bytes, need=1)
[2m2026-08-28T03:12:01.637481Z[0m [32m INFO[0m [2mmoq_test_client::scenarios[0m[2m:[0m Subscriber got error: not found: Track not found [error:c41bf6c4-05b1-4f7c-b3c2-69ab4f5f1dc9] - subscription was processed
ok 4 - publish-namespace-subscribe
  ---
  duration_ms: 1297
  publisher_connection_id: 0ddae32af51654c590b95f27231e981d
  subscriber_connection_id: da3b4daeb36a7ff009706f027000924d
  ...
[2m2026-08-28T03:12:01.638305Z[0m [32m INFO[0m [2mmoq_native_ietf::quic[0m[2m:[0m UDP socket bound [3mbind[0m[2m=[0m[::]:0 [3mlocal[0m[2m=[0m[::]:45769 [3mdual_stack[0m[2m=[0mtrue
[2m2026-08-28T03:12:01.743038Z[0m [33m WARN[0m [2mweb_transport_quinn::session[0m[2m:[0m failed to read capsule [3me[0m[2m=[0mUnexpectedEnd
[2m2026-08-28T03:12:01.744741Z[0m [33m WARN[0m [2mweb_transport_quinn::session[0m[2m:[0m failed to read capsule [3me[0m[2m=[0mUnexpectedEnd
[2m2026-08-28T03:12:02.178090Z[0m [32m INFO[0m [2mmoq_test_client::scenarios[0m[2m:[0m Subscriber subscribing BEFORE PUBLISH_NAMESPACE: moq-test/interop/test-track
[2m2026-08-28T03:12:02.285188Z[0m [33m WARN[0m [2mmoq_transport::serve::error[0m[2m:[0m [39b576d3-57cd-435e-9291-6afaba38e108] Not found: Track /moq-test/interop/test-track does not exist at moq-transport/src/session/subscriber.rs:1280
[2m2026-08-28T03:12:02.285214Z[0m [33m WARN[0m [2mmoq_transport::session::reader[0m[2m:[0m [READER] decode: stream ended while waiting for data (have=0 bytes, need=1)
[2m2026-08-28T03:12:02.392033Z[0m [33m WARN[0m [2mweb_transport_quinn::session[0m[2m:[0m failed to read capsule [3me[0m[2m=[0mUnexpectedEnd
[2m2026-08-28T03:12:02.679515Z[0m [32m INFO[0m [2mmoq_native_ietf::quic[0m[2m:[0m UDP socket bound [3mbind[0m[2m=[0m[::]:0 [3mlocal[0m[2m=[0m[::]:45821 [3mdual_stack[0m[2m=[0mtrue
[2m2026-08-28T03:12:03.310640Z[0m [32m INFO[0m [2mmoq_test_client::scenarios[0m[2m:[0m Publisher sending PUBLISH_NAMESPACE (after subscriber): moq-test/interop
[2m2026-08-28T03:12:06.312551Z[0m [32m INFO[0m [2mmoq_test_client::scenarios[0m[2m:[0m Publisher PUBLISH_NAMESPACE timeout (expected)
[2m2026-08-28T03:12:06.312577Z[0m [32m INFO[0m [2mmoq_test_client::scenarios[0m[2m:[0m Subscriber got error: not found: Track not found [error:39b576d3-57cd-435e-9291-6afaba38e108] (may be expected)
ok 5 - subscribe-before-publish-namespace
  ---
  duration_ms: 4675
  subscriber_connection_id: 16ed02d8dc1a393cf27f059225efe1bf
  publisher_connection_id: 96dd4d9bf4aace0542786a3b52fa9631
  ...
[2m2026-08-28T03:12:06.313390Z[0m [32m INFO[0m [2mmoq_native_ietf::quic[0m[2m:[0m UDP socket bound [3mbind[0m[2m=[0m[::]:0 [3mlocal[0m[2m=[0m[::]:40451 [3mdual_stack[0m[2m=[0mtrue
[2m2026-08-28T03:12:06.419577Z[0m [33m WARN[0m [2mweb_transport_quinn::session[0m[2m:[0m failed to read capsule [3me[0m[2m=[0mUnexpectedEnd
[2m2026-08-28T03:12:06.847756Z[0m [32m INFO[0m [2mmoq_test_client::scenarios[0m[2m:[0m Sending PUBLISH_NAMESPACE: moq-test/interop
[2m2026-08-28T03:12:08.849035Z[0m [32m INFO[0m [2mmoq_test_client::scenarios[0m[2m:[0m PUBLISH_NAMESPACE active; sending PUBLISH_NAMESPACE_DONE
ok 6 - publish-namespace-done
  ---
  duration_ms: 2637
  connection_id: ed3aad54921134f213254ba450cc4b5d
  ...
[2m2026-08-28T03:12:08.950346Z[0m [32m INFO[0m [2mmoq_test_client::scenarios[0m[2m:[0m PUBLISH_NAMESPACE_DONE sent successfully
[2m2026-08-28T03:12:08.951195Z[0m [32m INFO[0m [2mmoq_native_ietf::quic[0m[2m:[0m UDP socket bound [3mbind[0m[2m=[0m[::]:0 [3mlocal[0m[2m=[0m[::]:52110 [3mdual_stack[0m[2m=[0mtrue
[2m2026-08-28T03:12:09.056163Z[0m [33m WARN[0m [2mweb_transport_quinn::session[0m[2m:[0m failed to read capsule [3me[0m[2m=[0mUnexpectedEnd
[2m2026-08-28T03:12:09.485333Z[0m [32m INFO[0m [2mmoq_test_client::scenarios[0m[2m:[0m Publisher sending direct PUBLISH [3mnamespace[0m[2m=[0m/moq-test/publish [3mtrack[0m[2m=[0m"published-track"
[2m2026-08-28T03:12:09.591417Z[0m [32m INFO[0m [2mmoq_test_client::scenarios[0m[2m:[0m PUBLISH accepted [3mnamespace[0m[2m=[0m/moq-test/publish [3mtrack[0m[2m=[0m"published-track"
[2m2026-08-28T03:12:09.591527Z[0m [32m INFO[0m [2mmoq_test_client::scenarios[0m[2m:[0m PUBLISH completed [3mnamespace[0m[2m=[0m/moq-test/publish [3mtrack[0m[2m=[0m"published-track"
ok 7 - publish-track-only
  ---
  duration_ms: 641
  connection_id: 350bfb2cd6bf3ca0b45e3b9d7558435a
  ...
[2m2026-08-28T03:12:09.592304Z[0m [32m INFO[0m [2mmoq_native_ietf::quic[0m[2m:[0m UDP socket bound [3mbind[0m[2m=[0m[::]:0 [3mlocal[0m[2m=[0m[::]:36635 [3mdual_stack[0m[2m=[0mtrue
[2m2026-08-28T03:12:09.697427Z[0m [33m WARN[0m [2mweb_transport_quinn::session[0m[2m:[0m failed to read capsule [3me[0m[2m=[0mUnexpectedEnd
[2m2026-08-28T03:12:10.233641Z[0m [32m INFO[0m [2mmoq_native_ietf::quic[0m[2m:[0m UDP socket bound [3mbind[0m[2m=[0m[::]:0 [3mlocal[0m[2m=[0m[::]:37121 [3mdual_stack[0m[2m=[0mtrue
[2m2026-08-28T03:12:10.774920Z[0m [32m INFO[0m [2mmoq_test_client::scenarios[0m[2m:[0m Publisher sending direct PUBLISH before subscriber subscribes [3mnamespace[0m[2m=[0m/moq-test/publish [3mtrack[0m[2m=[0m"published-track"
[2m2026-08-28T03:12:10.882657Z[0m [32m INFO[0m [2mmoq_test_client::scenarios[0m[2m:[0m PUBLISH accepted; starting subscriber [3mnamespace[0m[2m=[0m/moq-test/publish [3mtrack[0m[2m=[0m"published-track"
[2m2026-08-28T03:12:10.989432Z[0m [33m WARN[0m [2mmoq_transport::session::reader[0m[2m:[0m [READER] decode: stream ended while waiting for data (have=0 bytes, need=1)
not ok 8 - publish-track-subscribe
  ---
  duration_ms: 1397
  message: "subscriber track mode failed: cancelled"
  ...
make[1]: *** [Makefile:122: test-external] Error 1
make[1]: Leaving directory '/home/runner/work/moq-interop-runner/moq-interop-runner/main'
