make[1]: Entering directory '/home/runner/work/moq-interop-runner/moq-interop-runner/main'
Running tests against moqt://moqt.nokiaresearch.com:4443/moq...
  Client: ghcr.io/englishm/moq-interop-runner-moq-test-client-draft-18:latest
docker run --rm \
	 \
	--network host \
	-e RELAY_URL=moqt://moqt.nokiaresearch.com:4443/moq \
	-e TLS_DISABLE_VERIFY=false \
	ghcr.io/englishm/moq-interop-runner-moq-test-client-draft-18:latest
TAP version 14
# moq-test-client v0.1.12
# Relay: moqt://moqt.nokiaresearch.com:4443/moq
1..8
[2m2026-08-28T03:11:44.093797Z[0m [32m INFO[0m [2mmoq_native_ietf::quic[0m[2m:[0m UDP socket bound [3mbind[0m[2m=[0m[::]:0 [3mlocal[0m[2m=[0m[::]:57992 [3mdual_stack[0m[2m=[0mtrue
[2m2026-08-28T03:11:44.509231Z[0m [32m INFO[0m [2mmoq_test_client::scenarios[0m[2m:[0m SETUP exchange completed successfully
ok 1 - setup-only
  ---
  duration_ms: 416
  connection_id: 739048bfb43c2be543b104263497c71b
  ...
[2m2026-08-28T03:11:44.510098Z[0m [32m INFO[0m [2mmoq_native_ietf::quic[0m[2m:[0m UDP socket bound [3mbind[0m[2m=[0m[::]:0 [3mlocal[0m[2m=[0m[::]:58112 [3mdual_stack[0m[2m=[0mtrue
[2m2026-08-28T03:11:44.921243Z[0m [32m INFO[0m [2mmoq_test_client::scenarios[0m[2m:[0m Sending PUBLISH_NAMESPACE for: moq-test/interop
[2m2026-08-28T03:11:46.922217Z[0m [32m INFO[0m [2mmoq_test_client::scenarios[0m[2m:[0m PUBLISH_NAMESPACE succeeded (REQUEST_OK received, waiting for subscribers)
ok 2 - publish-namespace-only
  ---
  duration_ms: 2413
  connection_id: 693483bdd12b3ec76945ee6ec722ce86
  ...
[2m2026-08-28T03:11:46.923189Z[0m [32m INFO[0m [2mmoq_native_ietf::quic[0m[2m:[0m UDP socket bound [3mbind[0m[2m=[0m[::]:0 [3mlocal[0m[2m=[0m[::]:42809 [3mdual_stack[0m[2m=[0mtrue
[2m2026-08-28T03:11:47.266064Z[0m [32m INFO[0m [2mmoq_test_client::scenarios[0m[2m:[0m Subscribing to non-existent track: nonexistent/namespace/test-track
[2m2026-08-28T03:11:47.372767Z[0m [33m WARN[0m [2mmoq_transport::serve::error[0m[2m:[0m [836e425a-4922-45c4-a7e6-7d8c687ee625] Not found: Track /nonexistent/namespace/test-track does not exist at moq-transport/src/session/subscriber.rs:1280
[2m2026-08-28T03:11:47.372789Z[0m [33m WARN[0m [2mmoq_transport::session::reader[0m[2m:[0m [READER] decode: stream ended while waiting for data (have=0 bytes, need=1)
[2m2026-08-28T03:11:47.372835Z[0m [32m INFO[0m [2mmoq_test_client::scenarios[0m[2m:[0m Got expected 'not found' error: not found: Track not found [error:836e425a-4922-45c4-a7e6-7d8c687ee625]
ok 3 - subscribe-error
  ---
  duration_ms: 450
  connection_id: 92b79d94f0bbea5dab78423d7286f770
  ...
[2m2026-08-28T03:11:47.373842Z[0m [32m INFO[0m [2mmoq_native_ietf::quic[0m[2m:[0m UDP socket bound [3mbind[0m[2m=[0m[::]:0 [3mlocal[0m[2m=[0m[::]:50077 [3mdual_stack[0m[2m=[0mtrue
[2m2026-08-28T03:11:47.783377Z[0m [32m INFO[0m [2mmoq_native_ietf::quic[0m[2m:[0m UDP socket bound [3mbind[0m[2m=[0m[::]:0 [3mlocal[0m[2m=[0m[::]:46283 [3mdual_stack[0m[2m=[0mtrue
[2m2026-08-28T03:11:48.144412Z[0m [32m INFO[0m [2mmoq_test_client::scenarios[0m[2m:[0m Publisher sending PUBLISH_NAMESPACE: moq-test/interop
[2m2026-08-28T03:11:48.144430Z[0m [32m INFO[0m [2mmoq_test_client::scenarios[0m[2m:[0m Subscriber subscribing to track: moq-test/interop/test-track
[2m2026-08-28T03:11:48.251423Z[0m [33m WARN[0m [2mmoq_transport::session::reader[0m[2m:[0m [READER] decode: stream ended while waiting for data (have=0 bytes, need=1)
[2m2026-08-28T03:11:48.251713Z[0m [32m INFO[0m [2mmoq_test_client::scenarios[0m[2m:[0m Subscriber got error: cancelled - subscription was processed
ok 4 - publish-namespace-subscribe
  ---
  duration_ms: 878
  publisher_connection_id: 0475f4babba967fc21420195772b544d
  subscriber_connection_id: 28421f67a3a57c9fc942b51703c84035
  ...
[2m2026-08-28T03:11:48.252529Z[0m [32m INFO[0m [2mmoq_native_ietf::quic[0m[2m:[0m UDP socket bound [3mbind[0m[2m=[0m[::]:0 [3mlocal[0m[2m=[0m[::]:34020 [3mdual_stack[0m[2m=[0mtrue
[2m2026-08-28T03:11:48.613702Z[0m [32m INFO[0m [2mmoq_test_client::scenarios[0m[2m:[0m Subscriber subscribing BEFORE PUBLISH_NAMESPACE: moq-test/interop/test-track
[2m2026-08-28T03:11:48.721275Z[0m [33m WARN[0m [2mmoq_transport::serve::error[0m[2m:[0m [cc63dfcf-7c47-4f1d-b015-a7868ad9a9c5] Not found: Track /moq-test/interop/test-track does not exist at moq-transport/src/session/subscriber.rs:1280
[2m2026-08-28T03:11:48.721302Z[0m [33m WARN[0m [2mmoq_transport::session::reader[0m[2m:[0m [READER] decode: stream ended while waiting for data (have=0 bytes, need=1)
[2m2026-08-28T03:11:49.116291Z[0m [32m INFO[0m [2mmoq_native_ietf::quic[0m[2m:[0m UDP socket bound [3mbind[0m[2m=[0m[::]:0 [3mlocal[0m[2m=[0m[::]:36161 [3mdual_stack[0m[2m=[0mtrue
[2m2026-08-28T03:11:49.445166Z[0m [32m INFO[0m [2mmoq_test_client::scenarios[0m[2m:[0m Publisher sending PUBLISH_NAMESPACE (after subscriber): moq-test/interop
[2m2026-08-28T03:11:52.446673Z[0m [32m INFO[0m [2mmoq_test_client::scenarios[0m[2m:[0m Publisher PUBLISH_NAMESPACE timeout (expected)
[2m2026-08-28T03:11:52.446702Z[0m [32m INFO[0m [2mmoq_test_client::scenarios[0m[2m:[0m Subscriber got error: not found: Track not found [error:cc63dfcf-7c47-4f1d-b015-a7868ad9a9c5] (may be expected)
ok 5 - subscribe-before-publish-namespace
  ---
  duration_ms: 4195
  subscriber_connection_id: 90b4d62e03459b4d48647af0e917304e
  publisher_connection_id: 87c8848d04da43bc0792471f98fed31c
  ...
[2m2026-08-28T03:11:52.447689Z[0m [32m INFO[0m [2mmoq_native_ietf::quic[0m[2m:[0m UDP socket bound [3mbind[0m[2m=[0m[::]:0 [3mlocal[0m[2m=[0m[::]:41908 [3mdual_stack[0m[2m=[0mtrue
[2m2026-08-28T03:11:52.807564Z[0m [32m INFO[0m [2mmoq_test_client::scenarios[0m[2m:[0m Sending PUBLISH_NAMESPACE: moq-test/interop
[2m2026-08-28T03:11:54.808119Z[0m [32m INFO[0m [2mmoq_test_client::scenarios[0m[2m:[0m PUBLISH_NAMESPACE active; sending PUBLISH_NAMESPACE_DONE
[2m2026-08-28T03:11:54.909578Z[0m [32m INFO[0m [2mmoq_test_client::scenarios[0m[2m:[0m PUBLISH_NAMESPACE_DONE sent successfully
ok 6 - publish-namespace-done
  ---
  duration_ms: 2462
  connection_id: 16ba437712297d39678f265da46905c9
  ...
[2m2026-08-28T03:11:54.910452Z[0m [32m INFO[0m [2mmoq_native_ietf::quic[0m[2m:[0m UDP socket bound [3mbind[0m[2m=[0m[::]:0 [3mlocal[0m[2m=[0m[::]:47884 [3mdual_stack[0m[2m=[0mtrue
[2m2026-08-28T03:11:55.264449Z[0m [32m INFO[0m [2mmoq_test_client::scenarios[0m[2m:[0m Publisher sending direct PUBLISH [3mnamespace[0m[2m=[0m/moq-test/publish [3mtrack[0m[2m=[0m"published-track"
[2m2026-08-28T03:11:55.370135Z[0m [32m INFO[0m [2mmoq_test_client::scenarios[0m[2m:[0m PUBLISH accepted [3mnamespace[0m[2m=[0m/moq-test/publish [3mtrack[0m[2m=[0m"published-track"
ok 7 - publish-track-only
  ---
  duration_ms: 460
  connection_id: b88886137e9b7c7eb143e7e3b837d77c
  ...
[2m2026-08-28T03:11:55.370237Z[0m [32m INFO[0m [2mmoq_test_client::scenarios[0m[2m:[0m PUBLISH completed [3mnamespace[0m[2m=[0m/moq-test/publish [3mtrack[0m[2m=[0m"published-track"
[2m2026-08-28T03:11:55.371072Z[0m [32m INFO[0m [2mmoq_native_ietf::quic[0m[2m:[0m UDP socket bound [3mbind[0m[2m=[0m[::]:0 [3mlocal[0m[2m=[0m[::]:37691 [3mdual_stack[0m[2m=[0mtrue
[2m2026-08-28T03:11:55.720677Z[0m [32m INFO[0m [2mmoq_native_ietf::quic[0m[2m:[0m UDP socket bound [3mbind[0m[2m=[0m[::]:0 [3mlocal[0m[2m=[0m[::]:37442 [3mdual_stack[0m[2m=[0mtrue
[2m2026-08-28T03:11:56.044146Z[0m [32m INFO[0m [2mmoq_test_client::scenarios[0m[2m:[0m Publisher sending direct PUBLISH before subscriber subscribes [3mnamespace[0m[2m=[0m/moq-test/publish [3mtrack[0m[2m=[0m"published-track"
[2m2026-08-28T03:11:56.150090Z[0m [32m INFO[0m [2mmoq_test_client::scenarios[0m[2m:[0m PUBLISH accepted; starting subscriber [3mnamespace[0m[2m=[0m/moq-test/publish [3mtrack[0m[2m=[0m"published-track"
[2m2026-08-28T03:11:56.256094Z[0m [33m WARN[0m [2mmoq_transport::session::reader[0m[2m:[0m [READER] decode: stream ended while waiting for data (have=0 bytes, need=1)
not ok 8 - publish-track-subscribe
  ---
  duration_ms: 885
  message: "subscriber track mode failed: cancelled"
  ...
make[1]: *** [Makefile:122: test-external] Error 1
make[1]: Leaving directory '/home/runner/work/moq-interop-runner/moq-interop-runner/main'
