make[1]: Entering directory '/home/runner/work/moq-interop-runner/moq-interop-runner/main'
Running tests against moqt://fb.mvfst.net:9448...
  Client: ghcr.io/englishm/moq-interop-runner-moq-test-client-draft-18:latest
docker run --rm \
	 \
	--network host \
	-e RELAY_URL=moqt://fb.mvfst.net:9448 \
	-e TLS_DISABLE_VERIFY=1 \
	ghcr.io/englishm/moq-interop-runner-moq-test-client-draft-18:latest
TAP version 14
# moq-test-client v0.1.12
# Relay: moqt://fb.mvfst.net:9448
1..8
[2m2026-08-28T03:13:30.621474Z[0m [32m INFO[0m [2mmoq_native_ietf::quic[0m[2m:[0m UDP socket bound [3mbind[0m[2m=[0m[::]:0 [3mlocal[0m[2m=[0m[::]:42874 [3mdual_stack[0m[2m=[0mtrue
[2m2026-08-28T03:13:30.656410Z[0m [32m INFO[0m [2mmoq_test_client::scenarios[0m[2m:[0m SETUP exchange completed successfully
ok 1 - setup-only
  ---
  duration_ms: 35
  connection_id: 6b984802f6905b1bbae693b6848cb661
  ...
[2m2026-08-28T03:13:30.657206Z[0m [32m INFO[0m [2mmoq_native_ietf::quic[0m[2m:[0m UDP socket bound [3mbind[0m[2m=[0m[::]:0 [3mlocal[0m[2m=[0m[::]:45376 [3mdual_stack[0m[2m=[0mtrue
[2m2026-08-28T03:13:30.846465Z[0m [32m INFO[0m [2mmoq_test_client::scenarios[0m[2m:[0m Sending PUBLISH_NAMESPACE for: moq-test/interop
[2m2026-08-28T03:13:32.847537Z[0m [32m INFO[0m [2mmoq_test_client::scenarios[0m[2m:[0m PUBLISH_NAMESPACE succeeded (REQUEST_OK received, waiting for subscribers)
ok 2 - publish-namespace-only
  ---
  duration_ms: 2191
  connection_id: 0f1341253b824b206cf3d044b756782e
  ...
[2m2026-08-28T03:13:32.848612Z[0m [32m INFO[0m [2mmoq_native_ietf::quic[0m[2m:[0m UDP socket bound [3mbind[0m[2m=[0m[::]:0 [3mlocal[0m[2m=[0m[::]:44545 [3mdual_stack[0m[2m=[0mtrue
[2m2026-08-28T03:13:32.973611Z[0m [32m INFO[0m [2mmoq_test_client::scenarios[0m[2m:[0m Subscribing to non-existent track: nonexistent/namespace/test-track
ok 3 - subscribe-error
  ---
  duration_ms: 148
  connection_id: d50dc4d9d7ab41a22af6c015c3e391fd
  ...
[2m2026-08-28T03:13:32.996448Z[0m [33m WARN[0m [2mmoq_transport::serve::error[0m[2m:[0m [39075df4-fb41-4f26-b5d2-04bb3ff2826d] Not found: no such namespace or track at moq-transport/src/session/subscriber.rs:1280
[2m2026-08-28T03:13:32.996474Z[0m [33m WARN[0m [2mmoq_transport::session::reader[0m[2m:[0m [READER] decode: stream ended while waiting for data (have=0 bytes, need=1)
[2m2026-08-28T03:13:32.996512Z[0m [32m INFO[0m [2mmoq_test_client::scenarios[0m[2m:[0m Got expected 'not found' error: not found: Track not found [error:39075df4-fb41-4f26-b5d2-04bb3ff2826d]
[2m2026-08-28T03:13:32.997372Z[0m [32m INFO[0m [2mmoq_native_ietf::quic[0m[2m:[0m UDP socket bound [3mbind[0m[2m=[0m[::]:0 [3mlocal[0m[2m=[0m[::]:59133 [3mdual_stack[0m[2m=[0mtrue
[2m2026-08-28T03:13:33.030726Z[0m [32m INFO[0m [2mmoq_native_ietf::quic[0m[2m:[0m UDP socket bound [3mbind[0m[2m=[0m[::]:0 [3mlocal[0m[2m=[0m[::]:36952 [3mdual_stack[0m[2m=[0mtrue
[2m2026-08-28T03:13:33.072393Z[0m [32m INFO[0m [2mmoq_test_client::scenarios[0m[2m:[0m Publisher sending PUBLISH_NAMESPACE: moq-test/interop
[2m2026-08-28T03:13:33.072410Z[0m [32m INFO[0m [2mmoq_test_client::scenarios[0m[2m:[0m Subscriber subscribing to track: moq-test/interop/test-track
[2m2026-08-28T03:13:33.099253Z[0m [33m WARN[0m [2mmoq_transport::serve::error[0m[2m:[0m [89ff2848-3b09-40ad-916e-5344ae123144] Not found: no such namespace or track at moq-transport/src/session/subscriber.rs:1280
[2m2026-08-28T03:13:33.099271Z[0m [33m WARN[0m [2mmoq_transport::session::reader[0m[2m:[0m [READER] decode: stream ended while waiting for data (have=0 bytes, need=1)
[2m2026-08-28T03:13:33.099325Z[0m [32m INFO[0m [2mmoq_test_client::scenarios[0m[2m:[0m Subscriber got error: not found: Track not found [error:89ff2848-3b09-40ad-916e-5344ae123144] - subscription was processed
ok 4 - publish-namespace-subscribe
  ---
  duration_ms: 102
  publisher_connection_id: 9fd47245abf7cff393569290f0d88afe
  subscriber_connection_id: 748ca69cab5b1e1ad6ebf2862fc032be
  ...
[2m2026-08-28T03:13:33.100225Z[0m [32m INFO[0m [2mmoq_native_ietf::quic[0m[2m:[0m UDP socket bound [3mbind[0m[2m=[0m[::]:0 [3mlocal[0m[2m=[0m[::]:59749 [3mdual_stack[0m[2m=[0mtrue
[2m2026-08-28T03:13:33.132640Z[0m [32m INFO[0m [2mmoq_test_client::scenarios[0m[2m:[0m Subscriber subscribing BEFORE PUBLISH_NAMESPACE: moq-test/interop/test-track
[2m2026-08-28T03:13:33.157373Z[0m [33m WARN[0m [2mmoq_transport::serve::error[0m[2m:[0m [3dfda315-39ce-41c7-b90e-d4b293c66a27] Not found: no such namespace or track at moq-transport/src/session/subscriber.rs:1280
[2m2026-08-28T03:13:33.157389Z[0m [33m WARN[0m [2mmoq_transport::session::reader[0m[2m:[0m [READER] decode: stream ended while waiting for data (have=0 bytes, need=1)
[2m2026-08-28T03:13:33.634468Z[0m [32m INFO[0m [2mmoq_native_ietf::quic[0m[2m:[0m UDP socket bound [3mbind[0m[2m=[0m[::]:0 [3mlocal[0m[2m=[0m[::]:34740 [3mdual_stack[0m[2m=[0mtrue
[2m2026-08-28T03:13:33.706482Z[0m [32m INFO[0m [2mmoq_test_client::scenarios[0m[2m:[0m Publisher sending PUBLISH_NAMESPACE (after subscriber): moq-test/interop
[2m2026-08-28T03:13:36.708142Z[0m [32m INFO[0m [2mmoq_test_client::scenarios[0m[2m:[0m Publisher PUBLISH_NAMESPACE timeout (expected)
[2m2026-08-28T03:13:36.708169Z[0m [32m INFO[0m [2mmoq_test_client::scenarios[0m[2m:[0m Subscriber got error: not found: Track not found [error:3dfda315-39ce-41c7-b90e-d4b293c66a27] (may be expected)
ok 5 - subscribe-before-publish-namespace
  ---
  duration_ms: 3608
  subscriber_connection_id: aa7c6d7f03d430ac6d6c273b49b65c79
  publisher_connection_id: d8c6fd814aad6645a663678fbbb5ccf9
  ...
[2m2026-08-28T03:13:36.709101Z[0m [32m INFO[0m [2mmoq_native_ietf::quic[0m[2m:[0m UDP socket bound [3mbind[0m[2m=[0m[::]:0 [3mlocal[0m[2m=[0m[::]:49961 [3mdual_stack[0m[2m=[0mtrue
[2m2026-08-28T03:13:36.833508Z[0m [32m INFO[0m [2mmoq_test_client::scenarios[0m[2m:[0m Sending PUBLISH_NAMESPACE: moq-test/interop
[2m2026-08-28T03:13:38.835151Z[0m [32m INFO[0m [2mmoq_test_client::scenarios[0m[2m:[0m PUBLISH_NAMESPACE active; sending PUBLISH_NAMESPACE_DONE
ok 6 - publish-namespace-done
  ---
  duration_ms: 2227
  connection_id: bbfd0e58b4ac704d08c4eccbff1a4020
  ...
[2m2026-08-28T03:13:38.935835Z[0m [32m INFO[0m [2mmoq_test_client::scenarios[0m[2m:[0m PUBLISH_NAMESPACE_DONE sent successfully
[2m2026-08-28T03:13:38.936740Z[0m [32m INFO[0m [2mmoq_native_ietf::quic[0m[2m:[0m UDP socket bound [3mbind[0m[2m=[0m[::]:0 [3mlocal[0m[2m=[0m[::]:40801 [3mdual_stack[0m[2m=[0mtrue
[2m2026-08-28T03:13:38.970041Z[0m [32m INFO[0m [2mmoq_test_client::scenarios[0m[2m:[0m Publisher sending direct PUBLISH [3mnamespace[0m[2m=[0m/moq-test/publish [3mtrack[0m[2m=[0m"published-track"
ok 7 - publish-track-only
  ---
  duration_ms: 59
  connection_id: fd3a1d44388d60bea4876b58e21ea3a1
  ...
[2m2026-08-28T03:13:38.995227Z[0m [32m INFO[0m [2mmoq_test_client::scenarios[0m[2m:[0m PUBLISH accepted [3mnamespace[0m[2m=[0m/moq-test/publish [3mtrack[0m[2m=[0m"published-track"
[2m2026-08-28T03:13:38.995261Z[0m [32m INFO[0m [2mmoq_test_client::scenarios[0m[2m:[0m PUBLISH completed [3mnamespace[0m[2m=[0m/moq-test/publish [3mtrack[0m[2m=[0m"published-track"
[2m2026-08-28T03:13:38.996045Z[0m [32m INFO[0m [2mmoq_native_ietf::quic[0m[2m:[0m UDP socket bound [3mbind[0m[2m=[0m[::]:0 [3mlocal[0m[2m=[0m[::]:36839 [3mdual_stack[0m[2m=[0mtrue
[2m2026-08-28T03:13:39.031379Z[0m [32m INFO[0m [2mmoq_native_ietf::quic[0m[2m:[0m UDP socket bound [3mbind[0m[2m=[0m[::]:0 [3mlocal[0m[2m=[0m[::]:58510 [3mdual_stack[0m[2m=[0mtrue
[2m2026-08-28T03:13:39.171259Z[0m [32m INFO[0m [2mmoq_test_client::scenarios[0m[2m:[0m Publisher sending direct PUBLISH before subscriber subscribes [3mnamespace[0m[2m=[0m/moq-test/publish [3mtrack[0m[2m=[0m"published-track"
[2m2026-08-28T03:13:39.196812Z[0m [32m INFO[0m [2mmoq_test_client::scenarios[0m[2m:[0m PUBLISH accepted; starting subscriber [3mnamespace[0m[2m=[0m/moq-test/publish [3mtrack[0m[2m=[0m"published-track"
[2m2026-08-28T03:13:39.217770Z[0m [33m WARN[0m [2mmoq_transport::session[0m[2m:[0m unexpected bidi response message type [3mmsg_type[0m[2m=[0m2
[2m2026-08-28T03:13:39.217790Z[0m [33m WARN[0m [2mmoq_transport::serve::error[0m[2m:[0m [f3b9ab42-ddf2-4d25-bfbc-ceca2ab373cd] Not implemented: bidi response type 0x2 at moq-transport/src/session/error.rs:89
not ok 8 - publish-track-subscribe
  ---
  duration_ms: 302
  message: "failed serving PUBLISH track: serve error: cancelled: cancelled"
  ...
make[1]: *** [Makefile:122: test-external] Error 1
make[1]: Leaving directory '/home/runner/work/moq-interop-runner/moq-interop-runner/main'
