make[1]: Entering directory '/home/runner/work/moq-interop-runner/moq-interop-runner/main'
Running tests against moqt://us-west-2.relay.quicr.org:33437...
  Client: ghcr.io/openmoq/moqx-interop-client:latest
docker run --rm \
	 \
	--network host \
	-e RELAY_URL=moqt://us-west-2.relay.quicr.org:33437 \
	-e TLS_DISABLE_VERIFY=1 \
	ghcr.io/openmoq/moqx-interop-client:latest
TAP version 14
# moxygen interop test client
# Relay: moqt://us-west-2.relay.quicr.org:33437
# Transport: QUIC
# Offered ALPNs: moqt-18, moqt-16, moqt-15, moq-00
1..6
ok 1 - setup-only
  ---
  duration_ms: 206
  negotiated_version: draft-16
  info: SETUP exchange completed successfully
  ...
W0828 03:53:13.530239     1 MoQSession.cpp:5989] Issuing request that will fail; nextRequestID_=0 peerMaxRequestID_=0 sess=0x5641e8625db0
E0828 03:53:13.611636     1 MoQRelaySession.cpp:1116] PublishNamespaceDone for unknown publishNamespace, sess=0x5641e8625db0
ok 2 - announce-only
  ---
  duration_ms: 406
  negotiated_version: draft-16
  info: PUBLISH_NAMESPACE completed successfully
  ...
W0828 03:53:14.004475     1 MoQSession.cpp:5989] Issuing request that will fail; nextRequestID_=0 peerMaxRequestID_=0 sess=0x5641e85bc210
E0828 03:53:14.093895     1 MoQCodec.cpp:126] Conn error=3
E0828 03:53:14.093923     1 MoQSession.cpp:5774] MoQCodec control stream parse error err=3
ok 3 - subscribe-error
  ---
  duration_ms: 482
  negotiated_version: draft-16
  info: Subscribe correctly returned error: Session closed
  ...
W0828 03:53:14.269018     1 MoQSession.cpp:5989] Issuing request that will fail; nextRequestID_=0 peerMaxRequestID_=0 sess=0x5641e86477c0
W0828 03:53:14.757213     1 MoQSession.cpp:5989] Issuing request that will fail; nextRequestID_=0 peerMaxRequestID_=0 sess=0x5641e862aab0
E0828 03:53:14.842467     1 MoQCodec.cpp:126] Conn error=3
E0828 03:53:14.842496     1 MoQSession.cpp:5774] MoQCodec control stream parse error err=3
E0828 03:53:14.842589     1 MoQSession.cpp:6231] publishDone for invalid id=1 sess=0x5641e86477c0
not ok 4 - announce-subscribe
  ---
  duration_ms: 748
  negotiated_version: draft-16
  error: Subscribe failed: Session closed
  ...
W0828 03:53:15.059714     1 MoQSession.cpp:5989] Issuing request that will fail; nextRequestID_=0 peerMaxRequestID_=0 sess=0x5641e863ad30
ok 5 - publish-namespace-done
  ---
  duration_ms: 310
  negotiated_version: draft-16
  info: PUBLISH_NAMESPACE_OK received, PUBLISH_NAMESPACE_DONE sent
  ...
W0828 03:53:15.444335     1 MoQSession.cpp:5989] Issuing request that will fail; nextRequestID_=0 peerMaxRequestID_=0 sess=0x5641e8657210
E0828 03:53:15.530887     1 MoQCodec.cpp:126] Conn error=3
E0828 03:53:15.530916     1 MoQSession.cpp:5774] MoQCodec control stream parse error err=3
W0828 03:53:16.124993     1 MoQSession.cpp:5989] Issuing request that will fail; nextRequestID_=0 peerMaxRequestID_=0 sess=0x5641e85ba0b0
ok 6 - subscribe-before-announce
  ---
  duration_ms: 1060
  negotiated_version: draft-16
  info: Subscribe returned error (relay doesn't buffer pending subscriptions): Session closed
  ...
make[1]: *** [Makefile:122: test-external] Error 1
make[1]: Leaving directory '/home/runner/work/moq-interop-runner/moq-interop-runner/main'
