make[1]: Entering directory '/home/runner/work/moq-interop-runner/moq-interop-runner/main'
Running tests against moqt://us-west-2.relay.quicr.org:33437...
  Client: ghcr.io/facebookexperimental/moxygen-interop-client:latest-amd64
docker run --rm \
	 \
	--network host \
	-e RELAY_URL=moqt://us-west-2.relay.quicr.org:33437 \
	-e TLS_DISABLE_VERIFY=1 \
	ghcr.io/facebookexperimental/moxygen-interop-client:latest-amd64
TAP version 14
# moxygen interop test client
# Relay: moqt://us-west-2.relay.quicr.org:33437
# Transport: QUIC
# Offered ALPNs: moqt-18, moqt-16, moqt-15, moq-00
1..6
ok 1 - setup-only
  ---
  duration_ms: 185
  negotiated_version: draft-16
  info: SETUP exchange completed successfully
  ...
W0828 03:54:58.067509     1 MoQSession.cpp:5975] Issuing request that will fail; nextRequestID_=0 peerMaxRequestID_=0 sess=0x55be0aaff120
ok 2 - announce-only
  ---
  duration_ms: 319
  negotiated_version: draft-16
  info: PUBLISH_NAMESPACE completed successfully
  ...
E0828 03:54:58.151387     1 MoQRelaySession.cpp:1116] PublishNamespaceDone for unknown publishNamespace, sess=0x55be0aaff120
W0828 03:54:58.403659     1 MoQSession.cpp:5975] Issuing request that will fail; nextRequestID_=0 peerMaxRequestID_=0 sess=0x55be0ab11440
E0828 03:54:58.489947     1 MoQCodec.cpp:126] Conn error=3
E0828 03:54:58.489977     1 MoQSession.cpp:5760] MoQCodec control stream parse error err=3
ok 3 - subscribe-error
  ---
  duration_ms: 338
  negotiated_version: draft-16
  info: Subscribe correctly returned error: Session closed
  ...
W0828 03:54:58.752322     1 MoQSession.cpp:5975] Issuing request that will fail; nextRequestID_=0 peerMaxRequestID_=0 sess=0x55be0aa9a6b0
W0828 03:54:59.016882     1 MoQSession.cpp:5975] Issuing request that will fail; nextRequestID_=0 peerMaxRequestID_=0 sess=0x55be0aaeeb40
E0828 03:54:59.101902     1 MoQCodec.cpp:126] Conn error=3
E0828 03:54:59.101934     1 MoQSession.cpp:5760] MoQCodec control stream parse error err=3
E0828 03:54:59.102041     1 MoQSession.cpp:6217] publishDone for invalid id=1 sess=0x55be0aa9a6b0
not ok 4 - announce-subscribe
  ---
  duration_ms: 611
  negotiated_version: draft-16
  error: Subscribe failed: Session closed
  ...
W0828 03:54:59.290900     1 MoQSession.cpp:5975] Issuing request that will fail; nextRequestID_=0 peerMaxRequestID_=0 sess=0x55be0ab13810
ok 5 - publish-namespace-done
  ---
  duration_ms: 281
  negotiated_version: draft-16
  info: PUBLISH_NAMESPACE_OK received, PUBLISH_NAMESPACE_DONE sent
  ...
W0828 03:54:59.569008     1 MoQSession.cpp:5975] Issuing request that will fail; nextRequestID_=0 peerMaxRequestID_=0 sess=0x55be0ab125a0
E0828 03:54:59.660087     1 MoQCodec.cpp:126] Conn error=3
E0828 03:54:59.660115     1 MoQSession.cpp:5760] MoQCodec control stream parse error err=3
W0828 03:55:00.256037     1 MoQSession.cpp:5975] Issuing request that will fail; nextRequestID_=0 peerMaxRequestID_=0 sess=0x55be0ab0efb0
ok 6 - subscribe-before-announce
  ---
  duration_ms: 963
  negotiated_version: draft-16
  info: Subscribe returned error (relay doesn't buffer pending subscriptions): Session closed
  ...
make[1]: *** [Makefile:122: test-external] Error 1
make[1]: Leaving directory '/home/runner/work/moq-interop-runner/moq-interop-runner/main'
