make[1]: Entering directory '/home/runner/work/moq-interop-runner/moq-interop-runner/main'
Running tests against moqt://moqt.nokiaresearch.com:4443/moq...
  Client: ghcr.io/facebookexperimental/moxygen-interop-client:latest-amd64
docker run --rm \
	 \
	--network host \
	-e RELAY_URL=moqt://moqt.nokiaresearch.com:4443/moq \
	-e TLS_DISABLE_VERIFY=false \
	ghcr.io/facebookexperimental/moxygen-interop-client:latest-amd64
TAP version 14
# moxygen interop test client
# Relay: moqt://moqt.nokiaresearch.com:4443/moq
# Transport: QUIC
# Offered ALPNs: moqt-18, moqt-16, moqt-15, moq-00
1..6
E0828 03:19:05.153031     1 MoQCodec.cpp:95] Frame underflow -> parse error
E0828 03:19:05.153063     1 MoQCodec.cpp:126] Conn error=3
E0828 03:19:05.153066     1 MoQSession.cpp:5760] MoQCodec control stream parse error err=3
not ok 1 - setup-only
  ---
  duration_ms: 346
  error: coroutine operation cancelled
  ...
E0828 03:19:05.497852     1 MoQCodec.cpp:95] Frame underflow -> parse error
E0828 03:19:05.497882     1 MoQCodec.cpp:126] Conn error=3
E0828 03:19:05.497886     1 MoQSession.cpp:5760] MoQCodec control stream parse error err=3
not ok 2 - announce-only
  ---
  duration_ms: 344
  error: coroutine operation cancelled
  ...
E0828 03:19:05.949350     1 MoQCodec.cpp:95] Frame underflow -> parse error
E0828 03:19:05.949400     1 MoQCodec.cpp:126] Conn error=3
E0828 03:19:05.949404     1 MoQSession.cpp:5760] MoQCodec control stream parse error err=3
not ok 3 - subscribe-error
  ---
  duration_ms: 451
  error: coroutine operation cancelled
  ...
E0828 03:19:06.276879     1 MoQCodec.cpp:95] Frame underflow -> parse error
E0828 03:19:06.276908     1 MoQCodec.cpp:126] Conn error=3
E0828 03:19:06.276912     1 MoQSession.cpp:5760] MoQCodec control stream parse error err=3
not ok 4 - announce-subscribe
  ---
  duration_ms: 327
  error: coroutine operation cancelled
  ...
E0828 03:19:06.622434     1 MoQCodec.cpp:95] Frame underflow -> parse error
E0828 03:19:06.622461     1 MoQCodec.cpp:126] Conn error=3
E0828 03:19:06.622464     1 MoQSession.cpp:5760] MoQCodec control stream parse error err=3
not ok 5 - publish-namespace-done
  ---
  duration_ms: 345
  error: coroutine operation cancelled
  ...
E0828 03:19:06.949936     1 MoQCodec.cpp:95] Frame underflow -> parse error
E0828 03:19:06.949962     1 MoQCodec.cpp:126] Conn error=3
E0828 03:19:06.949966     1 MoQSession.cpp:5760] MoQCodec control stream parse error err=3
not ok 6 - subscribe-before-announce
  ---
  duration_ms: 327
  error: coroutine operation cancelled
  ...
make[1]: *** [Makefile:122: test-external] Error 1
make[1]: Leaving directory '/home/runner/work/moq-interop-runner/moq-interop-runner/main'
