make[1]: Entering directory '/home/runner/work/moq-interop-runner/moq-interop-runner/main'
Running tests against https://draft-18-interop.cloudflare.mediaoverquic.com:443/moq...
  Client: ghcr.io/facebookexperimental/moxygen-interop-client:latest-amd64
docker run --rm \
	 \
	--network host \
	-e RELAY_URL=https://draft-18-interop.cloudflare.mediaoverquic.com:443/moq \
	-e TLS_DISABLE_VERIFY=false \
	ghcr.io/facebookexperimental/moxygen-interop-client:latest-amd64
TAP version 14
# moxygen interop test client
# Relay: https://draft-18-interop.cloudflare.mediaoverquic.com:443/moq
# Transport: WebTransport
# Offered ALPNs: moqt-18, moqt-16, moqt-15, moq-00
1..6
ok 1 - setup-only
  ---
  duration_ms: 267
  negotiated_version: draft-18
  info: SETUP exchange completed successfully
  ...
E0828 03:19:01.387302     1 MoQRelaySession.cpp:1116] PublishNamespaceDone for unknown publishNamespace, sess=0x55cd6c0c23b0
ok 2 - announce-only
  ---
  duration_ms: 294
  negotiated_version: draft-18
  info: PUBLISH_NAMESPACE completed successfully
  ...
E0828 03:19:01.709129     1 MoQSession.cpp:4984] No matching subscribe ID=0 sess=0x55cd6c2262c0
E20260828 03:19:01.709398     1 HQControlCodec.h:58] Unexpected control stream EOF
E20260828 03:19:01.710312     1 HQSession.cpp:3115] Got error on control stream error=HTTP: Critical stream was closed streamID=3 sess=proto=h3, client CID=, server CID=4f398a07b05fe1ee, local=10.1.0.182:55067, 8.228.3.228:443=upstream, drain=pending
ok 3 - subscribe-error
  ---
  duration_ms: 321
  negotiated_version: draft-18
  info: Subscribe correctly returned error: peer FINed without terminal reply
  ...
E0828 03:19:02.374533     1 MoQSession.cpp:4984] No matching subscribe ID=0 sess=0x55cd6c0c23b0
not ok 4 - announce-subscribe
  ---
  duration_ms: 664
  negotiated_version: draft-18
  error: Subscribe failed: peer FINed without terminal reply
  ...
ok 5 - publish-namespace-done
  ---
  duration_ms: 275
  negotiated_version: draft-18
  info: PUBLISH_NAMESPACE_OK received, PUBLISH_NAMESPACE_DONE sent
  ...
E0828 03:19:02.925880     1 MoQSession.cpp:4984] No matching subscribe ID=0 sess=0x55cd6c241540
E20260828 03:19:02.926059     1 HQControlCodec.h:58] Unexpected control stream EOF
E20260828 03:19:02.926128     1 HQSession.cpp:3115] Got error on control stream error=HTTP: Critical stream was closed streamID=3 sess=proto=h3, client CID=, server CID=294a12e443baf34d, local=10.1.0.182:48424, 8.228.3.228:443=upstream, drain=pending
E0828 03:19:02.926193     1 MoQWebTransportClient.cpp:200] proxygen::HTTPException: Got error=ApplicationError: 260, HTTP error on control stream
ok 6 - subscribe-before-announce
  ---
  duration_ms: 993
  negotiated_version: draft-18
  info: Subscribe returned error (relay doesn't buffer pending subscriptions): peer FINed without terminal reply
  ...
make[1]: *** [Makefile:122: test-external] Error 1
make[1]: Leaving directory '/home/runner/work/moq-interop-runner/moq-interop-runner/main'
