make[1]: Entering directory '/home/runner/work/moq-interop-runner/moq-interop-runner/main'
Running tests against moqt://draft-18-interop.cloudflare.mediaoverquic.com:443...
  Client: ghcr.io/englishm/moq-interop-runner-moq-test-client-draft-18:latest
docker run --rm \
	 \
	--network host \
	-e RELAY_URL=moqt://draft-18-interop.cloudflare.mediaoverquic.com:443 \
	-e TLS_DISABLE_VERIFY=false \
	ghcr.io/englishm/moq-interop-runner-moq-test-client-draft-18:latest
TAP version 14
# moq-test-client v0.1.12
# Relay: moqt://draft-18-interop.cloudflare.mediaoverquic.com:443
1..8
[2m2026-08-31T04:31:13.234460Z[0m [32m INFO[0m [2mmoq_native_ietf::quic[0m[2m:[0m UDP socket bound [3mbind[0m[2m=[0m[::]:0 [3mlocal[0m[2m=[0m[::]:47626 [3mdual_stack[0m[2m=[0mtrue
ok 1 - setup-only
  ---
  duration_ms: 256
  connection_id: ae4e6336401e7bfe2ea77e6763e71edd
  ...
[2m2026-08-31T04:31:13.489890Z[0m [32m INFO[0m [2mmoq_test_client::scenarios[0m[2m:[0m SETUP exchange completed successfully
[2m2026-08-31T04:31:13.490797Z[0m [32m INFO[0m [2mmoq_native_ietf::quic[0m[2m:[0m UDP socket bound [3mbind[0m[2m=[0m[::]:0 [3mlocal[0m[2m=[0m[::]:58796 [3mdual_stack[0m[2m=[0mtrue
[2m2026-08-31T04:31:13.808476Z[0m [32m INFO[0m [2mmoq_test_client::scenarios[0m[2m:[0m Sending PUBLISH_NAMESPACE for: moq-test/interop
[2m2026-08-31T04:31:15.809766Z[0m [32m INFO[0m [2mmoq_test_client::scenarios[0m[2m:[0m PUBLISH_NAMESPACE succeeded (REQUEST_OK received, waiting for subscribers)
ok 2 - publish-namespace-only
  ---
  duration_ms: 2319
  connection_id: 3c76b6949f0e2bf1d5293ba308f3a81c
  ...
[2m2026-08-31T04:31:15.810782Z[0m [32m INFO[0m [2mmoq_native_ietf::quic[0m[2m:[0m UDP socket bound [3mbind[0m[2m=[0m[::]:0 [3mlocal[0m[2m=[0m[::]:44081 [3mdual_stack[0m[2m=[0mtrue
[2m2026-08-31T04:31:16.105284Z[0m [32m INFO[0m [2mmoq_test_client::scenarios[0m[2m:[0m Subscribing to non-existent track: nonexistent/namespace/test-track
[2m2026-08-31T04:31:16.168893Z[0m [33m WARN[0m [2mmoq_transport::serve::error[0m[2m:[0m [3895b3b8-b72f-44ea-b7c0-2232e798ffdb] Not found: not found: Track not found [error:b56d6b78-5e73-45e4-a753-369a3fba513e] at moq-transport/src/session/subscriber.rs:1364
ok 3 - subscribe-error
  ---
  duration_ms: 359
  connection_id: 122211a593ba8412229f83c140419422
  ...
[2m2026-08-31T04:31:16.168976Z[0m [32m INFO[0m [2mmoq_test_client::scenarios[0m[2m:[0m Got expected 'not found' error: not found: Track not found [error:3895b3b8-b72f-44ea-b7c0-2232e798ffdb]
[2m2026-08-31T04:31:16.169872Z[0m [32m INFO[0m [2mmoq_native_ietf::quic[0m[2m:[0m UDP socket bound [3mbind[0m[2m=[0m[::]:0 [3mlocal[0m[2m=[0m[::]:56212 [3mdual_stack[0m[2m=[0mtrue
[2m2026-08-31T04:31:16.388072Z[0m [32m INFO[0m [2mmoq_native_ietf::quic[0m[2m:[0m UDP socket bound [3mbind[0m[2m=[0m[::]:0 [3mlocal[0m[2m=[0m[::]:36657 [3mdual_stack[0m[2m=[0mtrue
[2m2026-08-31T04:31:16.619269Z[0m [32m INFO[0m [2mmoq_test_client::scenarios[0m[2m:[0m Publisher sending PUBLISH_NAMESPACE: moq-test/interop
[2m2026-08-31T04:31:16.619289Z[0m [32m INFO[0m [2mmoq_test_client::scenarios[0m[2m:[0m Subscriber subscribing to track: moq-test/interop/test-track
[2m2026-08-31T04:31:16.681238Z[0m [33m WARN[0m [2mmoq_transport::session::reader[0m[2m:[0m [READER] decode: stream ended while waiting for data (have=0 bytes, need=1)
[2m2026-08-31T04:31:19.620950Z[0m [32m INFO[0m [2mmoq_test_client::scenarios[0m[2m:[0m Test timeout reached - subscription routing may still be in progress
ok 4 - publish-namespace-subscribe
  ---
  duration_ms: 3452
  publisher_connection_id: b33a1c72c03d72f28c3922f642815aa9
  subscriber_connection_id: d74cc32499f9c05df4d5ffc592701a6a
  ...
[2m2026-08-31T04:31:19.621790Z[0m [32m INFO[0m [2mmoq_native_ietf::quic[0m[2m:[0m UDP socket bound [3mbind[0m[2m=[0m[::]:0 [3mlocal[0m[2m=[0m[::]:40233 [3mdual_stack[0m[2m=[0mtrue
[2m2026-08-31T04:31:19.910594Z[0m [32m INFO[0m [2mmoq_test_client::scenarios[0m[2m:[0m Subscriber subscribing BEFORE PUBLISH_NAMESPACE: moq-test/interop/test-track
[2m2026-08-31T04:31:19.972800Z[0m [33m WARN[0m [2mmoq_transport::serve::error[0m[2m:[0m [0c2fb32a-da6c-4daf-84b8-d46b65d40709] Not found: not found: Track not found [error:8d7a67e6-289a-45ea-adea-64952ad2fe4b] at moq-transport/src/session/subscriber.rs:1364
[2m2026-08-31T04:31:20.412372Z[0m [32m INFO[0m [2mmoq_native_ietf::quic[0m[2m:[0m UDP socket bound [3mbind[0m[2m=[0m[::]:0 [3mlocal[0m[2m=[0m[::]:39809 [3mdual_stack[0m[2m=[0mtrue
[2m2026-08-31T04:31:20.612765Z[0m [32m INFO[0m [2mmoq_test_client::scenarios[0m[2m:[0m Publisher sending PUBLISH_NAMESPACE (after subscriber): moq-test/interop
[2m2026-08-31T04:31:23.613734Z[0m [32m INFO[0m [2mmoq_test_client::scenarios[0m[2m:[0m Publisher PUBLISH_NAMESPACE timeout (expected)
[2m2026-08-31T04:31:23.613758Z[0m [32m INFO[0m [2mmoq_test_client::scenarios[0m[2m:[0m Subscriber got error: not found: Track not found [error:0c2fb32a-da6c-4daf-84b8-d46b65d40709] (may be expected)
ok 5 - subscribe-before-publish-namespace
  ---
  duration_ms: 3992
  subscriber_connection_id: 757a1bd4b7d8a10f8a66176be942fb81
  publisher_connection_id: 3794b19e9a64391ccdd44e7555588b17
  ...
[2m2026-08-31T04:31:23.614575Z[0m [32m INFO[0m [2mmoq_native_ietf::quic[0m[2m:[0m UDP socket bound [3mbind[0m[2m=[0m[::]:0 [3mlocal[0m[2m=[0m[::]:58443 [3mdual_stack[0m[2m=[0mtrue
[2m2026-08-31T04:31:23.946999Z[0m [32m INFO[0m [2mmoq_test_client::scenarios[0m[2m:[0m Sending PUBLISH_NAMESPACE: moq-test/interop
[2m2026-08-31T04:31:25.947729Z[0m [32m INFO[0m [2mmoq_test_client::scenarios[0m[2m:[0m PUBLISH_NAMESPACE active; sending PUBLISH_NAMESPACE_DONE
ok 6 - publish-namespace-done
  ---
  duration_ms: 2435
  connection_id: 624704d5afcc6100ba380b4c9f44657c
  ...
[2m2026-08-31T04:31:26.048837Z[0m [32m INFO[0m [2mmoq_test_client::scenarios[0m[2m:[0m PUBLISH_NAMESPACE_DONE sent successfully
[2m2026-08-31T04:31:26.049662Z[0m [32m INFO[0m [2mmoq_native_ietf::quic[0m[2m:[0m UDP socket bound [3mbind[0m[2m=[0m[::]:0 [3mlocal[0m[2m=[0m[::]:45457 [3mdual_stack[0m[2m=[0mtrue
[2m2026-08-31T04:31:26.343982Z[0m [32m INFO[0m [2mmoq_test_client::scenarios[0m[2m:[0m Publisher sending direct PUBLISH [3mnamespace[0m[2m=[0m/moq-test/publish [3mtrack[0m[2m=[0m"published-track"
[2m2026-08-31T04:31:26.405898Z[0m [32m INFO[0m [2mmoq_test_client::scenarios[0m[2m:[0m PUBLISH accepted [3mnamespace[0m[2m=[0m/moq-test/publish [3mtrack[0m[2m=[0m"published-track"
[2m2026-08-31T04:31:26.406003Z[0m [32m INFO[0m [2mmoq_test_client::scenarios[0m[2m:[0m PUBLISH completed [3mnamespace[0m[2m=[0m/moq-test/publish [3mtrack[0m[2m=[0m"published-track"
ok 7 - publish-track-only
  ---
  duration_ms: 357
  connection_id: 2635c05557ab7b47fcb481014635f121
  ...
[2m2026-08-31T04:31:26.406819Z[0m [32m INFO[0m [2mmoq_native_ietf::quic[0m[2m:[0m UDP socket bound [3mbind[0m[2m=[0m[::]:0 [3mlocal[0m[2m=[0m[::]:33221 [3mdual_stack[0m[2m=[0mtrue
[2m2026-08-31T04:31:26.647230Z[0m [32m INFO[0m [2mmoq_native_ietf::quic[0m[2m:[0m UDP socket bound [3mbind[0m[2m=[0m[::]:0 [3mlocal[0m[2m=[0m[::]:56628 [3mdual_stack[0m[2m=[0mtrue
[2m2026-08-31T04:31:26.964925Z[0m [32m INFO[0m [2mmoq_test_client::scenarios[0m[2m:[0m Publisher sending direct PUBLISH before subscriber subscribes [3mnamespace[0m[2m=[0m/moq-test/publish [3mtrack[0m[2m=[0m"published-track"
[2m2026-08-31T04:31:27.026707Z[0m [32m INFO[0m [2mmoq_test_client::scenarios[0m[2m:[0m PUBLISH accepted; starting subscriber [3mnamespace[0m[2m=[0m/moq-test/publish [3mtrack[0m[2m=[0m"published-track"
[2m2026-08-31T04:31:27.191940Z[0m [32m INFO[0m [2mmoq_test_client::scenarios[0m[2m:[0m Subscriber received direct PUBLISH track [3mnamespace[0m[2m=[0m/moq-test/publish [3mtrack[0m[2m=[0m"published-track"
ok 8 - publish-track-subscribe
  ---
  duration_ms: 786
  publisher_connection_id: 50bd780a55a22ad104a910834ef47fa1
  subscriber_connection_id: 4cb28a465118838180a3e8f9e26679aa
  ...
make[1]: Leaving directory '/home/runner/work/moq-interop-runner/moq-interop-runner/main'
