make[1]: Entering directory '/home/runner/work/moq-interop-runner/moq-interop-runner/main'
Running tests against https://fb.mvfst.net:9448/moq-relay...
  Client: ghcr.io/englishm/moq-interop-runner-moq-test-client-draft-16:latest
docker run --rm \
	 \
	--network host \
	-e RELAY_URL=https://fb.mvfst.net:9448/moq-relay \
	-e TLS_DISABLE_VERIFY=1 \
	ghcr.io/englishm/moq-interop-runner-moq-test-client-draft-16:latest
TAP version 14
# moq-test-client v0.1.0
# Relay: https://fb.mvfst.net:9448/moq-relay
1..6
ok 1 - setup-only
  ---
  duration_ms: 197
  connection_id: 2a48d226db0a0f261a8da5e48ddcf658
  ...
ok 2 - announce-only
  ---
  duration_ms: 2138
  connection_id: cc0823e8f62c4aa4f1c481fb729e7250
  ...
ok 3 - subscribe-error
  ---
  duration_ms: 131
  connection_id: 2e33dc10513493fbf8bb636e580d6a35
  ...
ok 4 - announce-subscribe
  ---
  duration_ms: 3254
  publisher_connection_id: 4273c78984dda88293435a5895bf732e
  subscriber_connection_id: 1f338e4e8817a41642880b906a466f2d
  ...
ok 5 - subscribe-before-announce
  ---
  duration_ms: 4961
  subscriber_connection_id: 28a9fdb2c52c8b879eb2cb1f2f52cc07
  publisher_connection_id: d3410138849a536a0b205f5796090984
  ...
ok 6 - publish-namespace-done
  ---
  duration_ms: 2180
  connection_id: 7df4cff733dae2c2cf000668b0d7dca3
  ...
make[1]: Leaving directory '/home/runner/work/moq-interop-runner/moq-interop-runner/main'
