make[1]: Entering directory '/home/runner/work/moq-interop-runner/moq-interop-runner/main'
Running tests against moqt://us-west-2.relay.quicr.org:33437...
  Client: ghcr.io/englishm/moq-interop-runner-moq-test-client-draft-16:latest
docker run --rm \
	 \
	--network host \
	-e RELAY_URL=moqt://us-west-2.relay.quicr.org:33437 \
	-e TLS_DISABLE_VERIFY=1 \
	ghcr.io/englishm/moq-interop-runner-moq-test-client-draft-16:latest
TAP version 14
# moq-test-client v0.1.0
# Relay: moqt://us-west-2.relay.quicr.org:33437
1..6
ok 1 - setup-only
  ---
  duration_ms: 157
  connection_id: 40138340280f3b0028063403341ad253
  ...
ok 2 - announce-only
  ---
  duration_ms: 2342
  connection_id: 4436433c89c3ab4880cdaaab3d3cb9b6
  ...
[2026-08-31T05:04:37Z ERROR moq_transport::session::reader] [READER] decode: ERROR decoding moq_transport::message::Message - InvalidMessage(1) (buffer_len=5)
not ok 3 - subscribe-error
  ---
  duration_ms: 236
  message: "session error: decode error: invalid message: 1: invalid message: 1"
  ...
[2026-08-31T05:04:37Z ERROR moq_transport::session::reader] [READER] decode: ERROR decoding moq_transport::message::Message - InvalidMessage(1) (buffer_len=5)
not ok 4 - announce-subscribe
  ---
  duration_ms: 398
  message: "subscriber session error: decode error: invalid message: 1: invalid message: 1"
  ...
[2026-08-31T05:04:38Z ERROR moq_transport::session::reader] [READER] decode: ERROR decoding moq_transport::message::Message - InvalidMessage(1) (buffer_len=5)
ok 5 - subscribe-before-announce
  ---
  duration_ms: 3932
  subscriber_connection_id: e0593f28a5a9703be54ef38ff53205c0
  publisher_connection_id: aedac93c8285bc79e11d08272b2b0653
  ...
ok 6 - publish-namespace-done
  ---
  duration_ms: 2363
  connection_id: 7216fcad692712223fe8028a6ed4b8e2
  ...
make[1]: *** [Makefile:122: test-external] Error 1
make[1]: Leaving directory '/home/runner/work/moq-interop-runner/moq-interop-runner/main'
