make[1]: Entering directory '/home/runner/work/moq-interop-runner/moq-interop-runner/main'
Running tests against https://moqx-main.ci.openmoq.org:4433/moq-relay...
  Client: ghcr.io/englishm/moq-interop-runner-moq-test-client-draft-16:latest
docker run --rm \
	 \
	--network host \
	-e RELAY_URL=https://moqx-main.ci.openmoq.org:4433/moq-relay \
	-e TLS_DISABLE_VERIFY=false \
	ghcr.io/englishm/moq-interop-runner-moq-test-client-draft-16:latest
TAP version 14
# moq-test-client v0.1.0
# Relay: https://moqx-main.ci.openmoq.org:4433/moq-relay
1..6
ok 1 - setup-only
  ---
  duration_ms: 297
  connection_id: 5f5213ff3a1dd48f4365a213f34b7345
  ...
ok 2 - announce-only
  ---
  duration_ms: 2127
  connection_id: da7fb12a9869481a360e5eef7378f220
  ...
ok 3 - subscribe-error
  ---
  duration_ms: 121
  connection_id: 2d1dc3b7e0bc44705aaa1bc4514d30d6
  ...
ok 4 - announce-subscribe
  ---
  duration_ms: 3270
  publisher_connection_id: d0ca832073cc03b108dfe7d45b9dc56b
  subscriber_connection_id: e561a3107e6ff67abc4e6de2ca2ba75e
  ...
ok 5 - subscribe-before-announce
  ---
  duration_ms: 4916
  subscriber_connection_id: 3f6ab15c3043ad5d17145f5231607e01
  publisher_connection_id: 10cbd6bbdf74a473670e4ce7bedfb7fc
  ...
ok 6 - publish-namespace-done
  ---
  duration_ms: 2244
  connection_id: 3fa219864b81902ff7393ce6ce0c336f
  ...
make[1]: Leaving directory '/home/runner/work/moq-interop-runner/moq-interop-runner/main'
