make[1]: Entering directory '/home/runner/work/moq-interop-runner/moq-interop-runner/main'
Running tests against moqt://moqt.nokiaresearch.com:4443/moq...
  Client: ghcr.io/openmoq/moqx-interop-client:latest
docker run --rm \
	 \
	--network host \
	-e RELAY_URL=moqt://moqt.nokiaresearch.com:4443/moq \
	-e TLS_DISABLE_VERIFY=false \
	ghcr.io/openmoq/moqx-interop-client:latest
TAP version 14
# moxygen interop test client
# Relay: moqt://moqt.nokiaresearch.com:4443/moq
# Transport: QUIC
# Offered ALPNs: moqt-18, moqt-16, moqt-15, moq-00
1..6
E0831 04:36:00.211229     1 MoQCodec.cpp:95] Frame underflow -> parse error
E0831 04:36:00.211272     1 MoQCodec.cpp:126] Conn error=3
E0831 04:36:00.211278     1 MoQSession.cpp:5774] MoQCodec control stream parse error err=3
not ok 1 - setup-only
  ---
  duration_ms: 371
  error: coroutine operation cancelled
  ...
E0831 04:36:00.546575     1 MoQCodec.cpp:95] Frame underflow -> parse error
E0831 04:36:00.546607     1 MoQCodec.cpp:126] Conn error=3
E0831 04:36:00.546612     1 MoQSession.cpp:5774] MoQCodec control stream parse error err=3
not ok 2 - announce-only
  ---
  duration_ms: 335
  error: coroutine operation cancelled
  ...
E0831 04:36:00.891156     1 MoQCodec.cpp:95] Frame underflow -> parse error
E0831 04:36:00.891191     1 MoQCodec.cpp:126] Conn error=3
E0831 04:36:00.891197     1 MoQSession.cpp:5774] MoQCodec control stream parse error err=3
not ok 3 - subscribe-error
  ---
  duration_ms: 344
  error: coroutine operation cancelled
  ...
E0831 04:36:01.320035     1 MoQCodec.cpp:95] Frame underflow -> parse error
E0831 04:36:01.320069     1 MoQCodec.cpp:126] Conn error=3
E0831 04:36:01.320074     1 MoQSession.cpp:5774] MoQCodec control stream parse error err=3
not ok 4 - announce-subscribe
  ---
  duration_ms: 428
  error: coroutine operation cancelled
  ...
E0831 04:36:01.650395     1 MoQCodec.cpp:95] Frame underflow -> parse error
E0831 04:36:01.650453     1 MoQCodec.cpp:126] Conn error=3
E0831 04:36:01.650458     1 MoQSession.cpp:5774] MoQCodec control stream parse error err=3
not ok 5 - publish-namespace-done
  ---
  duration_ms: 330
  error: coroutine operation cancelled
  ...
E0831 04:36:01.994230     1 MoQCodec.cpp:95] Frame underflow -> parse error
E0831 04:36:01.994261     1 MoQCodec.cpp:126] Conn error=3
E0831 04:36:01.994266     1 MoQSession.cpp:5774] MoQCodec control stream parse error err=3
not ok 6 - subscribe-before-announce
  ---
  duration_ms: 343
  error: coroutine operation cancelled
  ...
make[1]: *** [Makefile:122: test-external] Error 1
make[1]: Leaving directory '/home/runner/work/moq-interop-runner/moq-interop-runner/main'
