make[1]: Entering directory '/home/runner/work/moq-interop-runner/moq-interop-runner/main'
Running tests against https://moqt.nokiaresearch.com:4443/moq...
  Client: ghcr.io/facebookexperimental/moxygen-interop-client:latest-amd64
docker run --rm \
	 \
	--network host \
	-e RELAY_URL=https://moqt.nokiaresearch.com:4443/moq \
	-e TLS_DISABLE_VERIFY=false \
	ghcr.io/facebookexperimental/moxygen-interop-client:latest-amd64
TAP version 14
# moxygen interop test client
# Relay: https://moqt.nokiaresearch.com:4443/moq
# Transport: WebTransport
# Offered ALPNs: moqt-18, moqt-16, moqt-15, moq-00
1..6
E0831 04:39:01.133930     1 MoQCodec.cpp:95] Frame underflow -> parse error
E0831 04:39:01.133963     1 MoQCodec.cpp:126] Conn error=3
E0831 04:39:01.133968     1 MoQSession.cpp:5760] MoQCodec control stream parse error err=3
not ok 1 - setup-only
  ---
  duration_ms: 498
  error: coroutine operation cancelled
  ...
E0831 04:39:01.739662     1 MoQCodec.cpp:95] Frame underflow -> parse error
E0831 04:39:01.739691     1 MoQCodec.cpp:126] Conn error=3
E0831 04:39:01.739695     1 MoQSession.cpp:5760] MoQCodec control stream parse error err=3
not ok 2 - announce-only
  ---
  duration_ms: 605
  error: coroutine operation cancelled
  ...
E0831 04:39:02.192635     1 MoQCodec.cpp:95] Frame underflow -> parse error
E0831 04:39:02.192666     1 MoQCodec.cpp:126] Conn error=3
E0831 04:39:02.192671     1 MoQSession.cpp:5760] MoQCodec control stream parse error err=3
not ok 3 - subscribe-error
  ---
  duration_ms: 452
  error: coroutine operation cancelled
  ...
E0831 04:39:02.621589     1 MoQCodec.cpp:95] Frame underflow -> parse error
E0831 04:39:02.621618     1 MoQCodec.cpp:126] Conn error=3
E0831 04:39:02.621623     1 MoQSession.cpp:5760] MoQCodec control stream parse error err=3
not ok 4 - announce-subscribe
  ---
  duration_ms: 428
  error: coroutine operation cancelled
  ...
E0831 04:39:03.087779     1 MoQCodec.cpp:95] Frame underflow -> parse error
E0831 04:39:03.087809     1 MoQCodec.cpp:126] Conn error=3
E0831 04:39:03.087814     1 MoQSession.cpp:5760] MoQCodec control stream parse error err=3
not ok 5 - publish-namespace-done
  ---
  duration_ms: 466
  error: coroutine operation cancelled
  ...
E0831 04:39:03.522344     1 MoQCodec.cpp:95] Frame underflow -> parse error
E0831 04:39:03.522376     1 MoQCodec.cpp:126] Conn error=3
E0831 04:39:03.522381     1 MoQSession.cpp:5760] MoQCodec control stream parse error err=3
not ok 6 - subscribe-before-announce
  ---
  duration_ms: 434
  error: coroutine operation cancelled
  ...
make[1]: *** [Makefile:122: test-external] Error 1
make[1]: Leaving directory '/home/runner/work/moq-interop-runner/moq-interop-runner/main'
