make[1]: Entering directory '/home/runner/work/moq-interop-runner/moq-interop-runner/main'
Running tests against https://34-72-6-160.sslip.io:443...
  Client: ghcr.io/englishm/moq-interop-runner-moq-test-client-draft-14:latest
docker run --rm \
	 \
	--network host \
	-e RELAY_URL=https://34-72-6-160.sslip.io:443 \
	-e TLS_DISABLE_VERIFY=false \
	ghcr.io/englishm/moq-interop-runner-moq-test-client-draft-14:latest
TAP version 14
# moq-test-client v0.1.7
# Relay: https://34-72-6-160.sslip.io/
1..6
[2m2026-10-07T01:50:01.443212Z[0m [32m INFO[0m [2mmoq_native_ietf::quic[0m[2m:[0m UDP socket bound [3mbind[0m[2m=[0m[::]:0 [3mlocal[0m[2m=[0m[::]:35054 [3mdual_stack[0m[2m=[0mtrue
[2m2026-10-07T01:50:01.852175Z[0m [32m INFO[0m [2mmoq_test_client::scenarios[0m[2m:[0m SETUP exchange completed successfully
ok 1 - setup-only
  ---
  duration_ms: 409
  connection_id: 69febf22a14ff15fed87c6ab98470788
  ...
[2m2026-10-07T01:50:01.852991Z[0m [32m INFO[0m [2mmoq_native_ietf::quic[0m[2m:[0m UDP socket bound [3mbind[0m[2m=[0m[::]:0 [3mlocal[0m[2m=[0m[::]:37423 [3mdual_stack[0m[2m=[0mtrue
[2m2026-10-07T01:50:01.890476Z[0m [33m WARN[0m [2mweb_transport_quinn::session[0m[2m:[0m unknown capsule [3mtyp[0m[2m=[0m0 [3msize[0m[2m=[0m7
[2m2026-10-07T01:50:02.134795Z[0m [32m INFO[0m [2mmoq_test_client::scenarios[0m[2m:[0m Announcing namespace: moq-test/interop
[2m2026-10-07T01:50:02.134866Z[0m [33m WARN[0m [2mmoq_transport::serve::error[0m[2m:[0m [47b32aa9-03e6-491a-aa01-1bf6aed4e20b] Not implemented: SUBSCRIBE_NAMESPACE at moq-transport/src/session/error.rs:77
[2m2026-10-07T01:50:02.134872Z[0m [33m WARN[0m [2mmoq_transport::session::publisher[0m[2m:[0m failed to process message: serve error: not implemented: Feature not implemented [error:47b32aa9-03e6-491a-aa01-1bf6aed4e20b]
[2m2026-10-07T01:50:02.134880Z[0m [33m WARN[0m [2mmoq_transport::serve::error[0m[2m:[0m [f631d9f0-4637-49c1-b694-69d89160d736] Not implemented: SUBSCRIBE_NAMESPACE at moq-transport/src/session/error.rs:77
[2m2026-10-07T01:50:02.134882Z[0m [33m WARN[0m [2mmoq_transport::session::publisher[0m[2m:[0m failed to process message: serve error: not implemented: Feature not implemented [error:f631d9f0-4637-49c1-b694-69d89160d736]
[2m2026-10-07T01:50:02.134884Z[0m [33m WARN[0m [2mmoq_transport::serve::error[0m[2m:[0m [2252fd11-a9bd-4146-9e28-896756df1d40] Not implemented: SUBSCRIBE_NAMESPACE at moq-transport/src/session/error.rs:77
[2m2026-10-07T01:50:02.134886Z[0m [33m WARN[0m [2mmoq_transport::session::publisher[0m[2m:[0m failed to process message: serve error: not implemented: Feature not implemented [error:2252fd11-a9bd-4146-9e28-896756df1d40]
[2m2026-10-07T01:50:04.135627Z[0m [32m INFO[0m [2mmoq_test_client::scenarios[0m[2m:[0m Announce succeeded (no error received, waiting for subscriptions timed out)
ok 2 - announce-only
  ---
  duration_ms: 2283
  connection_id: 97fb2188b80d07faa1f669384ef4f0cf
  ...
[2m2026-10-07T01:50:04.136489Z[0m [32m INFO[0m [2mmoq_native_ietf::quic[0m[2m:[0m UDP socket bound [3mbind[0m[2m=[0m[::]:0 [3mlocal[0m[2m=[0m[::]:59112 [3mdual_stack[0m[2m=[0mtrue
[2m2026-10-07T01:50:04.167199Z[0m [33m WARN[0m [2mweb_transport_quinn::session[0m[2m:[0m unknown capsule [3mtyp[0m[2m=[0m0 [3msize[0m[2m=[0m7
[2m2026-10-07T01:50:04.434865Z[0m [32m INFO[0m [2mmoq_test_client::scenarios[0m[2m:[0m Subscribing to non-existent track: nonexistent/namespace/test-track
[2m2026-10-07T01:50:04.434906Z[0m [33m WARN[0m [2mmoq_transport::serve::error[0m[2m:[0m [04bf7020-26d0-42e7-b03b-1aa515dc6144] Not implemented: SUBSCRIBE_NAMESPACE at moq-transport/src/session/error.rs:77
[2m2026-10-07T01:50:04.434911Z[0m [33m WARN[0m [2mmoq_transport::session::publisher[0m[2m:[0m failed to process message: serve error: not implemented: Feature not implemented [error:04bf7020-26d0-42e7-b03b-1aa515dc6144]
[2m2026-10-07T01:50:04.434918Z[0m [33m WARN[0m [2mmoq_transport::serve::error[0m[2m:[0m [38af792d-e672-46eb-98b1-f30f8c074f68] Not implemented: SUBSCRIBE_NAMESPACE at moq-transport/src/session/error.rs:77
[2m2026-10-07T01:50:04.434920Z[0m [33m WARN[0m [2mmoq_transport::session::publisher[0m[2m:[0m failed to process message: serve error: not implemented: Feature not implemented [error:38af792d-e672-46eb-98b1-f30f8c074f68]
[2m2026-10-07T01:50:04.434923Z[0m [33m WARN[0m [2mmoq_transport::serve::error[0m[2m:[0m [f97d4597-600c-4afb-bb2d-9de372301b0f] Not implemented: SUBSCRIBE_NAMESPACE at moq-transport/src/session/error.rs:77
[2m2026-10-07T01:50:04.434924Z[0m [33m WARN[0m [2mmoq_transport::session::publisher[0m[2m:[0m failed to process message: serve error: not implemented: Feature not implemented [error:f97d4597-600c-4afb-bb2d-9de372301b0f]
[2m2026-10-07T01:50:04.468592Z[0m [33m WARN[0m [2mmoq_test_client::scenarios[0m[2m:[0m Got error but not clearly 'not found': closed, code=4. This may indicate a different error type than expected.
ok 3 - subscribe-error
  ---
  duration_ms: 332
  connection_id: b0645e261aaae0ad9d7a3b10a60d7a67
  ...
[2m2026-10-07T01:50:04.469432Z[0m [32m INFO[0m [2mmoq_native_ietf::quic[0m[2m:[0m UDP socket bound [3mbind[0m[2m=[0m[::]:0 [3mlocal[0m[2m=[0m[::]:60304 [3mdual_stack[0m[2m=[0mtrue
[2m2026-10-07T01:50:04.502526Z[0m [33m WARN[0m [2mweb_transport_quinn::session[0m[2m:[0m unknown capsule [3mtyp[0m[2m=[0m0 [3msize[0m[2m=[0m7
[2m2026-10-07T01:50:04.797533Z[0m [32m INFO[0m [2mmoq_native_ietf::quic[0m[2m:[0m UDP socket bound [3mbind[0m[2m=[0m[::]:0 [3mlocal[0m[2m=[0m[::]:54385 [3mdual_stack[0m[2m=[0mtrue
[2m2026-10-07T01:50:04.989736Z[0m [32m INFO[0m [2mmoq_test_client::scenarios[0m[2m:[0m Publisher announcing namespace: moq-test/interop
[2m2026-10-07T01:50:04.989772Z[0m [32m INFO[0m [2mmoq_test_client::scenarios[0m[2m:[0m Subscriber subscribing to track: moq-test/interop/test-track
[2m2026-10-07T01:50:04.989874Z[0m [33m WARN[0m [2mmoq_transport::serve::error[0m[2m:[0m [ee960c0f-ff9a-4e25-a1d5-181d11e98d51] Not implemented: SUBSCRIBE_NAMESPACE at moq-transport/src/session/error.rs:77
[2m2026-10-07T01:50:04.989884Z[0m [33m WARN[0m [2mmoq_transport::session::publisher[0m[2m:[0m failed to process message: serve error: not implemented: Feature not implemented [error:ee960c0f-ff9a-4e25-a1d5-181d11e98d51]
[2m2026-10-07T01:50:04.989896Z[0m [33m WARN[0m [2mmoq_transport::serve::error[0m[2m:[0m [a3bbfc2c-c453-4b00-b2dd-a469fc5153dc] Not implemented: SUBSCRIBE_NAMESPACE at moq-transport/src/session/error.rs:77
[2m2026-10-07T01:50:04.989899Z[0m [33m WARN[0m [2mmoq_transport::session::publisher[0m[2m:[0m failed to process message: serve error: not implemented: Feature not implemented [error:a3bbfc2c-c453-4b00-b2dd-a469fc5153dc]
[2m2026-10-07T01:50:04.989902Z[0m [33m WARN[0m [2mmoq_transport::serve::error[0m[2m:[0m [4430bf53-a924-4942-a734-0b3427653627] Not implemented: SUBSCRIBE_NAMESPACE at moq-transport/src/session/error.rs:77
[2m2026-10-07T01:50:04.989904Z[0m [33m WARN[0m [2mmoq_transport::session::publisher[0m[2m:[0m failed to process message: serve error: not implemented: Feature not implemented [error:4430bf53-a924-4942-a734-0b3427653627]
[2m2026-10-07T01:50:04.989958Z[0m [33m WARN[0m [2mmoq_transport::serve::error[0m[2m:[0m [dd2bbd31-727f-4e1a-9141-ae5a46cf37a7] Not implemented: SUBSCRIBE_NAMESPACE at moq-transport/src/session/error.rs:77
[2m2026-10-07T01:50:04.989965Z[0m [33m WARN[0m [2mmoq_transport::session::publisher[0m[2m:[0m failed to process message: serve error: not implemented: Feature not implemented [error:dd2bbd31-727f-4e1a-9141-ae5a46cf37a7]
[2m2026-10-07T01:50:04.989972Z[0m [33m WARN[0m [2mmoq_transport::serve::error[0m[2m:[0m [18fcd580-dbf6-424b-9d6b-41e30d816cdc] Not implemented: SUBSCRIBE_NAMESPACE at moq-transport/src/session/error.rs:77
[2m2026-10-07T01:50:04.989974Z[0m [33m WARN[0m [2mmoq_transport::session::publisher[0m[2m:[0m failed to process message: serve error: not implemented: Feature not implemented [error:18fcd580-dbf6-424b-9d6b-41e30d816cdc]
[2m2026-10-07T01:50:04.989976Z[0m [33m WARN[0m [2mmoq_transport::serve::error[0m[2m:[0m [20392fe1-c504-42fd-a3e8-77100b2d0444] Not implemented: SUBSCRIBE_NAMESPACE at moq-transport/src/session/error.rs:77
[2m2026-10-07T01:50:04.989981Z[0m [33m WARN[0m [2mmoq_transport::session::publisher[0m[2m:[0m failed to process message: serve error: not implemented: Feature not implemented [error:20392fe1-c504-42fd-a3e8-77100b2d0444]
[2m2026-10-07T01:50:05.022594Z[0m [32m INFO[0m [2mmoq_test_client::scenarios[0m[2m:[0m Subscriber got error: closed, code=4 - subscription was processed
ok 4 - announce-subscribe
  ---
  duration_ms: 553
  publisher_connection_id: a41557b75ed1c97564d2b9c260ca8ef1
  subscriber_connection_id: 4c48e45c7b4c42dd6ccb8699c6b8f5d0
  ...
[2m2026-10-07T01:50:05.023430Z[0m [32m INFO[0m [2mmoq_native_ietf::quic[0m[2m:[0m UDP socket bound [3mbind[0m[2m=[0m[::]:0 [3mlocal[0m[2m=[0m[::]:32819 [3mdual_stack[0m[2m=[0mtrue
[2m2026-10-07T01:50:05.054882Z[0m [33m WARN[0m [2mweb_transport_quinn::session[0m[2m:[0m unknown capsule [3mtyp[0m[2m=[0m0 [3msize[0m[2m=[0m7
[2m2026-10-07T01:50:05.059126Z[0m [33m WARN[0m [2mweb_transport_quinn::session[0m[2m:[0m unknown capsule [3mtyp[0m[2m=[0m0 [3msize[0m[2m=[0m7
[2m2026-10-07T01:50:05.325648Z[0m [32m INFO[0m [2mmoq_test_client::scenarios[0m[2m:[0m Subscriber subscribing BEFORE announce: moq-test/interop/test-track
[2m2026-10-07T01:50:05.325771Z[0m [33m WARN[0m [2mmoq_transport::serve::error[0m[2m:[0m [052731fa-05a1-47c1-b48d-3b3b4cfa5b86] Not implemented: SUBSCRIBE_NAMESPACE at moq-transport/src/session/error.rs:77
[2m2026-10-07T01:50:05.325783Z[0m [33m WARN[0m [2mmoq_transport::session::publisher[0m[2m:[0m failed to process message: serve error: not implemented: Feature not implemented [error:052731fa-05a1-47c1-b48d-3b3b4cfa5b86]
[2m2026-10-07T01:50:05.325793Z[0m [33m WARN[0m [2mmoq_transport::serve::error[0m[2m:[0m [5056784f-24a6-48cd-a2b8-fda195957532] Not implemented: SUBSCRIBE_NAMESPACE at moq-transport/src/session/error.rs:77
[2m2026-10-07T01:50:05.325795Z[0m [33m WARN[0m [2mmoq_transport::session::publisher[0m[2m:[0m failed to process message: serve error: not implemented: Feature not implemented [error:5056784f-24a6-48cd-a2b8-fda195957532]
[2m2026-10-07T01:50:05.325798Z[0m [33m WARN[0m [2mmoq_transport::serve::error[0m[2m:[0m [11595acd-da37-4d7e-9f91-668d91245c89] Not implemented: SUBSCRIBE_NAMESPACE at moq-transport/src/session/error.rs:77
[2m2026-10-07T01:50:05.325800Z[0m [33m WARN[0m [2mmoq_transport::session::publisher[0m[2m:[0m failed to process message: serve error: not implemented: Feature not implemented [error:11595acd-da37-4d7e-9f91-668d91245c89]
[2m2026-10-07T01:50:05.397135Z[0m [33m WARN[0m [2mweb_transport_quinn::session[0m[2m:[0m unknown capsule [3mtyp[0m[2m=[0m0 [3msize[0m[2m=[0m7
[2m2026-10-07T01:50:05.827413Z[0m [32m INFO[0m [2mmoq_native_ietf::quic[0m[2m:[0m UDP socket bound [3mbind[0m[2m=[0m[::]:0 [3mlocal[0m[2m=[0m[::]:37944 [3mdual_stack[0m[2m=[0mtrue
[2m2026-10-07T01:50:05.993844Z[0m [32m INFO[0m [2mmoq_test_client::scenarios[0m[2m:[0m Publisher announcing namespace (after subscriber): moq-test/interop
[2m2026-10-07T01:50:05.993885Z[0m [33m WARN[0m [2mmoq_transport::serve::error[0m[2m:[0m [4acb01af-4100-40cb-a07f-e900bdd984d0] Not implemented: SUBSCRIBE_NAMESPACE at moq-transport/src/session/error.rs:77
[2m2026-10-07T01:50:05.993890Z[0m [33m WARN[0m [2mmoq_transport::session::publisher[0m[2m:[0m failed to process message: serve error: not implemented: Feature not implemented [error:4acb01af-4100-40cb-a07f-e900bdd984d0]
[2m2026-10-07T01:50:05.993897Z[0m [33m WARN[0m [2mmoq_transport::serve::error[0m[2m:[0m [96ae7a19-17a4-41d9-9d96-1a1cffdf2061] Not implemented: SUBSCRIBE_NAMESPACE at moq-transport/src/session/error.rs:77
[2m2026-10-07T01:50:05.993899Z[0m [33m WARN[0m [2mmoq_transport::session::publisher[0m[2m:[0m failed to process message: serve error: not implemented: Feature not implemented [error:96ae7a19-17a4-41d9-9d96-1a1cffdf2061]
[2m2026-10-07T01:50:05.993901Z[0m [33m WARN[0m [2mmoq_transport::serve::error[0m[2m:[0m [ba6662e7-7bf7-4367-bdc2-9bdc18288731] Not implemented: SUBSCRIBE_NAMESPACE at moq-transport/src/session/error.rs:77
[2m2026-10-07T01:50:05.993902Z[0m [33m WARN[0m [2mmoq_transport::session::publisher[0m[2m:[0m failed to process message: serve error: not implemented: Feature not implemented [error:ba6662e7-7bf7-4367-bdc2-9bdc18288731]
[2m2026-10-07T01:50:08.997143Z[0m [32m INFO[0m [2mmoq_test_client::scenarios[0m[2m:[0m Publisher announce timeout (expected)
[2m2026-10-07T01:50:08.997190Z[0m [32m INFO[0m [2mmoq_test_client::scenarios[0m[2m:[0m Subscriber got error: closed, code=4 (may be expected)
ok 5 - subscribe-before-announce
  ---
  duration_ms: 3974
  subscriber_connection_id: f65dd2a186f93e6d0d0e97c7acff89e5
  publisher_connection_id: f65404091c38d85236d05b256275853a
  ...
[2m2026-10-07T01:50:08.998019Z[0m [32m INFO[0m [2mmoq_native_ietf::quic[0m[2m:[0m UDP socket bound [3mbind[0m[2m=[0m[::]:0 [3mlocal[0m[2m=[0m[::]:51001 [3mdual_stack[0m[2m=[0mtrue
[2m2026-10-07T01:50:09.034818Z[0m [33m WARN[0m [2mweb_transport_quinn::session[0m[2m:[0m unknown capsule [3mtyp[0m[2m=[0m0 [3msize[0m[2m=[0m7
[2m2026-10-07T01:50:09.153630Z[0m [32m INFO[0m [2mmoq_test_client::scenarios[0m[2m:[0m Announcing namespace: moq-test/interop
[2m2026-10-07T01:50:09.153686Z[0m [33m WARN[0m [2mmoq_transport::serve::error[0m[2m:[0m [3cdd39c4-1a97-458b-ae7c-3497d8dcfc2a] Not implemented: SUBSCRIBE_NAMESPACE at moq-transport/src/session/error.rs:77
[2m2026-10-07T01:50:09.153693Z[0m [33m WARN[0m [2mmoq_transport::session::publisher[0m[2m:[0m failed to process message: serve error: not implemented: Feature not implemented [error:3cdd39c4-1a97-458b-ae7c-3497d8dcfc2a]
[2m2026-10-07T01:50:09.153724Z[0m [33m WARN[0m [2mmoq_transport::serve::error[0m[2m:[0m [542b6c2a-9543-4ad7-9c76-23ad54bb9ffb] Not implemented: SUBSCRIBE_NAMESPACE at moq-transport/src/session/error.rs:77
[2m2026-10-07T01:50:09.153726Z[0m [33m WARN[0m [2mmoq_transport::session::publisher[0m[2m:[0m failed to process message: serve error: not implemented: Feature not implemented [error:542b6c2a-9543-4ad7-9c76-23ad54bb9ffb]
[2m2026-10-07T01:50:09.153729Z[0m [33m WARN[0m [2mmoq_transport::serve::error[0m[2m:[0m [2610b0aa-2d3b-4cdf-8865-2366ba716a06] Not implemented: SUBSCRIBE_NAMESPACE at moq-transport/src/session/error.rs:77
[2m2026-10-07T01:50:09.153730Z[0m [33m WARN[0m [2mmoq_transport::session::publisher[0m[2m:[0m failed to process message: serve error: not implemented: Feature not implemented [error:2610b0aa-2d3b-4cdf-8865-2366ba716a06]
[2m2026-10-07T01:50:11.154883Z[0m [32m INFO[0m [2mmoq_test_client::scenarios[0m[2m:[0m Announce active, now sending PUBLISH_NAMESPACE_DONE
[2m2026-10-07T01:50:11.191275Z[0m [33m WARN[0m [2mweb_transport_quinn::session[0m[2m:[0m unknown capsule [3mtyp[0m[2m=[0m0 [3msize[0m[2m=[0m7
[2m2026-10-07T01:50:11.255455Z[0m [32m INFO[0m [2mmoq_test_client::scenarios[0m[2m:[0m PUBLISH_NAMESPACE_DONE sent successfully
ok 6 - publish-namespace-done
  ---
  duration_ms: 2258
  connection_id: 733a912d246230c1409dcc1c773b5438
  ...
make[1]: Leaving directory '/home/runner/work/moq-interop-runner/moq-interop-runner/main'
