make[1]: Entering directory '/home/runner/work/moq-interop-runner/moq-interop-runner/main'
Running tests against https://relay.moqtail.dev...
  Client: ghcr.io/englishm/moq-interop-runner-moq-test-client-draft-18:latest
docker run --rm \
	 \
	--network host \
	-e RELAY_URL=https://relay.moqtail.dev \
	-e TLS_DISABLE_VERIFY=false \
	ghcr.io/englishm/moq-interop-runner-moq-test-client-draft-18:latest
TAP version 14
# moq-test-client v0.1.12
# Relay: https://relay.moqtail.dev/
1..18
[2m2026-10-07T00:52:19.831008Z[0m [32m INFO[0m [2mmoq_native_ietf::quic[0m[2m:[0m UDP socket bound [3mbind[0m[2m=[0m[::]:0 [3mlocal[0m[2m=[0m[::]:51783 [3mdual_stack[0m[2m=[0mtrue
[2m2026-10-07T00:52:20.073561Z[0m [32m INFO[0m [2mmoq_test_client::scenarios[0m[2m:[0m SETUP exchange completed successfully
ok 1 - setup-only
  ---
  duration_ms: 243
  connection_id: a34273223a2a33993f016b460f700cdb
  ...
[2m2026-10-07T00:52:20.074424Z[0m [32m INFO[0m [2mmoq_native_ietf::quic[0m[2m:[0m UDP socket bound [3mbind[0m[2m=[0m[::]:0 [3mlocal[0m[2m=[0m[::]:38284 [3mdual_stack[0m[2m=[0mtrue
[2m2026-10-07T00:52:20.113229Z[0m [33m WARN[0m [2mweb_transport_quinn::session[0m[2m:[0m failed to read capsule [3me[0m[2m=[0mUnexpectedEnd
[2m2026-10-07T00:52:20.305427Z[0m [32m INFO[0m [2mmoq_test_client::scenarios[0m[2m:[0m Sending PUBLISH_NAMESPACE for: moq-test/interop
[2m2026-10-07T00:52:22.306373Z[0m [32m INFO[0m [2mmoq_test_client::scenarios[0m[2m:[0m PUBLISH_NAMESPACE succeeded (REQUEST_OK received, waiting for subscribers)
ok 2 - publish-namespace-only
  ---
  duration_ms: 2232
  connection_id: a0eb2e197424f48c42ae1f4c6363b68c
  ...
[2m2026-10-07T00:52:22.307210Z[0m [32m INFO[0m [2mmoq_native_ietf::quic[0m[2m:[0m UDP socket bound [3mbind[0m[2m=[0m[::]:0 [3mlocal[0m[2m=[0m[::]:37009 [3mdual_stack[0m[2m=[0mtrue
[2m2026-10-07T00:52:22.342447Z[0m [33m WARN[0m [2mweb_transport_quinn::session[0m[2m:[0m failed to read capsule [3me[0m[2m=[0mUnexpectedEnd
[2m2026-10-07T00:52:22.533582Z[0m [32m INFO[0m [2mmoq_test_client::scenarios[0m[2m:[0m Subscribing to non-existent track: nonexistent/namespace/test-track
[2m2026-10-07T00:52:22.574290Z[0m [33m WARN[0m [2mmoq_transport::serve::error[0m[2m:[0m [73dfd0bb-ef95-43d9-9961-d757ad337601] Not found: Unknown track namespace at moq-transport/src/session/subscriber.rs:1653
[2m2026-10-07T00:52:22.574486Z[0m [32m INFO[0m [2mmoq_test_client::scenarios[0m[2m:[0m Got expected 'not found' error: not found: Track not found [error:73dfd0bb-ef95-43d9-9961-d757ad337601]
ok 3 - subscribe-error
  ---
  duration_ms: 268
  connection_id: 08bc8a8068b21e54db65bda14c6bcbcb
  ...
[2m2026-10-07T00:52:22.575339Z[0m [32m INFO[0m [2mmoq_native_ietf::quic[0m[2m:[0m UDP socket bound [3mbind[0m[2m=[0m[::]:0 [3mlocal[0m[2m=[0m[::]:45648 [3mdual_stack[0m[2m=[0mtrue
[2m2026-10-07T00:52:22.614897Z[0m [33m WARN[0m [2mweb_transport_quinn::session[0m[2m:[0m failed to read capsule [3me[0m[2m=[0mUnexpectedEnd
[2m2026-10-07T00:52:22.766437Z[0m [32m INFO[0m [2mmoq_native_ietf::quic[0m[2m:[0m UDP socket bound [3mbind[0m[2m=[0m[::]:0 [3mlocal[0m[2m=[0m[::]:45445 [3mdual_stack[0m[2m=[0mtrue
[2m2026-10-07T00:52:22.975080Z[0m [32m INFO[0m [2mmoq_test_client::scenarios[0m[2m:[0m Publisher sending PUBLISH_NAMESPACE: moq-test/interop
[2m2026-10-07T00:52:22.975100Z[0m [32m INFO[0m [2mmoq_test_client::scenarios[0m[2m:[0m Subscriber subscribing to track: moq-test/interop/test-track
[2m2026-10-07T00:52:23.010350Z[0m [33m WARN[0m [2mmoq_transport::serve::error[0m[2m:[0m [c5847903-2fa2-47b1-b909-3408b2f19d08] Not found: Unknown track namespace at moq-transport/src/session/subscriber.rs:1653
[2m2026-10-07T00:52:23.010664Z[0m [32m INFO[0m [2mmoq_test_client::scenarios[0m[2m:[0m Subscriber got error: not found: Track not found [error:c5847903-2fa2-47b1-b909-3408b2f19d08] - subscription was processed
ok 4 - publish-namespace-subscribe
  ---
  duration_ms: 436
  publisher_connection_id: 874564d15fa907937b62527a5a1bd596
  subscriber_connection_id: eedb338bec4804ce51a59eb835609c60
  ...
[2m2026-10-07T00:52:23.011436Z[0m [32m INFO[0m [2mmoq_native_ietf::quic[0m[2m:[0m UDP socket bound [3mbind[0m[2m=[0m[::]:0 [3mlocal[0m[2m=[0m[::]:37869 [3mdual_stack[0m[2m=[0mtrue
[2m2026-10-07T00:52:23.045840Z[0m [33m WARN[0m [2mweb_transport_quinn::session[0m[2m:[0m failed to read capsule [3me[0m[2m=[0mUnexpectedEnd
[2m2026-10-07T00:52:23.050189Z[0m [33m WARN[0m [2mweb_transport_quinn::session[0m[2m:[0m failed to read capsule [3me[0m[2m=[0mUnexpectedEnd
[2m2026-10-07T00:52:23.194830Z[0m [32m INFO[0m [2mmoq_test_client::scenarios[0m[2m:[0m Subscriber subscribing BEFORE PUBLISH_NAMESPACE: moq-test/interop/test-track
[2m2026-10-07T00:52:23.234620Z[0m [33m WARN[0m [2mmoq_transport::serve::error[0m[2m:[0m [57c2dc66-9eef-4b74-af18-ef3b073acb66] Not found: Unknown track namespace at moq-transport/src/session/subscriber.rs:1653
[2m2026-10-07T00:52:23.276180Z[0m [33m WARN[0m [2mweb_transport_quinn::session[0m[2m:[0m failed to read capsule [3me[0m[2m=[0mUnexpectedEnd
[2m2026-10-07T00:52:23.696912Z[0m [32m INFO[0m [2mmoq_native_ietf::quic[0m[2m:[0m UDP socket bound [3mbind[0m[2m=[0m[::]:0 [3mlocal[0m[2m=[0m[::]:54084 [3mdual_stack[0m[2m=[0mtrue
[2m2026-10-07T00:52:23.880306Z[0m [32m INFO[0m [2mmoq_test_client::scenarios[0m[2m:[0m Publisher sending PUBLISH_NAMESPACE (after subscriber): moq-test/interop
ok 5 - subscribe-before-publish-namespace
  ---
  duration_ms: 3870
  subscriber_connection_id: 902be9cdb6417c8c875e6c67e747befd
  publisher_connection_id: 37040f18c7c2711c244f4e1bc53ded89
  ...
[2m2026-10-07T00:52:26.881251Z[0m [32m INFO[0m [2mmoq_test_client::scenarios[0m[2m:[0m Publisher PUBLISH_NAMESPACE timeout (expected)
[2m2026-10-07T00:52:26.881277Z[0m [32m INFO[0m [2mmoq_test_client::scenarios[0m[2m:[0m Subscriber got error: not found: Track not found [error:57c2dc66-9eef-4b74-af18-ef3b073acb66] (may be expected)
[2m2026-10-07T00:52:26.882167Z[0m [32m INFO[0m [2mmoq_native_ietf::quic[0m[2m:[0m UDP socket bound [3mbind[0m[2m=[0m[::]:0 [3mlocal[0m[2m=[0m[::]:41162 [3mdual_stack[0m[2m=[0mtrue
[2m2026-10-07T00:52:26.921754Z[0m [33m WARN[0m [2mweb_transport_quinn::session[0m[2m:[0m failed to read capsule [3me[0m[2m=[0mUnexpectedEnd
[2m2026-10-07T00:52:27.065469Z[0m [32m INFO[0m [2mmoq_test_client::scenarios[0m[2m:[0m Sending PUBLISH_NAMESPACE: moq-test/interop
[2m2026-10-07T00:52:29.066909Z[0m [32m INFO[0m [2mmoq_test_client::scenarios[0m[2m:[0m PUBLISH_NAMESPACE active; sending PUBLISH_NAMESPACE_DONE
[2m2026-10-07T00:52:29.102187Z[0m [33m WARN[0m [2mweb_transport_quinn::session[0m[2m:[0m failed to read capsule [3me[0m[2m=[0mUnexpectedEnd
[2m2026-10-07T00:52:29.168619Z[0m [32m INFO[0m [2mmoq_test_client::scenarios[0m[2m:[0m PUBLISH_NAMESPACE_DONE sent successfully
ok 6 - publish-namespace-done
  ---
  duration_ms: 2287
  connection_id: 76ab5b0f4afaa6997fb2cd72cb474cab
  ...
[2m2026-10-07T00:52:29.169488Z[0m [32m INFO[0m [2mmoq_native_ietf::quic[0m[2m:[0m UDP socket bound [3mbind[0m[2m=[0m[::]:0 [3mlocal[0m[2m=[0m[::]:41259 [3mdual_stack[0m[2m=[0mtrue
[2m2026-10-07T00:52:29.402180Z[0m [32m INFO[0m [2mmoq_test_client::scenarios[0m[2m:[0m Publisher sending direct PUBLISH [3mnamespace[0m[2m=[0m/moq-test/publish [3mtrack[0m[2m=[0m"published-track"
[2m2026-10-07T00:52:29.441983Z[0m [32m INFO[0m [2mmoq_test_client::scenarios[0m[2m:[0m PUBLISH accepted [3mnamespace[0m[2m=[0m/moq-test/publish [3mtrack[0m[2m=[0m"published-track"
[2m2026-10-07T00:52:29.442305Z[0m [32m INFO[0m [2mmoq_test_client::scenarios[0m[2m:[0m PUBLISH completed [3mnamespace[0m[2m=[0m/moq-test/publish [3mtrack[0m[2m=[0m"published-track"
ok 7 - publish-track-only
  ---
  duration_ms: 273
  connection_id: e161b83f62d5f623a570ab242430f51d
  ...
[2m2026-10-07T00:52:29.443141Z[0m [32m INFO[0m [2mmoq_native_ietf::quic[0m[2m:[0m UDP socket bound [3mbind[0m[2m=[0m[::]:0 [3mlocal[0m[2m=[0m[::]:34993 [3mdual_stack[0m[2m=[0mtrue
[2m2026-10-07T00:52:29.481773Z[0m [33m WARN[0m [2mweb_transport_quinn::session[0m[2m:[0m failed to read capsule [3me[0m[2m=[0mUnexpectedEnd
[2m2026-10-07T00:52:29.616848Z[0m [32m INFO[0m [2mmoq_native_ietf::quic[0m[2m:[0m UDP socket bound [3mbind[0m[2m=[0m[::]:0 [3mlocal[0m[2m=[0m[::]:41926 [3mdual_stack[0m[2m=[0mtrue
[2m2026-10-07T00:52:29.821661Z[0m [32m INFO[0m [2mmoq_test_client::scenarios[0m[2m:[0m Publisher sending direct PUBLISH before subscriber subscribes [3mnamespace[0m[2m=[0m/moq-test/publish [3mtrack[0m[2m=[0m"published-track"
[2m2026-10-07T00:52:29.855744Z[0m [32m INFO[0m [2mmoq_test_client::scenarios[0m[2m:[0m PUBLISH accepted; starting subscriber [3mnamespace[0m[2m=[0m/moq-test/publish [3mtrack[0m[2m=[0m"published-track"
[2m2026-10-07T00:52:29.993676Z[0m [32m INFO[0m [2mmoq_test_client::scenarios[0m[2m:[0m Subscriber received direct PUBLISH track [3mnamespace[0m[2m=[0m/moq-test/publish [3mtrack[0m[2m=[0m"published-track"
ok 8 - publish-track-subscribe
  ---
  duration_ms: 551
  publisher_connection_id: 7eb11e423da1654d55344ba27dc0d1ba
  subscriber_connection_id: 3c198d7472b6d45889b72e9560851222
  ...
[2m2026-10-07T00:52:29.994538Z[0m [32m INFO[0m [2mmoq_native_ietf::quic[0m[2m:[0m UDP socket bound [3mbind[0m[2m=[0m[::]:0 [3mlocal[0m[2m=[0m[::]:48233 [3mdual_stack[0m[2m=[0mtrue
[2m2026-10-07T00:52:30.029787Z[0m [33m WARN[0m [2mweb_transport_quinn::session[0m[2m:[0m failed to read capsule [3me[0m[2m=[0mUnexpectedEnd
[2m2026-10-07T00:52:30.030880Z[0m [33m WARN[0m [2mweb_transport_quinn::session[0m[2m:[0m failed to read capsule [3me[0m[2m=[0mUnexpectedEnd
[2m2026-10-07T00:52:30.212274Z[0m [32m INFO[0m [2mmoq_test_client::scenarios[0m[2m:[0m Subscribing with RENDEZVOUS_TIMEOUT to a track with no publisher [3mtimeout_ms[0m[2m=[0m500
[2m2026-10-07T00:52:30.248494Z[0m [33m WARN[0m [2mmoq_transport::serve::error[0m[2m:[0m [29b31404-5ab5-4d53-b72d-66d9df7fc1a6] Not found: Unknown track namespace at moq-transport/src/session/subscriber.rs:1653
not ok 9 - rendezvous-timeout
  ---
  duration_ms: 254
  message: "expected REQUEST_ERROR TIMEOUT, got: not found: Track not found [error:29b31404-5ab5-4d53-b72d-66d9df7fc1a6]"
  ...
[2m2026-10-07T00:52:30.249440Z[0m [32m INFO[0m [2mmoq_native_ietf::quic[0m[2m:[0m UDP socket bound [3mbind[0m[2m=[0m[::]:0 [3mlocal[0m[2m=[0m[::]:40752 [3mdual_stack[0m[2m=[0mtrue
[2m2026-10-07T00:52:30.284528Z[0m [33m WARN[0m [2mweb_transport_quinn::session[0m[2m:[0m failed to read capsule [3me[0m[2m=[0mUnexpectedEnd
[2m2026-10-07T00:52:30.510907Z[0m [33m WARN[0m [2mmoq_transport::serve::error[0m[2m:[0m [d2006035-2a71-4370-b8de-78f1b3c3481b] Not found: Unknown track namespace at moq-transport/src/session/subscriber.rs:1653
[2m2026-10-07T00:52:30.546933Z[0m [33m WARN[0m [2mweb_transport_quinn::session[0m[2m:[0m failed to read capsule [3me[0m[2m=[0mUnexpectedEnd
[2m2026-10-07T00:52:30.676562Z[0m [32m INFO[0m [2mmoq_native_ietf::quic[0m[2m:[0m UDP socket bound [3mbind[0m[2m=[0m[::]:0 [3mlocal[0m[2m=[0m[::]:40133 [3mdual_stack[0m[2m=[0mtrue
not ok 10 - moq-test-subgroup-per-group
  ---
  duration_ms: 717
  message: "subscriber setup failed before generation started"
  ...
[2m2026-10-07T00:52:30.966589Z[0m [32m INFO[0m [2mmoq_native_ietf::quic[0m[2m:[0m UDP socket bound [3mbind[0m[2m=[0m[::]:0 [3mlocal[0m[2m=[0m[::]:56964 [3mdual_stack[0m[2m=[0mtrue
[2m2026-10-07T00:52:31.004819Z[0m [33m WARN[0m [2mweb_transport_quinn::session[0m[2m:[0m failed to read capsule [3me[0m[2m=[0mUnexpectedEnd
[2m2026-10-07T00:52:31.185810Z[0m [33m WARN[0m [2mmoq_transport::serve::error[0m[2m:[0m [771c7ccc-c685-454f-b171-404b19770404] Not found: Unknown track namespace at moq-transport/src/session/subscriber.rs:1653
[2m2026-10-07T00:52:31.221154Z[0m [33m WARN[0m [2mweb_transport_quinn::session[0m[2m:[0m failed to read capsule [3me[0m[2m=[0mUnexpectedEnd
[2m2026-10-07T00:52:31.352000Z[0m [32m INFO[0m [2mmoq_native_ietf::quic[0m[2m:[0m UDP socket bound [3mbind[0m[2m=[0m[::]:0 [3mlocal[0m[2m=[0m[::]:46667 [3mdual_stack[0m[2m=[0mtrue
not ok 11 - moq-test-subgroup-per-group-eog
  ---
  duration_ms: 626
  message: "subscriber setup failed before generation started"
  ...
[2m2026-10-07T00:52:31.593173Z[0m [32m INFO[0m [2mmoq_native_ietf::quic[0m[2m:[0m UDP socket bound [3mbind[0m[2m=[0m[::]:0 [3mlocal[0m[2m=[0m[::]:59877 [3mdual_stack[0m[2m=[0mtrue
[2m2026-10-07T00:52:31.626618Z[0m [33m WARN[0m [2mweb_transport_quinn::session[0m[2m:[0m failed to read capsule [3me[0m[2m=[0mUnexpectedEnd
[2m2026-10-07T00:52:31.832897Z[0m [33m WARN[0m [2mmoq_transport::serve::error[0m[2m:[0m [06f6a620-89e8-4b55-89e2-6003f7006d30] Not found: Unknown track namespace at moq-transport/src/session/subscriber.rs:1653
[2m2026-10-07T00:52:31.873322Z[0m [33m WARN[0m [2mweb_transport_quinn::session[0m[2m:[0m failed to read capsule [3me[0m[2m=[0mUnexpectedEnd
[2m2026-10-07T00:52:31.992950Z[0m [32m INFO[0m [2mmoq_native_ietf::quic[0m[2m:[0m UDP socket bound [3mbind[0m[2m=[0m[::]:0 [3mlocal[0m[2m=[0m[::]:48096 [3mdual_stack[0m[2m=[0mtrue
not ok 12 - moq-test-subgroup-per-object
  ---
  duration_ms: 611
  message: "subscriber setup failed before generation started"
  ...
[2m2026-10-07T00:52:32.204953Z[0m [32m INFO[0m [2mmoq_native_ietf::quic[0m[2m:[0m UDP socket bound [3mbind[0m[2m=[0m[::]:0 [3mlocal[0m[2m=[0m[::]:48311 [3mdual_stack[0m[2m=[0mtrue
[2m2026-10-07T00:52:32.243682Z[0m [33m WARN[0m [2mweb_transport_quinn::session[0m[2m:[0m failed to read capsule [3me[0m[2m=[0mUnexpectedEnd
[2m2026-10-07T00:52:32.429276Z[0m [33m WARN[0m [2mmoq_transport::serve::error[0m[2m:[0m [d2d31c90-543c-4489-b994-633a589136ee] Not found: Unknown track namespace at moq-transport/src/session/subscriber.rs:1653
[2m2026-10-07T00:52:32.464838Z[0m [33m WARN[0m [2mweb_transport_quinn::session[0m[2m:[0m failed to read capsule [3me[0m[2m=[0mUnexpectedEnd
[2m2026-10-07T00:52:32.596189Z[0m [32m INFO[0m [2mmoq_native_ietf::quic[0m[2m:[0m UDP socket bound [3mbind[0m[2m=[0m[::]:0 [3mlocal[0m[2m=[0m[::]:40343 [3mdual_stack[0m[2m=[0mtrue
not ok 13 - moq-test-two-subgroups-eog
  ---
  duration_ms: 684
  message: "subscriber setup failed before generation started"
  ...
[2m2026-10-07T00:52:32.889126Z[0m [32m INFO[0m [2mmoq_native_ietf::quic[0m[2m:[0m UDP socket bound [3mbind[0m[2m=[0m[::]:0 [3mlocal[0m[2m=[0m[::]:49824 [3mdual_stack[0m[2m=[0mtrue
[2m2026-10-07T00:52:32.928372Z[0m [33m WARN[0m [2mweb_transport_quinn::session[0m[2m:[0m failed to read capsule [3me[0m[2m=[0mUnexpectedEnd
[2m2026-10-07T00:52:33.089354Z[0m [33m WARN[0m [2mmoq_transport::serve::error[0m[2m:[0m [cc46e572-e725-4a19-bcd5-1f88ede7585f] Not found: Unknown track namespace at moq-transport/src/session/subscriber.rs:1653
[2m2026-10-07T00:52:33.127102Z[0m [33m WARN[0m [2mweb_transport_quinn::session[0m[2m:[0m failed to read capsule [3me[0m[2m=[0mUnexpectedEnd
[2m2026-10-07T00:52:33.252846Z[0m [32m INFO[0m [2mmoq_native_ietf::quic[0m[2m:[0m UDP socket bound [3mbind[0m[2m=[0m[::]:0 [3mlocal[0m[2m=[0m[::]:43340 [3mdual_stack[0m[2m=[0mtrue
not ok 14 - moq-test-datagram
  ---
  duration_ms: 584
  message: "subscriber setup failed before generation started"
  ...
[2m2026-10-07T00:52:33.473539Z[0m [32m INFO[0m [2mmoq_native_ietf::quic[0m[2m:[0m UDP socket bound [3mbind[0m[2m=[0m[::]:0 [3mlocal[0m[2m=[0m[::]:51944 [3mdual_stack[0m[2m=[0mtrue
[2m2026-10-07T00:52:33.511778Z[0m [33m WARN[0m [2mweb_transport_quinn::session[0m[2m:[0m failed to read capsule [3me[0m[2m=[0mUnexpectedEnd
[2m2026-10-07T00:52:33.678192Z[0m [33m WARN[0m [2mmoq_transport::serve::error[0m[2m:[0m [89eab40a-62ef-4c30-899b-a64626fdcd92] Not found: Unknown track namespace at moq-transport/src/session/subscriber.rs:1653
[2m2026-10-07T00:52:33.715166Z[0m [33m WARN[0m [2mweb_transport_quinn::session[0m[2m:[0m failed to read capsule [3me[0m[2m=[0mUnexpectedEnd
[2m2026-10-07T00:52:33.842947Z[0m [32m INFO[0m [2mmoq_native_ietf::quic[0m[2m:[0m UDP socket bound [3mbind[0m[2m=[0m[::]:0 [3mlocal[0m[2m=[0m[::]:34701 [3mdual_stack[0m[2m=[0mtrue
not ok 15 - moq-test-datagram-eog
  ---
  duration_ms: 606
  message: "subscriber setup failed before generation started"
  ...
[2m2026-10-07T00:52:34.080060Z[0m [32m INFO[0m [2mmoq_native_ietf::quic[0m[2m:[0m UDP socket bound [3mbind[0m[2m=[0m[::]:0 [3mlocal[0m[2m=[0m[::]:54547 [3mdual_stack[0m[2m=[0mtrue
[2m2026-10-07T00:52:34.118277Z[0m [33m WARN[0m [2mweb_transport_quinn::session[0m[2m:[0m failed to read capsule [3me[0m[2m=[0mUnexpectedEnd
[2m2026-10-07T00:52:34.304353Z[0m [33m WARN[0m [2mmoq_transport::serve::error[0m[2m:[0m [32b10dd1-7cf2-43d5-ab5d-61a4b09ae2bf] Not found: Unknown track namespace at moq-transport/src/session/subscriber.rs:1653
[2m2026-10-07T00:52:34.344168Z[0m [33m WARN[0m [2mweb_transport_quinn::session[0m[2m:[0m failed to read capsule [3me[0m[2m=[0mUnexpectedEnd
[2m2026-10-07T00:52:34.466274Z[0m [32m INFO[0m [2mmoq_native_ietf::quic[0m[2m:[0m UDP socket bound [3mbind[0m[2m=[0m[::]:0 [3mlocal[0m[2m=[0m[::]:54093 [3mdual_stack[0m[2m=[0mtrue
not ok 16 - moq-test-extensions
  ---
  duration_ms: 588
  message: "subscriber setup failed before generation started"
  ...
[2m2026-10-07T00:52:34.668963Z[0m [32m INFO[0m [2mmoq_native_ietf::quic[0m[2m:[0m UDP socket bound [3mbind[0m[2m=[0m[::]:0 [3mlocal[0m[2m=[0m[::]:43925 [3mdual_stack[0m[2m=[0mtrue
[2m2026-10-07T00:52:34.705891Z[0m [33m WARN[0m [2mweb_transport_quinn::session[0m[2m:[0m failed to read capsule [3me[0m[2m=[0mUnexpectedEnd
[2m2026-10-07T00:52:34.882361Z[0m [33m WARN[0m [2mmoq_transport::serve::error[0m[2m:[0m [3c7dab6a-400c-4666-bfc2-6738872174ba] Not found: Unknown track namespace at moq-transport/src/session/subscriber.rs:1653
[2m2026-10-07T00:52:34.923457Z[0m [33m WARN[0m [2mweb_transport_quinn::session[0m[2m:[0m failed to read capsule [3me[0m[2m=[0mUnexpectedEnd
[2m2026-10-07T00:52:35.043810Z[0m [32m INFO[0m [2mmoq_native_ietf::quic[0m[2m:[0m UDP socket bound [3mbind[0m[2m=[0m[::]:0 [3mlocal[0m[2m=[0m[::]:48637 [3mdual_stack[0m[2m=[0mtrue
not ok 17 - moq-test-increments
  ---
  duration_ms: 579
  message: "subscriber setup failed before generation started"
  ...
[2m2026-10-07T00:52:35.248304Z[0m [32m INFO[0m [2mmoq_native_ietf::quic[0m[2m:[0m UDP socket bound [3mbind[0m[2m=[0m[::]:0 [3mlocal[0m[2m=[0m[::]:39648 [3mdual_stack[0m[2m=[0mtrue
[2m2026-10-07T00:52:35.283568Z[0m [33m WARN[0m [2mweb_transport_quinn::session[0m[2m:[0m failed to read capsule [3me[0m[2m=[0mUnexpectedEnd
[2m2026-10-07T00:52:35.465303Z[0m [33m WARN[0m [2mmoq_transport::serve::error[0m[2m:[0m [69a6a601-aeca-4ade-bb27-1fb1a39234ce] Not found: Unknown track namespace at moq-transport/src/session/subscriber.rs:1653
[2m2026-10-07T00:52:35.505687Z[0m [33m WARN[0m [2mweb_transport_quinn::session[0m[2m:[0m failed to read capsule [3me[0m[2m=[0mUnexpectedEnd
[2m2026-10-07T00:52:35.625463Z[0m [32m INFO[0m [2mmoq_native_ietf::quic[0m[2m:[0m UDP socket bound [3mbind[0m[2m=[0m[::]:0 [3mlocal[0m[2m=[0m[::]:59649 [3mdual_stack[0m[2m=[0mtrue
not ok 18 - moq-test-forward-zero
  ---
  duration_ms: 594
  message: "subscriber setup failed before generation started"
  ...
make[1]: *** [Makefile:122: test-external] Error 1
make[1]: Leaving directory '/home/runner/work/moq-interop-runner/moq-interop-runner/main'
