make[1]: Entering directory '/home/runner/work/moq-interop-runner/moq-interop-runner/main'
Running tests against moqt://moqt.nokiaresearch.com:4443/moq...
  Client: ghcr.io/englishm/moq-interop-runner-moq-test-client-draft-18:latest
docker run --rm \
	 \
	--network host \
	-e RELAY_URL=moqt://moqt.nokiaresearch.com:4443/moq \
	-e TLS_DISABLE_VERIFY=false \
	ghcr.io/englishm/moq-interop-runner-moq-test-client-draft-18:latest
TAP version 14
# moq-test-client v0.1.12
# Relay: moqt://moqt.nokiaresearch.com:4443/moq
1..18
[2m2026-10-07T00:53:26.410623Z[0m [32m INFO[0m [2mmoq_native_ietf::quic[0m[2m:[0m UDP socket bound [3mbind[0m[2m=[0m[::]:0 [3mlocal[0m[2m=[0m[::]:54647 [3mdual_stack[0m[2m=[0mtrue
[2m2026-10-07T00:53:26.832985Z[0m [32m INFO[0m [2mmoq_test_client::scenarios[0m[2m:[0m SETUP exchange completed successfully
ok 1 - setup-only
  ---
  duration_ms: 423
  connection_id: 8296298f47fc197743c316466b363cc8
  ...
[2m2026-10-07T00:53:26.833816Z[0m [32m INFO[0m [2mmoq_native_ietf::quic[0m[2m:[0m UDP socket bound [3mbind[0m[2m=[0m[::]:0 [3mlocal[0m[2m=[0m[::]:57961 [3mdual_stack[0m[2m=[0mtrue
[2m2026-10-07T00:53:27.265093Z[0m [32m INFO[0m [2mmoq_test_client::scenarios[0m[2m:[0m Sending PUBLISH_NAMESPACE for: moq-test/interop
ok 2 - publish-namespace-only
  ---
  duration_ms: 2433
  connection_id: adaee7fd957c50b78a9ec96f629753ed
  ...
[2m2026-10-07T00:53:29.266930Z[0m [32m INFO[0m [2mmoq_test_client::scenarios[0m[2m:[0m PUBLISH_NAMESPACE succeeded (REQUEST_OK received, waiting for subscribers)
[2m2026-10-07T00:53:29.267751Z[0m [32m INFO[0m [2mmoq_native_ietf::quic[0m[2m:[0m UDP socket bound [3mbind[0m[2m=[0m[::]:0 [3mlocal[0m[2m=[0m[::]:51598 [3mdual_stack[0m[2m=[0mtrue
[2m2026-10-07T00:53:29.685360Z[0m [32m INFO[0m [2mmoq_test_client::scenarios[0m[2m:[0m Subscribing to non-existent track: nonexistent/namespace/test-track
[2m2026-10-07T00:53:29.817772Z[0m [33m WARN[0m [2mmoq_transport::serve::error[0m[2m:[0m [48eebb94-c20a-41be-aecb-1bb9e19dfa69] Not found: Track /nonexistent/namespace/test-track does not exist at moq-transport/src/session/subscriber.rs:1653
[2m2026-10-07T00:53:29.817970Z[0m [32m INFO[0m [2mmoq_test_client::scenarios[0m[2m:[0m Got expected 'not found' error: not found: Track not found [error:48eebb94-c20a-41be-aecb-1bb9e19dfa69]
ok 3 - subscribe-error
  ---
  duration_ms: 551
  connection_id: 3b2f8095860baf5c87ea610435c72aba
  ...
[2m2026-10-07T00:53:29.818844Z[0m [32m INFO[0m [2mmoq_native_ietf::quic[0m[2m:[0m UDP socket bound [3mbind[0m[2m=[0m[::]:0 [3mlocal[0m[2m=[0m[::]:58413 [3mdual_stack[0m[2m=[0mtrue
[2m2026-10-07T00:53:30.230074Z[0m [32m INFO[0m [2mmoq_native_ietf::quic[0m[2m:[0m UDP socket bound [3mbind[0m[2m=[0m[::]:0 [3mlocal[0m[2m=[0m[::]:53016 [3mdual_stack[0m[2m=[0mtrue
[2m2026-10-07T00:53:30.773296Z[0m [32m INFO[0m [2mmoq_test_client::scenarios[0m[2m:[0m Publisher sending PUBLISH_NAMESPACE: moq-test/interop
[2m2026-10-07T00:53:30.773326Z[0m [32m INFO[0m [2mmoq_test_client::scenarios[0m[2m:[0m Subscriber subscribing to track: moq-test/interop/test-track
[2m2026-10-07T00:53:30.905906Z[0m [33m WARN[0m [2mmoq_transport::serve::error[0m[2m:[0m [e1b42625-ddc2-4a8a-adcd-e42881c8f63e] Not found: Track /moq-test/interop/test-track does not exist at moq-transport/src/session/subscriber.rs:1653
[2m2026-10-07T00:53:30.906208Z[0m [32m INFO[0m [2mmoq_test_client::scenarios[0m[2m:[0m Subscriber got error: not found: Track not found [error:e1b42625-ddc2-4a8a-adcd-e42881c8f63e] - subscription was processed
ok 4 - publish-namespace-subscribe
  ---
  duration_ms: 1088
  publisher_connection_id: 86b8073700c4ee9e330c38b0961846dd
  subscriber_connection_id: 228e42175af80c13fc14ce429cbb7215
  ...
[2m2026-10-07T00:53:30.907064Z[0m [32m INFO[0m [2mmoq_native_ietf::quic[0m[2m:[0m UDP socket bound [3mbind[0m[2m=[0m[::]:0 [3mlocal[0m[2m=[0m[::]:44772 [3mdual_stack[0m[2m=[0mtrue
[2m2026-10-07T00:53:31.320592Z[0m [32m INFO[0m [2mmoq_test_client::scenarios[0m[2m:[0m Subscriber subscribing BEFORE PUBLISH_NAMESPACE: moq-test/interop/test-track
[2m2026-10-07T00:53:31.454265Z[0m [33m WARN[0m [2mmoq_transport::serve::error[0m[2m:[0m [860436db-6834-4bea-9d67-98b9c4c750bf] Not found: Track /moq-test/interop/test-track does not exist at moq-transport/src/session/subscriber.rs:1653
[2m2026-10-07T00:53:31.822986Z[0m [32m INFO[0m [2mmoq_native_ietf::quic[0m[2m:[0m UDP socket bound [3mbind[0m[2m=[0m[::]:0 [3mlocal[0m[2m=[0m[::]:45136 [3mdual_stack[0m[2m=[0mtrue
[2m2026-10-07T00:53:32.236953Z[0m [32m INFO[0m [2mmoq_test_client::scenarios[0m[2m:[0m Publisher sending PUBLISH_NAMESPACE (after subscriber): moq-test/interop
[2m2026-10-07T00:53:35.238253Z[0m [32m INFO[0m [2mmoq_test_client::scenarios[0m[2m:[0m Publisher PUBLISH_NAMESPACE timeout (expected)
[2m2026-10-07T00:53:35.238274Z[0m [32m INFO[0m [2mmoq_test_client::scenarios[0m[2m:[0m Subscriber got error: not found: Track not found [error:860436db-6834-4bea-9d67-98b9c4c750bf] (may be expected)
ok 5 - subscribe-before-publish-namespace
  ---
  duration_ms: 4331
  subscriber_connection_id: cebd857bc61372d61b1bb21a95904ad1
  publisher_connection_id: 5171288a9ebfcfcca58b2408df972676
  ...
[2m2026-10-07T00:53:35.239105Z[0m [32m INFO[0m [2mmoq_native_ietf::quic[0m[2m:[0m UDP socket bound [3mbind[0m[2m=[0m[::]:0 [3mlocal[0m[2m=[0m[::]:54114 [3mdual_stack[0m[2m=[0mtrue
[2m2026-10-07T00:53:35.657042Z[0m [32m INFO[0m [2mmoq_test_client::scenarios[0m[2m:[0m Sending PUBLISH_NAMESPACE: moq-test/interop
[2m2026-10-07T00:53:37.658106Z[0m [32m INFO[0m [2mmoq_test_client::scenarios[0m[2m:[0m PUBLISH_NAMESPACE active; sending PUBLISH_NAMESPACE_DONE
[2m2026-10-07T00:53:37.759747Z[0m [32m INFO[0m [2mmoq_test_client::scenarios[0m[2m:[0m PUBLISH_NAMESPACE_DONE sent successfully
ok 6 - publish-namespace-done
  ---
  duration_ms: 2521
  connection_id: dd66f4c55442e0dd7e39a0a54e4307ea
  ...
[2m2026-10-07T00:53:37.760563Z[0m [32m INFO[0m [2mmoq_native_ietf::quic[0m[2m:[0m UDP socket bound [3mbind[0m[2m=[0m[::]:0 [3mlocal[0m[2m=[0m[::]:59472 [3mdual_stack[0m[2m=[0mtrue
[2m2026-10-07T00:53:38.169160Z[0m [32m INFO[0m [2mmoq_test_client::scenarios[0m[2m:[0m Publisher sending direct PUBLISH [3mnamespace[0m[2m=[0m/moq-test/publish [3mtrack[0m[2m=[0m"published-track"
[2m2026-10-07T00:53:38.302173Z[0m [32m INFO[0m [2mmoq_test_client::scenarios[0m[2m:[0m PUBLISH accepted [3mnamespace[0m[2m=[0m/moq-test/publish [3mtrack[0m[2m=[0m"published-track"
[2m2026-10-07T00:53:38.302443Z[0m [32m INFO[0m [2mmoq_test_client::scenarios[0m[2m:[0m PUBLISH completed [3mnamespace[0m[2m=[0m/moq-test/publish [3mtrack[0m[2m=[0m"published-track"
ok 7 - publish-track-only
  ---
  duration_ms: 542
  connection_id: 76d66af44b72fc83e7d8266c19905340
  ...
[2m2026-10-07T00:53:38.303399Z[0m [32m INFO[0m [2mmoq_native_ietf::quic[0m[2m:[0m UDP socket bound [3mbind[0m[2m=[0m[::]:0 [3mlocal[0m[2m=[0m[::]:59643 [3mdual_stack[0m[2m=[0mtrue
[2m2026-10-07T00:53:38.714182Z[0m [32m INFO[0m [2mmoq_native_ietf::quic[0m[2m:[0m UDP socket bound [3mbind[0m[2m=[0m[::]:0 [3mlocal[0m[2m=[0m[::]:56038 [3mdual_stack[0m[2m=[0mtrue
[2m2026-10-07T00:53:39.129011Z[0m [32m INFO[0m [2mmoq_test_client::scenarios[0m[2m:[0m Publisher sending direct PUBLISH before subscriber subscribes [3mnamespace[0m[2m=[0m/moq-test/publish [3mtrack[0m[2m=[0m"published-track"
[2m2026-10-07T00:53:39.261891Z[0m [32m INFO[0m [2mmoq_test_client::scenarios[0m[2m:[0m PUBLISH accepted; starting subscriber [3mnamespace[0m[2m=[0m/moq-test/publish [3mtrack[0m[2m=[0m"published-track"
[2m2026-10-07T00:53:39.498575Z[0m [32m INFO[0m [2mmoq_test_client::scenarios[0m[2m:[0m Subscriber received direct PUBLISH track [3mnamespace[0m[2m=[0m/moq-test/publish [3mtrack[0m[2m=[0m"published-track"
ok 8 - publish-track-subscribe
  ---
  duration_ms: 1196
  publisher_connection_id: 58b083f89dca3ca32d2498a58f4de620
  subscriber_connection_id: 239ef67195e862125262839895813011
  ...
[2m2026-10-07T00:53:39.499431Z[0m [32m INFO[0m [2mmoq_native_ietf::quic[0m[2m:[0m UDP socket bound [3mbind[0m[2m=[0m[::]:0 [3mlocal[0m[2m=[0m[::]:36856 [3mdual_stack[0m[2m=[0mtrue
[2m2026-10-07T00:53:39.916637Z[0m [32m INFO[0m [2mmoq_test_client::scenarios[0m[2m:[0m Subscribing with RENDEZVOUS_TIMEOUT to a track with no publisher [3mtimeout_ms[0m[2m=[0m500
[2m2026-10-07T00:53:40.552534Z[0m [32m INFO[0m [2mmoq_test_client::scenarios[0m[2m:[0m Received expected REQUEST_ERROR TIMEOUT
ok 9 - rendezvous-timeout
  ---
  duration_ms: 1053
  connection_id: 77f65766775c76eddc1d8dd8844b769e
  ...
[2m2026-10-07T00:53:40.553349Z[0m [32m INFO[0m [2mmoq_native_ietf::quic[0m[2m:[0m UDP socket bound [3mbind[0m[2m=[0m[::]:0 [3mlocal[0m[2m=[0m[::]:49336 [3mdual_stack[0m[2m=[0mtrue
[2m2026-10-07T00:53:41.175139Z[0m [32m INFO[0m [2mmoq_native_ietf::quic[0m[2m:[0m UDP socket bound [3mbind[0m[2m=[0m[::]:0 [3mlocal[0m[2m=[0m[::]:41729 [3mdual_stack[0m[2m=[0mtrue
[2m2026-10-07T00:53:41.738402Z[0m [32m INFO[0m [2mmoq_test_client::moqtest[0m[2m:[0m PUBLISH accepted and subscription bound; generating objects [3mobjects[0m[2m=[0m15 [3mstreams[0m[2m=[0m3
[2m2026-10-07T00:53:41.784147Z[0m [32m INFO[0m [2mmoq_test_client::moqtest[0m[2m:[0m PUBLISH completed
ok 10 - moq-test-subgroup-per-group
  ---
  duration_ms: 1364
  subscriber_connection_id: 6db2f4fceaec5ec01484e63cb21a1692
  publisher_connection_id: 96fda56aa2bb9810a748a4b2f862f85f
  ...
[2m2026-10-07T00:53:41.916891Z[0m [32m INFO[0m [2mmoq_test_client[0m[2m:[0m moq-test passed: objects 15/15, eog 0/0, streams 3, publish_done status=2 stream_count=3 reason=ReasonPhrase("publish ended")
[2m2026-10-07T00:53:41.917691Z[0m [32m INFO[0m [2mmoq_native_ietf::quic[0m[2m:[0m UDP socket bound [3mbind[0m[2m=[0m[::]:0 [3mlocal[0m[2m=[0m[::]:38981 [3mdual_stack[0m[2m=[0mtrue
[2m2026-10-07T00:53:42.521823Z[0m [32m INFO[0m [2mmoq_native_ietf::quic[0m[2m:[0m UDP socket bound [3mbind[0m[2m=[0m[::]:0 [3mlocal[0m[2m=[0m[::]:50143 [3mdual_stack[0m[2m=[0mtrue
[2m2026-10-07T00:53:43.072361Z[0m [32m INFO[0m [2mmoq_test_client::moqtest[0m[2m:[0m PUBLISH accepted and subscription bound; generating objects [3mobjects[0m[2m=[0m15 [3mstreams[0m[2m=[0m3
[2m2026-10-07T00:53:43.125844Z[0m [32m INFO[0m [2mmoq_test_client::moqtest[0m[2m:[0m PUBLISH completed
[2m2026-10-07T00:53:43.257954Z[0m [32m INFO[0m [2mmoq_test_client[0m[2m:[0m moq-test passed: objects 15/15, eog 3/3, streams 3, publish_done status=2 stream_count=3 reason=ReasonPhrase("publish ended")
ok 11 - moq-test-subgroup-per-group-eog
  ---
  duration_ms: 1341
  subscriber_connection_id: a67b3924ad6cb77923d0b56fafb68e95
  publisher_connection_id: 55ff977b8f7b98cc933170a237c70791
  ...
[2m2026-10-07T00:53:43.258763Z[0m [32m INFO[0m [2mmoq_native_ietf::quic[0m[2m:[0m UDP socket bound [3mbind[0m[2m=[0m[::]:0 [3mlocal[0m[2m=[0m[::]:38212 [3mdual_stack[0m[2m=[0mtrue
[2m2026-10-07T00:53:43.876809Z[0m [32m INFO[0m [2mmoq_native_ietf::quic[0m[2m:[0m UDP socket bound [3mbind[0m[2m=[0m[::]:0 [3mlocal[0m[2m=[0m[::]:50984 [3mdual_stack[0m[2m=[0mtrue
[2m2026-10-07T00:53:44.426396Z[0m [32m INFO[0m [2mmoq_test_client::moqtest[0m[2m:[0m PUBLISH accepted and subscription bound; generating objects [3mobjects[0m[2m=[0m8 [3mstreams[0m[2m=[0m8
[2m2026-10-07T00:53:44.450154Z[0m [32m INFO[0m [2mmoq_test_client::moqtest[0m[2m:[0m PUBLISH completed
ok 12 - moq-test-subgroup-per-object
  ---
  duration_ms: 1324
  subscriber_connection_id: 5e19c1f4dc2dae23872f3e8f3141d708
  publisher_connection_id: 941affa34d14b00a140794048cec92a9
  ...
[2m2026-10-07T00:53:44.582297Z[0m [32m INFO[0m [2mmoq_test_client[0m[2m:[0m moq-test passed: objects 8/8, eog 0/0, streams 8, publish_done status=2 stream_count=8 reason=ReasonPhrase("publish ended")
[2m2026-10-07T00:53:44.583157Z[0m [32m INFO[0m [2mmoq_native_ietf::quic[0m[2m:[0m UDP socket bound [3mbind[0m[2m=[0m[::]:0 [3mlocal[0m[2m=[0m[::]:37721 [3mdual_stack[0m[2m=[0mtrue
[2m2026-10-07T00:53:45.196457Z[0m [32m INFO[0m [2mmoq_native_ietf::quic[0m[2m:[0m UDP socket bound [3mbind[0m[2m=[0m[::]:0 [3mlocal[0m[2m=[0m[::]:50169 [3mdual_stack[0m[2m=[0mtrue
[2m2026-10-07T00:53:45.743074Z[0m [32m INFO[0m [2mmoq_test_client::moqtest[0m[2m:[0m PUBLISH accepted and subscription bound; generating objects [3mobjects[0m[2m=[0m18 [3mstreams[0m[2m=[0m6
[2m2026-10-07T00:53:45.806901Z[0m [32m INFO[0m [2mmoq_test_client::moqtest[0m[2m:[0m PUBLISH completed
[2m2026-10-07T00:53:50.939819Z[0m [33m WARN[0m [2mmoq_transport::session::subscriber[0m[2m:[0m PUBLISH_DONE Stream Count was never reached; ending subscription on timer [3mrequest_id[0m[2m=[0m0 [3mtimeout_ms[0m[2m=[0m5000
not ok 13 - moq-test-two-subgroups-eog
  ---
  duration_ms: 6357
  message: "moq-test verification failed: PUBLISH_DONE stream count 4611686018427387903 != expected 6"
  ...
[2m2026-10-07T00:53:50.940958Z[0m [32m INFO[0m [2mmoq_native_ietf::quic[0m[2m:[0m UDP socket bound [3mbind[0m[2m=[0m[::]:0 [3mlocal[0m[2m=[0m[::]:56410 [3mdual_stack[0m[2m=[0mtrue
[2m2026-10-07T00:53:51.551938Z[0m [32m INFO[0m [2mmoq_native_ietf::quic[0m[2m:[0m UDP socket bound [3mbind[0m[2m=[0m[::]:0 [3mlocal[0m[2m=[0m[::]:56068 [3mdual_stack[0m[2m=[0mtrue
[2m2026-10-07T00:53:52.106449Z[0m [32m INFO[0m [2mmoq_test_client::moqtest[0m[2m:[0m PUBLISH accepted and subscription bound; generating objects [3mobjects[0m[2m=[0m15 [3mstreams[0m[2m=[0m0
[2m2026-10-07T00:53:52.424901Z[0m [32m INFO[0m [2mmoq_test_client::moqtest[0m[2m:[0m PUBLISH completed
[2m2026-10-07T00:53:52.558071Z[0m [32m INFO[0m [2mmoq_test_client[0m[2m:[0m moq-test passed: objects 15/15, eog 0/0, streams 0, publish_done status=2 stream_count=0 reason=ReasonPhrase("publish ended")
ok 14 - moq-test-datagram
  ---
  duration_ms: 1617
  subscriber_connection_id: c75144453bbada6087e776e285445d00
  publisher_connection_id: 114479191014fec525b38e5bbf6cf302
  ...
[2m2026-10-07T00:53:52.558937Z[0m [32m INFO[0m [2mmoq_native_ietf::quic[0m[2m:[0m UDP socket bound [3mbind[0m[2m=[0m[::]:0 [3mlocal[0m[2m=[0m[::]:40289 [3mdual_stack[0m[2m=[0mtrue
[2m2026-10-07T00:53:53.173988Z[0m [32m INFO[0m [2mmoq_native_ietf::quic[0m[2m:[0m UDP socket bound [3mbind[0m[2m=[0m[::]:0 [3mlocal[0m[2m=[0m[::]:37347 [3mdual_stack[0m[2m=[0mtrue
[2m2026-10-07T00:53:53.713763Z[0m [32m INFO[0m [2mmoq_test_client::moqtest[0m[2m:[0m PUBLISH accepted and subscription bound; generating objects [3mobjects[0m[2m=[0m15 [3mstreams[0m[2m=[0m0
[2m2026-10-07T00:53:54.094330Z[0m [32m INFO[0m [2mmoq_test_client::moqtest[0m[2m:[0m PUBLISH completed
[2m2026-10-07T00:53:54.227133Z[0m [32m INFO[0m [2mmoq_test_client[0m[2m:[0m moq-test passed: objects 15/15, eog 3/3, streams 0, publish_done status=2 stream_count=0 reason=ReasonPhrase("publish ended")
ok 15 - moq-test-datagram-eog
  ---
  duration_ms: 1669
  subscriber_connection_id: 6b38736f9005362fa95427acd6225766
  publisher_connection_id: 06e6d8d20b56643a259821919164e5af
  ...
[2m2026-10-07T00:53:54.227967Z[0m [32m INFO[0m [2mmoq_native_ietf::quic[0m[2m:[0m UDP socket bound [3mbind[0m[2m=[0m[::]:0 [3mlocal[0m[2m=[0m[::]:38557 [3mdual_stack[0m[2m=[0mtrue
[2m2026-10-07T00:53:54.835620Z[0m [32m INFO[0m [2mmoq_native_ietf::quic[0m[2m:[0m UDP socket bound [3mbind[0m[2m=[0m[::]:0 [3mlocal[0m[2m=[0m[::]:60492 [3mdual_stack[0m[2m=[0mtrue
[2m2026-10-07T00:53:55.375265Z[0m [32m INFO[0m [2mmoq_test_client::moqtest[0m[2m:[0m PUBLISH accepted and subscription bound; generating objects [3mobjects[0m[2m=[0m15 [3mstreams[0m[2m=[0m3
[2m2026-10-07T00:53:55.431480Z[0m [32m INFO[0m [2mmoq_test_client::moqtest[0m[2m:[0m PUBLISH completed
[2m2026-10-07T00:53:55.563386Z[0m [32m INFO[0m [2mmoq_test_client[0m[2m:[0m moq-test passed: objects 15/15, eog 3/3, streams 3, publish_done status=2 stream_count=3 reason=ReasonPhrase("publish ended")
ok 16 - moq-test-extensions
  ---
  duration_ms: 1336
  subscriber_connection_id: 5aebea1efd40f790ec953eda9b5dc303
  publisher_connection_id: c0849ca241b0db3b5a9e179799a74a5b
  ...
[2m2026-10-07T00:53:55.564179Z[0m [32m INFO[0m [2mmoq_native_ietf::quic[0m[2m:[0m UDP socket bound [3mbind[0m[2m=[0m[::]:0 [3mlocal[0m[2m=[0m[::]:41523 [3mdual_stack[0m[2m=[0mtrue
[2m2026-10-07T00:53:56.180436Z[0m [32m INFO[0m [2mmoq_native_ietf::quic[0m[2m:[0m UDP socket bound [3mbind[0m[2m=[0m[::]:0 [3mlocal[0m[2m=[0m[::]:60425 [3mdual_stack[0m[2m=[0mtrue
[2m2026-10-07T00:53:56.718994Z[0m [32m INFO[0m [2mmoq_test_client::moqtest[0m[2m:[0m PUBLISH accepted and subscription bound; generating objects [3mobjects[0m[2m=[0m9 [3mstreams[0m[2m=[0m3
[2m2026-10-07T00:53:56.746979Z[0m [32m INFO[0m [2mmoq_test_client::moqtest[0m[2m:[0m PUBLISH completed
[2m2026-10-07T00:54:01.880173Z[0m [33m WARN[0m [2mmoq_transport::session::subscriber[0m[2m:[0m PUBLISH_DONE Stream Count was never reached; ending subscription on timer [3mrequest_id[0m[2m=[0m0 [3mtimeout_ms[0m[2m=[0m5000
not ok 17 - moq-test-increments
  ---
  duration_ms: 6317
  message: "moq-test verification failed: PUBLISH_DONE stream count 4611686018427387903 != expected 3"
  ...
[2m2026-10-07T00:54:01.881280Z[0m [32m INFO[0m [2mmoq_native_ietf::quic[0m[2m:[0m UDP socket bound [3mbind[0m[2m=[0m[::]:0 [3mlocal[0m[2m=[0m[::]:47205 [3mdual_stack[0m[2m=[0mtrue
[2m2026-10-07T00:54:02.502115Z[0m [32m INFO[0m [2mmoq_native_ietf::quic[0m[2m:[0m UDP socket bound [3mbind[0m[2m=[0m[::]:0 [3mlocal[0m[2m=[0m[::]:35211 [3mdual_stack[0m[2m=[0mtrue
[2m2026-10-07T00:54:03.048173Z[0m [32m INFO[0m [2mmoq_test_client::moqtest[0m[2m:[0m PUBLISH accepted and subscription bound; generating objects [3mobjects[0m[2m=[0m6 [3mstreams[0m[2m=[0m2
[2m2026-10-07T00:54:03.067496Z[0m [32m INFO[0m [2mmoq_test_client::moqtest[0m[2m:[0m PUBLISH completed
not ok 18 - moq-test-forward-zero
  ---
  duration_ms: 6321
  message: "moq-test verification failed: PUBLISH_DONE stream count 2 != expected 0"
  ...
[2m2026-10-07T00:54:08.201799Z[0m [33m WARN[0m [2mmoq_transport::session::subscriber[0m[2m:[0m PUBLISH_DONE Stream Count was never reached; ending subscription on timer [3mrequest_id[0m[2m=[0m0 [3mtimeout_ms[0m[2m=[0m5000
make[1]: *** [Makefile:122: test-external] Error 1
make[1]: Leaving directory '/home/runner/work/moq-interop-runner/moq-interop-runner/main'
