make[1]: Entering directory '/home/runner/work/moq-interop-runner/moq-interop-runner/main'
Running tests against moqt://us-west-2.relay.quicr.org:33437...
  Client: ghcr.io/openmoq/moqx-interop-client:latest
docker run --rm \
	 \
	--network host \
	-e RELAY_URL=moqt://us-west-2.relay.quicr.org:33437 \
	-e TLS_DISABLE_VERIFY=1 \
	ghcr.io/openmoq/moqx-interop-client:latest
TAP version 14
# moxygen interop test client
# Relay: moqt://us-west-2.relay.quicr.org:33437
# Transport: QUIC
# Offered ALPNs: moqt-18, moqt-16
1..6
ok 1 - setup-only
  ---
  duration_ms: 206
  negotiated_version: draft-16
  info: SETUP exchange completed successfully
  ...
W1007 01:04:04.322262     1 MoQSession.cpp:6174] Issuing request that will fail; nextRequestID_=0 peerMaxRequestID_=0 sess=0x55e9da9037d0
ok 2 - announce-only
  ---
  duration_ms: 163
  negotiated_version: draft-16
  info: PUBLISH_NAMESPACE completed successfully
  ...
E1007 01:04:04.373509     1 MoQRelaySession.cpp:1123] PublishNamespaceDone for unknown publishNamespace, sess=0x55e9da9037d0
W1007 01:04:04.531684     1 MoQSession.cpp:6174] Issuing request that will fail; nextRequestID_=0 peerMaxRequestID_=0 sess=0x55e9da9165b0
E1007 01:04:04.582694     1 MoQCodec.cpp:126] Conn error=3
E1007 01:04:04.582746     1 MoQSession.cpp:5954] MoQCodec control stream parse error err=3
ok 3 - subscribe-error
  ---
  duration_ms: 209
  negotiated_version: draft-16
  info: Subscribe correctly returned error: Session closed
  ...
W1007 01:04:04.767494     1 MoQSession.cpp:6174] Issuing request that will fail; nextRequestID_=0 peerMaxRequestID_=0 sess=0x55e9da8dfe30
W1007 01:04:04.934343     1 MoQSession.cpp:6174] Issuing request that will fail; nextRequestID_=0 peerMaxRequestID_=0 sess=0x55e9da909ab0
E1007 01:04:04.985077     1 MoQCodec.cpp:126] Conn error=3
E1007 01:04:04.985106     1 MoQSession.cpp:5954] MoQCodec control stream parse error err=3
not ok 4 - announce-subscribe
  ---
  duration_ms: 402
  negotiated_version: draft-16
  error: Subscribe failed: Session closed
  ...
W1007 01:04:05.093312     1 MoQSession.cpp:6174] Issuing request that will fail; nextRequestID_=0 peerMaxRequestID_=0 sess=0x55e9da8df4b0
ok 5 - publish-namespace-done
  ---
  duration_ms: 158
  negotiated_version: draft-16
  info: PUBLISH_NAMESPACE_OK received, PUBLISH_NAMESPACE_DONE sent
  ...
W1007 01:04:05.255077     1 MoQSession.cpp:6174] Issuing request that will fail; nextRequestID_=0 peerMaxRequestID_=0 sess=0x55e9da934310
E1007 01:04:05.306085     1 MoQCodec.cpp:126] Conn error=3
E1007 01:04:05.306118     1 MoQSession.cpp:5954] MoQCodec control stream parse error err=3
W1007 01:04:05.942996     1 MoQSession.cpp:6174] Issuing request that will fail; nextRequestID_=0 peerMaxRequestID_=0 sess=0x55e9da915660
ok 6 - subscribe-before-announce
  ---
  duration_ms: 850
  negotiated_version: draft-16
  info: Subscribe returned error (relay doesn't buffer pending subscriptions): Session closed
  ...
make[1]: *** [Makefile:122: test-external] Error 1
make[1]: Leaving directory '/home/runner/work/moq-interop-runner/moq-interop-runner/main'
