make[1]: Entering directory '/home/runner/work/moq-interop-runner/moq-interop-runner/main'
Running tests against https://fb.mvfst.net:9448/moq-relay...
  Client: ghcr.io/englishm/moq-interop-runner-moq-test-client-draft-18:latest
docker run --rm \
	 \
	--network host \
	-e RELAY_URL=https://fb.mvfst.net:9448/moq-relay \
	-e TLS_DISABLE_VERIFY=1 \
	ghcr.io/englishm/moq-interop-runner-moq-test-client-draft-18:latest
TAP version 14
# moq-test-client v0.1.12
# Relay: https://fb.mvfst.net:9448/moq-relay
1..9
[2m2026-09-10T00:47:02.972626Z[0m [32m INFO[0m [2mmoq_native_ietf::quic[0m[2m:[0m UDP socket bound [3mbind[0m[2m=[0m[::]:0 [3mlocal[0m[2m=[0m[::]:42078 [3mdual_stack[0m[2m=[0mtrue
[2m2026-09-10T00:47:03.131777Z[0m [32m INFO[0m [2mmoq_test_client::scenarios[0m[2m:[0m SETUP exchange completed successfully
ok 1 - setup-only
  ---
  duration_ms: 160
  connection_id: e7dd22a01ab75a2174a6cf5a4fb26bf8
  ...
[2m2026-09-10T00:47:03.132643Z[0m [32m INFO[0m [2mmoq_native_ietf::quic[0m[2m:[0m UDP socket bound [3mbind[0m[2m=[0m[::]:0 [3mlocal[0m[2m=[0m[::]:49917 [3mdual_stack[0m[2m=[0mtrue
[2m2026-09-10T00:47:03.153784Z[0m [33m WARN[0m [2mweb_transport_quinn::session[0m[2m:[0m failed to read capsule [3me[0m[2m=[0mUnexpectedEnd
[2m2026-09-10T00:47:03.223087Z[0m [32m INFO[0m [2mmoq_test_client::scenarios[0m[2m:[0m Sending PUBLISH_NAMESPACE for: moq-test/interop
[2m2026-09-10T00:47:05.224324Z[0m [32m INFO[0m [2mmoq_test_client::scenarios[0m[2m:[0m PUBLISH_NAMESPACE succeeded (REQUEST_OK received, waiting for subscribers)
ok 2 - publish-namespace-only
  ---
  duration_ms: 2092
  connection_id: 91630145d74b2633431935759f613b85
  ...
[2m2026-09-10T00:47:05.225351Z[0m [32m INFO[0m [2mmoq_native_ietf::quic[0m[2m:[0m UDP socket bound [3mbind[0m[2m=[0m[::]:0 [3mlocal[0m[2m=[0m[::]:38413 [3mdual_stack[0m[2m=[0mtrue
[2m2026-09-10T00:47:05.250762Z[0m [33m WARN[0m [2mweb_transport_quinn::session[0m[2m:[0m failed to read capsule [3me[0m[2m=[0mUnexpectedEnd
[2m2026-09-10T00:47:05.490053Z[0m [32m INFO[0m [2mmoq_test_client::scenarios[0m[2m:[0m Subscribing to non-existent track: nonexistent/namespace/test-track
[2m2026-09-10T00:47:05.517980Z[0m [33m WARN[0m [2mmoq_transport::serve::error[0m[2m:[0m [de0c24ac-b7d8-4140-a123-50b1bcbbb95e] Not found: no such namespace or track at moq-transport/src/session/subscriber.rs:1653
[2m2026-09-10T00:47:05.518117Z[0m [32m INFO[0m [2mmoq_test_client::scenarios[0m[2m:[0m Got expected 'not found' error: not found: Track not found [error:de0c24ac-b7d8-4140-a123-50b1bcbbb95e]
ok 3 - subscribe-error
  ---
  duration_ms: 293
  connection_id: 0f84f26d4e360a794ac1d9d7f3c59566
  ...
[2m2026-09-10T00:47:05.518994Z[0m [32m INFO[0m [2mmoq_native_ietf::quic[0m[2m:[0m UDP socket bound [3mbind[0m[2m=[0m[::]:0 [3mlocal[0m[2m=[0m[::]:40469 [3mdual_stack[0m[2m=[0mtrue
[2m2026-09-10T00:47:05.544639Z[0m [33m WARN[0m [2mweb_transport_quinn::session[0m[2m:[0m failed to read capsule [3me[0m[2m=[0mUnexpectedEnd
[2m2026-09-10T00:47:05.575814Z[0m [32m INFO[0m [2mmoq_native_ietf::quic[0m[2m:[0m UDP socket bound [3mbind[0m[2m=[0m[::]:0 [3mlocal[0m[2m=[0m[::]:36911 [3mdual_stack[0m[2m=[0mtrue
[2m2026-09-10T00:47:05.731010Z[0m [32m INFO[0m [2mmoq_test_client::scenarios[0m[2m:[0m Publisher sending PUBLISH_NAMESPACE: moq-test/interop
[2m2026-09-10T00:47:05.731026Z[0m [32m INFO[0m [2mmoq_test_client::scenarios[0m[2m:[0m Subscriber subscribing to track: moq-test/interop/test-track
[2m2026-09-10T00:47:05.753820Z[0m [33m WARN[0m [2mmoq_transport::serve::error[0m[2m:[0m [dafa3060-1eb6-4790-8f32-b9aea1f46c36] Not found: no such namespace or track at moq-transport/src/session/subscriber.rs:1653
[2m2026-09-10T00:47:05.754006Z[0m [32m INFO[0m [2mmoq_test_client::scenarios[0m[2m:[0m Subscriber got error: not found: Track not found [error:dafa3060-1eb6-4790-8f32-b9aea1f46c36] - subscription was processed
ok 4 - publish-namespace-subscribe
  ---
  duration_ms: 235
  publisher_connection_id: a5b38225e22ce54f63a6f28a7ebec2ab
  subscriber_connection_id: a6c9c17e0a8791e6bb9b8b58862bdcdc
  ...
[2m2026-09-10T00:47:05.754861Z[0m [32m INFO[0m [2mmoq_native_ietf::quic[0m[2m:[0m UDP socket bound [3mbind[0m[2m=[0m[::]:0 [3mlocal[0m[2m=[0m[::]:36804 [3mdual_stack[0m[2m=[0mtrue
[2m2026-09-10T00:47:05.774661Z[0m [33m WARN[0m [2mweb_transport_quinn::session[0m[2m:[0m failed to read capsule [3me[0m[2m=[0mUnexpectedEnd
[2m2026-09-10T00:47:05.776145Z[0m [33m WARN[0m [2mweb_transport_quinn::session[0m[2m:[0m failed to read capsule [3me[0m[2m=[0mUnexpectedEnd
[2m2026-09-10T00:47:05.869725Z[0m [32m INFO[0m [2mmoq_test_client::scenarios[0m[2m:[0m Subscriber subscribing BEFORE PUBLISH_NAMESPACE: moq-test/interop/test-track
[2m2026-09-10T00:47:05.892152Z[0m [33m WARN[0m [2mmoq_transport::serve::error[0m[2m:[0m [963688f2-0e81-4bc2-8c5e-3dd4f16dfe86] Not found: no such namespace or track at moq-transport/src/session/subscriber.rs:1653
[2m2026-09-10T00:47:05.912453Z[0m [33m WARN[0m [2mweb_transport_quinn::session[0m[2m:[0m failed to read capsule [3me[0m[2m=[0mUnexpectedEnd
[2m2026-09-10T00:47:06.371611Z[0m [32m INFO[0m [2mmoq_native_ietf::quic[0m[2m:[0m UDP socket bound [3mbind[0m[2m=[0m[::]:0 [3mlocal[0m[2m=[0m[::]:40828 [3mdual_stack[0m[2m=[0mtrue
[2m2026-09-10T00:47:06.432436Z[0m [32m INFO[0m [2mmoq_test_client::scenarios[0m[2m:[0m Publisher sending PUBLISH_NAMESPACE (after subscriber): moq-test/interop
[2m2026-09-10T00:47:09.434546Z[0m [32m INFO[0m [2mmoq_test_client::scenarios[0m[2m:[0m Publisher PUBLISH_NAMESPACE timeout (expected)
[2m2026-09-10T00:47:09.434572Z[0m [32m INFO[0m [2mmoq_test_client::scenarios[0m[2m:[0m Subscriber got error: not found: Track not found [error:963688f2-0e81-4bc2-8c5e-3dd4f16dfe86] (may be expected)
ok 5 - subscribe-before-publish-namespace
  ---
  duration_ms: 3680
  subscriber_connection_id: bbeaaebcb09ec6f71687608774ea0515
  publisher_connection_id: 80b4196649165708b0eb29106bc12296
  ...
[2m2026-09-10T00:47:09.435549Z[0m [32m INFO[0m [2mmoq_native_ietf::quic[0m[2m:[0m UDP socket bound [3mbind[0m[2m=[0m[::]:0 [3mlocal[0m[2m=[0m[::]:44984 [3mdual_stack[0m[2m=[0mtrue
[2m2026-09-10T00:47:09.457318Z[0m [33m WARN[0m [2mweb_transport_quinn::session[0m[2m:[0m failed to read capsule [3me[0m[2m=[0mUnexpectedEnd
[2m2026-09-10T00:47:09.506023Z[0m [32m INFO[0m [2mmoq_test_client::scenarios[0m[2m:[0m Sending PUBLISH_NAMESPACE: moq-test/interop
[2m2026-09-10T00:47:11.507139Z[0m [32m INFO[0m [2mmoq_test_client::scenarios[0m[2m:[0m PUBLISH_NAMESPACE active; sending PUBLISH_NAMESPACE_DONE
[2m2026-09-10T00:47:11.607762Z[0m [32m INFO[0m [2mmoq_test_client::scenarios[0m[2m:[0m PUBLISH_NAMESPACE_DONE sent successfully
ok 6 - publish-namespace-done
  ---
  duration_ms: 2173
  connection_id: ed3651449460927325fb7ca3393562cb
  ...
[2m2026-09-10T00:47:11.608618Z[0m [32m INFO[0m [2mmoq_native_ietf::quic[0m[2m:[0m UDP socket bound [3mbind[0m[2m=[0m[::]:0 [3mlocal[0m[2m=[0m[::]:53897 [3mdual_stack[0m[2m=[0mtrue
[2m2026-09-10T00:47:11.633575Z[0m [33m WARN[0m [2mweb_transport_quinn::session[0m[2m:[0m failed to read capsule [3me[0m[2m=[0mUnexpectedEnd
[2m2026-09-10T00:47:11.670181Z[0m [32m INFO[0m [2mmoq_test_client::scenarios[0m[2m:[0m Publisher sending direct PUBLISH [3mnamespace[0m[2m=[0m/moq-test/publish [3mtrack[0m[2m=[0m"published-track"
[2m2026-09-10T00:47:11.694162Z[0m [32m INFO[0m [2mmoq_test_client::scenarios[0m[2m:[0m PUBLISH accepted [3mnamespace[0m[2m=[0m/moq-test/publish [3mtrack[0m[2m=[0m"published-track"
ok 7 - publish-track-only
  ---
  duration_ms: 86
  connection_id: 7f88fa87405440bb6ea3448f69c4526b
  ...
[2m2026-09-10T00:47:11.694216Z[0m [32m INFO[0m [2mmoq_test_client::scenarios[0m[2m:[0m PUBLISH completed [3mnamespace[0m[2m=[0m/moq-test/publish [3mtrack[0m[2m=[0m"published-track"
[2m2026-09-10T00:47:11.695021Z[0m [32m INFO[0m [2mmoq_native_ietf::quic[0m[2m:[0m UDP socket bound [3mbind[0m[2m=[0m[::]:0 [3mlocal[0m[2m=[0m[::]:49984 [3mdual_stack[0m[2m=[0mtrue
[2m2026-09-10T00:47:11.717542Z[0m [33m WARN[0m [2mweb_transport_quinn::session[0m[2m:[0m failed to read capsule [3me[0m[2m=[0mUnexpectedEnd
[2m2026-09-10T00:47:11.795284Z[0m [32m INFO[0m [2mmoq_native_ietf::quic[0m[2m:[0m UDP socket bound [3mbind[0m[2m=[0m[::]:0 [3mlocal[0m[2m=[0m[::]:44100 [3mdual_stack[0m[2m=[0mtrue
[2m2026-09-10T00:47:12.055911Z[0m [32m INFO[0m [2mmoq_test_client::scenarios[0m[2m:[0m Publisher sending direct PUBLISH before subscriber subscribes [3mnamespace[0m[2m=[0m/moq-test/publish [3mtrack[0m[2m=[0m"published-track"
[2m2026-09-10T00:47:12.083009Z[0m [32m INFO[0m [2mmoq_test_client::scenarios[0m[2m:[0m PUBLISH accepted; starting subscriber [3mnamespace[0m[2m=[0m/moq-test/publish [3mtrack[0m[2m=[0m"published-track"
[2m2026-09-10T00:47:12.109083Z[0m [33m WARN[0m [2mmoq_transport::session[0m[2m:[0m unexpected bidi response message type [3mmsg_type[0m[2m=[0m2
[2m2026-09-10T00:47:12.109107Z[0m [33m WARN[0m [2mmoq_transport::serve::error[0m[2m:[0m [e2079305-daba-416c-9d59-c187a70987f8] Not implemented: bidi response type 0x2 at moq-transport/src/session/error.rs:89
not ok 8 - publish-track-subscribe
  ---
  duration_ms: 490
  message: "failed serving PUBLISH track: serve error: cancelled: cancelled"
  ...
[2m2026-09-10T00:47:12.185372Z[0m [32m INFO[0m [2mmoq_native_ietf::quic[0m[2m:[0m UDP socket bound [3mbind[0m[2m=[0m[::]:0 [3mlocal[0m[2m=[0m[::]:48854 [3mdual_stack[0m[2m=[0mtrue
[2m2026-09-10T00:47:12.207278Z[0m [33m WARN[0m [2mweb_transport_quinn::session[0m[2m:[0m failed to read capsule [3me[0m[2m=[0mUnexpectedEnd
[2m2026-09-10T00:47:12.211346Z[0m [33m WARN[0m [2mweb_transport_quinn::session[0m[2m:[0m failed to read capsule [3me[0m[2m=[0mUnexpectedEnd
[2m2026-09-10T00:47:12.299291Z[0m [32m INFO[0m [2mmoq_test_client::scenarios[0m[2m:[0m Subscribing with RENDEZVOUS_TIMEOUT to a track with no publisher [3mtimeout_ms[0m[2m=[0m500
[2m2026-09-10T00:47:12.821624Z[0m [32m INFO[0m [2mmoq_test_client::scenarios[0m[2m:[0m Received expected REQUEST_ERROR TIMEOUT
ok 9 - rendezvous-timeout
  ---
  duration_ms: 637
  connection_id: 03f1acb66497cb2f823af5d01903b7da
  ...
make[1]: *** [Makefile:122: test-external] Error 1
make[1]: Leaving directory '/home/runner/work/moq-interop-runner/moq-interop-runner/main'
