make[1]: Entering directory '/home/runner/work/moq-interop-runner/moq-interop-runner/main'
Running tests against moqt://34-72-6-160.sslip.io:443...
  Client: ghcr.io/englishm/moq-interop-runner-moq-test-client-draft-14:latest
docker run --rm \
	 \
	--network host \
	-e RELAY_URL=moqt://34-72-6-160.sslip.io:443 \
	-e TLS_DISABLE_VERIFY=false \
	ghcr.io/englishm/moq-interop-runner-moq-test-client-draft-14:latest
TAP version 14
# moq-test-client v0.1.7
# Relay: moqt://34-72-6-160.sslip.io:443
1..6
[2m2026-09-10T01:39:44.969481Z[0m [32m INFO[0m [2mmoq_native_ietf::quic[0m[2m:[0m UDP socket bound [3mbind[0m[2m=[0m[::]:0 [3mlocal[0m[2m=[0m[::]:43410 [3mdual_stack[0m[2m=[0mtrue
[2m2026-09-10T01:39:45.127547Z[0m [32m INFO[0m [2mmoq_test_client::scenarios[0m[2m:[0m SETUP exchange completed successfully
ok 1 - setup-only
  ---
  duration_ms: 159
  connection_id: c97f6f64d5055fb4b42acf8091825dbd
  ...
[2m2026-09-10T01:39:45.128413Z[0m [32m INFO[0m [2mmoq_native_ietf::quic[0m[2m:[0m UDP socket bound [3mbind[0m[2m=[0m[::]:0 [3mlocal[0m[2m=[0m[::]:59263 [3mdual_stack[0m[2m=[0mtrue
[2m2026-09-10T01:39:45.176049Z[0m [32m INFO[0m [2mmoq_test_client::scenarios[0m[2m:[0m Announcing namespace: moq-test/interop
[2m2026-09-10T01:39:45.176094Z[0m [33m WARN[0m [2mmoq_transport::serve::error[0m[2m:[0m [268b59a6-ecf6-4402-94e6-3ff1026775a1] Not implemented: SUBSCRIBE_NAMESPACE at moq-transport/src/session/error.rs:77
[2m2026-09-10T01:39:45.176102Z[0m [33m WARN[0m [2mmoq_transport::session::publisher[0m[2m:[0m failed to process message: serve error: not implemented: Feature not implemented [error:268b59a6-ecf6-4402-94e6-3ff1026775a1]
[2m2026-09-10T01:39:45.176111Z[0m [33m WARN[0m [2mmoq_transport::serve::error[0m[2m:[0m [e0411fd5-fe5d-474c-ac21-c144446f3d9f] Not implemented: SUBSCRIBE_NAMESPACE at moq-transport/src/session/error.rs:77
[2m2026-09-10T01:39:45.176114Z[0m [33m WARN[0m [2mmoq_transport::session::publisher[0m[2m:[0m failed to process message: serve error: not implemented: Feature not implemented [error:e0411fd5-fe5d-474c-ac21-c144446f3d9f]
[2m2026-09-10T01:39:47.176756Z[0m [32m INFO[0m [2mmoq_test_client::scenarios[0m[2m:[0m Announce succeeded (no error received, waiting for subscriptions timed out)
ok 2 - announce-only
  ---
  duration_ms: 2049
  connection_id: cf28be0ea28198c49a3a8e5258c137b9
  ...
[2m2026-09-10T01:39:47.177582Z[0m [32m INFO[0m [2mmoq_native_ietf::quic[0m[2m:[0m UDP socket bound [3mbind[0m[2m=[0m[::]:0 [3mlocal[0m[2m=[0m[::]:56373 [3mdual_stack[0m[2m=[0mtrue
[2m2026-09-10T01:39:47.223116Z[0m [32m INFO[0m [2mmoq_test_client::scenarios[0m[2m:[0m Subscribing to non-existent track: nonexistent/namespace/test-track
[2m2026-09-10T01:39:47.223179Z[0m [33m WARN[0m [2mmoq_transport::serve::error[0m[2m:[0m [35d66129-fca3-40e7-844f-012251fae222] Not implemented: SUBSCRIBE_NAMESPACE at moq-transport/src/session/error.rs:77
[2m2026-09-10T01:39:47.223185Z[0m [33m WARN[0m [2mmoq_transport::session::publisher[0m[2m:[0m failed to process message: serve error: not implemented: Feature not implemented [error:35d66129-fca3-40e7-844f-012251fae222]
[2m2026-09-10T01:39:47.223194Z[0m [33m WARN[0m [2mmoq_transport::serve::error[0m[2m:[0m [d616e5de-94b5-4a3f-89f1-f31099c542ed] Not implemented: SUBSCRIBE_NAMESPACE at moq-transport/src/session/error.rs:77
[2m2026-09-10T01:39:47.223197Z[0m [33m WARN[0m [2mmoq_transport::session::publisher[0m[2m:[0m failed to process message: serve error: not implemented: Feature not implemented [error:d616e5de-94b5-4a3f-89f1-f31099c542ed]
[2m2026-09-10T01:39:47.242458Z[0m [33m WARN[0m [2mmoq_test_client::scenarios[0m[2m:[0m Got error but not clearly 'not found': closed, code=404. This may indicate a different error type than expected.
ok 3 - subscribe-error
  ---
  duration_ms: 65
  connection_id: 8ea62e6a34cfc589e50bf14ffa5a990b
  ...
[2m2026-09-10T01:39:47.243367Z[0m [32m INFO[0m [2mmoq_native_ietf::quic[0m[2m:[0m UDP socket bound [3mbind[0m[2m=[0m[::]:0 [3mlocal[0m[2m=[0m[::]:50891 [3mdual_stack[0m[2m=[0mtrue
[2m2026-09-10T01:39:47.288698Z[0m [32m INFO[0m [2mmoq_native_ietf::quic[0m[2m:[0m UDP socket bound [3mbind[0m[2m=[0m[::]:0 [3mlocal[0m[2m=[0m[::]:51165 [3mdual_stack[0m[2m=[0mtrue
[2m2026-09-10T01:39:47.323992Z[0m [32m INFO[0m [2mmoq_test_client::scenarios[0m[2m:[0m Publisher announcing namespace: moq-test/interop
[2m2026-09-10T01:39:47.324008Z[0m [32m INFO[0m [2mmoq_test_client::scenarios[0m[2m:[0m Subscriber subscribing to track: moq-test/interop/test-track
[2m2026-09-10T01:39:47.324024Z[0m [33m WARN[0m [2mmoq_transport::serve::error[0m[2m:[0m [f6d89e3e-0fee-4369-b568-e75e25a51662] Not implemented: SUBSCRIBE_NAMESPACE at moq-transport/src/session/error.rs:77
[2m2026-09-10T01:39:47.324028Z[0m [33m WARN[0m [2mmoq_transport::session::publisher[0m[2m:[0m failed to process message: serve error: not implemented: Feature not implemented [error:f6d89e3e-0fee-4369-b568-e75e25a51662]
[2m2026-09-10T01:39:47.324038Z[0m [33m WARN[0m [2mmoq_transport::serve::error[0m[2m:[0m [1e368cdc-e277-4a96-82d2-7e13484cef3a] Not implemented: SUBSCRIBE_NAMESPACE at moq-transport/src/session/error.rs:77
[2m2026-09-10T01:39:47.324041Z[0m [33m WARN[0m [2mmoq_transport::session::publisher[0m[2m:[0m failed to process message: serve error: not implemented: Feature not implemented [error:1e368cdc-e277-4a96-82d2-7e13484cef3a]
[2m2026-09-10T01:39:47.324060Z[0m [33m WARN[0m [2mmoq_transport::serve::error[0m[2m:[0m [07a08e7c-077f-4cb1-8633-71a0bff90ebf] Not implemented: SUBSCRIBE_NAMESPACE at moq-transport/src/session/error.rs:77
[2m2026-09-10T01:39:47.324064Z[0m [33m WARN[0m [2mmoq_transport::session::publisher[0m[2m:[0m failed to process message: serve error: not implemented: Feature not implemented [error:07a08e7c-077f-4cb1-8633-71a0bff90ebf]
[2m2026-09-10T01:39:47.324069Z[0m [33m WARN[0m [2mmoq_transport::serve::error[0m[2m:[0m [2effb0f5-e53c-47f9-a2d9-7da71ac96066] Not implemented: SUBSCRIBE_NAMESPACE at moq-transport/src/session/error.rs:77
[2m2026-09-10T01:39:47.324074Z[0m [33m WARN[0m [2mmoq_transport::session::publisher[0m[2m:[0m failed to process message: serve error: not implemented: Feature not implemented [error:2effb0f5-e53c-47f9-a2d9-7da71ac96066]
[2m2026-09-10T01:39:47.661527Z[0m [32m INFO[0m [2mmoq_test_client::scenarios[0m[2m:[0m Subscriber got error: closed, code=404 - subscription was processed
ok 4 - announce-subscribe
  ---
  duration_ms: 419
  publisher_connection_id: 046e09a32e776385343c5086f73f729c
  subscriber_connection_id: 6a0244a658e6d9bb89ef6cdfc4ae3523
  ...
[2m2026-09-10T01:39:47.662413Z[0m [32m INFO[0m [2mmoq_native_ietf::quic[0m[2m:[0m UDP socket bound [3mbind[0m[2m=[0m[::]:0 [3mlocal[0m[2m=[0m[::]:47212 [3mdual_stack[0m[2m=[0mtrue
[2m2026-09-10T01:39:47.697054Z[0m [32m INFO[0m [2mmoq_test_client::scenarios[0m[2m:[0m Subscriber subscribing BEFORE announce: moq-test/interop/test-track
[2m2026-09-10T01:39:47.697129Z[0m [33m WARN[0m [2mmoq_transport::serve::error[0m[2m:[0m [dda8c05b-b98c-4cea-97f0-c6c2a784e37e] Not implemented: SUBSCRIBE_NAMESPACE at moq-transport/src/session/error.rs:77
[2m2026-09-10T01:39:47.697143Z[0m [33m WARN[0m [2mmoq_transport::session::publisher[0m[2m:[0m failed to process message: serve error: not implemented: Feature not implemented [error:dda8c05b-b98c-4cea-97f0-c6c2a784e37e]
[2m2026-09-10T01:39:47.697152Z[0m [33m WARN[0m [2mmoq_transport::serve::error[0m[2m:[0m [0aecce37-72a5-4dbc-95e2-b34100147567] Not implemented: SUBSCRIBE_NAMESPACE at moq-transport/src/session/error.rs:77
[2m2026-09-10T01:39:47.697155Z[0m [33m WARN[0m [2mmoq_transport::session::publisher[0m[2m:[0m failed to process message: serve error: not implemented: Feature not implemented [error:0aecce37-72a5-4dbc-95e2-b34100147567]
[2m2026-09-10T01:39:48.198735Z[0m [32m INFO[0m [2mmoq_native_ietf::quic[0m[2m:[0m UDP socket bound [3mbind[0m[2m=[0m[::]:0 [3mlocal[0m[2m=[0m[::]:34951 [3mdual_stack[0m[2m=[0mtrue
[2m2026-09-10T01:39:48.361057Z[0m [32m INFO[0m [2mmoq_test_client::scenarios[0m[2m:[0m Publisher announcing namespace (after subscriber): moq-test/interop
[2m2026-09-10T01:39:48.361145Z[0m [33m WARN[0m [2mmoq_transport::serve::error[0m[2m:[0m [2250e7eb-94f3-4532-accb-02ea76b9ffeb] Not implemented: SUBSCRIBE_NAMESPACE at moq-transport/src/session/error.rs:77
[2m2026-09-10T01:39:48.361154Z[0m [33m WARN[0m [2mmoq_transport::session::publisher[0m[2m:[0m failed to process message: serve error: not implemented: Feature not implemented [error:2250e7eb-94f3-4532-accb-02ea76b9ffeb]
[2m2026-09-10T01:39:48.361164Z[0m [33m WARN[0m [2mmoq_transport::serve::error[0m[2m:[0m [9c4b5d20-9620-4898-8340-94b9c147744f] Not implemented: SUBSCRIBE_NAMESPACE at moq-transport/src/session/error.rs:77
[2m2026-09-10T01:39:48.361167Z[0m [33m WARN[0m [2mmoq_transport::session::publisher[0m[2m:[0m failed to process message: serve error: not implemented: Feature not implemented [error:9c4b5d20-9620-4898-8340-94b9c147744f]
[2m2026-09-10T01:39:51.362155Z[0m [32m INFO[0m [2mmoq_test_client::scenarios[0m[2m:[0m Publisher announce timeout (expected)
[2m2026-09-10T01:39:52.363138Z[0m [32m INFO[0m [2mmoq_test_client::scenarios[0m[2m:[0m Subscriber still waiting (test complete)
ok 5 - subscribe-before-announce
  ---
  duration_ms: 4701
  subscriber_connection_id: c6987759b5b2b95cc549e826e9f78185
  publisher_connection_id: c510c249aa6d680bfe55f40cc83e3dd0
  ...
[2m2026-09-10T01:39:52.364021Z[0m [32m INFO[0m [2mmoq_native_ietf::quic[0m[2m:[0m UDP socket bound [3mbind[0m[2m=[0m[::]:0 [3mlocal[0m[2m=[0m[::]:46195 [3mdual_stack[0m[2m=[0mtrue
[2m2026-09-10T01:39:52.418818Z[0m [32m INFO[0m [2mmoq_test_client::scenarios[0m[2m:[0m Announcing namespace: moq-test/interop
[2m2026-09-10T01:39:52.418922Z[0m [33m WARN[0m [2mmoq_transport::serve::error[0m[2m:[0m [c1cb24b2-1707-4abd-a79b-cc620fa417e1] Not implemented: SUBSCRIBE_NAMESPACE at moq-transport/src/session/error.rs:77
[2m2026-09-10T01:39:52.418936Z[0m [33m WARN[0m [2mmoq_transport::session::publisher[0m[2m:[0m failed to process message: serve error: not implemented: Feature not implemented [error:c1cb24b2-1707-4abd-a79b-cc620fa417e1]
[2m2026-09-10T01:39:52.418944Z[0m [33m WARN[0m [2mmoq_transport::serve::error[0m[2m:[0m [f6c4fdc6-a56b-4d32-9b3d-25cebb15ea46] Not implemented: SUBSCRIBE_NAMESPACE at moq-transport/src/session/error.rs:77
[2m2026-09-10T01:39:52.418947Z[0m [33m WARN[0m [2mmoq_transport::session::publisher[0m[2m:[0m failed to process message: serve error: not implemented: Feature not implemented [error:f6c4fdc6-a56b-4d32-9b3d-25cebb15ea46]
[2m2026-09-10T01:39:54.419561Z[0m [32m INFO[0m [2mmoq_test_client::scenarios[0m[2m:[0m Announce active, now sending PUBLISH_NAMESPACE_DONE
[2m2026-09-10T01:39:54.521345Z[0m [32m INFO[0m [2mmoq_test_client::scenarios[0m[2m:[0m PUBLISH_NAMESPACE_DONE sent successfully
ok 6 - publish-namespace-done
  ---
  duration_ms: 2158
  connection_id: a0b6cd61a7403de552e0a8d2d41f01a9
  ...
make[1]: Leaving directory '/home/runner/work/moq-interop-runner/moq-interop-runner/main'
