make[1]: Entering directory '/home/runner/work/moq-interop-runner/moq-interop-runner/main'
Running tests against moqt://us-west-2.relay.quicr.org:33437...
  Client: ghcr.io/openmoq/moqx-interop-client:latest
docker run --rm \
	 \
	--network host \
	-e RELAY_URL=moqt://us-west-2.relay.quicr.org:33437 \
	-e TLS_DISABLE_VERIFY=1 \
	ghcr.io/openmoq/moqx-interop-client:latest
TAP version 14
# moxygen interop test client
# Relay: moqt://us-west-2.relay.quicr.org:33437
# Transport: QUIC
# Offered ALPNs: moqt-18, moqt-16, moqt-15, moq-00
1..6
ok 1 - setup-only
  ---
  duration_ms: 132
  negotiated_version: draft-16
  info: SETUP exchange completed successfully
  ...
W0910 01:41:04.383666     1 MoQSession.cpp:6060] Issuing request that will fail; nextRequestID_=0 peerMaxRequestID_=0 sess=0x561a14956820
E0910 01:41:04.448388     1 MoQRelaySession.cpp:1116] PublishNamespaceDone for unknown publishNamespace, sess=0x561a14956820
ok 2 - announce-only
  ---
  duration_ms: 198
  negotiated_version: draft-16
  info: PUBLISH_NAMESPACE completed successfully
  ...
W0910 01:41:04.642331     1 MoQSession.cpp:6060] Issuing request that will fail; nextRequestID_=0 peerMaxRequestID_=0 sess=0x561a14977aa0
E0910 01:41:04.712014     1 MoQCodec.cpp:126] Conn error=3
E0910 01:41:04.712038     1 MoQSession.cpp:5845] MoQCodec control stream parse error err=3
ok 3 - subscribe-error
  ---
  duration_ms: 263
  negotiated_version: draft-16
  info: Subscribe correctly returned error: Session closed
  ...
W0910 01:41:04.850475     1 MoQSession.cpp:6060] Issuing request that will fail; nextRequestID_=0 peerMaxRequestID_=0 sess=0x561a14932530
W0910 01:41:05.235821     1 MoQSession.cpp:6060] Issuing request that will fail; nextRequestID_=0 peerMaxRequestID_=0 sess=0x561a1493d590
E0910 01:41:05.300340     1 MoQCodec.cpp:126] Conn error=3
E0910 01:41:05.300367     1 MoQSession.cpp:5845] MoQCodec control stream parse error err=3
not ok 4 - announce-subscribe
  ---
  duration_ms: 588
  negotiated_version: draft-16
  error: Subscribe failed: Session closed
  ...
W0910 01:41:05.579190     1 MoQSession.cpp:6060] Issuing request that will fail; nextRequestID_=0 peerMaxRequestID_=0 sess=0x561a14932eb0
ok 5 - publish-namespace-done
  ---
  duration_ms: 342
  negotiated_version: draft-16
  info: PUBLISH_NAMESPACE_OK received, PUBLISH_NAMESPACE_DONE sent
  ...
W0910 01:41:05.775914     1 MoQSession.cpp:6060] Issuing request that will fail; nextRequestID_=0 peerMaxRequestID_=0 sess=0x561a149873c0
E0910 01:41:05.840012     1 MoQCodec.cpp:126] Conn error=3
E0910 01:41:05.840035     1 MoQSession.cpp:5845] MoQCodec control stream parse error err=3
W0910 01:41:06.414543     1 MoQSession.cpp:6060] Issuing request that will fail; nextRequestID_=0 peerMaxRequestID_=0 sess=0x561a149618a0
ok 6 - subscribe-before-announce
  ---
  duration_ms: 838
  negotiated_version: draft-16
  info: Subscribe returned error (relay doesn't buffer pending subscriptions): Session closed
  ...
make[1]: *** [Makefile:122: test-external] Error 1
make[1]: Leaving directory '/home/runner/work/moq-interop-runner/moq-interop-runner/main'
