make[1]: Entering directory '/home/runner/work/moq-interop-runner/moq-interop-runner/main'
Running tests against moqt://34-72-6-160.sslip.io:443...
  Client: ghcr.io/gmarzot/aiomoqt:latest
docker run --rm \
	 \
	--network host \
	-e RELAY_URL=moqt://34-72-6-160.sslip.io:443 \
	-e TLS_DISABLE_VERIFY=false \
	ghcr.io/gmarzot/aiomoqt:latest
  [PASS] setup-only: SERVER_SETUP received with compatible version
WARNING aiopquic.quic.connection: connection closed (app): error=16
2026-08-29 00:28:23.264 ERROR: QUIC error: code: 16 reason: ConnectionTerminated
2026-08-29 00:28:23.264 ERROR: MOQT error: closing: ConnectionTerminated (16)
  [FAIL] announce-only: Failed: TimeoutError
WARNING aiopquic.quic.connection: connection closed (app): error=16
2026-08-29 00:28:28.273 ERROR: QUIC error: code: 16 reason: ConnectionTerminated
2026-08-29 00:28:28.273 ERROR: MOQT error: closing: ConnectionTerminated (16)
  [FAIL] publish-namespace-done: Failed: TimeoutError
WARNING aiopquic.quic.connection: connection closed (app): error=16
2026-08-29 00:28:33.277 ERROR: QUIC error: code: 16 reason: ConnectionTerminated
2026-08-29 00:28:33.277 ERROR: MOQT error: closing: ConnectionTerminated (16)
  [FAIL] subscribe-error: Failed: TimeoutError
WARNING aiopquic.quic.connection: connection closed (app): error=16
2026-08-29 00:28:38.285 ERROR: QUIC error: code: 16 reason: ConnectionTerminated
2026-08-29 00:28:38.285 ERROR: MOQT error: closing: ConnectionTerminated (16)
  [FAIL] announce-subscribe: Failed: TimeoutError
WARNING aiopquic.quic.connection: connection closed (app): error=16
2026-08-29 00:28:48.298 ERROR: QUIC error: code: 16 reason: ConnectionTerminated
2026-08-29 00:28:48.298 ERROR: MOQT error: closing: ConnectionTerminated (16)
WARNING aiopquic.quic.connection: connection closed (app): error=16
2026-08-29 00:28:48.950 ERROR: QUIC error: code: 16 reason: ConnectionTerminated
2026-08-29 00:28:48.950 ERROR: MOQT error: closing: ConnectionTerminated (16)
  [FAIL] subscribe-before-announce: Failed: TimeoutError
TAP version 14
# date: 2026-08-29T00:28:22Z
# ended: 2026-08-29T00:28:55Z
# target: moqt://34-72-6-160.sslip.io:443
# version: aiomoqt/0.10.6
# note: preference probe pinned draft-16
1..6
ok 1 - setup-only
  ---
  duration_ms: 154.4
  connection_id: unknown
  message: SERVER_SETUP received with compatible version
  ...
not ok 2 - announce-only
  ---
  duration_ms: 5005.6
  message: Failed: TimeoutError
  expected: PUBLISH_NAMESPACE_OK
  received: TimeoutError
  ...
not ok 3 - publish-namespace-done
  ---
  duration_ms: 5005.6
  message: Failed: TimeoutError
  expected: PUBLISH_NAMESPACE_OK + PUBLISH_NAMESPACE_DONE
  received: TimeoutError
  ...
not ok 4 - subscribe-error
  ---
  duration_ms: 5005.3
  message: Failed: TimeoutError
  expected: error response
  received: TimeoutError
  ...
not ok 5 - announce-subscribe
  ---
  duration_ms: 10011.4
  publisher_connection_id: unknown
  subscriber_connection_id: unknown
  message: Failed: TimeoutError
  received: TimeoutError
  ...
not ok 6 - subscribe-before-announce
  ---
  duration_ms: 7007.1
  publisher_connection_id: unknown
  subscriber_connection_id: unknown
  message: Failed: TimeoutError
  received: TimeoutError
  ...
make[1]: *** [Makefile:122: test-external] Error 1
make[1]: Leaving directory '/home/runner/work/moq-interop-runner/moq-interop-runner/main'
