make[1]: Entering directory '/home/runner/work/moq-interop-runner/moq-interop-runner/main'
Running tests against moqt://moqx-main.ci.openmoq.org:4433...
  Client: ghcr.io/englishm/moq-interop-runner-moq-test-client-draft-18:latest
docker run --rm \
	 \
	--network host \
	-e RELAY_URL=moqt://moqx-main.ci.openmoq.org:4433 \
	-e TLS_DISABLE_VERIFY=false \
	ghcr.io/englishm/moq-interop-runner-moq-test-client-draft-18:latest
TAP version 14
# moq-test-client v0.1.12
# Relay: moqt://moqx-main.ci.openmoq.org:4433
1..8
[2m2026-08-29T00:44:27.885901Z[0m [32m INFO[0m [2mmoq_native_ietf::quic[0m[2m:[0m UDP socket bound [3mbind[0m[2m=[0m[::]:0 [3mlocal[0m[2m=[0m[::]:53667 [3mdual_stack[0m[2m=[0mtrue
ok 1 - setup-only
  ---
  duration_ms: 323
  connection_id: fe0436217cf610830e708420f6226eac
  ...
[2m2026-08-29T00:44:28.208380Z[0m [32m INFO[0m [2mmoq_test_client::scenarios[0m[2m:[0m SETUP exchange completed successfully
[2m2026-08-29T00:44:28.209482Z[0m [32m INFO[0m [2mmoq_native_ietf::quic[0m[2m:[0m UDP socket bound [3mbind[0m[2m=[0m[::]:0 [3mlocal[0m[2m=[0m[::]:48051 [3mdual_stack[0m[2m=[0mtrue
[2m2026-08-29T00:44:28.551887Z[0m [32m INFO[0m [2mmoq_test_client::scenarios[0m[2m:[0m Sending PUBLISH_NAMESPACE for: moq-test/interop
[2m2026-08-29T00:44:30.553848Z[0m [32m INFO[0m [2mmoq_test_client::scenarios[0m[2m:[0m PUBLISH_NAMESPACE succeeded (REQUEST_OK received, waiting for subscribers)
[2m2026-08-29T00:44:30.554974Z[0m [32m INFO[0m [2mmoq_native_ietf::quic[0m[2m:[0m UDP socket bound [3mbind[0m[2m=[0m[::]:0 [3mlocal[0m[2m=[0m[::]:36443 [3mdual_stack[0m[2m=[0mtrue
ok 2 - publish-namespace-only
  ---
  duration_ms: 2345
  connection_id: 2115012aeb1e1e19359ddc00164f377d
  ...
[2m2026-08-29T00:44:30.706407Z[0m [32m INFO[0m [2mmoq_test_client::scenarios[0m[2m:[0m Subscribing to non-existent track: nonexistent/namespace/test-track
[2m2026-08-29T00:44:30.755429Z[0m [33m WARN[0m [2mmoq_transport::serve::error[0m[2m:[0m [e95fce79-6683-496d-80e8-d27c976f05ba] Not found: no such namespace or track at moq-transport/src/session/subscriber.rs:1280
[2m2026-08-29T00:44:30.755453Z[0m [33m WARN[0m [2mmoq_transport::session::reader[0m[2m:[0m [READER] decode: stream ended while waiting for data (have=0 bytes, need=1)
[2m2026-08-29T00:44:30.755497Z[0m [32m INFO[0m [2mmoq_test_client::scenarios[0m[2m:[0m Got expected 'not found' error: not found: Track not found [error:e95fce79-6683-496d-80e8-d27c976f05ba]
ok 3 - subscribe-error
  ---
  duration_ms: 201
  connection_id: 08b1a792073ff701b4e0b43a02722ca2
  ...
[2m2026-08-29T00:44:30.756553Z[0m [32m INFO[0m [2mmoq_native_ietf::quic[0m[2m:[0m UDP socket bound [3mbind[0m[2m=[0m[::]:0 [3mlocal[0m[2m=[0m[::]:60454 [3mdual_stack[0m[2m=[0mtrue
[2m2026-08-29T00:44:31.070456Z[0m [32m INFO[0m [2mmoq_native_ietf::quic[0m[2m:[0m UDP socket bound [3mbind[0m[2m=[0m[::]:0 [3mlocal[0m[2m=[0m[::]:59240 [3mdual_stack[0m[2m=[0mtrue
[2m2026-08-29T00:44:31.226023Z[0m [32m INFO[0m [2mmoq_test_client::scenarios[0m[2m:[0m Publisher sending PUBLISH_NAMESPACE: moq-test/interop
[2m2026-08-29T00:44:31.226052Z[0m [32m INFO[0m [2mmoq_test_client::scenarios[0m[2m:[0m Subscriber subscribing to track: moq-test/interop/test-track
[2m2026-08-29T00:44:31.276884Z[0m [33m WARN[0m [2mmoq_transport::serve::error[0m[2m:[0m [5c790a2f-99bd-4d05-8c8f-d9e13593e60b] Not found: no such namespace or track at moq-transport/src/session/subscriber.rs:1280
[2m2026-08-29T00:44:31.276910Z[0m [33m WARN[0m [2mmoq_transport::session::reader[0m[2m:[0m [READER] decode: stream ended while waiting for data (have=0 bytes, need=1)
[2m2026-08-29T00:44:31.277153Z[0m [32m INFO[0m [2mmoq_test_client::scenarios[0m[2m:[0m Subscriber got error: not found: Track not found [error:5c790a2f-99bd-4d05-8c8f-d9e13593e60b] - subscription was processed
ok 4 - publish-namespace-subscribe
  ---
  duration_ms: 521
  publisher_connection_id: 6f15c5dd0b39b8d730f771d515fb0a11
  subscriber_connection_id: 58a493c5ce1ec3d86098bdfc0f853daf
  ...
[2m2026-08-29T00:44:31.278206Z[0m [32m INFO[0m [2mmoq_native_ietf::quic[0m[2m:[0m UDP socket bound [3mbind[0m[2m=[0m[::]:0 [3mlocal[0m[2m=[0m[::]:53919 [3mdual_stack[0m[2m=[0mtrue
[2m2026-08-29T00:44:31.331592Z[0m [32m INFO[0m [2mmoq_test_client::scenarios[0m[2m:[0m Subscriber subscribing BEFORE PUBLISH_NAMESPACE: moq-test/interop/test-track
[2m2026-08-29T00:44:31.380626Z[0m [33m WARN[0m [2mmoq_transport::serve::error[0m[2m:[0m [82f69ff0-4fab-4502-a44f-3714f70fd699] Not found: no such namespace or track at moq-transport/src/session/subscriber.rs:1280
[2m2026-08-29T00:44:31.380650Z[0m [33m WARN[0m [2mmoq_transport::session::reader[0m[2m:[0m [READER] decode: stream ended while waiting for data (have=0 bytes, need=1)
[2m2026-08-29T00:44:31.832861Z[0m [32m INFO[0m [2mmoq_native_ietf::quic[0m[2m:[0m UDP socket bound [3mbind[0m[2m=[0m[::]:0 [3mlocal[0m[2m=[0m[::]:51277 [3mdual_stack[0m[2m=[0mtrue
[2m2026-08-29T00:44:32.005957Z[0m [32m INFO[0m [2mmoq_test_client::scenarios[0m[2m:[0m Publisher sending PUBLISH_NAMESPACE (after subscriber): moq-test/interop
[2m2026-08-29T00:44:35.007016Z[0m [32m INFO[0m [2mmoq_test_client::scenarios[0m[2m:[0m Publisher PUBLISH_NAMESPACE timeout (expected)
[2m2026-08-29T00:44:35.007074Z[0m [32m INFO[0m [2mmoq_test_client::scenarios[0m[2m:[0m Subscriber got error: not found: Track not found [error:82f69ff0-4fab-4502-a44f-3714f70fd699] (may be expected)
ok 5 - subscribe-before-publish-namespace
  ---
  duration_ms: 3729
  subscriber_connection_id: 65d6db751363151df7c019d7f44a0555
  publisher_connection_id: dbec5c5f80464c1d1b779b9d08b929e0
  ...
[2m2026-08-29T00:44:35.008179Z[0m [32m INFO[0m [2mmoq_native_ietf::quic[0m[2m:[0m UDP socket bound [3mbind[0m[2m=[0m[::]:0 [3mlocal[0m[2m=[0m[::]:57922 [3mdual_stack[0m[2m=[0mtrue
[2m2026-08-29T00:44:35.184158Z[0m [32m INFO[0m [2mmoq_test_client::scenarios[0m[2m:[0m Sending PUBLISH_NAMESPACE: moq-test/interop
[2m2026-08-29T00:44:37.186030Z[0m [32m INFO[0m [2mmoq_test_client::scenarios[0m[2m:[0m PUBLISH_NAMESPACE active; sending PUBLISH_NAMESPACE_DONE
[2m2026-08-29T00:44:37.287266Z[0m [32m INFO[0m [2mmoq_test_client::scenarios[0m[2m:[0m PUBLISH_NAMESPACE_DONE sent successfully
ok 6 - publish-namespace-done
  ---
  duration_ms: 2280
  connection_id: 81fd3d8b931d33bb32af5bce7498406b
  ...
[2m2026-08-29T00:44:37.288122Z[0m [32m INFO[0m [2mmoq_native_ietf::quic[0m[2m:[0m UDP socket bound [3mbind[0m[2m=[0m[::]:0 [3mlocal[0m[2m=[0m[::]:54718 [3mdual_stack[0m[2m=[0mtrue
[2m2026-08-29T00:44:37.341861Z[0m [32m INFO[0m [2mmoq_test_client::scenarios[0m[2m:[0m Publisher sending direct PUBLISH [3mnamespace[0m[2m=[0m/moq-test/publish [3mtrack[0m[2m=[0m"published-track"
ok 7 - publish-track-only
  ---
  duration_ms: 103
  connection_id: 92e0d5323b19743da4268bb902564d7b
  ...
[2m2026-08-29T00:44:37.390906Z[0m [32m INFO[0m [2mmoq_test_client::scenarios[0m[2m:[0m PUBLISH accepted [3mnamespace[0m[2m=[0m/moq-test/publish [3mtrack[0m[2m=[0m"published-track"
[2m2026-08-29T00:44:37.390934Z[0m [32m INFO[0m [2mmoq_test_client::scenarios[0m[2m:[0m PUBLISH completed [3mnamespace[0m[2m=[0m/moq-test/publish [3mtrack[0m[2m=[0m"published-track"
[2m2026-08-29T00:44:37.391795Z[0m [32m INFO[0m [2mmoq_native_ietf::quic[0m[2m:[0m UDP socket bound [3mbind[0m[2m=[0m[::]:0 [3mlocal[0m[2m=[0m[::]:44082 [3mdual_stack[0m[2m=[0mtrue
[2m2026-08-29T00:44:37.445894Z[0m [32m INFO[0m [2mmoq_native_ietf::quic[0m[2m:[0m UDP socket bound [3mbind[0m[2m=[0m[::]:0 [3mlocal[0m[2m=[0m[::]:49538 [3mdual_stack[0m[2m=[0mtrue
[2m2026-08-29T00:44:37.601695Z[0m [32m INFO[0m [2mmoq_test_client::scenarios[0m[2m:[0m Publisher sending direct PUBLISH before subscriber subscribes [3mnamespace[0m[2m=[0m/moq-test/publish [3mtrack[0m[2m=[0m"published-track"
[2m2026-08-29T00:44:37.650889Z[0m [32m INFO[0m [2mmoq_test_client::scenarios[0m[2m:[0m PUBLISH accepted; starting subscriber [3mnamespace[0m[2m=[0m/moq-test/publish [3mtrack[0m[2m=[0m"published-track"
[2m2026-08-29T00:44:37.701834Z[0m [33m WARN[0m [2mmoq_transport::session[0m[2m:[0m unexpected bidi response message type [3mmsg_type[0m[2m=[0m2
[2m2026-08-29T00:44:37.701857Z[0m [33m WARN[0m [2mmoq_transport::serve::error[0m[2m:[0m [cb50b4d3-a1e9-4eaf-b544-acb57c98d7d4] Not implemented: bidi response type 0x2 at moq-transport/src/session/error.rs:89
not ok 8 - publish-track-subscribe
  ---
  duration_ms: 361
  message: "failed serving PUBLISH track: serve error: cancelled: cancelled"
  ...
make[1]: *** [Makefile:122: test-external] Error 1
make[1]: Leaving directory '/home/runner/work/moq-interop-runner/moq-interop-runner/main'
