make[1]: Entering directory '/home/runner/work/moq-interop-runner/moq-interop-runner/main'
Running tests against https://fb.mvfst.net:9448/moq-relay...
  Client: ghcr.io/englishm/moq-interop-runner-moq-test-client-draft-18:latest
docker run --rm \
	 \
	--network host \
	-e RELAY_URL=https://fb.mvfst.net:9448/moq-relay \
	-e TLS_DISABLE_VERIFY=1 \
	ghcr.io/englishm/moq-interop-runner-moq-test-client-draft-18:latest
TAP version 14
# moq-test-client v0.1.12
# Relay: https://fb.mvfst.net:9448/moq-relay
1..8
[2m2026-08-29T00:45:04.772442Z[0m [32m INFO[0m [2mmoq_native_ietf::quic[0m[2m:[0m UDP socket bound [3mbind[0m[2m=[0m[::]:0 [3mlocal[0m[2m=[0m[::]:60396 [3mdual_stack[0m[2m=[0mtrue
[2m2026-08-29T00:45:05.002220Z[0m [32m INFO[0m [2mmoq_test_client::scenarios[0m[2m:[0m SETUP exchange completed successfully
ok 1 - setup-only
  ---
  duration_ms: 230
  connection_id: eac12d0586654381c973128bce6dcf26
  ...
[2m2026-08-29T00:45:05.003106Z[0m [32m INFO[0m [2mmoq_native_ietf::quic[0m[2m:[0m UDP socket bound [3mbind[0m[2m=[0m[::]:0 [3mlocal[0m[2m=[0m[::]:34488 [3mdual_stack[0m[2m=[0mtrue
[2m2026-08-29T00:45:05.074877Z[0m [33m WARN[0m [2mweb_transport_quinn::session[0m[2m:[0m failed to read capsule [3me[0m[2m=[0mUnexpectedEnd
[2m2026-08-29T00:45:05.231564Z[0m [32m INFO[0m [2mmoq_test_client::scenarios[0m[2m:[0m Sending PUBLISH_NAMESPACE for: moq-test/interop
[2m2026-08-29T00:45:07.233089Z[0m [32m INFO[0m [2mmoq_test_client::scenarios[0m[2m:[0m PUBLISH_NAMESPACE succeeded (REQUEST_OK received, waiting for subscribers)
ok 2 - publish-namespace-only
  ---
  duration_ms: 2230
  connection_id: 2d9a6c7868afe038aa94183bf10d19b7
  ...
[2m2026-08-29T00:45:07.234175Z[0m [32m INFO[0m [2mmoq_native_ietf::quic[0m[2m:[0m UDP socket bound [3mbind[0m[2m=[0m[::]:0 [3mlocal[0m[2m=[0m[::]:54117 [3mdual_stack[0m[2m=[0mtrue
[2m2026-08-29T00:45:07.300143Z[0m [33m WARN[0m [2mweb_transport_quinn::session[0m[2m:[0m failed to read capsule [3me[0m[2m=[0mUnexpectedEnd
[2m2026-08-29T00:45:07.470387Z[0m [32m INFO[0m [2mmoq_test_client::scenarios[0m[2m:[0m Subscribing to non-existent track: nonexistent/namespace/test-track
[2m2026-08-29T00:45:07.544534Z[0m [33m WARN[0m [2mmoq_transport::serve::error[0m[2m:[0m [c7b78a63-44cd-459d-99ec-46698016c834] Not found: no such namespace or track at moq-transport/src/session/subscriber.rs:1280
[2m2026-08-29T00:45:07.544556Z[0m [33m WARN[0m [2mmoq_transport::session::reader[0m[2m:[0m [READER] decode: stream ended while waiting for data (have=0 bytes, need=1)
[2m2026-08-29T00:45:07.544605Z[0m [32m INFO[0m [2mmoq_test_client::scenarios[0m[2m:[0m Got expected 'not found' error: not found: Track not found [error:c7b78a63-44cd-459d-99ec-46698016c834]
ok 3 - subscribe-error
  ---
  duration_ms: 311
  connection_id: e7e560cb0570fa083292bab3ee6d3207
  ...
[2m2026-08-29T00:45:07.545639Z[0m [32m INFO[0m [2mmoq_native_ietf::quic[0m[2m:[0m UDP socket bound [3mbind[0m[2m=[0m[::]:0 [3mlocal[0m[2m=[0m[::]:34501 [3mdual_stack[0m[2m=[0mtrue
[2m2026-08-29T00:45:07.617889Z[0m [33m WARN[0m [2mweb_transport_quinn::session[0m[2m:[0m failed to read capsule [3me[0m[2m=[0mUnexpectedEnd
[2m2026-08-29T00:45:07.704845Z[0m [32m INFO[0m [2mmoq_native_ietf::quic[0m[2m:[0m UDP socket bound [3mbind[0m[2m=[0m[::]:0 [3mlocal[0m[2m=[0m[::]:37885 [3mdual_stack[0m[2m=[0mtrue
[2m2026-08-29T00:45:07.868785Z[0m [32m INFO[0m [2mmoq_test_client::scenarios[0m[2m:[0m Publisher sending PUBLISH_NAMESPACE: moq-test/interop
[2m2026-08-29T00:45:07.868805Z[0m [32m INFO[0m [2mmoq_test_client::scenarios[0m[2m:[0m Subscriber subscribing to track: moq-test/interop/test-track
[2m2026-08-29T00:45:07.943184Z[0m [33m WARN[0m [2mmoq_transport::serve::error[0m[2m:[0m [8142c877-5977-47b0-95a2-c238c7c2eb1c] Not found: no such namespace or track at moq-transport/src/session/subscriber.rs:1280
[2m2026-08-29T00:45:07.943203Z[0m [33m WARN[0m [2mmoq_transport::session::reader[0m[2m:[0m [READER] decode: stream ended while waiting for data (have=0 bytes, need=1)
[2m2026-08-29T00:45:07.943345Z[0m [32m INFO[0m [2mmoq_test_client::scenarios[0m[2m:[0m Subscriber got error: not found: Track not found [error:8142c877-5977-47b0-95a2-c238c7c2eb1c] - subscription was processed
ok 4 - publish-namespace-subscribe
  ---
  duration_ms: 398
  publisher_connection_id: cdbab40af914525e24b4fb634da21a28
  subscriber_connection_id: cf97db7a9f00c65a931f23b7e6f60954
  ...
[2m2026-08-29T00:45:07.944453Z[0m [32m INFO[0m [2mmoq_native_ietf::quic[0m[2m:[0m UDP socket bound [3mbind[0m[2m=[0m[::]:0 [3mlocal[0m[2m=[0m[::]:47887 [3mdual_stack[0m[2m=[0mtrue
[2m2026-08-29T00:45:08.014656Z[0m [33m WARN[0m [2mweb_transport_quinn::session[0m[2m:[0m failed to read capsule [3me[0m[2m=[0mUnexpectedEnd
[2m2026-08-29T00:45:08.015701Z[0m [33m WARN[0m [2mweb_transport_quinn::session[0m[2m:[0m failed to read capsule [3me[0m[2m=[0mUnexpectedEnd
[2m2026-08-29T00:45:08.182405Z[0m [32m INFO[0m [2mmoq_test_client::scenarios[0m[2m:[0m Subscriber subscribing BEFORE PUBLISH_NAMESPACE: moq-test/interop/test-track
[2m2026-08-29T00:45:08.256979Z[0m [33m WARN[0m [2mmoq_transport::serve::error[0m[2m:[0m [982bb0d2-041b-42e6-8d22-44a2b5434d82] Not found: no such namespace or track at moq-transport/src/session/subscriber.rs:1280
[2m2026-08-29T00:45:08.257037Z[0m [33m WARN[0m [2mmoq_transport::session::reader[0m[2m:[0m [READER] decode: stream ended while waiting for data (have=0 bytes, need=1)
[2m2026-08-29T00:45:08.329940Z[0m [33m WARN[0m [2mweb_transport_quinn::session[0m[2m:[0m failed to read capsule [3me[0m[2m=[0mUnexpectedEnd
[2m2026-08-29T00:45:08.685146Z[0m [32m INFO[0m [2mmoq_native_ietf::quic[0m[2m:[0m UDP socket bound [3mbind[0m[2m=[0m[::]:0 [3mlocal[0m[2m=[0m[::]:42318 [3mdual_stack[0m[2m=[0mtrue
[2m2026-08-29T00:45:08.862496Z[0m [32m INFO[0m [2mmoq_test_client::scenarios[0m[2m:[0m Publisher sending PUBLISH_NAMESPACE (after subscriber): moq-test/interop
[2m2026-08-29T00:45:11.863914Z[0m [32m INFO[0m [2mmoq_test_client::scenarios[0m[2m:[0m Publisher PUBLISH_NAMESPACE timeout (expected)
[2m2026-08-29T00:45:11.863942Z[0m [32m INFO[0m [2mmoq_test_client::scenarios[0m[2m:[0m Subscriber got error: not found: Track not found [error:982bb0d2-041b-42e6-8d22-44a2b5434d82] (may be expected)
ok 5 - subscribe-before-publish-namespace
  ---
  duration_ms: 3920
  subscriber_connection_id: 7b9eedda4d53f114b8fb91e63356ca18
  publisher_connection_id: 7975adcd4cdb00ebbeed8d9e879bed65
  ...
[2m2026-08-29T00:45:11.864908Z[0m [32m INFO[0m [2mmoq_native_ietf::quic[0m[2m:[0m UDP socket bound [3mbind[0m[2m=[0m[::]:0 [3mlocal[0m[2m=[0m[::]:52991 [3mdual_stack[0m[2m=[0mtrue
[2m2026-08-29T00:45:11.931585Z[0m [33m WARN[0m [2mweb_transport_quinn::session[0m[2m:[0m failed to read capsule [3me[0m[2m=[0mUnexpectedEnd
[2m2026-08-29T00:45:12.057062Z[0m [32m INFO[0m [2mmoq_test_client::scenarios[0m[2m:[0m Sending PUBLISH_NAMESPACE: moq-test/interop
[2m2026-08-29T00:45:14.058518Z[0m [32m INFO[0m [2mmoq_test_client::scenarios[0m[2m:[0m PUBLISH_NAMESPACE active; sending PUBLISH_NAMESPACE_DONE
ok 6 - publish-namespace-done
  ---
  duration_ms: 2295
  connection_id: 935e14801ee1646f63ed86666aedf9a4
  ...
[2m2026-08-29T00:45:14.159591Z[0m [32m INFO[0m [2mmoq_test_client::scenarios[0m[2m:[0m PUBLISH_NAMESPACE_DONE sent successfully
[2m2026-08-29T00:45:14.160697Z[0m [32m INFO[0m [2mmoq_native_ietf::quic[0m[2m:[0m UDP socket bound [3mbind[0m[2m=[0m[::]:0 [3mlocal[0m[2m=[0m[::]:56764 [3mdual_stack[0m[2m=[0mtrue
[2m2026-08-29T00:45:14.230860Z[0m [33m WARN[0m [2mweb_transport_quinn::session[0m[2m:[0m failed to read capsule [3me[0m[2m=[0mUnexpectedEnd
[2m2026-08-29T00:45:14.410140Z[0m [32m INFO[0m [2mmoq_test_client::scenarios[0m[2m:[0m Publisher sending direct PUBLISH [3mnamespace[0m[2m=[0m/moq-test/publish [3mtrack[0m[2m=[0m"published-track"
[2m2026-08-29T00:45:14.480878Z[0m [32m INFO[0m [2mmoq_test_client::scenarios[0m[2m:[0m PUBLISH accepted [3mnamespace[0m[2m=[0m/moq-test/publish [3mtrack[0m[2m=[0m"published-track"
[2m2026-08-29T00:45:14.480916Z[0m [32m INFO[0m [2mmoq_test_client::scenarios[0m[2m:[0m PUBLISH completed [3mnamespace[0m[2m=[0m/moq-test/publish [3mtrack[0m[2m=[0m"published-track"
ok 7 - publish-track-only
  ---
  duration_ms: 321
  connection_id: 07aa516dc97854c74880676a44ab78e0
  ...
[2m2026-08-29T00:45:14.481965Z[0m [32m INFO[0m [2mmoq_native_ietf::quic[0m[2m:[0m UDP socket bound [3mbind[0m[2m=[0m[::]:0 [3mlocal[0m[2m=[0m[::]:35700 [3mdual_stack[0m[2m=[0mtrue
[2m2026-08-29T00:45:14.551355Z[0m [33m WARN[0m [2mweb_transport_quinn::session[0m[2m:[0m failed to read capsule [3me[0m[2m=[0mUnexpectedEnd
[2m2026-08-29T00:45:14.639915Z[0m [32m INFO[0m [2mmoq_native_ietf::quic[0m[2m:[0m UDP socket bound [3mbind[0m[2m=[0m[::]:0 [3mlocal[0m[2m=[0m[::]:56268 [3mdual_stack[0m[2m=[0mtrue
[2m2026-08-29T00:45:14.801858Z[0m [32m INFO[0m [2mmoq_test_client::scenarios[0m[2m:[0m Publisher sending direct PUBLISH before subscriber subscribes [3mnamespace[0m[2m=[0m/moq-test/publish [3mtrack[0m[2m=[0m"published-track"
[2m2026-08-29T00:45:14.870293Z[0m [32m INFO[0m [2mmoq_test_client::scenarios[0m[2m:[0m PUBLISH accepted; starting subscriber [3mnamespace[0m[2m=[0m/moq-test/publish [3mtrack[0m[2m=[0m"published-track"
[2m2026-08-29T00:45:14.938653Z[0m [33m WARN[0m [2mmoq_transport::session[0m[2m:[0m unexpected bidi response message type [3mmsg_type[0m[2m=[0m2
[2m2026-08-29T00:45:14.938675Z[0m [33m WARN[0m [2mmoq_transport::serve::error[0m[2m:[0m [d88ae6fd-2a15-4b15-9013-bb6065c09cd1] Not implemented: bidi response type 0x2 at moq-transport/src/session/error.rs:89
not ok 8 - publish-track-subscribe
  ---
  duration_ms: 490
  message: "failed serving PUBLISH track: serve error: cancelled: cancelled"
  ...
make[1]: *** [Makefile:122: test-external] Error 1
make[1]: Leaving directory '/home/runner/work/moq-interop-runner/moq-interop-runner/main'
