make[1]: Entering directory '/home/runner/work/moq-interop-runner/moq-interop-runner/main'
Running tests against https://lminiero.it:9000...
  Client: ghcr.io/englishm/moq-interop-runner-moq-test-client:latest
docker run --rm \
	 \
	--network host \
	-e RELAY_URL=https://lminiero.it:9000 \
	-e TLS_DISABLE_VERIFY=false \
	ghcr.io/englishm/moq-interop-runner-moq-test-client:latest
TAP version 14
# moq-test-client v0.1.11
# Relay: https://lminiero.it:9000/
1..8
[2m2026-08-29T01:09:24.774459Z[0m [32m INFO[0m [2mmoq_native_ietf::quic[0m[2m:[0m UDP socket bound [3mbind[0m[2m=[0m[::]:0 [3mlocal[0m[2m=[0m[::]:57090 [3mdual_stack[0m[2m=[0mtrue
[2m2026-08-29T01:09:26.118718Z[0m [31mERROR[0m [2mmoq_transport::session::reader[0m[2m:[0m [READER] decode: ERROR decoding moq_transport::setup::server::Server - InvalidMessage(33) (buffer_len=25)
not ok 1 - setup-only
  ---
  duration_ms: 1345
  message: "SETUP exchange failed: decode error: invalid message: 33: invalid message: 33"
  ...
[2m2026-08-29T01:09:26.119611Z[0m [32m INFO[0m [2mmoq_native_ietf::quic[0m[2m:[0m UDP socket bound [3mbind[0m[2m=[0m[::]:0 [3mlocal[0m[2m=[0m[::]:43334 [3mdual_stack[0m[2m=[0mtrue
[2m2026-08-29T01:09:27.558784Z[0m [31mERROR[0m [2mmoq_transport::session::reader[0m[2m:[0m [READER] decode: ERROR decoding moq_transport::setup::server::Server - InvalidMessage(33) (buffer_len=25)
not ok 2 - publish-namespace-only
  ---
  duration_ms: 1440
  message: "SETUP exchange failed: decode error: invalid message: 33: invalid message: 33"
  ...
[2m2026-08-29T01:09:27.559883Z[0m [32m INFO[0m [2mmoq_native_ietf::quic[0m[2m:[0m UDP socket bound [3mbind[0m[2m=[0m[::]:0 [3mlocal[0m[2m=[0m[::]:34196 [3mdual_stack[0m[2m=[0mtrue
[2m2026-08-29T01:09:28.493479Z[0m [31mERROR[0m [2mmoq_transport::session::reader[0m[2m:[0m [READER] decode: ERROR decoding moq_transport::setup::server::Server - InvalidMessage(33) (buffer_len=25)
not ok 3 - subscribe-error
  ---
  duration_ms: 934
  message: "SETUP exchange failed: decode error: invalid message: 33: invalid message: 33"
  ...
[2m2026-08-29T01:09:28.494495Z[0m [32m INFO[0m [2mmoq_native_ietf::quic[0m[2m:[0m UDP socket bound [3mbind[0m[2m=[0m[::]:0 [3mlocal[0m[2m=[0m[::]:56592 [3mdual_stack[0m[2m=[0mtrue
[2m2026-08-29T01:09:29.750760Z[0m [31mERROR[0m [2mmoq_transport::session::reader[0m[2m:[0m [READER] decode: ERROR decoding moq_transport::setup::server::Server - InvalidMessage(33) (buffer_len=25)
not ok 4 - publish-namespace-subscribe
  ---
  duration_ms: 1257
  message: "publisher SETUP failed: decode error: invalid message: 33: invalid message: 33"
  ...
[2m2026-08-29T01:09:29.751728Z[0m [32m INFO[0m [2mmoq_native_ietf::quic[0m[2m:[0m UDP socket bound [3mbind[0m[2m=[0m[::]:0 [3mlocal[0m[2m=[0m[::]:56003 [3mdual_stack[0m[2m=[0mtrue
[2m2026-08-29T01:09:30.683836Z[0m [31mERROR[0m [2mmoq_transport::session::reader[0m[2m:[0m [READER] decode: ERROR decoding moq_transport::setup::server::Server - InvalidMessage(33) (buffer_len=25)
not ok 5 - subscribe-before-publish-namespace
  ---
  duration_ms: 933
  message: "subscriber SETUP failed: decode error: invalid message: 33: invalid message: 33"
  ...
[2m2026-08-29T01:09:30.684963Z[0m [32m INFO[0m [2mmoq_native_ietf::quic[0m[2m:[0m UDP socket bound [3mbind[0m[2m=[0m[::]:0 [3mlocal[0m[2m=[0m[::]:33888 [3mdual_stack[0m[2m=[0mtrue
[2m2026-08-29T01:09:31.938509Z[0m [31mERROR[0m [2mmoq_transport::session::reader[0m[2m:[0m [READER] decode: ERROR decoding moq_transport::setup::server::Server - InvalidMessage(33) (buffer_len=25)
not ok 6 - publish-namespace-done
  ---
  duration_ms: 1254
  message: "SETUP exchange failed: decode error: invalid message: 33: invalid message: 33"
  ...
[2m2026-08-29T01:09:31.939588Z[0m [32m INFO[0m [2mmoq_native_ietf::quic[0m[2m:[0m UDP socket bound [3mbind[0m[2m=[0m[::]:0 [3mlocal[0m[2m=[0m[::]:33076 [3mdual_stack[0m[2m=[0mtrue
[2m2026-08-29T01:09:33.219209Z[0m [31mERROR[0m [2mmoq_transport::session::reader[0m[2m:[0m [READER] decode: ERROR decoding moq_transport::setup::server::Server - InvalidMessage(33) (buffer_len=25)
not ok 7 - publish-track-only
  ---
  duration_ms: 1280
  message: "publisher SETUP failed: decode error: invalid message: 33: invalid message: 33"
  ...
[2m2026-08-29T01:09:33.220154Z[0m [32m INFO[0m [2mmoq_native_ietf::quic[0m[2m:[0m UDP socket bound [3mbind[0m[2m=[0m[::]:0 [3mlocal[0m[2m=[0m[::]:41865 [3mdual_stack[0m[2m=[0mtrue
[2m2026-08-29T01:09:34.510941Z[0m [31mERROR[0m [2mmoq_transport::session::reader[0m[2m:[0m [READER] decode: ERROR decoding moq_transport::setup::server::Server - InvalidMessage(33) (buffer_len=25)
not ok 8 - publish-track-subscribe
  ---
  duration_ms: 1291
  message: "publisher SETUP failed: decode error: invalid message: 33: invalid message: 33"
  ...
make[1]: *** [Makefile:122: test-external] Error 1
make[1]: Leaving directory '/home/runner/work/moq-interop-runner/moq-interop-runner/main'
