make[1]: Entering directory '/home/runner/work/moq-interop-runner/moq-interop-runner/main'
Running tests against moqt://draft-18-interop.cloudflare.mediaoverquic.com:443...
  Client: ghcr.io/openmoq/moqx-interop-client:latest
docker run --rm \
	 \
	--network host \
	-e RELAY_URL=moqt://draft-18-interop.cloudflare.mediaoverquic.com:443 \
	-e TLS_DISABLE_VERIFY=false \
	ghcr.io/openmoq/moqx-interop-client:latest
TAP version 14
# moxygen interop test client
# Relay: moqt://draft-18-interop.cloudflare.mediaoverquic.com:443
# Transport: QUIC
# Offered ALPNs: moqt-18, moqt-16, moqt-15, moq-00
1..6
ok 1 - setup-only
  ---
  duration_ms: 175
  negotiated_version: draft-18
  info: SETUP exchange completed successfully
  ...
E0829 00:47:49.607547     1 MoQRelaySession.cpp:1116] PublishNamespaceDone for unknown publishNamespace, sess=0x556a57692f60
ok 2 - announce-only
  ---
  duration_ms: 79
  negotiated_version: draft-18
  info: PUBLISH_NAMESPACE completed successfully
  ...
E0829 00:47:49.689957     1 MoQSession.cpp:4998] No matching subscribe ID=0 sess=0x556a576ab770
ok 3 - subscribe-error
  ---
  duration_ms: 82
  negotiated_version: draft-18
  info: Subscribe correctly returned error: Session closed
  ...
E0829 00:47:49.918582     1 MoQSession.cpp:4998] No matching subscribe ID=0 sess=0x556a5768c100
not ok 4 - announce-subscribe
  ---
  duration_ms: 228
  negotiated_version: draft-18
  error: Subscribe failed: Session closed
  ...
ok 5 - publish-namespace-done
  ---
  duration_ms: 127
  negotiated_version: draft-18
  info: PUBLISH_NAMESPACE_OK received, PUBLISH_NAMESPACE_DONE sent
  ...
E0829 00:47:50.106905     1 MoQSession.cpp:4998] No matching subscribe ID=0 sess=0x556a57691cf0
ok 6 - subscribe-before-announce
  ---
  duration_ms: 602
  negotiated_version: draft-18
  info: Subscribe returned error (relay doesn't buffer pending subscriptions): Session closed
  ...
make[1]: *** [Makefile:122: test-external] Error 1
make[1]: Leaving directory '/home/runner/work/moq-interop-runner/moq-interop-runner/main'
