make[1]: Entering directory '/home/runner/work/moq-interop-runner/moq-interop-runner/main'
Running tests against moqt://fb.mvfst.net:9448...
  Client: ghcr.io/englishm/moq-interop-runner-moq-test-client-draft-18:latest
docker run --rm \
	 \
	--network host \
	-e RELAY_URL=moqt://fb.mvfst.net:9448 \
	-e TLS_DISABLE_VERIFY=1 \
	ghcr.io/englishm/moq-interop-runner-moq-test-client-draft-18:latest
TAP version 14
# moq-test-client v0.1.12
# Relay: moqt://fb.mvfst.net:9448
1..18
[2m2026-09-30T00:51:34.523419Z[0m [32m INFO[0m [2mmoq_native_ietf::quic[0m[2m:[0m UDP socket bound [3mbind[0m[2m=[0m[::]:0 [3mlocal[0m[2m=[0m[::]:49045 [3mdual_stack[0m[2m=[0mtrue
ok 1 - setup-only
  ---
  duration_ms: 33
  connection_id: 0a33d7e11a4a256fd96e34d5039e2941
  ...
[2m2026-09-30T00:51:34.555784Z[0m [32m INFO[0m [2mmoq_test_client::scenarios[0m[2m:[0m SETUP exchange completed successfully
[2m2026-09-30T00:51:34.556684Z[0m [32m INFO[0m [2mmoq_native_ietf::quic[0m[2m:[0m UDP socket bound [3mbind[0m[2m=[0m[::]:0 [3mlocal[0m[2m=[0m[::]:43280 [3mdual_stack[0m[2m=[0mtrue
[2m2026-09-30T00:51:34.694460Z[0m [32m INFO[0m [2mmoq_test_client::scenarios[0m[2m:[0m Sending PUBLISH_NAMESPACE for: moq-test/interop
[2m2026-09-30T00:51:36.695494Z[0m [32m INFO[0m [2mmoq_test_client::scenarios[0m[2m:[0m PUBLISH_NAMESPACE succeeded (REQUEST_OK received, waiting for subscribers)
ok 2 - publish-namespace-only
  ---
  duration_ms: 2139
  connection_id: 2763fb08ea55a2f9da3405c1a6554f54
  ...
[2m2026-09-30T00:51:36.696639Z[0m [32m INFO[0m [2mmoq_native_ietf::quic[0m[2m:[0m UDP socket bound [3mbind[0m[2m=[0m[::]:0 [3mlocal[0m[2m=[0m[::]:48317 [3mdual_stack[0m[2m=[0mtrue
[2m2026-09-30T00:51:36.841673Z[0m [32m INFO[0m [2mmoq_test_client::scenarios[0m[2m:[0m Subscribing to non-existent track: nonexistent/namespace/test-track
[2m2026-09-30T00:51:36.866154Z[0m [33m WARN[0m [2mmoq_transport::serve::error[0m[2m:[0m [688fe048-77a7-4610-ab0e-53906a981d7c] Not found: no such namespace or track at moq-transport/src/session/subscriber.rs:1653
[2m2026-09-30T00:51:36.866281Z[0m [32m INFO[0m [2mmoq_test_client::scenarios[0m[2m:[0m Got expected 'not found' error: not found: Track not found [error:688fe048-77a7-4610-ab0e-53906a981d7c]
ok 3 - subscribe-error
  ---
  duration_ms: 170
  connection_id: ef6790623e6d2824f12b2de4aedb3efc
  ...
[2m2026-09-30T00:51:36.867365Z[0m [32m INFO[0m [2mmoq_native_ietf::quic[0m[2m:[0m UDP socket bound [3mbind[0m[2m=[0m[::]:0 [3mlocal[0m[2m=[0m[::]:33591 [3mdual_stack[0m[2m=[0mtrue
[2m2026-09-30T00:51:36.904747Z[0m [32m INFO[0m [2mmoq_native_ietf::quic[0m[2m:[0m UDP socket bound [3mbind[0m[2m=[0m[::]:0 [3mlocal[0m[2m=[0m[::]:41630 [3mdual_stack[0m[2m=[0mtrue
[2m2026-09-30T00:51:36.937767Z[0m [32m INFO[0m [2mmoq_test_client::scenarios[0m[2m:[0m Publisher sending PUBLISH_NAMESPACE: moq-test/interop
[2m2026-09-30T00:51:36.937782Z[0m [32m INFO[0m [2mmoq_test_client::scenarios[0m[2m:[0m Subscriber subscribing to track: moq-test/interop/test-track
[2m2026-09-30T00:51:36.966748Z[0m [33m WARN[0m [2mmoq_transport::serve::error[0m[2m:[0m [9b851f91-55e1-4c19-af3a-a9d383936322] Not found: no such namespace or track at moq-transport/src/session/subscriber.rs:1653
[2m2026-09-30T00:51:36.966852Z[0m [32m INFO[0m [2mmoq_test_client::scenarios[0m[2m:[0m Subscriber got error: not found: Track not found [error:9b851f91-55e1-4c19-af3a-a9d383936322] - subscription was processed
ok 4 - publish-namespace-subscribe
  ---
  duration_ms: 100
  publisher_connection_id: af7410e71170cd94a1d59cd0ce7e8508
  subscriber_connection_id: 9392a9bea5bd01f747bcba360f4d9078
  ...
[2m2026-09-30T00:51:36.967914Z[0m [32m INFO[0m [2mmoq_native_ietf::quic[0m[2m:[0m UDP socket bound [3mbind[0m[2m=[0m[::]:0 [3mlocal[0m[2m=[0m[::]:33062 [3mdual_stack[0m[2m=[0mtrue
[2m2026-09-30T00:51:37.002453Z[0m [32m INFO[0m [2mmoq_test_client::scenarios[0m[2m:[0m Subscriber subscribing BEFORE PUBLISH_NAMESPACE: moq-test/interop/test-track
[2m2026-09-30T00:51:37.027765Z[0m [33m WARN[0m [2mmoq_transport::serve::error[0m[2m:[0m [0030958f-394f-4e4e-98aa-38c719cc5807] Not found: no such namespace or track at moq-transport/src/session/subscriber.rs:1653
[2m2026-09-30T00:51:37.505056Z[0m [32m INFO[0m [2mmoq_native_ietf::quic[0m[2m:[0m UDP socket bound [3mbind[0m[2m=[0m[::]:0 [3mlocal[0m[2m=[0m[::]:36532 [3mdual_stack[0m[2m=[0mtrue
[2m2026-09-30T00:51:37.538461Z[0m [32m INFO[0m [2mmoq_test_client::scenarios[0m[2m:[0m Publisher sending PUBLISH_NAMESPACE (after subscriber): moq-test/interop
[2m2026-09-30T00:51:40.540413Z[0m [32m INFO[0m [2mmoq_test_client::scenarios[0m[2m:[0m Publisher PUBLISH_NAMESPACE timeout (expected)
[2m2026-09-30T00:51:40.540441Z[0m [32m INFO[0m [2mmoq_test_client::scenarios[0m[2m:[0m Subscriber got error: not found: Track not found [error:0030958f-394f-4e4e-98aa-38c719cc5807] (may be expected)
ok 5 - subscribe-before-publish-namespace
  ---
  duration_ms: 3573
  subscriber_connection_id: eb4af393d745e039064033de095ed72b
  publisher_connection_id: 7f87a53bb79cba65abeadd8ecef20be9
  ...
[2m2026-09-30T00:51:40.541616Z[0m [32m INFO[0m [2mmoq_native_ietf::quic[0m[2m:[0m UDP socket bound [3mbind[0m[2m=[0m[::]:0 [3mlocal[0m[2m=[0m[::]:50769 [3mdual_stack[0m[2m=[0mtrue
[2m2026-09-30T00:51:40.574281Z[0m [32m INFO[0m [2mmoq_test_client::scenarios[0m[2m:[0m Sending PUBLISH_NAMESPACE: moq-test/interop
[2m2026-09-30T00:51:42.575737Z[0m [32m INFO[0m [2mmoq_test_client::scenarios[0m[2m:[0m PUBLISH_NAMESPACE active; sending PUBLISH_NAMESPACE_DONE
ok 6 - publish-namespace-done
  ---
  duration_ms: 2136
  connection_id: 9e22dd526f5f6543dbe29cfad5e42c8f
  ...
[2m2026-09-30T00:51:42.677355Z[0m [32m INFO[0m [2mmoq_test_client::scenarios[0m[2m:[0m PUBLISH_NAMESPACE_DONE sent successfully
[2m2026-09-30T00:51:42.678446Z[0m [32m INFO[0m [2mmoq_native_ietf::quic[0m[2m:[0m UDP socket bound [3mbind[0m[2m=[0m[::]:0 [3mlocal[0m[2m=[0m[::]:41801 [3mdual_stack[0m[2m=[0mtrue
[2m2026-09-30T00:51:42.709712Z[0m [32m INFO[0m [2mmoq_test_client::scenarios[0m[2m:[0m Publisher sending direct PUBLISH [3mnamespace[0m[2m=[0m/moq-test/publish [3mtrack[0m[2m=[0m"published-track"
[2m2026-09-30T00:51:42.734949Z[0m [32m INFO[0m [2mmoq_test_client::scenarios[0m[2m:[0m PUBLISH accepted [3mnamespace[0m[2m=[0m/moq-test/publish [3mtrack[0m[2m=[0m"published-track"
[2m2026-09-30T00:51:42.735015Z[0m [32m INFO[0m [2mmoq_test_client::scenarios[0m[2m:[0m PUBLISH completed [3mnamespace[0m[2m=[0m/moq-test/publish [3mtrack[0m[2m=[0m"published-track"
ok 7 - publish-track-only
  ---
  duration_ms: 57
  connection_id: ccc7e3e70ad84d459244fd48fdda24b7
  ...
[2m2026-09-30T00:51:42.735824Z[0m [32m INFO[0m [2mmoq_native_ietf::quic[0m[2m:[0m UDP socket bound [3mbind[0m[2m=[0m[::]:0 [3mlocal[0m[2m=[0m[::]:34112 [3mdual_stack[0m[2m=[0mtrue
[2m2026-09-30T00:51:42.841744Z[0m [32m INFO[0m [2mmoq_native_ietf::quic[0m[2m:[0m UDP socket bound [3mbind[0m[2m=[0m[::]:0 [3mlocal[0m[2m=[0m[::]:52745 [3mdual_stack[0m[2m=[0mtrue
[2m2026-09-30T00:51:42.874766Z[0m [32m INFO[0m [2mmoq_test_client::scenarios[0m[2m:[0m Publisher sending direct PUBLISH before subscriber subscribes [3mnamespace[0m[2m=[0m/moq-test/publish [3mtrack[0m[2m=[0m"published-track"
[2m2026-09-30T00:51:42.902448Z[0m [32m INFO[0m [2mmoq_test_client::scenarios[0m[2m:[0m PUBLISH accepted; starting subscriber [3mnamespace[0m[2m=[0m/moq-test/publish [3mtrack[0m[2m=[0m"published-track"
[2m2026-09-30T00:51:42.926351Z[0m [33m WARN[0m [2mmoq_transport::session[0m[2m:[0m unexpected bidi response message type [3mmsg_type[0m[2m=[0m2
[2m2026-09-30T00:51:42.926466Z[0m [33m WARN[0m [2mmoq_transport::serve::error[0m[2m:[0m [51f87f6f-04ec-4536-a500-9c54f585795f] Not implemented: bidi response type 0x2 at moq-transport/src/session/error.rs:89
not ok 8 - publish-track-subscribe
  ---
  duration_ms: 269
  message: "failed serving PUBLISH track: serve error: cancelled: cancelled"
  ...
[2m2026-09-30T00:51:43.005038Z[0m [32m INFO[0m [2mmoq_native_ietf::quic[0m[2m:[0m UDP socket bound [3mbind[0m[2m=[0m[::]:0 [3mlocal[0m[2m=[0m[::]:46444 [3mdual_stack[0m[2m=[0mtrue
[2m2026-09-30T00:51:43.042561Z[0m [32m INFO[0m [2mmoq_test_client::scenarios[0m[2m:[0m Subscribing with RENDEZVOUS_TIMEOUT to a track with no publisher [3mtimeout_ms[0m[2m=[0m500
ok 9 - rendezvous-timeout
  ---
  duration_ms: 567
  connection_id: 8ac2eed0a2a3a24dc7e1dfab087a1b06
  ...
[2m2026-09-30T00:51:43.571914Z[0m [32m INFO[0m [2mmoq_test_client::scenarios[0m[2m:[0m Received expected REQUEST_ERROR TIMEOUT
[2m2026-09-30T00:51:43.572859Z[0m [32m INFO[0m [2mmoq_native_ietf::quic[0m[2m:[0m UDP socket bound [3mbind[0m[2m=[0m[::]:0 [3mlocal[0m[2m=[0m[::]:58882 [3mdual_stack[0m[2m=[0mtrue
[2m2026-09-30T00:51:43.805263Z[0m [32m INFO[0m [2mmoq_native_ietf::quic[0m[2m:[0m UDP socket bound [3mbind[0m[2m=[0m[::]:0 [3mlocal[0m[2m=[0m[::]:60183 [3mdual_stack[0m[2m=[0mtrue
[2m2026-09-30T00:51:43.960049Z[0m [32m INFO[0m [2mmoq_test_client::moqtest[0m[2m:[0m PUBLISH accepted and subscription bound; generating objects [3mobjects[0m[2m=[0m15 [3mstreams[0m[2m=[0m3
not ok 10 - moq-test-subgroup-per-group
  ---
  duration_ms: 402
  message: "failed to create subgroup: cancelled"
  ...
[2m2026-09-30T00:51:43.975375Z[0m [32m INFO[0m [2mmoq_native_ietf::quic[0m[2m:[0m UDP socket bound [3mbind[0m[2m=[0m[::]:0 [3mlocal[0m[2m=[0m[::]:49719 [3mdual_stack[0m[2m=[0mtrue
[2m2026-09-30T00:51:44.210805Z[0m [32m INFO[0m [2mmoq_native_ietf::quic[0m[2m:[0m UDP socket bound [3mbind[0m[2m=[0m[::]:0 [3mlocal[0m[2m=[0m[::]:43875 [3mdual_stack[0m[2m=[0mtrue
[2m2026-09-30T00:51:44.272962Z[0m [32m INFO[0m [2mmoq_test_client::moqtest[0m[2m:[0m PUBLISH accepted and subscription bound; generating objects [3mobjects[0m[2m=[0m15 [3mstreams[0m[2m=[0m3
not ok 11 - moq-test-subgroup-per-group-eog
  ---
  duration_ms: 316
  message: "failed to create subgroup: cancelled"
  ...
[2m2026-09-30T00:51:44.292067Z[0m [32m INFO[0m [2mmoq_native_ietf::quic[0m[2m:[0m UDP socket bound [3mbind[0m[2m=[0m[::]:0 [3mlocal[0m[2m=[0m[::]:35470 [3mdual_stack[0m[2m=[0mtrue
[2m2026-09-30T00:51:44.527903Z[0m [32m INFO[0m [2mmoq_native_ietf::quic[0m[2m:[0m UDP socket bound [3mbind[0m[2m=[0m[::]:0 [3mlocal[0m[2m=[0m[::]:51571 [3mdual_stack[0m[2m=[0mtrue
[2m2026-09-30T00:51:44.668447Z[0m [32m INFO[0m [2mmoq_test_client::moqtest[0m[2m:[0m PUBLISH accepted and subscription bound; generating objects [3mobjects[0m[2m=[0m8 [3mstreams[0m[2m=[0m8
not ok 12 - moq-test-subgroup-per-object
  ---
  duration_ms: 380
  message: "failed to create subgroup: cancelled"
  ...
[2m2026-09-30T00:51:44.672433Z[0m [32m INFO[0m [2mmoq_native_ietf::quic[0m[2m:[0m UDP socket bound [3mbind[0m[2m=[0m[::]:0 [3mlocal[0m[2m=[0m[::]:44585 [3mdual_stack[0m[2m=[0mtrue
[2m2026-09-30T00:51:44.908737Z[0m [32m INFO[0m [2mmoq_native_ietf::quic[0m[2m:[0m UDP socket bound [3mbind[0m[2m=[0m[::]:0 [3mlocal[0m[2m=[0m[::]:42710 [3mdual_stack[0m[2m=[0mtrue
[2m2026-09-30T00:51:44.971464Z[0m [32m INFO[0m [2mmoq_test_client::moqtest[0m[2m:[0m PUBLISH accepted and subscription bound; generating objects [3mobjects[0m[2m=[0m18 [3mstreams[0m[2m=[0m6
not ok 13 - moq-test-two-subgroups-eog
  ---
  duration_ms: 322
  message: "failed to create subgroup 0: cancelled"
  ...
[2m2026-09-30T00:51:44.995026Z[0m [32m INFO[0m [2mmoq_native_ietf::quic[0m[2m:[0m UDP socket bound [3mbind[0m[2m=[0m[::]:0 [3mlocal[0m[2m=[0m[::]:59014 [3mdual_stack[0m[2m=[0mtrue
[2m2026-09-30T00:51:45.230934Z[0m [32m INFO[0m [2mmoq_native_ietf::quic[0m[2m:[0m UDP socket bound [3mbind[0m[2m=[0m[::]:0 [3mlocal[0m[2m=[0m[::]:54452 [3mdual_stack[0m[2m=[0mtrue
[2m2026-09-30T00:51:45.298375Z[0m [32m INFO[0m [2mmoq_test_client::moqtest[0m[2m:[0m PUBLISH accepted and subscription bound; generating objects [3mobjects[0m[2m=[0m15 [3mstreams[0m[2m=[0m0
not ok 14 - moq-test-datagram
  ---
  duration_ms: 325
  message: "failed to write datagram: cancelled"
  ...
[2m2026-09-30T00:51:45.320738Z[0m [32m INFO[0m [2mmoq_native_ietf::quic[0m[2m:[0m UDP socket bound [3mbind[0m[2m=[0m[::]:0 [3mlocal[0m[2m=[0m[::]:43886 [3mdual_stack[0m[2m=[0mtrue
[2m2026-09-30T00:51:45.556416Z[0m [32m INFO[0m [2mmoq_native_ietf::quic[0m[2m:[0m UDP socket bound [3mbind[0m[2m=[0m[::]:0 [3mlocal[0m[2m=[0m[::]:47930 [3mdual_stack[0m[2m=[0mtrue
[2m2026-09-30T00:51:45.618093Z[0m [32m INFO[0m [2mmoq_test_client::moqtest[0m[2m:[0m PUBLISH accepted and subscription bound; generating objects [3mobjects[0m[2m=[0m15 [3mstreams[0m[2m=[0m0
not ok 15 - moq-test-datagram-eog
  ---
  duration_ms: 318
  message: "failed to write datagram: cancelled"
  ...
[2m2026-09-30T00:51:45.639570Z[0m [32m INFO[0m [2mmoq_native_ietf::quic[0m[2m:[0m UDP socket bound [3mbind[0m[2m=[0m[::]:0 [3mlocal[0m[2m=[0m[::]:35310 [3mdual_stack[0m[2m=[0mtrue
[2m2026-09-30T00:51:45.965408Z[0m [32m INFO[0m [2mmoq_native_ietf::quic[0m[2m:[0m UDP socket bound [3mbind[0m[2m=[0m[::]:0 [3mlocal[0m[2m=[0m[::]:54641 [3mdual_stack[0m[2m=[0mtrue
[2m2026-09-30T00:51:46.027759Z[0m [32m INFO[0m [2mmoq_test_client::moqtest[0m[2m:[0m PUBLISH accepted and subscription bound; generating objects [3mobjects[0m[2m=[0m15 [3mstreams[0m[2m=[0m3
not ok 16 - moq-test-extensions
  ---
  duration_ms: 408
  message: "failed to create subgroup: cancelled"
  ...
[2m2026-09-30T00:51:46.047836Z[0m [32m INFO[0m [2mmoq_native_ietf::quic[0m[2m:[0m UDP socket bound [3mbind[0m[2m=[0m[::]:0 [3mlocal[0m[2m=[0m[::]:38631 [3mdual_stack[0m[2m=[0mtrue
[2m2026-09-30T00:51:46.283102Z[0m [32m INFO[0m [2mmoq_native_ietf::quic[0m[2m:[0m UDP socket bound [3mbind[0m[2m=[0m[::]:0 [3mlocal[0m[2m=[0m[::]:44343 [3mdual_stack[0m[2m=[0mtrue
[2m2026-09-30T00:51:46.345275Z[0m [32m INFO[0m [2mmoq_test_client::moqtest[0m[2m:[0m PUBLISH accepted and subscription bound; generating objects [3mobjects[0m[2m=[0m9 [3mstreams[0m[2m=[0m3
not ok 17 - moq-test-increments
  ---
  duration_ms: 308
  message: "failed to create subgroup: cancelled"
  ...
[2m2026-09-30T00:51:46.355997Z[0m [32m INFO[0m [2mmoq_native_ietf::quic[0m[2m:[0m UDP socket bound [3mbind[0m[2m=[0m[::]:0 [3mlocal[0m[2m=[0m[::]:38144 [3mdual_stack[0m[2m=[0mtrue
[2m2026-09-30T00:51:46.592331Z[0m [32m INFO[0m [2mmoq_native_ietf::quic[0m[2m:[0m UDP socket bound [3mbind[0m[2m=[0m[::]:0 [3mlocal[0m[2m=[0m[::]:43869 [3mdual_stack[0m[2m=[0mtrue
[2m2026-09-30T00:51:46.653787Z[0m [32m INFO[0m [2mmoq_test_client::moqtest[0m[2m:[0m PUBLISH accepted and subscription bound; generating objects [3mobjects[0m[2m=[0m6 [3mstreams[0m[2m=[0m2
not ok 18 - moq-test-forward-zero
  ---
  duration_ms: 308
  message: "failed to create subgroup: cancelled"
  ...
make[1]: *** [Makefile:122: test-external] Error 1
make[1]: Leaving directory '/home/runner/work/moq-interop-runner/moq-interop-runner/main'
