make[1]: Entering directory '/home/runner/work/moq-interop-runner/moq-interop-runner/main'
Running tests against https://draft-18-interop.cloudflare.mediaoverquic.com:443/moq...
  Client: ghcr.io/englishm/moq-interop-runner-moq-test-client-draft-18:latest
docker run --rm \
	 \
	--network host \
	-e RELAY_URL=https://draft-18-interop.cloudflare.mediaoverquic.com:443/moq \
	-e TLS_DISABLE_VERIFY=false \
	ghcr.io/englishm/moq-interop-runner-moq-test-client-draft-18:latest
TAP version 14
# moq-test-client v0.1.12
# Relay: https://draft-18-interop.cloudflare.mediaoverquic.com/moq
1..18
[2m2026-09-30T00:46:04.793480Z[0m [32m INFO[0m [2mmoq_native_ietf::quic[0m[2m:[0m UDP socket bound [3mbind[0m[2m=[0m[::]:0 [3mlocal[0m[2m=[0m[::]:44577 [3mdual_stack[0m[2m=[0mtrue
ok 1 - setup-only
  ---
  duration_ms: 323
  connection_id: 4ef494dd38cd95e9de69fdfc309c3301
  ...
[2m2026-09-30T00:46:05.116360Z[0m [32m INFO[0m [2mmoq_test_client::scenarios[0m[2m:[0m SETUP exchange completed successfully
[2m2026-09-30T00:46:05.117381Z[0m [32m INFO[0m [2mmoq_native_ietf::quic[0m[2m:[0m UDP socket bound [3mbind[0m[2m=[0m[::]:0 [3mlocal[0m[2m=[0m[::]:33586 [3mdual_stack[0m[2m=[0mtrue
[2m2026-09-30T00:46:05.179097Z[0m [33m WARN[0m [2mweb_transport_quinn::session[0m[2m:[0m failed to read capsule [3me[0m[2m=[0mUnexpectedEnd
[2m2026-09-30T00:46:05.444803Z[0m [32m INFO[0m [2mmoq_test_client::scenarios[0m[2m:[0m Sending PUBLISH_NAMESPACE for: moq-test/interop
[2m2026-09-30T00:46:07.445670Z[0m [32m INFO[0m [2mmoq_test_client::scenarios[0m[2m:[0m PUBLISH_NAMESPACE succeeded (REQUEST_OK received, waiting for subscribers)
ok 2 - publish-namespace-only
  ---
  duration_ms: 2329
  connection_id: 3b5c571e94782655da9ef4eccdc21b55
  ...
[2m2026-09-30T00:46:07.446934Z[0m [32m INFO[0m [2mmoq_native_ietf::quic[0m[2m:[0m UDP socket bound [3mbind[0m[2m=[0m[::]:0 [3mlocal[0m[2m=[0m[::]:55076 [3mdual_stack[0m[2m=[0mtrue
[2m2026-09-30T00:46:07.508647Z[0m [33m WARN[0m [2mweb_transport_quinn::session[0m[2m:[0m failed to read capsule [3me[0m[2m=[0mUnexpectedEnd
[2m2026-09-30T00:46:07.769884Z[0m [32m INFO[0m [2mmoq_test_client::scenarios[0m[2m:[0m Subscribing to non-existent track: nonexistent/namespace/test-track
[2m2026-09-30T00:46:07.834320Z[0m [33m WARN[0m [2mmoq_transport::serve::error[0m[2m:[0m [1833827a-94c0-4f16-b8c1-67b714f8543f] Not found: not found: Track not found [error:b8902091-05a1-43da-8948-53f49c96cb1a] at moq-transport/src/session/subscriber.rs:1653
ok 3 - subscribe-error
  ---
  duration_ms: 388
  connection_id: 60c4af9c371ac6852fda02b9afa4f699
  ...
[2m2026-09-30T00:46:07.834390Z[0m [32m INFO[0m [2mmoq_test_client::scenarios[0m[2m:[0m Got expected 'not found' error: not found: Track not found [error:1833827a-94c0-4f16-b8c1-67b714f8543f]
[2m2026-09-30T00:46:07.835580Z[0m [32m INFO[0m [2mmoq_native_ietf::quic[0m[2m:[0m UDP socket bound [3mbind[0m[2m=[0m[::]:0 [3mlocal[0m[2m=[0m[::]:52226 [3mdual_stack[0m[2m=[0mtrue
[2m2026-09-30T00:46:08.203934Z[0m [32m INFO[0m [2mmoq_native_ietf::quic[0m[2m:[0m UDP socket bound [3mbind[0m[2m=[0m[::]:0 [3mlocal[0m[2m=[0m[::]:55543 [3mdual_stack[0m[2m=[0mtrue
[2m2026-09-30T00:46:08.617443Z[0m [32m INFO[0m [2mmoq_test_client::scenarios[0m[2m:[0m Publisher sending PUBLISH_NAMESPACE: moq-test/interop
[2m2026-09-30T00:46:08.617464Z[0m [32m INFO[0m [2mmoq_test_client::scenarios[0m[2m:[0m Subscriber subscribing to track: moq-test/interop/test-track
[2m2026-09-30T00:46:11.619706Z[0m [32m INFO[0m [2mmoq_test_client::scenarios[0m[2m:[0m Test timeout reached - subscription routing may still be in progress
ok 4 - publish-namespace-subscribe
  ---
  duration_ms: 3785
  publisher_connection_id: f007c5aa2b8536d264641dbbeb421017
  subscriber_connection_id: 061b4ee91e60982fbd3dd1442c2fdce2
  ...
[2m2026-09-30T00:46:11.620914Z[0m [32m INFO[0m [2mmoq_native_ietf::quic[0m[2m:[0m UDP socket bound [3mbind[0m[2m=[0m[::]:0 [3mlocal[0m[2m=[0m[::]:43323 [3mdual_stack[0m[2m=[0mtrue
[2m2026-09-30T00:46:11.682863Z[0m [33m WARN[0m [2mweb_transport_quinn::session[0m[2m:[0m failed to read capsule [3me[0m[2m=[0mUnexpectedEnd
[2m2026-09-30T00:46:11.683013Z[0m [33m WARN[0m [2mweb_transport_quinn::session[0m[2m:[0m failed to read capsule [3me[0m[2m=[0mUnexpectedEnd
[2m2026-09-30T00:46:12.029706Z[0m [32m INFO[0m [2mmoq_test_client::scenarios[0m[2m:[0m Subscriber subscribing BEFORE PUBLISH_NAMESPACE: moq-test/interop/test-track
[2m2026-09-30T00:46:12.094489Z[0m [33m WARN[0m [2mmoq_transport::serve::error[0m[2m:[0m [fb460089-10e1-4113-9310-1aca2b7ffe8b] Not found: not found: Track not found [error:71b8aa20-f8d2-458b-97a4-4ce9a6c3d9a6] at moq-transport/src/session/subscriber.rs:1653
[2m2026-09-30T00:46:12.157353Z[0m [33m WARN[0m [2mweb_transport_quinn::session[0m[2m:[0m failed to read capsule [3me[0m[2m=[0mUnexpectedEnd
[2m2026-09-30T00:46:12.531494Z[0m [32m INFO[0m [2mmoq_native_ietf::quic[0m[2m:[0m UDP socket bound [3mbind[0m[2m=[0m[::]:0 [3mlocal[0m[2m=[0m[::]:37811 [3mdual_stack[0m[2m=[0mtrue
[2m2026-09-30T00:46:12.877802Z[0m [32m INFO[0m [2mmoq_test_client::scenarios[0m[2m:[0m Publisher sending PUBLISH_NAMESPACE (after subscriber): moq-test/interop
[2m2026-09-30T00:46:15.878880Z[0m [32m INFO[0m [2mmoq_test_client::scenarios[0m[2m:[0m Publisher PUBLISH_NAMESPACE timeout (expected)
[2m2026-09-30T00:46:15.878909Z[0m [32m INFO[0m [2mmoq_test_client::scenarios[0m[2m:[0m Subscriber got error: not found: Track not found [error:fb460089-10e1-4113-9310-1aca2b7ffe8b] (may be expected)
ok 5 - subscribe-before-publish-namespace
  ---
  duration_ms: 4259
  subscriber_connection_id: 02bc56e48e825f4bea40a4cb35afc5cf
  publisher_connection_id: db428ae497809ba3b235fa415d301956
  ...
[2m2026-09-30T00:46:15.879889Z[0m [32m INFO[0m [2mmoq_native_ietf::quic[0m[2m:[0m UDP socket bound [3mbind[0m[2m=[0m[::]:0 [3mlocal[0m[2m=[0m[::]:43641 [3mdual_stack[0m[2m=[0mtrue
[2m2026-09-30T00:46:15.946244Z[0m [33m WARN[0m [2mweb_transport_quinn::session[0m[2m:[0m failed to read capsule [3me[0m[2m=[0mUnexpectedEnd
[2m2026-09-30T00:46:16.203420Z[0m [32m INFO[0m [2mmoq_test_client::scenarios[0m[2m:[0m Sending PUBLISH_NAMESPACE: moq-test/interop
[2m2026-09-30T00:46:18.204762Z[0m [32m INFO[0m [2mmoq_test_client::scenarios[0m[2m:[0m PUBLISH_NAMESPACE active; sending PUBLISH_NAMESPACE_DONE
[2m2026-09-30T00:46:18.306285Z[0m [32m INFO[0m [2mmoq_test_client::scenarios[0m[2m:[0m PUBLISH_NAMESPACE_DONE sent successfully
ok 6 - publish-namespace-done
  ---
  duration_ms: 2427
  connection_id: ab9e1fd15b89ac0cf8d48dd1188657b6
  ...
[2m2026-09-30T00:46:18.307306Z[0m [32m INFO[0m [2mmoq_native_ietf::quic[0m[2m:[0m UDP socket bound [3mbind[0m[2m=[0m[::]:0 [3mlocal[0m[2m=[0m[::]:40931 [3mdual_stack[0m[2m=[0mtrue
[2m2026-09-30T00:46:18.629612Z[0m [32m INFO[0m [2mmoq_test_client::scenarios[0m[2m:[0m Publisher sending direct PUBLISH [3mnamespace[0m[2m=[0m/moq-test/publish [3mtrack[0m[2m=[0m"published-track"
[2m2026-09-30T00:46:18.693051Z[0m [32m INFO[0m [2mmoq_test_client::scenarios[0m[2m:[0m PUBLISH accepted [3mnamespace[0m[2m=[0m/moq-test/publish [3mtrack[0m[2m=[0m"published-track"
ok 7 - publish-track-only
  ---
  duration_ms: 386
  connection_id: 5bfbe9bbc1999e56454869da37d52f6f
  ...
[2m2026-09-30T00:46:18.693254Z[0m [32m INFO[0m [2mmoq_test_client::scenarios[0m[2m:[0m PUBLISH completed [3mnamespace[0m[2m=[0m/moq-test/publish [3mtrack[0m[2m=[0m"published-track"
[2m2026-09-30T00:46:18.694153Z[0m [32m INFO[0m [2mmoq_native_ietf::quic[0m[2m:[0m UDP socket bound [3mbind[0m[2m=[0m[::]:0 [3mlocal[0m[2m=[0m[::]:34740 [3mdual_stack[0m[2m=[0mtrue
[2m2026-09-30T00:46:18.755650Z[0m [33m WARN[0m [2mweb_transport_quinn::session[0m[2m:[0m failed to read capsule [3me[0m[2m=[0mUnexpectedEnd
[2m2026-09-30T00:46:19.114032Z[0m [32m INFO[0m [2mmoq_native_ietf::quic[0m[2m:[0m UDP socket bound [3mbind[0m[2m=[0m[::]:0 [3mlocal[0m[2m=[0m[::]:48553 [3mdual_stack[0m[2m=[0mtrue
[2m2026-09-30T00:46:19.439748Z[0m [32m INFO[0m [2mmoq_test_client::scenarios[0m[2m:[0m Publisher sending direct PUBLISH before subscriber subscribes [3mnamespace[0m[2m=[0m/moq-test/publish [3mtrack[0m[2m=[0m"published-track"
[2m2026-09-30T00:46:19.503326Z[0m [32m INFO[0m [2mmoq_test_client::scenarios[0m[2m:[0m PUBLISH accepted; starting subscriber [3mnamespace[0m[2m=[0m/moq-test/publish [3mtrack[0m[2m=[0m"published-track"
[2m2026-09-30T00:46:19.668704Z[0m [32m INFO[0m [2mmoq_test_client::scenarios[0m[2m:[0m Subscriber received direct PUBLISH track [3mnamespace[0m[2m=[0m/moq-test/publish [3mtrack[0m[2m=[0m"published-track"
ok 8 - publish-track-subscribe
  ---
  duration_ms: 975
  publisher_connection_id: 2266beab0f698565766495992f7fcade
  subscriber_connection_id: 668221d8ce29dfcacf39ddcfc578761e
  ...
[2m2026-09-30T00:46:19.669913Z[0m [32m INFO[0m [2mmoq_native_ietf::quic[0m[2m:[0m UDP socket bound [3mbind[0m[2m=[0m[::]:0 [3mlocal[0m[2m=[0m[::]:48958 [3mdual_stack[0m[2m=[0mtrue
[2m2026-09-30T00:46:19.731703Z[0m [33m WARN[0m [2mweb_transport_quinn::session[0m[2m:[0m failed to read capsule [3me[0m[2m=[0mUnexpectedEnd
[2m2026-09-30T00:46:19.731926Z[0m [33m WARN[0m [2mweb_transport_quinn::session[0m[2m:[0m failed to read capsule [3me[0m[2m=[0mUnexpectedEnd
[2m2026-09-30T00:46:19.988296Z[0m [32m INFO[0m [2mmoq_test_client::scenarios[0m[2m:[0m Subscribing with RENDEZVOUS_TIMEOUT to a track with no publisher [3mtimeout_ms[0m[2m=[0m500
[2m2026-09-30T00:46:20.553165Z[0m [32m INFO[0m [2mmoq_test_client::scenarios[0m[2m:[0m Received expected REQUEST_ERROR TIMEOUT
ok 9 - rendezvous-timeout
  ---
  duration_ms: 884
  connection_id: 740f82728479b66d4eb1ea52d5c1db8e
  ...
[2m2026-09-30T00:46:20.554255Z[0m [32m INFO[0m [2mmoq_native_ietf::quic[0m[2m:[0m UDP socket bound [3mbind[0m[2m=[0m[::]:0 [3mlocal[0m[2m=[0m[::]:42002 [3mdual_stack[0m[2m=[0mtrue
[2m2026-09-30T00:46:20.615018Z[0m [33m WARN[0m [2mweb_transport_quinn::session[0m[2m:[0m failed to read capsule [3me[0m[2m=[0mUnexpectedEnd
[2m2026-09-30T00:46:21.077979Z[0m [32m INFO[0m [2mmoq_native_ietf::quic[0m[2m:[0m UDP socket bound [3mbind[0m[2m=[0m[::]:0 [3mlocal[0m[2m=[0m[::]:52685 [3mdual_stack[0m[2m=[0mtrue
[2m2026-09-30T00:46:21.466135Z[0m [32m INFO[0m [2mmoq_test_client::moqtest[0m[2m:[0m PUBLISH accepted and subscription bound; generating objects [3mobjects[0m[2m=[0m15 [3mstreams[0m[2m=[0m3
[2m2026-09-30T00:46:21.513249Z[0m [32m INFO[0m [2mmoq_test_client::moqtest[0m[2m:[0m PUBLISH completed
[2m2026-09-30T00:46:21.577690Z[0m [31mERROR[0m [2mmoq_transport::serve::error[0m[2m:[0m [02dcb458-8e37-4aef-b1cb-32567813b9cd] Internal error: subgroup receive failed at moq-transport/src/session/subscriber.rs:378
[2m2026-09-30T00:46:21.577703Z[0m [33m WARN[0m [2mmoq_transport::session[0m[2m:[0m failed to serve stream: webtransport error: read error: RESET_STREAM: 0
not ok 10 - moq-test-subgroup-per-group
  ---
  duration_ms: 1024
  message: "subscriber verification failed: subgroup read failed: internal error: Internal error [error:02dcb458-8e37-4aef-b1cb-32567813b9cd]"
  ...
[2m2026-09-30T00:46:21.578696Z[0m [32m INFO[0m [2mmoq_native_ietf::quic[0m[2m:[0m UDP socket bound [3mbind[0m[2m=[0m[::]:0 [3mlocal[0m[2m=[0m[::]:44335 [3mdual_stack[0m[2m=[0mtrue
[2m2026-09-30T00:46:21.639863Z[0m [33m WARN[0m [2mweb_transport_quinn::session[0m[2m:[0m failed to read capsule [3me[0m[2m=[0mUnexpectedEnd
[2m2026-09-30T00:46:22.164660Z[0m [32m INFO[0m [2mmoq_native_ietf::quic[0m[2m:[0m UDP socket bound [3mbind[0m[2m=[0m[::]:0 [3mlocal[0m[2m=[0m[::]:58914 [3mdual_stack[0m[2m=[0mtrue
[2m2026-09-30T00:46:22.547146Z[0m [32m INFO[0m [2mmoq_test_client::moqtest[0m[2m:[0m PUBLISH accepted and subscription bound; generating objects [3mobjects[0m[2m=[0m15 [3mstreams[0m[2m=[0m3
[2m2026-09-30T00:46:22.602604Z[0m [32m INFO[0m [2mmoq_test_client::moqtest[0m[2m:[0m PUBLISH completed
[2m2026-09-30T00:46:22.667190Z[0m [31mERROR[0m [2mmoq_transport::serve::error[0m[2m:[0m [9645bd7c-306a-4da4-8607-d2b1025c0bfb] Internal error: subgroup receive failed at moq-transport/src/session/subscriber.rs:378
[2m2026-09-30T00:46:22.667210Z[0m [33m WARN[0m [2mmoq_transport::session[0m[2m:[0m failed to serve stream: webtransport error: read error: RESET_STREAM: 0
not ok 11 - moq-test-subgroup-per-group-eog
  ---
  duration_ms: 1089
  message: "subscriber verification failed: subgroup read failed: internal error: Internal error [error:9645bd7c-306a-4da4-8607-d2b1025c0bfb]"
  ...
[2m2026-09-30T00:46:22.668182Z[0m [32m INFO[0m [2mmoq_native_ietf::quic[0m[2m:[0m UDP socket bound [3mbind[0m[2m=[0m[::]:0 [3mlocal[0m[2m=[0m[::]:34902 [3mdual_stack[0m[2m=[0mtrue
[2m2026-09-30T00:46:22.729395Z[0m [33m WARN[0m [2mweb_transport_quinn::session[0m[2m:[0m failed to read capsule [3me[0m[2m=[0mUnexpectedEnd
[2m2026-09-30T00:46:23.195290Z[0m [32m INFO[0m [2mmoq_native_ietf::quic[0m[2m:[0m UDP socket bound [3mbind[0m[2m=[0m[::]:0 [3mlocal[0m[2m=[0m[::]:41650 [3mdual_stack[0m[2m=[0mtrue
[2m2026-09-30T00:46:23.594547Z[0m [32m INFO[0m [2mmoq_test_client::moqtest[0m[2m:[0m PUBLISH accepted and subscription bound; generating objects [3mobjects[0m[2m=[0m8 [3mstreams[0m[2m=[0m8
[2m2026-09-30T00:46:23.619809Z[0m [32m INFO[0m [2mmoq_test_client::moqtest[0m[2m:[0m PUBLISH completed
ok 12 - moq-test-subgroup-per-object
  ---
  duration_ms: 1015
  subscriber_connection_id: bf9b007222455459dae79e797ec36821
  publisher_connection_id: 5b699845ad1e68322d6c717d025c994c
  ...
[2m2026-09-30T00:46:23.682793Z[0m [32m INFO[0m [2mmoq_test_client[0m[2m:[0m moq-test passed: objects 8/8, eog 0/0, streams 8, publish_done status=2 stream_count=8 reason=ReasonPhrase("done")
[2m2026-09-30T00:46:23.683615Z[0m [32m INFO[0m [2mmoq_native_ietf::quic[0m[2m:[0m UDP socket bound [3mbind[0m[2m=[0m[::]:0 [3mlocal[0m[2m=[0m[::]:41690 [3mdual_stack[0m[2m=[0mtrue
[2m2026-09-30T00:46:23.745391Z[0m [33m WARN[0m [2mweb_transport_quinn::session[0m[2m:[0m failed to read capsule [3me[0m[2m=[0mUnexpectedEnd
[2m2026-09-30T00:46:24.211247Z[0m [32m INFO[0m [2mmoq_native_ietf::quic[0m[2m:[0m UDP socket bound [3mbind[0m[2m=[0m[::]:0 [3mlocal[0m[2m=[0m[::]:57620 [3mdual_stack[0m[2m=[0mtrue
[2m2026-09-30T00:46:24.596953Z[0m [32m INFO[0m [2mmoq_test_client::moqtest[0m[2m:[0m PUBLISH accepted and subscription bound; generating objects [3mobjects[0m[2m=[0m18 [3mstreams[0m[2m=[0m6
[2m2026-09-30T00:46:24.661400Z[0m [32m INFO[0m [2mmoq_test_client::moqtest[0m[2m:[0m PUBLISH completed
[2m2026-09-30T00:46:24.725599Z[0m [31mERROR[0m [2mmoq_transport::serve::error[0m[2m:[0m [25876c43-0cf7-417c-acaf-2d0423b90d7c] Internal error: subgroup receive failed at moq-transport/src/session/subscriber.rs:378
[2m2026-09-30T00:46:24.725619Z[0m [33m WARN[0m [2mmoq_transport::session[0m[2m:[0m failed to serve stream: webtransport error: read error: RESET_STREAM: 0
[2m2026-09-30T00:46:24.725626Z[0m [31mERROR[0m [2mmoq_transport::serve::error[0m[2m:[0m [fd6b69a4-0eae-4629-abb7-9bceeca243d3] Internal error: subgroup receive failed at moq-transport/src/session/subscriber.rs:378
[2m2026-09-30T00:46:24.725630Z[0m [33m WARN[0m [2mmoq_transport::session[0m[2m:[0m failed to serve stream: webtransport error: read error: RESET_STREAM: 0
not ok 13 - moq-test-two-subgroups-eog
  ---
  duration_ms: 1042
  message: "subscriber verification failed: subgroup read failed: internal error: Internal error [error:fd6b69a4-0eae-4629-abb7-9bceeca243d3]"
  ...
[2m2026-09-30T00:46:24.726764Z[0m [32m INFO[0m [2mmoq_native_ietf::quic[0m[2m:[0m UDP socket bound [3mbind[0m[2m=[0m[::]:0 [3mlocal[0m[2m=[0m[::]:59752 [3mdual_stack[0m[2m=[0mtrue
[2m2026-09-30T00:46:24.788617Z[0m [33m WARN[0m [2mweb_transport_quinn::session[0m[2m:[0m failed to read capsule [3me[0m[2m=[0mUnexpectedEnd
[2m2026-09-30T00:46:25.287255Z[0m [32m INFO[0m [2mmoq_native_ietf::quic[0m[2m:[0m UDP socket bound [3mbind[0m[2m=[0m[::]:0 [3mlocal[0m[2m=[0m[::]:39321 [3mdual_stack[0m[2m=[0mtrue
[2m2026-09-30T00:46:25.677677Z[0m [32m INFO[0m [2mmoq_test_client::moqtest[0m[2m:[0m PUBLISH accepted and subscription bound; generating objects [3mobjects[0m[2m=[0m15 [3mstreams[0m[2m=[0m0
[2m2026-09-30T00:46:25.995752Z[0m [32m INFO[0m [2mmoq_test_client::moqtest[0m[2m:[0m PUBLISH completed
[2m2026-09-30T00:46:26.059798Z[0m [32m INFO[0m [2mmoq_test_client[0m[2m:[0m moq-test passed: objects 15/15, eog 0/0, streams 0, publish_done status=2 stream_count=0 reason=ReasonPhrase("done")
ok 14 - moq-test-datagram
  ---
  duration_ms: 1333
  subscriber_connection_id: 7c2a7335eff69ee7f2aa1cbe2087e9bf
  publisher_connection_id: d50ef189e7f0e49fe6f5c7bfdc79169c
  ...
[2m2026-09-30T00:46:26.060679Z[0m [32m INFO[0m [2mmoq_native_ietf::quic[0m[2m:[0m UDP socket bound [3mbind[0m[2m=[0m[::]:0 [3mlocal[0m[2m=[0m[::]:57223 [3mdual_stack[0m[2m=[0mtrue
[2m2026-09-30T00:46:26.121982Z[0m [33m WARN[0m [2mweb_transport_quinn::session[0m[2m:[0m failed to read capsule [3me[0m[2m=[0mUnexpectedEnd
[2m2026-09-30T00:46:26.626679Z[0m [32m INFO[0m [2mmoq_native_ietf::quic[0m[2m:[0m UDP socket bound [3mbind[0m[2m=[0m[::]:0 [3mlocal[0m[2m=[0m[::]:44340 [3mdual_stack[0m[2m=[0mtrue
[2m2026-09-30T00:46:27.010283Z[0m [32m INFO[0m [2mmoq_test_client::moqtest[0m[2m:[0m PUBLISH accepted and subscription bound; generating objects [3mobjects[0m[2m=[0m15 [3mstreams[0m[2m=[0m0
[2m2026-09-30T00:46:27.388852Z[0m [32m INFO[0m [2mmoq_test_client::moqtest[0m[2m:[0m PUBLISH completed
ok 15 - moq-test-datagram-eog
  ---
  duration_ms: 1391
  subscriber_connection_id: e32bf3e59cbe02290a426aa583d00476
  publisher_connection_id: 3d3f0ff60d1366c8b54af0baf4acd6cc
  ...
[2m2026-09-30T00:46:27.451467Z[0m [32m INFO[0m [2mmoq_test_client[0m[2m:[0m moq-test passed: objects 15/15, eog 3/3, streams 0, publish_done status=2 stream_count=0 reason=ReasonPhrase("done")
[2m2026-09-30T00:46:27.452480Z[0m [32m INFO[0m [2mmoq_native_ietf::quic[0m[2m:[0m UDP socket bound [3mbind[0m[2m=[0m[::]:0 [3mlocal[0m[2m=[0m[::]:51812 [3mdual_stack[0m[2m=[0mtrue
[2m2026-09-30T00:46:27.514032Z[0m [33m WARN[0m [2mweb_transport_quinn::session[0m[2m:[0m failed to read capsule [3me[0m[2m=[0mUnexpectedEnd
[2m2026-09-30T00:46:28.036709Z[0m [32m INFO[0m [2mmoq_native_ietf::quic[0m[2m:[0m UDP socket bound [3mbind[0m[2m=[0m[::]:0 [3mlocal[0m[2m=[0m[::]:44252 [3mdual_stack[0m[2m=[0mtrue
[2m2026-09-30T00:46:28.427649Z[0m [32m INFO[0m [2mmoq_test_client::moqtest[0m[2m:[0m PUBLISH accepted and subscription bound; generating objects [3mobjects[0m[2m=[0m15 [3mstreams[0m[2m=[0m3
[2m2026-09-30T00:46:28.483834Z[0m [32m INFO[0m [2mmoq_test_client::moqtest[0m[2m:[0m PUBLISH completed
ok 16 - moq-test-extensions
  ---
  duration_ms: 1095
  subscriber_connection_id: 8ef2400a7ad09e1df8c6af6c34aff183
  publisher_connection_id: 56118e7d89dcf83d76ea2090965d5def
  ...
[2m2026-09-30T00:46:28.547172Z[0m [32m INFO[0m [2mmoq_test_client[0m[2m:[0m moq-test passed: objects 15/15, eog 3/3, streams 3, publish_done status=2 stream_count=3 reason=ReasonPhrase("done")
[2m2026-09-30T00:46:28.548016Z[0m [32m INFO[0m [2mmoq_native_ietf::quic[0m[2m:[0m UDP socket bound [3mbind[0m[2m=[0m[::]:0 [3mlocal[0m[2m=[0m[::]:51762 [3mdual_stack[0m[2m=[0mtrue
[2m2026-09-30T00:46:28.608936Z[0m [33m WARN[0m [2mweb_transport_quinn::session[0m[2m:[0m failed to read capsule [3me[0m[2m=[0mUnexpectedEnd
[2m2026-09-30T00:46:29.096339Z[0m [32m INFO[0m [2mmoq_native_ietf::quic[0m[2m:[0m UDP socket bound [3mbind[0m[2m=[0m[::]:0 [3mlocal[0m[2m=[0m[::]:35375 [3mdual_stack[0m[2m=[0mtrue
[2m2026-09-30T00:46:29.502192Z[0m [32m INFO[0m [2mmoq_test_client::moqtest[0m[2m:[0m PUBLISH accepted and subscription bound; generating objects [3mobjects[0m[2m=[0m9 [3mstreams[0m[2m=[0m3
[2m2026-09-30T00:46:29.530306Z[0m [32m INFO[0m [2mmoq_test_client::moqtest[0m[2m:[0m PUBLISH completed
[2m2026-09-30T00:46:29.597445Z[0m [32m INFO[0m [2mmoq_test_client[0m[2m:[0m moq-test passed: objects 9/9, eog 0/0, streams 3, publish_done status=2 stream_count=3 reason=ReasonPhrase("done")
ok 17 - moq-test-increments
  ---
  duration_ms: 1050
  subscriber_connection_id: 46c18d2c48cc1064a7b29d8d2951e948
  publisher_connection_id: 8f6ffdc23a70759db618785e0cf68296
  ...
[2m2026-09-30T00:46:29.598404Z[0m [32m INFO[0m [2mmoq_native_ietf::quic[0m[2m:[0m UDP socket bound [3mbind[0m[2m=[0m[::]:0 [3mlocal[0m[2m=[0m[::]:58800 [3mdual_stack[0m[2m=[0mtrue
[2m2026-09-30T00:46:29.664658Z[0m [33m WARN[0m [2mweb_transport_quinn::session[0m[2m:[0m failed to read capsule [3me[0m[2m=[0mUnexpectedEnd
[2m2026-09-30T00:46:30.123090Z[0m [32m INFO[0m [2mmoq_native_ietf::quic[0m[2m:[0m UDP socket bound [3mbind[0m[2m=[0m[::]:0 [3mlocal[0m[2m=[0m[::]:54838 [3mdual_stack[0m[2m=[0mtrue
[2m2026-09-30T00:46:30.506039Z[0m [32m INFO[0m [2mmoq_test_client::moqtest[0m[2m:[0m PUBLISH accepted and subscription bound; generating objects [3mobjects[0m[2m=[0m6 [3mstreams[0m[2m=[0m2
[2m2026-09-30T00:46:30.525717Z[0m [32m INFO[0m [2mmoq_test_client::moqtest[0m[2m:[0m PUBLISH completed
[2m2026-09-30T00:46:30.589034Z[0m [32m INFO[0m [2mmoq_test_client[0m[2m:[0m moq-test passed: objects 0/0, eog 0/0, streams 0, publish_done status=2 stream_count=0 reason=ReasonPhrase("done")
ok 18 - moq-test-forward-zero
  ---
  duration_ms: 991
  subscriber_connection_id: df7094df3287ed8d2ad350ef17c4e44d
  publisher_connection_id: b3d4d6e14adeab4e43cf5064063c9e1c
  ...
make[1]: *** [Makefile:122: test-external] Error 1
make[1]: Leaving directory '/home/runner/work/moq-interop-runner/moq-interop-runner/main'
