make[1]: Entering directory '/home/runner/work/moq-interop-runner/moq-interop-runner/main'
Running tests against https://34-72-6-160.sslip.io:443...
  Client: ghcr.io/englishm/moq-interop-runner-moq-test-client-draft-14:latest
docker run --rm \
	 \
	--network host \
	-e RELAY_URL=https://34-72-6-160.sslip.io:443 \
	-e TLS_DISABLE_VERIFY=false \
	ghcr.io/englishm/moq-interop-runner-moq-test-client-draft-14:latest
TAP version 14
# moq-test-client v0.1.7
# Relay: https://34-72-6-160.sslip.io/
1..6
[2m2026-09-30T01:46:26.915371Z[0m [32m INFO[0m [2mmoq_native_ietf::quic[0m[2m:[0m UDP socket bound [3mbind[0m[2m=[0m[::]:0 [3mlocal[0m[2m=[0m[::]:56944 [3mdual_stack[0m[2m=[0mtrue
[2m2026-09-30T01:46:27.257389Z[0m [32m INFO[0m [2mmoq_test_client::scenarios[0m[2m:[0m SETUP exchange completed successfully
ok 1 - setup-only
  ---
  duration_ms: 342
  connection_id: acea23c76194e484662e645a016fccb6
  ...
[2m2026-09-30T01:46:27.258447Z[0m [32m INFO[0m [2mmoq_native_ietf::quic[0m[2m:[0m UDP socket bound [3mbind[0m[2m=[0m[::]:0 [3mlocal[0m[2m=[0m[::]:55007 [3mdual_stack[0m[2m=[0mtrue
[2m2026-09-30T01:46:27.284143Z[0m [33m WARN[0m [2mweb_transport_quinn::session[0m[2m:[0m unknown capsule [3mtyp[0m[2m=[0m0 [3msize[0m[2m=[0m7
[2m2026-09-30T01:46:27.828001Z[0m [32m INFO[0m [2mmoq_test_client::scenarios[0m[2m:[0m Announcing namespace: moq-test/interop
[2m2026-09-30T01:46:27.828099Z[0m [33m WARN[0m [2mmoq_transport::serve::error[0m[2m:[0m [83c35441-071b-4bd5-916c-711411631d72] Not implemented: SUBSCRIBE_NAMESPACE at moq-transport/src/session/error.rs:77
[2m2026-09-30T01:46:27.828115Z[0m [33m WARN[0m [2mmoq_transport::session::publisher[0m[2m:[0m failed to process message: serve error: not implemented: Feature not implemented [error:83c35441-071b-4bd5-916c-711411631d72]
[2m2026-09-30T01:46:27.828126Z[0m [33m WARN[0m [2mmoq_transport::serve::error[0m[2m:[0m [7cd04d7e-b25d-4308-af60-360d1f6f33e5] Not implemented: SUBSCRIBE_NAMESPACE at moq-transport/src/session/error.rs:77
[2m2026-09-30T01:46:27.828130Z[0m [33m WARN[0m [2mmoq_transport::session::publisher[0m[2m:[0m failed to process message: serve error: not implemented: Feature not implemented [error:7cd04d7e-b25d-4308-af60-360d1f6f33e5]
[2m2026-09-30T01:46:27.828136Z[0m [33m WARN[0m [2mmoq_transport::serve::error[0m[2m:[0m [5e4f3925-90cb-40eb-9fe7-feda4d7ccf93] Not implemented: SUBSCRIBE_NAMESPACE at moq-transport/src/session/error.rs:77
[2m2026-09-30T01:46:27.828139Z[0m [33m WARN[0m [2mmoq_transport::session::publisher[0m[2m:[0m failed to process message: serve error: not implemented: Feature not implemented [error:5e4f3925-90cb-40eb-9fe7-feda4d7ccf93]
[2m2026-09-30T01:46:29.829141Z[0m [32m INFO[0m [2mmoq_test_client::scenarios[0m[2m:[0m Announce succeeded (no error received, waiting for subscriptions timed out)
ok 2 - announce-only
  ---
  duration_ms: 2571
  connection_id: afab5b8615c2fd7eb2370a4a5843ee71
  ...
[2m2026-09-30T01:46:29.830211Z[0m [32m INFO[0m [2mmoq_native_ietf::quic[0m[2m:[0m UDP socket bound [3mbind[0m[2m=[0m[::]:0 [3mlocal[0m[2m=[0m[::]:51965 [3mdual_stack[0m[2m=[0mtrue
[2m2026-09-30T01:46:29.860093Z[0m [33m WARN[0m [2mweb_transport_quinn::session[0m[2m:[0m unknown capsule [3mtyp[0m[2m=[0m0 [3msize[0m[2m=[0m7
[2m2026-09-30T01:46:30.067865Z[0m [32m INFO[0m [2mmoq_test_client::scenarios[0m[2m:[0m Subscribing to non-existent track: nonexistent/namespace/test-track
[2m2026-09-30T01:46:30.067903Z[0m [33m WARN[0m [2mmoq_transport::serve::error[0m[2m:[0m [f917663d-35d8-4b46-8738-9e00a3e55b2a] Not implemented: SUBSCRIBE_NAMESPACE at moq-transport/src/session/error.rs:77
[2m2026-09-30T01:46:30.067908Z[0m [33m WARN[0m [2mmoq_transport::session::publisher[0m[2m:[0m failed to process message: serve error: not implemented: Feature not implemented [error:f917663d-35d8-4b46-8738-9e00a3e55b2a]
[2m2026-09-30T01:46:30.067915Z[0m [33m WARN[0m [2mmoq_transport::serve::error[0m[2m:[0m [6ab26d2c-7953-42a5-ad01-09470487fbbb] Not implemented: SUBSCRIBE_NAMESPACE at moq-transport/src/session/error.rs:77
[2m2026-09-30T01:46:30.067917Z[0m [33m WARN[0m [2mmoq_transport::session::publisher[0m[2m:[0m failed to process message: serve error: not implemented: Feature not implemented [error:6ab26d2c-7953-42a5-ad01-09470487fbbb]
[2m2026-09-30T01:46:30.067921Z[0m [33m WARN[0m [2mmoq_transport::serve::error[0m[2m:[0m [85dd8d6a-4250-4530-9960-13f41cba19d5] Not implemented: SUBSCRIBE_NAMESPACE at moq-transport/src/session/error.rs:77
[2m2026-09-30T01:46:30.067923Z[0m [33m WARN[0m [2mmoq_transport::session::publisher[0m[2m:[0m failed to process message: serve error: not implemented: Feature not implemented [error:85dd8d6a-4250-4530-9960-13f41cba19d5]
[2m2026-09-30T01:46:30.095508Z[0m [33m WARN[0m [2mmoq_test_client::scenarios[0m[2m:[0m Got error but not clearly 'not found': closed, code=4. This may indicate a different error type than expected.
ok 3 - subscribe-error
  ---
  duration_ms: 266
  connection_id: cb20bfa06ae45bb07b0f6c55bd3290fa
  ...
[2m2026-09-30T01:46:30.096463Z[0m [32m INFO[0m [2mmoq_native_ietf::quic[0m[2m:[0m UDP socket bound [3mbind[0m[2m=[0m[::]:0 [3mlocal[0m[2m=[0m[::]:50298 [3mdual_stack[0m[2m=[0mtrue
[2m2026-09-30T01:46:30.122970Z[0m [33m WARN[0m [2mweb_transport_quinn::session[0m[2m:[0m unknown capsule [3mtyp[0m[2m=[0m0 [3msize[0m[2m=[0m7
[2m2026-09-30T01:46:30.315208Z[0m [32m INFO[0m [2mmoq_native_ietf::quic[0m[2m:[0m UDP socket bound [3mbind[0m[2m=[0m[::]:0 [3mlocal[0m[2m=[0m[::]:39942 [3mdual_stack[0m[2m=[0mtrue
[2m2026-09-30T01:46:30.443139Z[0m [32m INFO[0m [2mmoq_test_client::scenarios[0m[2m:[0m Publisher announcing namespace: moq-test/interop
[2m2026-09-30T01:46:30.443163Z[0m [32m INFO[0m [2mmoq_test_client::scenarios[0m[2m:[0m Subscriber subscribing to track: moq-test/interop/test-track
[2m2026-09-30T01:46:30.443187Z[0m [33m WARN[0m [2mmoq_transport::serve::error[0m[2m:[0m [7ceab114-6700-4b8a-b6c8-d476606371e1] Not implemented: SUBSCRIBE_NAMESPACE at moq-transport/src/session/error.rs:77
[2m2026-09-30T01:46:30.443192Z[0m [33m WARN[0m [2mmoq_transport::session::publisher[0m[2m:[0m failed to process message: serve error: not implemented: Feature not implemented [error:7ceab114-6700-4b8a-b6c8-d476606371e1]
[2m2026-09-30T01:46:30.443199Z[0m [33m WARN[0m [2mmoq_transport::serve::error[0m[2m:[0m [39b68a85-d9c5-43a9-a505-417e41469a05] Not implemented: SUBSCRIBE_NAMESPACE at moq-transport/src/session/error.rs:77
[2m2026-09-30T01:46:30.443202Z[0m [33m WARN[0m [2mmoq_transport::session::publisher[0m[2m:[0m failed to process message: serve error: not implemented: Feature not implemented [error:39b68a85-d9c5-43a9-a505-417e41469a05]
[2m2026-09-30T01:46:30.443205Z[0m [33m WARN[0m [2mmoq_transport::serve::error[0m[2m:[0m [131e2997-d402-4026-bbf4-bb0cc4272923] Not implemented: SUBSCRIBE_NAMESPACE at moq-transport/src/session/error.rs:77
[2m2026-09-30T01:46:30.443207Z[0m [33m WARN[0m [2mmoq_transport::session::publisher[0m[2m:[0m failed to process message: serve error: not implemented: Feature not implemented [error:131e2997-d402-4026-bbf4-bb0cc4272923]
[2m2026-09-30T01:46:30.443242Z[0m [33m WARN[0m [2mmoq_transport::serve::error[0m[2m:[0m [601afc45-b4b3-4808-8172-470f3382fbe5] Not implemented: SUBSCRIBE_NAMESPACE at moq-transport/src/session/error.rs:77
[2m2026-09-30T01:46:30.443247Z[0m [33m WARN[0m [2mmoq_transport::session::publisher[0m[2m:[0m failed to process message: serve error: not implemented: Feature not implemented [error:601afc45-b4b3-4808-8172-470f3382fbe5]
[2m2026-09-30T01:46:30.443256Z[0m [33m WARN[0m [2mmoq_transport::serve::error[0m[2m:[0m [117d96e0-6187-4462-8199-75e33b7f5032] Not implemented: SUBSCRIBE_NAMESPACE at moq-transport/src/session/error.rs:77
[2m2026-09-30T01:46:30.443264Z[0m [33m WARN[0m [2mmoq_transport::session::publisher[0m[2m:[0m failed to process message: serve error: not implemented: Feature not implemented [error:117d96e0-6187-4462-8199-75e33b7f5032]
[2m2026-09-30T01:46:30.443308Z[0m [33m WARN[0m [2mmoq_transport::serve::error[0m[2m:[0m [dc0c7eb6-82c8-44ce-99bb-3bc89064dfc6] Not implemented: SUBSCRIBE_NAMESPACE at moq-transport/src/session/error.rs:77
[2m2026-09-30T01:46:30.443318Z[0m [33m WARN[0m [2mmoq_transport::session::publisher[0m[2m:[0m failed to process message: serve error: not implemented: Feature not implemented [error:dc0c7eb6-82c8-44ce-99bb-3bc89064dfc6]
[2m2026-09-30T01:46:30.474023Z[0m [32m INFO[0m [2mmoq_test_client::scenarios[0m[2m:[0m Subscriber got error: closed, code=4 - subscription was processed
ok 4 - announce-subscribe
  ---
  duration_ms: 378
  publisher_connection_id: cf60a3bd55fc3c5e780144fccaa5da9a
  subscriber_connection_id: 4b6b00d9fa3a895d3966f18ad00c524a
  ...
[2m2026-09-30T01:46:30.474946Z[0m [32m INFO[0m [2mmoq_native_ietf::quic[0m[2m:[0m UDP socket bound [3mbind[0m[2m=[0m[::]:0 [3mlocal[0m[2m=[0m[::]:55968 [3mdual_stack[0m[2m=[0mtrue
[2m2026-09-30T01:46:30.500877Z[0m [33m WARN[0m [2mweb_transport_quinn::session[0m[2m:[0m unknown capsule [3mtyp[0m[2m=[0m0 [3msize[0m[2m=[0m7
[2m2026-09-30T01:46:30.504545Z[0m [33m WARN[0m [2mweb_transport_quinn::session[0m[2m:[0m unknown capsule [3mtyp[0m[2m=[0m0 [3msize[0m[2m=[0m7
[2m2026-09-30T01:46:30.718679Z[0m [32m INFO[0m [2mmoq_test_client::scenarios[0m[2m:[0m Subscriber subscribing BEFORE announce: moq-test/interop/test-track
[2m2026-09-30T01:46:30.718758Z[0m [33m WARN[0m [2mmoq_transport::serve::error[0m[2m:[0m [7c917248-efc8-43c7-90f7-ee6cd9f84896] Not implemented: SUBSCRIBE_NAMESPACE at moq-transport/src/session/error.rs:77
[2m2026-09-30T01:46:30.718766Z[0m [33m WARN[0m [2mmoq_transport::session::publisher[0m[2m:[0m failed to process message: serve error: not implemented: Feature not implemented [error:7c917248-efc8-43c7-90f7-ee6cd9f84896]
[2m2026-09-30T01:46:30.718775Z[0m [33m WARN[0m [2mmoq_transport::serve::error[0m[2m:[0m [4ca548c9-5de3-4122-a26d-4a2fabaa07cb] Not implemented: SUBSCRIBE_NAMESPACE at moq-transport/src/session/error.rs:77
[2m2026-09-30T01:46:30.718789Z[0m [33m WARN[0m [2mmoq_transport::session::publisher[0m[2m:[0m failed to process message: serve error: not implemented: Feature not implemented [error:4ca548c9-5de3-4122-a26d-4a2fabaa07cb]
[2m2026-09-30T01:46:30.718793Z[0m [33m WARN[0m [2mmoq_transport::serve::error[0m[2m:[0m [119b2c88-0211-4a2b-988c-bafd1a69338d] Not implemented: SUBSCRIBE_NAMESPACE at moq-transport/src/session/error.rs:77
[2m2026-09-30T01:46:30.718796Z[0m [33m WARN[0m [2mmoq_transport::session::publisher[0m[2m:[0m failed to process message: serve error: not implemented: Feature not implemented [error:119b2c88-0211-4a2b-988c-bafd1a69338d]
[2m2026-09-30T01:46:30.780237Z[0m [33m WARN[0m [2mweb_transport_quinn::session[0m[2m:[0m unknown capsule [3mtyp[0m[2m=[0m0 [3msize[0m[2m=[0m7
[2m2026-09-30T01:46:31.221003Z[0m [32m INFO[0m [2mmoq_native_ietf::quic[0m[2m:[0m UDP socket bound [3mbind[0m[2m=[0m[::]:0 [3mlocal[0m[2m=[0m[::]:59040 [3mdual_stack[0m[2m=[0mtrue
[2m2026-09-30T01:46:31.436234Z[0m [32m INFO[0m [2mmoq_test_client::scenarios[0m[2m:[0m Publisher announcing namespace (after subscriber): moq-test/interop
[2m2026-09-30T01:46:31.436281Z[0m [33m WARN[0m [2mmoq_transport::serve::error[0m[2m:[0m [02836b5f-71e4-45ea-87c0-0b067ea0653c] Not implemented: SUBSCRIBE_NAMESPACE at moq-transport/src/session/error.rs:77
[2m2026-09-30T01:46:31.436289Z[0m [33m WARN[0m [2mmoq_transport::session::publisher[0m[2m:[0m failed to process message: serve error: not implemented: Feature not implemented [error:02836b5f-71e4-45ea-87c0-0b067ea0653c]
[2m2026-09-30T01:46:31.436337Z[0m [33m WARN[0m [2mmoq_transport::serve::error[0m[2m:[0m [b189c0e6-7f72-4576-81a5-321336b0edd0] Not implemented: SUBSCRIBE_NAMESPACE at moq-transport/src/session/error.rs:77
[2m2026-09-30T01:46:31.436346Z[0m [33m WARN[0m [2mmoq_transport::session::publisher[0m[2m:[0m failed to process message: serve error: not implemented: Feature not implemented [error:b189c0e6-7f72-4576-81a5-321336b0edd0]
[2m2026-09-30T01:46:31.436351Z[0m [33m WARN[0m [2mmoq_transport::serve::error[0m[2m:[0m [f2f54738-f37a-4e8c-89a6-dec4c19b25e7] Not implemented: SUBSCRIBE_NAMESPACE at moq-transport/src/session/error.rs:77
[2m2026-09-30T01:46:31.436355Z[0m [33m WARN[0m [2mmoq_transport::session::publisher[0m[2m:[0m failed to process message: serve error: not implemented: Feature not implemented [error:f2f54738-f37a-4e8c-89a6-dec4c19b25e7]
[2m2026-09-30T01:46:34.436878Z[0m [32m INFO[0m [2mmoq_test_client::scenarios[0m[2m:[0m Publisher announce timeout (expected)
[2m2026-09-30T01:46:34.436910Z[0m [32m INFO[0m [2mmoq_test_client::scenarios[0m[2m:[0m Subscriber got error: closed, code=4 (may be expected)
ok 5 - subscribe-before-announce
  ---
  duration_ms: 3962
  subscriber_connection_id: 650d2cc545e4b58d74069a7b66b7be5e
  publisher_connection_id: 0c3285a51b76b3180cd2c85180157fb3
  ...
[2m2026-09-30T01:46:34.437972Z[0m [32m INFO[0m [2mmoq_native_ietf::quic[0m[2m:[0m UDP socket bound [3mbind[0m[2m=[0m[::]:0 [3mlocal[0m[2m=[0m[::]:49762 [3mdual_stack[0m[2m=[0mtrue
[2m2026-09-30T01:46:34.463111Z[0m [33m WARN[0m [2mweb_transport_quinn::session[0m[2m:[0m unknown capsule [3mtyp[0m[2m=[0m0 [3msize[0m[2m=[0m7
[2m2026-09-30T01:46:34.773204Z[0m [32m INFO[0m [2mmoq_test_client::scenarios[0m[2m:[0m Announcing namespace: moq-test/interop
[2m2026-09-30T01:46:34.773241Z[0m [33m WARN[0m [2mmoq_transport::serve::error[0m[2m:[0m [cdbb2634-3e41-44de-aee8-0f71c2896706] Not implemented: SUBSCRIBE_NAMESPACE at moq-transport/src/session/error.rs:77
[2m2026-09-30T01:46:34.773246Z[0m [33m WARN[0m [2mmoq_transport::session::publisher[0m[2m:[0m failed to process message: serve error: not implemented: Feature not implemented [error:cdbb2634-3e41-44de-aee8-0f71c2896706]
[2m2026-09-30T01:46:34.773255Z[0m [33m WARN[0m [2mmoq_transport::serve::error[0m[2m:[0m [a12418a3-4a83-4991-96e8-d8d3ec089df6] Not implemented: SUBSCRIBE_NAMESPACE at moq-transport/src/session/error.rs:77
[2m2026-09-30T01:46:34.773257Z[0m [33m WARN[0m [2mmoq_transport::session::publisher[0m[2m:[0m failed to process message: serve error: not implemented: Feature not implemented [error:a12418a3-4a83-4991-96e8-d8d3ec089df6]
[2m2026-09-30T01:46:34.773260Z[0m [33m WARN[0m [2mmoq_transport::serve::error[0m[2m:[0m [4e501993-007e-4518-bbc1-cf1220511081] Not implemented: SUBSCRIBE_NAMESPACE at moq-transport/src/session/error.rs:77
[2m2026-09-30T01:46:34.773262Z[0m [33m WARN[0m [2mmoq_transport::session::publisher[0m[2m:[0m failed to process message: serve error: not implemented: Feature not implemented [error:4e501993-007e-4518-bbc1-cf1220511081]
[2m2026-09-30T01:46:36.774540Z[0m [32m INFO[0m [2mmoq_test_client::scenarios[0m[2m:[0m Announce active, now sending PUBLISH_NAMESPACE_DONE
[2m2026-09-30T01:46:36.801184Z[0m [33m WARN[0m [2mweb_transport_quinn::session[0m[2m:[0m unknown capsule [3mtyp[0m[2m=[0m0 [3msize[0m[2m=[0m7
[2m2026-09-30T01:46:36.875768Z[0m [32m INFO[0m [2mmoq_test_client::scenarios[0m[2m:[0m PUBLISH_NAMESPACE_DONE sent successfully
ok 6 - publish-namespace-done
  ---
  duration_ms: 2438
  connection_id: a2f38ed3d3bd02fd5346588977ecc077
  ...
make[1]: Leaving directory '/home/runner/work/moq-interop-runner/moq-interop-runner/main'
