make[1]: Entering directory '/home/runner/work/moq-interop-runner/moq-interop-runner/main'
Running tests against https://draft-18-interop.cloudflare.mediaoverquic.com:443/moq...
  Client: ghcr.io/facebookexperimental/moxygen-interop-client:latest-amd64
docker run --rm \
	 \
	--network host \
	-e RELAY_URL=https://draft-18-interop.cloudflare.mediaoverquic.com:443/moq \
	-e TLS_DISABLE_VERIFY=false \
	ghcr.io/facebookexperimental/moxygen-interop-client:latest-amd64
TAP version 14
# moxygen interop test client
# Relay: https://draft-18-interop.cloudflare.mediaoverquic.com:443/moq
# Transport: WebTransport
# Offered ALPNs: moqt-18, moqt-16, moqt-15, moq-00
1..6
ok 1 - setup-only
  ---
  duration_ms: 304
  negotiated_version: draft-18
  info: SETUP exchange completed successfully
  ...
E0930 01:04:04.704168     1 MoQRelaySession.cpp:1123] PublishNamespaceDone for unknown publishNamespace, sess=0x56209a5fe470
ok 2 - announce-only
  ---
  duration_ms: 284
  negotiated_version: draft-18
  info: PUBLISH_NAMESPACE completed successfully
  ...
E20260930 01:04:04.797542     1 HQSession.cpp:583] Connection closed with error err=91141958510811 msg=Client closed by peer reason= proto=h3, client CID=, server CID=b5b49fedc3a43b7c, local=10.1.1.154:39841, 8.228.3.228:443=upstream, drain=done
E0930 01:04:05.051329     1 MoQSession.cpp:5162] No matching subscribe ID=0 sess=0x56209a6db5c0
ok 3 - subscribe-error
  ---
  duration_ms: 347
  negotiated_version: draft-18
  info: Subscribe correctly returned error: peer FINed without terminal reply
  ...
E20260930 01:04:05.065960     1 HQControlCodec.h:58] Unexpected control stream EOF
E20260930 01:04:05.066035     1 HQSession.cpp:3170] Got error on control stream error=HTTP: Critical stream was closed streamID=3 sess=proto=h3, client CID=, server CID=08bc9f053e8de271, local=10.1.1.154:32902, 8.228.3.228:443=upstream, drain=done
E0930 01:04:05.592224     1 MoQSession.cpp:5162] No matching subscribe ID=0 sess=0x56209a77b720
not ok 4 - announce-subscribe
  ---
  duration_ms: 540
  negotiated_version: draft-18
  error: Subscribe failed: peer FINed without terminal reply
  ...
ok 5 - publish-namespace-done
  ---
  duration_ms: 260
  negotiated_version: draft-18
  info: PUBLISH_NAMESPACE_OK received, PUBLISH_NAMESPACE_DONE sent
  ...
E0930 01:04:06.115348     1 MoQSession.cpp:5162] No matching subscribe ID=0 sess=0x56209a77d610
E20260930 01:04:06.115779     1 HQControlCodec.h:58] Unexpected control stream EOF
E20260930 01:04:06.115844     1 HQSession.cpp:3170] Got error on control stream error=HTTP: Critical stream was closed streamID=3 sess=proto=h3, client CID=, server CID=4784d67bd5f72497, local=10.1.1.154:56387, 8.228.3.228:443=upstream, drain=done
ok 6 - subscribe-before-announce
  ---
  duration_ms: 993
  negotiated_version: draft-18
  info: Subscribe returned error (relay doesn't buffer pending subscriptions): peer FINed without terminal reply
  ...
make[1]: *** [Makefile:122: test-external] Error 1
make[1]: Leaving directory '/home/runner/work/moq-interop-runner/moq-interop-runner/main'
